-- The C compiler identification is GNU 11.4.0
-- The CXX compiler identification is GNU 11.4.0
-- Detecting C compiler ABI info
-- Detecting C compiler ABI info - done
-- Check for working C compiler: /usr/bin/cc - skipped
-- Detecting C compile features
-- Detecting C compile features - done
-- Detecting CXX compiler ABI info
-- Detecting CXX compiler ABI info - done
-- Check for working CXX compiler: /usr/bin/c++ - skipped
-- Detecting CXX compile features
-- Detecting CXX compile features - done
-- Found ament_cmake_ros: 0.10.0 (/opt/ros/humble/share/ament_cmake_ros/cmake)
-- Found Python3: /usr/bin/python3 (found version "3.10.12") found components: Interpreter 
-- Override CMake install command with custom implementation using symlinks instead of copying resources
-- Found ecl_build: 1.0.3 (/opt/ros/humble/share/ecl_build/cmake)
-- Found ecl_concepts: 1.2.1 (/home/wellyowo/locobot_sim/locobot_ws/install/ecl_concepts/share/ecl_concepts/cmake)
-- Found ecl_converters: 1.2.1 (/home/wellyowo/locobot_sim/locobot_ws/install/ecl_converters/share/ecl_converters/cmake)
-- Found ecl_devices: 1.2.1 (/home/wellyowo/locobot_sim/locobot_ws/install/ecl_devices/share/ecl_devices/cmake)
-- Looking for pthread.h
-- Looking for pthread.h - found
-- Performing Test CMAKE_HAVE_LIBC_PTHREAD
-- Performing Test CMAKE_HAVE_LIBC_PTHREAD - Success
-- Found Threads: TRUE  
-- Configuring done
-- Generating done
-- Build files have been written to: /home/wellyowo/locobot_sim/locobot_ws/build/ecl_streams
[ 14%] [32mBuilding CXX object src/lib/CMakeFiles/ecl_streams.dir/log_stream.cpp.o[0m
[ 28%] [32mBuilding CXX object src/lib/CMakeFiles/ecl_streams.dir/manipulators.cpp.o[0m
[ 42%] [32m[1mLinking CXX shared library libecl_streams.so[0m
[ 42%] Built target ecl_streams
[ 57%] [32mBuilding CXX object src/examples/CMakeFiles/ecl_time_example_console_streams.dir/console_streams.cpp.o[0m
[ 71%] [32m[1mLinking CXX executable demo_console_streams[0m
[ 71%] Built target ecl_time_example_console_streams
[ 85%] [32mBuilding CXX object src/examples/CMakeFiles/ecl_time_example_log_streams.dir/log_streams.cpp.o[0m
[100%] [32m[1mLinking CXX executable demo_log_streams[0m
[100%] Built target ecl_time_example_log_streams
-- Install configuration: ""
-- Execute custom install script
-- Symlinking: /home/wellyowo/locobot_sim/locobot_ws/install/ecl_streams/include/ecl/streams/manipulators/clear_screen.hpp
-- Symlinking: /home/wellyowo/locobot_sim/locobot_ws/install/ecl_streams/include/ecl/streams/manipulators/end_of_line.hpp
-- Symlinking: /home/wellyowo/locobot_sim/locobot_ws/install/ecl_streams/include/ecl/streams/manipulators/manipulator.hpp
-- Symlinking: /home/wellyowo/locobot_sim/locobot_ws/install/ecl_streams/include/ecl/streams/text_streams/base_text_stream.hpp
-- Symlinking: /home/wellyowo/locobot_sim/locobot_ws/install/ecl_streams/include/ecl/streams/text_streams/input_text_stream.hpp
-- Symlinking: /home/wellyowo/locobot_sim/locobot_ws/install/ecl_streams/include/ecl/streams/text_streams/output_text_stream.hpp
-- Symlinking: /home/wellyowo/locobot_sim/locobot_ws/install/ecl_streams/include/ecl/streams/console_streams.hpp
-- Symlinking: /home/wellyowo/locobot_sim/locobot_ws/install/ecl_streams/include/ecl/streams/file_streams.hpp
-- Symlinking: /home/wellyowo/locobot_sim/locobot_ws/install/ecl_streams/include/ecl/streams/log_stream.hpp
-- Symlinking: /home/wellyowo/locobot_sim/locobot_ws/install/ecl_streams/include/ecl/streams/macros.hpp
-- Symlinking: /home/wellyowo/locobot_sim/locobot_ws/install/ecl_streams/include/ecl/streams/manipulators.hpp
-- Symlinking: /home/wellyowo/locobot_sim/locobot_ws/install/ecl_streams/include/ecl/streams/serial_stream.hpp
-- Symlinking: /home/wellyowo/locobot_sim/locobot_ws/install/ecl_streams/include/ecl/streams/shared_file_stream.hpp
-- Symlinking: /home/wellyowo/locobot_sim/locobot_ws/install/ecl_streams/include/ecl/streams/socket_streams.hpp
-- Symlinking: /home/wellyowo/locobot_sim/locobot_ws/install/ecl_streams/include/ecl/streams/string_stream.hpp
-- Symlinking: /home/wellyowo/locobot_sim/locobot_ws/install/ecl_streams/include/ecl/streams/text_stream.hpp
-- Symlinking: /home/wellyowo/locobot_sim/locobot_ws/install/ecl_streams/include/ecl/streams.hpp
-- Symlinking: /home/wellyowo/locobot_sim/locobot_ws/install/ecl_streams/lib/ecl_streams/demo_console_streams
-- Symlinking: /home/wellyowo/locobot_sim/locobot_ws/install/ecl_streams/lib/ecl_streams/demo_log_streams
-- Symlinking: /home/wellyowo/locobot_sim/locobot_ws/install/ecl_streams/share/ecl_streams/environment/library_path.sh
-- Symlinking: /home/wellyowo/locobot_sim/locobot_ws/install/ecl_streams/share/ecl_streams/environment/library_path.dsv
-- Symlinking: /home/wellyowo/locobot_sim/locobot_ws/install/ecl_streams/share/ament_index/resource_index/package_run_dependencies/ecl_streams
-- Symlinking: /home/wellyowo/locobot_sim/locobot_ws/install/ecl_streams/share/ament_index/resource_index/parent_prefix_path/ecl_streams
-- Symlinking: /home/wellyowo/locobot_sim/locobot_ws/install/ecl_streams/share/ecl_streams/environment/ament_prefix_path.sh
-- Symlinking: /home/wellyowo/locobot_sim/locobot_ws/install/ecl_streams/share/ecl_streams/environment/ament_prefix_path.dsv
-- Symlinking: /home/wellyowo/locobot_sim/locobot_ws/install/ecl_streams/share/ecl_streams/environment/path.sh
-- Symlinking: /home/wellyowo/locobot_sim/locobot_ws/install/ecl_streams/share/ecl_streams/environment/path.dsv
-- Symlinking: /home/wellyowo/locobot_sim/locobot_ws/install/ecl_streams/share/ecl_streams/local_setup.bash
-- Symlinking: /home/wellyowo/locobot_sim/locobot_ws/install/ecl_streams/share/ecl_streams/local_setup.sh
-- Symlinking: /home/wellyowo/locobot_sim/locobot_ws/install/ecl_streams/share/ecl_streams/local_setup.zsh
-- Symlinking: /home/wellyowo/locobot_sim/locobot_ws/install/ecl_streams/share/ecl_streams/local_setup.dsv
-- Symlinking: /home/wellyowo/locobot_sim/locobot_ws/install/ecl_streams/share/ecl_streams/package.dsv
-- Symlinking: /home/wellyowo/locobot_sim/locobot_ws/install/ecl_streams/share/ament_index/resource_index/packages/ecl_streams
-- Symlinking: /home/wellyowo/locobot_sim/locobot_ws/install/ecl_streams/share/ecl_streams/cmake/ament_cmake_export_targets-extras.cmake
-- Symlinking: /home/wellyowo/locobot_sim/locobot_ws/install/ecl_streams/share/ecl_streams/cmake/ament_cmake_export_include_directories-extras.cmake
-- Symlinking: /home/wellyowo/locobot_sim/locobot_ws/install/ecl_streams/share/ecl_streams/cmake/ament_cmake_export_libraries-extras.cmake
-- Symlinking: /home/wellyowo/locobot_sim/locobot_ws/install/ecl_streams/share/ecl_streams/cmake/ament_cmake_export_dependencies-extras.cmake
-- Symlinking: /home/wellyowo/locobot_sim/locobot_ws/install/ecl_streams/share/ecl_streams/cmake/ecl_streamsConfig.cmake
-- Symlinking: /home/wellyowo/locobot_sim/locobot_ws/install/ecl_streams/share/ecl_streams/cmake/ecl_streamsConfig-version.cmake
-- Symlinking: /home/wellyowo/locobot_sim/locobot_ws/install/ecl_streams/share/ecl_streams/package.xml
-- Installing: /home/wellyowo/locobot_sim/locobot_ws/install/ecl_streams/share/ecl_streams/cmake/ecl_streamsExport.cmake
-- Installing: /home/wellyowo/locobot_sim/locobot_ws/install/ecl_streams/share/ecl_streams/cmake/ecl_streamsExport-noconfig.cmake
-- Installing: /home/wellyowo/locobot_sim/locobot_ws/install/ecl_streams/lib/libecl_streams.so.1.2.1
-- Set runtime path of "/home/wellyowo/locobot_sim/locobot_ws/install/ecl_streams/lib/libecl_streams.so.1.2.1" to ""
-- Installing: /home/wellyowo/locobot_sim/locobot_ws/install/ecl_streams/lib/libecl_streams.so
