[0.212s] Invoking command in '/home/wellyowo/locobot_sim/locobot_ws/build/kobuki_description': CMAKE_PREFIX_PATH=/opt/ros/humble /usr/bin/cmake /home/wellyowo/locobot_sim/locobot_ws/src/ThirdParty/kobuki_ros/kobuki_description -DBUILD_TESTING=OFF -DCMAKE_PREFIX_PATH= -DAMENT_CMAKE_SYMLINK_INSTALL=1 -DCMAKE_INSTALL_PREFIX=/home/wellyowo/locobot_sim/locobot_ws/install/kobuki_description
[0.296s] -- The C compiler identification is GNU 11.4.0
[0.374s] -- The CXX compiler identification is GNU 11.4.0
[0.389s] -- Detecting C compiler ABI info
[0.502s] -- Detecting C compiler ABI info - done
[0.518s] -- Check for working C compiler: /usr/bin/cc - skipped
[0.518s] -- Detecting C compile features
[0.518s] -- Detecting C compile features - done
[0.524s] -- Detecting CXX compiler ABI info
[0.657s] -- Detecting CXX compiler ABI info - done
[0.671s] -- Check for working CXX compiler: /usr/bin/c++ - skipped
[0.673s] -- Detecting CXX compile features
[0.673s] -- Detecting CXX compile features - done
[0.693s] -- Found ament_cmake: 1.3.11 (/opt/ros/humble/share/ament_cmake/cmake)
[1.055s] -- Found Python3: /usr/bin/python3 (found version "3.10.12") found components: Interpreter 
[1.144s] -- Override CMake install command with custom implementation using symlinks instead of copying resources
[1.578s] -- Configuring done
[1.586s] -- Generating done
[1.592s] -- Build files have been written to: /home/wellyowo/locobot_sim/locobot_ws/build/kobuki_description
[1.601s] Invoked command in '/home/wellyowo/locobot_sim/locobot_ws/build/kobuki_description' returned '0': CMAKE_PREFIX_PATH=/opt/ros/humble /usr/bin/cmake /home/wellyowo/locobot_sim/locobot_ws/src/ThirdParty/kobuki_ros/kobuki_description -DBUILD_TESTING=OFF -DCMAKE_PREFIX_PATH= -DAMENT_CMAKE_SYMLINK_INSTALL=1 -DCMAKE_INSTALL_PREFIX=/home/wellyowo/locobot_sim/locobot_ws/install/kobuki_description
[1.601s] Invoking command in '/home/wellyowo/locobot_sim/locobot_ws/build/kobuki_description': CMAKE_PREFIX_PATH=/opt/ros/humble /usr/bin/cmake --build /home/wellyowo/locobot_sim/locobot_ws/build/kobuki_description -- -j16 -l16
[3.653s] Invoked command in '/home/wellyowo/locobot_sim/locobot_ws/build/kobuki_description' returned '0': CMAKE_PREFIX_PATH=/opt/ros/humble /usr/bin/cmake --build /home/wellyowo/locobot_sim/locobot_ws/build/kobuki_description -- -j16 -l16
[3.655s] Invoking command in '/home/wellyowo/locobot_sim/locobot_ws/build/kobuki_description': CMAKE_PREFIX_PATH=/opt/ros/humble /usr/bin/cmake --install /home/wellyowo/locobot_sim/locobot_ws/build/kobuki_description
[4.249s] -- Install configuration: ""
[4.250s] -- Execute custom install script
[4.251s] -- Symlinking: /home/wellyowo/locobot_sim/locobot_ws/install/kobuki_description/share/kobuki_description/launch/kobuki_astra_description.launch.py
[4.251s] -- Symlinking: /home/wellyowo/locobot_sim/locobot_ws/install/kobuki_description/share/kobuki_description/launch/kobuki_description.launch.py
[4.251s] -- Symlinking: /home/wellyowo/locobot_sim/locobot_ws/install/kobuki_description/share/kobuki_description/launch/kobuki_xtion_description.launch.py
[4.251s] -- Symlinking: /home/wellyowo/locobot_sim/locobot_ws/install/kobuki_description/share/kobuki_description/launch/spawn.launch.py
[4.251s] -- Symlinking: /home/wellyowo/locobot_sim/locobot_ws/install/kobuki_description/share/kobuki_description/meshes/images/main_body.jpg
[4.252s] -- Symlinking: /home/wellyowo/locobot_sim/locobot_ws/install/kobuki_description/share/kobuki_description/meshes/images/wheel.jpg
[4.255s] -- Symlinking: /home/wellyowo/locobot_sim/locobot_ws/install/kobuki_description/share/kobuki_description/meshes/main_body.dae
[4.255s] -- Symlinking: /home/wellyowo/locobot_sim/locobot_ws/install/kobuki_description/share/kobuki_description/meshes/sensors/0_xtion_pro.jpg
[4.255s] -- Symlinking: /home/wellyowo/locobot_sim/locobot_ws/install/kobuki_description/share/kobuki_description/meshes/sensors/astra.dae
[4.258s] -- Symlinking: /home/wellyowo/locobot_sim/locobot_ws/install/kobuki_description/share/kobuki_description/meshes/sensors/astra.jpg
[4.258s] -- Symlinking: /home/wellyowo/locobot_sim/locobot_ws/install/kobuki_description/share/kobuki_description/meshes/sensors/asus_xtion_pro_live.dae
[4.258s] -- Symlinking: /home/wellyowo/locobot_sim/locobot_ws/install/kobuki_description/share/kobuki_description/meshes/sensors/asus_xtion_pro_live.png
[4.258s] -- Symlinking: /home/wellyowo/locobot_sim/locobot_ws/install/kobuki_description/share/kobuki_description/meshes/sensors/kinect.dae
[4.258s] -- Symlinking: /home/wellyowo/locobot_sim/locobot_ws/install/kobuki_description/share/kobuki_description/meshes/sensors/kinect.jpg
[4.258s] -- Symlinking: /home/wellyowo/locobot_sim/locobot_ws/install/kobuki_description/share/kobuki_description/meshes/sensors/kinect.tga
[4.260s] -- Symlinking: /home/wellyowo/locobot_sim/locobot_ws/install/kobuki_description/share/kobuki_description/meshes/sensors/r200.dae
[4.278s] -- Symlinking: /home/wellyowo/locobot_sim/locobot_ws/install/kobuki_description/share/kobuki_description/meshes/sensors/r200.jpg
[4.312s] -- Symlinking: /home/wellyowo/locobot_sim/locobot_ws/install/kobuki_description/share/kobuki_description/meshes/sensors/r200_bracket.stl
[4.338s] -- Symlinking: /home/wellyowo/locobot_sim/locobot_ws/install/kobuki_description/share/kobuki_description/meshes/sensors/r200_bracket_end.stl
[4.364s] -- Symlinking: /home/wellyowo/locobot_sim/locobot_ws/install/kobuki_description/share/kobuki_description/meshes/sensors/rplidar.dae
[4.378s] -- Symlinking: /home/wellyowo/locobot_sim/locobot_ws/install/kobuki_description/share/kobuki_description/meshes/sensors/sensor_pole.dae
[4.435s] -- Symlinking: /home/wellyowo/locobot_sim/locobot_ws/install/kobuki_description/share/kobuki_description/meshes/sensors/xtion_pro.jpg
[4.475s] -- Symlinking: /home/wellyowo/locobot_sim/locobot_ws/install/kobuki_description/share/kobuki_description/meshes/sensors/xtion_pro_camera.dae
[4.517s] -- Symlinking: /home/wellyowo/locobot_sim/locobot_ws/install/kobuki_description/share/kobuki_description/meshes/sensors/xtion_pro_camera.jpg
[4.556s] -- Symlinking: /home/wellyowo/locobot_sim/locobot_ws/install/kobuki_description/share/kobuki_description/meshes/sensors/xtion_pro_stack.dae
[4.613s] -- Symlinking: /home/wellyowo/locobot_sim/locobot_ws/install/kobuki_description/share/kobuki_description/meshes/stacks/circles/68-02403-125_Spacer.dae
[4.652s] -- Symlinking: /home/wellyowo/locobot_sim/locobot_ws/install/kobuki_description/share/kobuki_description/meshes/stacks/circles/68-02421-8000-RA_Turtlebot_F-F_Standoff.dae
[4.688s] -- Symlinking: /home/wellyowo/locobot_sim/locobot_ws/install/kobuki_description/share/kobuki_description/meshes/stacks/circles/68-02421-8000-RA_Turtlebot_F-F_Standoff_color.png
[4.720s] -- Symlinking: /home/wellyowo/locobot_sim/locobot_ws/install/kobuki_description/share/kobuki_description/meshes/stacks/circles/68-04552-1000-RA_Turtlebot_M-F_Standoff.dae
[4.773s] -- Symlinking: /home/wellyowo/locobot_sim/locobot_ws/install/kobuki_description/share/kobuki_description/meshes/stacks/circles/68-04552-1000-RA_Turtlebot_M-F_Standoff_color.png
[4.809s] -- Symlinking: /home/wellyowo/locobot_sim/locobot_ws/install/kobuki_description/share/kobuki_description/meshes/stacks/circles/68-04552-2000-RA_Turtlebot_M-F_Standoff.dae
[4.890s] -- Symlinking: /home/wellyowo/locobot_sim/locobot_ws/install/kobuki_description/share/kobuki_description/meshes/stacks/circles/68-04552-2000-RA_Turtlebot_M-F_Standoff_color.png
[4.932s] -- Symlinking: /home/wellyowo/locobot_sim/locobot_ws/install/kobuki_description/share/kobuki_description/meshes/stacks/circles/68-04556-RA_Kinect_Standoff_Assy.3ds
[5.016s] -- Symlinking: /home/wellyowo/locobot_sim/locobot_ws/install/kobuki_description/share/kobuki_description/meshes/stacks/circles/68-04556-RA_Kinect_Standoff_Assy.dae
[5.044s] -- Symlinking: /home/wellyowo/locobot_sim/locobot_ws/install/kobuki_description/share/kobuki_description/meshes/stacks/circles/plate_0_logo.dae
[5.087s] -- Symlinking: /home/wellyowo/locobot_sim/locobot_ws/install/kobuki_description/share/kobuki_description/meshes/stacks/circles/plate_0_logo.tga
[5.165s] -- Symlinking: /home/wellyowo/locobot_sim/locobot_ws/install/kobuki_description/share/kobuki_description/meshes/stacks/circles/plate_1_logo.dae
[5.199s] -- Symlinking: /home/wellyowo/locobot_sim/locobot_ws/install/kobuki_description/share/kobuki_description/meshes/stacks/circles/plate_1_logo.tga
[5.235s] -- Symlinking: /home/wellyowo/locobot_sim/locobot_ws/install/kobuki_description/share/kobuki_description/meshes/stacks/circles/plate_2_logo.dae
[5.274s] -- Symlinking: /home/wellyowo/locobot_sim/locobot_ws/install/kobuki_description/share/kobuki_description/meshes/stacks/circles/plate_2_logo.tga
[5.303s] -- Symlinking: /home/wellyowo/locobot_sim/locobot_ws/install/kobuki_description/share/kobuki_description/meshes/stacks/hexagons/images/1f_pole.jpg
[5.401s] -- Symlinking: /home/wellyowo/locobot_sim/locobot_ws/install/kobuki_description/share/kobuki_description/meshes/stacks/hexagons/images/1f_stack.jpg
[5.468s] -- Symlinking: /home/wellyowo/locobot_sim/locobot_ws/install/kobuki_description/share/kobuki_description/meshes/stacks/hexagons/images/2f_pole.jpg
[5.505s] -- Symlinking: /home/wellyowo/locobot_sim/locobot_ws/install/kobuki_description/share/kobuki_description/meshes/stacks/hexagons/images/2f_stack.jpg
[5.541s] -- Symlinking: /home/wellyowo/locobot_sim/locobot_ws/install/kobuki_description/share/kobuki_description/meshes/stacks/hexagons/images/3f_pole.jpg
[5.565s] -- Symlinking: /home/wellyowo/locobot_sim/locobot_ws/install/kobuki_description/share/kobuki_description/meshes/stacks/hexagons/images/3f_stack.jpg
[5.597s] -- Symlinking: /home/wellyowo/locobot_sim/locobot_ws/install/kobuki_description/share/kobuki_description/meshes/stacks/hexagons/images/3f_stack1.jpg
[5.633s] -- Symlinking: /home/wellyowo/locobot_sim/locobot_ws/install/kobuki_description/share/kobuki_description/meshes/stacks/hexagons/images/kinect_pole.jpg
[5.666s] -- Symlinking: /home/wellyowo/locobot_sim/locobot_ws/install/kobuki_description/share/kobuki_description/meshes/stacks/hexagons/images/kinect_pole_old.jpg
[5.692s] -- Symlinking: /home/wellyowo/locobot_sim/locobot_ws/install/kobuki_description/share/kobuki_description/meshes/stacks/hexagons/plate_bottom.dae
[5.730s] -- Symlinking: /home/wellyowo/locobot_sim/locobot_ws/install/kobuki_description/share/kobuki_description/meshes/stacks/hexagons/plate_middle.dae
[5.768s] -- Symlinking: /home/wellyowo/locobot_sim/locobot_ws/install/kobuki_description/share/kobuki_description/meshes/stacks/hexagons/plate_top.dae
[5.795s] -- Symlinking: /home/wellyowo/locobot_sim/locobot_ws/install/kobuki_description/share/kobuki_description/meshes/stacks/hexagons/pole_bottom.dae
[5.817s] -- Symlinking: /home/wellyowo/locobot_sim/locobot_ws/install/kobuki_description/share/kobuki_description/meshes/stacks/hexagons/pole_kinect.dae
[5.854s] -- Symlinking: /home/wellyowo/locobot_sim/locobot_ws/install/kobuki_description/share/kobuki_description/meshes/stacks/hexagons/pole_middle.dae
[5.883s] -- Symlinking: /home/wellyowo/locobot_sim/locobot_ws/install/kobuki_description/share/kobuki_description/meshes/stacks/hexagons/pole_top.dae
[5.907s] -- Symlinking: /home/wellyowo/locobot_sim/locobot_ws/install/kobuki_description/share/kobuki_description/meshes/wheel.dae
[5.943s] -- Symlinking: /home/wellyowo/locobot_sim/locobot_ws/install/kobuki_description/share/kobuki_description/rviz/model.rviz
[5.978s] -- Symlinking: /home/wellyowo/locobot_sim/locobot_ws/install/kobuki_description/share/kobuki_description/urdf/asus_xtion_pro_offset.urdf.xacro
[6.013s] -- Symlinking: /home/wellyowo/locobot_sim/locobot_ws/install/kobuki_description/share/kobuki_description/urdf/common_properties.urdf.xacro
[6.032s] -- Symlinking: /home/wellyowo/locobot_sim/locobot_ws/install/kobuki_description/share/kobuki_description/urdf/hexagons.urdf.xacro
[6.071s] -- Symlinking: /home/wellyowo/locobot_sim/locobot_ws/install/kobuki_description/share/kobuki_description/urdf/kobuki.urdf.xacro
[6.140s] -- Symlinking: /home/wellyowo/locobot_sim/locobot_ws/install/kobuki_description/share/kobuki_description/urdf/kobuki_gazebo.urdf.xacro
[6.176s] -- Symlinking: /home/wellyowo/locobot_sim/locobot_ws/install/kobuki_description/share/kobuki_description/urdf/kobuki_hexagons_asus_xtion_pro.urdf.xacro
[6.231s] -- Symlinking: /home/wellyowo/locobot_sim/locobot_ws/install/kobuki_description/share/kobuki_description/urdf/kobuki_hexagons_asus_xtion_pro_sim.urdf.xacro
[6.274s] -- Symlinking: /home/wellyowo/locobot_sim/locobot_ws/install/kobuki_description/share/kobuki_description/urdf/kobuki_standalone.urdf.xacro
[6.323s] -- Symlinking: /home/wellyowo/locobot_sim/locobot_ws/install/kobuki_description/share/kobuki_description/urdf/sensors/astra.urdf.xacro
[6.369s] -- Symlinking: /home/wellyowo/locobot_sim/locobot_ws/install/kobuki_description/share/kobuki_description/urdf/sensors/asus_xtion_pro.urdf.xacro
[6.398s] -- Symlinking: /home/wellyowo/locobot_sim/locobot_ws/install/kobuki_description/share/kobuki_description/urdf/sensors/asus_xtion_pro_offset.urdf.xacro
[6.430s] -- Symlinking: /home/wellyowo/locobot_sim/locobot_ws/install/kobuki_description/share/kobuki_description/urdf/sensors/kinect.urdf.xacro
[6.467s] -- Symlinking: /home/wellyowo/locobot_sim/locobot_ws/install/kobuki_description/share/kobuki_description/urdf/sensors/r200.urdf.xacro
[6.492s] -- Symlinking: /home/wellyowo/locobot_sim/locobot_ws/install/kobuki_description/share/kobuki_description/urdf/stacks/circles.urdf.xacro
[6.524s] -- Symlinking: /home/wellyowo/locobot_sim/locobot_ws/install/kobuki_description/share/kobuki_description/urdf/stacks/hexagons.urdf.xacro
[6.539s] -- Symlinking: /home/wellyowo/locobot_sim/locobot_ws/install/kobuki_description/share/kobuki_description/urdf/turtlebot_common_library.urdf.xacro
[6.579s] -- Symlinking: /home/wellyowo/locobot_sim/locobot_ws/install/kobuki_description/share/kobuki_description/urdf/turtlebot_gazebo.urdf.xacro
[6.606s] -- Symlinking: /home/wellyowo/locobot_sim/locobot_ws/install/kobuki_description/share/kobuki_description/urdf/turtlebot_properties.urdf.xacro
[6.631s] -- Symlinking: /home/wellyowo/locobot_sim/locobot_ws/install/kobuki_description/share/ament_index/resource_index/package_run_dependencies/kobuki_description
[6.648s] -- Symlinking: /home/wellyowo/locobot_sim/locobot_ws/install/kobuki_description/share/ament_index/resource_index/parent_prefix_path/kobuki_description
[6.680s] -- Symlinking: /home/wellyowo/locobot_sim/locobot_ws/install/kobuki_description/share/kobuki_description/environment/ament_prefix_path.sh
[6.741s] -- Symlinking: /home/wellyowo/locobot_sim/locobot_ws/install/kobuki_description/share/kobuki_description/environment/ament_prefix_path.dsv
[6.763s] -- Symlinking: /home/wellyowo/locobot_sim/locobot_ws/install/kobuki_description/share/kobuki_description/environment/path.sh
[6.805s] -- Symlinking: /home/wellyowo/locobot_sim/locobot_ws/install/kobuki_description/share/kobuki_description/environment/path.dsv
[6.847s] -- Symlinking: /home/wellyowo/locobot_sim/locobot_ws/install/kobuki_description/share/kobuki_description/local_setup.bash
[6.866s] -- Symlinking: /home/wellyowo/locobot_sim/locobot_ws/install/kobuki_description/share/kobuki_description/local_setup.sh
[6.905s] -- Symlinking: /home/wellyowo/locobot_sim/locobot_ws/install/kobuki_description/share/kobuki_description/local_setup.zsh
[6.940s] -- Symlinking: /home/wellyowo/locobot_sim/locobot_ws/install/kobuki_description/share/kobuki_description/local_setup.dsv
[6.970s] -- Symlinking: /home/wellyowo/locobot_sim/locobot_ws/install/kobuki_description/share/kobuki_description/package.dsv
[6.999s] -- Symlinking: /home/wellyowo/locobot_sim/locobot_ws/install/kobuki_description/share/ament_index/resource_index/packages/kobuki_description
[7.038s] -- Symlinking: /home/wellyowo/locobot_sim/locobot_ws/install/kobuki_description/share/kobuki_description/cmake/kobuki_descriptionConfig.cmake
[7.061s] -- Symlinking: /home/wellyowo/locobot_sim/locobot_ws/install/kobuki_description/share/kobuki_description/cmake/kobuki_descriptionConfig-version.cmake
[7.098s] -- Symlinking: /home/wellyowo/locobot_sim/locobot_ws/install/kobuki_description/share/kobuki_description/package.xml
[7.251s] Invoked command in '/home/wellyowo/locobot_sim/locobot_ws/build/kobuki_description' returned '0': CMAKE_PREFIX_PATH=/opt/ros/humble /usr/bin/cmake --install /home/wellyowo/locobot_sim/locobot_ws/build/kobuki_description
