[0.041s] Invoking command in '/home/wellyowo/locobot_sim/locobot_ws/src/build/ecl_config': CMAKE_PREFIX_PATH=/opt/ros/humble /usr/bin/cmake /home/wellyowo/locobot_sim/locobot_ws/src/ThirdParty/ecl/ecl_lite/ecl_config -DCMAKE_INSTALL_PREFIX=/home/wellyowo/locobot_sim/locobot_ws/src/install/ecl_config
[0.233s] -- The C compiler identification is GNU 11.4.0
[0.233s] -- The CXX compiler identification is GNU 11.4.0
[0.233s] -- Detecting C compiler ABI info
[0.233s] -- Detecting C compiler ABI info - done
[0.234s] -- Check for working C compiler: /usr/bin/cc - skipped
[0.234s] -- Detecting C compile features
[0.234s] -- Detecting C compile features - done
[0.234s] -- Detecting CXX compiler ABI info
[0.240s] -- Detecting CXX compiler ABI info - done
[0.252s] -- Check for working CXX compiler: /usr/bin/c++ - skipped
[0.252s] -- Detecting CXX compile features
[0.253s] -- Detecting CXX compile features - done
[0.255s] -- Found ament_cmake_ros: 0.10.0 (/opt/ros/humble/share/ament_cmake_ros/cmake)
[0.543s] -- Found Python3: /usr/bin/python3 (found version "3.10.12") found components: Interpreter 
[0.929s] -- Found ecl_build: 1.0.3 (/opt/ros/humble/share/ecl_build/cmake)
[0.949s] -- Looking for _POSIX_VERSION
[1.218s] -- Looking for _POSIX_VERSION - found
[1.223s] -- Looking for realpath in rt
[1.465s] -- Looking for realpath in rt - found
[1.465s] -- Looking for clock_nanosleep in rt
[1.716s] -- Looking for clock_nanosleep in rt - found
[1.716s] -- Looking for clock_gettime in rt
[1.888s] -- Looking for clock_gettime in rt - found
[1.888s] -- Looking for pthread_mutex_timedlock in pthread
[2.045s] -- Looking for pthread_mutex_timedlock in pthread - found
[2.045s] -- Looking for nanosleep in pthread
[2.206s] -- Looking for nanosleep in pthread - found
[2.206s] -- Looking for shm_open in rt
[2.378s] -- Looking for shm_open in rt - found
[2.379s] -- Looking for sched_setscheduler in pthread
[2.560s] -- Looking for sched_setscheduler in pthread - found
[2.561s] -- Looking for sem_timedwait in pthread
[2.787s] -- Looking for sem_timedwait in pthread - found
[2.788s] -- Looking for sem_init in pthread
[3.026s] -- Looking for sem_init in pthread - found
[3.026s] -- Looking for CLOCK_MONOTONIC
[3.213s] -- Looking for CLOCK_MONOTONIC - found
[3.214s] -- Looking for CLOCK_PROCESS_CPUTIME_ID
[3.421s] -- Looking for CLOCK_PROCESS_CPUTIME_ID - found
[3.426s] -- Looking for pthread.h
[3.644s] -- Looking for pthread.h - found
[3.645s] -- Performing Test CMAKE_HAVE_LIBC_PTHREAD
[3.885s] -- Performing Test CMAKE_HAVE_LIBC_PTHREAD - Success
[3.885s] -- Found Threads: TRUE  
[3.892s] -- Looking for sys/types.h
[4.103s] -- Looking for sys/types.h - found
[4.103s] -- Looking for stdint.h
[4.299s] -- Looking for stdint.h - found
[4.299s] -- Looking for stddef.h
[4.504s] -- Looking for stddef.h - found
[4.504s] -- Check size of char
[4.780s] -- Check size of char - done
[4.787s] -- Check size of short
[5.209s] -- Check size of short - done
[5.210s] -- Check size of int
[5.510s] -- Check size of int - done
[5.511s] -- Check size of long
[5.769s] -- Check size of long - done
[5.769s] -- Check size of long long
[6.101s] -- Check size of long long - done
[6.101s] -- Check size of float
[6.345s] -- Check size of float - done
[6.356s] -- Check size of double
[6.716s] -- Check size of double - done
[6.716s] -- Check size of long double
[7.036s] -- Check size of long double - done
[7.070s] -- -------------------------------------------------------------------
[7.070s] -- Platform Summary
[7.070s] -- -------------------------------------------------------------------
[7.071s] -- 
[7.071s] -- System type.....................posix
[7.071s] -- Operating System................Linux-6.8.0-60-generic
[7.071s] -- Timer model.....................real-time
[7.071s] -- Thread model....................posix
[7.071s] -- Size of char....................1
[7.071s] -- Size of short...................2
[7.071s] -- Size of int.....................4
[7.071s] -- Size of long....................8
[7.071s] -- Size of long long...............8
[7.071s] -- Size of float...................4
[7.071s] -- Size of double..................8
[7.071s] -- Size of long double.............16
[7.071s] -- Size of pointer.................64-bit
[7.071s] -- Endianness......................little-endian
[7.072s] -- 
[7.072s] -- -------------------------------------------------------------------
[7.072s] -- Posix Specifications
[7.072s] -- -------------------------------------------------------------------
[7.072s] -- 
[7.072s] -- Clock selection.................yes
[7.072s] -- Monotonic clock.................yes
[7.072s] -- Priority scheduling.............yes
[7.072s] -- Semaphores......................yes
[7.072s] -- Shared memory objects...........yes
[7.072s] -- Timers..........................yes
[7.073s] -- Timeouts........................yes
[7.073s] --  - clock_gettime................yes
[7.073s] --  - clock_nanosleep..............yes
[7.073s] --  - nanosleep....................yes
[7.073s] --  - pthread_mutex_timedlock......yes
[7.073s] --  - sched_setscheduler...........yes
[7.073s] --  - sem_init.....................yes
[7.073s] --  - sem_timedwait................yes
[7.073s] --  - shm_open.....................yes
[7.073s] -- 
[7.073s] -- -------------------------------------------------------------------
[7.073s] -- Build Environment
[7.073s] -- -------------------------------------------------------------------
[7.073s] -- 
[7.073s] -- Compiler......................../usr/bin/c++
[7.073s] --  - version......................c++ (Ubuntu 11.4.0-1ubuntu1~22.04) 11.4.0
[7.076s] Copyright (C) 2021 Free Software Foundation, Inc.
[7.076s] This is free software see the source for copying conditions.  There is NO
[7.076s] warranty not even for MERCHANTABILITY or FITNESS FOR A PARTICULAR PURPOSE.
[7.076s] 
[7.076s] 
[7.076s] -- 
[7.101s] -- Found ament_lint_auto: 0.12.12 (/opt/ros/humble/share/ament_lint_auto/cmake)
[7.524s] -- Found gtest sources under '/opt/ros/humble/src/gtest_vendor': C++ tests using 'Google Test' will be built
[8.031s] -- Configuring done
[8.101s] -- Generating done
[8.141s] -- Build files have been written to: /home/wellyowo/locobot_sim/locobot_ws/src/build/ecl_config
[8.211s] Invoked command in '/home/wellyowo/locobot_sim/locobot_ws/src/build/ecl_config' returned '0': CMAKE_PREFIX_PATH=/opt/ros/humble /usr/bin/cmake /home/wellyowo/locobot_sim/locobot_ws/src/ThirdParty/ecl/ecl_lite/ecl_config -DCMAKE_INSTALL_PREFIX=/home/wellyowo/locobot_sim/locobot_ws/src/install/ecl_config
[8.212s] Invoking command in '/home/wellyowo/locobot_sim/locobot_ws/src/build/ecl_config': CMAKE_PREFIX_PATH=/opt/ros/humble /usr/bin/cmake --build /home/wellyowo/locobot_sim/locobot_ws/src/build/ecl_config -- -j16 -l16
[22.895s] [  6%] [32mBuilding CXX object src/utilities/CMakeFiles/ecl_detect_endian.dir/detect_endian.cpp.o[0m
[22.896s] [ 12%] [32mBuilding CXX object gtest/CMakeFiles/gtest_main.dir/src/gtest_main.cc.o[0m
[22.896s] [ 18%] [32mBuilding CXX object gtest/CMakeFiles/gtest.dir/src/gtest-all.cc.o[0m
[22.896s] [ 25%] [32mBuilding CXX object src/utilities/CMakeFiles/ecl_detect_posix.dir/detect_posix.cpp.o[0m
[22.896s] [ 31%] [32m[1mLinking CXX executable bin/ecl_detect_endian[0m
[22.896s] [ 31%] Built target ecl_detect_endian
[22.896s] [ 37%] [32m[1mLinking CXX executable bin/ecl_detect_posix[0m
[22.896s] [ 37%] Built target ecl_detect_posix
[22.896s] [ 43%] [32m[1mLinking CXX static library libgtest_main.a[0m
[22.896s] [ 43%] Built target gtest_main
[31.373s] [ 50%] [32m[1mLinking CXX static library libgtest.a[0m
[31.572s] [ 50%] Built target gtest
[31.640s] [ 56%] [32mBuilding CXX object src/test/CMakeFiles/ecl_test_char_sign.dir/char_sign.cpp.o[0m
[33.055s] [ 62%] [32m[1mLinking CXX executable ecl_test_char_sign[0m
[34.243s] [ 62%] Built target ecl_test_char_sign
[34.323s] [ 68%] [32mBuilding CXX object src/test/CMakeFiles/ecl_test_portable_types.dir/portable_types.cpp.o[0m
[35.603s] [ 75%] [32m[1mLinking CXX executable ecl_test_portable_types[0m
[36.029s] [ 75%] Built target ecl_test_portable_types
[36.071s] [ 81%] [32mBuilding CXX object src/test/CMakeFiles/ecl_test_macros.dir/macros.cpp.o[0m
[37.851s] [ 87%] [32m[1mLinking CXX executable ecl_test_macros[0m
[38.317s] [ 87%] Built target ecl_test_macros
[38.381s] [ 93%] [32mBuilding CXX object src/test/CMakeFiles/ecl_test_endianness.dir/endianness.cpp.o[0m
[41.656s] [100%] [32m[1mLinking CXX executable ecl_test_endianness[0m
[42.181s] [100%] Built target ecl_test_endianness
[42.243s] Invoked command in '/home/wellyowo/locobot_sim/locobot_ws/src/build/ecl_config' returned '0': CMAKE_PREFIX_PATH=/opt/ros/humble /usr/bin/cmake --build /home/wellyowo/locobot_sim/locobot_ws/src/build/ecl_config -- -j16 -l16
[42.245s] Invoking command in '/home/wellyowo/locobot_sim/locobot_ws/src/build/ecl_config': CMAKE_PREFIX_PATH=/opt/ros/humble /usr/bin/cmake --install /home/wellyowo/locobot_sim/locobot_ws/src/build/ecl_config
[66.051s] -- Install configuration: ""
[66.051s] -- Installing: /home/wellyowo/locobot_sim/locobot_ws/src/install/ecl_config/share/ament_index/resource_index/package_run_dependencies/ecl_config
[66.051s] -- Installing: /home/wellyowo/locobot_sim/locobot_ws/src/install/ecl_config/share/ament_index/resource_index/parent_prefix_path/ecl_config
[66.051s] -- Installing: /home/wellyowo/locobot_sim/locobot_ws/src/install/ecl_config/share/ecl_config/environment/ament_prefix_path.sh
[66.051s] -- Installing: /home/wellyowo/locobot_sim/locobot_ws/src/install/ecl_config/share/ecl_config/environment/ament_prefix_path.dsv
[66.051s] -- Installing: /home/wellyowo/locobot_sim/locobot_ws/src/install/ecl_config/share/ecl_config/environment/path.sh
[66.052s] -- Installing: /home/wellyowo/locobot_sim/locobot_ws/src/install/ecl_config/share/ecl_config/environment/path.dsv
[66.052s] -- Installing: /home/wellyowo/locobot_sim/locobot_ws/src/install/ecl_config/share/ecl_config/local_setup.bash
[66.052s] -- Installing: /home/wellyowo/locobot_sim/locobot_ws/src/install/ecl_config/share/ecl_config/local_setup.sh
[66.052s] -- Installing: /home/wellyowo/locobot_sim/locobot_ws/src/install/ecl_config/share/ecl_config/local_setup.zsh
[66.052s] -- Installing: /home/wellyowo/locobot_sim/locobot_ws/src/install/ecl_config/share/ecl_config/local_setup.dsv
[66.052s] -- Installing: /home/wellyowo/locobot_sim/locobot_ws/src/install/ecl_config/share/ecl_config/package.dsv
[66.053s] -- Installing: /home/wellyowo/locobot_sim/locobot_ws/src/install/ecl_config/share/ament_index/resource_index/packages/ecl_config
[66.055s] -- Installing: /home/wellyowo/locobot_sim/locobot_ws/src/install/ecl_config/share/ecl_config/cmake/ecl_configExport.cmake
[66.056s] -- Installing: /home/wellyowo/locobot_sim/locobot_ws/src/install/ecl_config/share/ecl_config/cmake/ament_cmake_export_targets-extras.cmake
[66.056s] -- Installing: /home/wellyowo/locobot_sim/locobot_ws/src/install/ecl_config/share/ecl_config/cmake/ament_cmake_export_include_directories-extras.cmake
[66.056s] -- Installing: /home/wellyowo/locobot_sim/locobot_ws/src/install/ecl_config/share/ecl_config/cmake/ecl_configConfig.cmake
[66.056s] -- Installing: /home/wellyowo/locobot_sim/locobot_ws/src/install/ecl_config/share/ecl_config/cmake/ecl_configConfig-version.cmake
[66.056s] -- Installing: /home/wellyowo/locobot_sim/locobot_ws/src/install/ecl_config/share/ecl_config/package.xml
[66.056s] -- Installing: /home/wellyowo/locobot_sim/locobot_ws/src/install/ecl_config/include/ecl/config.hpp
[66.056s] -- Installing: /home/wellyowo/locobot_sim/locobot_ws/src/install/ecl_config/include/ecl/config/ecl.hpp
[66.056s] -- Installing: /home/wellyowo/locobot_sim/locobot_ws/src/install/ecl_config/include/ecl/config/char_sign.hpp
[66.056s] -- Installing: /home/wellyowo/locobot_sim/locobot_ws/src/install/ecl_config/include/ecl/config/ecl_unknown.hpp
[66.056s] -- Installing: /home/wellyowo/locobot_sim/locobot_ws/src/install/ecl_config/include/ecl/config/endianness.hpp
[66.057s] -- Installing: /home/wellyowo/locobot_sim/locobot_ws/src/install/ecl_config/include/ecl/config/macros.hpp
[66.057s] -- Installing: /home/wellyowo/locobot_sim/locobot_ws/src/install/ecl_config/include/ecl/config/portable_types.hpp
[66.057s] -- Installing: /home/wellyowo/locobot_sim/locobot_ws/src/install/ecl_config/include/ecl/config/windows.hpp
[66.057s] -- Installing: /home/wellyowo/locobot_sim/locobot_ws/src/install/ecl_config/bin/ecl_detect_endian
[66.057s] -- Installing: /home/wellyowo/locobot_sim/locobot_ws/src/install/ecl_config/bin/ecl_detect_posix
[66.175s] Invoked command in '/home/wellyowo/locobot_sim/locobot_ws/src/build/ecl_config' returned '0': CMAKE_PREFIX_PATH=/opt/ros/humble /usr/bin/cmake --install /home/wellyowo/locobot_sim/locobot_ws/src/build/ecl_config
