-- The C compiler identification is GNU 11.4.0
-- The CXX compiler identification is GNU 11.4.0
-- Detecting C compiler ABI info
-- Detecting C compiler ABI info - done
-- Check for working C compiler: /usr/bin/cc - skipped
-- Detecting C compile features
-- Detecting C compile features - done
-- Detecting CXX compiler ABI info
-- Detecting CXX compiler ABI info - done
-- Check for working CXX compiler: /usr/bin/c++ - skipped
-- Detecting CXX compile features
-- Detecting CXX compile features - done
-- Found ament_cmake: 1.3.11 (/opt/ros/humble/share/ament_cmake/cmake)
-- Found Python3: /usr/bin/python3 (found version "3.10.12") found components: Interpreter 
-- Found rosidl_default_generators: 1.2.0 (/opt/ros/humble/share/rosidl_default_generators/cmake)
-- Using all available rosidl_typesupport_c: rosidl_typesupport_fastrtps_c;rosidl_typesupport_introspection_c
-- Found rosidl_adapter: 3.1.6 (/opt/ros/humble/share/rosidl_adapter/cmake)
-- Using all available rosidl_typesupport_cpp: rosidl_typesupport_fastrtps_cpp;rosidl_typesupport_introspection_cpp
-- Found sensor_msgs: 4.9.0 (/opt/ros/humble/share/sensor_msgs/cmake)
-- Found ament_cmake_ros: 0.10.0 (/opt/ros/humble/share/ament_cmake_ros/cmake)
-- Using all available rosidl_typesupport_c: rosidl_typesupport_fastrtps_c;rosidl_typesupport_introspection_c
-- Using all available rosidl_typesupport_cpp: rosidl_typesupport_fastrtps_cpp;rosidl_typesupport_introspection_cpp
-- Found PythonInterp: /usr/bin/python3 (found suitable version "3.10.12", minimum required is "3.6") 
-- Found python_cmake_module: 0.10.0 (/opt/ros/humble/share/python_cmake_module/cmake)
-- Found PythonLibs: /usr/lib/x86_64-linux-gnu/libpython3.10.so (found suitable version "3.10.12", minimum required is "3.5") 
-- Using PYTHON_EXECUTABLE: /usr/bin/python3
-- Using PYTHON_INCLUDE_DIRS: /usr/include/python3.10
-- Using PYTHON_LIBRARIES: /usr/lib/x86_64-linux-gnu/libpython3.10.so
-- Found PythonExtra: .so  
-- Found ament_lint_auto: 0.12.12 (/opt/ros/humble/share/ament_lint_auto/cmake)
-- Added test 'copyright' to check source files copyright and LICENSE
-- Added test 'lint_cmake' to check CMake code style
-- Added test 'xmllint' to check XML markup files
-- Configuring done
-- Generating done
-- Build files have been written to: /home/wellyowo/locobot_sim/locobot_ws/src/build/astra_camera_msgs
[  1%] [34m[1mGenerating C code for ROS interfaces[0m
[  2%] [34m[1mGenerating C++ code for ROS interfaces[0m
[  2%] Built target ament_cmake_python_copy_astra_camera_msgs
running egg_info
creating astra_camera_msgs.egg-info
writing astra_camera_msgs.egg-info/PKG-INFO
writing dependency_links to astra_camera_msgs.egg-info/dependency_links.txt
writing top-level names to astra_camera_msgs.egg-info/top_level.txt
writing manifest file 'astra_camera_msgs.egg-info/SOURCES.txt'
reading manifest file 'astra_camera_msgs.egg-info/SOURCES.txt'
writing manifest file 'astra_camera_msgs.egg-info/SOURCES.txt'
[  2%] Built target ament_cmake_python_build_astra_camera_msgs_egg
[  3%] [32mBuilding C object CMakeFiles/astra_camera_msgs__rosidl_generator_c.dir/rosidl_generator_c/astra_camera_msgs/srv/detail/get_device_info__functions.c.o[0m
[  4%] [32mBuilding C object CMakeFiles/astra_camera_msgs__rosidl_generator_c.dir/rosidl_generator_c/astra_camera_msgs/msg/detail/device_info__functions.c.o[0m
[  6%] [32mBuilding C object CMakeFiles/astra_camera_msgs__rosidl_generator_c.dir/rosidl_generator_c/astra_camera_msgs/msg/detail/metadata__functions.c.o[0m
[  7%] [32mBuilding C object CMakeFiles/astra_camera_msgs__rosidl_generator_c.dir/rosidl_generator_c/astra_camera_msgs/msg/detail/extrinsics__functions.c.o[0m
[  8%] [32mBuilding C object CMakeFiles/astra_camera_msgs__rosidl_generator_c.dir/rosidl_generator_c/astra_camera_msgs/srv/detail/get_camera_info__functions.c.o[0m
[  5%] [32mBuilding C object CMakeFiles/astra_camera_msgs__rosidl_generator_c.dir/rosidl_generator_c/astra_camera_msgs/srv/detail/get_camera_params__functions.c.o[0m
[  9%] [32mBuilding C object CMakeFiles/astra_camera_msgs__rosidl_generator_c.dir/rosidl_generator_c/astra_camera_msgs/srv/detail/get_int32__functions.c.o[0m
[ 10%] [32mBuilding C object CMakeFiles/astra_camera_msgs__rosidl_generator_c.dir/rosidl_generator_c/astra_camera_msgs/srv/detail/get_string__functions.c.o[0m
[ 11%] [32mBuilding C object CMakeFiles/astra_camera_msgs__rosidl_generator_c.dir/rosidl_generator_c/astra_camera_msgs/srv/detail/set_int32__functions.c.o[0m
[ 12%] [32m[1mLinking C shared library libastra_camera_msgs__rosidl_generator_c.so[0m
[ 12%] Built target astra_camera_msgs__cpp
[ 13%] [34m[1mGenerating C++ type support for eProsima Fast-RTPS[0m
[ 14%] [34m[1mGenerating C++ type support dispatch for ROS interfaces[0m
[ 14%] Built target astra_camera_msgs__rosidl_generator_c
[ 15%] [34m[1mGenerating C++ introspection for ROS interfaces[0m
[ 16%] [34m[1mGenerating C introspection for ROS interfaces[0m
[ 18%] [34m[1mGenerating C type support dispatch for ROS interfaces[0m
[ 18%] [34m[1mGenerating C type support for eProsima Fast-RTPS[0m
[ 21%] [32mBuilding CXX object CMakeFiles/astra_camera_msgs__rosidl_typesupport_cpp.dir/rosidl_typesupport_cpp/astra_camera_msgs/msg/extrinsics__type_support.cpp.o[0m
[ 21%] [32mBuilding CXX object CMakeFiles/astra_camera_msgs__rosidl_typesupport_cpp.dir/rosidl_typesupport_cpp/astra_camera_msgs/msg/device_info__type_support.cpp.o[0m
[ 22%] [32mBuilding CXX object CMakeFiles/astra_camera_msgs__rosidl_typesupport_cpp.dir/rosidl_typesupport_cpp/astra_camera_msgs/srv/get_camera_params__type_support.cpp.o[0m
[ 23%] [32mBuilding CXX object CMakeFiles/astra_camera_msgs__rosidl_typesupport_cpp.dir/rosidl_typesupport_cpp/astra_camera_msgs/msg/metadata__type_support.cpp.o[0m
[ 24%] [32mBuilding CXX object CMakeFiles/astra_camera_msgs__rosidl_typesupport_cpp.dir/rosidl_typesupport_cpp/astra_camera_msgs/srv/get_int32__type_support.cpp.o[0m
[ 25%] [32mBuilding CXX object CMakeFiles/astra_camera_msgs__rosidl_typesupport_cpp.dir/rosidl_typesupport_cpp/astra_camera_msgs/srv/get_string__type_support.cpp.o[0m
[ 26%] [32mBuilding CXX object CMakeFiles/astra_camera_msgs__rosidl_typesupport_cpp.dir/rosidl_typesupport_cpp/astra_camera_msgs/srv/get_camera_info__type_support.cpp.o[0m
[ 27%] [32mBuilding CXX object CMakeFiles/astra_camera_msgs__rosidl_typesupport_cpp.dir/rosidl_typesupport_cpp/astra_camera_msgs/srv/get_device_info__type_support.cpp.o[0m
[ 28%] [32mBuilding CXX object CMakeFiles/astra_camera_msgs__rosidl_typesupport_cpp.dir/rosidl_typesupport_cpp/astra_camera_msgs/srv/set_int32__type_support.cpp.o[0m
[ 30%] [32mBuilding CXX object CMakeFiles/astra_camera_msgs__rosidl_typesupport_c.dir/rosidl_typesupport_c/astra_camera_msgs/msg/extrinsics__type_support.cpp.o[0m
[ 30%] [32mBuilding CXX object CMakeFiles/astra_camera_msgs__rosidl_typesupport_c.dir/rosidl_typesupport_c/astra_camera_msgs/msg/metadata__type_support.cpp.o[0m
[ 31%] [32mBuilding CXX object CMakeFiles/astra_camera_msgs__rosidl_typesupport_c.dir/rosidl_typesupport_c/astra_camera_msgs/msg/device_info__type_support.cpp.o[0m
[ 32%] [32mBuilding CXX object CMakeFiles/astra_camera_msgs__rosidl_typesupport_c.dir/rosidl_typesupport_c/astra_camera_msgs/srv/get_camera_info__type_support.cpp.o[0m
[ 33%] [32mBuilding CXX object CMakeFiles/astra_camera_msgs__rosidl_typesupport_c.dir/rosidl_typesupport_c/astra_camera_msgs/srv/get_device_info__type_support.cpp.o[0m
[ 34%] [32mBuilding CXX object CMakeFiles/astra_camera_msgs__rosidl_typesupport_c.dir/rosidl_typesupport_c/astra_camera_msgs/srv/get_camera_params__type_support.cpp.o[0m
[ 35%] [32mBuilding CXX object CMakeFiles/astra_camera_msgs__rosidl_typesupport_c.dir/rosidl_typesupport_c/astra_camera_msgs/srv/get_int32__type_support.cpp.o[0m
[ 36%] [32mBuilding CXX object CMakeFiles/astra_camera_msgs__rosidl_typesupport_c.dir/rosidl_typesupport_c/astra_camera_msgs/srv/get_string__type_support.cpp.o[0m
[ 37%] [32mBuilding CXX object CMakeFiles/astra_camera_msgs__rosidl_typesupport_c.dir/rosidl_typesupport_c/astra_camera_msgs/srv/set_int32__type_support.cpp.o[0m
[ 38%] [32m[1mLinking CXX shared library libastra_camera_msgs__rosidl_typesupport_c.so[0m
[ 38%] Built target astra_camera_msgs__rosidl_typesupport_c
[ 41%] [32mBuilding CXX object CMakeFiles/astra_camera_msgs__rosidl_typesupport_introspection_cpp.dir/rosidl_typesupport_introspection_cpp/astra_camera_msgs/msg/detail/device_info__type_support.cpp.o[0m
[ 42%] [32mBuilding CXX object CMakeFiles/astra_camera_msgs__rosidl_typesupport_introspection_cpp.dir/rosidl_typesupport_introspection_cpp/astra_camera_msgs/msg/detail/metadata__type_support.cpp.o[0m
[ 42%] [32mBuilding CXX object CMakeFiles/astra_camera_msgs__rosidl_typesupport_introspection_cpp.dir/rosidl_typesupport_introspection_cpp/astra_camera_msgs/srv/detail/get_device_info__type_support.cpp.o[0m
[ 43%] [32mBuilding CXX object CMakeFiles/astra_camera_msgs__rosidl_typesupport_introspection_cpp.dir/rosidl_typesupport_introspection_cpp/astra_camera_msgs/msg/detail/extrinsics__type_support.cpp.o[0m
[ 44%] [32mBuilding CXX object CMakeFiles/astra_camera_msgs__rosidl_typesupport_introspection_cpp.dir/rosidl_typesupport_introspection_cpp/astra_camera_msgs/srv/detail/get_camera_params__type_support.cpp.o[0m
[ 45%] [32mBuilding CXX object CMakeFiles/astra_camera_msgs__rosidl_typesupport_introspection_cpp.dir/rosidl_typesupport_introspection_cpp/astra_camera_msgs/srv/detail/get_camera_info__type_support.cpp.o[0m
[ 46%] [32mBuilding CXX object CMakeFiles/astra_camera_msgs__rosidl_typesupport_introspection_cpp.dir/rosidl_typesupport_introspection_cpp/astra_camera_msgs/srv/detail/get_int32__type_support.cpp.o[0m
[ 47%] [32mBuilding CXX object CMakeFiles/astra_camera_msgs__rosidl_typesupport_introspection_cpp.dir/rosidl_typesupport_introspection_cpp/astra_camera_msgs/srv/detail/get_string__type_support.cpp.o[0m
[ 48%] [32mBuilding C object CMakeFiles/astra_camera_msgs__rosidl_typesupport_introspection_c.dir/rosidl_typesupport_introspection_c/astra_camera_msgs/msg/detail/device_info__type_support.c.o[0m
[ 49%] [32mBuilding C object CMakeFiles/astra_camera_msgs__rosidl_typesupport_introspection_c.dir/rosidl_typesupport_introspection_c/astra_camera_msgs/msg/detail/extrinsics__type_support.c.o[0m
[ 50%] [32mBuilding CXX object CMakeFiles/astra_camera_msgs__rosidl_typesupport_introspection_cpp.dir/rosidl_typesupport_introspection_cpp/astra_camera_msgs/srv/detail/set_int32__type_support.cpp.o[0m
[ 51%] [32mBuilding C object CMakeFiles/astra_camera_msgs__rosidl_typesupport_introspection_c.dir/rosidl_typesupport_introspection_c/astra_camera_msgs/msg/detail/metadata__type_support.c.o[0m
[ 52%] [32mBuilding C object CMakeFiles/astra_camera_msgs__rosidl_typesupport_introspection_c.dir/rosidl_typesupport_introspection_c/astra_camera_msgs/srv/detail/get_camera_info__type_support.c.o[0m
[ 53%] [32mBuilding C object CMakeFiles/astra_camera_msgs__rosidl_typesupport_introspection_c.dir/rosidl_typesupport_introspection_c/astra_camera_msgs/srv/detail/get_camera_params__type_support.c.o[0m
[ 54%] [32mBuilding C object CMakeFiles/astra_camera_msgs__rosidl_typesupport_introspection_c.dir/rosidl_typesupport_introspection_c/astra_camera_msgs/srv/detail/get_device_info__type_support.c.o[0m
[ 55%] [32mBuilding C object CMakeFiles/astra_camera_msgs__rosidl_typesupport_introspection_c.dir/rosidl_typesupport_introspection_c/astra_camera_msgs/srv/detail/get_int32__type_support.c.o[0m
[ 56%] [32mBuilding C object CMakeFiles/astra_camera_msgs__rosidl_typesupport_introspection_c.dir/rosidl_typesupport_introspection_c/astra_camera_msgs/srv/detail/set_int32__type_support.c.o[0m
[ 57%] [32mBuilding C object CMakeFiles/astra_camera_msgs__rosidl_typesupport_introspection_c.dir/rosidl_typesupport_introspection_c/astra_camera_msgs/srv/detail/get_string__type_support.c.o[0m
[ 58%] [32mBuilding CXX object CMakeFiles/astra_camera_msgs__rosidl_typesupport_fastrtps_c.dir/rosidl_typesupport_fastrtps_c/astra_camera_msgs/msg/detail/device_info__type_support_c.cpp.o[0m
[ 60%] [32mBuilding CXX object CMakeFiles/astra_camera_msgs__rosidl_typesupport_fastrtps_c.dir/rosidl_typesupport_fastrtps_c/astra_camera_msgs/msg/detail/extrinsics__type_support_c.cpp.o[0m
[ 61%] [32mBuilding CXX object CMakeFiles/astra_camera_msgs__rosidl_typesupport_fastrtps_c.dir/rosidl_typesupport_fastrtps_c/astra_camera_msgs/msg/detail/metadata__type_support_c.cpp.o[0m
[ 62%] [32m[1mLinking CXX shared library libastra_camera_msgs__rosidl_typesupport_cpp.so[0m
[ 63%] [32mBuilding CXX object CMakeFiles/astra_camera_msgs__rosidl_typesupport_fastrtps_c.dir/rosidl_typesupport_fastrtps_c/astra_camera_msgs/srv/detail/get_device_info__type_support_c.cpp.o[0m
[ 64%] [32m[1mLinking C shared library libastra_camera_msgs__rosidl_typesupport_introspection_c.so[0m
[ 64%] Built target astra_camera_msgs__rosidl_typesupport_introspection_c
[ 64%] Built target astra_camera_msgs__rosidl_typesupport_cpp
[ 65%] [32mBuilding CXX object CMakeFiles/astra_camera_msgs__rosidl_typesupport_fastrtps_cpp.dir/rosidl_typesupport_fastrtps_cpp/astra_camera_msgs/msg/detail/dds_fastrtps/device_info__type_support.cpp.o[0m
[ 67%] [32mBuilding CXX object CMakeFiles/astra_camera_msgs__rosidl_typesupport_fastrtps_c.dir/rosidl_typesupport_fastrtps_c/astra_camera_msgs/srv/detail/set_int32__type_support_c.cpp.o[0m
[ 67%] [32mBuilding CXX object CMakeFiles/astra_camera_msgs__rosidl_typesupport_fastrtps_cpp.dir/rosidl_typesupport_fastrtps_cpp/astra_camera_msgs/msg/detail/dds_fastrtps/extrinsics__type_support.cpp.o[0m
[ 68%] [32mBuilding CXX object CMakeFiles/astra_camera_msgs__rosidl_typesupport_fastrtps_cpp.dir/rosidl_typesupport_fastrtps_cpp/astra_camera_msgs/msg/detail/dds_fastrtps/metadata__type_support.cpp.o[0m
[ 69%] [32mBuilding CXX object CMakeFiles/astra_camera_msgs__rosidl_typesupport_fastrtps_c.dir/rosidl_typesupport_fastrtps_c/astra_camera_msgs/srv/detail/get_string__type_support_c.cpp.o[0m
[ 70%] [32mBuilding CXX object CMakeFiles/astra_camera_msgs__rosidl_typesupport_fastrtps_c.dir/rosidl_typesupport_fastrtps_c/astra_camera_msgs/srv/detail/get_int32__type_support_c.cpp.o[0m
[ 71%] [32mBuilding CXX object CMakeFiles/astra_camera_msgs__rosidl_typesupport_fastrtps_cpp.dir/rosidl_typesupport_fastrtps_cpp/astra_camera_msgs/srv/detail/dds_fastrtps/get_device_info__type_support.cpp.o[0m
[ 72%] [32mBuilding CXX object CMakeFiles/astra_camera_msgs__rosidl_typesupport_fastrtps_c.dir/rosidl_typesupport_fastrtps_c/astra_camera_msgs/srv/detail/get_camera_params__type_support_c.cpp.o[0m
[ 73%] [32mBuilding CXX object CMakeFiles/astra_camera_msgs__rosidl_typesupport_fastrtps_c.dir/rosidl_typesupport_fastrtps_c/astra_camera_msgs/srv/detail/get_camera_info__type_support_c.cpp.o[0m
[ 74%] [32mBuilding CXX object CMakeFiles/astra_camera_msgs__rosidl_typesupport_fastrtps_cpp.dir/rosidl_typesupport_fastrtps_cpp/astra_camera_msgs/srv/detail/dds_fastrtps/get_int32__type_support.cpp.o[0m
[ 75%] [32mBuilding CXX object CMakeFiles/astra_camera_msgs__rosidl_typesupport_fastrtps_cpp.dir/rosidl_typesupport_fastrtps_cpp/astra_camera_msgs/srv/detail/dds_fastrtps/get_camera_params__type_support.cpp.o[0m
[ 76%] [32mBuilding CXX object CMakeFiles/astra_camera_msgs__rosidl_typesupport_fastrtps_cpp.dir/rosidl_typesupport_fastrtps_cpp/astra_camera_msgs/srv/detail/dds_fastrtps/get_string__type_support.cpp.o[0m
[ 77%] [32mBuilding CXX object CMakeFiles/astra_camera_msgs__rosidl_typesupport_fastrtps_cpp.dir/rosidl_typesupport_fastrtps_cpp/astra_camera_msgs/srv/detail/dds_fastrtps/get_camera_info__type_support.cpp.o[0m
[ 78%] [32mBuilding CXX object CMakeFiles/astra_camera_msgs__rosidl_typesupport_fastrtps_cpp.dir/rosidl_typesupport_fastrtps_cpp/astra_camera_msgs/srv/detail/dds_fastrtps/set_int32__type_support.cpp.o[0m
[ 80%] [32m[1mLinking CXX shared library libastra_camera_msgs__rosidl_typesupport_fastrtps_c.so[0m
[ 81%] [32m[1mLinking CXX shared library libastra_camera_msgs__rosidl_typesupport_introspection_cpp.so[0m
[ 81%] Built target astra_camera_msgs__rosidl_typesupport_fastrtps_c
[ 81%] Built target astra_camera_msgs__rosidl_typesupport_introspection_cpp
[ 82%] [32m[1mLinking CXX shared library libastra_camera_msgs__rosidl_typesupport_fastrtps_cpp.so[0m
[ 82%] Built target astra_camera_msgs__rosidl_typesupport_fastrtps_cpp
[ 82%] Built target astra_camera_msgs
[ 83%] [34m[1mGenerating Python code for ROS interfaces[0m
[ 83%] Built target astra_camera_msgs__py
[ 84%] [32mBuilding C object CMakeFiles/astra_camera_msgs__rosidl_generator_py.dir/rosidl_generator_py/astra_camera_msgs/msg/_device_info_s.c.o[0m
[ 85%] [32mBuilding C object CMakeFiles/astra_camera_msgs__rosidl_generator_py.dir/rosidl_generator_py/astra_camera_msgs/srv/_set_int32_s.c.o[0m
[ 86%] [32mBuilding C object CMakeFiles/astra_camera_msgs__rosidl_generator_py.dir/rosidl_generator_py/astra_camera_msgs/srv/_get_string_s.c.o[0m
[ 87%] [32mBuilding C object CMakeFiles/astra_camera_msgs__rosidl_generator_py.dir/rosidl_generator_py/astra_camera_msgs/srv/_get_int32_s.c.o[0m
[ 88%] [32mBuilding C object CMakeFiles/astra_camera_msgs__rosidl_generator_py.dir/rosidl_generator_py/astra_camera_msgs/srv/_get_camera_params_s.c.o[0m
[ 89%] [32mBuilding C object CMakeFiles/astra_camera_msgs__rosidl_generator_py.dir/rosidl_generator_py/astra_camera_msgs/srv/_get_camera_info_s.c.o[0m
[ 90%] [32mBuilding C object CMakeFiles/astra_camera_msgs__rosidl_generator_py.dir/rosidl_generator_py/astra_camera_msgs/srv/_get_device_info_s.c.o[0m
[ 91%] [32mBuilding C object CMakeFiles/astra_camera_msgs__rosidl_generator_py.dir/rosidl_generator_py/astra_camera_msgs/msg/_metadata_s.c.o[0m
[ 92%] [32mBuilding C object CMakeFiles/astra_camera_msgs__rosidl_generator_py.dir/rosidl_generator_py/astra_camera_msgs/msg/_extrinsics_s.c.o[0m
[ 93%] [32m[1mLinking C shared library rosidl_generator_py/astra_camera_msgs/libastra_camera_msgs__rosidl_generator_py.so[0m
[ 93%] Built target astra_camera_msgs__rosidl_generator_py
[ 94%] [32mBuilding C object CMakeFiles/astra_camera_msgs__rosidl_typesupport_fastrtps_c__pyext.dir/rosidl_generator_py/astra_camera_msgs/_astra_camera_msgs_s.ep.rosidl_typesupport_fastrtps_c.c.o[0m
[ 95%] [32m[1mLinking C shared library rosidl_generator_py/astra_camera_msgs/astra_camera_msgs_s__rosidl_typesupport_fastrtps_c.cpython-310-x86_64-linux-gnu.so[0m
[ 95%] Built target astra_camera_msgs__rosidl_typesupport_fastrtps_c__pyext
[ 96%] [32mBuilding C object CMakeFiles/astra_camera_msgs__rosidl_typesupport_c__pyext.dir/rosidl_generator_py/astra_camera_msgs/_astra_camera_msgs_s.ep.rosidl_typesupport_c.c.o[0m
[ 97%] [32m[1mLinking C shared library rosidl_generator_py/astra_camera_msgs/astra_camera_msgs_s__rosidl_typesupport_c.cpython-310-x86_64-linux-gnu.so[0m
[ 97%] Built target astra_camera_msgs__rosidl_typesupport_c__pyext
[ 98%] [32mBuilding C object CMakeFiles/astra_camera_msgs__rosidl_typesupport_introspection_c__pyext.dir/rosidl_generator_py/astra_camera_msgs/_astra_camera_msgs_s.ep.rosidl_typesupport_introspection_c.c.o[0m
[100%] [32m[1mLinking C shared library rosidl_generator_py/astra_camera_msgs/astra_camera_msgs_s__rosidl_typesupport_introspection_c.cpython-310-x86_64-linux-gnu.so[0m
[100%] Built target astra_camera_msgs__rosidl_typesupport_introspection_c__pyext
-- Install configuration: ""
-- Installing: /home/wellyowo/locobot_sim/locobot_ws/src/install/astra_camera_msgs/share/ament_index/resource_index/rosidl_interfaces/astra_camera_msgs
-- Installing: /home/wellyowo/locobot_sim/locobot_ws/src/install/astra_camera_msgs/include/astra_camera_msgs/astra_camera_msgs
-- Installing: /home/wellyowo/locobot_sim/locobot_ws/src/install/astra_camera_msgs/include/astra_camera_msgs/astra_camera_msgs/srv
-- Installing: /home/wellyowo/locobot_sim/locobot_ws/src/install/astra_camera_msgs/include/astra_camera_msgs/astra_camera_msgs/srv/get_device_info.h
-- Installing: /home/wellyowo/locobot_sim/locobot_ws/src/install/astra_camera_msgs/include/astra_camera_msgs/astra_camera_msgs/srv/set_int32.h
-- Installing: /home/wellyowo/locobot_sim/locobot_ws/src/install/astra_camera_msgs/include/astra_camera_msgs/astra_camera_msgs/srv/get_camera_info.h
-- Installing: /home/wellyowo/locobot_sim/locobot_ws/src/install/astra_camera_msgs/include/astra_camera_msgs/astra_camera_msgs/srv/get_string.h
-- Installing: /home/wellyowo/locobot_sim/locobot_ws/src/install/astra_camera_msgs/include/astra_camera_msgs/astra_camera_msgs/srv/get_int32.h
-- Installing: /home/wellyowo/locobot_sim/locobot_ws/src/install/astra_camera_msgs/include/astra_camera_msgs/astra_camera_msgs/srv/get_camera_params.h
-- Installing: /home/wellyowo/locobot_sim/locobot_ws/src/install/astra_camera_msgs/include/astra_camera_msgs/astra_camera_msgs/srv/detail
-- Installing: /home/wellyowo/locobot_sim/locobot_ws/src/install/astra_camera_msgs/include/astra_camera_msgs/astra_camera_msgs/srv/detail/get_int32__struct.h
-- Installing: /home/wellyowo/locobot_sim/locobot_ws/src/install/astra_camera_msgs/include/astra_camera_msgs/astra_camera_msgs/srv/detail/get_int32__functions.h
-- Installing: /home/wellyowo/locobot_sim/locobot_ws/src/install/astra_camera_msgs/include/astra_camera_msgs/astra_camera_msgs/srv/detail/get_camera_info__functions.c
-- Installing: /home/wellyowo/locobot_sim/locobot_ws/src/install/astra_camera_msgs/include/astra_camera_msgs/astra_camera_msgs/srv/detail/get_device_info__functions.h
-- Installing: /home/wellyowo/locobot_sim/locobot_ws/src/install/astra_camera_msgs/include/astra_camera_msgs/astra_camera_msgs/srv/detail/get_camera_info__type_support.h
-- Installing: /home/wellyowo/locobot_sim/locobot_ws/src/install/astra_camera_msgs/include/astra_camera_msgs/astra_camera_msgs/srv/detail/set_int32__functions.h
-- Installing: /home/wellyowo/locobot_sim/locobot_ws/src/install/astra_camera_msgs/include/astra_camera_msgs/astra_camera_msgs/srv/detail/set_int32__type_support.h
-- Installing: /home/wellyowo/locobot_sim/locobot_ws/src/install/astra_camera_msgs/include/astra_camera_msgs/astra_camera_msgs/srv/detail/get_device_info__struct.h
-- Installing: /home/wellyowo/locobot_sim/locobot_ws/src/install/astra_camera_msgs/include/astra_camera_msgs/astra_camera_msgs/srv/detail/get_string__struct.h
-- Installing: /home/wellyowo/locobot_sim/locobot_ws/src/install/astra_camera_msgs/include/astra_camera_msgs/astra_camera_msgs/srv/detail/get_int32__type_support.h
-- Installing: /home/wellyowo/locobot_sim/locobot_ws/src/install/astra_camera_msgs/include/astra_camera_msgs/astra_camera_msgs/srv/detail/get_camera_info__functions.h
-- Installing: /home/wellyowo/locobot_sim/locobot_ws/src/install/astra_camera_msgs/include/astra_camera_msgs/astra_camera_msgs/srv/detail/get_camera_params__struct.h
-- Installing: /home/wellyowo/locobot_sim/locobot_ws/src/install/astra_camera_msgs/include/astra_camera_msgs/astra_camera_msgs/srv/detail/get_device_info__functions.c
-- Installing: /home/wellyowo/locobot_sim/locobot_ws/src/install/astra_camera_msgs/include/astra_camera_msgs/astra_camera_msgs/srv/detail/get_string__functions.c
-- Installing: /home/wellyowo/locobot_sim/locobot_ws/src/install/astra_camera_msgs/include/astra_camera_msgs/astra_camera_msgs/srv/detail/get_camera_params__type_support.h
-- Installing: /home/wellyowo/locobot_sim/locobot_ws/src/install/astra_camera_msgs/include/astra_camera_msgs/astra_camera_msgs/srv/detail/get_string__functions.h
-- Installing: /home/wellyowo/locobot_sim/locobot_ws/src/install/astra_camera_msgs/include/astra_camera_msgs/astra_camera_msgs/srv/detail/get_string__type_support.h
-- Installing: /home/wellyowo/locobot_sim/locobot_ws/src/install/astra_camera_msgs/include/astra_camera_msgs/astra_camera_msgs/srv/detail/get_int32__functions.c
-- Installing: /home/wellyowo/locobot_sim/locobot_ws/src/install/astra_camera_msgs/include/astra_camera_msgs/astra_camera_msgs/srv/detail/get_camera_params__functions.c
-- Installing: /home/wellyowo/locobot_sim/locobot_ws/src/install/astra_camera_msgs/include/astra_camera_msgs/astra_camera_msgs/srv/detail/set_int32__functions.c
-- Installing: /home/wellyowo/locobot_sim/locobot_ws/src/install/astra_camera_msgs/include/astra_camera_msgs/astra_camera_msgs/srv/detail/get_device_info__type_support.h
-- Installing: /home/wellyowo/locobot_sim/locobot_ws/src/install/astra_camera_msgs/include/astra_camera_msgs/astra_camera_msgs/srv/detail/get_camera_info__struct.h
-- Installing: /home/wellyowo/locobot_sim/locobot_ws/src/install/astra_camera_msgs/include/astra_camera_msgs/astra_camera_msgs/srv/detail/set_int32__struct.h
-- Installing: /home/wellyowo/locobot_sim/locobot_ws/src/install/astra_camera_msgs/include/astra_camera_msgs/astra_camera_msgs/srv/detail/get_camera_params__functions.h
-- Installing: /home/wellyowo/locobot_sim/locobot_ws/src/install/astra_camera_msgs/include/astra_camera_msgs/astra_camera_msgs/msg
-- Installing: /home/wellyowo/locobot_sim/locobot_ws/src/install/astra_camera_msgs/include/astra_camera_msgs/astra_camera_msgs/msg/metadata.h
-- Installing: /home/wellyowo/locobot_sim/locobot_ws/src/install/astra_camera_msgs/include/astra_camera_msgs/astra_camera_msgs/msg/extrinsics.h
-- Installing: /home/wellyowo/locobot_sim/locobot_ws/src/install/astra_camera_msgs/include/astra_camera_msgs/astra_camera_msgs/msg/device_info.h
-- Installing: /home/wellyowo/locobot_sim/locobot_ws/src/install/astra_camera_msgs/include/astra_camera_msgs/astra_camera_msgs/msg/rosidl_generator_c__visibility_control.h
-- Installing: /home/wellyowo/locobot_sim/locobot_ws/src/install/astra_camera_msgs/include/astra_camera_msgs/astra_camera_msgs/msg/detail
-- Installing: /home/wellyowo/locobot_sim/locobot_ws/src/install/astra_camera_msgs/include/astra_camera_msgs/astra_camera_msgs/msg/detail/device_info__type_support.h
-- Installing: /home/wellyowo/locobot_sim/locobot_ws/src/install/astra_camera_msgs/include/astra_camera_msgs/astra_camera_msgs/msg/detail/device_info__struct.h
-- Installing: /home/wellyowo/locobot_sim/locobot_ws/src/install/astra_camera_msgs/include/astra_camera_msgs/astra_camera_msgs/msg/detail/metadata__type_support.h
-- Installing: /home/wellyowo/locobot_sim/locobot_ws/src/install/astra_camera_msgs/include/astra_camera_msgs/astra_camera_msgs/msg/detail/device_info__functions.c
-- Installing: /home/wellyowo/locobot_sim/locobot_ws/src/install/astra_camera_msgs/include/astra_camera_msgs/astra_camera_msgs/msg/detail/extrinsics__functions.c
-- Installing: /home/wellyowo/locobot_sim/locobot_ws/src/install/astra_camera_msgs/include/astra_camera_msgs/astra_camera_msgs/msg/detail/metadata__functions.h
-- Installing: /home/wellyowo/locobot_sim/locobot_ws/src/install/astra_camera_msgs/include/astra_camera_msgs/astra_camera_msgs/msg/detail/extrinsics__type_support.h
-- Installing: /home/wellyowo/locobot_sim/locobot_ws/src/install/astra_camera_msgs/include/astra_camera_msgs/astra_camera_msgs/msg/detail/extrinsics__functions.h
-- Installing: /home/wellyowo/locobot_sim/locobot_ws/src/install/astra_camera_msgs/include/astra_camera_msgs/astra_camera_msgs/msg/detail/metadata__struct.h
-- Installing: /home/wellyowo/locobot_sim/locobot_ws/src/install/astra_camera_msgs/include/astra_camera_msgs/astra_camera_msgs/msg/detail/extrinsics__struct.h
-- Installing: /home/wellyowo/locobot_sim/locobot_ws/src/install/astra_camera_msgs/include/astra_camera_msgs/astra_camera_msgs/msg/detail/device_info__functions.h
-- Installing: /home/wellyowo/locobot_sim/locobot_ws/src/install/astra_camera_msgs/include/astra_camera_msgs/astra_camera_msgs/msg/detail/metadata__functions.c
-- Installing: /home/wellyowo/locobot_sim/locobot_ws/src/install/astra_camera_msgs/share/astra_camera_msgs/environment/library_path.sh
-- Installing: /home/wellyowo/locobot_sim/locobot_ws/src/install/astra_camera_msgs/share/astra_camera_msgs/environment/library_path.dsv
-- Installing: /home/wellyowo/locobot_sim/locobot_ws/src/install/astra_camera_msgs/lib/libastra_camera_msgs__rosidl_generator_c.so
-- Set runtime path of "/home/wellyowo/locobot_sim/locobot_ws/src/install/astra_camera_msgs/lib/libastra_camera_msgs__rosidl_generator_c.so" to ""
-- Up-to-date: /home/wellyowo/locobot_sim/locobot_ws/src/install/astra_camera_msgs/include/astra_camera_msgs/astra_camera_msgs
-- Up-to-date: /home/wellyowo/locobot_sim/locobot_ws/src/install/astra_camera_msgs/include/astra_camera_msgs/astra_camera_msgs/srv
-- Up-to-date: /home/wellyowo/locobot_sim/locobot_ws/src/install/astra_camera_msgs/include/astra_camera_msgs/astra_camera_msgs/srv/detail
-- Installing: /home/wellyowo/locobot_sim/locobot_ws/src/install/astra_camera_msgs/include/astra_camera_msgs/astra_camera_msgs/srv/detail/get_string__rosidl_typesupport_fastrtps_c.h
-- Installing: /home/wellyowo/locobot_sim/locobot_ws/src/install/astra_camera_msgs/include/astra_camera_msgs/astra_camera_msgs/srv/detail/get_device_info__rosidl_typesupport_fastrtps_c.h
-- Installing: /home/wellyowo/locobot_sim/locobot_ws/src/install/astra_camera_msgs/include/astra_camera_msgs/astra_camera_msgs/srv/detail/get_int32__rosidl_typesupport_fastrtps_c.h
-- Installing: /home/wellyowo/locobot_sim/locobot_ws/src/install/astra_camera_msgs/include/astra_camera_msgs/astra_camera_msgs/srv/detail/set_int32__rosidl_typesupport_fastrtps_c.h
-- Installing: /home/wellyowo/locobot_sim/locobot_ws/src/install/astra_camera_msgs/include/astra_camera_msgs/astra_camera_msgs/srv/detail/get_camera_params__rosidl_typesupport_fastrtps_c.h
-- Installing: /home/wellyowo/locobot_sim/locobot_ws/src/install/astra_camera_msgs/include/astra_camera_msgs/astra_camera_msgs/srv/detail/get_camera_info__rosidl_typesupport_fastrtps_c.h
-- Up-to-date: /home/wellyowo/locobot_sim/locobot_ws/src/install/astra_camera_msgs/include/astra_camera_msgs/astra_camera_msgs/msg
-- Installing: /home/wellyowo/locobot_sim/locobot_ws/src/install/astra_camera_msgs/include/astra_camera_msgs/astra_camera_msgs/msg/rosidl_typesupport_fastrtps_c__visibility_control.h
-- Up-to-date: /home/wellyowo/locobot_sim/locobot_ws/src/install/astra_camera_msgs/include/astra_camera_msgs/astra_camera_msgs/msg/detail
-- Installing: /home/wellyowo/locobot_sim/locobot_ws/src/install/astra_camera_msgs/include/astra_camera_msgs/astra_camera_msgs/msg/detail/device_info__rosidl_typesupport_fastrtps_c.h
-- Installing: /home/wellyowo/locobot_sim/locobot_ws/src/install/astra_camera_msgs/include/astra_camera_msgs/astra_camera_msgs/msg/detail/metadata__rosidl_typesupport_fastrtps_c.h
-- Installing: /home/wellyowo/locobot_sim/locobot_ws/src/install/astra_camera_msgs/include/astra_camera_msgs/astra_camera_msgs/msg/detail/extrinsics__rosidl_typesupport_fastrtps_c.h
-- Installing: /home/wellyowo/locobot_sim/locobot_ws/src/install/astra_camera_msgs/lib/libastra_camera_msgs__rosidl_typesupport_fastrtps_c.so
-- Set runtime path of "/home/wellyowo/locobot_sim/locobot_ws/src/install/astra_camera_msgs/lib/libastra_camera_msgs__rosidl_typesupport_fastrtps_c.so" to ""
-- Up-to-date: /home/wellyowo/locobot_sim/locobot_ws/src/install/astra_camera_msgs/include/astra_camera_msgs/astra_camera_msgs
-- Up-to-date: /home/wellyowo/locobot_sim/locobot_ws/src/install/astra_camera_msgs/include/astra_camera_msgs/astra_camera_msgs/srv
-- Up-to-date: /home/wellyowo/locobot_sim/locobot_ws/src/install/astra_camera_msgs/include/astra_camera_msgs/astra_camera_msgs/srv/detail
-- Installing: /home/wellyowo/locobot_sim/locobot_ws/src/install/astra_camera_msgs/include/astra_camera_msgs/astra_camera_msgs/srv/detail/get_camera_info__type_support.c
-- Installing: /home/wellyowo/locobot_sim/locobot_ws/src/install/astra_camera_msgs/include/astra_camera_msgs/astra_camera_msgs/srv/detail/get_string__rosidl_typesupport_introspection_c.h
-- Installing: /home/wellyowo/locobot_sim/locobot_ws/src/install/astra_camera_msgs/include/astra_camera_msgs/astra_camera_msgs/srv/detail/set_int32__rosidl_typesupport_introspection_c.h
-- Installing: /home/wellyowo/locobot_sim/locobot_ws/src/install/astra_camera_msgs/include/astra_camera_msgs/astra_camera_msgs/srv/detail/set_int32__type_support.c
-- Installing: /home/wellyowo/locobot_sim/locobot_ws/src/install/astra_camera_msgs/include/astra_camera_msgs/astra_camera_msgs/srv/detail/get_int32__type_support.c
-- Installing: /home/wellyowo/locobot_sim/locobot_ws/src/install/astra_camera_msgs/include/astra_camera_msgs/astra_camera_msgs/srv/detail/get_camera_params__type_support.c
-- Installing: /home/wellyowo/locobot_sim/locobot_ws/src/install/astra_camera_msgs/include/astra_camera_msgs/astra_camera_msgs/srv/detail/get_device_info__rosidl_typesupport_introspection_c.h
-- Installing: /home/wellyowo/locobot_sim/locobot_ws/src/install/astra_camera_msgs/include/astra_camera_msgs/astra_camera_msgs/srv/detail/get_int32__rosidl_typesupport_introspection_c.h
-- Installing: /home/wellyowo/locobot_sim/locobot_ws/src/install/astra_camera_msgs/include/astra_camera_msgs/astra_camera_msgs/srv/detail/get_camera_params__rosidl_typesupport_introspection_c.h
-- Installing: /home/wellyowo/locobot_sim/locobot_ws/src/install/astra_camera_msgs/include/astra_camera_msgs/astra_camera_msgs/srv/detail/get_camera_info__rosidl_typesupport_introspection_c.h
-- Installing: /home/wellyowo/locobot_sim/locobot_ws/src/install/astra_camera_msgs/include/astra_camera_msgs/astra_camera_msgs/srv/detail/get_string__type_support.c
-- Installing: /home/wellyowo/locobot_sim/locobot_ws/src/install/astra_camera_msgs/include/astra_camera_msgs/astra_camera_msgs/srv/detail/get_device_info__type_support.c
-- Up-to-date: /home/wellyowo/locobot_sim/locobot_ws/src/install/astra_camera_msgs/include/astra_camera_msgs/astra_camera_msgs/msg
-- Installing: /home/wellyowo/locobot_sim/locobot_ws/src/install/astra_camera_msgs/include/astra_camera_msgs/astra_camera_msgs/msg/rosidl_typesupport_introspection_c__visibility_control.h
-- Up-to-date: /home/wellyowo/locobot_sim/locobot_ws/src/install/astra_camera_msgs/include/astra_camera_msgs/astra_camera_msgs/msg/detail
-- Installing: /home/wellyowo/locobot_sim/locobot_ws/src/install/astra_camera_msgs/include/astra_camera_msgs/astra_camera_msgs/msg/detail/device_info__rosidl_typesupport_introspection_c.h
-- Installing: /home/wellyowo/locobot_sim/locobot_ws/src/install/astra_camera_msgs/include/astra_camera_msgs/astra_camera_msgs/msg/detail/metadata__type_support.c
-- Installing: /home/wellyowo/locobot_sim/locobot_ws/src/install/astra_camera_msgs/include/astra_camera_msgs/astra_camera_msgs/msg/detail/extrinsics__rosidl_typesupport_introspection_c.h
-- Installing: /home/wellyowo/locobot_sim/locobot_ws/src/install/astra_camera_msgs/include/astra_camera_msgs/astra_camera_msgs/msg/detail/device_info__type_support.c
-- Installing: /home/wellyowo/locobot_sim/locobot_ws/src/install/astra_camera_msgs/include/astra_camera_msgs/astra_camera_msgs/msg/detail/metadata__rosidl_typesupport_introspection_c.h
-- Installing: /home/wellyowo/locobot_sim/locobot_ws/src/install/astra_camera_msgs/include/astra_camera_msgs/astra_camera_msgs/msg/detail/extrinsics__type_support.c
-- Installing: /home/wellyowo/locobot_sim/locobot_ws/src/install/astra_camera_msgs/lib/libastra_camera_msgs__rosidl_typesupport_introspection_c.so
-- Set runtime path of "/home/wellyowo/locobot_sim/locobot_ws/src/install/astra_camera_msgs/lib/libastra_camera_msgs__rosidl_typesupport_introspection_c.so" to ""
-- Installing: /home/wellyowo/locobot_sim/locobot_ws/src/install/astra_camera_msgs/lib/libastra_camera_msgs__rosidl_typesupport_c.so
-- Set runtime path of "/home/wellyowo/locobot_sim/locobot_ws/src/install/astra_camera_msgs/lib/libastra_camera_msgs__rosidl_typesupport_c.so" to ""
-- Up-to-date: /home/wellyowo/locobot_sim/locobot_ws/src/install/astra_camera_msgs/include/astra_camera_msgs/astra_camera_msgs
-- Up-to-date: /home/wellyowo/locobot_sim/locobot_ws/src/install/astra_camera_msgs/include/astra_camera_msgs/astra_camera_msgs/srv
-- Installing: /home/wellyowo/locobot_sim/locobot_ws/src/install/astra_camera_msgs/include/astra_camera_msgs/astra_camera_msgs/srv/get_camera_info.hpp
-- Installing: /home/wellyowo/locobot_sim/locobot_ws/src/install/astra_camera_msgs/include/astra_camera_msgs/astra_camera_msgs/srv/get_camera_params.hpp
-- Installing: /home/wellyowo/locobot_sim/locobot_ws/src/install/astra_camera_msgs/include/astra_camera_msgs/astra_camera_msgs/srv/get_int32.hpp
-- Installing: /home/wellyowo/locobot_sim/locobot_ws/src/install/astra_camera_msgs/include/astra_camera_msgs/astra_camera_msgs/srv/get_string.hpp
-- Installing: /home/wellyowo/locobot_sim/locobot_ws/src/install/astra_camera_msgs/include/astra_camera_msgs/astra_camera_msgs/srv/get_device_info.hpp
-- Installing: /home/wellyowo/locobot_sim/locobot_ws/src/install/astra_camera_msgs/include/astra_camera_msgs/astra_camera_msgs/srv/set_int32.hpp
-- Up-to-date: /home/wellyowo/locobot_sim/locobot_ws/src/install/astra_camera_msgs/include/astra_camera_msgs/astra_camera_msgs/srv/detail
-- Installing: /home/wellyowo/locobot_sim/locobot_ws/src/install/astra_camera_msgs/include/astra_camera_msgs/astra_camera_msgs/srv/detail/get_device_info__traits.hpp
-- Installing: /home/wellyowo/locobot_sim/locobot_ws/src/install/astra_camera_msgs/include/astra_camera_msgs/astra_camera_msgs/srv/detail/get_string__type_support.hpp
-- Installing: /home/wellyowo/locobot_sim/locobot_ws/src/install/astra_camera_msgs/include/astra_camera_msgs/astra_camera_msgs/srv/detail/get_int32__builder.hpp
-- Installing: /home/wellyowo/locobot_sim/locobot_ws/src/install/astra_camera_msgs/include/astra_camera_msgs/astra_camera_msgs/srv/detail/set_int32__builder.hpp
-- Installing: /home/wellyowo/locobot_sim/locobot_ws/src/install/astra_camera_msgs/include/astra_camera_msgs/astra_camera_msgs/srv/detail/get_device_info__struct.hpp
-- Installing: /home/wellyowo/locobot_sim/locobot_ws/src/install/astra_camera_msgs/include/astra_camera_msgs/astra_camera_msgs/srv/detail/get_camera_params__struct.hpp
-- Installing: /home/wellyowo/locobot_sim/locobot_ws/src/install/astra_camera_msgs/include/astra_camera_msgs/astra_camera_msgs/srv/detail/get_camera_params__traits.hpp
-- Installing: /home/wellyowo/locobot_sim/locobot_ws/src/install/astra_camera_msgs/include/astra_camera_msgs/astra_camera_msgs/srv/detail/set_int32__struct.hpp
-- Installing: /home/wellyowo/locobot_sim/locobot_ws/src/install/astra_camera_msgs/include/astra_camera_msgs/astra_camera_msgs/srv/detail/get_string__struct.hpp
-- Installing: /home/wellyowo/locobot_sim/locobot_ws/src/install/astra_camera_msgs/include/astra_camera_msgs/astra_camera_msgs/srv/detail/get_int32__traits.hpp
-- Installing: /home/wellyowo/locobot_sim/locobot_ws/src/install/astra_camera_msgs/include/astra_camera_msgs/astra_camera_msgs/srv/detail/get_camera_info__type_support.hpp
-- Installing: /home/wellyowo/locobot_sim/locobot_ws/src/install/astra_camera_msgs/include/astra_camera_msgs/astra_camera_msgs/srv/detail/set_int32__type_support.hpp
-- Installing: /home/wellyowo/locobot_sim/locobot_ws/src/install/astra_camera_msgs/include/astra_camera_msgs/astra_camera_msgs/srv/detail/get_camera_info__traits.hpp
-- Installing: /home/wellyowo/locobot_sim/locobot_ws/src/install/astra_camera_msgs/include/astra_camera_msgs/astra_camera_msgs/srv/detail/get_camera_info__struct.hpp
-- Installing: /home/wellyowo/locobot_sim/locobot_ws/src/install/astra_camera_msgs/include/astra_camera_msgs/astra_camera_msgs/srv/detail/get_int32__type_support.hpp
-- Installing: /home/wellyowo/locobot_sim/locobot_ws/src/install/astra_camera_msgs/include/astra_camera_msgs/astra_camera_msgs/srv/detail/get_camera_params__builder.hpp
-- Installing: /home/wellyowo/locobot_sim/locobot_ws/src/install/astra_camera_msgs/include/astra_camera_msgs/astra_camera_msgs/srv/detail/get_camera_params__type_support.hpp
-- Installing: /home/wellyowo/locobot_sim/locobot_ws/src/install/astra_camera_msgs/include/astra_camera_msgs/astra_camera_msgs/srv/detail/get_camera_info__builder.hpp
-- Installing: /home/wellyowo/locobot_sim/locobot_ws/src/install/astra_camera_msgs/include/astra_camera_msgs/astra_camera_msgs/srv/detail/get_int32__struct.hpp
-- Installing: /home/wellyowo/locobot_sim/locobot_ws/src/install/astra_camera_msgs/include/astra_camera_msgs/astra_camera_msgs/srv/detail/get_string__traits.hpp
-- Installing: /home/wellyowo/locobot_sim/locobot_ws/src/install/astra_camera_msgs/include/astra_camera_msgs/astra_camera_msgs/srv/detail/set_int32__traits.hpp
-- Installing: /home/wellyowo/locobot_sim/locobot_ws/src/install/astra_camera_msgs/include/astra_camera_msgs/astra_camera_msgs/srv/detail/get_device_info__type_support.hpp
-- Installing: /home/wellyowo/locobot_sim/locobot_ws/src/install/astra_camera_msgs/include/astra_camera_msgs/astra_camera_msgs/srv/detail/get_device_info__builder.hpp
-- Installing: /home/wellyowo/locobot_sim/locobot_ws/src/install/astra_camera_msgs/include/astra_camera_msgs/astra_camera_msgs/srv/detail/get_string__builder.hpp
-- Up-to-date: /home/wellyowo/locobot_sim/locobot_ws/src/install/astra_camera_msgs/include/astra_camera_msgs/astra_camera_msgs/msg
-- Installing: /home/wellyowo/locobot_sim/locobot_ws/src/install/astra_camera_msgs/include/astra_camera_msgs/astra_camera_msgs/msg/device_info.hpp
-- Installing: /home/wellyowo/locobot_sim/locobot_ws/src/install/astra_camera_msgs/include/astra_camera_msgs/astra_camera_msgs/msg/rosidl_generator_cpp__visibility_control.hpp
-- Installing: /home/wellyowo/locobot_sim/locobot_ws/src/install/astra_camera_msgs/include/astra_camera_msgs/astra_camera_msgs/msg/extrinsics.hpp
-- Installing: /home/wellyowo/locobot_sim/locobot_ws/src/install/astra_camera_msgs/include/astra_camera_msgs/astra_camera_msgs/msg/metadata.hpp
-- Up-to-date: /home/wellyowo/locobot_sim/locobot_ws/src/install/astra_camera_msgs/include/astra_camera_msgs/astra_camera_msgs/msg/detail
-- Installing: /home/wellyowo/locobot_sim/locobot_ws/src/install/astra_camera_msgs/include/astra_camera_msgs/astra_camera_msgs/msg/detail/extrinsics__struct.hpp
-- Installing: /home/wellyowo/locobot_sim/locobot_ws/src/install/astra_camera_msgs/include/astra_camera_msgs/astra_camera_msgs/msg/detail/metadata__type_support.hpp
-- Installing: /home/wellyowo/locobot_sim/locobot_ws/src/install/astra_camera_msgs/include/astra_camera_msgs/astra_camera_msgs/msg/detail/device_info__builder.hpp
-- Installing: /home/wellyowo/locobot_sim/locobot_ws/src/install/astra_camera_msgs/include/astra_camera_msgs/astra_camera_msgs/msg/detail/device_info__type_support.hpp
-- Installing: /home/wellyowo/locobot_sim/locobot_ws/src/install/astra_camera_msgs/include/astra_camera_msgs/astra_camera_msgs/msg/detail/metadata__traits.hpp
-- Installing: /home/wellyowo/locobot_sim/locobot_ws/src/install/astra_camera_msgs/include/astra_camera_msgs/astra_camera_msgs/msg/detail/metadata__struct.hpp
-- Installing: /home/wellyowo/locobot_sim/locobot_ws/src/install/astra_camera_msgs/include/astra_camera_msgs/astra_camera_msgs/msg/detail/extrinsics__type_support.hpp
-- Installing: /home/wellyowo/locobot_sim/locobot_ws/src/install/astra_camera_msgs/include/astra_camera_msgs/astra_camera_msgs/msg/detail/device_info__traits.hpp
-- Installing: /home/wellyowo/locobot_sim/locobot_ws/src/install/astra_camera_msgs/include/astra_camera_msgs/astra_camera_msgs/msg/detail/extrinsics__builder.hpp
-- Installing: /home/wellyowo/locobot_sim/locobot_ws/src/install/astra_camera_msgs/include/astra_camera_msgs/astra_camera_msgs/msg/detail/extrinsics__traits.hpp
-- Installing: /home/wellyowo/locobot_sim/locobot_ws/src/install/astra_camera_msgs/include/astra_camera_msgs/astra_camera_msgs/msg/detail/metadata__builder.hpp
-- Installing: /home/wellyowo/locobot_sim/locobot_ws/src/install/astra_camera_msgs/include/astra_camera_msgs/astra_camera_msgs/msg/detail/device_info__struct.hpp
-- Up-to-date: /home/wellyowo/locobot_sim/locobot_ws/src/install/astra_camera_msgs/include/astra_camera_msgs/astra_camera_msgs
-- Up-to-date: /home/wellyowo/locobot_sim/locobot_ws/src/install/astra_camera_msgs/include/astra_camera_msgs/astra_camera_msgs/srv
-- Up-to-date: /home/wellyowo/locobot_sim/locobot_ws/src/install/astra_camera_msgs/include/astra_camera_msgs/astra_camera_msgs/srv/detail
-- Installing: /home/wellyowo/locobot_sim/locobot_ws/src/install/astra_camera_msgs/include/astra_camera_msgs/astra_camera_msgs/srv/detail/get_device_info__rosidl_typesupport_fastrtps_cpp.hpp
-- Installing: /home/wellyowo/locobot_sim/locobot_ws/src/install/astra_camera_msgs/include/astra_camera_msgs/astra_camera_msgs/srv/detail/get_string__rosidl_typesupport_fastrtps_cpp.hpp
-- Installing: /home/wellyowo/locobot_sim/locobot_ws/src/install/astra_camera_msgs/include/astra_camera_msgs/astra_camera_msgs/srv/detail/get_camera_info__rosidl_typesupport_fastrtps_cpp.hpp
-- Installing: /home/wellyowo/locobot_sim/locobot_ws/src/install/astra_camera_msgs/include/astra_camera_msgs/astra_camera_msgs/srv/detail/get_int32__rosidl_typesupport_fastrtps_cpp.hpp
-- Installing: /home/wellyowo/locobot_sim/locobot_ws/src/install/astra_camera_msgs/include/astra_camera_msgs/astra_camera_msgs/srv/detail/set_int32__rosidl_typesupport_fastrtps_cpp.hpp
-- Installing: /home/wellyowo/locobot_sim/locobot_ws/src/install/astra_camera_msgs/include/astra_camera_msgs/astra_camera_msgs/srv/detail/get_camera_params__rosidl_typesupport_fastrtps_cpp.hpp
-- Installing: /home/wellyowo/locobot_sim/locobot_ws/src/install/astra_camera_msgs/include/astra_camera_msgs/astra_camera_msgs/srv/detail/dds_fastrtps
-- Up-to-date: /home/wellyowo/locobot_sim/locobot_ws/src/install/astra_camera_msgs/include/astra_camera_msgs/astra_camera_msgs/msg
-- Installing: /home/wellyowo/locobot_sim/locobot_ws/src/install/astra_camera_msgs/include/astra_camera_msgs/astra_camera_msgs/msg/rosidl_typesupport_fastrtps_cpp__visibility_control.h
-- Up-to-date: /home/wellyowo/locobot_sim/locobot_ws/src/install/astra_camera_msgs/include/astra_camera_msgs/astra_camera_msgs/msg/detail
-- Installing: /home/wellyowo/locobot_sim/locobot_ws/src/install/astra_camera_msgs/include/astra_camera_msgs/astra_camera_msgs/msg/detail/metadata__rosidl_typesupport_fastrtps_cpp.hpp
-- Installing: /home/wellyowo/locobot_sim/locobot_ws/src/install/astra_camera_msgs/include/astra_camera_msgs/astra_camera_msgs/msg/detail/device_info__rosidl_typesupport_fastrtps_cpp.hpp
-- Installing: /home/wellyowo/locobot_sim/locobot_ws/src/install/astra_camera_msgs/include/astra_camera_msgs/astra_camera_msgs/msg/detail/extrinsics__rosidl_typesupport_fastrtps_cpp.hpp
-- Installing: /home/wellyowo/locobot_sim/locobot_ws/src/install/astra_camera_msgs/include/astra_camera_msgs/astra_camera_msgs/msg/detail/dds_fastrtps
-- Installing: /home/wellyowo/locobot_sim/locobot_ws/src/install/astra_camera_msgs/lib/libastra_camera_msgs__rosidl_typesupport_fastrtps_cpp.so
-- Set runtime path of "/home/wellyowo/locobot_sim/locobot_ws/src/install/astra_camera_msgs/lib/libastra_camera_msgs__rosidl_typesupport_fastrtps_cpp.so" to ""
-- Up-to-date: /home/wellyowo/locobot_sim/locobot_ws/src/install/astra_camera_msgs/include/astra_camera_msgs/astra_camera_msgs
-- Up-to-date: /home/wellyowo/locobot_sim/locobot_ws/src/install/astra_camera_msgs/include/astra_camera_msgs/astra_camera_msgs/srv
-- Up-to-date: /home/wellyowo/locobot_sim/locobot_ws/src/install/astra_camera_msgs/include/astra_camera_msgs/astra_camera_msgs/srv/detail
-- Installing: /home/wellyowo/locobot_sim/locobot_ws/src/install/astra_camera_msgs/include/astra_camera_msgs/astra_camera_msgs/srv/detail/get_camera_info__rosidl_typesupport_introspection_cpp.hpp
-- Installing: /home/wellyowo/locobot_sim/locobot_ws/src/install/astra_camera_msgs/include/astra_camera_msgs/astra_camera_msgs/srv/detail/get_string__rosidl_typesupport_introspection_cpp.hpp
-- Installing: /home/wellyowo/locobot_sim/locobot_ws/src/install/astra_camera_msgs/include/astra_camera_msgs/astra_camera_msgs/srv/detail/get_camera_params__rosidl_typesupport_introspection_cpp.hpp
-- Installing: /home/wellyowo/locobot_sim/locobot_ws/src/install/astra_camera_msgs/include/astra_camera_msgs/astra_camera_msgs/srv/detail/set_int32__rosidl_typesupport_introspection_cpp.hpp
-- Installing: /home/wellyowo/locobot_sim/locobot_ws/src/install/astra_camera_msgs/include/astra_camera_msgs/astra_camera_msgs/srv/detail/get_int32__rosidl_typesupport_introspection_cpp.hpp
-- Installing: /home/wellyowo/locobot_sim/locobot_ws/src/install/astra_camera_msgs/include/astra_camera_msgs/astra_camera_msgs/srv/detail/get_string__type_support.cpp
-- Installing: /home/wellyowo/locobot_sim/locobot_ws/src/install/astra_camera_msgs/include/astra_camera_msgs/astra_camera_msgs/srv/detail/get_camera_info__type_support.cpp
-- Installing: /home/wellyowo/locobot_sim/locobot_ws/src/install/astra_camera_msgs/include/astra_camera_msgs/astra_camera_msgs/srv/detail/get_int32__type_support.cpp
-- Installing: /home/wellyowo/locobot_sim/locobot_ws/src/install/astra_camera_msgs/include/astra_camera_msgs/astra_camera_msgs/srv/detail/get_device_info__rosidl_typesupport_introspection_cpp.hpp
-- Installing: /home/wellyowo/locobot_sim/locobot_ws/src/install/astra_camera_msgs/include/astra_camera_msgs/astra_camera_msgs/srv/detail/set_int32__type_support.cpp
-- Installing: /home/wellyowo/locobot_sim/locobot_ws/src/install/astra_camera_msgs/include/astra_camera_msgs/astra_camera_msgs/srv/detail/get_camera_params__type_support.cpp
-- Installing: /home/wellyowo/locobot_sim/locobot_ws/src/install/astra_camera_msgs/include/astra_camera_msgs/astra_camera_msgs/srv/detail/get_device_info__type_support.cpp
-- Up-to-date: /home/wellyowo/locobot_sim/locobot_ws/src/install/astra_camera_msgs/include/astra_camera_msgs/astra_camera_msgs/msg
-- Up-to-date: /home/wellyowo/locobot_sim/locobot_ws/src/install/astra_camera_msgs/include/astra_camera_msgs/astra_camera_msgs/msg/detail
-- Installing: /home/wellyowo/locobot_sim/locobot_ws/src/install/astra_camera_msgs/include/astra_camera_msgs/astra_camera_msgs/msg/detail/device_info__type_support.cpp
-- Installing: /home/wellyowo/locobot_sim/locobot_ws/src/install/astra_camera_msgs/include/astra_camera_msgs/astra_camera_msgs/msg/detail/device_info__rosidl_typesupport_introspection_cpp.hpp
-- Installing: /home/wellyowo/locobot_sim/locobot_ws/src/install/astra_camera_msgs/include/astra_camera_msgs/astra_camera_msgs/msg/detail/metadata__type_support.cpp
-- Installing: /home/wellyowo/locobot_sim/locobot_ws/src/install/astra_camera_msgs/include/astra_camera_msgs/astra_camera_msgs/msg/detail/metadata__rosidl_typesupport_introspection_cpp.hpp
-- Installing: /home/wellyowo/locobot_sim/locobot_ws/src/install/astra_camera_msgs/include/astra_camera_msgs/astra_camera_msgs/msg/detail/extrinsics__rosidl_typesupport_introspection_cpp.hpp
-- Installing: /home/wellyowo/locobot_sim/locobot_ws/src/install/astra_camera_msgs/include/astra_camera_msgs/astra_camera_msgs/msg/detail/extrinsics__type_support.cpp
-- Installing: /home/wellyowo/locobot_sim/locobot_ws/src/install/astra_camera_msgs/lib/libastra_camera_msgs__rosidl_typesupport_introspection_cpp.so
-- Set runtime path of "/home/wellyowo/locobot_sim/locobot_ws/src/install/astra_camera_msgs/lib/libastra_camera_msgs__rosidl_typesupport_introspection_cpp.so" to ""
-- Installing: /home/wellyowo/locobot_sim/locobot_ws/src/install/astra_camera_msgs/lib/libastra_camera_msgs__rosidl_typesupport_cpp.so
-- Set runtime path of "/home/wellyowo/locobot_sim/locobot_ws/src/install/astra_camera_msgs/lib/libastra_camera_msgs__rosidl_typesupport_cpp.so" to ""
-- Installing: /home/wellyowo/locobot_sim/locobot_ws/src/install/astra_camera_msgs/share/astra_camera_msgs/environment/pythonpath.sh
-- Installing: /home/wellyowo/locobot_sim/locobot_ws/src/install/astra_camera_msgs/share/astra_camera_msgs/environment/pythonpath.dsv
-- Installing: /home/wellyowo/locobot_sim/locobot_ws/src/install/astra_camera_msgs/local/lib/python3.10/dist-packages/astra_camera_msgs-1.0.1-py3.10.egg-info
-- Installing: /home/wellyowo/locobot_sim/locobot_ws/src/install/astra_camera_msgs/local/lib/python3.10/dist-packages/astra_camera_msgs-1.0.1-py3.10.egg-info/SOURCES.txt
-- Installing: /home/wellyowo/locobot_sim/locobot_ws/src/install/astra_camera_msgs/local/lib/python3.10/dist-packages/astra_camera_msgs-1.0.1-py3.10.egg-info/PKG-INFO
-- Installing: /home/wellyowo/locobot_sim/locobot_ws/src/install/astra_camera_msgs/local/lib/python3.10/dist-packages/astra_camera_msgs-1.0.1-py3.10.egg-info/top_level.txt
-- Installing: /home/wellyowo/locobot_sim/locobot_ws/src/install/astra_camera_msgs/local/lib/python3.10/dist-packages/astra_camera_msgs-1.0.1-py3.10.egg-info/dependency_links.txt
-- Installing: /home/wellyowo/locobot_sim/locobot_ws/src/install/astra_camera_msgs/local/lib/python3.10/dist-packages/astra_camera_msgs
-- Installing: /home/wellyowo/locobot_sim/locobot_ws/src/install/astra_camera_msgs/local/lib/python3.10/dist-packages/astra_camera_msgs/astra_camera_msgs_s__rosidl_typesupport_fastrtps_c.cpython-310-x86_64-linux-gnu.so
-- Installing: /home/wellyowo/locobot_sim/locobot_ws/src/install/astra_camera_msgs/local/lib/python3.10/dist-packages/astra_camera_msgs/__init__.py
-- Installing: /home/wellyowo/locobot_sim/locobot_ws/src/install/astra_camera_msgs/local/lib/python3.10/dist-packages/astra_camera_msgs/srv
-- Installing: /home/wellyowo/locobot_sim/locobot_ws/src/install/astra_camera_msgs/local/lib/python3.10/dist-packages/astra_camera_msgs/srv/_set_int32.py
-- Installing: /home/wellyowo/locobot_sim/locobot_ws/src/install/astra_camera_msgs/local/lib/python3.10/dist-packages/astra_camera_msgs/srv/_get_device_info.py
-- Installing: /home/wellyowo/locobot_sim/locobot_ws/src/install/astra_camera_msgs/local/lib/python3.10/dist-packages/astra_camera_msgs/srv/__init__.py
-- Installing: /home/wellyowo/locobot_sim/locobot_ws/src/install/astra_camera_msgs/local/lib/python3.10/dist-packages/astra_camera_msgs/srv/_get_camera_params_s.c
-- Installing: /home/wellyowo/locobot_sim/locobot_ws/src/install/astra_camera_msgs/local/lib/python3.10/dist-packages/astra_camera_msgs/srv/_get_string.py
-- Installing: /home/wellyowo/locobot_sim/locobot_ws/src/install/astra_camera_msgs/local/lib/python3.10/dist-packages/astra_camera_msgs/srv/_get_int32_s.c
-- Installing: /home/wellyowo/locobot_sim/locobot_ws/src/install/astra_camera_msgs/local/lib/python3.10/dist-packages/astra_camera_msgs/srv/_get_device_info_s.c
-- Installing: /home/wellyowo/locobot_sim/locobot_ws/src/install/astra_camera_msgs/local/lib/python3.10/dist-packages/astra_camera_msgs/srv/_get_string_s.c
-- Installing: /home/wellyowo/locobot_sim/locobot_ws/src/install/astra_camera_msgs/local/lib/python3.10/dist-packages/astra_camera_msgs/srv/_get_camera_info.py
-- Installing: /home/wellyowo/locobot_sim/locobot_ws/src/install/astra_camera_msgs/local/lib/python3.10/dist-packages/astra_camera_msgs/srv/_get_int32.py
-- Installing: /home/wellyowo/locobot_sim/locobot_ws/src/install/astra_camera_msgs/local/lib/python3.10/dist-packages/astra_camera_msgs/srv/_set_int32_s.c
-- Installing: /home/wellyowo/locobot_sim/locobot_ws/src/install/astra_camera_msgs/local/lib/python3.10/dist-packages/astra_camera_msgs/srv/_get_camera_params.py
-- Installing: /home/wellyowo/locobot_sim/locobot_ws/src/install/astra_camera_msgs/local/lib/python3.10/dist-packages/astra_camera_msgs/srv/_get_camera_info_s.c
-- Installing: /home/wellyowo/locobot_sim/locobot_ws/src/install/astra_camera_msgs/local/lib/python3.10/dist-packages/astra_camera_msgs/_astra_camera_msgs_s.ep.rosidl_typesupport_introspection_c.c
-- Installing: /home/wellyowo/locobot_sim/locobot_ws/src/install/astra_camera_msgs/local/lib/python3.10/dist-packages/astra_camera_msgs/_astra_camera_msgs_s.ep.rosidl_typesupport_c.c
-- Installing: /home/wellyowo/locobot_sim/locobot_ws/src/install/astra_camera_msgs/local/lib/python3.10/dist-packages/astra_camera_msgs/astra_camera_msgs_s__rosidl_typesupport_introspection_c.cpython-310-x86_64-linux-gnu.so
-- Installing: /home/wellyowo/locobot_sim/locobot_ws/src/install/astra_camera_msgs/local/lib/python3.10/dist-packages/astra_camera_msgs/_astra_camera_msgs_s.ep.rosidl_typesupport_fastrtps_c.c
-- Installing: /home/wellyowo/locobot_sim/locobot_ws/src/install/astra_camera_msgs/local/lib/python3.10/dist-packages/astra_camera_msgs/astra_camera_msgs_s__rosidl_typesupport_c.cpython-310-x86_64-linux-gnu.so
-- Installing: /home/wellyowo/locobot_sim/locobot_ws/src/install/astra_camera_msgs/local/lib/python3.10/dist-packages/astra_camera_msgs/msg
-- Installing: /home/wellyowo/locobot_sim/locobot_ws/src/install/astra_camera_msgs/local/lib/python3.10/dist-packages/astra_camera_msgs/msg/_extrinsics.py
-- Installing: /home/wellyowo/locobot_sim/locobot_ws/src/install/astra_camera_msgs/local/lib/python3.10/dist-packages/astra_camera_msgs/msg/__init__.py
-- Installing: /home/wellyowo/locobot_sim/locobot_ws/src/install/astra_camera_msgs/local/lib/python3.10/dist-packages/astra_camera_msgs/msg/_metadata.py
-- Installing: /home/wellyowo/locobot_sim/locobot_ws/src/install/astra_camera_msgs/local/lib/python3.10/dist-packages/astra_camera_msgs/msg/_extrinsics_s.c
-- Installing: /home/wellyowo/locobot_sim/locobot_ws/src/install/astra_camera_msgs/local/lib/python3.10/dist-packages/astra_camera_msgs/msg/_device_info.py
-- Installing: /home/wellyowo/locobot_sim/locobot_ws/src/install/astra_camera_msgs/local/lib/python3.10/dist-packages/astra_camera_msgs/msg/_device_info_s.c
-- Installing: /home/wellyowo/locobot_sim/locobot_ws/src/install/astra_camera_msgs/local/lib/python3.10/dist-packages/astra_camera_msgs/msg/_metadata_s.c
-- Installing: /home/wellyowo/locobot_sim/locobot_ws/src/install/astra_camera_msgs/local/lib/python3.10/dist-packages/astra_camera_msgs/libastra_camera_msgs__rosidl_generator_py.so
Listing '/home/wellyowo/locobot_sim/locobot_ws/src/install/astra_camera_msgs/local/lib/python3.10/dist-packages/astra_camera_msgs'...
Compiling '/home/wellyowo/locobot_sim/locobot_ws/src/install/astra_camera_msgs/local/lib/python3.10/dist-packages/astra_camera_msgs/__init__.py'...
Listing '/home/wellyowo/locobot_sim/locobot_ws/src/install/astra_camera_msgs/local/lib/python3.10/dist-packages/astra_camera_msgs/msg'...
Compiling '/home/wellyowo/locobot_sim/locobot_ws/src/install/astra_camera_msgs/local/lib/python3.10/dist-packages/astra_camera_msgs/msg/__init__.py'...
Compiling '/home/wellyowo/locobot_sim/locobot_ws/src/install/astra_camera_msgs/local/lib/python3.10/dist-packages/astra_camera_msgs/msg/_device_info.py'...
Compiling '/home/wellyowo/locobot_sim/locobot_ws/src/install/astra_camera_msgs/local/lib/python3.10/dist-packages/astra_camera_msgs/msg/_extrinsics.py'...
Compiling '/home/wellyowo/locobot_sim/locobot_ws/src/install/astra_camera_msgs/local/lib/python3.10/dist-packages/astra_camera_msgs/msg/_metadata.py'...
Listing '/home/wellyowo/locobot_sim/locobot_ws/src/install/astra_camera_msgs/local/lib/python3.10/dist-packages/astra_camera_msgs/srv'...
Compiling '/home/wellyowo/locobot_sim/locobot_ws/src/install/astra_camera_msgs/local/lib/python3.10/dist-packages/astra_camera_msgs/srv/__init__.py'...
Compiling '/home/wellyowo/locobot_sim/locobot_ws/src/install/astra_camera_msgs/local/lib/python3.10/dist-packages/astra_camera_msgs/srv/_get_camera_info.py'...
Compiling '/home/wellyowo/locobot_sim/locobot_ws/src/install/astra_camera_msgs/local/lib/python3.10/dist-packages/astra_camera_msgs/srv/_get_camera_params.py'...
Compiling '/home/wellyowo/locobot_sim/locobot_ws/src/install/astra_camera_msgs/local/lib/python3.10/dist-packages/astra_camera_msgs/srv/_get_device_info.py'...
Compiling '/home/wellyowo/locobot_sim/locobot_ws/src/install/astra_camera_msgs/local/lib/python3.10/dist-packages/astra_camera_msgs/srv/_get_int32.py'...
Compiling '/home/wellyowo/locobot_sim/locobot_ws/src/install/astra_camera_msgs/local/lib/python3.10/dist-packages/astra_camera_msgs/srv/_get_string.py'...
Compiling '/home/wellyowo/locobot_sim/locobot_ws/src/install/astra_camera_msgs/local/lib/python3.10/dist-packages/astra_camera_msgs/srv/_set_int32.py'...
-- Installing: /home/wellyowo/locobot_sim/locobot_ws/src/install/astra_camera_msgs/local/lib/python3.10/dist-packages/astra_camera_msgs/astra_camera_msgs_s__rosidl_typesupport_fastrtps_c.cpython-310-x86_64-linux-gnu.so
-- Set runtime path of "/home/wellyowo/locobot_sim/locobot_ws/src/install/astra_camera_msgs/local/lib/python3.10/dist-packages/astra_camera_msgs/astra_camera_msgs_s__rosidl_typesupport_fastrtps_c.cpython-310-x86_64-linux-gnu.so" to ""
-- Installing: /home/wellyowo/locobot_sim/locobot_ws/src/install/astra_camera_msgs/local/lib/python3.10/dist-packages/astra_camera_msgs/astra_camera_msgs_s__rosidl_typesupport_introspection_c.cpython-310-x86_64-linux-gnu.so
-- Set runtime path of "/home/wellyowo/locobot_sim/locobot_ws/src/install/astra_camera_msgs/local/lib/python3.10/dist-packages/astra_camera_msgs/astra_camera_msgs_s__rosidl_typesupport_introspection_c.cpython-310-x86_64-linux-gnu.so" to ""
-- Installing: /home/wellyowo/locobot_sim/locobot_ws/src/install/astra_camera_msgs/local/lib/python3.10/dist-packages/astra_camera_msgs/astra_camera_msgs_s__rosidl_typesupport_c.cpython-310-x86_64-linux-gnu.so
-- Set runtime path of "/home/wellyowo/locobot_sim/locobot_ws/src/install/astra_camera_msgs/local/lib/python3.10/dist-packages/astra_camera_msgs/astra_camera_msgs_s__rosidl_typesupport_c.cpython-310-x86_64-linux-gnu.so" to ""
-- Installing: /home/wellyowo/locobot_sim/locobot_ws/src/install/astra_camera_msgs/lib/libastra_camera_msgs__rosidl_generator_py.so
-- Set runtime path of "/home/wellyowo/locobot_sim/locobot_ws/src/install/astra_camera_msgs/lib/libastra_camera_msgs__rosidl_generator_py.so" to ""
-- Installing: /home/wellyowo/locobot_sim/locobot_ws/src/install/astra_camera_msgs/share/astra_camera_msgs/msg/DeviceInfo.idl
-- Installing: /home/wellyowo/locobot_sim/locobot_ws/src/install/astra_camera_msgs/share/astra_camera_msgs/msg/Extrinsics.idl
-- Installing: /home/wellyowo/locobot_sim/locobot_ws/src/install/astra_camera_msgs/share/astra_camera_msgs/msg/Metadata.idl
-- Installing: /home/wellyowo/locobot_sim/locobot_ws/src/install/astra_camera_msgs/share/astra_camera_msgs/srv/GetDeviceInfo.idl
-- Installing: /home/wellyowo/locobot_sim/locobot_ws/src/install/astra_camera_msgs/share/astra_camera_msgs/srv/GetCameraInfo.idl
-- Installing: /home/wellyowo/locobot_sim/locobot_ws/src/install/astra_camera_msgs/share/astra_camera_msgs/srv/GetCameraParams.idl
-- Installing: /home/wellyowo/locobot_sim/locobot_ws/src/install/astra_camera_msgs/share/astra_camera_msgs/srv/GetInt32.idl
-- Installing: /home/wellyowo/locobot_sim/locobot_ws/src/install/astra_camera_msgs/share/astra_camera_msgs/srv/GetString.idl
-- Installing: /home/wellyowo/locobot_sim/locobot_ws/src/install/astra_camera_msgs/share/astra_camera_msgs/srv/SetInt32.idl
-- Installing: /home/wellyowo/locobot_sim/locobot_ws/src/install/astra_camera_msgs/share/astra_camera_msgs/msg/DeviceInfo.msg
-- Installing: /home/wellyowo/locobot_sim/locobot_ws/src/install/astra_camera_msgs/share/astra_camera_msgs/msg/Extrinsics.msg
-- Installing: /home/wellyowo/locobot_sim/locobot_ws/src/install/astra_camera_msgs/share/astra_camera_msgs/msg/Metadata.msg
-- Installing: /home/wellyowo/locobot_sim/locobot_ws/src/install/astra_camera_msgs/share/astra_camera_msgs/srv/GetDeviceInfo.srv
-- Installing: /home/wellyowo/locobot_sim/locobot_ws/src/install/astra_camera_msgs/share/astra_camera_msgs/srv/GetDeviceInfo_Request.msg
-- Installing: /home/wellyowo/locobot_sim/locobot_ws/src/install/astra_camera_msgs/share/astra_camera_msgs/srv/GetDeviceInfo_Response.msg
-- Installing: /home/wellyowo/locobot_sim/locobot_ws/src/install/astra_camera_msgs/share/astra_camera_msgs/srv/GetCameraInfo.srv
-- Installing: /home/wellyowo/locobot_sim/locobot_ws/src/install/astra_camera_msgs/share/astra_camera_msgs/srv/GetCameraInfo_Request.msg
-- Installing: /home/wellyowo/locobot_sim/locobot_ws/src/install/astra_camera_msgs/share/astra_camera_msgs/srv/GetCameraInfo_Response.msg
-- Installing: /home/wellyowo/locobot_sim/locobot_ws/src/install/astra_camera_msgs/share/astra_camera_msgs/srv/GetCameraParams.srv
-- Installing: /home/wellyowo/locobot_sim/locobot_ws/src/install/astra_camera_msgs/share/astra_camera_msgs/srv/GetCameraParams_Request.msg
-- Installing: /home/wellyowo/locobot_sim/locobot_ws/src/install/astra_camera_msgs/share/astra_camera_msgs/srv/GetCameraParams_Response.msg
-- Installing: /home/wellyowo/locobot_sim/locobot_ws/src/install/astra_camera_msgs/share/astra_camera_msgs/srv/GetInt32.srv
-- Installing: /home/wellyowo/locobot_sim/locobot_ws/src/install/astra_camera_msgs/share/astra_camera_msgs/srv/GetInt32_Request.msg
-- Installing: /home/wellyowo/locobot_sim/locobot_ws/src/install/astra_camera_msgs/share/astra_camera_msgs/srv/GetInt32_Response.msg
-- Installing: /home/wellyowo/locobot_sim/locobot_ws/src/install/astra_camera_msgs/share/astra_camera_msgs/srv/GetString.srv
-- Installing: /home/wellyowo/locobot_sim/locobot_ws/src/install/astra_camera_msgs/share/astra_camera_msgs/srv/GetString_Request.msg
-- Installing: /home/wellyowo/locobot_sim/locobot_ws/src/install/astra_camera_msgs/share/astra_camera_msgs/srv/GetString_Response.msg
-- Installing: /home/wellyowo/locobot_sim/locobot_ws/src/install/astra_camera_msgs/share/astra_camera_msgs/srv/SetInt32.srv
-- Installing: /home/wellyowo/locobot_sim/locobot_ws/src/install/astra_camera_msgs/share/astra_camera_msgs/srv/SetInt32_Request.msg
-- Installing: /home/wellyowo/locobot_sim/locobot_ws/src/install/astra_camera_msgs/share/astra_camera_msgs/srv/SetInt32_Response.msg
-- Installing: /home/wellyowo/locobot_sim/locobot_ws/src/install/astra_camera_msgs/share/ament_index/resource_index/package_run_dependencies/astra_camera_msgs
-- Installing: /home/wellyowo/locobot_sim/locobot_ws/src/install/astra_camera_msgs/share/ament_index/resource_index/parent_prefix_path/astra_camera_msgs
-- Installing: /home/wellyowo/locobot_sim/locobot_ws/src/install/astra_camera_msgs/share/astra_camera_msgs/environment/ament_prefix_path.sh
-- Installing: /home/wellyowo/locobot_sim/locobot_ws/src/install/astra_camera_msgs/share/astra_camera_msgs/environment/ament_prefix_path.dsv
-- Installing: /home/wellyowo/locobot_sim/locobot_ws/src/install/astra_camera_msgs/share/astra_camera_msgs/environment/path.sh
-- Installing: /home/wellyowo/locobot_sim/locobot_ws/src/install/astra_camera_msgs/share/astra_camera_msgs/environment/path.dsv
-- Installing: /home/wellyowo/locobot_sim/locobot_ws/src/install/astra_camera_msgs/share/astra_camera_msgs/local_setup.bash
-- Installing: /home/wellyowo/locobot_sim/locobot_ws/src/install/astra_camera_msgs/share/astra_camera_msgs/local_setup.sh
-- Installing: /home/wellyowo/locobot_sim/locobot_ws/src/install/astra_camera_msgs/share/astra_camera_msgs/local_setup.zsh
-- Installing: /home/wellyowo/locobot_sim/locobot_ws/src/install/astra_camera_msgs/share/astra_camera_msgs/local_setup.dsv
-- Installing: /home/wellyowo/locobot_sim/locobot_ws/src/install/astra_camera_msgs/share/astra_camera_msgs/package.dsv
-- Installing: /home/wellyowo/locobot_sim/locobot_ws/src/install/astra_camera_msgs/share/ament_index/resource_index/packages/astra_camera_msgs
-- Installing: /home/wellyowo/locobot_sim/locobot_ws/src/install/astra_camera_msgs/share/astra_camera_msgs/cmake/export_astra_camera_msgs__rosidl_generator_cExport.cmake
-- Installing: /home/wellyowo/locobot_sim/locobot_ws/src/install/astra_camera_msgs/share/astra_camera_msgs/cmake/export_astra_camera_msgs__rosidl_generator_cExport-noconfig.cmake
-- Installing: /home/wellyowo/locobot_sim/locobot_ws/src/install/astra_camera_msgs/share/astra_camera_msgs/cmake/export_astra_camera_msgs__rosidl_typesupport_fastrtps_cExport.cmake
-- Installing: /home/wellyowo/locobot_sim/locobot_ws/src/install/astra_camera_msgs/share/astra_camera_msgs/cmake/export_astra_camera_msgs__rosidl_typesupport_fastrtps_cExport-noconfig.cmake
-- Installing: /home/wellyowo/locobot_sim/locobot_ws/src/install/astra_camera_msgs/share/astra_camera_msgs/cmake/astra_camera_msgs__rosidl_typesupport_introspection_cExport.cmake
-- Installing: /home/wellyowo/locobot_sim/locobot_ws/src/install/astra_camera_msgs/share/astra_camera_msgs/cmake/astra_camera_msgs__rosidl_typesupport_introspection_cExport-noconfig.cmake
-- Installing: /home/wellyowo/locobot_sim/locobot_ws/src/install/astra_camera_msgs/share/astra_camera_msgs/cmake/astra_camera_msgs__rosidl_typesupport_cExport.cmake
-- Installing: /home/wellyowo/locobot_sim/locobot_ws/src/install/astra_camera_msgs/share/astra_camera_msgs/cmake/astra_camera_msgs__rosidl_typesupport_cExport-noconfig.cmake
-- Installing: /home/wellyowo/locobot_sim/locobot_ws/src/install/astra_camera_msgs/share/astra_camera_msgs/cmake/export_astra_camera_msgs__rosidl_generator_cppExport.cmake
-- Installing: /home/wellyowo/locobot_sim/locobot_ws/src/install/astra_camera_msgs/share/astra_camera_msgs/cmake/export_astra_camera_msgs__rosidl_typesupport_fastrtps_cppExport.cmake
-- Installing: /home/wellyowo/locobot_sim/locobot_ws/src/install/astra_camera_msgs/share/astra_camera_msgs/cmake/export_astra_camera_msgs__rosidl_typesupport_fastrtps_cppExport-noconfig.cmake
-- Installing: /home/wellyowo/locobot_sim/locobot_ws/src/install/astra_camera_msgs/share/astra_camera_msgs/cmake/astra_camera_msgs__rosidl_typesupport_introspection_cppExport.cmake
-- Installing: /home/wellyowo/locobot_sim/locobot_ws/src/install/astra_camera_msgs/share/astra_camera_msgs/cmake/astra_camera_msgs__rosidl_typesupport_introspection_cppExport-noconfig.cmake
-- Installing: /home/wellyowo/locobot_sim/locobot_ws/src/install/astra_camera_msgs/share/astra_camera_msgs/cmake/astra_camera_msgs__rosidl_typesupport_cppExport.cmake
-- Installing: /home/wellyowo/locobot_sim/locobot_ws/src/install/astra_camera_msgs/share/astra_camera_msgs/cmake/astra_camera_msgs__rosidl_typesupport_cppExport-noconfig.cmake
-- Installing: /home/wellyowo/locobot_sim/locobot_ws/src/install/astra_camera_msgs/share/astra_camera_msgs/cmake/export_astra_camera_msgs__rosidl_generator_pyExport.cmake
-- Installing: /home/wellyowo/locobot_sim/locobot_ws/src/install/astra_camera_msgs/share/astra_camera_msgs/cmake/export_astra_camera_msgs__rosidl_generator_pyExport-noconfig.cmake
-- Installing: /home/wellyowo/locobot_sim/locobot_ws/src/install/astra_camera_msgs/share/astra_camera_msgs/cmake/rosidl_cmake-extras.cmake
-- Installing: /home/wellyowo/locobot_sim/locobot_ws/src/install/astra_camera_msgs/share/astra_camera_msgs/cmake/ament_cmake_export_dependencies-extras.cmake
-- Installing: /home/wellyowo/locobot_sim/locobot_ws/src/install/astra_camera_msgs/share/astra_camera_msgs/cmake/ament_cmake_export_include_directories-extras.cmake
-- Installing: /home/wellyowo/locobot_sim/locobot_ws/src/install/astra_camera_msgs/share/astra_camera_msgs/cmake/ament_cmake_export_libraries-extras.cmake
-- Installing: /home/wellyowo/locobot_sim/locobot_ws/src/install/astra_camera_msgs/share/astra_camera_msgs/cmake/ament_cmake_export_targets-extras.cmake
-- Installing: /home/wellyowo/locobot_sim/locobot_ws/src/install/astra_camera_msgs/share/astra_camera_msgs/cmake/rosidl_cmake_export_typesupport_targets-extras.cmake
-- Installing: /home/wellyowo/locobot_sim/locobot_ws/src/install/astra_camera_msgs/share/astra_camera_msgs/cmake/rosidl_cmake_export_typesupport_libraries-extras.cmake
-- Installing: /home/wellyowo/locobot_sim/locobot_ws/src/install/astra_camera_msgs/share/astra_camera_msgs/cmake/astra_camera_msgsConfig.cmake
-- Installing: /home/wellyowo/locobot_sim/locobot_ws/src/install/astra_camera_msgs/share/astra_camera_msgs/cmake/astra_camera_msgsConfig-version.cmake
-- Installing: /home/wellyowo/locobot_sim/locobot_ws/src/install/astra_camera_msgs/share/astra_camera_msgs/package.xml
