[0.192s] Invoking command in '/home/wellyowo/locobot_sim/locobot_ws/src/build/astra_camera_msgs': CMAKE_PREFIX_PATH=/opt/ros/humble /usr/bin/cmake /home/wellyowo/locobot_sim/locobot_ws/src/ThirdParty/ros_astra_camera/astra_camera_msgs -DCMAKE_INSTALL_PREFIX=/home/wellyowo/locobot_sim/locobot_ws/src/install/astra_camera_msgs
[0.254s] -- The C compiler identification is GNU 11.4.0
[0.330s] -- The CXX compiler identification is GNU 11.4.0
[0.337s] -- Detecting C compiler ABI info
[0.462s] -- Detecting C compiler ABI info - done
[0.497s] -- Check for working C compiler: /usr/bin/cc - skipped
[0.497s] -- Detecting C compile features
[0.497s] -- Detecting C compile features - done
[0.503s] -- Detecting CXX compiler ABI info
[0.728s] -- Detecting CXX compiler ABI info - done
[0.743s] -- Check for working CXX compiler: /usr/bin/c++ - skipped
[0.743s] -- Detecting CXX compile features
[0.744s] -- Detecting CXX compile features - done
[0.752s] -- Found ament_cmake: 1.3.11 (/opt/ros/humble/share/ament_cmake/cmake)
[1.385s] -- Found Python3: /usr/bin/python3 (found version "3.10.12") found components: Interpreter 
[1.948s] -- Found rosidl_default_generators: 1.2.0 (/opt/ros/humble/share/rosidl_default_generators/cmake)
[1.968s] -- Using all available rosidl_typesupport_c: rosidl_typesupport_fastrtps_c;rosidl_typesupport_introspection_c
[2.021s] -- Found rosidl_adapter: 3.1.6 (/opt/ros/humble/share/rosidl_adapter/cmake)
[2.308s] -- Using all available rosidl_typesupport_cpp: rosidl_typesupport_fastrtps_cpp;rosidl_typesupport_introspection_cpp
[2.538s] -- Found sensor_msgs: 4.9.0 (/opt/ros/humble/share/sensor_msgs/cmake)
[3.736s] -- Found ament_cmake_ros: 0.10.0 (/opt/ros/humble/share/ament_cmake_ros/cmake)
[4.439s] -- Using all available rosidl_typesupport_c: rosidl_typesupport_fastrtps_c;rosidl_typesupport_introspection_c
[6.104s] -- Using all available rosidl_typesupport_cpp: rosidl_typesupport_fastrtps_cpp;rosidl_typesupport_introspection_cpp
[6.225s] -- Found PythonInterp: /usr/bin/python3 (found suitable version "3.10.12", minimum required is "3.6") 
[6.238s] -- Found python_cmake_module: 0.10.0 (/opt/ros/humble/share/python_cmake_module/cmake)
[6.329s] -- Found PythonLibs: /usr/lib/x86_64-linux-gnu/libpython3.10.so (found suitable version "3.10.12", minimum required is "3.5") 
[6.331s] -- Using PYTHON_EXECUTABLE: /usr/bin/python3
[6.331s] -- Using PYTHON_INCLUDE_DIRS: /usr/include/python3.10
[6.331s] -- Using PYTHON_LIBRARIES: /usr/lib/x86_64-linux-gnu/libpython3.10.so
[6.458s] -- Found PythonExtra: .so  
[6.777s] -- Found ament_lint_auto: 0.12.12 (/opt/ros/humble/share/ament_lint_auto/cmake)
[6.963s] -- Added test 'copyright' to check source files copyright and LICENSE
[6.966s] -- Added test 'lint_cmake' to check CMake code style
[6.983s] -- Added test 'xmllint' to check XML markup files
[7.007s] -- Configuring done
[7.384s] -- Generating done
[7.429s] -- Build files have been written to: /home/wellyowo/locobot_sim/locobot_ws/src/build/astra_camera_msgs
[7.467s] Invoked command in '/home/wellyowo/locobot_sim/locobot_ws/src/build/astra_camera_msgs' returned '0': CMAKE_PREFIX_PATH=/opt/ros/humble /usr/bin/cmake /home/wellyowo/locobot_sim/locobot_ws/src/ThirdParty/ros_astra_camera/astra_camera_msgs -DCMAKE_INSTALL_PREFIX=/home/wellyowo/locobot_sim/locobot_ws/src/install/astra_camera_msgs
[7.468s] Invoking command in '/home/wellyowo/locobot_sim/locobot_ws/src/build/astra_camera_msgs': CMAKE_PREFIX_PATH=/opt/ros/humble /usr/bin/cmake --build /home/wellyowo/locobot_sim/locobot_ws/src/build/astra_camera_msgs -- -j16 -l16
[14.798s] [  1%] [34m[1mGenerating C code for ROS interfaces[0m
[14.798s] [  2%] [34m[1mGenerating C++ code for ROS interfaces[0m
[14.798s] [  2%] Built target ament_cmake_python_copy_astra_camera_msgs
[14.798s] running egg_info
[14.798s] creating astra_camera_msgs.egg-info
[14.798s] writing astra_camera_msgs.egg-info/PKG-INFO
[14.798s] writing dependency_links to astra_camera_msgs.egg-info/dependency_links.txt
[14.798s] writing top-level names to astra_camera_msgs.egg-info/top_level.txt
[14.798s] writing manifest file 'astra_camera_msgs.egg-info/SOURCES.txt'
[14.798s] reading manifest file 'astra_camera_msgs.egg-info/SOURCES.txt'
[14.798s] writing manifest file 'astra_camera_msgs.egg-info/SOURCES.txt'
[14.799s] [  2%] Built target ament_cmake_python_build_astra_camera_msgs_egg
[14.799s] [  3%] [32mBuilding C object CMakeFiles/astra_camera_msgs__rosidl_generator_c.dir/rosidl_generator_c/astra_camera_msgs/srv/detail/get_device_info__functions.c.o[0m
[14.799s] [  4%] [32mBuilding C object CMakeFiles/astra_camera_msgs__rosidl_generator_c.dir/rosidl_generator_c/astra_camera_msgs/msg/detail/device_info__functions.c.o[0m
[14.799s] [  6%] [32mBuilding C object CMakeFiles/astra_camera_msgs__rosidl_generator_c.dir/rosidl_generator_c/astra_camera_msgs/msg/detail/metadata__functions.c.o[0m
[14.799s] [  7%] [32mBuilding C object CMakeFiles/astra_camera_msgs__rosidl_generator_c.dir/rosidl_generator_c/astra_camera_msgs/msg/detail/extrinsics__functions.c.o[0m
[14.799s] [  8%] [32mBuilding C object CMakeFiles/astra_camera_msgs__rosidl_generator_c.dir/rosidl_generator_c/astra_camera_msgs/srv/detail/get_camera_info__functions.c.o[0m
[14.799s] [  5%] [32mBuilding C object CMakeFiles/astra_camera_msgs__rosidl_generator_c.dir/rosidl_generator_c/astra_camera_msgs/srv/detail/get_camera_params__functions.c.o[0m
[14.799s] [  9%] [32mBuilding C object CMakeFiles/astra_camera_msgs__rosidl_generator_c.dir/rosidl_generator_c/astra_camera_msgs/srv/detail/get_int32__functions.c.o[0m
[14.799s] [ 10%] [32mBuilding C object CMakeFiles/astra_camera_msgs__rosidl_generator_c.dir/rosidl_generator_c/astra_camera_msgs/srv/detail/get_string__functions.c.o[0m
[14.799s] [ 11%] [32mBuilding C object CMakeFiles/astra_camera_msgs__rosidl_generator_c.dir/rosidl_generator_c/astra_camera_msgs/srv/detail/set_int32__functions.c.o[0m
[14.799s] [ 12%] [32m[1mLinking C shared library libastra_camera_msgs__rosidl_generator_c.so[0m
[14.799s] [ 12%] Built target astra_camera_msgs__cpp
[14.799s] [ 13%] [34m[1mGenerating C++ type support for eProsima Fast-RTPS[0m
[14.800s] [ 14%] [34m[1mGenerating C++ type support dispatch for ROS interfaces[0m
[14.800s] [ 14%] Built target astra_camera_msgs__rosidl_generator_c
[14.800s] [ 15%] [34m[1mGenerating C++ introspection for ROS interfaces[0m
[14.800s] [ 16%] [34m[1mGenerating C introspection for ROS interfaces[0m
[14.800s] [ 18%] [34m[1mGenerating C type support dispatch for ROS interfaces[0m
[14.800s] [ 18%] [34m[1mGenerating C type support for eProsima Fast-RTPS[0m
[17.184s] [ 21%] [32mBuilding CXX object CMakeFiles/astra_camera_msgs__rosidl_typesupport_cpp.dir/rosidl_typesupport_cpp/astra_camera_msgs/msg/extrinsics__type_support.cpp.o[0m
[17.190s] [ 21%] [32mBuilding CXX object CMakeFiles/astra_camera_msgs__rosidl_typesupport_cpp.dir/rosidl_typesupport_cpp/astra_camera_msgs/msg/device_info__type_support.cpp.o[0m
[17.218s] [ 22%] [32mBuilding CXX object CMakeFiles/astra_camera_msgs__rosidl_typesupport_cpp.dir/rosidl_typesupport_cpp/astra_camera_msgs/srv/get_camera_params__type_support.cpp.o[0m
[17.218s] [ 23%] [32mBuilding CXX object CMakeFiles/astra_camera_msgs__rosidl_typesupport_cpp.dir/rosidl_typesupport_cpp/astra_camera_msgs/msg/metadata__type_support.cpp.o[0m
[17.223s] [ 24%] [32mBuilding CXX object CMakeFiles/astra_camera_msgs__rosidl_typesupport_cpp.dir/rosidl_typesupport_cpp/astra_camera_msgs/srv/get_int32__type_support.cpp.o[0m
[17.228s] [ 25%] [32mBuilding CXX object CMakeFiles/astra_camera_msgs__rosidl_typesupport_cpp.dir/rosidl_typesupport_cpp/astra_camera_msgs/srv/get_string__type_support.cpp.o[0m
[17.245s] [ 26%] [32mBuilding CXX object CMakeFiles/astra_camera_msgs__rosidl_typesupport_cpp.dir/rosidl_typesupport_cpp/astra_camera_msgs/srv/get_camera_info__type_support.cpp.o[0m
[17.249s] [ 27%] [32mBuilding CXX object CMakeFiles/astra_camera_msgs__rosidl_typesupport_cpp.dir/rosidl_typesupport_cpp/astra_camera_msgs/srv/get_device_info__type_support.cpp.o[0m
[17.269s] [ 28%] [32mBuilding CXX object CMakeFiles/astra_camera_msgs__rosidl_typesupport_cpp.dir/rosidl_typesupport_cpp/astra_camera_msgs/srv/set_int32__type_support.cpp.o[0m
[17.485s] [ 30%] [32mBuilding CXX object CMakeFiles/astra_camera_msgs__rosidl_typesupport_c.dir/rosidl_typesupport_c/astra_camera_msgs/msg/extrinsics__type_support.cpp.o[0m
[17.485s] [ 30%] [32mBuilding CXX object CMakeFiles/astra_camera_msgs__rosidl_typesupport_c.dir/rosidl_typesupport_c/astra_camera_msgs/msg/metadata__type_support.cpp.o[0m
[17.487s] [ 31%] [32mBuilding CXX object CMakeFiles/astra_camera_msgs__rosidl_typesupport_c.dir/rosidl_typesupport_c/astra_camera_msgs/msg/device_info__type_support.cpp.o[0m
[17.588s] [ 32%] [32mBuilding CXX object CMakeFiles/astra_camera_msgs__rosidl_typesupport_c.dir/rosidl_typesupport_c/astra_camera_msgs/srv/get_camera_info__type_support.cpp.o[0m
[17.590s] [ 33%] [32mBuilding CXX object CMakeFiles/astra_camera_msgs__rosidl_typesupport_c.dir/rosidl_typesupport_c/astra_camera_msgs/srv/get_device_info__type_support.cpp.o[0m
[17.696s] [ 34%] [32mBuilding CXX object CMakeFiles/astra_camera_msgs__rosidl_typesupport_c.dir/rosidl_typesupport_c/astra_camera_msgs/srv/get_camera_params__type_support.cpp.o[0m
[17.768s] [ 35%] [32mBuilding CXX object CMakeFiles/astra_camera_msgs__rosidl_typesupport_c.dir/rosidl_typesupport_c/astra_camera_msgs/srv/get_int32__type_support.cpp.o[0m
[17.823s] [ 36%] [32mBuilding CXX object CMakeFiles/astra_camera_msgs__rosidl_typesupport_c.dir/rosidl_typesupport_c/astra_camera_msgs/srv/get_string__type_support.cpp.o[0m
[17.831s] [ 37%] [32mBuilding CXX object CMakeFiles/astra_camera_msgs__rosidl_typesupport_c.dir/rosidl_typesupport_c/astra_camera_msgs/srv/set_int32__type_support.cpp.o[0m
[18.035s] [ 38%] [32m[1mLinking CXX shared library libastra_camera_msgs__rosidl_typesupport_c.so[0m
[18.154s] [ 38%] Built target astra_camera_msgs__rosidl_typesupport_c
[18.783s] [ 41%] [32mBuilding CXX object CMakeFiles/astra_camera_msgs__rosidl_typesupport_introspection_cpp.dir/rosidl_typesupport_introspection_cpp/astra_camera_msgs/msg/detail/device_info__type_support.cpp.o[0m
[18.784s] [ 42%] [32mBuilding CXX object CMakeFiles/astra_camera_msgs__rosidl_typesupport_introspection_cpp.dir/rosidl_typesupport_introspection_cpp/astra_camera_msgs/msg/detail/metadata__type_support.cpp.o[0m
[18.785s] [ 42%] [32mBuilding CXX object CMakeFiles/astra_camera_msgs__rosidl_typesupport_introspection_cpp.dir/rosidl_typesupport_introspection_cpp/astra_camera_msgs/srv/detail/get_device_info__type_support.cpp.o[0m
[18.787s] [ 43%] [32mBuilding CXX object CMakeFiles/astra_camera_msgs__rosidl_typesupport_introspection_cpp.dir/rosidl_typesupport_introspection_cpp/astra_camera_msgs/msg/detail/extrinsics__type_support.cpp.o[0m
[18.798s] [ 44%] [32mBuilding CXX object CMakeFiles/astra_camera_msgs__rosidl_typesupport_introspection_cpp.dir/rosidl_typesupport_introspection_cpp/astra_camera_msgs/srv/detail/get_camera_params__type_support.cpp.o[0m
[18.798s] [ 45%] [32mBuilding CXX object CMakeFiles/astra_camera_msgs__rosidl_typesupport_introspection_cpp.dir/rosidl_typesupport_introspection_cpp/astra_camera_msgs/srv/detail/get_camera_info__type_support.cpp.o[0m
[19.582s] [ 46%] [32mBuilding CXX object CMakeFiles/astra_camera_msgs__rosidl_typesupport_introspection_cpp.dir/rosidl_typesupport_introspection_cpp/astra_camera_msgs/srv/detail/get_int32__type_support.cpp.o[0m
[19.927s] [ 47%] [32mBuilding CXX object CMakeFiles/astra_camera_msgs__rosidl_typesupport_introspection_cpp.dir/rosidl_typesupport_introspection_cpp/astra_camera_msgs/srv/detail/get_string__type_support.cpp.o[0m
[20.006s] [ 48%] [32mBuilding C object CMakeFiles/astra_camera_msgs__rosidl_typesupport_introspection_c.dir/rosidl_typesupport_introspection_c/astra_camera_msgs/msg/detail/device_info__type_support.c.o[0m
[20.158s] [ 49%] [32mBuilding C object CMakeFiles/astra_camera_msgs__rosidl_typesupport_introspection_c.dir/rosidl_typesupport_introspection_c/astra_camera_msgs/msg/detail/extrinsics__type_support.c.o[0m
[20.190s] [ 50%] [32mBuilding CXX object CMakeFiles/astra_camera_msgs__rosidl_typesupport_introspection_cpp.dir/rosidl_typesupport_introspection_cpp/astra_camera_msgs/srv/detail/set_int32__type_support.cpp.o[0m
[20.256s] [ 51%] [32mBuilding C object CMakeFiles/astra_camera_msgs__rosidl_typesupport_introspection_c.dir/rosidl_typesupport_introspection_c/astra_camera_msgs/msg/detail/metadata__type_support.c.o[0m
[20.266s] [ 52%] [32mBuilding C object CMakeFiles/astra_camera_msgs__rosidl_typesupport_introspection_c.dir/rosidl_typesupport_introspection_c/astra_camera_msgs/srv/detail/get_camera_info__type_support.c.o[0m
[20.302s] [ 53%] [32mBuilding C object CMakeFiles/astra_camera_msgs__rosidl_typesupport_introspection_c.dir/rosidl_typesupport_introspection_c/astra_camera_msgs/srv/detail/get_camera_params__type_support.c.o[0m
[20.310s] [ 54%] [32mBuilding C object CMakeFiles/astra_camera_msgs__rosidl_typesupport_introspection_c.dir/rosidl_typesupport_introspection_c/astra_camera_msgs/srv/detail/get_device_info__type_support.c.o[0m
[20.336s] [ 55%] [32mBuilding C object CMakeFiles/astra_camera_msgs__rosidl_typesupport_introspection_c.dir/rosidl_typesupport_introspection_c/astra_camera_msgs/srv/detail/get_int32__type_support.c.o[0m
[20.384s] [ 56%] [32mBuilding C object CMakeFiles/astra_camera_msgs__rosidl_typesupport_introspection_c.dir/rosidl_typesupport_introspection_c/astra_camera_msgs/srv/detail/set_int32__type_support.c.o[0m
[20.402s] [ 57%] [32mBuilding C object CMakeFiles/astra_camera_msgs__rosidl_typesupport_introspection_c.dir/rosidl_typesupport_introspection_c/astra_camera_msgs/srv/detail/get_string__type_support.c.o[0m
[20.427s] [ 58%] [32mBuilding CXX object CMakeFiles/astra_camera_msgs__rosidl_typesupport_fastrtps_c.dir/rosidl_typesupport_fastrtps_c/astra_camera_msgs/msg/detail/device_info__type_support_c.cpp.o[0m
[20.459s] [ 60%] [32mBuilding CXX object CMakeFiles/astra_camera_msgs__rosidl_typesupport_fastrtps_c.dir/rosidl_typesupport_fastrtps_c/astra_camera_msgs/msg/detail/extrinsics__type_support_c.cpp.o[0m
[20.587s] [ 61%] [32mBuilding CXX object CMakeFiles/astra_camera_msgs__rosidl_typesupport_fastrtps_c.dir/rosidl_typesupport_fastrtps_c/astra_camera_msgs/msg/detail/metadata__type_support_c.cpp.o[0m
[20.635s] [ 62%] [32m[1mLinking CXX shared library libastra_camera_msgs__rosidl_typesupport_cpp.so[0m
[20.704s] [ 63%] [32mBuilding CXX object CMakeFiles/astra_camera_msgs__rosidl_typesupport_fastrtps_c.dir/rosidl_typesupport_fastrtps_c/astra_camera_msgs/srv/detail/get_device_info__type_support_c.cpp.o[0m
[20.719s] [ 64%] [32m[1mLinking C shared library libastra_camera_msgs__rosidl_typesupport_introspection_c.so[0m
[20.846s] [ 64%] Built target astra_camera_msgs__rosidl_typesupport_introspection_c
[20.886s] [ 64%] Built target astra_camera_msgs__rosidl_typesupport_cpp
[20.983s] [ 65%] [32mBuilding CXX object CMakeFiles/astra_camera_msgs__rosidl_typesupport_fastrtps_cpp.dir/rosidl_typesupport_fastrtps_cpp/astra_camera_msgs/msg/detail/dds_fastrtps/device_info__type_support.cpp.o[0m
[21.227s] [ 67%] [32mBuilding CXX object CMakeFiles/astra_camera_msgs__rosidl_typesupport_fastrtps_c.dir/rosidl_typesupport_fastrtps_c/astra_camera_msgs/srv/detail/set_int32__type_support_c.cpp.o[0m
[21.238s] [ 67%] [32mBuilding CXX object CMakeFiles/astra_camera_msgs__rosidl_typesupport_fastrtps_cpp.dir/rosidl_typesupport_fastrtps_cpp/astra_camera_msgs/msg/detail/dds_fastrtps/extrinsics__type_support.cpp.o[0m
[21.421s] [ 68%] [32mBuilding CXX object CMakeFiles/astra_camera_msgs__rosidl_typesupport_fastrtps_cpp.dir/rosidl_typesupport_fastrtps_cpp/astra_camera_msgs/msg/detail/dds_fastrtps/metadata__type_support.cpp.o[0m
[21.438s] [ 69%] [32mBuilding CXX object CMakeFiles/astra_camera_msgs__rosidl_typesupport_fastrtps_c.dir/rosidl_typesupport_fastrtps_c/astra_camera_msgs/srv/detail/get_string__type_support_c.cpp.o[0m
[21.439s] [ 70%] [32mBuilding CXX object CMakeFiles/astra_camera_msgs__rosidl_typesupport_fastrtps_c.dir/rosidl_typesupport_fastrtps_c/astra_camera_msgs/srv/detail/get_int32__type_support_c.cpp.o[0m
[21.761s] [ 71%] [32mBuilding CXX object CMakeFiles/astra_camera_msgs__rosidl_typesupport_fastrtps_cpp.dir/rosidl_typesupport_fastrtps_cpp/astra_camera_msgs/srv/detail/dds_fastrtps/get_device_info__type_support.cpp.o[0m
[21.860s] [ 72%] [32mBuilding CXX object CMakeFiles/astra_camera_msgs__rosidl_typesupport_fastrtps_c.dir/rosidl_typesupport_fastrtps_c/astra_camera_msgs/srv/detail/get_camera_params__type_support_c.cpp.o[0m
[22.102s] [ 73%] [32mBuilding CXX object CMakeFiles/astra_camera_msgs__rosidl_typesupport_fastrtps_c.dir/rosidl_typesupport_fastrtps_c/astra_camera_msgs/srv/detail/get_camera_info__type_support_c.cpp.o[0m
[22.284s] [ 74%] [32mBuilding CXX object CMakeFiles/astra_camera_msgs__rosidl_typesupport_fastrtps_cpp.dir/rosidl_typesupport_fastrtps_cpp/astra_camera_msgs/srv/detail/dds_fastrtps/get_int32__type_support.cpp.o[0m
[22.346s] [ 75%] [32mBuilding CXX object CMakeFiles/astra_camera_msgs__rosidl_typesupport_fastrtps_cpp.dir/rosidl_typesupport_fastrtps_cpp/astra_camera_msgs/srv/detail/dds_fastrtps/get_camera_params__type_support.cpp.o[0m
[22.348s] [ 76%] [32mBuilding CXX object CMakeFiles/astra_camera_msgs__rosidl_typesupport_fastrtps_cpp.dir/rosidl_typesupport_fastrtps_cpp/astra_camera_msgs/srv/detail/dds_fastrtps/get_string__type_support.cpp.o[0m
[22.493s] [ 77%] [32mBuilding CXX object CMakeFiles/astra_camera_msgs__rosidl_typesupport_fastrtps_cpp.dir/rosidl_typesupport_fastrtps_cpp/astra_camera_msgs/srv/detail/dds_fastrtps/get_camera_info__type_support.cpp.o[0m
[22.933s] [ 78%] [32mBuilding CXX object CMakeFiles/astra_camera_msgs__rosidl_typesupport_fastrtps_cpp.dir/rosidl_typesupport_fastrtps_cpp/astra_camera_msgs/srv/detail/dds_fastrtps/set_int32__type_support.cpp.o[0m
[24.087s] [ 80%] [32m[1mLinking CXX shared library libastra_camera_msgs__rosidl_typesupport_fastrtps_c.so[0m
[24.401s] [ 81%] [32m[1mLinking CXX shared library libastra_camera_msgs__rosidl_typesupport_introspection_cpp.so[0m
[24.693s] [ 81%] Built target astra_camera_msgs__rosidl_typesupport_fastrtps_c
[25.516s] [ 81%] Built target astra_camera_msgs__rosidl_typesupport_introspection_cpp
[26.205s] [ 82%] [32m[1mLinking CXX shared library libastra_camera_msgs__rosidl_typesupport_fastrtps_cpp.so[0m
[26.699s] [ 82%] Built target astra_camera_msgs__rosidl_typesupport_fastrtps_cpp
[26.778s] [ 82%] Built target astra_camera_msgs
[26.866s] [ 83%] [34m[1mGenerating Python code for ROS interfaces[0m
[35.252s] [ 83%] Built target astra_camera_msgs__py
[35.315s] [ 84%] [32mBuilding C object CMakeFiles/astra_camera_msgs__rosidl_generator_py.dir/rosidl_generator_py/astra_camera_msgs/msg/_device_info_s.c.o[0m
[35.550s] [ 85%] [32mBuilding C object CMakeFiles/astra_camera_msgs__rosidl_generator_py.dir/rosidl_generator_py/astra_camera_msgs/srv/_set_int32_s.c.o[0m
[35.921s] [ 86%] [32mBuilding C object CMakeFiles/astra_camera_msgs__rosidl_generator_py.dir/rosidl_generator_py/astra_camera_msgs/srv/_get_string_s.c.o[0m
[36.146s] [ 87%] [32mBuilding C object CMakeFiles/astra_camera_msgs__rosidl_generator_py.dir/rosidl_generator_py/astra_camera_msgs/srv/_get_int32_s.c.o[0m
[36.586s] [ 88%] [32mBuilding C object CMakeFiles/astra_camera_msgs__rosidl_generator_py.dir/rosidl_generator_py/astra_camera_msgs/srv/_get_camera_params_s.c.o[0m
[36.930s] [ 89%] [32mBuilding C object CMakeFiles/astra_camera_msgs__rosidl_generator_py.dir/rosidl_generator_py/astra_camera_msgs/srv/_get_camera_info_s.c.o[0m
[37.160s] [ 90%] [32mBuilding C object CMakeFiles/astra_camera_msgs__rosidl_generator_py.dir/rosidl_generator_py/astra_camera_msgs/srv/_get_device_info_s.c.o[0m
[37.429s] [ 91%] [32mBuilding C object CMakeFiles/astra_camera_msgs__rosidl_generator_py.dir/rosidl_generator_py/astra_camera_msgs/msg/_metadata_s.c.o[0m
[37.816s] [ 92%] [32mBuilding C object CMakeFiles/astra_camera_msgs__rosidl_generator_py.dir/rosidl_generator_py/astra_camera_msgs/msg/_extrinsics_s.c.o[0m
[38.492s] [ 93%] [32m[1mLinking C shared library rosidl_generator_py/astra_camera_msgs/libastra_camera_msgs__rosidl_generator_py.so[0m
[38.613s] [ 93%] Built target astra_camera_msgs__rosidl_generator_py
[38.678s] [ 94%] [32mBuilding C object CMakeFiles/astra_camera_msgs__rosidl_typesupport_fastrtps_c__pyext.dir/rosidl_generator_py/astra_camera_msgs/_astra_camera_msgs_s.ep.rosidl_typesupport_fastrtps_c.c.o[0m
[38.944s] [ 95%] [32m[1mLinking C shared library rosidl_generator_py/astra_camera_msgs/astra_camera_msgs_s__rosidl_typesupport_fastrtps_c.cpython-310-x86_64-linux-gnu.so[0m
[39.166s] [ 95%] Built target astra_camera_msgs__rosidl_typesupport_fastrtps_c__pyext
[39.254s] [ 96%] [32mBuilding C object CMakeFiles/astra_camera_msgs__rosidl_typesupport_c__pyext.dir/rosidl_generator_py/astra_camera_msgs/_astra_camera_msgs_s.ep.rosidl_typesupport_c.c.o[0m
[39.654s] [ 97%] [32m[1mLinking C shared library rosidl_generator_py/astra_camera_msgs/astra_camera_msgs_s__rosidl_typesupport_c.cpython-310-x86_64-linux-gnu.so[0m
[39.731s] [ 97%] Built target astra_camera_msgs__rosidl_typesupport_c__pyext
[39.776s] [ 98%] [32mBuilding C object CMakeFiles/astra_camera_msgs__rosidl_typesupport_introspection_c__pyext.dir/rosidl_generator_py/astra_camera_msgs/_astra_camera_msgs_s.ep.rosidl_typesupport_introspection_c.c.o[0m
[40.026s] [100%] [32m[1mLinking C shared library rosidl_generator_py/astra_camera_msgs/astra_camera_msgs_s__rosidl_typesupport_introspection_c.cpython-310-x86_64-linux-gnu.so[0m
[40.117s] [100%] Built target astra_camera_msgs__rosidl_typesupport_introspection_c__pyext
[40.171s] Invoked command in '/home/wellyowo/locobot_sim/locobot_ws/src/build/astra_camera_msgs' returned '0': CMAKE_PREFIX_PATH=/opt/ros/humble /usr/bin/cmake --build /home/wellyowo/locobot_sim/locobot_ws/src/build/astra_camera_msgs -- -j16 -l16
[40.172s] Invoking command in '/home/wellyowo/locobot_sim/locobot_ws/src/build/astra_camera_msgs': CMAKE_PREFIX_PATH=/opt/ros/humble /usr/bin/cmake --install /home/wellyowo/locobot_sim/locobot_ws/src/build/astra_camera_msgs
[65.677s] -- Install configuration: ""
[65.677s] -- Installing: /home/wellyowo/locobot_sim/locobot_ws/src/install/astra_camera_msgs/share/ament_index/resource_index/rosidl_interfaces/astra_camera_msgs
[65.677s] -- Installing: /home/wellyowo/locobot_sim/locobot_ws/src/install/astra_camera_msgs/include/astra_camera_msgs/astra_camera_msgs
[65.677s] -- Installing: /home/wellyowo/locobot_sim/locobot_ws/src/install/astra_camera_msgs/include/astra_camera_msgs/astra_camera_msgs/srv
[65.677s] -- Installing: /home/wellyowo/locobot_sim/locobot_ws/src/install/astra_camera_msgs/include/astra_camera_msgs/astra_camera_msgs/srv/get_device_info.h
[65.678s] -- Installing: /home/wellyowo/locobot_sim/locobot_ws/src/install/astra_camera_msgs/include/astra_camera_msgs/astra_camera_msgs/srv/set_int32.h
[65.678s] -- Installing: /home/wellyowo/locobot_sim/locobot_ws/src/install/astra_camera_msgs/include/astra_camera_msgs/astra_camera_msgs/srv/get_camera_info.h
[65.678s] -- Installing: /home/wellyowo/locobot_sim/locobot_ws/src/install/astra_camera_msgs/include/astra_camera_msgs/astra_camera_msgs/srv/get_string.h
[65.678s] -- Installing: /home/wellyowo/locobot_sim/locobot_ws/src/install/astra_camera_msgs/include/astra_camera_msgs/astra_camera_msgs/srv/get_int32.h
[65.678s] -- Installing: /home/wellyowo/locobot_sim/locobot_ws/src/install/astra_camera_msgs/include/astra_camera_msgs/astra_camera_msgs/srv/get_camera_params.h
[65.678s] -- Installing: /home/wellyowo/locobot_sim/locobot_ws/src/install/astra_camera_msgs/include/astra_camera_msgs/astra_camera_msgs/srv/detail
[65.678s] -- Installing: /home/wellyowo/locobot_sim/locobot_ws/src/install/astra_camera_msgs/include/astra_camera_msgs/astra_camera_msgs/srv/detail/get_int32__struct.h
[65.678s] -- Installing: /home/wellyowo/locobot_sim/locobot_ws/src/install/astra_camera_msgs/include/astra_camera_msgs/astra_camera_msgs/srv/detail/get_int32__functions.h
[65.678s] -- Installing: /home/wellyowo/locobot_sim/locobot_ws/src/install/astra_camera_msgs/include/astra_camera_msgs/astra_camera_msgs/srv/detail/get_camera_info__functions.c
[65.678s] -- Installing: /home/wellyowo/locobot_sim/locobot_ws/src/install/astra_camera_msgs/include/astra_camera_msgs/astra_camera_msgs/srv/detail/get_device_info__functions.h
[65.678s] -- Installing: /home/wellyowo/locobot_sim/locobot_ws/src/install/astra_camera_msgs/include/astra_camera_msgs/astra_camera_msgs/srv/detail/get_camera_info__type_support.h
[65.678s] -- Installing: /home/wellyowo/locobot_sim/locobot_ws/src/install/astra_camera_msgs/include/astra_camera_msgs/astra_camera_msgs/srv/detail/set_int32__functions.h
[65.678s] -- Installing: /home/wellyowo/locobot_sim/locobot_ws/src/install/astra_camera_msgs/include/astra_camera_msgs/astra_camera_msgs/srv/detail/set_int32__type_support.h
[65.678s] -- Installing: /home/wellyowo/locobot_sim/locobot_ws/src/install/astra_camera_msgs/include/astra_camera_msgs/astra_camera_msgs/srv/detail/get_device_info__struct.h
[65.678s] -- Installing: /home/wellyowo/locobot_sim/locobot_ws/src/install/astra_camera_msgs/include/astra_camera_msgs/astra_camera_msgs/srv/detail/get_string__struct.h
[65.679s] -- Installing: /home/wellyowo/locobot_sim/locobot_ws/src/install/astra_camera_msgs/include/astra_camera_msgs/astra_camera_msgs/srv/detail/get_int32__type_support.h
[65.679s] -- Installing: /home/wellyowo/locobot_sim/locobot_ws/src/install/astra_camera_msgs/include/astra_camera_msgs/astra_camera_msgs/srv/detail/get_camera_info__functions.h
[65.679s] -- Installing: /home/wellyowo/locobot_sim/locobot_ws/src/install/astra_camera_msgs/include/astra_camera_msgs/astra_camera_msgs/srv/detail/get_camera_params__struct.h
[65.679s] -- Installing: /home/wellyowo/locobot_sim/locobot_ws/src/install/astra_camera_msgs/include/astra_camera_msgs/astra_camera_msgs/srv/detail/get_device_info__functions.c
[65.679s] -- Installing: /home/wellyowo/locobot_sim/locobot_ws/src/install/astra_camera_msgs/include/astra_camera_msgs/astra_camera_msgs/srv/detail/get_string__functions.c
[65.679s] -- Installing: /home/wellyowo/locobot_sim/locobot_ws/src/install/astra_camera_msgs/include/astra_camera_msgs/astra_camera_msgs/srv/detail/get_camera_params__type_support.h
[65.679s] -- Installing: /home/wellyowo/locobot_sim/locobot_ws/src/install/astra_camera_msgs/include/astra_camera_msgs/astra_camera_msgs/srv/detail/get_string__functions.h
[65.679s] -- Installing: /home/wellyowo/locobot_sim/locobot_ws/src/install/astra_camera_msgs/include/astra_camera_msgs/astra_camera_msgs/srv/detail/get_string__type_support.h
[65.679s] -- Installing: /home/wellyowo/locobot_sim/locobot_ws/src/install/astra_camera_msgs/include/astra_camera_msgs/astra_camera_msgs/srv/detail/get_int32__functions.c
[65.679s] -- Installing: /home/wellyowo/locobot_sim/locobot_ws/src/install/astra_camera_msgs/include/astra_camera_msgs/astra_camera_msgs/srv/detail/get_camera_params__functions.c
[65.679s] -- Installing: /home/wellyowo/locobot_sim/locobot_ws/src/install/astra_camera_msgs/include/astra_camera_msgs/astra_camera_msgs/srv/detail/set_int32__functions.c
[65.679s] -- Installing: /home/wellyowo/locobot_sim/locobot_ws/src/install/astra_camera_msgs/include/astra_camera_msgs/astra_camera_msgs/srv/detail/get_device_info__type_support.h
[65.679s] -- Installing: /home/wellyowo/locobot_sim/locobot_ws/src/install/astra_camera_msgs/include/astra_camera_msgs/astra_camera_msgs/srv/detail/get_camera_info__struct.h
[65.680s] -- Installing: /home/wellyowo/locobot_sim/locobot_ws/src/install/astra_camera_msgs/include/astra_camera_msgs/astra_camera_msgs/srv/detail/set_int32__struct.h
[65.688s] -- Installing: /home/wellyowo/locobot_sim/locobot_ws/src/install/astra_camera_msgs/include/astra_camera_msgs/astra_camera_msgs/srv/detail/get_camera_params__functions.h
[65.688s] -- Installing: /home/wellyowo/locobot_sim/locobot_ws/src/install/astra_camera_msgs/include/astra_camera_msgs/astra_camera_msgs/msg
[65.688s] -- Installing: /home/wellyowo/locobot_sim/locobot_ws/src/install/astra_camera_msgs/include/astra_camera_msgs/astra_camera_msgs/msg/metadata.h
[65.688s] -- Installing: /home/wellyowo/locobot_sim/locobot_ws/src/install/astra_camera_msgs/include/astra_camera_msgs/astra_camera_msgs/msg/extrinsics.h
[65.688s] -- Installing: /home/wellyowo/locobot_sim/locobot_ws/src/install/astra_camera_msgs/include/astra_camera_msgs/astra_camera_msgs/msg/device_info.h
[65.689s] -- Installing: /home/wellyowo/locobot_sim/locobot_ws/src/install/astra_camera_msgs/include/astra_camera_msgs/astra_camera_msgs/msg/rosidl_generator_c__visibility_control.h
[65.689s] -- Installing: /home/wellyowo/locobot_sim/locobot_ws/src/install/astra_camera_msgs/include/astra_camera_msgs/astra_camera_msgs/msg/detail
[65.689s] -- Installing: /home/wellyowo/locobot_sim/locobot_ws/src/install/astra_camera_msgs/include/astra_camera_msgs/astra_camera_msgs/msg/detail/device_info__type_support.h
[65.689s] -- Installing: /home/wellyowo/locobot_sim/locobot_ws/src/install/astra_camera_msgs/include/astra_camera_msgs/astra_camera_msgs/msg/detail/device_info__struct.h
[65.689s] -- Installing: /home/wellyowo/locobot_sim/locobot_ws/src/install/astra_camera_msgs/include/astra_camera_msgs/astra_camera_msgs/msg/detail/metadata__type_support.h
[65.689s] -- Installing: /home/wellyowo/locobot_sim/locobot_ws/src/install/astra_camera_msgs/include/astra_camera_msgs/astra_camera_msgs/msg/detail/device_info__functions.c
[65.689s] -- Installing: /home/wellyowo/locobot_sim/locobot_ws/src/install/astra_camera_msgs/include/astra_camera_msgs/astra_camera_msgs/msg/detail/extrinsics__functions.c
[65.689s] -- Installing: /home/wellyowo/locobot_sim/locobot_ws/src/install/astra_camera_msgs/include/astra_camera_msgs/astra_camera_msgs/msg/detail/metadata__functions.h
[65.689s] -- Installing: /home/wellyowo/locobot_sim/locobot_ws/src/install/astra_camera_msgs/include/astra_camera_msgs/astra_camera_msgs/msg/detail/extrinsics__type_support.h
[65.689s] -- Installing: /home/wellyowo/locobot_sim/locobot_ws/src/install/astra_camera_msgs/include/astra_camera_msgs/astra_camera_msgs/msg/detail/extrinsics__functions.h
[65.689s] -- Installing: /home/wellyowo/locobot_sim/locobot_ws/src/install/astra_camera_msgs/include/astra_camera_msgs/astra_camera_msgs/msg/detail/metadata__struct.h
[65.689s] -- Installing: /home/wellyowo/locobot_sim/locobot_ws/src/install/astra_camera_msgs/include/astra_camera_msgs/astra_camera_msgs/msg/detail/extrinsics__struct.h
[65.689s] -- Installing: /home/wellyowo/locobot_sim/locobot_ws/src/install/astra_camera_msgs/include/astra_camera_msgs/astra_camera_msgs/msg/detail/device_info__functions.h
[65.689s] -- Installing: /home/wellyowo/locobot_sim/locobot_ws/src/install/astra_camera_msgs/include/astra_camera_msgs/astra_camera_msgs/msg/detail/metadata__functions.c
[65.689s] -- Installing: /home/wellyowo/locobot_sim/locobot_ws/src/install/astra_camera_msgs/share/astra_camera_msgs/environment/library_path.sh
[65.689s] -- Installing: /home/wellyowo/locobot_sim/locobot_ws/src/install/astra_camera_msgs/share/astra_camera_msgs/environment/library_path.dsv
[65.689s] -- Installing: /home/wellyowo/locobot_sim/locobot_ws/src/install/astra_camera_msgs/lib/libastra_camera_msgs__rosidl_generator_c.so
[65.690s] -- Set runtime path of "/home/wellyowo/locobot_sim/locobot_ws/src/install/astra_camera_msgs/lib/libastra_camera_msgs__rosidl_generator_c.so" to ""
[65.690s] -- Up-to-date: /home/wellyowo/locobot_sim/locobot_ws/src/install/astra_camera_msgs/include/astra_camera_msgs/astra_camera_msgs
[65.690s] -- Up-to-date: /home/wellyowo/locobot_sim/locobot_ws/src/install/astra_camera_msgs/include/astra_camera_msgs/astra_camera_msgs/srv
[65.690s] -- Up-to-date: /home/wellyowo/locobot_sim/locobot_ws/src/install/astra_camera_msgs/include/astra_camera_msgs/astra_camera_msgs/srv/detail
[65.690s] -- Installing: /home/wellyowo/locobot_sim/locobot_ws/src/install/astra_camera_msgs/include/astra_camera_msgs/astra_camera_msgs/srv/detail/get_string__rosidl_typesupport_fastrtps_c.h
[65.690s] -- Installing: /home/wellyowo/locobot_sim/locobot_ws/src/install/astra_camera_msgs/include/astra_camera_msgs/astra_camera_msgs/srv/detail/get_device_info__rosidl_typesupport_fastrtps_c.h
[65.690s] -- Installing: /home/wellyowo/locobot_sim/locobot_ws/src/install/astra_camera_msgs/include/astra_camera_msgs/astra_camera_msgs/srv/detail/get_int32__rosidl_typesupport_fastrtps_c.h
[65.690s] -- Installing: /home/wellyowo/locobot_sim/locobot_ws/src/install/astra_camera_msgs/include/astra_camera_msgs/astra_camera_msgs/srv/detail/set_int32__rosidl_typesupport_fastrtps_c.h
[65.690s] -- Installing: /home/wellyowo/locobot_sim/locobot_ws/src/install/astra_camera_msgs/include/astra_camera_msgs/astra_camera_msgs/srv/detail/get_camera_params__rosidl_typesupport_fastrtps_c.h
[65.690s] -- Installing: /home/wellyowo/locobot_sim/locobot_ws/src/install/astra_camera_msgs/include/astra_camera_msgs/astra_camera_msgs/srv/detail/get_camera_info__rosidl_typesupport_fastrtps_c.h
[65.690s] -- Up-to-date: /home/wellyowo/locobot_sim/locobot_ws/src/install/astra_camera_msgs/include/astra_camera_msgs/astra_camera_msgs/msg
[65.690s] -- Installing: /home/wellyowo/locobot_sim/locobot_ws/src/install/astra_camera_msgs/include/astra_camera_msgs/astra_camera_msgs/msg/rosidl_typesupport_fastrtps_c__visibility_control.h
[65.690s] -- Up-to-date: /home/wellyowo/locobot_sim/locobot_ws/src/install/astra_camera_msgs/include/astra_camera_msgs/astra_camera_msgs/msg/detail
[65.690s] -- Installing: /home/wellyowo/locobot_sim/locobot_ws/src/install/astra_camera_msgs/include/astra_camera_msgs/astra_camera_msgs/msg/detail/device_info__rosidl_typesupport_fastrtps_c.h
[65.697s] -- Installing: /home/wellyowo/locobot_sim/locobot_ws/src/install/astra_camera_msgs/include/astra_camera_msgs/astra_camera_msgs/msg/detail/metadata__rosidl_typesupport_fastrtps_c.h
[65.697s] -- Installing: /home/wellyowo/locobot_sim/locobot_ws/src/install/astra_camera_msgs/include/astra_camera_msgs/astra_camera_msgs/msg/detail/extrinsics__rosidl_typesupport_fastrtps_c.h
[65.697s] -- Installing: /home/wellyowo/locobot_sim/locobot_ws/src/install/astra_camera_msgs/lib/libastra_camera_msgs__rosidl_typesupport_fastrtps_c.so
[65.697s] -- Set runtime path of "/home/wellyowo/locobot_sim/locobot_ws/src/install/astra_camera_msgs/lib/libastra_camera_msgs__rosidl_typesupport_fastrtps_c.so" to ""
[65.697s] -- Up-to-date: /home/wellyowo/locobot_sim/locobot_ws/src/install/astra_camera_msgs/include/astra_camera_msgs/astra_camera_msgs
[65.697s] -- Up-to-date: /home/wellyowo/locobot_sim/locobot_ws/src/install/astra_camera_msgs/include/astra_camera_msgs/astra_camera_msgs/srv
[65.697s] -- Up-to-date: /home/wellyowo/locobot_sim/locobot_ws/src/install/astra_camera_msgs/include/astra_camera_msgs/astra_camera_msgs/srv/detail
[65.697s] -- Installing: /home/wellyowo/locobot_sim/locobot_ws/src/install/astra_camera_msgs/include/astra_camera_msgs/astra_camera_msgs/srv/detail/get_camera_info__type_support.c
[65.697s] -- Installing: /home/wellyowo/locobot_sim/locobot_ws/src/install/astra_camera_msgs/include/astra_camera_msgs/astra_camera_msgs/srv/detail/get_string__rosidl_typesupport_introspection_c.h
[65.698s] -- Installing: /home/wellyowo/locobot_sim/locobot_ws/src/install/astra_camera_msgs/include/astra_camera_msgs/astra_camera_msgs/srv/detail/set_int32__rosidl_typesupport_introspection_c.h
[65.698s] -- Installing: /home/wellyowo/locobot_sim/locobot_ws/src/install/astra_camera_msgs/include/astra_camera_msgs/astra_camera_msgs/srv/detail/set_int32__type_support.c
[65.698s] -- Installing: /home/wellyowo/locobot_sim/locobot_ws/src/install/astra_camera_msgs/include/astra_camera_msgs/astra_camera_msgs/srv/detail/get_int32__type_support.c
[65.698s] -- Installing: /home/wellyowo/locobot_sim/locobot_ws/src/install/astra_camera_msgs/include/astra_camera_msgs/astra_camera_msgs/srv/detail/get_camera_params__type_support.c
[65.698s] -- Installing: /home/wellyowo/locobot_sim/locobot_ws/src/install/astra_camera_msgs/include/astra_camera_msgs/astra_camera_msgs/srv/detail/get_device_info__rosidl_typesupport_introspection_c.h
[65.698s] -- Installing: /home/wellyowo/locobot_sim/locobot_ws/src/install/astra_camera_msgs/include/astra_camera_msgs/astra_camera_msgs/srv/detail/get_int32__rosidl_typesupport_introspection_c.h
[65.698s] -- Installing: /home/wellyowo/locobot_sim/locobot_ws/src/install/astra_camera_msgs/include/astra_camera_msgs/astra_camera_msgs/srv/detail/get_camera_params__rosidl_typesupport_introspection_c.h
[65.698s] -- Installing: /home/wellyowo/locobot_sim/locobot_ws/src/install/astra_camera_msgs/include/astra_camera_msgs/astra_camera_msgs/srv/detail/get_camera_info__rosidl_typesupport_introspection_c.h
[65.698s] -- Installing: /home/wellyowo/locobot_sim/locobot_ws/src/install/astra_camera_msgs/include/astra_camera_msgs/astra_camera_msgs/srv/detail/get_string__type_support.c
[65.698s] -- Installing: /home/wellyowo/locobot_sim/locobot_ws/src/install/astra_camera_msgs/include/astra_camera_msgs/astra_camera_msgs/srv/detail/get_device_info__type_support.c
[65.698s] -- Up-to-date: /home/wellyowo/locobot_sim/locobot_ws/src/install/astra_camera_msgs/include/astra_camera_msgs/astra_camera_msgs/msg
[65.698s] -- Installing: /home/wellyowo/locobot_sim/locobot_ws/src/install/astra_camera_msgs/include/astra_camera_msgs/astra_camera_msgs/msg/rosidl_typesupport_introspection_c__visibility_control.h
[65.706s] -- Up-to-date: /home/wellyowo/locobot_sim/locobot_ws/src/install/astra_camera_msgs/include/astra_camera_msgs/astra_camera_msgs/msg/detail
[65.707s] -- Installing: /home/wellyowo/locobot_sim/locobot_ws/src/install/astra_camera_msgs/include/astra_camera_msgs/astra_camera_msgs/msg/detail/device_info__rosidl_typesupport_introspection_c.h
[65.707s] -- Installing: /home/wellyowo/locobot_sim/locobot_ws/src/install/astra_camera_msgs/include/astra_camera_msgs/astra_camera_msgs/msg/detail/metadata__type_support.c
[65.707s] -- Installing: /home/wellyowo/locobot_sim/locobot_ws/src/install/astra_camera_msgs/include/astra_camera_msgs/astra_camera_msgs/msg/detail/extrinsics__rosidl_typesupport_introspection_c.h
[65.707s] -- Installing: /home/wellyowo/locobot_sim/locobot_ws/src/install/astra_camera_msgs/include/astra_camera_msgs/astra_camera_msgs/msg/detail/device_info__type_support.c
[65.707s] -- Installing: /home/wellyowo/locobot_sim/locobot_ws/src/install/astra_camera_msgs/include/astra_camera_msgs/astra_camera_msgs/msg/detail/metadata__rosidl_typesupport_introspection_c.h
[65.707s] -- Installing: /home/wellyowo/locobot_sim/locobot_ws/src/install/astra_camera_msgs/include/astra_camera_msgs/astra_camera_msgs/msg/detail/extrinsics__type_support.c
[65.707s] -- Installing: /home/wellyowo/locobot_sim/locobot_ws/src/install/astra_camera_msgs/lib/libastra_camera_msgs__rosidl_typesupport_introspection_c.so
[65.707s] -- Set runtime path of "/home/wellyowo/locobot_sim/locobot_ws/src/install/astra_camera_msgs/lib/libastra_camera_msgs__rosidl_typesupport_introspection_c.so" to ""
[65.707s] -- Installing: /home/wellyowo/locobot_sim/locobot_ws/src/install/astra_camera_msgs/lib/libastra_camera_msgs__rosidl_typesupport_c.so
[65.707s] -- Set runtime path of "/home/wellyowo/locobot_sim/locobot_ws/src/install/astra_camera_msgs/lib/libastra_camera_msgs__rosidl_typesupport_c.so" to ""
[65.707s] -- Up-to-date: /home/wellyowo/locobot_sim/locobot_ws/src/install/astra_camera_msgs/include/astra_camera_msgs/astra_camera_msgs
[65.707s] -- Up-to-date: /home/wellyowo/locobot_sim/locobot_ws/src/install/astra_camera_msgs/include/astra_camera_msgs/astra_camera_msgs/srv
[65.708s] -- Installing: /home/wellyowo/locobot_sim/locobot_ws/src/install/astra_camera_msgs/include/astra_camera_msgs/astra_camera_msgs/srv/get_camera_info.hpp
[65.708s] -- Installing: /home/wellyowo/locobot_sim/locobot_ws/src/install/astra_camera_msgs/include/astra_camera_msgs/astra_camera_msgs/srv/get_camera_params.hpp
[65.708s] -- Installing: /home/wellyowo/locobot_sim/locobot_ws/src/install/astra_camera_msgs/include/astra_camera_msgs/astra_camera_msgs/srv/get_int32.hpp
[65.708s] -- Installing: /home/wellyowo/locobot_sim/locobot_ws/src/install/astra_camera_msgs/include/astra_camera_msgs/astra_camera_msgs/srv/get_string.hpp
[65.708s] -- Installing: /home/wellyowo/locobot_sim/locobot_ws/src/install/astra_camera_msgs/include/astra_camera_msgs/astra_camera_msgs/srv/get_device_info.hpp
[65.708s] -- Installing: /home/wellyowo/locobot_sim/locobot_ws/src/install/astra_camera_msgs/include/astra_camera_msgs/astra_camera_msgs/srv/set_int32.hpp
[65.708s] -- Up-to-date: /home/wellyowo/locobot_sim/locobot_ws/src/install/astra_camera_msgs/include/astra_camera_msgs/astra_camera_msgs/srv/detail
[65.708s] -- Installing: /home/wellyowo/locobot_sim/locobot_ws/src/install/astra_camera_msgs/include/astra_camera_msgs/astra_camera_msgs/srv/detail/get_device_info__traits.hpp
[65.708s] -- Installing: /home/wellyowo/locobot_sim/locobot_ws/src/install/astra_camera_msgs/include/astra_camera_msgs/astra_camera_msgs/srv/detail/get_string__type_support.hpp
[65.708s] -- Installing: /home/wellyowo/locobot_sim/locobot_ws/src/install/astra_camera_msgs/include/astra_camera_msgs/astra_camera_msgs/srv/detail/get_int32__builder.hpp
[65.708s] -- Installing: /home/wellyowo/locobot_sim/locobot_ws/src/install/astra_camera_msgs/include/astra_camera_msgs/astra_camera_msgs/srv/detail/set_int32__builder.hpp
[65.708s] -- Installing: /home/wellyowo/locobot_sim/locobot_ws/src/install/astra_camera_msgs/include/astra_camera_msgs/astra_camera_msgs/srv/detail/get_device_info__struct.hpp
[65.708s] -- Installing: /home/wellyowo/locobot_sim/locobot_ws/src/install/astra_camera_msgs/include/astra_camera_msgs/astra_camera_msgs/srv/detail/get_camera_params__struct.hpp
[65.708s] -- Installing: /home/wellyowo/locobot_sim/locobot_ws/src/install/astra_camera_msgs/include/astra_camera_msgs/astra_camera_msgs/srv/detail/get_camera_params__traits.hpp
[65.708s] -- Installing: /home/wellyowo/locobot_sim/locobot_ws/src/install/astra_camera_msgs/include/astra_camera_msgs/astra_camera_msgs/srv/detail/set_int32__struct.hpp
[65.709s] -- Installing: /home/wellyowo/locobot_sim/locobot_ws/src/install/astra_camera_msgs/include/astra_camera_msgs/astra_camera_msgs/srv/detail/get_string__struct.hpp
[65.709s] -- Installing: /home/wellyowo/locobot_sim/locobot_ws/src/install/astra_camera_msgs/include/astra_camera_msgs/astra_camera_msgs/srv/detail/get_int32__traits.hpp
[65.709s] -- Installing: /home/wellyowo/locobot_sim/locobot_ws/src/install/astra_camera_msgs/include/astra_camera_msgs/astra_camera_msgs/srv/detail/get_camera_info__type_support.hpp
[65.709s] -- Installing: /home/wellyowo/locobot_sim/locobot_ws/src/install/astra_camera_msgs/include/astra_camera_msgs/astra_camera_msgs/srv/detail/set_int32__type_support.hpp
[65.709s] -- Installing: /home/wellyowo/locobot_sim/locobot_ws/src/install/astra_camera_msgs/include/astra_camera_msgs/astra_camera_msgs/srv/detail/get_camera_info__traits.hpp
[65.709s] -- Installing: /home/wellyowo/locobot_sim/locobot_ws/src/install/astra_camera_msgs/include/astra_camera_msgs/astra_camera_msgs/srv/detail/get_camera_info__struct.hpp
[65.709s] -- Installing: /home/wellyowo/locobot_sim/locobot_ws/src/install/astra_camera_msgs/include/astra_camera_msgs/astra_camera_msgs/srv/detail/get_int32__type_support.hpp
[65.710s] -- Installing: /home/wellyowo/locobot_sim/locobot_ws/src/install/astra_camera_msgs/include/astra_camera_msgs/astra_camera_msgs/srv/detail/get_camera_params__builder.hpp
[65.710s] -- Installing: /home/wellyowo/locobot_sim/locobot_ws/src/install/astra_camera_msgs/include/astra_camera_msgs/astra_camera_msgs/srv/detail/get_camera_params__type_support.hpp
[65.710s] -- Installing: /home/wellyowo/locobot_sim/locobot_ws/src/install/astra_camera_msgs/include/astra_camera_msgs/astra_camera_msgs/srv/detail/get_camera_info__builder.hpp
[65.710s] -- Installing: /home/wellyowo/locobot_sim/locobot_ws/src/install/astra_camera_msgs/include/astra_camera_msgs/astra_camera_msgs/srv/detail/get_int32__struct.hpp
[65.717s] -- Installing: /home/wellyowo/locobot_sim/locobot_ws/src/install/astra_camera_msgs/include/astra_camera_msgs/astra_camera_msgs/srv/detail/get_string__traits.hpp
[65.718s] -- Installing: /home/wellyowo/locobot_sim/locobot_ws/src/install/astra_camera_msgs/include/astra_camera_msgs/astra_camera_msgs/srv/detail/set_int32__traits.hpp
[65.718s] -- Installing: /home/wellyowo/locobot_sim/locobot_ws/src/install/astra_camera_msgs/include/astra_camera_msgs/astra_camera_msgs/srv/detail/get_device_info__type_support.hpp
[65.718s] -- Installing: /home/wellyowo/locobot_sim/locobot_ws/src/install/astra_camera_msgs/include/astra_camera_msgs/astra_camera_msgs/srv/detail/get_device_info__builder.hpp
[65.718s] -- Installing: /home/wellyowo/locobot_sim/locobot_ws/src/install/astra_camera_msgs/include/astra_camera_msgs/astra_camera_msgs/srv/detail/get_string__builder.hpp
[65.718s] -- Up-to-date: /home/wellyowo/locobot_sim/locobot_ws/src/install/astra_camera_msgs/include/astra_camera_msgs/astra_camera_msgs/msg
[65.718s] -- Installing: /home/wellyowo/locobot_sim/locobot_ws/src/install/astra_camera_msgs/include/astra_camera_msgs/astra_camera_msgs/msg/device_info.hpp
[65.718s] -- Installing: /home/wellyowo/locobot_sim/locobot_ws/src/install/astra_camera_msgs/include/astra_camera_msgs/astra_camera_msgs/msg/rosidl_generator_cpp__visibility_control.hpp
[65.718s] -- Installing: /home/wellyowo/locobot_sim/locobot_ws/src/install/astra_camera_msgs/include/astra_camera_msgs/astra_camera_msgs/msg/extrinsics.hpp
[65.718s] -- Installing: /home/wellyowo/locobot_sim/locobot_ws/src/install/astra_camera_msgs/include/astra_camera_msgs/astra_camera_msgs/msg/metadata.hpp
[65.718s] -- Up-to-date: /home/wellyowo/locobot_sim/locobot_ws/src/install/astra_camera_msgs/include/astra_camera_msgs/astra_camera_msgs/msg/detail
[65.719s] -- Installing: /home/wellyowo/locobot_sim/locobot_ws/src/install/astra_camera_msgs/include/astra_camera_msgs/astra_camera_msgs/msg/detail/extrinsics__struct.hpp
[65.719s] -- Installing: /home/wellyowo/locobot_sim/locobot_ws/src/install/astra_camera_msgs/include/astra_camera_msgs/astra_camera_msgs/msg/detail/metadata__type_support.hpp
[65.719s] -- Installing: /home/wellyowo/locobot_sim/locobot_ws/src/install/astra_camera_msgs/include/astra_camera_msgs/astra_camera_msgs/msg/detail/device_info__builder.hpp
[65.719s] -- Installing: /home/wellyowo/locobot_sim/locobot_ws/src/install/astra_camera_msgs/include/astra_camera_msgs/astra_camera_msgs/msg/detail/device_info__type_support.hpp
[65.719s] -- Installing: /home/wellyowo/locobot_sim/locobot_ws/src/install/astra_camera_msgs/include/astra_camera_msgs/astra_camera_msgs/msg/detail/metadata__traits.hpp
[65.719s] -- Installing: /home/wellyowo/locobot_sim/locobot_ws/src/install/astra_camera_msgs/include/astra_camera_msgs/astra_camera_msgs/msg/detail/metadata__struct.hpp
[65.719s] -- Installing: /home/wellyowo/locobot_sim/locobot_ws/src/install/astra_camera_msgs/include/astra_camera_msgs/astra_camera_msgs/msg/detail/extrinsics__type_support.hpp
[65.719s] -- Installing: /home/wellyowo/locobot_sim/locobot_ws/src/install/astra_camera_msgs/include/astra_camera_msgs/astra_camera_msgs/msg/detail/device_info__traits.hpp
[65.719s] -- Installing: /home/wellyowo/locobot_sim/locobot_ws/src/install/astra_camera_msgs/include/astra_camera_msgs/astra_camera_msgs/msg/detail/extrinsics__builder.hpp
[65.719s] -- Installing: /home/wellyowo/locobot_sim/locobot_ws/src/install/astra_camera_msgs/include/astra_camera_msgs/astra_camera_msgs/msg/detail/extrinsics__traits.hpp
[65.719s] -- Installing: /home/wellyowo/locobot_sim/locobot_ws/src/install/astra_camera_msgs/include/astra_camera_msgs/astra_camera_msgs/msg/detail/metadata__builder.hpp
[65.719s] -- Installing: /home/wellyowo/locobot_sim/locobot_ws/src/install/astra_camera_msgs/include/astra_camera_msgs/astra_camera_msgs/msg/detail/device_info__struct.hpp
[65.719s] -- Up-to-date: /home/wellyowo/locobot_sim/locobot_ws/src/install/astra_camera_msgs/include/astra_camera_msgs/astra_camera_msgs
[65.719s] -- Up-to-date: /home/wellyowo/locobot_sim/locobot_ws/src/install/astra_camera_msgs/include/astra_camera_msgs/astra_camera_msgs/srv
[65.720s] -- Up-to-date: /home/wellyowo/locobot_sim/locobot_ws/src/install/astra_camera_msgs/include/astra_camera_msgs/astra_camera_msgs/srv/detail
[65.720s] -- Installing: /home/wellyowo/locobot_sim/locobot_ws/src/install/astra_camera_msgs/include/astra_camera_msgs/astra_camera_msgs/srv/detail/get_device_info__rosidl_typesupport_fastrtps_cpp.hpp
[65.720s] -- Installing: /home/wellyowo/locobot_sim/locobot_ws/src/install/astra_camera_msgs/include/astra_camera_msgs/astra_camera_msgs/srv/detail/get_string__rosidl_typesupport_fastrtps_cpp.hpp
[65.720s] -- Installing: /home/wellyowo/locobot_sim/locobot_ws/src/install/astra_camera_msgs/include/astra_camera_msgs/astra_camera_msgs/srv/detail/get_camera_info__rosidl_typesupport_fastrtps_cpp.hpp
[65.720s] -- Installing: /home/wellyowo/locobot_sim/locobot_ws/src/install/astra_camera_msgs/include/astra_camera_msgs/astra_camera_msgs/srv/detail/get_int32__rosidl_typesupport_fastrtps_cpp.hpp
[65.720s] -- Installing: /home/wellyowo/locobot_sim/locobot_ws/src/install/astra_camera_msgs/include/astra_camera_msgs/astra_camera_msgs/srv/detail/set_int32__rosidl_typesupport_fastrtps_cpp.hpp
[65.720s] -- Installing: /home/wellyowo/locobot_sim/locobot_ws/src/install/astra_camera_msgs/include/astra_camera_msgs/astra_camera_msgs/srv/detail/get_camera_params__rosidl_typesupport_fastrtps_cpp.hpp
[65.720s] -- Installing: /home/wellyowo/locobot_sim/locobot_ws/src/install/astra_camera_msgs/include/astra_camera_msgs/astra_camera_msgs/srv/detail/dds_fastrtps
[65.720s] -- Up-to-date: /home/wellyowo/locobot_sim/locobot_ws/src/install/astra_camera_msgs/include/astra_camera_msgs/astra_camera_msgs/msg
[65.720s] -- Installing: /home/wellyowo/locobot_sim/locobot_ws/src/install/astra_camera_msgs/include/astra_camera_msgs/astra_camera_msgs/msg/rosidl_typesupport_fastrtps_cpp__visibility_control.h
[65.720s] -- Up-to-date: /home/wellyowo/locobot_sim/locobot_ws/src/install/astra_camera_msgs/include/astra_camera_msgs/astra_camera_msgs/msg/detail
[65.720s] -- Installing: /home/wellyowo/locobot_sim/locobot_ws/src/install/astra_camera_msgs/include/astra_camera_msgs/astra_camera_msgs/msg/detail/metadata__rosidl_typesupport_fastrtps_cpp.hpp
[65.721s] -- Installing: /home/wellyowo/locobot_sim/locobot_ws/src/install/astra_camera_msgs/include/astra_camera_msgs/astra_camera_msgs/msg/detail/device_info__rosidl_typesupport_fastrtps_cpp.hpp
[65.721s] -- Installing: /home/wellyowo/locobot_sim/locobot_ws/src/install/astra_camera_msgs/include/astra_camera_msgs/astra_camera_msgs/msg/detail/extrinsics__rosidl_typesupport_fastrtps_cpp.hpp
[65.721s] -- Installing: /home/wellyowo/locobot_sim/locobot_ws/src/install/astra_camera_msgs/include/astra_camera_msgs/astra_camera_msgs/msg/detail/dds_fastrtps
[65.721s] -- Installing: /home/wellyowo/locobot_sim/locobot_ws/src/install/astra_camera_msgs/lib/libastra_camera_msgs__rosidl_typesupport_fastrtps_cpp.so
[65.721s] -- Set runtime path of "/home/wellyowo/locobot_sim/locobot_ws/src/install/astra_camera_msgs/lib/libastra_camera_msgs__rosidl_typesupport_fastrtps_cpp.so" to ""
[65.721s] -- Up-to-date: /home/wellyowo/locobot_sim/locobot_ws/src/install/astra_camera_msgs/include/astra_camera_msgs/astra_camera_msgs
[65.721s] -- Up-to-date: /home/wellyowo/locobot_sim/locobot_ws/src/install/astra_camera_msgs/include/astra_camera_msgs/astra_camera_msgs/srv
[65.721s] -- Up-to-date: /home/wellyowo/locobot_sim/locobot_ws/src/install/astra_camera_msgs/include/astra_camera_msgs/astra_camera_msgs/srv/detail
[65.721s] -- Installing: /home/wellyowo/locobot_sim/locobot_ws/src/install/astra_camera_msgs/include/astra_camera_msgs/astra_camera_msgs/srv/detail/get_camera_info__rosidl_typesupport_introspection_cpp.hpp
[65.721s] -- Installing: /home/wellyowo/locobot_sim/locobot_ws/src/install/astra_camera_msgs/include/astra_camera_msgs/astra_camera_msgs/srv/detail/get_string__rosidl_typesupport_introspection_cpp.hpp
[65.721s] -- Installing: /home/wellyowo/locobot_sim/locobot_ws/src/install/astra_camera_msgs/include/astra_camera_msgs/astra_camera_msgs/srv/detail/get_camera_params__rosidl_typesupport_introspection_cpp.hpp
[65.721s] -- Installing: /home/wellyowo/locobot_sim/locobot_ws/src/install/astra_camera_msgs/include/astra_camera_msgs/astra_camera_msgs/srv/detail/set_int32__rosidl_typesupport_introspection_cpp.hpp
[65.730s] -- Installing: /home/wellyowo/locobot_sim/locobot_ws/src/install/astra_camera_msgs/include/astra_camera_msgs/astra_camera_msgs/srv/detail/get_int32__rosidl_typesupport_introspection_cpp.hpp
[65.730s] -- Installing: /home/wellyowo/locobot_sim/locobot_ws/src/install/astra_camera_msgs/include/astra_camera_msgs/astra_camera_msgs/srv/detail/get_string__type_support.cpp
[65.730s] -- Installing: /home/wellyowo/locobot_sim/locobot_ws/src/install/astra_camera_msgs/include/astra_camera_msgs/astra_camera_msgs/srv/detail/get_camera_info__type_support.cpp
[65.730s] -- Installing: /home/wellyowo/locobot_sim/locobot_ws/src/install/astra_camera_msgs/include/astra_camera_msgs/astra_camera_msgs/srv/detail/get_int32__type_support.cpp
[65.730s] -- Installing: /home/wellyowo/locobot_sim/locobot_ws/src/install/astra_camera_msgs/include/astra_camera_msgs/astra_camera_msgs/srv/detail/get_device_info__rosidl_typesupport_introspection_cpp.hpp
[65.730s] -- Installing: /home/wellyowo/locobot_sim/locobot_ws/src/install/astra_camera_msgs/include/astra_camera_msgs/astra_camera_msgs/srv/detail/set_int32__type_support.cpp
[65.730s] -- Installing: /home/wellyowo/locobot_sim/locobot_ws/src/install/astra_camera_msgs/include/astra_camera_msgs/astra_camera_msgs/srv/detail/get_camera_params__type_support.cpp
[65.730s] -- Installing: /home/wellyowo/locobot_sim/locobot_ws/src/install/astra_camera_msgs/include/astra_camera_msgs/astra_camera_msgs/srv/detail/get_device_info__type_support.cpp
[65.730s] -- Up-to-date: /home/wellyowo/locobot_sim/locobot_ws/src/install/astra_camera_msgs/include/astra_camera_msgs/astra_camera_msgs/msg
[65.731s] -- Up-to-date: /home/wellyowo/locobot_sim/locobot_ws/src/install/astra_camera_msgs/include/astra_camera_msgs/astra_camera_msgs/msg/detail
[65.731s] -- Installing: /home/wellyowo/locobot_sim/locobot_ws/src/install/astra_camera_msgs/include/astra_camera_msgs/astra_camera_msgs/msg/detail/device_info__type_support.cpp
[65.731s] -- Installing: /home/wellyowo/locobot_sim/locobot_ws/src/install/astra_camera_msgs/include/astra_camera_msgs/astra_camera_msgs/msg/detail/device_info__rosidl_typesupport_introspection_cpp.hpp
[65.731s] -- Installing: /home/wellyowo/locobot_sim/locobot_ws/src/install/astra_camera_msgs/include/astra_camera_msgs/astra_camera_msgs/msg/detail/metadata__type_support.cpp
[65.731s] -- Installing: /home/wellyowo/locobot_sim/locobot_ws/src/install/astra_camera_msgs/include/astra_camera_msgs/astra_camera_msgs/msg/detail/metadata__rosidl_typesupport_introspection_cpp.hpp
[65.731s] -- Installing: /home/wellyowo/locobot_sim/locobot_ws/src/install/astra_camera_msgs/include/astra_camera_msgs/astra_camera_msgs/msg/detail/extrinsics__rosidl_typesupport_introspection_cpp.hpp
[65.731s] -- Installing: /home/wellyowo/locobot_sim/locobot_ws/src/install/astra_camera_msgs/include/astra_camera_msgs/astra_camera_msgs/msg/detail/extrinsics__type_support.cpp
[65.731s] -- Installing: /home/wellyowo/locobot_sim/locobot_ws/src/install/astra_camera_msgs/lib/libastra_camera_msgs__rosidl_typesupport_introspection_cpp.so
[65.731s] -- Set runtime path of "/home/wellyowo/locobot_sim/locobot_ws/src/install/astra_camera_msgs/lib/libastra_camera_msgs__rosidl_typesupport_introspection_cpp.so" to ""
[65.731s] -- Installing: /home/wellyowo/locobot_sim/locobot_ws/src/install/astra_camera_msgs/lib/libastra_camera_msgs__rosidl_typesupport_cpp.so
[65.731s] -- Set runtime path of "/home/wellyowo/locobot_sim/locobot_ws/src/install/astra_camera_msgs/lib/libastra_camera_msgs__rosidl_typesupport_cpp.so" to ""
[65.731s] -- Installing: /home/wellyowo/locobot_sim/locobot_ws/src/install/astra_camera_msgs/share/astra_camera_msgs/environment/pythonpath.sh
[65.731s] -- Installing: /home/wellyowo/locobot_sim/locobot_ws/src/install/astra_camera_msgs/share/astra_camera_msgs/environment/pythonpath.dsv
[65.731s] -- Installing: /home/wellyowo/locobot_sim/locobot_ws/src/install/astra_camera_msgs/local/lib/python3.10/dist-packages/astra_camera_msgs-1.0.1-py3.10.egg-info
[65.732s] -- Installing: /home/wellyowo/locobot_sim/locobot_ws/src/install/astra_camera_msgs/local/lib/python3.10/dist-packages/astra_camera_msgs-1.0.1-py3.10.egg-info/SOURCES.txt
[65.732s] -- Installing: /home/wellyowo/locobot_sim/locobot_ws/src/install/astra_camera_msgs/local/lib/python3.10/dist-packages/astra_camera_msgs-1.0.1-py3.10.egg-info/PKG-INFO
[65.732s] -- Installing: /home/wellyowo/locobot_sim/locobot_ws/src/install/astra_camera_msgs/local/lib/python3.10/dist-packages/astra_camera_msgs-1.0.1-py3.10.egg-info/top_level.txt
[65.732s] -- Installing: /home/wellyowo/locobot_sim/locobot_ws/src/install/astra_camera_msgs/local/lib/python3.10/dist-packages/astra_camera_msgs-1.0.1-py3.10.egg-info/dependency_links.txt
[65.732s] -- Installing: /home/wellyowo/locobot_sim/locobot_ws/src/install/astra_camera_msgs/local/lib/python3.10/dist-packages/astra_camera_msgs
[65.732s] -- Installing: /home/wellyowo/locobot_sim/locobot_ws/src/install/astra_camera_msgs/local/lib/python3.10/dist-packages/astra_camera_msgs/astra_camera_msgs_s__rosidl_typesupport_fastrtps_c.cpython-310-x86_64-linux-gnu.so
[65.732s] -- Installing: /home/wellyowo/locobot_sim/locobot_ws/src/install/astra_camera_msgs/local/lib/python3.10/dist-packages/astra_camera_msgs/__init__.py
[65.732s] -- Installing: /home/wellyowo/locobot_sim/locobot_ws/src/install/astra_camera_msgs/local/lib/python3.10/dist-packages/astra_camera_msgs/srv
[65.732s] -- Installing: /home/wellyowo/locobot_sim/locobot_ws/src/install/astra_camera_msgs/local/lib/python3.10/dist-packages/astra_camera_msgs/srv/_set_int32.py
[65.732s] -- Installing: /home/wellyowo/locobot_sim/locobot_ws/src/install/astra_camera_msgs/local/lib/python3.10/dist-packages/astra_camera_msgs/srv/_get_device_info.py
[65.732s] -- Installing: /home/wellyowo/locobot_sim/locobot_ws/src/install/astra_camera_msgs/local/lib/python3.10/dist-packages/astra_camera_msgs/srv/__init__.py
[65.732s] -- Installing: /home/wellyowo/locobot_sim/locobot_ws/src/install/astra_camera_msgs/local/lib/python3.10/dist-packages/astra_camera_msgs/srv/_get_camera_params_s.c
[65.732s] -- Installing: /home/wellyowo/locobot_sim/locobot_ws/src/install/astra_camera_msgs/local/lib/python3.10/dist-packages/astra_camera_msgs/srv/_get_string.py
[65.732s] -- Installing: /home/wellyowo/locobot_sim/locobot_ws/src/install/astra_camera_msgs/local/lib/python3.10/dist-packages/astra_camera_msgs/srv/_get_int32_s.c
[65.732s] -- Installing: /home/wellyowo/locobot_sim/locobot_ws/src/install/astra_camera_msgs/local/lib/python3.10/dist-packages/astra_camera_msgs/srv/_get_device_info_s.c
[65.733s] -- Installing: /home/wellyowo/locobot_sim/locobot_ws/src/install/astra_camera_msgs/local/lib/python3.10/dist-packages/astra_camera_msgs/srv/_get_string_s.c
[65.733s] -- Installing: /home/wellyowo/locobot_sim/locobot_ws/src/install/astra_camera_msgs/local/lib/python3.10/dist-packages/astra_camera_msgs/srv/_get_camera_info.py
[65.733s] -- Installing: /home/wellyowo/locobot_sim/locobot_ws/src/install/astra_camera_msgs/local/lib/python3.10/dist-packages/astra_camera_msgs/srv/_get_int32.py
[65.733s] -- Installing: /home/wellyowo/locobot_sim/locobot_ws/src/install/astra_camera_msgs/local/lib/python3.10/dist-packages/astra_camera_msgs/srv/_set_int32_s.c
[65.733s] -- Installing: /home/wellyowo/locobot_sim/locobot_ws/src/install/astra_camera_msgs/local/lib/python3.10/dist-packages/astra_camera_msgs/srv/_get_camera_params.py
[65.733s] -- Installing: /home/wellyowo/locobot_sim/locobot_ws/src/install/astra_camera_msgs/local/lib/python3.10/dist-packages/astra_camera_msgs/srv/_get_camera_info_s.c
[65.733s] -- Installing: /home/wellyowo/locobot_sim/locobot_ws/src/install/astra_camera_msgs/local/lib/python3.10/dist-packages/astra_camera_msgs/_astra_camera_msgs_s.ep.rosidl_typesupport_introspection_c.c
[65.733s] -- Installing: /home/wellyowo/locobot_sim/locobot_ws/src/install/astra_camera_msgs/local/lib/python3.10/dist-packages/astra_camera_msgs/_astra_camera_msgs_s.ep.rosidl_typesupport_c.c
[65.733s] -- Installing: /home/wellyowo/locobot_sim/locobot_ws/src/install/astra_camera_msgs/local/lib/python3.10/dist-packages/astra_camera_msgs/astra_camera_msgs_s__rosidl_typesupport_introspection_c.cpython-310-x86_64-linux-gnu.so
[65.733s] -- Installing: /home/wellyowo/locobot_sim/locobot_ws/src/install/astra_camera_msgs/local/lib/python3.10/dist-packages/astra_camera_msgs/_astra_camera_msgs_s.ep.rosidl_typesupport_fastrtps_c.c
[65.733s] -- Installing: /home/wellyowo/locobot_sim/locobot_ws/src/install/astra_camera_msgs/local/lib/python3.10/dist-packages/astra_camera_msgs/astra_camera_msgs_s__rosidl_typesupport_c.cpython-310-x86_64-linux-gnu.so
[65.733s] -- Installing: /home/wellyowo/locobot_sim/locobot_ws/src/install/astra_camera_msgs/local/lib/python3.10/dist-packages/astra_camera_msgs/msg
[65.733s] -- Installing: /home/wellyowo/locobot_sim/locobot_ws/src/install/astra_camera_msgs/local/lib/python3.10/dist-packages/astra_camera_msgs/msg/_extrinsics.py
[65.738s] -- Installing: /home/wellyowo/locobot_sim/locobot_ws/src/install/astra_camera_msgs/local/lib/python3.10/dist-packages/astra_camera_msgs/msg/__init__.py
[65.739s] -- Installing: /home/wellyowo/locobot_sim/locobot_ws/src/install/astra_camera_msgs/local/lib/python3.10/dist-packages/astra_camera_msgs/msg/_metadata.py
[65.739s] -- Installing: /home/wellyowo/locobot_sim/locobot_ws/src/install/astra_camera_msgs/local/lib/python3.10/dist-packages/astra_camera_msgs/msg/_extrinsics_s.c
[65.739s] -- Installing: /home/wellyowo/locobot_sim/locobot_ws/src/install/astra_camera_msgs/local/lib/python3.10/dist-packages/astra_camera_msgs/msg/_device_info.py
[65.739s] -- Installing: /home/wellyowo/locobot_sim/locobot_ws/src/install/astra_camera_msgs/local/lib/python3.10/dist-packages/astra_camera_msgs/msg/_device_info_s.c
[65.743s] -- Installing: /home/wellyowo/locobot_sim/locobot_ws/src/install/astra_camera_msgs/local/lib/python3.10/dist-packages/astra_camera_msgs/msg/_metadata_s.c
[65.743s] -- Installing: /home/wellyowo/locobot_sim/locobot_ws/src/install/astra_camera_msgs/local/lib/python3.10/dist-packages/astra_camera_msgs/libastra_camera_msgs__rosidl_generator_py.so
[65.923s] Listing '/home/wellyowo/locobot_sim/locobot_ws/src/install/astra_camera_msgs/local/lib/python3.10/dist-packages/astra_camera_msgs'...
[65.923s] Compiling '/home/wellyowo/locobot_sim/locobot_ws/src/install/astra_camera_msgs/local/lib/python3.10/dist-packages/astra_camera_msgs/__init__.py'...
[65.923s] Listing '/home/wellyowo/locobot_sim/locobot_ws/src/install/astra_camera_msgs/local/lib/python3.10/dist-packages/astra_camera_msgs/msg'...
[65.923s] Compiling '/home/wellyowo/locobot_sim/locobot_ws/src/install/astra_camera_msgs/local/lib/python3.10/dist-packages/astra_camera_msgs/msg/__init__.py'...
[65.923s] Compiling '/home/wellyowo/locobot_sim/locobot_ws/src/install/astra_camera_msgs/local/lib/python3.10/dist-packages/astra_camera_msgs/msg/_device_info.py'...
[65.923s] Compiling '/home/wellyowo/locobot_sim/locobot_ws/src/install/astra_camera_msgs/local/lib/python3.10/dist-packages/astra_camera_msgs/msg/_extrinsics.py'...
[65.924s] Compiling '/home/wellyowo/locobot_sim/locobot_ws/src/install/astra_camera_msgs/local/lib/python3.10/dist-packages/astra_camera_msgs/msg/_metadata.py'...
[65.924s] Listing '/home/wellyowo/locobot_sim/locobot_ws/src/install/astra_camera_msgs/local/lib/python3.10/dist-packages/astra_camera_msgs/srv'...
[65.924s] Compiling '/home/wellyowo/locobot_sim/locobot_ws/src/install/astra_camera_msgs/local/lib/python3.10/dist-packages/astra_camera_msgs/srv/__init__.py'...
[65.924s] Compiling '/home/wellyowo/locobot_sim/locobot_ws/src/install/astra_camera_msgs/local/lib/python3.10/dist-packages/astra_camera_msgs/srv/_get_camera_info.py'...
[65.924s] Compiling '/home/wellyowo/locobot_sim/locobot_ws/src/install/astra_camera_msgs/local/lib/python3.10/dist-packages/astra_camera_msgs/srv/_get_camera_params.py'...
[65.924s] Compiling '/home/wellyowo/locobot_sim/locobot_ws/src/install/astra_camera_msgs/local/lib/python3.10/dist-packages/astra_camera_msgs/srv/_get_device_info.py'...
[65.924s] Compiling '/home/wellyowo/locobot_sim/locobot_ws/src/install/astra_camera_msgs/local/lib/python3.10/dist-packages/astra_camera_msgs/srv/_get_int32.py'...
[65.924s] Compiling '/home/wellyowo/locobot_sim/locobot_ws/src/install/astra_camera_msgs/local/lib/python3.10/dist-packages/astra_camera_msgs/srv/_get_string.py'...
[65.924s] Compiling '/home/wellyowo/locobot_sim/locobot_ws/src/install/astra_camera_msgs/local/lib/python3.10/dist-packages/astra_camera_msgs/srv/_set_int32.py'...
[65.958s] -- Installing: /home/wellyowo/locobot_sim/locobot_ws/src/install/astra_camera_msgs/local/lib/python3.10/dist-packages/astra_camera_msgs/astra_camera_msgs_s__rosidl_typesupport_fastrtps_c.cpython-310-x86_64-linux-gnu.so
[65.958s] -- Set runtime path of "/home/wellyowo/locobot_sim/locobot_ws/src/install/astra_camera_msgs/local/lib/python3.10/dist-packages/astra_camera_msgs/astra_camera_msgs_s__rosidl_typesupport_fastrtps_c.cpython-310-x86_64-linux-gnu.so" to ""
[65.959s] -- Installing: /home/wellyowo/locobot_sim/locobot_ws/src/install/astra_camera_msgs/local/lib/python3.10/dist-packages/astra_camera_msgs/astra_camera_msgs_s__rosidl_typesupport_introspection_c.cpython-310-x86_64-linux-gnu.so
[65.959s] -- Set runtime path of "/home/wellyowo/locobot_sim/locobot_ws/src/install/astra_camera_msgs/local/lib/python3.10/dist-packages/astra_camera_msgs/astra_camera_msgs_s__rosidl_typesupport_introspection_c.cpython-310-x86_64-linux-gnu.so" to ""
[65.959s] -- Installing: /home/wellyowo/locobot_sim/locobot_ws/src/install/astra_camera_msgs/local/lib/python3.10/dist-packages/astra_camera_msgs/astra_camera_msgs_s__rosidl_typesupport_c.cpython-310-x86_64-linux-gnu.so
[65.960s] -- Set runtime path of "/home/wellyowo/locobot_sim/locobot_ws/src/install/astra_camera_msgs/local/lib/python3.10/dist-packages/astra_camera_msgs/astra_camera_msgs_s__rosidl_typesupport_c.cpython-310-x86_64-linux-gnu.so" to ""
[65.960s] -- Installing: /home/wellyowo/locobot_sim/locobot_ws/src/install/astra_camera_msgs/lib/libastra_camera_msgs__rosidl_generator_py.so
[65.968s] -- Set runtime path of "/home/wellyowo/locobot_sim/locobot_ws/src/install/astra_camera_msgs/lib/libastra_camera_msgs__rosidl_generator_py.so" to ""
[65.973s] -- Installing: /home/wellyowo/locobot_sim/locobot_ws/src/install/astra_camera_msgs/share/astra_camera_msgs/msg/DeviceInfo.idl
[65.973s] -- Installing: /home/wellyowo/locobot_sim/locobot_ws/src/install/astra_camera_msgs/share/astra_camera_msgs/msg/Extrinsics.idl
[65.973s] -- Installing: /home/wellyowo/locobot_sim/locobot_ws/src/install/astra_camera_msgs/share/astra_camera_msgs/msg/Metadata.idl
[65.974s] -- Installing: /home/wellyowo/locobot_sim/locobot_ws/src/install/astra_camera_msgs/share/astra_camera_msgs/srv/GetDeviceInfo.idl
[65.974s] -- Installing: /home/wellyowo/locobot_sim/locobot_ws/src/install/astra_camera_msgs/share/astra_camera_msgs/srv/GetCameraInfo.idl
[65.974s] -- Installing: /home/wellyowo/locobot_sim/locobot_ws/src/install/astra_camera_msgs/share/astra_camera_msgs/srv/GetCameraParams.idl
[65.974s] -- Installing: /home/wellyowo/locobot_sim/locobot_ws/src/install/astra_camera_msgs/share/astra_camera_msgs/srv/GetInt32.idl
[65.974s] -- Installing: /home/wellyowo/locobot_sim/locobot_ws/src/install/astra_camera_msgs/share/astra_camera_msgs/srv/GetString.idl
[65.974s] -- Installing: /home/wellyowo/locobot_sim/locobot_ws/src/install/astra_camera_msgs/share/astra_camera_msgs/srv/SetInt32.idl
[65.974s] -- Installing: /home/wellyowo/locobot_sim/locobot_ws/src/install/astra_camera_msgs/share/astra_camera_msgs/msg/DeviceInfo.msg
[65.974s] -- Installing: /home/wellyowo/locobot_sim/locobot_ws/src/install/astra_camera_msgs/share/astra_camera_msgs/msg/Extrinsics.msg
[65.974s] -- Installing: /home/wellyowo/locobot_sim/locobot_ws/src/install/astra_camera_msgs/share/astra_camera_msgs/msg/Metadata.msg
[65.974s] -- Installing: /home/wellyowo/locobot_sim/locobot_ws/src/install/astra_camera_msgs/share/astra_camera_msgs/srv/GetDeviceInfo.srv
[65.974s] -- Installing: /home/wellyowo/locobot_sim/locobot_ws/src/install/astra_camera_msgs/share/astra_camera_msgs/srv/GetDeviceInfo_Request.msg
[65.975s] -- Installing: /home/wellyowo/locobot_sim/locobot_ws/src/install/astra_camera_msgs/share/astra_camera_msgs/srv/GetDeviceInfo_Response.msg
[65.975s] -- Installing: /home/wellyowo/locobot_sim/locobot_ws/src/install/astra_camera_msgs/share/astra_camera_msgs/srv/GetCameraInfo.srv
[65.975s] -- Installing: /home/wellyowo/locobot_sim/locobot_ws/src/install/astra_camera_msgs/share/astra_camera_msgs/srv/GetCameraInfo_Request.msg
[65.975s] -- Installing: /home/wellyowo/locobot_sim/locobot_ws/src/install/astra_camera_msgs/share/astra_camera_msgs/srv/GetCameraInfo_Response.msg
[65.979s] -- Installing: /home/wellyowo/locobot_sim/locobot_ws/src/install/astra_camera_msgs/share/astra_camera_msgs/srv/GetCameraParams.srv
[65.979s] -- Installing: /home/wellyowo/locobot_sim/locobot_ws/src/install/astra_camera_msgs/share/astra_camera_msgs/srv/GetCameraParams_Request.msg
[65.979s] -- Installing: /home/wellyowo/locobot_sim/locobot_ws/src/install/astra_camera_msgs/share/astra_camera_msgs/srv/GetCameraParams_Response.msg
[65.979s] -- Installing: /home/wellyowo/locobot_sim/locobot_ws/src/install/astra_camera_msgs/share/astra_camera_msgs/srv/GetInt32.srv
[65.979s] -- Installing: /home/wellyowo/locobot_sim/locobot_ws/src/install/astra_camera_msgs/share/astra_camera_msgs/srv/GetInt32_Request.msg
[65.979s] -- Installing: /home/wellyowo/locobot_sim/locobot_ws/src/install/astra_camera_msgs/share/astra_camera_msgs/srv/GetInt32_Response.msg
[65.980s] -- Installing: /home/wellyowo/locobot_sim/locobot_ws/src/install/astra_camera_msgs/share/astra_camera_msgs/srv/GetString.srv
[65.984s] -- Installing: /home/wellyowo/locobot_sim/locobot_ws/src/install/astra_camera_msgs/share/astra_camera_msgs/srv/GetString_Request.msg
[65.984s] -- Installing: /home/wellyowo/locobot_sim/locobot_ws/src/install/astra_camera_msgs/share/astra_camera_msgs/srv/GetString_Response.msg
[65.984s] -- Installing: /home/wellyowo/locobot_sim/locobot_ws/src/install/astra_camera_msgs/share/astra_camera_msgs/srv/SetInt32.srv
[65.984s] -- Installing: /home/wellyowo/locobot_sim/locobot_ws/src/install/astra_camera_msgs/share/astra_camera_msgs/srv/SetInt32_Request.msg
[65.984s] -- Installing: /home/wellyowo/locobot_sim/locobot_ws/src/install/astra_camera_msgs/share/astra_camera_msgs/srv/SetInt32_Response.msg
[65.985s] -- Installing: /home/wellyowo/locobot_sim/locobot_ws/src/install/astra_camera_msgs/share/ament_index/resource_index/package_run_dependencies/astra_camera_msgs
[65.985s] -- Installing: /home/wellyowo/locobot_sim/locobot_ws/src/install/astra_camera_msgs/share/ament_index/resource_index/parent_prefix_path/astra_camera_msgs
[65.985s] -- Installing: /home/wellyowo/locobot_sim/locobot_ws/src/install/astra_camera_msgs/share/astra_camera_msgs/environment/ament_prefix_path.sh
[65.985s] -- Installing: /home/wellyowo/locobot_sim/locobot_ws/src/install/astra_camera_msgs/share/astra_camera_msgs/environment/ament_prefix_path.dsv
[65.985s] -- Installing: /home/wellyowo/locobot_sim/locobot_ws/src/install/astra_camera_msgs/share/astra_camera_msgs/environment/path.sh
[65.991s] -- Installing: /home/wellyowo/locobot_sim/locobot_ws/src/install/astra_camera_msgs/share/astra_camera_msgs/environment/path.dsv
[65.991s] -- Installing: /home/wellyowo/locobot_sim/locobot_ws/src/install/astra_camera_msgs/share/astra_camera_msgs/local_setup.bash
[65.992s] -- Installing: /home/wellyowo/locobot_sim/locobot_ws/src/install/astra_camera_msgs/share/astra_camera_msgs/local_setup.sh
[65.992s] -- Installing: /home/wellyowo/locobot_sim/locobot_ws/src/install/astra_camera_msgs/share/astra_camera_msgs/local_setup.zsh
[65.992s] -- Installing: /home/wellyowo/locobot_sim/locobot_ws/src/install/astra_camera_msgs/share/astra_camera_msgs/local_setup.dsv
[65.992s] -- Installing: /home/wellyowo/locobot_sim/locobot_ws/src/install/astra_camera_msgs/share/astra_camera_msgs/package.dsv
[65.992s] -- Installing: /home/wellyowo/locobot_sim/locobot_ws/src/install/astra_camera_msgs/share/ament_index/resource_index/packages/astra_camera_msgs
[65.992s] -- Installing: /home/wellyowo/locobot_sim/locobot_ws/src/install/astra_camera_msgs/share/astra_camera_msgs/cmake/export_astra_camera_msgs__rosidl_generator_cExport.cmake
[65.993s] -- Installing: /home/wellyowo/locobot_sim/locobot_ws/src/install/astra_camera_msgs/share/astra_camera_msgs/cmake/export_astra_camera_msgs__rosidl_generator_cExport-noconfig.cmake
[65.993s] -- Installing: /home/wellyowo/locobot_sim/locobot_ws/src/install/astra_camera_msgs/share/astra_camera_msgs/cmake/export_astra_camera_msgs__rosidl_typesupport_fastrtps_cExport.cmake
[65.993s] -- Installing: /home/wellyowo/locobot_sim/locobot_ws/src/install/astra_camera_msgs/share/astra_camera_msgs/cmake/export_astra_camera_msgs__rosidl_typesupport_fastrtps_cExport-noconfig.cmake
[65.993s] -- Installing: /home/wellyowo/locobot_sim/locobot_ws/src/install/astra_camera_msgs/share/astra_camera_msgs/cmake/astra_camera_msgs__rosidl_typesupport_introspection_cExport.cmake
[65.993s] -- Installing: /home/wellyowo/locobot_sim/locobot_ws/src/install/astra_camera_msgs/share/astra_camera_msgs/cmake/astra_camera_msgs__rosidl_typesupport_introspection_cExport-noconfig.cmake
[65.994s] -- Installing: /home/wellyowo/locobot_sim/locobot_ws/src/install/astra_camera_msgs/share/astra_camera_msgs/cmake/astra_camera_msgs__rosidl_typesupport_cExport.cmake
[65.994s] -- Installing: /home/wellyowo/locobot_sim/locobot_ws/src/install/astra_camera_msgs/share/astra_camera_msgs/cmake/astra_camera_msgs__rosidl_typesupport_cExport-noconfig.cmake
[65.994s] -- Installing: /home/wellyowo/locobot_sim/locobot_ws/src/install/astra_camera_msgs/share/astra_camera_msgs/cmake/export_astra_camera_msgs__rosidl_generator_cppExport.cmake
[65.994s] -- Installing: /home/wellyowo/locobot_sim/locobot_ws/src/install/astra_camera_msgs/share/astra_camera_msgs/cmake/export_astra_camera_msgs__rosidl_typesupport_fastrtps_cppExport.cmake
[65.994s] -- Installing: /home/wellyowo/locobot_sim/locobot_ws/src/install/astra_camera_msgs/share/astra_camera_msgs/cmake/export_astra_camera_msgs__rosidl_typesupport_fastrtps_cppExport-noconfig.cmake
[66.008s] -- Installing: /home/wellyowo/locobot_sim/locobot_ws/src/install/astra_camera_msgs/share/astra_camera_msgs/cmake/astra_camera_msgs__rosidl_typesupport_introspection_cppExport.cmake
[66.009s] -- Installing: /home/wellyowo/locobot_sim/locobot_ws/src/install/astra_camera_msgs/share/astra_camera_msgs/cmake/astra_camera_msgs__rosidl_typesupport_introspection_cppExport-noconfig.cmake
[66.009s] -- Installing: /home/wellyowo/locobot_sim/locobot_ws/src/install/astra_camera_msgs/share/astra_camera_msgs/cmake/astra_camera_msgs__rosidl_typesupport_cppExport.cmake
[66.009s] -- Installing: /home/wellyowo/locobot_sim/locobot_ws/src/install/astra_camera_msgs/share/astra_camera_msgs/cmake/astra_camera_msgs__rosidl_typesupport_cppExport-noconfig.cmake
[66.009s] -- Installing: /home/wellyowo/locobot_sim/locobot_ws/src/install/astra_camera_msgs/share/astra_camera_msgs/cmake/export_astra_camera_msgs__rosidl_generator_pyExport.cmake
[66.009s] -- Installing: /home/wellyowo/locobot_sim/locobot_ws/src/install/astra_camera_msgs/share/astra_camera_msgs/cmake/export_astra_camera_msgs__rosidl_generator_pyExport-noconfig.cmake
[66.010s] -- Installing: /home/wellyowo/locobot_sim/locobot_ws/src/install/astra_camera_msgs/share/astra_camera_msgs/cmake/rosidl_cmake-extras.cmake
[66.010s] -- Installing: /home/wellyowo/locobot_sim/locobot_ws/src/install/astra_camera_msgs/share/astra_camera_msgs/cmake/ament_cmake_export_dependencies-extras.cmake
[66.010s] -- Installing: /home/wellyowo/locobot_sim/locobot_ws/src/install/astra_camera_msgs/share/astra_camera_msgs/cmake/ament_cmake_export_include_directories-extras.cmake
[66.010s] -- Installing: /home/wellyowo/locobot_sim/locobot_ws/src/install/astra_camera_msgs/share/astra_camera_msgs/cmake/ament_cmake_export_libraries-extras.cmake
[66.013s] -- Installing: /home/wellyowo/locobot_sim/locobot_ws/src/install/astra_camera_msgs/share/astra_camera_msgs/cmake/ament_cmake_export_targets-extras.cmake
[66.013s] -- Installing: /home/wellyowo/locobot_sim/locobot_ws/src/install/astra_camera_msgs/share/astra_camera_msgs/cmake/rosidl_cmake_export_typesupport_targets-extras.cmake
[66.013s] -- Installing: /home/wellyowo/locobot_sim/locobot_ws/src/install/astra_camera_msgs/share/astra_camera_msgs/cmake/rosidl_cmake_export_typesupport_libraries-extras.cmake
[66.013s] -- Installing: /home/wellyowo/locobot_sim/locobot_ws/src/install/astra_camera_msgs/share/astra_camera_msgs/cmake/astra_camera_msgsConfig.cmake
[66.013s] -- Installing: /home/wellyowo/locobot_sim/locobot_ws/src/install/astra_camera_msgs/share/astra_camera_msgs/cmake/astra_camera_msgsConfig-version.cmake
[66.013s] -- Installing: /home/wellyowo/locobot_sim/locobot_ws/src/install/astra_camera_msgs/share/astra_camera_msgs/package.xml
[66.040s] Invoked command in '/home/wellyowo/locobot_sim/locobot_ws/src/build/astra_camera_msgs' returned '0': CMAKE_PREFIX_PATH=/opt/ros/humble /usr/bin/cmake --install /home/wellyowo/locobot_sim/locobot_ws/src/build/astra_camera_msgs
