[0.267s] Invoking command in '/home/wellyowo/locobot_sim/locobot_ws/src/build/ecl_converters_lite': AMENT_PREFIX_PATH=/home/wellyowo/locobot_sim/locobot_ws/src/install/ecl_config:${AMENT_PREFIX_PATH} CMAKE_PREFIX_PATH=/home/wellyowo/locobot_sim/locobot_ws/src/install/ecl_config:/opt/ros/humble PATH=/home/wellyowo/locobot_sim/locobot_ws/src/install/ecl_config/bin:${PATH} /usr/bin/cmake /home/wellyowo/locobot_sim/locobot_ws/src/ThirdParty/ecl/ecl_lite/ecl_converters_lite -DCMAKE_INSTALL_PREFIX=/home/wellyowo/locobot_sim/locobot_ws/src/install/ecl_converters_lite
[3.529s] -- The C compiler identification is GNU 11.4.0
[3.529s] -- The CXX compiler identification is GNU 11.4.0
[3.530s] -- Detecting C compiler ABI info
[3.530s] -- Detecting C compiler ABI info - done
[3.530s] -- Check for working C compiler: /usr/bin/cc - skipped
[3.530s] -- Detecting C compile features
[3.530s] -- Detecting C compile features - done
[3.530s] -- Detecting CXX compiler ABI info
[3.530s] -- Detecting CXX compiler ABI info - done
[3.530s] -- Check for working CXX compiler: /usr/bin/c++ - skipped
[3.530s] -- Detecting CXX compile features
[3.530s] -- Detecting CXX compile features - done
[3.530s] -- Found ament_cmake_ros: 0.10.0 (/opt/ros/humble/share/ament_cmake_ros/cmake)
[3.530s] -- Found Python3: /usr/bin/python3 (found version "3.10.12") found components: Interpreter 
[3.530s] -- Found ecl_build: 1.0.3 (/opt/ros/humble/share/ecl_build/cmake)
[3.530s] -- Found ecl_config: 1.2.0 (/home/wellyowo/locobot_sim/locobot_ws/src/install/ecl_config/share/ecl_config/cmake)
[3.530s] -- Found ament_lint_auto: 0.12.12 (/opt/ros/humble/share/ament_lint_auto/cmake)
[3.530s] -- Found gtest sources under '/opt/ros/humble/src/gtest_vendor': C++ tests using 'Google Test' will be built
[3.530s] -- Looking for pthread.h
[3.530s] -- Looking for pthread.h - found
[3.531s] -- Performing Test CMAKE_HAVE_LIBC_PTHREAD
[3.533s] -- Performing Test CMAKE_HAVE_LIBC_PTHREAD - Success
[3.533s] -- Found Threads: TRUE  
[3.534s] -- Configuring done
[3.534s] -- Generating done
[3.534s] -- Build files have been written to: /home/wellyowo/locobot_sim/locobot_ws/src/build/ecl_converters_lite
[3.559s] Invoked command in '/home/wellyowo/locobot_sim/locobot_ws/src/build/ecl_converters_lite' returned '0': AMENT_PREFIX_PATH=/home/wellyowo/locobot_sim/locobot_ws/src/install/ecl_config:${AMENT_PREFIX_PATH} CMAKE_PREFIX_PATH=/home/wellyowo/locobot_sim/locobot_ws/src/install/ecl_config:/opt/ros/humble PATH=/home/wellyowo/locobot_sim/locobot_ws/src/install/ecl_config/bin:${PATH} /usr/bin/cmake /home/wellyowo/locobot_sim/locobot_ws/src/ThirdParty/ecl/ecl_lite/ecl_converters_lite -DCMAKE_INSTALL_PREFIX=/home/wellyowo/locobot_sim/locobot_ws/src/install/ecl_converters_lite
[3.560s] Invoking command in '/home/wellyowo/locobot_sim/locobot_ws/src/build/ecl_converters_lite': AMENT_PREFIX_PATH=/home/wellyowo/locobot_sim/locobot_ws/src/install/ecl_config:${AMENT_PREFIX_PATH} CMAKE_PREFIX_PATH=/home/wellyowo/locobot_sim/locobot_ws/src/install/ecl_config:/opt/ros/humble PATH=/home/wellyowo/locobot_sim/locobot_ws/src/install/ecl_config/bin:${PATH} /usr/bin/cmake --build /home/wellyowo/locobot_sim/locobot_ws/src/build/ecl_converters_lite -- -j16 -l16
[8.300s] [ 16%] [32mBuilding CXX object gtest/CMakeFiles/gtest_main.dir/src/gtest_main.cc.o[0m
[8.300s] [ 33%] [32m[1mLinking CXX static library libgtest_main.a[0m
[8.300s] [ 33%] Built target gtest_main
[8.301s] [ 50%] [32mBuilding CXX object gtest/CMakeFiles/gtest.dir/src/gtest-all.cc.o[0m
[17.722s] [ 66%] [32m[1mLinking CXX static library libgtest.a[0m
[17.943s] [ 66%] Built target gtest
[18.010s] [ 83%] [32mBuilding CXX object src/test/CMakeFiles/test_byte_array.dir/byte_array.cpp.o[0m
[20.456s] [100%] [32m[1mLinking CXX executable test_byte_array[0m
[21.265s] [100%] Built target test_byte_array
