[35m[1mConsolidate compiler generated dependencies of target interbotix_xs_msgs__rosidl_generator_c[0m
[  0%] Built target interbotix_xs_msgs__cpp
[ 12%] Built target interbotix_xs_msgs__rosidl_generator_c
[ 12%] Built target ament_cmake_python_copy_interbotix_xs_msgs
[35m[1mConsolidate compiler generated dependencies of target interbotix_xs_msgs__rosidl_typesupport_cpp[0m
[35m[1mConsolidate compiler generated dependencies of target interbotix_xs_msgs__rosidl_typesupport_fastrtps_cpp[0m
[35m[1mConsolidate compiler generated dependencies of target interbotix_xs_msgs__rosidl_typesupport_c[0m
[35m[1mConsolidate compiler generated dependencies of target interbotix_xs_msgs__rosidl_typesupport_introspection_c[0m
[35m[1mConsolidate compiler generated dependencies of target interbotix_xs_msgs__rosidl_typesupport_introspection_cpp[0m
[35m[1mConsolidate compiler generated dependencies of target interbotix_xs_msgs__rosidl_typesupport_fastrtps_c[0m
[ 24%] Built target interbotix_xs_msgs__rosidl_typesupport_c
[ 36%] Built target interbotix_xs_msgs__rosidl_typesupport_introspection_c
[ 48%] Built target interbotix_xs_msgs__rosidl_typesupport_cpp
[ 60%] Built target interbotix_xs_msgs__rosidl_typesupport_fastrtps_cpp
[ 72%] Built target interbotix_xs_msgs__rosidl_typesupport_introspection_cpp
[ 84%] Built target interbotix_xs_msgs__rosidl_typesupport_fastrtps_c
[ 84%] Built target interbotix_xs_msgs
[ 85%] Built target interbotix_xs_msgs__py
[35m[1mConsolidate compiler generated dependencies of target interbotix_xs_msgs__rosidl_generator_py[0m
[ 96%] Built target interbotix_xs_msgs__rosidl_generator_py
[35m[1mConsolidate compiler generated dependencies of target interbotix_xs_msgs__rosidl_typesupport_introspection_c__pyext[0m
[35m[1mConsolidate compiler generated dependencies of target interbotix_xs_msgs__rosidl_typesupport_fastrtps_c__pyext[0m
[35m[1mConsolidate compiler generated dependencies of target interbotix_xs_msgs__rosidl_typesupport_c__pyext[0m
[100%] Built target interbotix_xs_msgs__rosidl_typesupport_fastrtps_c__pyext
[100%] Built target interbotix_xs_msgs__rosidl_typesupport_introspection_c__pyext
[100%] Built target interbotix_xs_msgs__rosidl_typesupport_c__pyext
running egg_info
writing interbotix_xs_msgs.egg-info/PKG-INFO
writing dependency_links to interbotix_xs_msgs.egg-info/dependency_links.txt
writing top-level names to interbotix_xs_msgs.egg-info/top_level.txt
reading manifest file 'interbotix_xs_msgs.egg-info/SOURCES.txt'
writing manifest file 'interbotix_xs_msgs.egg-info/SOURCES.txt'
[100%] Built target ament_cmake_python_build_interbotix_xs_msgs_egg
-- Install configuration: ""
-- Installing: /home/wellyowo/locobot_sim/locobot_ws/src/install/interbotix_xs_msgs/share/ament_index/resource_index/rosidl_interfaces/interbotix_xs_msgs
-- Installing: /home/wellyowo/locobot_sim/locobot_ws/src/install/interbotix_xs_msgs/include/interbotix_xs_msgs/interbotix_xs_msgs
-- Installing: /home/wellyowo/locobot_sim/locobot_ws/src/install/interbotix_xs_msgs/include/interbotix_xs_msgs/interbotix_xs_msgs/srv
-- Installing: /home/wellyowo/locobot_sim/locobot_ws/src/install/interbotix_xs_msgs/include/interbotix_xs_msgs/interbotix_xs_msgs/srv/motor_gains.h
-- Installing: /home/wellyowo/locobot_sim/locobot_ws/src/install/interbotix_xs_msgs/include/interbotix_xs_msgs/interbotix_xs_msgs/srv/operating_modes.h
-- Installing: /home/wellyowo/locobot_sim/locobot_ws/src/install/interbotix_xs_msgs/include/interbotix_xs_msgs/interbotix_xs_msgs/srv/robot_info.h
-- Installing: /home/wellyowo/locobot_sim/locobot_ws/src/install/interbotix_xs_msgs/include/interbotix_xs_msgs/interbotix_xs_msgs/srv/register_values.h
-- Installing: /home/wellyowo/locobot_sim/locobot_ws/src/install/interbotix_xs_msgs/include/interbotix_xs_msgs/interbotix_xs_msgs/srv/torque_enable.h
-- Installing: /home/wellyowo/locobot_sim/locobot_ws/src/install/interbotix_xs_msgs/include/interbotix_xs_msgs/interbotix_xs_msgs/srv/reboot.h
-- Installing: /home/wellyowo/locobot_sim/locobot_ws/src/install/interbotix_xs_msgs/include/interbotix_xs_msgs/interbotix_xs_msgs/srv/detail
-- Installing: /home/wellyowo/locobot_sim/locobot_ws/src/install/interbotix_xs_msgs/include/interbotix_xs_msgs/interbotix_xs_msgs/srv/detail/robot_info__functions.c
-- Installing: /home/wellyowo/locobot_sim/locobot_ws/src/install/interbotix_xs_msgs/include/interbotix_xs_msgs/interbotix_xs_msgs/srv/detail/robot_info__functions.h
-- Installing: /home/wellyowo/locobot_sim/locobot_ws/src/install/interbotix_xs_msgs/include/interbotix_xs_msgs/interbotix_xs_msgs/srv/detail/operating_modes__functions.c
-- Installing: /home/wellyowo/locobot_sim/locobot_ws/src/install/interbotix_xs_msgs/include/interbotix_xs_msgs/interbotix_xs_msgs/srv/detail/register_values__type_support.h
-- Installing: /home/wellyowo/locobot_sim/locobot_ws/src/install/interbotix_xs_msgs/include/interbotix_xs_msgs/interbotix_xs_msgs/srv/detail/register_values__struct.h
-- Installing: /home/wellyowo/locobot_sim/locobot_ws/src/install/interbotix_xs_msgs/include/interbotix_xs_msgs/interbotix_xs_msgs/srv/detail/torque_enable__functions.c
-- Installing: /home/wellyowo/locobot_sim/locobot_ws/src/install/interbotix_xs_msgs/include/interbotix_xs_msgs/interbotix_xs_msgs/srv/detail/torque_enable__struct.h
-- Installing: /home/wellyowo/locobot_sim/locobot_ws/src/install/interbotix_xs_msgs/include/interbotix_xs_msgs/interbotix_xs_msgs/srv/detail/motor_gains__functions.c
-- Installing: /home/wellyowo/locobot_sim/locobot_ws/src/install/interbotix_xs_msgs/include/interbotix_xs_msgs/interbotix_xs_msgs/srv/detail/robot_info__struct.h
-- Installing: /home/wellyowo/locobot_sim/locobot_ws/src/install/interbotix_xs_msgs/include/interbotix_xs_msgs/interbotix_xs_msgs/srv/detail/reboot__struct.h
-- Installing: /home/wellyowo/locobot_sim/locobot_ws/src/install/interbotix_xs_msgs/include/interbotix_xs_msgs/interbotix_xs_msgs/srv/detail/register_values__functions.h
-- Installing: /home/wellyowo/locobot_sim/locobot_ws/src/install/interbotix_xs_msgs/include/interbotix_xs_msgs/interbotix_xs_msgs/srv/detail/motor_gains__functions.h
-- Installing: /home/wellyowo/locobot_sim/locobot_ws/src/install/interbotix_xs_msgs/include/interbotix_xs_msgs/interbotix_xs_msgs/srv/detail/reboot__functions.c
-- Installing: /home/wellyowo/locobot_sim/locobot_ws/src/install/interbotix_xs_msgs/include/interbotix_xs_msgs/interbotix_xs_msgs/srv/detail/reboot__functions.h
-- Installing: /home/wellyowo/locobot_sim/locobot_ws/src/install/interbotix_xs_msgs/include/interbotix_xs_msgs/interbotix_xs_msgs/srv/detail/register_values__functions.c
-- Installing: /home/wellyowo/locobot_sim/locobot_ws/src/install/interbotix_xs_msgs/include/interbotix_xs_msgs/interbotix_xs_msgs/srv/detail/motor_gains__struct.h
-- Installing: /home/wellyowo/locobot_sim/locobot_ws/src/install/interbotix_xs_msgs/include/interbotix_xs_msgs/interbotix_xs_msgs/srv/detail/motor_gains__type_support.h
-- Installing: /home/wellyowo/locobot_sim/locobot_ws/src/install/interbotix_xs_msgs/include/interbotix_xs_msgs/interbotix_xs_msgs/srv/detail/operating_modes__type_support.h
-- Installing: /home/wellyowo/locobot_sim/locobot_ws/src/install/interbotix_xs_msgs/include/interbotix_xs_msgs/interbotix_xs_msgs/srv/detail/reboot__type_support.h
-- Installing: /home/wellyowo/locobot_sim/locobot_ws/src/install/interbotix_xs_msgs/include/interbotix_xs_msgs/interbotix_xs_msgs/srv/detail/torque_enable__type_support.h
-- Installing: /home/wellyowo/locobot_sim/locobot_ws/src/install/interbotix_xs_msgs/include/interbotix_xs_msgs/interbotix_xs_msgs/srv/detail/torque_enable__functions.h
-- Installing: /home/wellyowo/locobot_sim/locobot_ws/src/install/interbotix_xs_msgs/include/interbotix_xs_msgs/interbotix_xs_msgs/srv/detail/operating_modes__functions.h
-- Installing: /home/wellyowo/locobot_sim/locobot_ws/src/install/interbotix_xs_msgs/include/interbotix_xs_msgs/interbotix_xs_msgs/srv/detail/operating_modes__struct.h
-- Installing: /home/wellyowo/locobot_sim/locobot_ws/src/install/interbotix_xs_msgs/include/interbotix_xs_msgs/interbotix_xs_msgs/srv/detail/robot_info__type_support.h
-- Installing: /home/wellyowo/locobot_sim/locobot_ws/src/install/interbotix_xs_msgs/include/interbotix_xs_msgs/interbotix_xs_msgs/msg
-- Installing: /home/wellyowo/locobot_sim/locobot_ws/src/install/interbotix_xs_msgs/include/interbotix_xs_msgs/interbotix_xs_msgs/msg/hex_joy.h
-- Installing: /home/wellyowo/locobot_sim/locobot_ws/src/install/interbotix_xs_msgs/include/interbotix_xs_msgs/interbotix_xs_msgs/msg/turret_joy.h
-- Installing: /home/wellyowo/locobot_sim/locobot_ws/src/install/interbotix_xs_msgs/include/interbotix_xs_msgs/interbotix_xs_msgs/msg/arm_joy.h
-- Installing: /home/wellyowo/locobot_sim/locobot_ws/src/install/interbotix_xs_msgs/include/interbotix_xs_msgs/interbotix_xs_msgs/msg/joint_temps.h
-- Installing: /home/wellyowo/locobot_sim/locobot_ws/src/install/interbotix_xs_msgs/include/interbotix_xs_msgs/interbotix_xs_msgs/msg/locobot_joy.h
-- Installing: /home/wellyowo/locobot_sim/locobot_ws/src/install/interbotix_xs_msgs/include/interbotix_xs_msgs/interbotix_xs_msgs/msg/rosidl_generator_c__visibility_control.h
-- Installing: /home/wellyowo/locobot_sim/locobot_ws/src/install/interbotix_xs_msgs/include/interbotix_xs_msgs/interbotix_xs_msgs/msg/joint_group_command.h
-- Installing: /home/wellyowo/locobot_sim/locobot_ws/src/install/interbotix_xs_msgs/include/interbotix_xs_msgs/interbotix_xs_msgs/msg/joint_trajectory_command.h
-- Installing: /home/wellyowo/locobot_sim/locobot_ws/src/install/interbotix_xs_msgs/include/interbotix_xs_msgs/interbotix_xs_msgs/msg/detail
-- Installing: /home/wellyowo/locobot_sim/locobot_ws/src/install/interbotix_xs_msgs/include/interbotix_xs_msgs/interbotix_xs_msgs/msg/detail/joint_trajectory_command__struct.h
-- Installing: /home/wellyowo/locobot_sim/locobot_ws/src/install/interbotix_xs_msgs/include/interbotix_xs_msgs/interbotix_xs_msgs/msg/detail/joint_group_command__struct.h
-- Installing: /home/wellyowo/locobot_sim/locobot_ws/src/install/interbotix_xs_msgs/include/interbotix_xs_msgs/interbotix_xs_msgs/msg/detail/arm_joy__functions.c
-- Installing: /home/wellyowo/locobot_sim/locobot_ws/src/install/interbotix_xs_msgs/include/interbotix_xs_msgs/interbotix_xs_msgs/msg/detail/joint_group_command__functions.h
-- Installing: /home/wellyowo/locobot_sim/locobot_ws/src/install/interbotix_xs_msgs/include/interbotix_xs_msgs/interbotix_xs_msgs/msg/detail/arm_joy__struct.h
-- Installing: /home/wellyowo/locobot_sim/locobot_ws/src/install/interbotix_xs_msgs/include/interbotix_xs_msgs/interbotix_xs_msgs/msg/detail/turret_joy__struct.h
-- Installing: /home/wellyowo/locobot_sim/locobot_ws/src/install/interbotix_xs_msgs/include/interbotix_xs_msgs/interbotix_xs_msgs/msg/detail/joint_trajectory_command__type_support.h
-- Installing: /home/wellyowo/locobot_sim/locobot_ws/src/install/interbotix_xs_msgs/include/interbotix_xs_msgs/interbotix_xs_msgs/msg/detail/locobot_joy__functions.c
-- Installing: /home/wellyowo/locobot_sim/locobot_ws/src/install/interbotix_xs_msgs/include/interbotix_xs_msgs/interbotix_xs_msgs/msg/detail/hex_joy__functions.h
-- Installing: /home/wellyowo/locobot_sim/locobot_ws/src/install/interbotix_xs_msgs/include/interbotix_xs_msgs/interbotix_xs_msgs/msg/detail/hex_joy__struct.h
-- Installing: /home/wellyowo/locobot_sim/locobot_ws/src/install/interbotix_xs_msgs/include/interbotix_xs_msgs/interbotix_xs_msgs/msg/detail/turret_joy__type_support.h
-- Installing: /home/wellyowo/locobot_sim/locobot_ws/src/install/interbotix_xs_msgs/include/interbotix_xs_msgs/interbotix_xs_msgs/msg/detail/joint_group_command__type_support.h
-- Installing: /home/wellyowo/locobot_sim/locobot_ws/src/install/interbotix_xs_msgs/include/interbotix_xs_msgs/interbotix_xs_msgs/msg/detail/joint_single_command__type_support.h
-- Installing: /home/wellyowo/locobot_sim/locobot_ws/src/install/interbotix_xs_msgs/include/interbotix_xs_msgs/interbotix_xs_msgs/msg/detail/joint_trajectory_command__functions.c
-- Installing: /home/wellyowo/locobot_sim/locobot_ws/src/install/interbotix_xs_msgs/include/interbotix_xs_msgs/interbotix_xs_msgs/msg/detail/hex_joy__functions.c
-- Installing: /home/wellyowo/locobot_sim/locobot_ws/src/install/interbotix_xs_msgs/include/interbotix_xs_msgs/interbotix_xs_msgs/msg/detail/joint_temps__functions.c
-- Installing: /home/wellyowo/locobot_sim/locobot_ws/src/install/interbotix_xs_msgs/include/interbotix_xs_msgs/interbotix_xs_msgs/msg/detail/joint_single_command__struct.h
-- Installing: /home/wellyowo/locobot_sim/locobot_ws/src/install/interbotix_xs_msgs/include/interbotix_xs_msgs/interbotix_xs_msgs/msg/detail/hex_joy__type_support.h
-- Installing: /home/wellyowo/locobot_sim/locobot_ws/src/install/interbotix_xs_msgs/include/interbotix_xs_msgs/interbotix_xs_msgs/msg/detail/joint_temps__type_support.h
-- Installing: /home/wellyowo/locobot_sim/locobot_ws/src/install/interbotix_xs_msgs/include/interbotix_xs_msgs/interbotix_xs_msgs/msg/detail/joint_trajectory_command__functions.h
-- Installing: /home/wellyowo/locobot_sim/locobot_ws/src/install/interbotix_xs_msgs/include/interbotix_xs_msgs/interbotix_xs_msgs/msg/detail/joint_temps__functions.h
-- Installing: /home/wellyowo/locobot_sim/locobot_ws/src/install/interbotix_xs_msgs/include/interbotix_xs_msgs/interbotix_xs_msgs/msg/detail/joint_temps__struct.h
-- Installing: /home/wellyowo/locobot_sim/locobot_ws/src/install/interbotix_xs_msgs/include/interbotix_xs_msgs/interbotix_xs_msgs/msg/detail/arm_joy__type_support.h
-- Installing: /home/wellyowo/locobot_sim/locobot_ws/src/install/interbotix_xs_msgs/include/interbotix_xs_msgs/interbotix_xs_msgs/msg/detail/joint_group_command__functions.c
-- Installing: /home/wellyowo/locobot_sim/locobot_ws/src/install/interbotix_xs_msgs/include/interbotix_xs_msgs/interbotix_xs_msgs/msg/detail/locobot_joy__functions.h
-- Installing: /home/wellyowo/locobot_sim/locobot_ws/src/install/interbotix_xs_msgs/include/interbotix_xs_msgs/interbotix_xs_msgs/msg/detail/turret_joy__functions.h
-- Installing: /home/wellyowo/locobot_sim/locobot_ws/src/install/interbotix_xs_msgs/include/interbotix_xs_msgs/interbotix_xs_msgs/msg/detail/locobot_joy__type_support.h
-- Installing: /home/wellyowo/locobot_sim/locobot_ws/src/install/interbotix_xs_msgs/include/interbotix_xs_msgs/interbotix_xs_msgs/msg/detail/arm_joy__functions.h
-- Installing: /home/wellyowo/locobot_sim/locobot_ws/src/install/interbotix_xs_msgs/include/interbotix_xs_msgs/interbotix_xs_msgs/msg/detail/locobot_joy__struct.h
-- Installing: /home/wellyowo/locobot_sim/locobot_ws/src/install/interbotix_xs_msgs/include/interbotix_xs_msgs/interbotix_xs_msgs/msg/detail/turret_joy__functions.c
-- Installing: /home/wellyowo/locobot_sim/locobot_ws/src/install/interbotix_xs_msgs/include/interbotix_xs_msgs/interbotix_xs_msgs/msg/detail/joint_single_command__functions.h
-- Installing: /home/wellyowo/locobot_sim/locobot_ws/src/install/interbotix_xs_msgs/include/interbotix_xs_msgs/interbotix_xs_msgs/msg/detail/joint_single_command__functions.c
-- Installing: /home/wellyowo/locobot_sim/locobot_ws/src/install/interbotix_xs_msgs/include/interbotix_xs_msgs/interbotix_xs_msgs/msg/joint_single_command.h
-- Installing: /home/wellyowo/locobot_sim/locobot_ws/src/install/interbotix_xs_msgs/share/interbotix_xs_msgs/environment/library_path.sh
-- Installing: /home/wellyowo/locobot_sim/locobot_ws/src/install/interbotix_xs_msgs/share/interbotix_xs_msgs/environment/library_path.dsv
-- Installing: /home/wellyowo/locobot_sim/locobot_ws/src/install/interbotix_xs_msgs/lib/libinterbotix_xs_msgs__rosidl_generator_c.so
-- Set runtime path of "/home/wellyowo/locobot_sim/locobot_ws/src/install/interbotix_xs_msgs/lib/libinterbotix_xs_msgs__rosidl_generator_c.so" to ""
-- Up-to-date: /home/wellyowo/locobot_sim/locobot_ws/src/install/interbotix_xs_msgs/include/interbotix_xs_msgs/interbotix_xs_msgs
-- Up-to-date: /home/wellyowo/locobot_sim/locobot_ws/src/install/interbotix_xs_msgs/include/interbotix_xs_msgs/interbotix_xs_msgs/srv
-- Up-to-date: /home/wellyowo/locobot_sim/locobot_ws/src/install/interbotix_xs_msgs/include/interbotix_xs_msgs/interbotix_xs_msgs/srv/detail
-- Installing: /home/wellyowo/locobot_sim/locobot_ws/src/install/interbotix_xs_msgs/include/interbotix_xs_msgs/interbotix_xs_msgs/srv/detail/torque_enable__rosidl_typesupport_fastrtps_c.h
-- Installing: /home/wellyowo/locobot_sim/locobot_ws/src/install/interbotix_xs_msgs/include/interbotix_xs_msgs/interbotix_xs_msgs/srv/detail/register_values__rosidl_typesupport_fastrtps_c.h
-- Installing: /home/wellyowo/locobot_sim/locobot_ws/src/install/interbotix_xs_msgs/include/interbotix_xs_msgs/interbotix_xs_msgs/srv/detail/motor_gains__rosidl_typesupport_fastrtps_c.h
-- Installing: /home/wellyowo/locobot_sim/locobot_ws/src/install/interbotix_xs_msgs/include/interbotix_xs_msgs/interbotix_xs_msgs/srv/detail/robot_info__rosidl_typesupport_fastrtps_c.h
-- Installing: /home/wellyowo/locobot_sim/locobot_ws/src/install/interbotix_xs_msgs/include/interbotix_xs_msgs/interbotix_xs_msgs/srv/detail/operating_modes__rosidl_typesupport_fastrtps_c.h
-- Installing: /home/wellyowo/locobot_sim/locobot_ws/src/install/interbotix_xs_msgs/include/interbotix_xs_msgs/interbotix_xs_msgs/srv/detail/reboot__rosidl_typesupport_fastrtps_c.h
-- Up-to-date: /home/wellyowo/locobot_sim/locobot_ws/src/install/interbotix_xs_msgs/include/interbotix_xs_msgs/interbotix_xs_msgs/msg
-- Installing: /home/wellyowo/locobot_sim/locobot_ws/src/install/interbotix_xs_msgs/include/interbotix_xs_msgs/interbotix_xs_msgs/msg/rosidl_typesupport_fastrtps_c__visibility_control.h
-- Up-to-date: /home/wellyowo/locobot_sim/locobot_ws/src/install/interbotix_xs_msgs/include/interbotix_xs_msgs/interbotix_xs_msgs/msg/detail
-- Installing: /home/wellyowo/locobot_sim/locobot_ws/src/install/interbotix_xs_msgs/include/interbotix_xs_msgs/interbotix_xs_msgs/msg/detail/joint_group_command__rosidl_typesupport_fastrtps_c.h
-- Installing: /home/wellyowo/locobot_sim/locobot_ws/src/install/interbotix_xs_msgs/include/interbotix_xs_msgs/interbotix_xs_msgs/msg/detail/hex_joy__rosidl_typesupport_fastrtps_c.h
-- Installing: /home/wellyowo/locobot_sim/locobot_ws/src/install/interbotix_xs_msgs/include/interbotix_xs_msgs/interbotix_xs_msgs/msg/detail/arm_joy__rosidl_typesupport_fastrtps_c.h
-- Installing: /home/wellyowo/locobot_sim/locobot_ws/src/install/interbotix_xs_msgs/include/interbotix_xs_msgs/interbotix_xs_msgs/msg/detail/locobot_joy__rosidl_typesupport_fastrtps_c.h
-- Installing: /home/wellyowo/locobot_sim/locobot_ws/src/install/interbotix_xs_msgs/include/interbotix_xs_msgs/interbotix_xs_msgs/msg/detail/joint_trajectory_command__rosidl_typesupport_fastrtps_c.h
-- Installing: /home/wellyowo/locobot_sim/locobot_ws/src/install/interbotix_xs_msgs/include/interbotix_xs_msgs/interbotix_xs_msgs/msg/detail/turret_joy__rosidl_typesupport_fastrtps_c.h
-- Installing: /home/wellyowo/locobot_sim/locobot_ws/src/install/interbotix_xs_msgs/include/interbotix_xs_msgs/interbotix_xs_msgs/msg/detail/joint_single_command__rosidl_typesupport_fastrtps_c.h
-- Installing: /home/wellyowo/locobot_sim/locobot_ws/src/install/interbotix_xs_msgs/include/interbotix_xs_msgs/interbotix_xs_msgs/msg/detail/joint_temps__rosidl_typesupport_fastrtps_c.h
-- Installing: /home/wellyowo/locobot_sim/locobot_ws/src/install/interbotix_xs_msgs/lib/libinterbotix_xs_msgs__rosidl_typesupport_fastrtps_c.so
-- Set runtime path of "/home/wellyowo/locobot_sim/locobot_ws/src/install/interbotix_xs_msgs/lib/libinterbotix_xs_msgs__rosidl_typesupport_fastrtps_c.so" to ""
-- Up-to-date: /home/wellyowo/locobot_sim/locobot_ws/src/install/interbotix_xs_msgs/include/interbotix_xs_msgs/interbotix_xs_msgs
-- Up-to-date: /home/wellyowo/locobot_sim/locobot_ws/src/install/interbotix_xs_msgs/include/interbotix_xs_msgs/interbotix_xs_msgs/srv
-- Up-to-date: /home/wellyowo/locobot_sim/locobot_ws/src/install/interbotix_xs_msgs/include/interbotix_xs_msgs/interbotix_xs_msgs/srv/detail
-- Installing: /home/wellyowo/locobot_sim/locobot_ws/src/install/interbotix_xs_msgs/include/interbotix_xs_msgs/interbotix_xs_msgs/srv/detail/torque_enable__rosidl_typesupport_introspection_c.h
-- Installing: /home/wellyowo/locobot_sim/locobot_ws/src/install/interbotix_xs_msgs/include/interbotix_xs_msgs/interbotix_xs_msgs/srv/detail/register_values__rosidl_typesupport_introspection_c.h
-- Installing: /home/wellyowo/locobot_sim/locobot_ws/src/install/interbotix_xs_msgs/include/interbotix_xs_msgs/interbotix_xs_msgs/srv/detail/operating_modes__type_support.c
-- Installing: /home/wellyowo/locobot_sim/locobot_ws/src/install/interbotix_xs_msgs/include/interbotix_xs_msgs/interbotix_xs_msgs/srv/detail/torque_enable__type_support.c
-- Installing: /home/wellyowo/locobot_sim/locobot_ws/src/install/interbotix_xs_msgs/include/interbotix_xs_msgs/interbotix_xs_msgs/srv/detail/motor_gains__type_support.c
-- Installing: /home/wellyowo/locobot_sim/locobot_ws/src/install/interbotix_xs_msgs/include/interbotix_xs_msgs/interbotix_xs_msgs/srv/detail/reboot__type_support.c
-- Installing: /home/wellyowo/locobot_sim/locobot_ws/src/install/interbotix_xs_msgs/include/interbotix_xs_msgs/interbotix_xs_msgs/srv/detail/operating_modes__rosidl_typesupport_introspection_c.h
-- Installing: /home/wellyowo/locobot_sim/locobot_ws/src/install/interbotix_xs_msgs/include/interbotix_xs_msgs/interbotix_xs_msgs/srv/detail/motor_gains__rosidl_typesupport_introspection_c.h
-- Installing: /home/wellyowo/locobot_sim/locobot_ws/src/install/interbotix_xs_msgs/include/interbotix_xs_msgs/interbotix_xs_msgs/srv/detail/robot_info__rosidl_typesupport_introspection_c.h
-- Installing: /home/wellyowo/locobot_sim/locobot_ws/src/install/interbotix_xs_msgs/include/interbotix_xs_msgs/interbotix_xs_msgs/srv/detail/robot_info__type_support.c
-- Installing: /home/wellyowo/locobot_sim/locobot_ws/src/install/interbotix_xs_msgs/include/interbotix_xs_msgs/interbotix_xs_msgs/srv/detail/register_values__type_support.c
-- Installing: /home/wellyowo/locobot_sim/locobot_ws/src/install/interbotix_xs_msgs/include/interbotix_xs_msgs/interbotix_xs_msgs/srv/detail/reboot__rosidl_typesupport_introspection_c.h
-- Up-to-date: /home/wellyowo/locobot_sim/locobot_ws/src/install/interbotix_xs_msgs/include/interbotix_xs_msgs/interbotix_xs_msgs/msg
-- Installing: /home/wellyowo/locobot_sim/locobot_ws/src/install/interbotix_xs_msgs/include/interbotix_xs_msgs/interbotix_xs_msgs/msg/rosidl_typesupport_introspection_c__visibility_control.h
-- Up-to-date: /home/wellyowo/locobot_sim/locobot_ws/src/install/interbotix_xs_msgs/include/interbotix_xs_msgs/interbotix_xs_msgs/msg/detail
-- Installing: /home/wellyowo/locobot_sim/locobot_ws/src/install/interbotix_xs_msgs/include/interbotix_xs_msgs/interbotix_xs_msgs/msg/detail/arm_joy__rosidl_typesupport_introspection_c.h
-- Installing: /home/wellyowo/locobot_sim/locobot_ws/src/install/interbotix_xs_msgs/include/interbotix_xs_msgs/interbotix_xs_msgs/msg/detail/joint_temps__type_support.c
-- Installing: /home/wellyowo/locobot_sim/locobot_ws/src/install/interbotix_xs_msgs/include/interbotix_xs_msgs/interbotix_xs_msgs/msg/detail/joint_trajectory_command__rosidl_typesupport_introspection_c.h
-- Installing: /home/wellyowo/locobot_sim/locobot_ws/src/install/interbotix_xs_msgs/include/interbotix_xs_msgs/interbotix_xs_msgs/msg/detail/hex_joy__type_support.c
-- Installing: /home/wellyowo/locobot_sim/locobot_ws/src/install/interbotix_xs_msgs/include/interbotix_xs_msgs/interbotix_xs_msgs/msg/detail/locobot_joy__type_support.c
-- Installing: /home/wellyowo/locobot_sim/locobot_ws/src/install/interbotix_xs_msgs/include/interbotix_xs_msgs/interbotix_xs_msgs/msg/detail/joint_group_command__rosidl_typesupport_introspection_c.h
-- Installing: /home/wellyowo/locobot_sim/locobot_ws/src/install/interbotix_xs_msgs/include/interbotix_xs_msgs/interbotix_xs_msgs/msg/detail/joint_group_command__type_support.c
-- Installing: /home/wellyowo/locobot_sim/locobot_ws/src/install/interbotix_xs_msgs/include/interbotix_xs_msgs/interbotix_xs_msgs/msg/detail/joint_single_command__rosidl_typesupport_introspection_c.h
-- Installing: /home/wellyowo/locobot_sim/locobot_ws/src/install/interbotix_xs_msgs/include/interbotix_xs_msgs/interbotix_xs_msgs/msg/detail/turret_joy__rosidl_typesupport_introspection_c.h
-- Installing: /home/wellyowo/locobot_sim/locobot_ws/src/install/interbotix_xs_msgs/include/interbotix_xs_msgs/interbotix_xs_msgs/msg/detail/joint_trajectory_command__type_support.c
-- Installing: /home/wellyowo/locobot_sim/locobot_ws/src/install/interbotix_xs_msgs/include/interbotix_xs_msgs/interbotix_xs_msgs/msg/detail/joint_single_command__type_support.c
-- Installing: /home/wellyowo/locobot_sim/locobot_ws/src/install/interbotix_xs_msgs/include/interbotix_xs_msgs/interbotix_xs_msgs/msg/detail/locobot_joy__rosidl_typesupport_introspection_c.h
-- Installing: /home/wellyowo/locobot_sim/locobot_ws/src/install/interbotix_xs_msgs/include/interbotix_xs_msgs/interbotix_xs_msgs/msg/detail/arm_joy__type_support.c
-- Installing: /home/wellyowo/locobot_sim/locobot_ws/src/install/interbotix_xs_msgs/include/interbotix_xs_msgs/interbotix_xs_msgs/msg/detail/hex_joy__rosidl_typesupport_introspection_c.h
-- Installing: /home/wellyowo/locobot_sim/locobot_ws/src/install/interbotix_xs_msgs/include/interbotix_xs_msgs/interbotix_xs_msgs/msg/detail/joint_temps__rosidl_typesupport_introspection_c.h
-- Installing: /home/wellyowo/locobot_sim/locobot_ws/src/install/interbotix_xs_msgs/include/interbotix_xs_msgs/interbotix_xs_msgs/msg/detail/turret_joy__type_support.c
-- Installing: /home/wellyowo/locobot_sim/locobot_ws/src/install/interbotix_xs_msgs/lib/libinterbotix_xs_msgs__rosidl_typesupport_introspection_c.so
-- Set runtime path of "/home/wellyowo/locobot_sim/locobot_ws/src/install/interbotix_xs_msgs/lib/libinterbotix_xs_msgs__rosidl_typesupport_introspection_c.so" to ""
-- Installing: /home/wellyowo/locobot_sim/locobot_ws/src/install/interbotix_xs_msgs/lib/libinterbotix_xs_msgs__rosidl_typesupport_c.so
-- Set runtime path of "/home/wellyowo/locobot_sim/locobot_ws/src/install/interbotix_xs_msgs/lib/libinterbotix_xs_msgs__rosidl_typesupport_c.so" to ""
-- Up-to-date: /home/wellyowo/locobot_sim/locobot_ws/src/install/interbotix_xs_msgs/include/interbotix_xs_msgs/interbotix_xs_msgs
-- Up-to-date: /home/wellyowo/locobot_sim/locobot_ws/src/install/interbotix_xs_msgs/include/interbotix_xs_msgs/interbotix_xs_msgs/srv
-- Installing: /home/wellyowo/locobot_sim/locobot_ws/src/install/interbotix_xs_msgs/include/interbotix_xs_msgs/interbotix_xs_msgs/srv/reboot.hpp
-- Installing: /home/wellyowo/locobot_sim/locobot_ws/src/install/interbotix_xs_msgs/include/interbotix_xs_msgs/interbotix_xs_msgs/srv/robot_info.hpp
-- Installing: /home/wellyowo/locobot_sim/locobot_ws/src/install/interbotix_xs_msgs/include/interbotix_xs_msgs/interbotix_xs_msgs/srv/register_values.hpp
-- Installing: /home/wellyowo/locobot_sim/locobot_ws/src/install/interbotix_xs_msgs/include/interbotix_xs_msgs/interbotix_xs_msgs/srv/operating_modes.hpp
-- Installing: /home/wellyowo/locobot_sim/locobot_ws/src/install/interbotix_xs_msgs/include/interbotix_xs_msgs/interbotix_xs_msgs/srv/motor_gains.hpp
-- Installing: /home/wellyowo/locobot_sim/locobot_ws/src/install/interbotix_xs_msgs/include/interbotix_xs_msgs/interbotix_xs_msgs/srv/torque_enable.hpp
-- Up-to-date: /home/wellyowo/locobot_sim/locobot_ws/src/install/interbotix_xs_msgs/include/interbotix_xs_msgs/interbotix_xs_msgs/srv/detail
-- Installing: /home/wellyowo/locobot_sim/locobot_ws/src/install/interbotix_xs_msgs/include/interbotix_xs_msgs/interbotix_xs_msgs/srv/detail/reboot__struct.hpp
-- Installing: /home/wellyowo/locobot_sim/locobot_ws/src/install/interbotix_xs_msgs/include/interbotix_xs_msgs/interbotix_xs_msgs/srv/detail/torque_enable__traits.hpp
-- Installing: /home/wellyowo/locobot_sim/locobot_ws/src/install/interbotix_xs_msgs/include/interbotix_xs_msgs/interbotix_xs_msgs/srv/detail/robot_info__builder.hpp
-- Installing: /home/wellyowo/locobot_sim/locobot_ws/src/install/interbotix_xs_msgs/include/interbotix_xs_msgs/interbotix_xs_msgs/srv/detail/register_values__builder.hpp
-- Installing: /home/wellyowo/locobot_sim/locobot_ws/src/install/interbotix_xs_msgs/include/interbotix_xs_msgs/interbotix_xs_msgs/srv/detail/operating_modes__traits.hpp
-- Installing: /home/wellyowo/locobot_sim/locobot_ws/src/install/interbotix_xs_msgs/include/interbotix_xs_msgs/interbotix_xs_msgs/srv/detail/robot_info__traits.hpp
-- Installing: /home/wellyowo/locobot_sim/locobot_ws/src/install/interbotix_xs_msgs/include/interbotix_xs_msgs/interbotix_xs_msgs/srv/detail/motor_gains__builder.hpp
-- Installing: /home/wellyowo/locobot_sim/locobot_ws/src/install/interbotix_xs_msgs/include/interbotix_xs_msgs/interbotix_xs_msgs/srv/detail/register_values__type_support.hpp
-- Installing: /home/wellyowo/locobot_sim/locobot_ws/src/install/interbotix_xs_msgs/include/interbotix_xs_msgs/interbotix_xs_msgs/srv/detail/operating_modes__builder.hpp
-- Installing: /home/wellyowo/locobot_sim/locobot_ws/src/install/interbotix_xs_msgs/include/interbotix_xs_msgs/interbotix_xs_msgs/srv/detail/reboot__type_support.hpp
-- Installing: /home/wellyowo/locobot_sim/locobot_ws/src/install/interbotix_xs_msgs/include/interbotix_xs_msgs/interbotix_xs_msgs/srv/detail/reboot__traits.hpp
-- Installing: /home/wellyowo/locobot_sim/locobot_ws/src/install/interbotix_xs_msgs/include/interbotix_xs_msgs/interbotix_xs_msgs/srv/detail/operating_modes__struct.hpp
-- Installing: /home/wellyowo/locobot_sim/locobot_ws/src/install/interbotix_xs_msgs/include/interbotix_xs_msgs/interbotix_xs_msgs/srv/detail/motor_gains__traits.hpp
-- Installing: /home/wellyowo/locobot_sim/locobot_ws/src/install/interbotix_xs_msgs/include/interbotix_xs_msgs/interbotix_xs_msgs/srv/detail/torque_enable__struct.hpp
-- Installing: /home/wellyowo/locobot_sim/locobot_ws/src/install/interbotix_xs_msgs/include/interbotix_xs_msgs/interbotix_xs_msgs/srv/detail/reboot__builder.hpp
-- Installing: /home/wellyowo/locobot_sim/locobot_ws/src/install/interbotix_xs_msgs/include/interbotix_xs_msgs/interbotix_xs_msgs/srv/detail/torque_enable__builder.hpp
-- Installing: /home/wellyowo/locobot_sim/locobot_ws/src/install/interbotix_xs_msgs/include/interbotix_xs_msgs/interbotix_xs_msgs/srv/detail/register_values__struct.hpp
-- Installing: /home/wellyowo/locobot_sim/locobot_ws/src/install/interbotix_xs_msgs/include/interbotix_xs_msgs/interbotix_xs_msgs/srv/detail/register_values__traits.hpp
-- Installing: /home/wellyowo/locobot_sim/locobot_ws/src/install/interbotix_xs_msgs/include/interbotix_xs_msgs/interbotix_xs_msgs/srv/detail/motor_gains__struct.hpp
-- Installing: /home/wellyowo/locobot_sim/locobot_ws/src/install/interbotix_xs_msgs/include/interbotix_xs_msgs/interbotix_xs_msgs/srv/detail/robot_info__struct.hpp
-- Installing: /home/wellyowo/locobot_sim/locobot_ws/src/install/interbotix_xs_msgs/include/interbotix_xs_msgs/interbotix_xs_msgs/srv/detail/motor_gains__type_support.hpp
-- Installing: /home/wellyowo/locobot_sim/locobot_ws/src/install/interbotix_xs_msgs/include/interbotix_xs_msgs/interbotix_xs_msgs/srv/detail/operating_modes__type_support.hpp
-- Installing: /home/wellyowo/locobot_sim/locobot_ws/src/install/interbotix_xs_msgs/include/interbotix_xs_msgs/interbotix_xs_msgs/srv/detail/robot_info__type_support.hpp
-- Installing: /home/wellyowo/locobot_sim/locobot_ws/src/install/interbotix_xs_msgs/include/interbotix_xs_msgs/interbotix_xs_msgs/srv/detail/torque_enable__type_support.hpp
-- Up-to-date: /home/wellyowo/locobot_sim/locobot_ws/src/install/interbotix_xs_msgs/include/interbotix_xs_msgs/interbotix_xs_msgs/msg
-- Installing: /home/wellyowo/locobot_sim/locobot_ws/src/install/interbotix_xs_msgs/include/interbotix_xs_msgs/interbotix_xs_msgs/msg/joint_trajectory_command.hpp
-- Installing: /home/wellyowo/locobot_sim/locobot_ws/src/install/interbotix_xs_msgs/include/interbotix_xs_msgs/interbotix_xs_msgs/msg/hex_joy.hpp
-- Installing: /home/wellyowo/locobot_sim/locobot_ws/src/install/interbotix_xs_msgs/include/interbotix_xs_msgs/interbotix_xs_msgs/msg/locobot_joy.hpp
-- Installing: /home/wellyowo/locobot_sim/locobot_ws/src/install/interbotix_xs_msgs/include/interbotix_xs_msgs/interbotix_xs_msgs/msg/arm_joy.hpp
-- Installing: /home/wellyowo/locobot_sim/locobot_ws/src/install/interbotix_xs_msgs/include/interbotix_xs_msgs/interbotix_xs_msgs/msg/joint_temps.hpp
-- Installing: /home/wellyowo/locobot_sim/locobot_ws/src/install/interbotix_xs_msgs/include/interbotix_xs_msgs/interbotix_xs_msgs/msg/joint_group_command.hpp
-- Installing: /home/wellyowo/locobot_sim/locobot_ws/src/install/interbotix_xs_msgs/include/interbotix_xs_msgs/interbotix_xs_msgs/msg/rosidl_generator_cpp__visibility_control.hpp
-- Installing: /home/wellyowo/locobot_sim/locobot_ws/src/install/interbotix_xs_msgs/include/interbotix_xs_msgs/interbotix_xs_msgs/msg/joint_single_command.hpp
-- Installing: /home/wellyowo/locobot_sim/locobot_ws/src/install/interbotix_xs_msgs/include/interbotix_xs_msgs/interbotix_xs_msgs/msg/turret_joy.hpp
-- Up-to-date: /home/wellyowo/locobot_sim/locobot_ws/src/install/interbotix_xs_msgs/include/interbotix_xs_msgs/interbotix_xs_msgs/msg/detail
-- Installing: /home/wellyowo/locobot_sim/locobot_ws/src/install/interbotix_xs_msgs/include/interbotix_xs_msgs/interbotix_xs_msgs/msg/detail/locobot_joy__struct.hpp
-- Installing: /home/wellyowo/locobot_sim/locobot_ws/src/install/interbotix_xs_msgs/include/interbotix_xs_msgs/interbotix_xs_msgs/msg/detail/joint_single_command__builder.hpp
-- Installing: /home/wellyowo/locobot_sim/locobot_ws/src/install/interbotix_xs_msgs/include/interbotix_xs_msgs/interbotix_xs_msgs/msg/detail/joint_group_command__type_support.hpp
-- Installing: /home/wellyowo/locobot_sim/locobot_ws/src/install/interbotix_xs_msgs/include/interbotix_xs_msgs/interbotix_xs_msgs/msg/detail/joint_group_command__builder.hpp
-- Installing: /home/wellyowo/locobot_sim/locobot_ws/src/install/interbotix_xs_msgs/include/interbotix_xs_msgs/interbotix_xs_msgs/msg/detail/joint_trajectory_command__type_support.hpp
-- Installing: /home/wellyowo/locobot_sim/locobot_ws/src/install/interbotix_xs_msgs/include/interbotix_xs_msgs/interbotix_xs_msgs/msg/detail/arm_joy__type_support.hpp
-- Installing: /home/wellyowo/locobot_sim/locobot_ws/src/install/interbotix_xs_msgs/include/interbotix_xs_msgs/interbotix_xs_msgs/msg/detail/turret_joy__builder.hpp
-- Installing: /home/wellyowo/locobot_sim/locobot_ws/src/install/interbotix_xs_msgs/include/interbotix_xs_msgs/interbotix_xs_msgs/msg/detail/locobot_joy__type_support.hpp
-- Installing: /home/wellyowo/locobot_sim/locobot_ws/src/install/interbotix_xs_msgs/include/interbotix_xs_msgs/interbotix_xs_msgs/msg/detail/joint_temps__builder.hpp
-- Installing: /home/wellyowo/locobot_sim/locobot_ws/src/install/interbotix_xs_msgs/include/interbotix_xs_msgs/interbotix_xs_msgs/msg/detail/turret_joy__struct.hpp
-- Installing: /home/wellyowo/locobot_sim/locobot_ws/src/install/interbotix_xs_msgs/include/interbotix_xs_msgs/interbotix_xs_msgs/msg/detail/locobot_joy__builder.hpp
-- Installing: /home/wellyowo/locobot_sim/locobot_ws/src/install/interbotix_xs_msgs/include/interbotix_xs_msgs/interbotix_xs_msgs/msg/detail/turret_joy__traits.hpp
-- Installing: /home/wellyowo/locobot_sim/locobot_ws/src/install/interbotix_xs_msgs/include/interbotix_xs_msgs/interbotix_xs_msgs/msg/detail/turret_joy__type_support.hpp
-- Installing: /home/wellyowo/locobot_sim/locobot_ws/src/install/interbotix_xs_msgs/include/interbotix_xs_msgs/interbotix_xs_msgs/msg/detail/arm_joy__traits.hpp
-- Installing: /home/wellyowo/locobot_sim/locobot_ws/src/install/interbotix_xs_msgs/include/interbotix_xs_msgs/interbotix_xs_msgs/msg/detail/joint_trajectory_command__traits.hpp
-- Installing: /home/wellyowo/locobot_sim/locobot_ws/src/install/interbotix_xs_msgs/include/interbotix_xs_msgs/interbotix_xs_msgs/msg/detail/hex_joy__traits.hpp
-- Installing: /home/wellyowo/locobot_sim/locobot_ws/src/install/interbotix_xs_msgs/include/interbotix_xs_msgs/interbotix_xs_msgs/msg/detail/joint_temps__traits.hpp
-- Installing: /home/wellyowo/locobot_sim/locobot_ws/src/install/interbotix_xs_msgs/include/interbotix_xs_msgs/interbotix_xs_msgs/msg/detail/joint_temps__type_support.hpp
-- Installing: /home/wellyowo/locobot_sim/locobot_ws/src/install/interbotix_xs_msgs/include/interbotix_xs_msgs/interbotix_xs_msgs/msg/detail/hex_joy__type_support.hpp
-- Installing: /home/wellyowo/locobot_sim/locobot_ws/src/install/interbotix_xs_msgs/include/interbotix_xs_msgs/interbotix_xs_msgs/msg/detail/joint_single_command__struct.hpp
-- Installing: /home/wellyowo/locobot_sim/locobot_ws/src/install/interbotix_xs_msgs/include/interbotix_xs_msgs/interbotix_xs_msgs/msg/detail/joint_trajectory_command__struct.hpp
-- Installing: /home/wellyowo/locobot_sim/locobot_ws/src/install/interbotix_xs_msgs/include/interbotix_xs_msgs/interbotix_xs_msgs/msg/detail/joint_trajectory_command__builder.hpp
-- Installing: /home/wellyowo/locobot_sim/locobot_ws/src/install/interbotix_xs_msgs/include/interbotix_xs_msgs/interbotix_xs_msgs/msg/detail/joint_single_command__traits.hpp
-- Installing: /home/wellyowo/locobot_sim/locobot_ws/src/install/interbotix_xs_msgs/include/interbotix_xs_msgs/interbotix_xs_msgs/msg/detail/arm_joy__struct.hpp
-- Installing: /home/wellyowo/locobot_sim/locobot_ws/src/install/interbotix_xs_msgs/include/interbotix_xs_msgs/interbotix_xs_msgs/msg/detail/joint_single_command__type_support.hpp
-- Installing: /home/wellyowo/locobot_sim/locobot_ws/src/install/interbotix_xs_msgs/include/interbotix_xs_msgs/interbotix_xs_msgs/msg/detail/joint_group_command__traits.hpp
-- Installing: /home/wellyowo/locobot_sim/locobot_ws/src/install/interbotix_xs_msgs/include/interbotix_xs_msgs/interbotix_xs_msgs/msg/detail/hex_joy__builder.hpp
-- Installing: /home/wellyowo/locobot_sim/locobot_ws/src/install/interbotix_xs_msgs/include/interbotix_xs_msgs/interbotix_xs_msgs/msg/detail/joint_temps__struct.hpp
-- Installing: /home/wellyowo/locobot_sim/locobot_ws/src/install/interbotix_xs_msgs/include/interbotix_xs_msgs/interbotix_xs_msgs/msg/detail/hex_joy__struct.hpp
-- Installing: /home/wellyowo/locobot_sim/locobot_ws/src/install/interbotix_xs_msgs/include/interbotix_xs_msgs/interbotix_xs_msgs/msg/detail/joint_group_command__struct.hpp
-- Installing: /home/wellyowo/locobot_sim/locobot_ws/src/install/interbotix_xs_msgs/include/interbotix_xs_msgs/interbotix_xs_msgs/msg/detail/locobot_joy__traits.hpp
-- Installing: /home/wellyowo/locobot_sim/locobot_ws/src/install/interbotix_xs_msgs/include/interbotix_xs_msgs/interbotix_xs_msgs/msg/detail/arm_joy__builder.hpp
-- Up-to-date: /home/wellyowo/locobot_sim/locobot_ws/src/install/interbotix_xs_msgs/include/interbotix_xs_msgs/interbotix_xs_msgs
-- Up-to-date: /home/wellyowo/locobot_sim/locobot_ws/src/install/interbotix_xs_msgs/include/interbotix_xs_msgs/interbotix_xs_msgs/srv
-- Up-to-date: /home/wellyowo/locobot_sim/locobot_ws/src/install/interbotix_xs_msgs/include/interbotix_xs_msgs/interbotix_xs_msgs/srv/detail
-- Installing: /home/wellyowo/locobot_sim/locobot_ws/src/install/interbotix_xs_msgs/include/interbotix_xs_msgs/interbotix_xs_msgs/srv/detail/robot_info__rosidl_typesupport_fastrtps_cpp.hpp
-- Installing: /home/wellyowo/locobot_sim/locobot_ws/src/install/interbotix_xs_msgs/include/interbotix_xs_msgs/interbotix_xs_msgs/srv/detail/register_values__rosidl_typesupport_fastrtps_cpp.hpp
-- Installing: /home/wellyowo/locobot_sim/locobot_ws/src/install/interbotix_xs_msgs/include/interbotix_xs_msgs/interbotix_xs_msgs/srv/detail/motor_gains__rosidl_typesupport_fastrtps_cpp.hpp
-- Installing: /home/wellyowo/locobot_sim/locobot_ws/src/install/interbotix_xs_msgs/include/interbotix_xs_msgs/interbotix_xs_msgs/srv/detail/torque_enable__rosidl_typesupport_fastrtps_cpp.hpp
-- Installing: /home/wellyowo/locobot_sim/locobot_ws/src/install/interbotix_xs_msgs/include/interbotix_xs_msgs/interbotix_xs_msgs/srv/detail/operating_modes__rosidl_typesupport_fastrtps_cpp.hpp
-- Installing: /home/wellyowo/locobot_sim/locobot_ws/src/install/interbotix_xs_msgs/include/interbotix_xs_msgs/interbotix_xs_msgs/srv/detail/reboot__rosidl_typesupport_fastrtps_cpp.hpp
-- Installing: /home/wellyowo/locobot_sim/locobot_ws/src/install/interbotix_xs_msgs/include/interbotix_xs_msgs/interbotix_xs_msgs/srv/detail/dds_fastrtps
-- Up-to-date: /home/wellyowo/locobot_sim/locobot_ws/src/install/interbotix_xs_msgs/include/interbotix_xs_msgs/interbotix_xs_msgs/msg
-- Installing: /home/wellyowo/locobot_sim/locobot_ws/src/install/interbotix_xs_msgs/include/interbotix_xs_msgs/interbotix_xs_msgs/msg/rosidl_typesupport_fastrtps_cpp__visibility_control.h
-- Up-to-date: /home/wellyowo/locobot_sim/locobot_ws/src/install/interbotix_xs_msgs/include/interbotix_xs_msgs/interbotix_xs_msgs/msg/detail
-- Installing: /home/wellyowo/locobot_sim/locobot_ws/src/install/interbotix_xs_msgs/include/interbotix_xs_msgs/interbotix_xs_msgs/msg/detail/arm_joy__rosidl_typesupport_fastrtps_cpp.hpp
-- Installing: /home/wellyowo/locobot_sim/locobot_ws/src/install/interbotix_xs_msgs/include/interbotix_xs_msgs/interbotix_xs_msgs/msg/detail/turret_joy__rosidl_typesupport_fastrtps_cpp.hpp
-- Installing: /home/wellyowo/locobot_sim/locobot_ws/src/install/interbotix_xs_msgs/include/interbotix_xs_msgs/interbotix_xs_msgs/msg/detail/joint_group_command__rosidl_typesupport_fastrtps_cpp.hpp
-- Installing: /home/wellyowo/locobot_sim/locobot_ws/src/install/interbotix_xs_msgs/include/interbotix_xs_msgs/interbotix_xs_msgs/msg/detail/hex_joy__rosidl_typesupport_fastrtps_cpp.hpp
-- Installing: /home/wellyowo/locobot_sim/locobot_ws/src/install/interbotix_xs_msgs/include/interbotix_xs_msgs/interbotix_xs_msgs/msg/detail/joint_single_command__rosidl_typesupport_fastrtps_cpp.hpp
-- Installing: /home/wellyowo/locobot_sim/locobot_ws/src/install/interbotix_xs_msgs/include/interbotix_xs_msgs/interbotix_xs_msgs/msg/detail/joint_temps__rosidl_typesupport_fastrtps_cpp.hpp
-- Installing: /home/wellyowo/locobot_sim/locobot_ws/src/install/interbotix_xs_msgs/include/interbotix_xs_msgs/interbotix_xs_msgs/msg/detail/locobot_joy__rosidl_typesupport_fastrtps_cpp.hpp
-- Installing: /home/wellyowo/locobot_sim/locobot_ws/src/install/interbotix_xs_msgs/include/interbotix_xs_msgs/interbotix_xs_msgs/msg/detail/dds_fastrtps
-- Installing: /home/wellyowo/locobot_sim/locobot_ws/src/install/interbotix_xs_msgs/include/interbotix_xs_msgs/interbotix_xs_msgs/msg/detail/joint_trajectory_command__rosidl_typesupport_fastrtps_cpp.hpp
-- Installing: /home/wellyowo/locobot_sim/locobot_ws/src/install/interbotix_xs_msgs/lib/libinterbotix_xs_msgs__rosidl_typesupport_fastrtps_cpp.so
-- Set runtime path of "/home/wellyowo/locobot_sim/locobot_ws/src/install/interbotix_xs_msgs/lib/libinterbotix_xs_msgs__rosidl_typesupport_fastrtps_cpp.so" to ""
-- Up-to-date: /home/wellyowo/locobot_sim/locobot_ws/src/install/interbotix_xs_msgs/include/interbotix_xs_msgs/interbotix_xs_msgs
-- Up-to-date: /home/wellyowo/locobot_sim/locobot_ws/src/install/interbotix_xs_msgs/include/interbotix_xs_msgs/interbotix_xs_msgs/srv
-- Up-to-date: /home/wellyowo/locobot_sim/locobot_ws/src/install/interbotix_xs_msgs/include/interbotix_xs_msgs/interbotix_xs_msgs/srv/detail
-- Installing: /home/wellyowo/locobot_sim/locobot_ws/src/install/interbotix_xs_msgs/include/interbotix_xs_msgs/interbotix_xs_msgs/srv/detail/torque_enable__type_support.cpp
-- Installing: /home/wellyowo/locobot_sim/locobot_ws/src/install/interbotix_xs_msgs/include/interbotix_xs_msgs/interbotix_xs_msgs/srv/detail/reboot__type_support.cpp
-- Installing: /home/wellyowo/locobot_sim/locobot_ws/src/install/interbotix_xs_msgs/include/interbotix_xs_msgs/interbotix_xs_msgs/srv/detail/robot_info__rosidl_typesupport_introspection_cpp.hpp
-- Installing: /home/wellyowo/locobot_sim/locobot_ws/src/install/interbotix_xs_msgs/include/interbotix_xs_msgs/interbotix_xs_msgs/srv/detail/torque_enable__rosidl_typesupport_introspection_cpp.hpp
-- Installing: /home/wellyowo/locobot_sim/locobot_ws/src/install/interbotix_xs_msgs/include/interbotix_xs_msgs/interbotix_xs_msgs/srv/detail/operating_modes__rosidl_typesupport_introspection_cpp.hpp
-- Installing: /home/wellyowo/locobot_sim/locobot_ws/src/install/interbotix_xs_msgs/include/interbotix_xs_msgs/interbotix_xs_msgs/srv/detail/robot_info__type_support.cpp
-- Installing: /home/wellyowo/locobot_sim/locobot_ws/src/install/interbotix_xs_msgs/include/interbotix_xs_msgs/interbotix_xs_msgs/srv/detail/register_values__rosidl_typesupport_introspection_cpp.hpp
-- Installing: /home/wellyowo/locobot_sim/locobot_ws/src/install/interbotix_xs_msgs/include/interbotix_xs_msgs/interbotix_xs_msgs/srv/detail/reboot__rosidl_typesupport_introspection_cpp.hpp
-- Installing: /home/wellyowo/locobot_sim/locobot_ws/src/install/interbotix_xs_msgs/include/interbotix_xs_msgs/interbotix_xs_msgs/srv/detail/motor_gains__rosidl_typesupport_introspection_cpp.hpp
-- Installing: /home/wellyowo/locobot_sim/locobot_ws/src/install/interbotix_xs_msgs/include/interbotix_xs_msgs/interbotix_xs_msgs/srv/detail/register_values__type_support.cpp
-- Installing: /home/wellyowo/locobot_sim/locobot_ws/src/install/interbotix_xs_msgs/include/interbotix_xs_msgs/interbotix_xs_msgs/srv/detail/motor_gains__type_support.cpp
-- Installing: /home/wellyowo/locobot_sim/locobot_ws/src/install/interbotix_xs_msgs/include/interbotix_xs_msgs/interbotix_xs_msgs/srv/detail/operating_modes__type_support.cpp
-- Up-to-date: /home/wellyowo/locobot_sim/locobot_ws/src/install/interbotix_xs_msgs/include/interbotix_xs_msgs/interbotix_xs_msgs/msg
-- Up-to-date: /home/wellyowo/locobot_sim/locobot_ws/src/install/interbotix_xs_msgs/include/interbotix_xs_msgs/interbotix_xs_msgs/msg/detail
-- Installing: /home/wellyowo/locobot_sim/locobot_ws/src/install/interbotix_xs_msgs/include/interbotix_xs_msgs/interbotix_xs_msgs/msg/detail/arm_joy__type_support.cpp
-- Installing: /home/wellyowo/locobot_sim/locobot_ws/src/install/interbotix_xs_msgs/include/interbotix_xs_msgs/interbotix_xs_msgs/msg/detail/hex_joy__rosidl_typesupport_introspection_cpp.hpp
-- Installing: /home/wellyowo/locobot_sim/locobot_ws/src/install/interbotix_xs_msgs/include/interbotix_xs_msgs/interbotix_xs_msgs/msg/detail/locobot_joy__type_support.cpp
-- Installing: /home/wellyowo/locobot_sim/locobot_ws/src/install/interbotix_xs_msgs/include/interbotix_xs_msgs/interbotix_xs_msgs/msg/detail/joint_single_command__rosidl_typesupport_introspection_cpp.hpp
-- Installing: /home/wellyowo/locobot_sim/locobot_ws/src/install/interbotix_xs_msgs/include/interbotix_xs_msgs/interbotix_xs_msgs/msg/detail/locobot_joy__rosidl_typesupport_introspection_cpp.hpp
-- Installing: /home/wellyowo/locobot_sim/locobot_ws/src/install/interbotix_xs_msgs/include/interbotix_xs_msgs/interbotix_xs_msgs/msg/detail/joint_trajectory_command__rosidl_typesupport_introspection_cpp.hpp
-- Installing: /home/wellyowo/locobot_sim/locobot_ws/src/install/interbotix_xs_msgs/include/interbotix_xs_msgs/interbotix_xs_msgs/msg/detail/turret_joy__type_support.cpp
-- Installing: /home/wellyowo/locobot_sim/locobot_ws/src/install/interbotix_xs_msgs/include/interbotix_xs_msgs/interbotix_xs_msgs/msg/detail/turret_joy__rosidl_typesupport_introspection_cpp.hpp
-- Installing: /home/wellyowo/locobot_sim/locobot_ws/src/install/interbotix_xs_msgs/include/interbotix_xs_msgs/interbotix_xs_msgs/msg/detail/joint_group_command__type_support.cpp
-- Installing: /home/wellyowo/locobot_sim/locobot_ws/src/install/interbotix_xs_msgs/include/interbotix_xs_msgs/interbotix_xs_msgs/msg/detail/joint_group_command__rosidl_typesupport_introspection_cpp.hpp
-- Installing: /home/wellyowo/locobot_sim/locobot_ws/src/install/interbotix_xs_msgs/include/interbotix_xs_msgs/interbotix_xs_msgs/msg/detail/joint_single_command__type_support.cpp
-- Installing: /home/wellyowo/locobot_sim/locobot_ws/src/install/interbotix_xs_msgs/include/interbotix_xs_msgs/interbotix_xs_msgs/msg/detail/arm_joy__rosidl_typesupport_introspection_cpp.hpp
-- Installing: /home/wellyowo/locobot_sim/locobot_ws/src/install/interbotix_xs_msgs/include/interbotix_xs_msgs/interbotix_xs_msgs/msg/detail/joint_trajectory_command__type_support.cpp
-- Installing: /home/wellyowo/locobot_sim/locobot_ws/src/install/interbotix_xs_msgs/include/interbotix_xs_msgs/interbotix_xs_msgs/msg/detail/joint_temps__rosidl_typesupport_introspection_cpp.hpp
-- Installing: /home/wellyowo/locobot_sim/locobot_ws/src/install/interbotix_xs_msgs/include/interbotix_xs_msgs/interbotix_xs_msgs/msg/detail/joint_temps__type_support.cpp
-- Installing: /home/wellyowo/locobot_sim/locobot_ws/src/install/interbotix_xs_msgs/include/interbotix_xs_msgs/interbotix_xs_msgs/msg/detail/hex_joy__type_support.cpp
-- Installing: /home/wellyowo/locobot_sim/locobot_ws/src/install/interbotix_xs_msgs/lib/libinterbotix_xs_msgs__rosidl_typesupport_introspection_cpp.so
-- Set runtime path of "/home/wellyowo/locobot_sim/locobot_ws/src/install/interbotix_xs_msgs/lib/libinterbotix_xs_msgs__rosidl_typesupport_introspection_cpp.so" to ""
-- Installing: /home/wellyowo/locobot_sim/locobot_ws/src/install/interbotix_xs_msgs/lib/libinterbotix_xs_msgs__rosidl_typesupport_cpp.so
-- Set runtime path of "/home/wellyowo/locobot_sim/locobot_ws/src/install/interbotix_xs_msgs/lib/libinterbotix_xs_msgs__rosidl_typesupport_cpp.so" to ""
-- Installing: /home/wellyowo/locobot_sim/locobot_ws/src/install/interbotix_xs_msgs/share/interbotix_xs_msgs/environment/pythonpath.sh
-- Installing: /home/wellyowo/locobot_sim/locobot_ws/src/install/interbotix_xs_msgs/share/interbotix_xs_msgs/environment/pythonpath.dsv
-- Installing: /home/wellyowo/locobot_sim/locobot_ws/src/install/interbotix_xs_msgs/local/lib/python3.10/dist-packages/interbotix_xs_msgs-0.0.0-py3.10.egg-info
-- Installing: /home/wellyowo/locobot_sim/locobot_ws/src/install/interbotix_xs_msgs/local/lib/python3.10/dist-packages/interbotix_xs_msgs-0.0.0-py3.10.egg-info/SOURCES.txt
-- Installing: /home/wellyowo/locobot_sim/locobot_ws/src/install/interbotix_xs_msgs/local/lib/python3.10/dist-packages/interbotix_xs_msgs-0.0.0-py3.10.egg-info/PKG-INFO
-- Installing: /home/wellyowo/locobot_sim/locobot_ws/src/install/interbotix_xs_msgs/local/lib/python3.10/dist-packages/interbotix_xs_msgs-0.0.0-py3.10.egg-info/top_level.txt
-- Installing: /home/wellyowo/locobot_sim/locobot_ws/src/install/interbotix_xs_msgs/local/lib/python3.10/dist-packages/interbotix_xs_msgs-0.0.0-py3.10.egg-info/dependency_links.txt
-- Installing: /home/wellyowo/locobot_sim/locobot_ws/src/install/interbotix_xs_msgs/local/lib/python3.10/dist-packages/interbotix_xs_msgs
-- Installing: /home/wellyowo/locobot_sim/locobot_ws/src/install/interbotix_xs_msgs/local/lib/python3.10/dist-packages/interbotix_xs_msgs/interbotix_xs_msgs_s__rosidl_typesupport_fastrtps_c.cpython-310-x86_64-linux-gnu.so
-- Installing: /home/wellyowo/locobot_sim/locobot_ws/src/install/interbotix_xs_msgs/local/lib/python3.10/dist-packages/interbotix_xs_msgs/__init__.py
-- Installing: /home/wellyowo/locobot_sim/locobot_ws/src/install/interbotix_xs_msgs/local/lib/python3.10/dist-packages/interbotix_xs_msgs/interbotix_xs_msgs_s__rosidl_typesupport_c.cpython-310-x86_64-linux-gnu.so
-- Installing: /home/wellyowo/locobot_sim/locobot_ws/src/install/interbotix_xs_msgs/local/lib/python3.10/dist-packages/interbotix_xs_msgs/srv
-- Installing: /home/wellyowo/locobot_sim/locobot_ws/src/install/interbotix_xs_msgs/local/lib/python3.10/dist-packages/interbotix_xs_msgs/srv/_torque_enable_s.c
-- Installing: /home/wellyowo/locobot_sim/locobot_ws/src/install/interbotix_xs_msgs/local/lib/python3.10/dist-packages/interbotix_xs_msgs/srv/_operating_modes_s.c
-- Installing: /home/wellyowo/locobot_sim/locobot_ws/src/install/interbotix_xs_msgs/local/lib/python3.10/dist-packages/interbotix_xs_msgs/srv/__init__.py
-- Installing: /home/wellyowo/locobot_sim/locobot_ws/src/install/interbotix_xs_msgs/local/lib/python3.10/dist-packages/interbotix_xs_msgs/srv/_reboot.py
-- Installing: /home/wellyowo/locobot_sim/locobot_ws/src/install/interbotix_xs_msgs/local/lib/python3.10/dist-packages/interbotix_xs_msgs/srv/_reboot_s.c
-- Installing: /home/wellyowo/locobot_sim/locobot_ws/src/install/interbotix_xs_msgs/local/lib/python3.10/dist-packages/interbotix_xs_msgs/srv/_register_values_s.c
-- Installing: /home/wellyowo/locobot_sim/locobot_ws/src/install/interbotix_xs_msgs/local/lib/python3.10/dist-packages/interbotix_xs_msgs/srv/_motor_gains.py
-- Installing: /home/wellyowo/locobot_sim/locobot_ws/src/install/interbotix_xs_msgs/local/lib/python3.10/dist-packages/interbotix_xs_msgs/srv/_motor_gains_s.c
-- Installing: /home/wellyowo/locobot_sim/locobot_ws/src/install/interbotix_xs_msgs/local/lib/python3.10/dist-packages/interbotix_xs_msgs/srv/_torque_enable.py
-- Installing: /home/wellyowo/locobot_sim/locobot_ws/src/install/interbotix_xs_msgs/local/lib/python3.10/dist-packages/interbotix_xs_msgs/srv/_operating_modes.py
-- Installing: /home/wellyowo/locobot_sim/locobot_ws/src/install/interbotix_xs_msgs/local/lib/python3.10/dist-packages/interbotix_xs_msgs/srv/_robot_info.py
-- Installing: /home/wellyowo/locobot_sim/locobot_ws/src/install/interbotix_xs_msgs/local/lib/python3.10/dist-packages/interbotix_xs_msgs/srv/_register_values.py
-- Installing: /home/wellyowo/locobot_sim/locobot_ws/src/install/interbotix_xs_msgs/local/lib/python3.10/dist-packages/interbotix_xs_msgs/srv/_robot_info_s.c
-- Installing: /home/wellyowo/locobot_sim/locobot_ws/src/install/interbotix_xs_msgs/local/lib/python3.10/dist-packages/interbotix_xs_msgs/_interbotix_xs_msgs_s.ep.rosidl_typesupport_c.c
-- Installing: /home/wellyowo/locobot_sim/locobot_ws/src/install/interbotix_xs_msgs/local/lib/python3.10/dist-packages/interbotix_xs_msgs/libinterbotix_xs_msgs__rosidl_generator_py.so
-- Installing: /home/wellyowo/locobot_sim/locobot_ws/src/install/interbotix_xs_msgs/local/lib/python3.10/dist-packages/interbotix_xs_msgs/msg
-- Installing: /home/wellyowo/locobot_sim/locobot_ws/src/install/interbotix_xs_msgs/local/lib/python3.10/dist-packages/interbotix_xs_msgs/msg/_joint_trajectory_command.py
-- Installing: /home/wellyowo/locobot_sim/locobot_ws/src/install/interbotix_xs_msgs/local/lib/python3.10/dist-packages/interbotix_xs_msgs/msg/_arm_joy_s.c
-- Installing: /home/wellyowo/locobot_sim/locobot_ws/src/install/interbotix_xs_msgs/local/lib/python3.10/dist-packages/interbotix_xs_msgs/msg/__init__.py
-- Installing: /home/wellyowo/locobot_sim/locobot_ws/src/install/interbotix_xs_msgs/local/lib/python3.10/dist-packages/interbotix_xs_msgs/msg/_joint_group_command.py
-- Installing: /home/wellyowo/locobot_sim/locobot_ws/src/install/interbotix_xs_msgs/local/lib/python3.10/dist-packages/interbotix_xs_msgs/msg/_arm_joy.py
-- Installing: /home/wellyowo/locobot_sim/locobot_ws/src/install/interbotix_xs_msgs/local/lib/python3.10/dist-packages/interbotix_xs_msgs/msg/_joint_single_command.py
-- Installing: /home/wellyowo/locobot_sim/locobot_ws/src/install/interbotix_xs_msgs/local/lib/python3.10/dist-packages/interbotix_xs_msgs/msg/_joint_temps_s.c
-- Installing: /home/wellyowo/locobot_sim/locobot_ws/src/install/interbotix_xs_msgs/local/lib/python3.10/dist-packages/interbotix_xs_msgs/msg/_turret_joy_s.c
-- Installing: /home/wellyowo/locobot_sim/locobot_ws/src/install/interbotix_xs_msgs/local/lib/python3.10/dist-packages/interbotix_xs_msgs/msg/_hex_joy.py
-- Installing: /home/wellyowo/locobot_sim/locobot_ws/src/install/interbotix_xs_msgs/local/lib/python3.10/dist-packages/interbotix_xs_msgs/msg/_locobot_joy.py
-- Installing: /home/wellyowo/locobot_sim/locobot_ws/src/install/interbotix_xs_msgs/local/lib/python3.10/dist-packages/interbotix_xs_msgs/msg/_joint_group_command_s.c
-- Installing: /home/wellyowo/locobot_sim/locobot_ws/src/install/interbotix_xs_msgs/local/lib/python3.10/dist-packages/interbotix_xs_msgs/msg/_hex_joy_s.c
-- Installing: /home/wellyowo/locobot_sim/locobot_ws/src/install/interbotix_xs_msgs/local/lib/python3.10/dist-packages/interbotix_xs_msgs/msg/_joint_temps.py
-- Installing: /home/wellyowo/locobot_sim/locobot_ws/src/install/interbotix_xs_msgs/local/lib/python3.10/dist-packages/interbotix_xs_msgs/msg/_joint_trajectory_command_s.c
-- Installing: /home/wellyowo/locobot_sim/locobot_ws/src/install/interbotix_xs_msgs/local/lib/python3.10/dist-packages/interbotix_xs_msgs/msg/_turret_joy.py
-- Installing: /home/wellyowo/locobot_sim/locobot_ws/src/install/interbotix_xs_msgs/local/lib/python3.10/dist-packages/interbotix_xs_msgs/msg/_joint_single_command_s.c
-- Installing: /home/wellyowo/locobot_sim/locobot_ws/src/install/interbotix_xs_msgs/local/lib/python3.10/dist-packages/interbotix_xs_msgs/msg/_locobot_joy_s.c
-- Installing: /home/wellyowo/locobot_sim/locobot_ws/src/install/interbotix_xs_msgs/local/lib/python3.10/dist-packages/interbotix_xs_msgs/_interbotix_xs_msgs_s.ep.rosidl_typesupport_fastrtps_c.c
-- Installing: /home/wellyowo/locobot_sim/locobot_ws/src/install/interbotix_xs_msgs/local/lib/python3.10/dist-packages/interbotix_xs_msgs/_interbotix_xs_msgs_s.ep.rosidl_typesupport_introspection_c.c
-- Installing: /home/wellyowo/locobot_sim/locobot_ws/src/install/interbotix_xs_msgs/local/lib/python3.10/dist-packages/interbotix_xs_msgs/interbotix_xs_msgs_s__rosidl_typesupport_introspection_c.cpython-310-x86_64-linux-gnu.so
Listing '/home/wellyowo/locobot_sim/locobot_ws/src/install/interbotix_xs_msgs/local/lib/python3.10/dist-packages/interbotix_xs_msgs'...
Compiling '/home/wellyowo/locobot_sim/locobot_ws/src/install/interbotix_xs_msgs/local/lib/python3.10/dist-packages/interbotix_xs_msgs/__init__.py'...
Listing '/home/wellyowo/locobot_sim/locobot_ws/src/install/interbotix_xs_msgs/local/lib/python3.10/dist-packages/interbotix_xs_msgs/msg'...
Compiling '/home/wellyowo/locobot_sim/locobot_ws/src/install/interbotix_xs_msgs/local/lib/python3.10/dist-packages/interbotix_xs_msgs/msg/__init__.py'...
Compiling '/home/wellyowo/locobot_sim/locobot_ws/src/install/interbotix_xs_msgs/local/lib/python3.10/dist-packages/interbotix_xs_msgs/msg/_arm_joy.py'...
Compiling '/home/wellyowo/locobot_sim/locobot_ws/src/install/interbotix_xs_msgs/local/lib/python3.10/dist-packages/interbotix_xs_msgs/msg/_hex_joy.py'...
Compiling '/home/wellyowo/locobot_sim/locobot_ws/src/install/interbotix_xs_msgs/local/lib/python3.10/dist-packages/interbotix_xs_msgs/msg/_joint_group_command.py'...
Compiling '/home/wellyowo/locobot_sim/locobot_ws/src/install/interbotix_xs_msgs/local/lib/python3.10/dist-packages/interbotix_xs_msgs/msg/_joint_single_command.py'...
Compiling '/home/wellyowo/locobot_sim/locobot_ws/src/install/interbotix_xs_msgs/local/lib/python3.10/dist-packages/interbotix_xs_msgs/msg/_joint_temps.py'...
Compiling '/home/wellyowo/locobot_sim/locobot_ws/src/install/interbotix_xs_msgs/local/lib/python3.10/dist-packages/interbotix_xs_msgs/msg/_joint_trajectory_command.py'...
Compiling '/home/wellyowo/locobot_sim/locobot_ws/src/install/interbotix_xs_msgs/local/lib/python3.10/dist-packages/interbotix_xs_msgs/msg/_locobot_joy.py'...
Compiling '/home/wellyowo/locobot_sim/locobot_ws/src/install/interbotix_xs_msgs/local/lib/python3.10/dist-packages/interbotix_xs_msgs/msg/_turret_joy.py'...
Listing '/home/wellyowo/locobot_sim/locobot_ws/src/install/interbotix_xs_msgs/local/lib/python3.10/dist-packages/interbotix_xs_msgs/srv'...
Compiling '/home/wellyowo/locobot_sim/locobot_ws/src/install/interbotix_xs_msgs/local/lib/python3.10/dist-packages/interbotix_xs_msgs/srv/__init__.py'...
Compiling '/home/wellyowo/locobot_sim/locobot_ws/src/install/interbotix_xs_msgs/local/lib/python3.10/dist-packages/interbotix_xs_msgs/srv/_motor_gains.py'...
Compiling '/home/wellyowo/locobot_sim/locobot_ws/src/install/interbotix_xs_msgs/local/lib/python3.10/dist-packages/interbotix_xs_msgs/srv/_operating_modes.py'...
Compiling '/home/wellyowo/locobot_sim/locobot_ws/src/install/interbotix_xs_msgs/local/lib/python3.10/dist-packages/interbotix_xs_msgs/srv/_reboot.py'...
Compiling '/home/wellyowo/locobot_sim/locobot_ws/src/install/interbotix_xs_msgs/local/lib/python3.10/dist-packages/interbotix_xs_msgs/srv/_register_values.py'...
Compiling '/home/wellyowo/locobot_sim/locobot_ws/src/install/interbotix_xs_msgs/local/lib/python3.10/dist-packages/interbotix_xs_msgs/srv/_robot_info.py'...
Compiling '/home/wellyowo/locobot_sim/locobot_ws/src/install/interbotix_xs_msgs/local/lib/python3.10/dist-packages/interbotix_xs_msgs/srv/_torque_enable.py'...
-- Installing: /home/wellyowo/locobot_sim/locobot_ws/src/install/interbotix_xs_msgs/local/lib/python3.10/dist-packages/interbotix_xs_msgs/interbotix_xs_msgs_s__rosidl_typesupport_fastrtps_c.cpython-310-x86_64-linux-gnu.so
-- Set runtime path of "/home/wellyowo/locobot_sim/locobot_ws/src/install/interbotix_xs_msgs/local/lib/python3.10/dist-packages/interbotix_xs_msgs/interbotix_xs_msgs_s__rosidl_typesupport_fastrtps_c.cpython-310-x86_64-linux-gnu.so" to ""
-- Installing: /home/wellyowo/locobot_sim/locobot_ws/src/install/interbotix_xs_msgs/local/lib/python3.10/dist-packages/interbotix_xs_msgs/interbotix_xs_msgs_s__rosidl_typesupport_introspection_c.cpython-310-x86_64-linux-gnu.so
-- Set runtime path of "/home/wellyowo/locobot_sim/locobot_ws/src/install/interbotix_xs_msgs/local/lib/python3.10/dist-packages/interbotix_xs_msgs/interbotix_xs_msgs_s__rosidl_typesupport_introspection_c.cpython-310-x86_64-linux-gnu.so" to ""
-- Installing: /home/wellyowo/locobot_sim/locobot_ws/src/install/interbotix_xs_msgs/local/lib/python3.10/dist-packages/interbotix_xs_msgs/interbotix_xs_msgs_s__rosidl_typesupport_c.cpython-310-x86_64-linux-gnu.so
-- Set runtime path of "/home/wellyowo/locobot_sim/locobot_ws/src/install/interbotix_xs_msgs/local/lib/python3.10/dist-packages/interbotix_xs_msgs/interbotix_xs_msgs_s__rosidl_typesupport_c.cpython-310-x86_64-linux-gnu.so" to ""
-- Installing: /home/wellyowo/locobot_sim/locobot_ws/src/install/interbotix_xs_msgs/lib/libinterbotix_xs_msgs__rosidl_generator_py.so
-- Set runtime path of "/home/wellyowo/locobot_sim/locobot_ws/src/install/interbotix_xs_msgs/lib/libinterbotix_xs_msgs__rosidl_generator_py.so" to ""
-- Installing: /home/wellyowo/locobot_sim/locobot_ws/src/install/interbotix_xs_msgs/share/interbotix_xs_msgs/msg/ArmJoy.idl
-- Installing: /home/wellyowo/locobot_sim/locobot_ws/src/install/interbotix_xs_msgs/share/interbotix_xs_msgs/msg/HexJoy.idl
-- Installing: /home/wellyowo/locobot_sim/locobot_ws/src/install/interbotix_xs_msgs/share/interbotix_xs_msgs/msg/JointGroupCommand.idl
-- Installing: /home/wellyowo/locobot_sim/locobot_ws/src/install/interbotix_xs_msgs/share/interbotix_xs_msgs/msg/JointSingleCommand.idl
-- Installing: /home/wellyowo/locobot_sim/locobot_ws/src/install/interbotix_xs_msgs/share/interbotix_xs_msgs/msg/JointTemps.idl
-- Installing: /home/wellyowo/locobot_sim/locobot_ws/src/install/interbotix_xs_msgs/share/interbotix_xs_msgs/msg/JointTrajectoryCommand.idl
-- Installing: /home/wellyowo/locobot_sim/locobot_ws/src/install/interbotix_xs_msgs/share/interbotix_xs_msgs/msg/LocobotJoy.idl
-- Installing: /home/wellyowo/locobot_sim/locobot_ws/src/install/interbotix_xs_msgs/share/interbotix_xs_msgs/msg/TurretJoy.idl
-- Installing: /home/wellyowo/locobot_sim/locobot_ws/src/install/interbotix_xs_msgs/share/interbotix_xs_msgs/srv/MotorGains.idl
-- Installing: /home/wellyowo/locobot_sim/locobot_ws/src/install/interbotix_xs_msgs/share/interbotix_xs_msgs/srv/OperatingModes.idl
-- Installing: /home/wellyowo/locobot_sim/locobot_ws/src/install/interbotix_xs_msgs/share/interbotix_xs_msgs/srv/Reboot.idl
-- Installing: /home/wellyowo/locobot_sim/locobot_ws/src/install/interbotix_xs_msgs/share/interbotix_xs_msgs/srv/RegisterValues.idl
-- Installing: /home/wellyowo/locobot_sim/locobot_ws/src/install/interbotix_xs_msgs/share/interbotix_xs_msgs/srv/RobotInfo.idl
-- Installing: /home/wellyowo/locobot_sim/locobot_ws/src/install/interbotix_xs_msgs/share/interbotix_xs_msgs/srv/TorqueEnable.idl
-- Installing: /home/wellyowo/locobot_sim/locobot_ws/src/install/interbotix_xs_msgs/share/interbotix_xs_msgs/msg/ArmJoy.msg
-- Installing: /home/wellyowo/locobot_sim/locobot_ws/src/install/interbotix_xs_msgs/share/interbotix_xs_msgs/msg/HexJoy.msg
-- Installing: /home/wellyowo/locobot_sim/locobot_ws/src/install/interbotix_xs_msgs/share/interbotix_xs_msgs/msg/JointGroupCommand.msg
-- Installing: /home/wellyowo/locobot_sim/locobot_ws/src/install/interbotix_xs_msgs/share/interbotix_xs_msgs/msg/JointSingleCommand.msg
-- Installing: /home/wellyowo/locobot_sim/locobot_ws/src/install/interbotix_xs_msgs/share/interbotix_xs_msgs/msg/JointTemps.msg
-- Installing: /home/wellyowo/locobot_sim/locobot_ws/src/install/interbotix_xs_msgs/share/interbotix_xs_msgs/msg/JointTrajectoryCommand.msg
-- Installing: /home/wellyowo/locobot_sim/locobot_ws/src/install/interbotix_xs_msgs/share/interbotix_xs_msgs/msg/LocobotJoy.msg
-- Installing: /home/wellyowo/locobot_sim/locobot_ws/src/install/interbotix_xs_msgs/share/interbotix_xs_msgs/msg/TurretJoy.msg
-- Installing: /home/wellyowo/locobot_sim/locobot_ws/src/install/interbotix_xs_msgs/share/interbotix_xs_msgs/srv/MotorGains.srv
-- Installing: /home/wellyowo/locobot_sim/locobot_ws/src/install/interbotix_xs_msgs/share/interbotix_xs_msgs/srv/MotorGains_Request.msg
-- Installing: /home/wellyowo/locobot_sim/locobot_ws/src/install/interbotix_xs_msgs/share/interbotix_xs_msgs/srv/MotorGains_Response.msg
-- Installing: /home/wellyowo/locobot_sim/locobot_ws/src/install/interbotix_xs_msgs/share/interbotix_xs_msgs/srv/OperatingModes.srv
-- Installing: /home/wellyowo/locobot_sim/locobot_ws/src/install/interbotix_xs_msgs/share/interbotix_xs_msgs/srv/OperatingModes_Request.msg
-- Installing: /home/wellyowo/locobot_sim/locobot_ws/src/install/interbotix_xs_msgs/share/interbotix_xs_msgs/srv/OperatingModes_Response.msg
-- Installing: /home/wellyowo/locobot_sim/locobot_ws/src/install/interbotix_xs_msgs/share/interbotix_xs_msgs/srv/Reboot.srv
-- Installing: /home/wellyowo/locobot_sim/locobot_ws/src/install/interbotix_xs_msgs/share/interbotix_xs_msgs/srv/Reboot_Request.msg
-- Installing: /home/wellyowo/locobot_sim/locobot_ws/src/install/interbotix_xs_msgs/share/interbotix_xs_msgs/srv/Reboot_Response.msg
-- Installing: /home/wellyowo/locobot_sim/locobot_ws/src/install/interbotix_xs_msgs/share/interbotix_xs_msgs/srv/RegisterValues.srv
-- Installing: /home/wellyowo/locobot_sim/locobot_ws/src/install/interbotix_xs_msgs/share/interbotix_xs_msgs/srv/RegisterValues_Request.msg
-- Installing: /home/wellyowo/locobot_sim/locobot_ws/src/install/interbotix_xs_msgs/share/interbotix_xs_msgs/srv/RegisterValues_Response.msg
-- Installing: /home/wellyowo/locobot_sim/locobot_ws/src/install/interbotix_xs_msgs/share/interbotix_xs_msgs/srv/RobotInfo.srv
-- Installing: /home/wellyowo/locobot_sim/locobot_ws/src/install/interbotix_xs_msgs/share/interbotix_xs_msgs/srv/RobotInfo_Request.msg
-- Installing: /home/wellyowo/locobot_sim/locobot_ws/src/install/interbotix_xs_msgs/share/interbotix_xs_msgs/srv/RobotInfo_Response.msg
-- Installing: /home/wellyowo/locobot_sim/locobot_ws/src/install/interbotix_xs_msgs/share/interbotix_xs_msgs/srv/TorqueEnable.srv
-- Installing: /home/wellyowo/locobot_sim/locobot_ws/src/install/interbotix_xs_msgs/share/interbotix_xs_msgs/srv/TorqueEnable_Request.msg
-- Installing: /home/wellyowo/locobot_sim/locobot_ws/src/install/interbotix_xs_msgs/share/interbotix_xs_msgs/srv/TorqueEnable_Response.msg
-- Installing: /home/wellyowo/locobot_sim/locobot_ws/src/install/interbotix_xs_msgs/share/ament_index/resource_index/package_run_dependencies/interbotix_xs_msgs
-- Installing: /home/wellyowo/locobot_sim/locobot_ws/src/install/interbotix_xs_msgs/share/ament_index/resource_index/parent_prefix_path/interbotix_xs_msgs
-- Installing: /home/wellyowo/locobot_sim/locobot_ws/src/install/interbotix_xs_msgs/share/interbotix_xs_msgs/environment/ament_prefix_path.sh
-- Installing: /home/wellyowo/locobot_sim/locobot_ws/src/install/interbotix_xs_msgs/share/interbotix_xs_msgs/environment/ament_prefix_path.dsv
-- Installing: /home/wellyowo/locobot_sim/locobot_ws/src/install/interbotix_xs_msgs/share/interbotix_xs_msgs/environment/path.sh
-- Installing: /home/wellyowo/locobot_sim/locobot_ws/src/install/interbotix_xs_msgs/share/interbotix_xs_msgs/environment/path.dsv
-- Installing: /home/wellyowo/locobot_sim/locobot_ws/src/install/interbotix_xs_msgs/share/interbotix_xs_msgs/local_setup.bash
-- Installing: /home/wellyowo/locobot_sim/locobot_ws/src/install/interbotix_xs_msgs/share/interbotix_xs_msgs/local_setup.sh
-- Installing: /home/wellyowo/locobot_sim/locobot_ws/src/install/interbotix_xs_msgs/share/interbotix_xs_msgs/local_setup.zsh
-- Installing: /home/wellyowo/locobot_sim/locobot_ws/src/install/interbotix_xs_msgs/share/interbotix_xs_msgs/local_setup.dsv
-- Installing: /home/wellyowo/locobot_sim/locobot_ws/src/install/interbotix_xs_msgs/share/interbotix_xs_msgs/package.dsv
-- Installing: /home/wellyowo/locobot_sim/locobot_ws/src/install/interbotix_xs_msgs/share/ament_index/resource_index/packages/interbotix_xs_msgs
-- Installing: /home/wellyowo/locobot_sim/locobot_ws/src/install/interbotix_xs_msgs/share/interbotix_xs_msgs/cmake/export_interbotix_xs_msgs__rosidl_generator_cExport.cmake
-- Installing: /home/wellyowo/locobot_sim/locobot_ws/src/install/interbotix_xs_msgs/share/interbotix_xs_msgs/cmake/export_interbotix_xs_msgs__rosidl_generator_cExport-noconfig.cmake
-- Installing: /home/wellyowo/locobot_sim/locobot_ws/src/install/interbotix_xs_msgs/share/interbotix_xs_msgs/cmake/export_interbotix_xs_msgs__rosidl_typesupport_fastrtps_cExport.cmake
-- Installing: /home/wellyowo/locobot_sim/locobot_ws/src/install/interbotix_xs_msgs/share/interbotix_xs_msgs/cmake/export_interbotix_xs_msgs__rosidl_typesupport_fastrtps_cExport-noconfig.cmake
-- Installing: /home/wellyowo/locobot_sim/locobot_ws/src/install/interbotix_xs_msgs/share/interbotix_xs_msgs/cmake/interbotix_xs_msgs__rosidl_typesupport_introspection_cExport.cmake
-- Installing: /home/wellyowo/locobot_sim/locobot_ws/src/install/interbotix_xs_msgs/share/interbotix_xs_msgs/cmake/interbotix_xs_msgs__rosidl_typesupport_introspection_cExport-noconfig.cmake
-- Installing: /home/wellyowo/locobot_sim/locobot_ws/src/install/interbotix_xs_msgs/share/interbotix_xs_msgs/cmake/interbotix_xs_msgs__rosidl_typesupport_cExport.cmake
-- Installing: /home/wellyowo/locobot_sim/locobot_ws/src/install/interbotix_xs_msgs/share/interbotix_xs_msgs/cmake/interbotix_xs_msgs__rosidl_typesupport_cExport-noconfig.cmake
-- Installing: /home/wellyowo/locobot_sim/locobot_ws/src/install/interbotix_xs_msgs/share/interbotix_xs_msgs/cmake/export_interbotix_xs_msgs__rosidl_generator_cppExport.cmake
-- Installing: /home/wellyowo/locobot_sim/locobot_ws/src/install/interbotix_xs_msgs/share/interbotix_xs_msgs/cmake/export_interbotix_xs_msgs__rosidl_typesupport_fastrtps_cppExport.cmake
-- Installing: /home/wellyowo/locobot_sim/locobot_ws/src/install/interbotix_xs_msgs/share/interbotix_xs_msgs/cmake/export_interbotix_xs_msgs__rosidl_typesupport_fastrtps_cppExport-noconfig.cmake
-- Installing: /home/wellyowo/locobot_sim/locobot_ws/src/install/interbotix_xs_msgs/share/interbotix_xs_msgs/cmake/interbotix_xs_msgs__rosidl_typesupport_introspection_cppExport.cmake
-- Installing: /home/wellyowo/locobot_sim/locobot_ws/src/install/interbotix_xs_msgs/share/interbotix_xs_msgs/cmake/interbotix_xs_msgs__rosidl_typesupport_introspection_cppExport-noconfig.cmake
-- Installing: /home/wellyowo/locobot_sim/locobot_ws/src/install/interbotix_xs_msgs/share/interbotix_xs_msgs/cmake/interbotix_xs_msgs__rosidl_typesupport_cppExport.cmake
-- Installing: /home/wellyowo/locobot_sim/locobot_ws/src/install/interbotix_xs_msgs/share/interbotix_xs_msgs/cmake/interbotix_xs_msgs__rosidl_typesupport_cppExport-noconfig.cmake
-- Installing: /home/wellyowo/locobot_sim/locobot_ws/src/install/interbotix_xs_msgs/share/interbotix_xs_msgs/cmake/export_interbotix_xs_msgs__rosidl_generator_pyExport.cmake
-- Installing: /home/wellyowo/locobot_sim/locobot_ws/src/install/interbotix_xs_msgs/share/interbotix_xs_msgs/cmake/export_interbotix_xs_msgs__rosidl_generator_pyExport-noconfig.cmake
-- Installing: /home/wellyowo/locobot_sim/locobot_ws/src/install/interbotix_xs_msgs/share/interbotix_xs_msgs/cmake/rosidl_cmake-extras.cmake
-- Installing: /home/wellyowo/locobot_sim/locobot_ws/src/install/interbotix_xs_msgs/share/interbotix_xs_msgs/cmake/ament_cmake_export_dependencies-extras.cmake
-- Installing: /home/wellyowo/locobot_sim/locobot_ws/src/install/interbotix_xs_msgs/share/interbotix_xs_msgs/cmake/ament_cmake_export_include_directories-extras.cmake
-- Installing: /home/wellyowo/locobot_sim/locobot_ws/src/install/interbotix_xs_msgs/share/interbotix_xs_msgs/cmake/ament_cmake_export_libraries-extras.cmake
-- Installing: /home/wellyowo/locobot_sim/locobot_ws/src/install/interbotix_xs_msgs/share/interbotix_xs_msgs/cmake/ament_cmake_export_targets-extras.cmake
-- Installing: /home/wellyowo/locobot_sim/locobot_ws/src/install/interbotix_xs_msgs/share/interbotix_xs_msgs/cmake/rosidl_cmake_export_typesupport_targets-extras.cmake
-- Installing: /home/wellyowo/locobot_sim/locobot_ws/src/install/interbotix_xs_msgs/share/interbotix_xs_msgs/cmake/rosidl_cmake_export_typesupport_libraries-extras.cmake
-- Installing: /home/wellyowo/locobot_sim/locobot_ws/src/install/interbotix_xs_msgs/share/interbotix_xs_msgs/cmake/interbotix_xs_msgsConfig.cmake
-- Installing: /home/wellyowo/locobot_sim/locobot_ws/src/install/interbotix_xs_msgs/share/interbotix_xs_msgs/cmake/interbotix_xs_msgsConfig-version.cmake
-- Installing: /home/wellyowo/locobot_sim/locobot_ws/src/install/interbotix_xs_msgs/share/interbotix_xs_msgs/package.xml
