[0.039s] Invoking command in '/home/wellyowo/locobot_sim/locobot_ws/src/build/interbotix_xs_msgs': CMAKE_PREFIX_PATH=/opt/ros/humble /usr/bin/cmake --build /home/wellyowo/locobot_sim/locobot_ws/src/build/interbotix_xs_msgs -- -j16 -l16
[0.295s] [35m[1mConsolidate compiler generated dependencies of target interbotix_xs_msgs__rosidl_generator_c[0m
[0.295s] [  0%] Built target interbotix_xs_msgs__cpp
[0.296s] [ 12%] Built target interbotix_xs_msgs__rosidl_generator_c
[0.296s] [ 12%] Built target ament_cmake_python_copy_interbotix_xs_msgs
[0.296s] [35m[1mConsolidate compiler generated dependencies of target interbotix_xs_msgs__rosidl_typesupport_cpp[0m
[0.296s] [35m[1mConsolidate compiler generated dependencies of target interbotix_xs_msgs__rosidl_typesupport_fastrtps_cpp[0m
[0.296s] [35m[1mConsolidate compiler generated dependencies of target interbotix_xs_msgs__rosidl_typesupport_c[0m
[0.296s] [35m[1mConsolidate compiler generated dependencies of target interbotix_xs_msgs__rosidl_typesupport_introspection_c[0m
[0.296s] [35m[1mConsolidate compiler generated dependencies of target interbotix_xs_msgs__rosidl_typesupport_introspection_cpp[0m
[0.296s] [35m[1mConsolidate compiler generated dependencies of target interbotix_xs_msgs__rosidl_typesupport_fastrtps_c[0m
[0.296s] [ 24%] Built target interbotix_xs_msgs__rosidl_typesupport_c
[0.296s] [ 36%] Built target interbotix_xs_msgs__rosidl_typesupport_introspection_c
[0.296s] [ 48%] Built target interbotix_xs_msgs__rosidl_typesupport_cpp
[0.296s] [ 60%] Built target interbotix_xs_msgs__rosidl_typesupport_fastrtps_cpp
[0.296s] [ 72%] Built target interbotix_xs_msgs__rosidl_typesupport_introspection_cpp
[0.296s] [ 84%] Built target interbotix_xs_msgs__rosidl_typesupport_fastrtps_c
[0.296s] [ 84%] Built target interbotix_xs_msgs
[0.297s] [ 85%] Built target interbotix_xs_msgs__py
[0.297s] [35m[1mConsolidate compiler generated dependencies of target interbotix_xs_msgs__rosidl_generator_py[0m
[0.298s] [ 96%] Built target interbotix_xs_msgs__rosidl_generator_py
[0.298s] [35m[1mConsolidate compiler generated dependencies of target interbotix_xs_msgs__rosidl_typesupport_introspection_c__pyext[0m
[0.298s] [35m[1mConsolidate compiler generated dependencies of target interbotix_xs_msgs__rosidl_typesupport_fastrtps_c__pyext[0m
[0.298s] [35m[1mConsolidate compiler generated dependencies of target interbotix_xs_msgs__rosidl_typesupport_c__pyext[0m
[0.298s] [100%] Built target interbotix_xs_msgs__rosidl_typesupport_fastrtps_c__pyext
[0.298s] [100%] Built target interbotix_xs_msgs__rosidl_typesupport_introspection_c__pyext
[0.298s] [100%] Built target interbotix_xs_msgs__rosidl_typesupport_c__pyext
[0.304s] running egg_info
[0.305s] writing interbotix_xs_msgs.egg-info/PKG-INFO
[0.306s] writing dependency_links to interbotix_xs_msgs.egg-info/dependency_links.txt
[0.306s] writing top-level names to interbotix_xs_msgs.egg-info/top_level.txt
[0.314s] reading manifest file 'interbotix_xs_msgs.egg-info/SOURCES.txt'
[0.337s] writing manifest file 'interbotix_xs_msgs.egg-info/SOURCES.txt'
[0.378s] [100%] Built target ament_cmake_python_build_interbotix_xs_msgs_egg
[0.564s] Invoked command in '/home/wellyowo/locobot_sim/locobot_ws/src/build/interbotix_xs_msgs' returned '0': CMAKE_PREFIX_PATH=/opt/ros/humble /usr/bin/cmake --build /home/wellyowo/locobot_sim/locobot_ws/src/build/interbotix_xs_msgs -- -j16 -l16
[0.565s] Invoking command in '/home/wellyowo/locobot_sim/locobot_ws/src/build/interbotix_xs_msgs': CMAKE_PREFIX_PATH=/opt/ros/humble /usr/bin/cmake --install /home/wellyowo/locobot_sim/locobot_ws/src/build/interbotix_xs_msgs
[0.582s] -- Install configuration: ""
[0.582s] -- Installing: /home/wellyowo/locobot_sim/locobot_ws/src/install/interbotix_xs_msgs/share/ament_index/resource_index/rosidl_interfaces/interbotix_xs_msgs
[0.582s] -- Installing: /home/wellyowo/locobot_sim/locobot_ws/src/install/interbotix_xs_msgs/include/interbotix_xs_msgs/interbotix_xs_msgs
[0.582s] -- Installing: /home/wellyowo/locobot_sim/locobot_ws/src/install/interbotix_xs_msgs/include/interbotix_xs_msgs/interbotix_xs_msgs/srv
[0.582s] -- Installing: /home/wellyowo/locobot_sim/locobot_ws/src/install/interbotix_xs_msgs/include/interbotix_xs_msgs/interbotix_xs_msgs/srv/motor_gains.h
[0.585s] -- Installing: /home/wellyowo/locobot_sim/locobot_ws/src/install/interbotix_xs_msgs/include/interbotix_xs_msgs/interbotix_xs_msgs/srv/operating_modes.h
[0.585s] -- Installing: /home/wellyowo/locobot_sim/locobot_ws/src/install/interbotix_xs_msgs/include/interbotix_xs_msgs/interbotix_xs_msgs/srv/robot_info.h
[0.585s] -- Installing: /home/wellyowo/locobot_sim/locobot_ws/src/install/interbotix_xs_msgs/include/interbotix_xs_msgs/interbotix_xs_msgs/srv/register_values.h
[0.585s] -- Installing: /home/wellyowo/locobot_sim/locobot_ws/src/install/interbotix_xs_msgs/include/interbotix_xs_msgs/interbotix_xs_msgs/srv/torque_enable.h
[0.585s] -- Installing: /home/wellyowo/locobot_sim/locobot_ws/src/install/interbotix_xs_msgs/include/interbotix_xs_msgs/interbotix_xs_msgs/srv/reboot.h
[0.585s] -- Installing: /home/wellyowo/locobot_sim/locobot_ws/src/install/interbotix_xs_msgs/include/interbotix_xs_msgs/interbotix_xs_msgs/srv/detail
[0.586s] -- Installing: /home/wellyowo/locobot_sim/locobot_ws/src/install/interbotix_xs_msgs/include/interbotix_xs_msgs/interbotix_xs_msgs/srv/detail/robot_info__functions.c
[0.586s] -- Installing: /home/wellyowo/locobot_sim/locobot_ws/src/install/interbotix_xs_msgs/include/interbotix_xs_msgs/interbotix_xs_msgs/srv/detail/robot_info__functions.h
[0.586s] -- Installing: /home/wellyowo/locobot_sim/locobot_ws/src/install/interbotix_xs_msgs/include/interbotix_xs_msgs/interbotix_xs_msgs/srv/detail/operating_modes__functions.c
[0.587s] -- Installing: /home/wellyowo/locobot_sim/locobot_ws/src/install/interbotix_xs_msgs/include/interbotix_xs_msgs/interbotix_xs_msgs/srv/detail/register_values__type_support.h
[0.587s] -- Installing: /home/wellyowo/locobot_sim/locobot_ws/src/install/interbotix_xs_msgs/include/interbotix_xs_msgs/interbotix_xs_msgs/srv/detail/register_values__struct.h
[0.587s] -- Installing: /home/wellyowo/locobot_sim/locobot_ws/src/install/interbotix_xs_msgs/include/interbotix_xs_msgs/interbotix_xs_msgs/srv/detail/torque_enable__functions.c
[0.587s] -- Installing: /home/wellyowo/locobot_sim/locobot_ws/src/install/interbotix_xs_msgs/include/interbotix_xs_msgs/interbotix_xs_msgs/srv/detail/torque_enable__struct.h
[0.587s] -- Installing: /home/wellyowo/locobot_sim/locobot_ws/src/install/interbotix_xs_msgs/include/interbotix_xs_msgs/interbotix_xs_msgs/srv/detail/motor_gains__functions.c
[0.587s] -- Installing: /home/wellyowo/locobot_sim/locobot_ws/src/install/interbotix_xs_msgs/include/interbotix_xs_msgs/interbotix_xs_msgs/srv/detail/robot_info__struct.h
[0.587s] -- Installing: /home/wellyowo/locobot_sim/locobot_ws/src/install/interbotix_xs_msgs/include/interbotix_xs_msgs/interbotix_xs_msgs/srv/detail/reboot__struct.h
[0.587s] -- Installing: /home/wellyowo/locobot_sim/locobot_ws/src/install/interbotix_xs_msgs/include/interbotix_xs_msgs/interbotix_xs_msgs/srv/detail/register_values__functions.h
[0.587s] -- Installing: /home/wellyowo/locobot_sim/locobot_ws/src/install/interbotix_xs_msgs/include/interbotix_xs_msgs/interbotix_xs_msgs/srv/detail/motor_gains__functions.h
[0.587s] -- Installing: /home/wellyowo/locobot_sim/locobot_ws/src/install/interbotix_xs_msgs/include/interbotix_xs_msgs/interbotix_xs_msgs/srv/detail/reboot__functions.c
[0.587s] -- Installing: /home/wellyowo/locobot_sim/locobot_ws/src/install/interbotix_xs_msgs/include/interbotix_xs_msgs/interbotix_xs_msgs/srv/detail/reboot__functions.h
[0.587s] -- Installing: /home/wellyowo/locobot_sim/locobot_ws/src/install/interbotix_xs_msgs/include/interbotix_xs_msgs/interbotix_xs_msgs/srv/detail/register_values__functions.c
[0.587s] -- Installing: /home/wellyowo/locobot_sim/locobot_ws/src/install/interbotix_xs_msgs/include/interbotix_xs_msgs/interbotix_xs_msgs/srv/detail/motor_gains__struct.h
[0.587s] -- Installing: /home/wellyowo/locobot_sim/locobot_ws/src/install/interbotix_xs_msgs/include/interbotix_xs_msgs/interbotix_xs_msgs/srv/detail/motor_gains__type_support.h
[0.588s] -- Installing: /home/wellyowo/locobot_sim/locobot_ws/src/install/interbotix_xs_msgs/include/interbotix_xs_msgs/interbotix_xs_msgs/srv/detail/operating_modes__type_support.h
[0.588s] -- Installing: /home/wellyowo/locobot_sim/locobot_ws/src/install/interbotix_xs_msgs/include/interbotix_xs_msgs/interbotix_xs_msgs/srv/detail/reboot__type_support.h
[0.588s] -- Installing: /home/wellyowo/locobot_sim/locobot_ws/src/install/interbotix_xs_msgs/include/interbotix_xs_msgs/interbotix_xs_msgs/srv/detail/torque_enable__type_support.h
[0.588s] -- Installing: /home/wellyowo/locobot_sim/locobot_ws/src/install/interbotix_xs_msgs/include/interbotix_xs_msgs/interbotix_xs_msgs/srv/detail/torque_enable__functions.h
[0.588s] -- Installing: /home/wellyowo/locobot_sim/locobot_ws/src/install/interbotix_xs_msgs/include/interbotix_xs_msgs/interbotix_xs_msgs/srv/detail/operating_modes__functions.h
[0.588s] -- Installing: /home/wellyowo/locobot_sim/locobot_ws/src/install/interbotix_xs_msgs/include/interbotix_xs_msgs/interbotix_xs_msgs/srv/detail/operating_modes__struct.h
[0.588s] -- Installing: /home/wellyowo/locobot_sim/locobot_ws/src/install/interbotix_xs_msgs/include/interbotix_xs_msgs/interbotix_xs_msgs/srv/detail/robot_info__type_support.h
[0.588s] -- Installing: /home/wellyowo/locobot_sim/locobot_ws/src/install/interbotix_xs_msgs/include/interbotix_xs_msgs/interbotix_xs_msgs/msg
[0.588s] -- Installing: /home/wellyowo/locobot_sim/locobot_ws/src/install/interbotix_xs_msgs/include/interbotix_xs_msgs/interbotix_xs_msgs/msg/hex_joy.h
[0.588s] -- Installing: /home/wellyowo/locobot_sim/locobot_ws/src/install/interbotix_xs_msgs/include/interbotix_xs_msgs/interbotix_xs_msgs/msg/turret_joy.h
[0.588s] -- Installing: /home/wellyowo/locobot_sim/locobot_ws/src/install/interbotix_xs_msgs/include/interbotix_xs_msgs/interbotix_xs_msgs/msg/arm_joy.h
[0.588s] -- Installing: /home/wellyowo/locobot_sim/locobot_ws/src/install/interbotix_xs_msgs/include/interbotix_xs_msgs/interbotix_xs_msgs/msg/joint_temps.h
[0.588s] -- Installing: /home/wellyowo/locobot_sim/locobot_ws/src/install/interbotix_xs_msgs/include/interbotix_xs_msgs/interbotix_xs_msgs/msg/locobot_joy.h
[0.588s] -- Installing: /home/wellyowo/locobot_sim/locobot_ws/src/install/interbotix_xs_msgs/include/interbotix_xs_msgs/interbotix_xs_msgs/msg/rosidl_generator_c__visibility_control.h
[0.589s] -- Installing: /home/wellyowo/locobot_sim/locobot_ws/src/install/interbotix_xs_msgs/include/interbotix_xs_msgs/interbotix_xs_msgs/msg/joint_group_command.h
[0.589s] -- Installing: /home/wellyowo/locobot_sim/locobot_ws/src/install/interbotix_xs_msgs/include/interbotix_xs_msgs/interbotix_xs_msgs/msg/joint_trajectory_command.h
[0.589s] -- Installing: /home/wellyowo/locobot_sim/locobot_ws/src/install/interbotix_xs_msgs/include/interbotix_xs_msgs/interbotix_xs_msgs/msg/detail
[0.598s] -- Installing: /home/wellyowo/locobot_sim/locobot_ws/src/install/interbotix_xs_msgs/include/interbotix_xs_msgs/interbotix_xs_msgs/msg/detail/joint_trajectory_command__struct.h
[0.598s] -- Installing: /home/wellyowo/locobot_sim/locobot_ws/src/install/interbotix_xs_msgs/include/interbotix_xs_msgs/interbotix_xs_msgs/msg/detail/joint_group_command__struct.h
[0.598s] -- Installing: /home/wellyowo/locobot_sim/locobot_ws/src/install/interbotix_xs_msgs/include/interbotix_xs_msgs/interbotix_xs_msgs/msg/detail/arm_joy__functions.c
[0.598s] -- Installing: /home/wellyowo/locobot_sim/locobot_ws/src/install/interbotix_xs_msgs/include/interbotix_xs_msgs/interbotix_xs_msgs/msg/detail/joint_group_command__functions.h
[0.599s] -- Installing: /home/wellyowo/locobot_sim/locobot_ws/src/install/interbotix_xs_msgs/include/interbotix_xs_msgs/interbotix_xs_msgs/msg/detail/arm_joy__struct.h
[0.599s] -- Installing: /home/wellyowo/locobot_sim/locobot_ws/src/install/interbotix_xs_msgs/include/interbotix_xs_msgs/interbotix_xs_msgs/msg/detail/turret_joy__struct.h
[0.599s] -- Installing: /home/wellyowo/locobot_sim/locobot_ws/src/install/interbotix_xs_msgs/include/interbotix_xs_msgs/interbotix_xs_msgs/msg/detail/joint_trajectory_command__type_support.h
[0.599s] -- Installing: /home/wellyowo/locobot_sim/locobot_ws/src/install/interbotix_xs_msgs/include/interbotix_xs_msgs/interbotix_xs_msgs/msg/detail/locobot_joy__functions.c
[0.599s] -- Installing: /home/wellyowo/locobot_sim/locobot_ws/src/install/interbotix_xs_msgs/include/interbotix_xs_msgs/interbotix_xs_msgs/msg/detail/hex_joy__functions.h
[0.599s] -- Installing: /home/wellyowo/locobot_sim/locobot_ws/src/install/interbotix_xs_msgs/include/interbotix_xs_msgs/interbotix_xs_msgs/msg/detail/hex_joy__struct.h
[0.599s] -- Installing: /home/wellyowo/locobot_sim/locobot_ws/src/install/interbotix_xs_msgs/include/interbotix_xs_msgs/interbotix_xs_msgs/msg/detail/turret_joy__type_support.h
[0.599s] -- Installing: /home/wellyowo/locobot_sim/locobot_ws/src/install/interbotix_xs_msgs/include/interbotix_xs_msgs/interbotix_xs_msgs/msg/detail/joint_group_command__type_support.h
[0.599s] -- Installing: /home/wellyowo/locobot_sim/locobot_ws/src/install/interbotix_xs_msgs/include/interbotix_xs_msgs/interbotix_xs_msgs/msg/detail/joint_single_command__type_support.h
[0.599s] -- Installing: /home/wellyowo/locobot_sim/locobot_ws/src/install/interbotix_xs_msgs/include/interbotix_xs_msgs/interbotix_xs_msgs/msg/detail/joint_trajectory_command__functions.c
[0.599s] -- Installing: /home/wellyowo/locobot_sim/locobot_ws/src/install/interbotix_xs_msgs/include/interbotix_xs_msgs/interbotix_xs_msgs/msg/detail/hex_joy__functions.c
[0.599s] -- Installing: /home/wellyowo/locobot_sim/locobot_ws/src/install/interbotix_xs_msgs/include/interbotix_xs_msgs/interbotix_xs_msgs/msg/detail/joint_temps__functions.c
[0.600s] -- Installing: /home/wellyowo/locobot_sim/locobot_ws/src/install/interbotix_xs_msgs/include/interbotix_xs_msgs/interbotix_xs_msgs/msg/detail/joint_single_command__struct.h
[0.600s] -- Installing: /home/wellyowo/locobot_sim/locobot_ws/src/install/interbotix_xs_msgs/include/interbotix_xs_msgs/interbotix_xs_msgs/msg/detail/hex_joy__type_support.h
[0.600s] -- Installing: /home/wellyowo/locobot_sim/locobot_ws/src/install/interbotix_xs_msgs/include/interbotix_xs_msgs/interbotix_xs_msgs/msg/detail/joint_temps__type_support.h
[0.600s] -- Installing: /home/wellyowo/locobot_sim/locobot_ws/src/install/interbotix_xs_msgs/include/interbotix_xs_msgs/interbotix_xs_msgs/msg/detail/joint_trajectory_command__functions.h
[0.600s] -- Installing: /home/wellyowo/locobot_sim/locobot_ws/src/install/interbotix_xs_msgs/include/interbotix_xs_msgs/interbotix_xs_msgs/msg/detail/joint_temps__functions.h
[0.602s] -- Installing: /home/wellyowo/locobot_sim/locobot_ws/src/install/interbotix_xs_msgs/include/interbotix_xs_msgs/interbotix_xs_msgs/msg/detail/joint_temps__struct.h
[0.602s] -- Installing: /home/wellyowo/locobot_sim/locobot_ws/src/install/interbotix_xs_msgs/include/interbotix_xs_msgs/interbotix_xs_msgs/msg/detail/arm_joy__type_support.h
[0.602s] -- Installing: /home/wellyowo/locobot_sim/locobot_ws/src/install/interbotix_xs_msgs/include/interbotix_xs_msgs/interbotix_xs_msgs/msg/detail/joint_group_command__functions.c
[0.602s] -- Installing: /home/wellyowo/locobot_sim/locobot_ws/src/install/interbotix_xs_msgs/include/interbotix_xs_msgs/interbotix_xs_msgs/msg/detail/locobot_joy__functions.h
[0.602s] -- Installing: /home/wellyowo/locobot_sim/locobot_ws/src/install/interbotix_xs_msgs/include/interbotix_xs_msgs/interbotix_xs_msgs/msg/detail/turret_joy__functions.h
[0.602s] -- Installing: /home/wellyowo/locobot_sim/locobot_ws/src/install/interbotix_xs_msgs/include/interbotix_xs_msgs/interbotix_xs_msgs/msg/detail/locobot_joy__type_support.h
[0.609s] -- Installing: /home/wellyowo/locobot_sim/locobot_ws/src/install/interbotix_xs_msgs/include/interbotix_xs_msgs/interbotix_xs_msgs/msg/detail/arm_joy__functions.h
[0.609s] -- Installing: /home/wellyowo/locobot_sim/locobot_ws/src/install/interbotix_xs_msgs/include/interbotix_xs_msgs/interbotix_xs_msgs/msg/detail/locobot_joy__struct.h
[0.609s] -- Installing: /home/wellyowo/locobot_sim/locobot_ws/src/install/interbotix_xs_msgs/include/interbotix_xs_msgs/interbotix_xs_msgs/msg/detail/turret_joy__functions.c
[0.609s] -- Installing: /home/wellyowo/locobot_sim/locobot_ws/src/install/interbotix_xs_msgs/include/interbotix_xs_msgs/interbotix_xs_msgs/msg/detail/joint_single_command__functions.h
[0.609s] -- Installing: /home/wellyowo/locobot_sim/locobot_ws/src/install/interbotix_xs_msgs/include/interbotix_xs_msgs/interbotix_xs_msgs/msg/detail/joint_single_command__functions.c
[0.609s] -- Installing: /home/wellyowo/locobot_sim/locobot_ws/src/install/interbotix_xs_msgs/include/interbotix_xs_msgs/interbotix_xs_msgs/msg/joint_single_command.h
[0.610s] -- Installing: /home/wellyowo/locobot_sim/locobot_ws/src/install/interbotix_xs_msgs/share/interbotix_xs_msgs/environment/library_path.sh
[0.610s] -- Installing: /home/wellyowo/locobot_sim/locobot_ws/src/install/interbotix_xs_msgs/share/interbotix_xs_msgs/environment/library_path.dsv
[0.610s] -- Installing: /home/wellyowo/locobot_sim/locobot_ws/src/install/interbotix_xs_msgs/lib/libinterbotix_xs_msgs__rosidl_generator_c.so
[0.610s] -- Set runtime path of "/home/wellyowo/locobot_sim/locobot_ws/src/install/interbotix_xs_msgs/lib/libinterbotix_xs_msgs__rosidl_generator_c.so" to ""
[0.610s] -- Up-to-date: /home/wellyowo/locobot_sim/locobot_ws/src/install/interbotix_xs_msgs/include/interbotix_xs_msgs/interbotix_xs_msgs
[0.610s] -- Up-to-date: /home/wellyowo/locobot_sim/locobot_ws/src/install/interbotix_xs_msgs/include/interbotix_xs_msgs/interbotix_xs_msgs/srv
[0.610s] -- Up-to-date: /home/wellyowo/locobot_sim/locobot_ws/src/install/interbotix_xs_msgs/include/interbotix_xs_msgs/interbotix_xs_msgs/srv/detail
[0.610s] -- Installing: /home/wellyowo/locobot_sim/locobot_ws/src/install/interbotix_xs_msgs/include/interbotix_xs_msgs/interbotix_xs_msgs/srv/detail/torque_enable__rosidl_typesupport_fastrtps_c.h
[0.610s] -- Installing: /home/wellyowo/locobot_sim/locobot_ws/src/install/interbotix_xs_msgs/include/interbotix_xs_msgs/interbotix_xs_msgs/srv/detail/register_values__rosidl_typesupport_fastrtps_c.h
[0.610s] -- Installing: /home/wellyowo/locobot_sim/locobot_ws/src/install/interbotix_xs_msgs/include/interbotix_xs_msgs/interbotix_xs_msgs/srv/detail/motor_gains__rosidl_typesupport_fastrtps_c.h
[0.610s] -- Installing: /home/wellyowo/locobot_sim/locobot_ws/src/install/interbotix_xs_msgs/include/interbotix_xs_msgs/interbotix_xs_msgs/srv/detail/robot_info__rosidl_typesupport_fastrtps_c.h
[0.610s] -- Installing: /home/wellyowo/locobot_sim/locobot_ws/src/install/interbotix_xs_msgs/include/interbotix_xs_msgs/interbotix_xs_msgs/srv/detail/operating_modes__rosidl_typesupport_fastrtps_c.h
[0.610s] -- Installing: /home/wellyowo/locobot_sim/locobot_ws/src/install/interbotix_xs_msgs/include/interbotix_xs_msgs/interbotix_xs_msgs/srv/detail/reboot__rosidl_typesupport_fastrtps_c.h
[0.610s] -- Up-to-date: /home/wellyowo/locobot_sim/locobot_ws/src/install/interbotix_xs_msgs/include/interbotix_xs_msgs/interbotix_xs_msgs/msg
[0.610s] -- Installing: /home/wellyowo/locobot_sim/locobot_ws/src/install/interbotix_xs_msgs/include/interbotix_xs_msgs/interbotix_xs_msgs/msg/rosidl_typesupport_fastrtps_c__visibility_control.h
[0.610s] -- Up-to-date: /home/wellyowo/locobot_sim/locobot_ws/src/install/interbotix_xs_msgs/include/interbotix_xs_msgs/interbotix_xs_msgs/msg/detail
[0.611s] -- Installing: /home/wellyowo/locobot_sim/locobot_ws/src/install/interbotix_xs_msgs/include/interbotix_xs_msgs/interbotix_xs_msgs/msg/detail/joint_group_command__rosidl_typesupport_fastrtps_c.h
[0.611s] -- Installing: /home/wellyowo/locobot_sim/locobot_ws/src/install/interbotix_xs_msgs/include/interbotix_xs_msgs/interbotix_xs_msgs/msg/detail/hex_joy__rosidl_typesupport_fastrtps_c.h
[0.611s] -- Installing: /home/wellyowo/locobot_sim/locobot_ws/src/install/interbotix_xs_msgs/include/interbotix_xs_msgs/interbotix_xs_msgs/msg/detail/arm_joy__rosidl_typesupport_fastrtps_c.h
[0.611s] -- Installing: /home/wellyowo/locobot_sim/locobot_ws/src/install/interbotix_xs_msgs/include/interbotix_xs_msgs/interbotix_xs_msgs/msg/detail/locobot_joy__rosidl_typesupport_fastrtps_c.h
[0.611s] -- Installing: /home/wellyowo/locobot_sim/locobot_ws/src/install/interbotix_xs_msgs/include/interbotix_xs_msgs/interbotix_xs_msgs/msg/detail/joint_trajectory_command__rosidl_typesupport_fastrtps_c.h
[0.611s] -- Installing: /home/wellyowo/locobot_sim/locobot_ws/src/install/interbotix_xs_msgs/include/interbotix_xs_msgs/interbotix_xs_msgs/msg/detail/turret_joy__rosidl_typesupport_fastrtps_c.h
[0.611s] -- Installing: /home/wellyowo/locobot_sim/locobot_ws/src/install/interbotix_xs_msgs/include/interbotix_xs_msgs/interbotix_xs_msgs/msg/detail/joint_single_command__rosidl_typesupport_fastrtps_c.h
[0.626s] -- Installing: /home/wellyowo/locobot_sim/locobot_ws/src/install/interbotix_xs_msgs/include/interbotix_xs_msgs/interbotix_xs_msgs/msg/detail/joint_temps__rosidl_typesupport_fastrtps_c.h
[0.626s] -- Installing: /home/wellyowo/locobot_sim/locobot_ws/src/install/interbotix_xs_msgs/lib/libinterbotix_xs_msgs__rosidl_typesupport_fastrtps_c.so
[0.626s] -- Set runtime path of "/home/wellyowo/locobot_sim/locobot_ws/src/install/interbotix_xs_msgs/lib/libinterbotix_xs_msgs__rosidl_typesupport_fastrtps_c.so" to ""
[0.626s] -- Up-to-date: /home/wellyowo/locobot_sim/locobot_ws/src/install/interbotix_xs_msgs/include/interbotix_xs_msgs/interbotix_xs_msgs
[0.626s] -- Up-to-date: /home/wellyowo/locobot_sim/locobot_ws/src/install/interbotix_xs_msgs/include/interbotix_xs_msgs/interbotix_xs_msgs/srv
[0.626s] -- Up-to-date: /home/wellyowo/locobot_sim/locobot_ws/src/install/interbotix_xs_msgs/include/interbotix_xs_msgs/interbotix_xs_msgs/srv/detail
[0.626s] -- Installing: /home/wellyowo/locobot_sim/locobot_ws/src/install/interbotix_xs_msgs/include/interbotix_xs_msgs/interbotix_xs_msgs/srv/detail/torque_enable__rosidl_typesupport_introspection_c.h
[0.626s] -- Installing: /home/wellyowo/locobot_sim/locobot_ws/src/install/interbotix_xs_msgs/include/interbotix_xs_msgs/interbotix_xs_msgs/srv/detail/register_values__rosidl_typesupport_introspection_c.h
[0.626s] -- Installing: /home/wellyowo/locobot_sim/locobot_ws/src/install/interbotix_xs_msgs/include/interbotix_xs_msgs/interbotix_xs_msgs/srv/detail/operating_modes__type_support.c
[0.626s] -- Installing: /home/wellyowo/locobot_sim/locobot_ws/src/install/interbotix_xs_msgs/include/interbotix_xs_msgs/interbotix_xs_msgs/srv/detail/torque_enable__type_support.c
[0.627s] -- Installing: /home/wellyowo/locobot_sim/locobot_ws/src/install/interbotix_xs_msgs/include/interbotix_xs_msgs/interbotix_xs_msgs/srv/detail/motor_gains__type_support.c
[0.627s] -- Installing: /home/wellyowo/locobot_sim/locobot_ws/src/install/interbotix_xs_msgs/include/interbotix_xs_msgs/interbotix_xs_msgs/srv/detail/reboot__type_support.c
[0.627s] -- Installing: /home/wellyowo/locobot_sim/locobot_ws/src/install/interbotix_xs_msgs/include/interbotix_xs_msgs/interbotix_xs_msgs/srv/detail/operating_modes__rosidl_typesupport_introspection_c.h
[0.627s] -- Installing: /home/wellyowo/locobot_sim/locobot_ws/src/install/interbotix_xs_msgs/include/interbotix_xs_msgs/interbotix_xs_msgs/srv/detail/motor_gains__rosidl_typesupport_introspection_c.h
[0.627s] -- Installing: /home/wellyowo/locobot_sim/locobot_ws/src/install/interbotix_xs_msgs/include/interbotix_xs_msgs/interbotix_xs_msgs/srv/detail/robot_info__rosidl_typesupport_introspection_c.h
[0.627s] -- Installing: /home/wellyowo/locobot_sim/locobot_ws/src/install/interbotix_xs_msgs/include/interbotix_xs_msgs/interbotix_xs_msgs/srv/detail/robot_info__type_support.c
[0.627s] -- Installing: /home/wellyowo/locobot_sim/locobot_ws/src/install/interbotix_xs_msgs/include/interbotix_xs_msgs/interbotix_xs_msgs/srv/detail/register_values__type_support.c
[0.627s] -- Installing: /home/wellyowo/locobot_sim/locobot_ws/src/install/interbotix_xs_msgs/include/interbotix_xs_msgs/interbotix_xs_msgs/srv/detail/reboot__rosidl_typesupport_introspection_c.h
[0.627s] -- Up-to-date: /home/wellyowo/locobot_sim/locobot_ws/src/install/interbotix_xs_msgs/include/interbotix_xs_msgs/interbotix_xs_msgs/msg
[0.627s] -- Installing: /home/wellyowo/locobot_sim/locobot_ws/src/install/interbotix_xs_msgs/include/interbotix_xs_msgs/interbotix_xs_msgs/msg/rosidl_typesupport_introspection_c__visibility_control.h
[0.627s] -- Up-to-date: /home/wellyowo/locobot_sim/locobot_ws/src/install/interbotix_xs_msgs/include/interbotix_xs_msgs/interbotix_xs_msgs/msg/detail
[0.627s] -- Installing: /home/wellyowo/locobot_sim/locobot_ws/src/install/interbotix_xs_msgs/include/interbotix_xs_msgs/interbotix_xs_msgs/msg/detail/arm_joy__rosidl_typesupport_introspection_c.h
[0.627s] -- Installing: /home/wellyowo/locobot_sim/locobot_ws/src/install/interbotix_xs_msgs/include/interbotix_xs_msgs/interbotix_xs_msgs/msg/detail/joint_temps__type_support.c
[0.627s] -- Installing: /home/wellyowo/locobot_sim/locobot_ws/src/install/interbotix_xs_msgs/include/interbotix_xs_msgs/interbotix_xs_msgs/msg/detail/joint_trajectory_command__rosidl_typesupport_introspection_c.h
[0.627s] -- Installing: /home/wellyowo/locobot_sim/locobot_ws/src/install/interbotix_xs_msgs/include/interbotix_xs_msgs/interbotix_xs_msgs/msg/detail/hex_joy__type_support.c
[0.628s] -- Installing: /home/wellyowo/locobot_sim/locobot_ws/src/install/interbotix_xs_msgs/include/interbotix_xs_msgs/interbotix_xs_msgs/msg/detail/locobot_joy__type_support.c
[0.628s] -- Installing: /home/wellyowo/locobot_sim/locobot_ws/src/install/interbotix_xs_msgs/include/interbotix_xs_msgs/interbotix_xs_msgs/msg/detail/joint_group_command__rosidl_typesupport_introspection_c.h
[0.628s] -- Installing: /home/wellyowo/locobot_sim/locobot_ws/src/install/interbotix_xs_msgs/include/interbotix_xs_msgs/interbotix_xs_msgs/msg/detail/joint_group_command__type_support.c
[0.628s] -- Installing: /home/wellyowo/locobot_sim/locobot_ws/src/install/interbotix_xs_msgs/include/interbotix_xs_msgs/interbotix_xs_msgs/msg/detail/joint_single_command__rosidl_typesupport_introspection_c.h
[0.628s] -- Installing: /home/wellyowo/locobot_sim/locobot_ws/src/install/interbotix_xs_msgs/include/interbotix_xs_msgs/interbotix_xs_msgs/msg/detail/turret_joy__rosidl_typesupport_introspection_c.h
[0.628s] -- Installing: /home/wellyowo/locobot_sim/locobot_ws/src/install/interbotix_xs_msgs/include/interbotix_xs_msgs/interbotix_xs_msgs/msg/detail/joint_trajectory_command__type_support.c
[0.628s] -- Installing: /home/wellyowo/locobot_sim/locobot_ws/src/install/interbotix_xs_msgs/include/interbotix_xs_msgs/interbotix_xs_msgs/msg/detail/joint_single_command__type_support.c
[0.628s] -- Installing: /home/wellyowo/locobot_sim/locobot_ws/src/install/interbotix_xs_msgs/include/interbotix_xs_msgs/interbotix_xs_msgs/msg/detail/locobot_joy__rosidl_typesupport_introspection_c.h
[0.628s] -- Installing: /home/wellyowo/locobot_sim/locobot_ws/src/install/interbotix_xs_msgs/include/interbotix_xs_msgs/interbotix_xs_msgs/msg/detail/arm_joy__type_support.c
[0.628s] -- Installing: /home/wellyowo/locobot_sim/locobot_ws/src/install/interbotix_xs_msgs/include/interbotix_xs_msgs/interbotix_xs_msgs/msg/detail/hex_joy__rosidl_typesupport_introspection_c.h
[0.628s] -- Installing: /home/wellyowo/locobot_sim/locobot_ws/src/install/interbotix_xs_msgs/include/interbotix_xs_msgs/interbotix_xs_msgs/msg/detail/joint_temps__rosidl_typesupport_introspection_c.h
[0.628s] -- Installing: /home/wellyowo/locobot_sim/locobot_ws/src/install/interbotix_xs_msgs/include/interbotix_xs_msgs/interbotix_xs_msgs/msg/detail/turret_joy__type_support.c
[0.629s] -- Installing: /home/wellyowo/locobot_sim/locobot_ws/src/install/interbotix_xs_msgs/lib/libinterbotix_xs_msgs__rosidl_typesupport_introspection_c.so
[0.629s] -- Set runtime path of "/home/wellyowo/locobot_sim/locobot_ws/src/install/interbotix_xs_msgs/lib/libinterbotix_xs_msgs__rosidl_typesupport_introspection_c.so" to ""
[0.633s] -- Installing: /home/wellyowo/locobot_sim/locobot_ws/src/install/interbotix_xs_msgs/lib/libinterbotix_xs_msgs__rosidl_typesupport_c.so
[0.633s] -- Set runtime path of "/home/wellyowo/locobot_sim/locobot_ws/src/install/interbotix_xs_msgs/lib/libinterbotix_xs_msgs__rosidl_typesupport_c.so" to ""
[0.633s] -- Up-to-date: /home/wellyowo/locobot_sim/locobot_ws/src/install/interbotix_xs_msgs/include/interbotix_xs_msgs/interbotix_xs_msgs
[0.633s] -- Up-to-date: /home/wellyowo/locobot_sim/locobot_ws/src/install/interbotix_xs_msgs/include/interbotix_xs_msgs/interbotix_xs_msgs/srv
[0.633s] -- Installing: /home/wellyowo/locobot_sim/locobot_ws/src/install/interbotix_xs_msgs/include/interbotix_xs_msgs/interbotix_xs_msgs/srv/reboot.hpp
[0.633s] -- Installing: /home/wellyowo/locobot_sim/locobot_ws/src/install/interbotix_xs_msgs/include/interbotix_xs_msgs/interbotix_xs_msgs/srv/robot_info.hpp
[0.633s] -- Installing: /home/wellyowo/locobot_sim/locobot_ws/src/install/interbotix_xs_msgs/include/interbotix_xs_msgs/interbotix_xs_msgs/srv/register_values.hpp
[0.633s] -- Installing: /home/wellyowo/locobot_sim/locobot_ws/src/install/interbotix_xs_msgs/include/interbotix_xs_msgs/interbotix_xs_msgs/srv/operating_modes.hpp
[0.633s] -- Installing: /home/wellyowo/locobot_sim/locobot_ws/src/install/interbotix_xs_msgs/include/interbotix_xs_msgs/interbotix_xs_msgs/srv/motor_gains.hpp
[0.633s] -- Installing: /home/wellyowo/locobot_sim/locobot_ws/src/install/interbotix_xs_msgs/include/interbotix_xs_msgs/interbotix_xs_msgs/srv/torque_enable.hpp
[0.634s] -- Up-to-date: /home/wellyowo/locobot_sim/locobot_ws/src/install/interbotix_xs_msgs/include/interbotix_xs_msgs/interbotix_xs_msgs/srv/detail
[0.634s] -- Installing: /home/wellyowo/locobot_sim/locobot_ws/src/install/interbotix_xs_msgs/include/interbotix_xs_msgs/interbotix_xs_msgs/srv/detail/reboot__struct.hpp
[0.634s] -- Installing: /home/wellyowo/locobot_sim/locobot_ws/src/install/interbotix_xs_msgs/include/interbotix_xs_msgs/interbotix_xs_msgs/srv/detail/torque_enable__traits.hpp
[0.634s] -- Installing: /home/wellyowo/locobot_sim/locobot_ws/src/install/interbotix_xs_msgs/include/interbotix_xs_msgs/interbotix_xs_msgs/srv/detail/robot_info__builder.hpp
[0.634s] -- Installing: /home/wellyowo/locobot_sim/locobot_ws/src/install/interbotix_xs_msgs/include/interbotix_xs_msgs/interbotix_xs_msgs/srv/detail/register_values__builder.hpp
[0.634s] -- Installing: /home/wellyowo/locobot_sim/locobot_ws/src/install/interbotix_xs_msgs/include/interbotix_xs_msgs/interbotix_xs_msgs/srv/detail/operating_modes__traits.hpp
[0.634s] -- Installing: /home/wellyowo/locobot_sim/locobot_ws/src/install/interbotix_xs_msgs/include/interbotix_xs_msgs/interbotix_xs_msgs/srv/detail/robot_info__traits.hpp
[0.634s] -- Installing: /home/wellyowo/locobot_sim/locobot_ws/src/install/interbotix_xs_msgs/include/interbotix_xs_msgs/interbotix_xs_msgs/srv/detail/motor_gains__builder.hpp
[0.634s] -- Installing: /home/wellyowo/locobot_sim/locobot_ws/src/install/interbotix_xs_msgs/include/interbotix_xs_msgs/interbotix_xs_msgs/srv/detail/register_values__type_support.hpp
[0.634s] -- Installing: /home/wellyowo/locobot_sim/locobot_ws/src/install/interbotix_xs_msgs/include/interbotix_xs_msgs/interbotix_xs_msgs/srv/detail/operating_modes__builder.hpp
[0.634s] -- Installing: /home/wellyowo/locobot_sim/locobot_ws/src/install/interbotix_xs_msgs/include/interbotix_xs_msgs/interbotix_xs_msgs/srv/detail/reboot__type_support.hpp
[0.634s] -- Installing: /home/wellyowo/locobot_sim/locobot_ws/src/install/interbotix_xs_msgs/include/interbotix_xs_msgs/interbotix_xs_msgs/srv/detail/reboot__traits.hpp
[0.634s] -- Installing: /home/wellyowo/locobot_sim/locobot_ws/src/install/interbotix_xs_msgs/include/interbotix_xs_msgs/interbotix_xs_msgs/srv/detail/operating_modes__struct.hpp
[0.634s] -- Installing: /home/wellyowo/locobot_sim/locobot_ws/src/install/interbotix_xs_msgs/include/interbotix_xs_msgs/interbotix_xs_msgs/srv/detail/motor_gains__traits.hpp
[0.634s] -- Installing: /home/wellyowo/locobot_sim/locobot_ws/src/install/interbotix_xs_msgs/include/interbotix_xs_msgs/interbotix_xs_msgs/srv/detail/torque_enable__struct.hpp
[0.634s] -- Installing: /home/wellyowo/locobot_sim/locobot_ws/src/install/interbotix_xs_msgs/include/interbotix_xs_msgs/interbotix_xs_msgs/srv/detail/reboot__builder.hpp
[0.635s] -- Installing: /home/wellyowo/locobot_sim/locobot_ws/src/install/interbotix_xs_msgs/include/interbotix_xs_msgs/interbotix_xs_msgs/srv/detail/torque_enable__builder.hpp
[0.635s] -- Installing: /home/wellyowo/locobot_sim/locobot_ws/src/install/interbotix_xs_msgs/include/interbotix_xs_msgs/interbotix_xs_msgs/srv/detail/register_values__struct.hpp
[0.635s] -- Installing: /home/wellyowo/locobot_sim/locobot_ws/src/install/interbotix_xs_msgs/include/interbotix_xs_msgs/interbotix_xs_msgs/srv/detail/register_values__traits.hpp
[0.635s] -- Installing: /home/wellyowo/locobot_sim/locobot_ws/src/install/interbotix_xs_msgs/include/interbotix_xs_msgs/interbotix_xs_msgs/srv/detail/motor_gains__struct.hpp
[0.635s] -- Installing: /home/wellyowo/locobot_sim/locobot_ws/src/install/interbotix_xs_msgs/include/interbotix_xs_msgs/interbotix_xs_msgs/srv/detail/robot_info__struct.hpp
[0.635s] -- Installing: /home/wellyowo/locobot_sim/locobot_ws/src/install/interbotix_xs_msgs/include/interbotix_xs_msgs/interbotix_xs_msgs/srv/detail/motor_gains__type_support.hpp
[0.635s] -- Installing: /home/wellyowo/locobot_sim/locobot_ws/src/install/interbotix_xs_msgs/include/interbotix_xs_msgs/interbotix_xs_msgs/srv/detail/operating_modes__type_support.hpp
[0.635s] -- Installing: /home/wellyowo/locobot_sim/locobot_ws/src/install/interbotix_xs_msgs/include/interbotix_xs_msgs/interbotix_xs_msgs/srv/detail/robot_info__type_support.hpp
[0.635s] -- Installing: /home/wellyowo/locobot_sim/locobot_ws/src/install/interbotix_xs_msgs/include/interbotix_xs_msgs/interbotix_xs_msgs/srv/detail/torque_enable__type_support.hpp
[0.635s] -- Up-to-date: /home/wellyowo/locobot_sim/locobot_ws/src/install/interbotix_xs_msgs/include/interbotix_xs_msgs/interbotix_xs_msgs/msg
[0.635s] -- Installing: /home/wellyowo/locobot_sim/locobot_ws/src/install/interbotix_xs_msgs/include/interbotix_xs_msgs/interbotix_xs_msgs/msg/joint_trajectory_command.hpp
[0.635s] -- Installing: /home/wellyowo/locobot_sim/locobot_ws/src/install/interbotix_xs_msgs/include/interbotix_xs_msgs/interbotix_xs_msgs/msg/hex_joy.hpp
[0.635s] -- Installing: /home/wellyowo/locobot_sim/locobot_ws/src/install/interbotix_xs_msgs/include/interbotix_xs_msgs/interbotix_xs_msgs/msg/locobot_joy.hpp
[0.635s] -- Installing: /home/wellyowo/locobot_sim/locobot_ws/src/install/interbotix_xs_msgs/include/interbotix_xs_msgs/interbotix_xs_msgs/msg/arm_joy.hpp
[0.636s] -- Installing: /home/wellyowo/locobot_sim/locobot_ws/src/install/interbotix_xs_msgs/include/interbotix_xs_msgs/interbotix_xs_msgs/msg/joint_temps.hpp
[0.636s] -- Installing: /home/wellyowo/locobot_sim/locobot_ws/src/install/interbotix_xs_msgs/include/interbotix_xs_msgs/interbotix_xs_msgs/msg/joint_group_command.hpp
[0.636s] -- Installing: /home/wellyowo/locobot_sim/locobot_ws/src/install/interbotix_xs_msgs/include/interbotix_xs_msgs/interbotix_xs_msgs/msg/rosidl_generator_cpp__visibility_control.hpp
[0.636s] -- Installing: /home/wellyowo/locobot_sim/locobot_ws/src/install/interbotix_xs_msgs/include/interbotix_xs_msgs/interbotix_xs_msgs/msg/joint_single_command.hpp
[0.636s] -- Installing: /home/wellyowo/locobot_sim/locobot_ws/src/install/interbotix_xs_msgs/include/interbotix_xs_msgs/interbotix_xs_msgs/msg/turret_joy.hpp
[0.636s] -- Up-to-date: /home/wellyowo/locobot_sim/locobot_ws/src/install/interbotix_xs_msgs/include/interbotix_xs_msgs/interbotix_xs_msgs/msg/detail
[0.636s] -- Installing: /home/wellyowo/locobot_sim/locobot_ws/src/install/interbotix_xs_msgs/include/interbotix_xs_msgs/interbotix_xs_msgs/msg/detail/locobot_joy__struct.hpp
[0.636s] -- Installing: /home/wellyowo/locobot_sim/locobot_ws/src/install/interbotix_xs_msgs/include/interbotix_xs_msgs/interbotix_xs_msgs/msg/detail/joint_single_command__builder.hpp
[0.636s] -- Installing: /home/wellyowo/locobot_sim/locobot_ws/src/install/interbotix_xs_msgs/include/interbotix_xs_msgs/interbotix_xs_msgs/msg/detail/joint_group_command__type_support.hpp
[0.636s] -- Installing: /home/wellyowo/locobot_sim/locobot_ws/src/install/interbotix_xs_msgs/include/interbotix_xs_msgs/interbotix_xs_msgs/msg/detail/joint_group_command__builder.hpp
[0.636s] -- Installing: /home/wellyowo/locobot_sim/locobot_ws/src/install/interbotix_xs_msgs/include/interbotix_xs_msgs/interbotix_xs_msgs/msg/detail/joint_trajectory_command__type_support.hpp
[0.636s] -- Installing: /home/wellyowo/locobot_sim/locobot_ws/src/install/interbotix_xs_msgs/include/interbotix_xs_msgs/interbotix_xs_msgs/msg/detail/arm_joy__type_support.hpp
[0.636s] -- Installing: /home/wellyowo/locobot_sim/locobot_ws/src/install/interbotix_xs_msgs/include/interbotix_xs_msgs/interbotix_xs_msgs/msg/detail/turret_joy__builder.hpp
[0.636s] -- Installing: /home/wellyowo/locobot_sim/locobot_ws/src/install/interbotix_xs_msgs/include/interbotix_xs_msgs/interbotix_xs_msgs/msg/detail/locobot_joy__type_support.hpp
[0.636s] -- Installing: /home/wellyowo/locobot_sim/locobot_ws/src/install/interbotix_xs_msgs/include/interbotix_xs_msgs/interbotix_xs_msgs/msg/detail/joint_temps__builder.hpp
[0.636s] -- Installing: /home/wellyowo/locobot_sim/locobot_ws/src/install/interbotix_xs_msgs/include/interbotix_xs_msgs/interbotix_xs_msgs/msg/detail/turret_joy__struct.hpp
[0.637s] -- Installing: /home/wellyowo/locobot_sim/locobot_ws/src/install/interbotix_xs_msgs/include/interbotix_xs_msgs/interbotix_xs_msgs/msg/detail/locobot_joy__builder.hpp
[0.637s] -- Installing: /home/wellyowo/locobot_sim/locobot_ws/src/install/interbotix_xs_msgs/include/interbotix_xs_msgs/interbotix_xs_msgs/msg/detail/turret_joy__traits.hpp
[0.639s] -- Installing: /home/wellyowo/locobot_sim/locobot_ws/src/install/interbotix_xs_msgs/include/interbotix_xs_msgs/interbotix_xs_msgs/msg/detail/turret_joy__type_support.hpp
[0.640s] -- Installing: /home/wellyowo/locobot_sim/locobot_ws/src/install/interbotix_xs_msgs/include/interbotix_xs_msgs/interbotix_xs_msgs/msg/detail/arm_joy__traits.hpp
[0.640s] -- Installing: /home/wellyowo/locobot_sim/locobot_ws/src/install/interbotix_xs_msgs/include/interbotix_xs_msgs/interbotix_xs_msgs/msg/detail/joint_trajectory_command__traits.hpp
[0.640s] -- Installing: /home/wellyowo/locobot_sim/locobot_ws/src/install/interbotix_xs_msgs/include/interbotix_xs_msgs/interbotix_xs_msgs/msg/detail/hex_joy__traits.hpp
[0.641s] -- Installing: /home/wellyowo/locobot_sim/locobot_ws/src/install/interbotix_xs_msgs/include/interbotix_xs_msgs/interbotix_xs_msgs/msg/detail/joint_temps__traits.hpp
[0.641s] -- Installing: /home/wellyowo/locobot_sim/locobot_ws/src/install/interbotix_xs_msgs/include/interbotix_xs_msgs/interbotix_xs_msgs/msg/detail/joint_temps__type_support.hpp
[0.642s] -- Installing: /home/wellyowo/locobot_sim/locobot_ws/src/install/interbotix_xs_msgs/include/interbotix_xs_msgs/interbotix_xs_msgs/msg/detail/hex_joy__type_support.hpp
[0.642s] -- Installing: /home/wellyowo/locobot_sim/locobot_ws/src/install/interbotix_xs_msgs/include/interbotix_xs_msgs/interbotix_xs_msgs/msg/detail/joint_single_command__struct.hpp
[0.642s] -- Installing: /home/wellyowo/locobot_sim/locobot_ws/src/install/interbotix_xs_msgs/include/interbotix_xs_msgs/interbotix_xs_msgs/msg/detail/joint_trajectory_command__struct.hpp
[0.643s] -- Installing: /home/wellyowo/locobot_sim/locobot_ws/src/install/interbotix_xs_msgs/include/interbotix_xs_msgs/interbotix_xs_msgs/msg/detail/joint_trajectory_command__builder.hpp
[0.643s] -- Installing: /home/wellyowo/locobot_sim/locobot_ws/src/install/interbotix_xs_msgs/include/interbotix_xs_msgs/interbotix_xs_msgs/msg/detail/joint_single_command__traits.hpp
[0.643s] -- Installing: /home/wellyowo/locobot_sim/locobot_ws/src/install/interbotix_xs_msgs/include/interbotix_xs_msgs/interbotix_xs_msgs/msg/detail/arm_joy__struct.hpp
[0.643s] -- Installing: /home/wellyowo/locobot_sim/locobot_ws/src/install/interbotix_xs_msgs/include/interbotix_xs_msgs/interbotix_xs_msgs/msg/detail/joint_single_command__type_support.hpp
[0.643s] -- Installing: /home/wellyowo/locobot_sim/locobot_ws/src/install/interbotix_xs_msgs/include/interbotix_xs_msgs/interbotix_xs_msgs/msg/detail/joint_group_command__traits.hpp
[0.643s] -- Installing: /home/wellyowo/locobot_sim/locobot_ws/src/install/interbotix_xs_msgs/include/interbotix_xs_msgs/interbotix_xs_msgs/msg/detail/hex_joy__builder.hpp
[0.643s] -- Installing: /home/wellyowo/locobot_sim/locobot_ws/src/install/interbotix_xs_msgs/include/interbotix_xs_msgs/interbotix_xs_msgs/msg/detail/joint_temps__struct.hpp
[0.643s] -- Installing: /home/wellyowo/locobot_sim/locobot_ws/src/install/interbotix_xs_msgs/include/interbotix_xs_msgs/interbotix_xs_msgs/msg/detail/hex_joy__struct.hpp
[0.643s] -- Installing: /home/wellyowo/locobot_sim/locobot_ws/src/install/interbotix_xs_msgs/include/interbotix_xs_msgs/interbotix_xs_msgs/msg/detail/joint_group_command__struct.hpp
[0.643s] -- Installing: /home/wellyowo/locobot_sim/locobot_ws/src/install/interbotix_xs_msgs/include/interbotix_xs_msgs/interbotix_xs_msgs/msg/detail/locobot_joy__traits.hpp
[0.644s] -- Installing: /home/wellyowo/locobot_sim/locobot_ws/src/install/interbotix_xs_msgs/include/interbotix_xs_msgs/interbotix_xs_msgs/msg/detail/arm_joy__builder.hpp
[0.644s] -- Up-to-date: /home/wellyowo/locobot_sim/locobot_ws/src/install/interbotix_xs_msgs/include/interbotix_xs_msgs/interbotix_xs_msgs
[0.644s] -- Up-to-date: /home/wellyowo/locobot_sim/locobot_ws/src/install/interbotix_xs_msgs/include/interbotix_xs_msgs/interbotix_xs_msgs/srv
[0.644s] -- Up-to-date: /home/wellyowo/locobot_sim/locobot_ws/src/install/interbotix_xs_msgs/include/interbotix_xs_msgs/interbotix_xs_msgs/srv/detail
[0.644s] -- Installing: /home/wellyowo/locobot_sim/locobot_ws/src/install/interbotix_xs_msgs/include/interbotix_xs_msgs/interbotix_xs_msgs/srv/detail/robot_info__rosidl_typesupport_fastrtps_cpp.hpp
[0.644s] -- Installing: /home/wellyowo/locobot_sim/locobot_ws/src/install/interbotix_xs_msgs/include/interbotix_xs_msgs/interbotix_xs_msgs/srv/detail/register_values__rosidl_typesupport_fastrtps_cpp.hpp
[0.644s] -- Installing: /home/wellyowo/locobot_sim/locobot_ws/src/install/interbotix_xs_msgs/include/interbotix_xs_msgs/interbotix_xs_msgs/srv/detail/motor_gains__rosidl_typesupport_fastrtps_cpp.hpp
[0.644s] -- Installing: /home/wellyowo/locobot_sim/locobot_ws/src/install/interbotix_xs_msgs/include/interbotix_xs_msgs/interbotix_xs_msgs/srv/detail/torque_enable__rosidl_typesupport_fastrtps_cpp.hpp
[0.644s] -- Installing: /home/wellyowo/locobot_sim/locobot_ws/src/install/interbotix_xs_msgs/include/interbotix_xs_msgs/interbotix_xs_msgs/srv/detail/operating_modes__rosidl_typesupport_fastrtps_cpp.hpp
[0.644s] -- Installing: /home/wellyowo/locobot_sim/locobot_ws/src/install/interbotix_xs_msgs/include/interbotix_xs_msgs/interbotix_xs_msgs/srv/detail/reboot__rosidl_typesupport_fastrtps_cpp.hpp
[0.645s] -- Installing: /home/wellyowo/locobot_sim/locobot_ws/src/install/interbotix_xs_msgs/include/interbotix_xs_msgs/interbotix_xs_msgs/srv/detail/dds_fastrtps
[0.645s] -- Up-to-date: /home/wellyowo/locobot_sim/locobot_ws/src/install/interbotix_xs_msgs/include/interbotix_xs_msgs/interbotix_xs_msgs/msg
[0.645s] -- Installing: /home/wellyowo/locobot_sim/locobot_ws/src/install/interbotix_xs_msgs/include/interbotix_xs_msgs/interbotix_xs_msgs/msg/rosidl_typesupport_fastrtps_cpp__visibility_control.h
[0.645s] -- Up-to-date: /home/wellyowo/locobot_sim/locobot_ws/src/install/interbotix_xs_msgs/include/interbotix_xs_msgs/interbotix_xs_msgs/msg/detail
[0.645s] -- Installing: /home/wellyowo/locobot_sim/locobot_ws/src/install/interbotix_xs_msgs/include/interbotix_xs_msgs/interbotix_xs_msgs/msg/detail/arm_joy__rosidl_typesupport_fastrtps_cpp.hpp
[0.646s] -- Installing: /home/wellyowo/locobot_sim/locobot_ws/src/install/interbotix_xs_msgs/include/interbotix_xs_msgs/interbotix_xs_msgs/msg/detail/turret_joy__rosidl_typesupport_fastrtps_cpp.hpp
[0.646s] -- Installing: /home/wellyowo/locobot_sim/locobot_ws/src/install/interbotix_xs_msgs/include/interbotix_xs_msgs/interbotix_xs_msgs/msg/detail/joint_group_command__rosidl_typesupport_fastrtps_cpp.hpp
[0.647s] -- Installing: /home/wellyowo/locobot_sim/locobot_ws/src/install/interbotix_xs_msgs/include/interbotix_xs_msgs/interbotix_xs_msgs/msg/detail/hex_joy__rosidl_typesupport_fastrtps_cpp.hpp
[0.647s] -- Installing: /home/wellyowo/locobot_sim/locobot_ws/src/install/interbotix_xs_msgs/include/interbotix_xs_msgs/interbotix_xs_msgs/msg/detail/joint_single_command__rosidl_typesupport_fastrtps_cpp.hpp
[0.647s] -- Installing: /home/wellyowo/locobot_sim/locobot_ws/src/install/interbotix_xs_msgs/include/interbotix_xs_msgs/interbotix_xs_msgs/msg/detail/joint_temps__rosidl_typesupport_fastrtps_cpp.hpp
[0.647s] -- Installing: /home/wellyowo/locobot_sim/locobot_ws/src/install/interbotix_xs_msgs/include/interbotix_xs_msgs/interbotix_xs_msgs/msg/detail/locobot_joy__rosidl_typesupport_fastrtps_cpp.hpp
[0.647s] -- Installing: /home/wellyowo/locobot_sim/locobot_ws/src/install/interbotix_xs_msgs/include/interbotix_xs_msgs/interbotix_xs_msgs/msg/detail/dds_fastrtps
[0.647s] -- Installing: /home/wellyowo/locobot_sim/locobot_ws/src/install/interbotix_xs_msgs/include/interbotix_xs_msgs/interbotix_xs_msgs/msg/detail/joint_trajectory_command__rosidl_typesupport_fastrtps_cpp.hpp
[0.648s] -- Installing: /home/wellyowo/locobot_sim/locobot_ws/src/install/interbotix_xs_msgs/lib/libinterbotix_xs_msgs__rosidl_typesupport_fastrtps_cpp.so
[0.648s] -- Set runtime path of "/home/wellyowo/locobot_sim/locobot_ws/src/install/interbotix_xs_msgs/lib/libinterbotix_xs_msgs__rosidl_typesupport_fastrtps_cpp.so" to ""
[0.648s] -- Up-to-date: /home/wellyowo/locobot_sim/locobot_ws/src/install/interbotix_xs_msgs/include/interbotix_xs_msgs/interbotix_xs_msgs
[0.654s] -- Up-to-date: /home/wellyowo/locobot_sim/locobot_ws/src/install/interbotix_xs_msgs/include/interbotix_xs_msgs/interbotix_xs_msgs/srv
[0.654s] -- Up-to-date: /home/wellyowo/locobot_sim/locobot_ws/src/install/interbotix_xs_msgs/include/interbotix_xs_msgs/interbotix_xs_msgs/srv/detail
[0.654s] -- Installing: /home/wellyowo/locobot_sim/locobot_ws/src/install/interbotix_xs_msgs/include/interbotix_xs_msgs/interbotix_xs_msgs/srv/detail/torque_enable__type_support.cpp
[0.654s] -- Installing: /home/wellyowo/locobot_sim/locobot_ws/src/install/interbotix_xs_msgs/include/interbotix_xs_msgs/interbotix_xs_msgs/srv/detail/reboot__type_support.cpp
[0.657s] -- Installing: /home/wellyowo/locobot_sim/locobot_ws/src/install/interbotix_xs_msgs/include/interbotix_xs_msgs/interbotix_xs_msgs/srv/detail/robot_info__rosidl_typesupport_introspection_cpp.hpp
[0.657s] -- Installing: /home/wellyowo/locobot_sim/locobot_ws/src/install/interbotix_xs_msgs/include/interbotix_xs_msgs/interbotix_xs_msgs/srv/detail/torque_enable__rosidl_typesupport_introspection_cpp.hpp
[0.658s] -- Installing: /home/wellyowo/locobot_sim/locobot_ws/src/install/interbotix_xs_msgs/include/interbotix_xs_msgs/interbotix_xs_msgs/srv/detail/operating_modes__rosidl_typesupport_introspection_cpp.hpp
[0.658s] -- Installing: /home/wellyowo/locobot_sim/locobot_ws/src/install/interbotix_xs_msgs/include/interbotix_xs_msgs/interbotix_xs_msgs/srv/detail/robot_info__type_support.cpp
[0.660s] -- Installing: /home/wellyowo/locobot_sim/locobot_ws/src/install/interbotix_xs_msgs/include/interbotix_xs_msgs/interbotix_xs_msgs/srv/detail/register_values__rosidl_typesupport_introspection_cpp.hpp
[0.660s] -- Installing: /home/wellyowo/locobot_sim/locobot_ws/src/install/interbotix_xs_msgs/include/interbotix_xs_msgs/interbotix_xs_msgs/srv/detail/reboot__rosidl_typesupport_introspection_cpp.hpp
[0.660s] -- Installing: /home/wellyowo/locobot_sim/locobot_ws/src/install/interbotix_xs_msgs/include/interbotix_xs_msgs/interbotix_xs_msgs/srv/detail/motor_gains__rosidl_typesupport_introspection_cpp.hpp
[0.660s] -- Installing: /home/wellyowo/locobot_sim/locobot_ws/src/install/interbotix_xs_msgs/include/interbotix_xs_msgs/interbotix_xs_msgs/srv/detail/register_values__type_support.cpp
[0.664s] -- Installing: /home/wellyowo/locobot_sim/locobot_ws/src/install/interbotix_xs_msgs/include/interbotix_xs_msgs/interbotix_xs_msgs/srv/detail/motor_gains__type_support.cpp
[0.665s] -- Installing: /home/wellyowo/locobot_sim/locobot_ws/src/install/interbotix_xs_msgs/include/interbotix_xs_msgs/interbotix_xs_msgs/srv/detail/operating_modes__type_support.cpp
[0.665s] -- Up-to-date: /home/wellyowo/locobot_sim/locobot_ws/src/install/interbotix_xs_msgs/include/interbotix_xs_msgs/interbotix_xs_msgs/msg
[0.665s] -- Up-to-date: /home/wellyowo/locobot_sim/locobot_ws/src/install/interbotix_xs_msgs/include/interbotix_xs_msgs/interbotix_xs_msgs/msg/detail
[0.665s] -- Installing: /home/wellyowo/locobot_sim/locobot_ws/src/install/interbotix_xs_msgs/include/interbotix_xs_msgs/interbotix_xs_msgs/msg/detail/arm_joy__type_support.cpp
[0.665s] -- Installing: /home/wellyowo/locobot_sim/locobot_ws/src/install/interbotix_xs_msgs/include/interbotix_xs_msgs/interbotix_xs_msgs/msg/detail/hex_joy__rosidl_typesupport_introspection_cpp.hpp
[0.665s] -- Installing: /home/wellyowo/locobot_sim/locobot_ws/src/install/interbotix_xs_msgs/include/interbotix_xs_msgs/interbotix_xs_msgs/msg/detail/locobot_joy__type_support.cpp
[0.665s] -- Installing: /home/wellyowo/locobot_sim/locobot_ws/src/install/interbotix_xs_msgs/include/interbotix_xs_msgs/interbotix_xs_msgs/msg/detail/joint_single_command__rosidl_typesupport_introspection_cpp.hpp
[0.665s] -- Installing: /home/wellyowo/locobot_sim/locobot_ws/src/install/interbotix_xs_msgs/include/interbotix_xs_msgs/interbotix_xs_msgs/msg/detail/locobot_joy__rosidl_typesupport_introspection_cpp.hpp
[0.665s] -- Installing: /home/wellyowo/locobot_sim/locobot_ws/src/install/interbotix_xs_msgs/include/interbotix_xs_msgs/interbotix_xs_msgs/msg/detail/joint_trajectory_command__rosidl_typesupport_introspection_cpp.hpp
[0.666s] -- Installing: /home/wellyowo/locobot_sim/locobot_ws/src/install/interbotix_xs_msgs/include/interbotix_xs_msgs/interbotix_xs_msgs/msg/detail/turret_joy__type_support.cpp
[0.671s] -- Installing: /home/wellyowo/locobot_sim/locobot_ws/src/install/interbotix_xs_msgs/include/interbotix_xs_msgs/interbotix_xs_msgs/msg/detail/turret_joy__rosidl_typesupport_introspection_cpp.hpp
[0.671s] -- Installing: /home/wellyowo/locobot_sim/locobot_ws/src/install/interbotix_xs_msgs/include/interbotix_xs_msgs/interbotix_xs_msgs/msg/detail/joint_group_command__type_support.cpp
[0.671s] -- Installing: /home/wellyowo/locobot_sim/locobot_ws/src/install/interbotix_xs_msgs/include/interbotix_xs_msgs/interbotix_xs_msgs/msg/detail/joint_group_command__rosidl_typesupport_introspection_cpp.hpp
[0.672s] -- Installing: /home/wellyowo/locobot_sim/locobot_ws/src/install/interbotix_xs_msgs/include/interbotix_xs_msgs/interbotix_xs_msgs/msg/detail/joint_single_command__type_support.cpp
[0.672s] -- Installing: /home/wellyowo/locobot_sim/locobot_ws/src/install/interbotix_xs_msgs/include/interbotix_xs_msgs/interbotix_xs_msgs/msg/detail/arm_joy__rosidl_typesupport_introspection_cpp.hpp
[0.672s] -- Installing: /home/wellyowo/locobot_sim/locobot_ws/src/install/interbotix_xs_msgs/include/interbotix_xs_msgs/interbotix_xs_msgs/msg/detail/joint_trajectory_command__type_support.cpp
[0.672s] -- Installing: /home/wellyowo/locobot_sim/locobot_ws/src/install/interbotix_xs_msgs/include/interbotix_xs_msgs/interbotix_xs_msgs/msg/detail/joint_temps__rosidl_typesupport_introspection_cpp.hpp
[0.672s] -- Installing: /home/wellyowo/locobot_sim/locobot_ws/src/install/interbotix_xs_msgs/include/interbotix_xs_msgs/interbotix_xs_msgs/msg/detail/joint_temps__type_support.cpp
[0.672s] -- Installing: /home/wellyowo/locobot_sim/locobot_ws/src/install/interbotix_xs_msgs/include/interbotix_xs_msgs/interbotix_xs_msgs/msg/detail/hex_joy__type_support.cpp
[0.672s] -- Installing: /home/wellyowo/locobot_sim/locobot_ws/src/install/interbotix_xs_msgs/lib/libinterbotix_xs_msgs__rosidl_typesupport_introspection_cpp.so
[0.672s] -- Set runtime path of "/home/wellyowo/locobot_sim/locobot_ws/src/install/interbotix_xs_msgs/lib/libinterbotix_xs_msgs__rosidl_typesupport_introspection_cpp.so" to ""
[0.672s] -- Installing: /home/wellyowo/locobot_sim/locobot_ws/src/install/interbotix_xs_msgs/lib/libinterbotix_xs_msgs__rosidl_typesupport_cpp.so
[0.672s] -- Set runtime path of "/home/wellyowo/locobot_sim/locobot_ws/src/install/interbotix_xs_msgs/lib/libinterbotix_xs_msgs__rosidl_typesupport_cpp.so" to ""
[0.672s] -- Installing: /home/wellyowo/locobot_sim/locobot_ws/src/install/interbotix_xs_msgs/share/interbotix_xs_msgs/environment/pythonpath.sh
[0.672s] -- Installing: /home/wellyowo/locobot_sim/locobot_ws/src/install/interbotix_xs_msgs/share/interbotix_xs_msgs/environment/pythonpath.dsv
[0.673s] -- Installing: /home/wellyowo/locobot_sim/locobot_ws/src/install/interbotix_xs_msgs/local/lib/python3.10/dist-packages/interbotix_xs_msgs-0.0.0-py3.10.egg-info
[0.673s] -- Installing: /home/wellyowo/locobot_sim/locobot_ws/src/install/interbotix_xs_msgs/local/lib/python3.10/dist-packages/interbotix_xs_msgs-0.0.0-py3.10.egg-info/SOURCES.txt
[0.673s] -- Installing: /home/wellyowo/locobot_sim/locobot_ws/src/install/interbotix_xs_msgs/local/lib/python3.10/dist-packages/interbotix_xs_msgs-0.0.0-py3.10.egg-info/PKG-INFO
[0.673s] -- Installing: /home/wellyowo/locobot_sim/locobot_ws/src/install/interbotix_xs_msgs/local/lib/python3.10/dist-packages/interbotix_xs_msgs-0.0.0-py3.10.egg-info/top_level.txt
[0.673s] -- Installing: /home/wellyowo/locobot_sim/locobot_ws/src/install/interbotix_xs_msgs/local/lib/python3.10/dist-packages/interbotix_xs_msgs-0.0.0-py3.10.egg-info/dependency_links.txt
[0.673s] -- Installing: /home/wellyowo/locobot_sim/locobot_ws/src/install/interbotix_xs_msgs/local/lib/python3.10/dist-packages/interbotix_xs_msgs
[0.673s] -- Installing: /home/wellyowo/locobot_sim/locobot_ws/src/install/interbotix_xs_msgs/local/lib/python3.10/dist-packages/interbotix_xs_msgs/interbotix_xs_msgs_s__rosidl_typesupport_fastrtps_c.cpython-310-x86_64-linux-gnu.so
[0.673s] -- Installing: /home/wellyowo/locobot_sim/locobot_ws/src/install/interbotix_xs_msgs/local/lib/python3.10/dist-packages/interbotix_xs_msgs/__init__.py
[0.673s] -- Installing: /home/wellyowo/locobot_sim/locobot_ws/src/install/interbotix_xs_msgs/local/lib/python3.10/dist-packages/interbotix_xs_msgs/interbotix_xs_msgs_s__rosidl_typesupport_c.cpython-310-x86_64-linux-gnu.so
[0.674s] -- Installing: /home/wellyowo/locobot_sim/locobot_ws/src/install/interbotix_xs_msgs/local/lib/python3.10/dist-packages/interbotix_xs_msgs/srv
[0.680s] -- Installing: /home/wellyowo/locobot_sim/locobot_ws/src/install/interbotix_xs_msgs/local/lib/python3.10/dist-packages/interbotix_xs_msgs/srv/_torque_enable_s.c
[0.680s] -- Installing: /home/wellyowo/locobot_sim/locobot_ws/src/install/interbotix_xs_msgs/local/lib/python3.10/dist-packages/interbotix_xs_msgs/srv/_operating_modes_s.c
[0.680s] -- Installing: /home/wellyowo/locobot_sim/locobot_ws/src/install/interbotix_xs_msgs/local/lib/python3.10/dist-packages/interbotix_xs_msgs/srv/__init__.py
[0.680s] -- Installing: /home/wellyowo/locobot_sim/locobot_ws/src/install/interbotix_xs_msgs/local/lib/python3.10/dist-packages/interbotix_xs_msgs/srv/_reboot.py
[0.680s] -- Installing: /home/wellyowo/locobot_sim/locobot_ws/src/install/interbotix_xs_msgs/local/lib/python3.10/dist-packages/interbotix_xs_msgs/srv/_reboot_s.c
[0.680s] -- Installing: /home/wellyowo/locobot_sim/locobot_ws/src/install/interbotix_xs_msgs/local/lib/python3.10/dist-packages/interbotix_xs_msgs/srv/_register_values_s.c
[0.681s] -- Installing: /home/wellyowo/locobot_sim/locobot_ws/src/install/interbotix_xs_msgs/local/lib/python3.10/dist-packages/interbotix_xs_msgs/srv/_motor_gains.py
[0.681s] -- Installing: /home/wellyowo/locobot_sim/locobot_ws/src/install/interbotix_xs_msgs/local/lib/python3.10/dist-packages/interbotix_xs_msgs/srv/_motor_gains_s.c
[0.681s] -- Installing: /home/wellyowo/locobot_sim/locobot_ws/src/install/interbotix_xs_msgs/local/lib/python3.10/dist-packages/interbotix_xs_msgs/srv/_torque_enable.py
[0.681s] -- Installing: /home/wellyowo/locobot_sim/locobot_ws/src/install/interbotix_xs_msgs/local/lib/python3.10/dist-packages/interbotix_xs_msgs/srv/_operating_modes.py
[0.681s] -- Installing: /home/wellyowo/locobot_sim/locobot_ws/src/install/interbotix_xs_msgs/local/lib/python3.10/dist-packages/interbotix_xs_msgs/srv/_robot_info.py
[0.681s] -- Installing: /home/wellyowo/locobot_sim/locobot_ws/src/install/interbotix_xs_msgs/local/lib/python3.10/dist-packages/interbotix_xs_msgs/srv/_register_values.py
[0.681s] -- Installing: /home/wellyowo/locobot_sim/locobot_ws/src/install/interbotix_xs_msgs/local/lib/python3.10/dist-packages/interbotix_xs_msgs/srv/_robot_info_s.c
[0.681s] -- Installing: /home/wellyowo/locobot_sim/locobot_ws/src/install/interbotix_xs_msgs/local/lib/python3.10/dist-packages/interbotix_xs_msgs/_interbotix_xs_msgs_s.ep.rosidl_typesupport_c.c
[0.681s] -- Installing: /home/wellyowo/locobot_sim/locobot_ws/src/install/interbotix_xs_msgs/local/lib/python3.10/dist-packages/interbotix_xs_msgs/libinterbotix_xs_msgs__rosidl_generator_py.so
[0.681s] -- Installing: /home/wellyowo/locobot_sim/locobot_ws/src/install/interbotix_xs_msgs/local/lib/python3.10/dist-packages/interbotix_xs_msgs/msg
[0.681s] -- Installing: /home/wellyowo/locobot_sim/locobot_ws/src/install/interbotix_xs_msgs/local/lib/python3.10/dist-packages/interbotix_xs_msgs/msg/_joint_trajectory_command.py
[0.681s] -- Installing: /home/wellyowo/locobot_sim/locobot_ws/src/install/interbotix_xs_msgs/local/lib/python3.10/dist-packages/interbotix_xs_msgs/msg/_arm_joy_s.c
[0.681s] -- Installing: /home/wellyowo/locobot_sim/locobot_ws/src/install/interbotix_xs_msgs/local/lib/python3.10/dist-packages/interbotix_xs_msgs/msg/__init__.py
[0.681s] -- Installing: /home/wellyowo/locobot_sim/locobot_ws/src/install/interbotix_xs_msgs/local/lib/python3.10/dist-packages/interbotix_xs_msgs/msg/_joint_group_command.py
[0.681s] -- Installing: /home/wellyowo/locobot_sim/locobot_ws/src/install/interbotix_xs_msgs/local/lib/python3.10/dist-packages/interbotix_xs_msgs/msg/_arm_joy.py
[0.681s] -- Installing: /home/wellyowo/locobot_sim/locobot_ws/src/install/interbotix_xs_msgs/local/lib/python3.10/dist-packages/interbotix_xs_msgs/msg/_joint_single_command.py
[0.682s] -- Installing: /home/wellyowo/locobot_sim/locobot_ws/src/install/interbotix_xs_msgs/local/lib/python3.10/dist-packages/interbotix_xs_msgs/msg/_joint_temps_s.c
[0.682s] -- Installing: /home/wellyowo/locobot_sim/locobot_ws/src/install/interbotix_xs_msgs/local/lib/python3.10/dist-packages/interbotix_xs_msgs/msg/_turret_joy_s.c
[0.682s] -- Installing: /home/wellyowo/locobot_sim/locobot_ws/src/install/interbotix_xs_msgs/local/lib/python3.10/dist-packages/interbotix_xs_msgs/msg/_hex_joy.py
[0.682s] -- Installing: /home/wellyowo/locobot_sim/locobot_ws/src/install/interbotix_xs_msgs/local/lib/python3.10/dist-packages/interbotix_xs_msgs/msg/_locobot_joy.py
[0.682s] -- Installing: /home/wellyowo/locobot_sim/locobot_ws/src/install/interbotix_xs_msgs/local/lib/python3.10/dist-packages/interbotix_xs_msgs/msg/_joint_group_command_s.c
[0.682s] -- Installing: /home/wellyowo/locobot_sim/locobot_ws/src/install/interbotix_xs_msgs/local/lib/python3.10/dist-packages/interbotix_xs_msgs/msg/_hex_joy_s.c
[0.682s] -- Installing: /home/wellyowo/locobot_sim/locobot_ws/src/install/interbotix_xs_msgs/local/lib/python3.10/dist-packages/interbotix_xs_msgs/msg/_joint_temps.py
[0.682s] -- Installing: /home/wellyowo/locobot_sim/locobot_ws/src/install/interbotix_xs_msgs/local/lib/python3.10/dist-packages/interbotix_xs_msgs/msg/_joint_trajectory_command_s.c
[0.682s] -- Installing: /home/wellyowo/locobot_sim/locobot_ws/src/install/interbotix_xs_msgs/local/lib/python3.10/dist-packages/interbotix_xs_msgs/msg/_turret_joy.py
[0.682s] -- Installing: /home/wellyowo/locobot_sim/locobot_ws/src/install/interbotix_xs_msgs/local/lib/python3.10/dist-packages/interbotix_xs_msgs/msg/_joint_single_command_s.c
[0.682s] -- Installing: /home/wellyowo/locobot_sim/locobot_ws/src/install/interbotix_xs_msgs/local/lib/python3.10/dist-packages/interbotix_xs_msgs/msg/_locobot_joy_s.c
[0.682s] -- Installing: /home/wellyowo/locobot_sim/locobot_ws/src/install/interbotix_xs_msgs/local/lib/python3.10/dist-packages/interbotix_xs_msgs/_interbotix_xs_msgs_s.ep.rosidl_typesupport_fastrtps_c.c
[0.682s] -- Installing: /home/wellyowo/locobot_sim/locobot_ws/src/install/interbotix_xs_msgs/local/lib/python3.10/dist-packages/interbotix_xs_msgs/_interbotix_xs_msgs_s.ep.rosidl_typesupport_introspection_c.c
[0.682s] -- Installing: /home/wellyowo/locobot_sim/locobot_ws/src/install/interbotix_xs_msgs/local/lib/python3.10/dist-packages/interbotix_xs_msgs/interbotix_xs_msgs_s__rosidl_typesupport_introspection_c.cpython-310-x86_64-linux-gnu.so
[0.818s] Listing '/home/wellyowo/locobot_sim/locobot_ws/src/install/interbotix_xs_msgs/local/lib/python3.10/dist-packages/interbotix_xs_msgs'...
[0.818s] Compiling '/home/wellyowo/locobot_sim/locobot_ws/src/install/interbotix_xs_msgs/local/lib/python3.10/dist-packages/interbotix_xs_msgs/__init__.py'...
[0.818s] Listing '/home/wellyowo/locobot_sim/locobot_ws/src/install/interbotix_xs_msgs/local/lib/python3.10/dist-packages/interbotix_xs_msgs/msg'...
[0.818s] Compiling '/home/wellyowo/locobot_sim/locobot_ws/src/install/interbotix_xs_msgs/local/lib/python3.10/dist-packages/interbotix_xs_msgs/msg/__init__.py'...
[0.818s] Compiling '/home/wellyowo/locobot_sim/locobot_ws/src/install/interbotix_xs_msgs/local/lib/python3.10/dist-packages/interbotix_xs_msgs/msg/_arm_joy.py'...
[0.819s] Compiling '/home/wellyowo/locobot_sim/locobot_ws/src/install/interbotix_xs_msgs/local/lib/python3.10/dist-packages/interbotix_xs_msgs/msg/_hex_joy.py'...
[0.819s] Compiling '/home/wellyowo/locobot_sim/locobot_ws/src/install/interbotix_xs_msgs/local/lib/python3.10/dist-packages/interbotix_xs_msgs/msg/_joint_group_command.py'...
[0.819s] Compiling '/home/wellyowo/locobot_sim/locobot_ws/src/install/interbotix_xs_msgs/local/lib/python3.10/dist-packages/interbotix_xs_msgs/msg/_joint_single_command.py'...
[0.819s] Compiling '/home/wellyowo/locobot_sim/locobot_ws/src/install/interbotix_xs_msgs/local/lib/python3.10/dist-packages/interbotix_xs_msgs/msg/_joint_temps.py'...
[0.819s] Compiling '/home/wellyowo/locobot_sim/locobot_ws/src/install/interbotix_xs_msgs/local/lib/python3.10/dist-packages/interbotix_xs_msgs/msg/_joint_trajectory_command.py'...
[0.819s] Compiling '/home/wellyowo/locobot_sim/locobot_ws/src/install/interbotix_xs_msgs/local/lib/python3.10/dist-packages/interbotix_xs_msgs/msg/_locobot_joy.py'...
[0.819s] Compiling '/home/wellyowo/locobot_sim/locobot_ws/src/install/interbotix_xs_msgs/local/lib/python3.10/dist-packages/interbotix_xs_msgs/msg/_turret_joy.py'...
[0.819s] Listing '/home/wellyowo/locobot_sim/locobot_ws/src/install/interbotix_xs_msgs/local/lib/python3.10/dist-packages/interbotix_xs_msgs/srv'...
[0.819s] Compiling '/home/wellyowo/locobot_sim/locobot_ws/src/install/interbotix_xs_msgs/local/lib/python3.10/dist-packages/interbotix_xs_msgs/srv/__init__.py'...
[0.819s] Compiling '/home/wellyowo/locobot_sim/locobot_ws/src/install/interbotix_xs_msgs/local/lib/python3.10/dist-packages/interbotix_xs_msgs/srv/_motor_gains.py'...
[0.819s] Compiling '/home/wellyowo/locobot_sim/locobot_ws/src/install/interbotix_xs_msgs/local/lib/python3.10/dist-packages/interbotix_xs_msgs/srv/_operating_modes.py'...
[0.819s] Compiling '/home/wellyowo/locobot_sim/locobot_ws/src/install/interbotix_xs_msgs/local/lib/python3.10/dist-packages/interbotix_xs_msgs/srv/_reboot.py'...
[0.819s] Compiling '/home/wellyowo/locobot_sim/locobot_ws/src/install/interbotix_xs_msgs/local/lib/python3.10/dist-packages/interbotix_xs_msgs/srv/_register_values.py'...
[0.820s] Compiling '/home/wellyowo/locobot_sim/locobot_ws/src/install/interbotix_xs_msgs/local/lib/python3.10/dist-packages/interbotix_xs_msgs/srv/_robot_info.py'...
[0.820s] Compiling '/home/wellyowo/locobot_sim/locobot_ws/src/install/interbotix_xs_msgs/local/lib/python3.10/dist-packages/interbotix_xs_msgs/srv/_torque_enable.py'...
[0.837s] -- Installing: /home/wellyowo/locobot_sim/locobot_ws/src/install/interbotix_xs_msgs/local/lib/python3.10/dist-packages/interbotix_xs_msgs/interbotix_xs_msgs_s__rosidl_typesupport_fastrtps_c.cpython-310-x86_64-linux-gnu.so
[0.838s] -- Set runtime path of "/home/wellyowo/locobot_sim/locobot_ws/src/install/interbotix_xs_msgs/local/lib/python3.10/dist-packages/interbotix_xs_msgs/interbotix_xs_msgs_s__rosidl_typesupport_fastrtps_c.cpython-310-x86_64-linux-gnu.so" to ""
[0.838s] -- Installing: /home/wellyowo/locobot_sim/locobot_ws/src/install/interbotix_xs_msgs/local/lib/python3.10/dist-packages/interbotix_xs_msgs/interbotix_xs_msgs_s__rosidl_typesupport_introspection_c.cpython-310-x86_64-linux-gnu.so
[0.838s] -- Set runtime path of "/home/wellyowo/locobot_sim/locobot_ws/src/install/interbotix_xs_msgs/local/lib/python3.10/dist-packages/interbotix_xs_msgs/interbotix_xs_msgs_s__rosidl_typesupport_introspection_c.cpython-310-x86_64-linux-gnu.so" to ""
[0.838s] -- Installing: /home/wellyowo/locobot_sim/locobot_ws/src/install/interbotix_xs_msgs/local/lib/python3.10/dist-packages/interbotix_xs_msgs/interbotix_xs_msgs_s__rosidl_typesupport_c.cpython-310-x86_64-linux-gnu.so
[0.838s] -- Set runtime path of "/home/wellyowo/locobot_sim/locobot_ws/src/install/interbotix_xs_msgs/local/lib/python3.10/dist-packages/interbotix_xs_msgs/interbotix_xs_msgs_s__rosidl_typesupport_c.cpython-310-x86_64-linux-gnu.so" to ""
[0.838s] -- Installing: /home/wellyowo/locobot_sim/locobot_ws/src/install/interbotix_xs_msgs/lib/libinterbotix_xs_msgs__rosidl_generator_py.so
[0.838s] -- Set runtime path of "/home/wellyowo/locobot_sim/locobot_ws/src/install/interbotix_xs_msgs/lib/libinterbotix_xs_msgs__rosidl_generator_py.so" to ""
[0.839s] -- Installing: /home/wellyowo/locobot_sim/locobot_ws/src/install/interbotix_xs_msgs/share/interbotix_xs_msgs/msg/ArmJoy.idl
[0.839s] -- Installing: /home/wellyowo/locobot_sim/locobot_ws/src/install/interbotix_xs_msgs/share/interbotix_xs_msgs/msg/HexJoy.idl
[0.839s] -- Installing: /home/wellyowo/locobot_sim/locobot_ws/src/install/interbotix_xs_msgs/share/interbotix_xs_msgs/msg/JointGroupCommand.idl
[0.839s] -- Installing: /home/wellyowo/locobot_sim/locobot_ws/src/install/interbotix_xs_msgs/share/interbotix_xs_msgs/msg/JointSingleCommand.idl
[0.839s] -- Installing: /home/wellyowo/locobot_sim/locobot_ws/src/install/interbotix_xs_msgs/share/interbotix_xs_msgs/msg/JointTemps.idl
[0.839s] -- Installing: /home/wellyowo/locobot_sim/locobot_ws/src/install/interbotix_xs_msgs/share/interbotix_xs_msgs/msg/JointTrajectoryCommand.idl
[0.839s] -- Installing: /home/wellyowo/locobot_sim/locobot_ws/src/install/interbotix_xs_msgs/share/interbotix_xs_msgs/msg/LocobotJoy.idl
[0.839s] -- Installing: /home/wellyowo/locobot_sim/locobot_ws/src/install/interbotix_xs_msgs/share/interbotix_xs_msgs/msg/TurretJoy.idl
[0.839s] -- Installing: /home/wellyowo/locobot_sim/locobot_ws/src/install/interbotix_xs_msgs/share/interbotix_xs_msgs/srv/MotorGains.idl
[0.839s] -- Installing: /home/wellyowo/locobot_sim/locobot_ws/src/install/interbotix_xs_msgs/share/interbotix_xs_msgs/srv/OperatingModes.idl
[0.839s] -- Installing: /home/wellyowo/locobot_sim/locobot_ws/src/install/interbotix_xs_msgs/share/interbotix_xs_msgs/srv/Reboot.idl
[0.839s] -- Installing: /home/wellyowo/locobot_sim/locobot_ws/src/install/interbotix_xs_msgs/share/interbotix_xs_msgs/srv/RegisterValues.idl
[0.839s] -- Installing: /home/wellyowo/locobot_sim/locobot_ws/src/install/interbotix_xs_msgs/share/interbotix_xs_msgs/srv/RobotInfo.idl
[0.839s] -- Installing: /home/wellyowo/locobot_sim/locobot_ws/src/install/interbotix_xs_msgs/share/interbotix_xs_msgs/srv/TorqueEnable.idl
[0.839s] -- Installing: /home/wellyowo/locobot_sim/locobot_ws/src/install/interbotix_xs_msgs/share/interbotix_xs_msgs/msg/ArmJoy.msg
[0.840s] -- Installing: /home/wellyowo/locobot_sim/locobot_ws/src/install/interbotix_xs_msgs/share/interbotix_xs_msgs/msg/HexJoy.msg
[0.840s] -- Installing: /home/wellyowo/locobot_sim/locobot_ws/src/install/interbotix_xs_msgs/share/interbotix_xs_msgs/msg/JointGroupCommand.msg
[0.840s] -- Installing: /home/wellyowo/locobot_sim/locobot_ws/src/install/interbotix_xs_msgs/share/interbotix_xs_msgs/msg/JointSingleCommand.msg
[0.841s] -- Installing: /home/wellyowo/locobot_sim/locobot_ws/src/install/interbotix_xs_msgs/share/interbotix_xs_msgs/msg/JointTemps.msg
[0.844s] -- Installing: /home/wellyowo/locobot_sim/locobot_ws/src/install/interbotix_xs_msgs/share/interbotix_xs_msgs/msg/JointTrajectoryCommand.msg
[0.851s] -- Installing: /home/wellyowo/locobot_sim/locobot_ws/src/install/interbotix_xs_msgs/share/interbotix_xs_msgs/msg/LocobotJoy.msg
[0.851s] -- Installing: /home/wellyowo/locobot_sim/locobot_ws/src/install/interbotix_xs_msgs/share/interbotix_xs_msgs/msg/TurretJoy.msg
[0.851s] -- Installing: /home/wellyowo/locobot_sim/locobot_ws/src/install/interbotix_xs_msgs/share/interbotix_xs_msgs/srv/MotorGains.srv
[0.852s] -- Installing: /home/wellyowo/locobot_sim/locobot_ws/src/install/interbotix_xs_msgs/share/interbotix_xs_msgs/srv/MotorGains_Request.msg
[0.852s] -- Installing: /home/wellyowo/locobot_sim/locobot_ws/src/install/interbotix_xs_msgs/share/interbotix_xs_msgs/srv/MotorGains_Response.msg
[0.852s] -- Installing: /home/wellyowo/locobot_sim/locobot_ws/src/install/interbotix_xs_msgs/share/interbotix_xs_msgs/srv/OperatingModes.srv
[0.852s] -- Installing: /home/wellyowo/locobot_sim/locobot_ws/src/install/interbotix_xs_msgs/share/interbotix_xs_msgs/srv/OperatingModes_Request.msg
[0.852s] -- Installing: /home/wellyowo/locobot_sim/locobot_ws/src/install/interbotix_xs_msgs/share/interbotix_xs_msgs/srv/OperatingModes_Response.msg
[0.852s] -- Installing: /home/wellyowo/locobot_sim/locobot_ws/src/install/interbotix_xs_msgs/share/interbotix_xs_msgs/srv/Reboot.srv
[0.853s] -- Installing: /home/wellyowo/locobot_sim/locobot_ws/src/install/interbotix_xs_msgs/share/interbotix_xs_msgs/srv/Reboot_Request.msg
[0.853s] -- Installing: /home/wellyowo/locobot_sim/locobot_ws/src/install/interbotix_xs_msgs/share/interbotix_xs_msgs/srv/Reboot_Response.msg
[0.853s] -- Installing: /home/wellyowo/locobot_sim/locobot_ws/src/install/interbotix_xs_msgs/share/interbotix_xs_msgs/srv/RegisterValues.srv
[0.853s] -- Installing: /home/wellyowo/locobot_sim/locobot_ws/src/install/interbotix_xs_msgs/share/interbotix_xs_msgs/srv/RegisterValues_Request.msg
[0.853s] -- Installing: /home/wellyowo/locobot_sim/locobot_ws/src/install/interbotix_xs_msgs/share/interbotix_xs_msgs/srv/RegisterValues_Response.msg
[0.853s] -- Installing: /home/wellyowo/locobot_sim/locobot_ws/src/install/interbotix_xs_msgs/share/interbotix_xs_msgs/srv/RobotInfo.srv
[0.853s] -- Installing: /home/wellyowo/locobot_sim/locobot_ws/src/install/interbotix_xs_msgs/share/interbotix_xs_msgs/srv/RobotInfo_Request.msg
[0.854s] -- Installing: /home/wellyowo/locobot_sim/locobot_ws/src/install/interbotix_xs_msgs/share/interbotix_xs_msgs/srv/RobotInfo_Response.msg
[0.854s] -- Installing: /home/wellyowo/locobot_sim/locobot_ws/src/install/interbotix_xs_msgs/share/interbotix_xs_msgs/srv/TorqueEnable.srv
[0.854s] -- Installing: /home/wellyowo/locobot_sim/locobot_ws/src/install/interbotix_xs_msgs/share/interbotix_xs_msgs/srv/TorqueEnable_Request.msg
[0.854s] -- Installing: /home/wellyowo/locobot_sim/locobot_ws/src/install/interbotix_xs_msgs/share/interbotix_xs_msgs/srv/TorqueEnable_Response.msg
[0.854s] -- Installing: /home/wellyowo/locobot_sim/locobot_ws/src/install/interbotix_xs_msgs/share/ament_index/resource_index/package_run_dependencies/interbotix_xs_msgs
[0.854s] -- Installing: /home/wellyowo/locobot_sim/locobot_ws/src/install/interbotix_xs_msgs/share/ament_index/resource_index/parent_prefix_path/interbotix_xs_msgs
[0.854s] -- Installing: /home/wellyowo/locobot_sim/locobot_ws/src/install/interbotix_xs_msgs/share/interbotix_xs_msgs/environment/ament_prefix_path.sh
[0.854s] -- Installing: /home/wellyowo/locobot_sim/locobot_ws/src/install/interbotix_xs_msgs/share/interbotix_xs_msgs/environment/ament_prefix_path.dsv
[0.854s] -- Installing: /home/wellyowo/locobot_sim/locobot_ws/src/install/interbotix_xs_msgs/share/interbotix_xs_msgs/environment/path.sh
[0.854s] -- Installing: /home/wellyowo/locobot_sim/locobot_ws/src/install/interbotix_xs_msgs/share/interbotix_xs_msgs/environment/path.dsv
[0.854s] -- Installing: /home/wellyowo/locobot_sim/locobot_ws/src/install/interbotix_xs_msgs/share/interbotix_xs_msgs/local_setup.bash
[0.854s] -- Installing: /home/wellyowo/locobot_sim/locobot_ws/src/install/interbotix_xs_msgs/share/interbotix_xs_msgs/local_setup.sh
[0.854s] -- Installing: /home/wellyowo/locobot_sim/locobot_ws/src/install/interbotix_xs_msgs/share/interbotix_xs_msgs/local_setup.zsh
[0.854s] -- Installing: /home/wellyowo/locobot_sim/locobot_ws/src/install/interbotix_xs_msgs/share/interbotix_xs_msgs/local_setup.dsv
[0.854s] -- Installing: /home/wellyowo/locobot_sim/locobot_ws/src/install/interbotix_xs_msgs/share/interbotix_xs_msgs/package.dsv
[0.855s] -- Installing: /home/wellyowo/locobot_sim/locobot_ws/src/install/interbotix_xs_msgs/share/ament_index/resource_index/packages/interbotix_xs_msgs
[0.855s] -- Installing: /home/wellyowo/locobot_sim/locobot_ws/src/install/interbotix_xs_msgs/share/interbotix_xs_msgs/cmake/export_interbotix_xs_msgs__rosidl_generator_cExport.cmake
[0.855s] -- Installing: /home/wellyowo/locobot_sim/locobot_ws/src/install/interbotix_xs_msgs/share/interbotix_xs_msgs/cmake/export_interbotix_xs_msgs__rosidl_generator_cExport-noconfig.cmake
[0.855s] -- Installing: /home/wellyowo/locobot_sim/locobot_ws/src/install/interbotix_xs_msgs/share/interbotix_xs_msgs/cmake/export_interbotix_xs_msgs__rosidl_typesupport_fastrtps_cExport.cmake
[0.855s] -- Installing: /home/wellyowo/locobot_sim/locobot_ws/src/install/interbotix_xs_msgs/share/interbotix_xs_msgs/cmake/export_interbotix_xs_msgs__rosidl_typesupport_fastrtps_cExport-noconfig.cmake
[0.855s] -- Installing: /home/wellyowo/locobot_sim/locobot_ws/src/install/interbotix_xs_msgs/share/interbotix_xs_msgs/cmake/interbotix_xs_msgs__rosidl_typesupport_introspection_cExport.cmake
[0.855s] -- Installing: /home/wellyowo/locobot_sim/locobot_ws/src/install/interbotix_xs_msgs/share/interbotix_xs_msgs/cmake/interbotix_xs_msgs__rosidl_typesupport_introspection_cExport-noconfig.cmake
[0.855s] -- Installing: /home/wellyowo/locobot_sim/locobot_ws/src/install/interbotix_xs_msgs/share/interbotix_xs_msgs/cmake/interbotix_xs_msgs__rosidl_typesupport_cExport.cmake
[0.855s] -- Installing: /home/wellyowo/locobot_sim/locobot_ws/src/install/interbotix_xs_msgs/share/interbotix_xs_msgs/cmake/interbotix_xs_msgs__rosidl_typesupport_cExport-noconfig.cmake
[0.855s] -- Installing: /home/wellyowo/locobot_sim/locobot_ws/src/install/interbotix_xs_msgs/share/interbotix_xs_msgs/cmake/export_interbotix_xs_msgs__rosidl_generator_cppExport.cmake
[0.855s] -- Installing: /home/wellyowo/locobot_sim/locobot_ws/src/install/interbotix_xs_msgs/share/interbotix_xs_msgs/cmake/export_interbotix_xs_msgs__rosidl_typesupport_fastrtps_cppExport.cmake
[0.855s] -- Installing: /home/wellyowo/locobot_sim/locobot_ws/src/install/interbotix_xs_msgs/share/interbotix_xs_msgs/cmake/export_interbotix_xs_msgs__rosidl_typesupport_fastrtps_cppExport-noconfig.cmake
[0.856s] -- Installing: /home/wellyowo/locobot_sim/locobot_ws/src/install/interbotix_xs_msgs/share/interbotix_xs_msgs/cmake/interbotix_xs_msgs__rosidl_typesupport_introspection_cppExport.cmake
[0.856s] -- Installing: /home/wellyowo/locobot_sim/locobot_ws/src/install/interbotix_xs_msgs/share/interbotix_xs_msgs/cmake/interbotix_xs_msgs__rosidl_typesupport_introspection_cppExport-noconfig.cmake
[0.856s] -- Installing: /home/wellyowo/locobot_sim/locobot_ws/src/install/interbotix_xs_msgs/share/interbotix_xs_msgs/cmake/interbotix_xs_msgs__rosidl_typesupport_cppExport.cmake
[0.856s] -- Installing: /home/wellyowo/locobot_sim/locobot_ws/src/install/interbotix_xs_msgs/share/interbotix_xs_msgs/cmake/interbotix_xs_msgs__rosidl_typesupport_cppExport-noconfig.cmake
[0.856s] -- Installing: /home/wellyowo/locobot_sim/locobot_ws/src/install/interbotix_xs_msgs/share/interbotix_xs_msgs/cmake/export_interbotix_xs_msgs__rosidl_generator_pyExport.cmake
[0.856s] -- Installing: /home/wellyowo/locobot_sim/locobot_ws/src/install/interbotix_xs_msgs/share/interbotix_xs_msgs/cmake/export_interbotix_xs_msgs__rosidl_generator_pyExport-noconfig.cmake
[0.856s] -- Installing: /home/wellyowo/locobot_sim/locobot_ws/src/install/interbotix_xs_msgs/share/interbotix_xs_msgs/cmake/rosidl_cmake-extras.cmake
[0.856s] -- Installing: /home/wellyowo/locobot_sim/locobot_ws/src/install/interbotix_xs_msgs/share/interbotix_xs_msgs/cmake/ament_cmake_export_dependencies-extras.cmake
[0.856s] -- Installing: /home/wellyowo/locobot_sim/locobot_ws/src/install/interbotix_xs_msgs/share/interbotix_xs_msgs/cmake/ament_cmake_export_include_directories-extras.cmake
[0.856s] -- Installing: /home/wellyowo/locobot_sim/locobot_ws/src/install/interbotix_xs_msgs/share/interbotix_xs_msgs/cmake/ament_cmake_export_libraries-extras.cmake
[0.856s] -- Installing: /home/wellyowo/locobot_sim/locobot_ws/src/install/interbotix_xs_msgs/share/interbotix_xs_msgs/cmake/ament_cmake_export_targets-extras.cmake
[0.856s] -- Installing: /home/wellyowo/locobot_sim/locobot_ws/src/install/interbotix_xs_msgs/share/interbotix_xs_msgs/cmake/rosidl_cmake_export_typesupport_targets-extras.cmake
[0.856s] -- Installing: /home/wellyowo/locobot_sim/locobot_ws/src/install/interbotix_xs_msgs/share/interbotix_xs_msgs/cmake/rosidl_cmake_export_typesupport_libraries-extras.cmake
[0.857s] -- Installing: /home/wellyowo/locobot_sim/locobot_ws/src/install/interbotix_xs_msgs/share/interbotix_xs_msgs/cmake/interbotix_xs_msgsConfig.cmake
[0.857s] -- Installing: /home/wellyowo/locobot_sim/locobot_ws/src/install/interbotix_xs_msgs/share/interbotix_xs_msgs/cmake/interbotix_xs_msgsConfig-version.cmake
[0.861s] -- Installing: /home/wellyowo/locobot_sim/locobot_ws/src/install/interbotix_xs_msgs/share/interbotix_xs_msgs/package.xml
[1.036s] Invoked command in '/home/wellyowo/locobot_sim/locobot_ws/src/build/interbotix_xs_msgs' returned '0': CMAKE_PREFIX_PATH=/opt/ros/humble /usr/bin/cmake --install /home/wellyowo/locobot_sim/locobot_ws/src/build/interbotix_xs_msgs
