[0.166s] Invoking command in '/home/wellyowo/locobot_sim/locobot_ws/build/ecl_eigen': CMAKE_PREFIX_PATH=/opt/ros/humble /usr/bin/cmake /home/wellyowo/locobot_sim/locobot_ws/src/ThirdParty/ecl/ecl_core/ecl_eigen -DBUILD_TESTING=OFF -DCMAKE_PREFIX_PATH= -DAMENT_CMAKE_SYMLINK_INSTALL=1 -DCMAKE_INSTALL_PREFIX=/home/wellyowo/locobot_sim/locobot_ws/install/ecl_eigen
[0.234s] -- The C compiler identification is GNU 11.4.0
[0.317s] -- The CXX compiler identification is GNU 11.4.0
[0.331s] -- Detecting C compiler ABI info
[0.451s] -- Detecting C compiler ABI info - done
[0.460s] -- Check for working C compiler: /usr/bin/cc - skipped
[0.462s] -- Detecting C compile features
[0.462s] -- Detecting C compile features - done
[0.464s] -- Detecting CXX compiler ABI info
[0.594s] -- Detecting CXX compiler ABI info - done
[0.606s] -- Check for working CXX compiler: /usr/bin/c++ - skipped
[0.606s] -- Detecting CXX compile features
[0.607s] -- Detecting CXX compile features - done
[0.611s] -- Found ament_cmake_ros: 0.10.0 (/opt/ros/humble/share/ament_cmake_ros/cmake)
[0.900s] -- Found Python3: /usr/bin/python3 (found version "3.10.12") found components: Interpreter 
[1.204s] -- Override CMake install command with custom implementation using symlinks instead of copying resources
[1.705s] -- Configuring done
[1.720s] -- Generating done
[1.728s] -- Build files have been written to: /home/wellyowo/locobot_sim/locobot_ws/build/ecl_eigen
[1.813s] Invoked command in '/home/wellyowo/locobot_sim/locobot_ws/build/ecl_eigen' returned '0': CMAKE_PREFIX_PATH=/opt/ros/humble /usr/bin/cmake /home/wellyowo/locobot_sim/locobot_ws/src/ThirdParty/ecl/ecl_core/ecl_eigen -DBUILD_TESTING=OFF -DCMAKE_PREFIX_PATH= -DAMENT_CMAKE_SYMLINK_INSTALL=1 -DCMAKE_INSTALL_PREFIX=/home/wellyowo/locobot_sim/locobot_ws/install/ecl_eigen
[1.826s] Invoking command in '/home/wellyowo/locobot_sim/locobot_ws/build/ecl_eigen': CMAKE_PREFIX_PATH=/opt/ros/humble /usr/bin/cmake --build /home/wellyowo/locobot_sim/locobot_ws/build/ecl_eigen -- -j16 -l16
[3.557s] Invoked command in '/home/wellyowo/locobot_sim/locobot_ws/build/ecl_eigen' returned '0': CMAKE_PREFIX_PATH=/opt/ros/humble /usr/bin/cmake --build /home/wellyowo/locobot_sim/locobot_ws/build/ecl_eigen -- -j16 -l16
[3.558s] Invoking command in '/home/wellyowo/locobot_sim/locobot_ws/build/ecl_eigen': CMAKE_PREFIX_PATH=/opt/ros/humble /usr/bin/cmake --install /home/wellyowo/locobot_sim/locobot_ws/build/ecl_eigen
[4.499s] -- Install configuration: ""
[4.500s] -- Execute custom install script
[4.503s] -- Symlinking: /home/wellyowo/locobot_sim/locobot_ws/install/ecl_eigen/include/ecl/eigen.hpp
[4.503s] -- Symlinking: /home/wellyowo/locobot_sim/locobot_ws/install/ecl_eigen/share/licenses/eigen/COPYING.LESSER
[4.504s] -- Symlinking: /home/wellyowo/locobot_sim/locobot_ws/install/ecl_eigen/share/ament_index/resource_index/package_run_dependencies/ecl_eigen
[4.504s] -- Symlinking: /home/wellyowo/locobot_sim/locobot_ws/install/ecl_eigen/share/ament_index/resource_index/parent_prefix_path/ecl_eigen
[4.504s] -- Symlinking: /home/wellyowo/locobot_sim/locobot_ws/install/ecl_eigen/share/ecl_eigen/environment/ament_prefix_path.sh
[4.504s] -- Symlinking: /home/wellyowo/locobot_sim/locobot_ws/install/ecl_eigen/share/ecl_eigen/environment/ament_prefix_path.dsv
[4.521s] -- Symlinking: /home/wellyowo/locobot_sim/locobot_ws/install/ecl_eigen/share/ecl_eigen/environment/path.sh
[4.521s] -- Symlinking: /home/wellyowo/locobot_sim/locobot_ws/install/ecl_eigen/share/ecl_eigen/environment/path.dsv
[4.522s] -- Symlinking: /home/wellyowo/locobot_sim/locobot_ws/install/ecl_eigen/share/ecl_eigen/local_setup.bash
[4.522s] -- Symlinking: /home/wellyowo/locobot_sim/locobot_ws/install/ecl_eigen/share/ecl_eigen/local_setup.sh
[4.522s] -- Symlinking: /home/wellyowo/locobot_sim/locobot_ws/install/ecl_eigen/share/ecl_eigen/local_setup.zsh
[4.522s] -- Symlinking: /home/wellyowo/locobot_sim/locobot_ws/install/ecl_eigen/share/ecl_eigen/local_setup.dsv
[4.522s] -- Symlinking: /home/wellyowo/locobot_sim/locobot_ws/install/ecl_eigen/share/ecl_eigen/package.dsv
[4.523s] -- Symlinking: /home/wellyowo/locobot_sim/locobot_ws/install/ecl_eigen/share/ament_index/resource_index/packages/ecl_eigen
[4.523s] -- Symlinking: /home/wellyowo/locobot_sim/locobot_ws/install/ecl_eigen/share/ecl_eigen/cmake/ament_cmake_export_targets-extras.cmake
[4.523s] -- Symlinking: /home/wellyowo/locobot_sim/locobot_ws/install/ecl_eigen/share/ecl_eigen/cmake/ament_cmake_export_include_directories-extras.cmake
[4.523s] -- Symlinking: /home/wellyowo/locobot_sim/locobot_ws/install/ecl_eigen/share/ecl_eigen/cmake/ament_cmake_export_dependencies-extras.cmake
[4.523s] -- Symlinking: /home/wellyowo/locobot_sim/locobot_ws/install/ecl_eigen/share/ecl_eigen/cmake/ecl_eigenConfig.cmake
[4.523s] -- Symlinking: /home/wellyowo/locobot_sim/locobot_ws/install/ecl_eigen/share/ecl_eigen/cmake/ecl_eigenConfig-version.cmake
[4.524s] -- Symlinking: /home/wellyowo/locobot_sim/locobot_ws/install/ecl_eigen/share/ecl_eigen/package.xml
[4.524s] -- Installing: /home/wellyowo/locobot_sim/locobot_ws/install/ecl_eigen/share/ecl_eigen/cmake/ecl_eigenExport.cmake
[4.556s] Invoked command in '/home/wellyowo/locobot_sim/locobot_ws/build/ecl_eigen' returned '0': CMAKE_PREFIX_PATH=/opt/ros/humble /usr/bin/cmake --install /home/wellyowo/locobot_sim/locobot_ws/build/ecl_eigen
