-- The C compiler identification is GNU 11.4.0
-- The CXX compiler identification is GNU 11.4.0
-- Detecting C compiler ABI info
-- Detecting C compiler ABI info - done
-- Check for working C compiler: /usr/bin/cc - skipped
-- Detecting C compile features
-- Detecting C compile features - done
-- Detecting CXX compiler ABI info
-- Detecting CXX compiler ABI info - done
-- Check for working CXX compiler: /usr/bin/c++ - skipped
-- Detecting CXX compile features
-- Detecting CXX compile features - done
-- Found ament_cmake: 1.3.11 (/opt/ros/humble/share/ament_cmake/cmake)
-- Found Python3: /usr/bin/python3 (found version "3.10.12") found components: Interpreter 
-- Override CMake install command with custom implementation using symlinks instead of copying resources
-- Configuring done
-- Generating done
-- Build files have been written to: /home/wellyowo/locobot_sim/locobot_ws/build/interbotix_xs_toolbox
-- Install configuration: ""
-- Execute custom install script
-- Symlinking: /home/wellyowo/locobot_sim/locobot_ws/install/interbotix_xs_toolbox/share/ament_index/resource_index/package_run_dependencies/interbotix_xs_toolbox
-- Symlinking: /home/wellyowo/locobot_sim/locobot_ws/install/interbotix_xs_toolbox/share/ament_index/resource_index/parent_prefix_path/interbotix_xs_toolbox
-- Symlinking: /home/wellyowo/locobot_sim/locobot_ws/install/interbotix_xs_toolbox/share/interbotix_xs_toolbox/environment/ament_prefix_path.sh
-- Symlinking: /home/wellyowo/locobot_sim/locobot_ws/install/interbotix_xs_toolbox/share/interbotix_xs_toolbox/environment/ament_prefix_path.dsv
-- Symlinking: /home/wellyowo/locobot_sim/locobot_ws/install/interbotix_xs_toolbox/share/interbotix_xs_toolbox/environment/path.sh
-- Symlinking: /home/wellyowo/locobot_sim/locobot_ws/install/interbotix_xs_toolbox/share/interbotix_xs_toolbox/environment/path.dsv
-- Symlinking: /home/wellyowo/locobot_sim/locobot_ws/install/interbotix_xs_toolbox/share/interbotix_xs_toolbox/local_setup.bash
-- Symlinking: /home/wellyowo/locobot_sim/locobot_ws/install/interbotix_xs_toolbox/share/interbotix_xs_toolbox/local_setup.sh
-- Symlinking: /home/wellyowo/locobot_sim/locobot_ws/install/interbotix_xs_toolbox/share/interbotix_xs_toolbox/local_setup.zsh
-- Symlinking: /home/wellyowo/locobot_sim/locobot_ws/install/interbotix_xs_toolbox/share/interbotix_xs_toolbox/local_setup.dsv
-- Symlinking: /home/wellyowo/locobot_sim/locobot_ws/install/interbotix_xs_toolbox/share/interbotix_xs_toolbox/package.dsv
-- Symlinking: /home/wellyowo/locobot_sim/locobot_ws/install/interbotix_xs_toolbox/share/ament_index/resource_index/packages/interbotix_xs_toolbox
-- Symlinking: /home/wellyowo/locobot_sim/locobot_ws/install/interbotix_xs_toolbox/share/interbotix_xs_toolbox/cmake/interbotix_xs_toolboxConfig.cmake
-- Symlinking: /home/wellyowo/locobot_sim/locobot_ws/install/interbotix_xs_toolbox/share/interbotix_xs_toolbox/cmake/interbotix_xs_toolboxConfig-version.cmake
-- Symlinking: /home/wellyowo/locobot_sim/locobot_ws/install/interbotix_xs_toolbox/share/interbotix_xs_toolbox/package.xml
