[0.078s] Invoking command in '/home/wellyowo/locobot_sim/locobot_ws/build/ecl_math': AMENT_PREFIX_PATH=/home/wellyowo/locobot_sim/locobot_ws/install/ecl_type_traits:/home/wellyowo/locobot_sim/locobot_ws/install/ecl_mpl:/home/wellyowo/locobot_sim/locobot_ws/install/ecl_config:${AMENT_PREFIX_PATH} CMAKE_PREFIX_PATH=/home/wellyowo/locobot_sim/locobot_ws/install/ecl_type_traits:/home/wellyowo/locobot_sim/locobot_ws/install/ecl_mpl:/home/wellyowo/locobot_sim/locobot_ws/install/ecl_config:/opt/ros/humble LD_LIBRARY_PATH=/home/wellyowo/locobot_sim/locobot_ws/install/ecl_type_traits/lib:/opt/ros/humble/opt/rviz_ogre_vendor/lib:/opt/ros/humble/lib/x86_64-linux-gnu:/opt/ros/humble/lib:/usr/local/nvidia/lib:/usr/local/nvidia/lib64:/usr/lib/x86_64-linux-gnu/gazebo-11/plugins PATH=/home/wellyowo/locobot_sim/locobot_ws/install/ecl_type_traits/bin:/home/wellyowo/locobot_sim/locobot_ws/install/ecl_config/bin:${PATH} /usr/bin/cmake /home/wellyowo/locobot_sim/locobot_ws/src/ThirdParty/ecl/ecl_core/ecl_math -DBUILD_TESTING=OFF -DCMAKE_PREFIX_PATH= -DAMENT_CMAKE_SYMLINK_INSTALL=1 -DCMAKE_INSTALL_PREFIX=/home/wellyowo/locobot_sim/locobot_ws/install/ecl_math
[7.375s] -- The C compiler identification is GNU 11.4.0
[7.376s] -- The CXX compiler identification is GNU 11.4.0
[7.376s] -- Detecting C compiler ABI info
[7.376s] -- Detecting C compiler ABI info - done
[7.376s] -- Check for working C compiler: /usr/bin/cc - skipped
[7.376s] -- Detecting C compile features
[7.378s] -- Detecting C compile features - done
[7.382s] -- Detecting CXX compiler ABI info
[7.382s] -- Detecting CXX compiler ABI info - done
[7.382s] -- Check for working CXX compiler: /usr/bin/c++ - skipped
[7.382s] -- Detecting CXX compile features
[7.382s] -- Detecting CXX compile features - done
[7.382s] -- Found ament_cmake_ros: 0.10.0 (/opt/ros/humble/share/ament_cmake_ros/cmake)
[7.382s] -- Found Python3: /usr/bin/python3 (found version "3.10.12") found components: Interpreter 
[7.383s] -- Override CMake install command with custom implementation using symlinks instead of copying resources
[7.383s] -- Found ecl_build: 1.0.3 (/opt/ros/humble/share/ecl_build/cmake)
[7.393s] -- Found ecl_type_traits: 1.2.1 (/home/wellyowo/locobot_sim/locobot_ws/install/ecl_type_traits/share/ecl_type_traits/cmake)
[7.402s] -- Configuring done
[7.402s] -- Generating done
[7.402s] -- Build files have been written to: /home/wellyowo/locobot_sim/locobot_ws/build/ecl_math
[7.410s] Invoked command in '/home/wellyowo/locobot_sim/locobot_ws/build/ecl_math' returned '0': AMENT_PREFIX_PATH=/home/wellyowo/locobot_sim/locobot_ws/install/ecl_type_traits:/home/wellyowo/locobot_sim/locobot_ws/install/ecl_mpl:/home/wellyowo/locobot_sim/locobot_ws/install/ecl_config:${AMENT_PREFIX_PATH} CMAKE_PREFIX_PATH=/home/wellyowo/locobot_sim/locobot_ws/install/ecl_type_traits:/home/wellyowo/locobot_sim/locobot_ws/install/ecl_mpl:/home/wellyowo/locobot_sim/locobot_ws/install/ecl_config:/opt/ros/humble LD_LIBRARY_PATH=/home/wellyowo/locobot_sim/locobot_ws/install/ecl_type_traits/lib:/opt/ros/humble/opt/rviz_ogre_vendor/lib:/opt/ros/humble/lib/x86_64-linux-gnu:/opt/ros/humble/lib:/usr/local/nvidia/lib:/usr/local/nvidia/lib64:/usr/lib/x86_64-linux-gnu/gazebo-11/plugins PATH=/home/wellyowo/locobot_sim/locobot_ws/install/ecl_type_traits/bin:/home/wellyowo/locobot_sim/locobot_ws/install/ecl_config/bin:${PATH} /usr/bin/cmake /home/wellyowo/locobot_sim/locobot_ws/src/ThirdParty/ecl/ecl_core/ecl_math -DBUILD_TESTING=OFF -DCMAKE_PREFIX_PATH= -DAMENT_CMAKE_SYMLINK_INSTALL=1 -DCMAKE_INSTALL_PREFIX=/home/wellyowo/locobot_sim/locobot_ws/install/ecl_math
[7.424s] Invoking command in '/home/wellyowo/locobot_sim/locobot_ws/build/ecl_math': AMENT_PREFIX_PATH=/home/wellyowo/locobot_sim/locobot_ws/install/ecl_type_traits:/home/wellyowo/locobot_sim/locobot_ws/install/ecl_mpl:/home/wellyowo/locobot_sim/locobot_ws/install/ecl_config:${AMENT_PREFIX_PATH} CMAKE_PREFIX_PATH=/home/wellyowo/locobot_sim/locobot_ws/install/ecl_type_traits:/home/wellyowo/locobot_sim/locobot_ws/install/ecl_mpl:/home/wellyowo/locobot_sim/locobot_ws/install/ecl_config:/opt/ros/humble LD_LIBRARY_PATH=/home/wellyowo/locobot_sim/locobot_ws/install/ecl_type_traits/lib:/opt/ros/humble/opt/rviz_ogre_vendor/lib:/opt/ros/humble/lib/x86_64-linux-gnu:/opt/ros/humble/lib:/usr/local/nvidia/lib:/usr/local/nvidia/lib64:/usr/lib/x86_64-linux-gnu/gazebo-11/plugins PATH=/home/wellyowo/locobot_sim/locobot_ws/install/ecl_type_traits/bin:/home/wellyowo/locobot_sim/locobot_ws/install/ecl_config/bin:${PATH} /usr/bin/cmake --build /home/wellyowo/locobot_sim/locobot_ws/build/ecl_math -- -j16 -l16
[7.838s] Invoked command in '/home/wellyowo/locobot_sim/locobot_ws/build/ecl_math' returned '0': AMENT_PREFIX_PATH=/home/wellyowo/locobot_sim/locobot_ws/install/ecl_type_traits:/home/wellyowo/locobot_sim/locobot_ws/install/ecl_mpl:/home/wellyowo/locobot_sim/locobot_ws/install/ecl_config:${AMENT_PREFIX_PATH} CMAKE_PREFIX_PATH=/home/wellyowo/locobot_sim/locobot_ws/install/ecl_type_traits:/home/wellyowo/locobot_sim/locobot_ws/install/ecl_mpl:/home/wellyowo/locobot_sim/locobot_ws/install/ecl_config:/opt/ros/humble LD_LIBRARY_PATH=/home/wellyowo/locobot_sim/locobot_ws/install/ecl_type_traits/lib:/opt/ros/humble/opt/rviz_ogre_vendor/lib:/opt/ros/humble/lib/x86_64-linux-gnu:/opt/ros/humble/lib:/usr/local/nvidia/lib:/usr/local/nvidia/lib64:/usr/lib/x86_64-linux-gnu/gazebo-11/plugins PATH=/home/wellyowo/locobot_sim/locobot_ws/install/ecl_type_traits/bin:/home/wellyowo/locobot_sim/locobot_ws/install/ecl_config/bin:${PATH} /usr/bin/cmake --build /home/wellyowo/locobot_sim/locobot_ws/build/ecl_math -- -j16 -l16
[7.853s] Invoking command in '/home/wellyowo/locobot_sim/locobot_ws/build/ecl_math': AMENT_PREFIX_PATH=/home/wellyowo/locobot_sim/locobot_ws/install/ecl_type_traits:/home/wellyowo/locobot_sim/locobot_ws/install/ecl_mpl:/home/wellyowo/locobot_sim/locobot_ws/install/ecl_config:${AMENT_PREFIX_PATH} CMAKE_PREFIX_PATH=/home/wellyowo/locobot_sim/locobot_ws/install/ecl_type_traits:/home/wellyowo/locobot_sim/locobot_ws/install/ecl_mpl:/home/wellyowo/locobot_sim/locobot_ws/install/ecl_config:/opt/ros/humble LD_LIBRARY_PATH=/home/wellyowo/locobot_sim/locobot_ws/install/ecl_type_traits/lib:/opt/ros/humble/opt/rviz_ogre_vendor/lib:/opt/ros/humble/lib/x86_64-linux-gnu:/opt/ros/humble/lib:/usr/local/nvidia/lib:/usr/local/nvidia/lib64:/usr/lib/x86_64-linux-gnu/gazebo-11/plugins PATH=/home/wellyowo/locobot_sim/locobot_ws/install/ecl_type_traits/bin:/home/wellyowo/locobot_sim/locobot_ws/install/ecl_config/bin:${PATH} /usr/bin/cmake --install /home/wellyowo/locobot_sim/locobot_ws/build/ecl_math
[11.332s] -- Install configuration: ""
[11.333s] -- Execute custom install script
[11.333s] -- Symlinking: /home/wellyowo/locobot_sim/locobot_ws/install/ecl_math/include/ecl/math/constants.hpp
[11.333s] -- Symlinking: /home/wellyowo/locobot_sim/locobot_ws/install/ecl_math/include/ecl/math/fuzzy.hpp
[11.333s] -- Symlinking: /home/wellyowo/locobot_sim/locobot_ws/install/ecl_math/include/ecl/math/norms.hpp
[11.334s] -- Symlinking: /home/wellyowo/locobot_sim/locobot_ws/install/ecl_math/include/ecl/math/simple.hpp
[11.336s] -- Symlinking: /home/wellyowo/locobot_sim/locobot_ws/install/ecl_math/include/ecl/math.hpp
[11.337s] -- Symlinking: /home/wellyowo/locobot_sim/locobot_ws/install/ecl_math/share/ament_index/resource_index/package_run_dependencies/ecl_math
[11.339s] -- Symlinking: /home/wellyowo/locobot_sim/locobot_ws/install/ecl_math/share/ament_index/resource_index/parent_prefix_path/ecl_math
[11.339s] -- Symlinking: /home/wellyowo/locobot_sim/locobot_ws/install/ecl_math/share/ecl_math/environment/ament_prefix_path.sh
[11.339s] -- Symlinking: /home/wellyowo/locobot_sim/locobot_ws/install/ecl_math/share/ecl_math/environment/ament_prefix_path.dsv
[11.339s] -- Symlinking: /home/wellyowo/locobot_sim/locobot_ws/install/ecl_math/share/ecl_math/environment/path.sh
[11.344s] -- Symlinking: /home/wellyowo/locobot_sim/locobot_ws/install/ecl_math/share/ecl_math/environment/path.dsv
[11.344s] -- Symlinking: /home/wellyowo/locobot_sim/locobot_ws/install/ecl_math/share/ecl_math/local_setup.bash
[11.344s] -- Symlinking: /home/wellyowo/locobot_sim/locobot_ws/install/ecl_math/share/ecl_math/local_setup.sh
[11.344s] -- Symlinking: /home/wellyowo/locobot_sim/locobot_ws/install/ecl_math/share/ecl_math/local_setup.zsh
[11.344s] -- Symlinking: /home/wellyowo/locobot_sim/locobot_ws/install/ecl_math/share/ecl_math/local_setup.dsv
[11.344s] -- Symlinking: /home/wellyowo/locobot_sim/locobot_ws/install/ecl_math/share/ecl_math/package.dsv
[11.344s] -- Symlinking: /home/wellyowo/locobot_sim/locobot_ws/install/ecl_math/share/ament_index/resource_index/packages/ecl_math
[11.344s] -- Symlinking: /home/wellyowo/locobot_sim/locobot_ws/install/ecl_math/share/ecl_math/cmake/ament_cmake_export_targets-extras.cmake
[11.345s] -- Symlinking: /home/wellyowo/locobot_sim/locobot_ws/install/ecl_math/share/ecl_math/cmake/ament_cmake_export_include_directories-extras.cmake
[11.345s] -- Symlinking: /home/wellyowo/locobot_sim/locobot_ws/install/ecl_math/share/ecl_math/cmake/ament_cmake_export_dependencies-extras.cmake
[11.345s] -- Symlinking: /home/wellyowo/locobot_sim/locobot_ws/install/ecl_math/share/ecl_math/cmake/ecl_mathConfig.cmake
[11.345s] -- Symlinking: /home/wellyowo/locobot_sim/locobot_ws/install/ecl_math/share/ecl_math/cmake/ecl_mathConfig-version.cmake
[11.346s] -- Symlinking: /home/wellyowo/locobot_sim/locobot_ws/install/ecl_math/share/ecl_math/package.xml
[11.349s] -- Installing: /home/wellyowo/locobot_sim/locobot_ws/install/ecl_math/share/ecl_math/cmake/ecl_mathExport.cmake
[11.413s] Invoked command in '/home/wellyowo/locobot_sim/locobot_ws/build/ecl_math' returned '0': AMENT_PREFIX_PATH=/home/wellyowo/locobot_sim/locobot_ws/install/ecl_type_traits:/home/wellyowo/locobot_sim/locobot_ws/install/ecl_mpl:/home/wellyowo/locobot_sim/locobot_ws/install/ecl_config:${AMENT_PREFIX_PATH} CMAKE_PREFIX_PATH=/home/wellyowo/locobot_sim/locobot_ws/install/ecl_type_traits:/home/wellyowo/locobot_sim/locobot_ws/install/ecl_mpl:/home/wellyowo/locobot_sim/locobot_ws/install/ecl_config:/opt/ros/humble LD_LIBRARY_PATH=/home/wellyowo/locobot_sim/locobot_ws/install/ecl_type_traits/lib:/opt/ros/humble/opt/rviz_ogre_vendor/lib:/opt/ros/humble/lib/x86_64-linux-gnu:/opt/ros/humble/lib:/usr/local/nvidia/lib:/usr/local/nvidia/lib64:/usr/lib/x86_64-linux-gnu/gazebo-11/plugins PATH=/home/wellyowo/locobot_sim/locobot_ws/install/ecl_type_traits/bin:/home/wellyowo/locobot_sim/locobot_ws/install/ecl_config/bin:${PATH} /usr/bin/cmake --install /home/wellyowo/locobot_sim/locobot_ws/build/ecl_math
