-- The C compiler identification is GNU 11.4.0
-- The CXX compiler identification is GNU 11.4.0
-- Detecting C compiler ABI info
-- Detecting C compiler ABI info - done
-- Check for working C compiler: /usr/bin/cc - skipped
-- Detecting C compile features
-- Detecting C compile features - done
-- Detecting CXX compiler ABI info
-- Detecting CXX compiler ABI info - done
-- Check for working CXX compiler: /usr/bin/c++ - skipped
-- Detecting CXX compile features
-- Detecting CXX compile features - done
-- Found ament_cmake_ros: 0.10.0 (/opt/ros/humble/share/ament_cmake_ros/cmake)
-- Found Python3: /usr/bin/python3 (found version "3.10.12") found components: Interpreter 
-- Override CMake install command with custom implementation using symlinks instead of copying resources
-- Found ecl_build: 1.0.3 (/opt/ros/humble/share/ecl_build/cmake)
-- Found ecl_config: 1.2.0 (/home/wellyowo/locobot_sim/locobot_ws/install/ecl_config/share/ecl_config/cmake)
-- Found ecl_containers: 1.2.1 (/home/wellyowo/locobot_sim/locobot_ws/install/ecl_containers/share/ecl_containers/cmake)
-- Found ecl_threads: 1.2.1 (/home/wellyowo/locobot_sim/locobot_ws/install/ecl_threads/share/ecl_threads/cmake)
-- Looking for pthread.h
-- Looking for pthread.h - found
-- Performing Test CMAKE_HAVE_LIBC_PTHREAD
-- Performing Test CMAKE_HAVE_LIBC_PTHREAD - Success
-- Found Threads: TRUE  
-- Configuring done
-- Generating done
-- Build files have been written to: /home/wellyowo/locobot_sim/locobot_ws/build/ecl_devices
[  6%] [32mBuilding CXX object src/lib/CMakeFiles/ecl_devices.dir/detail/character_buffer.cpp.o[0m
[ 12%] [32mBuilding CXX object src/lib/CMakeFiles/ecl_devices.dir/string.cpp.o[0m
[ 18%] [32mBuilding CXX object src/lib/CMakeFiles/ecl_devices.dir/socket_server_pos.cpp.o[0m
[ 25%] [32mBuilding CXX object src/lib/CMakeFiles/ecl_devices.dir/socket_client_pos.cpp.o[0m
[ 31%] [32mBuilding CXX object src/lib/CMakeFiles/ecl_devices.dir/shared_file.cpp.o[0m
[ 37%] [32mBuilding CXX object src/lib/CMakeFiles/ecl_devices.dir/serial_w32.cpp.o[0m
[ 43%] [32mBuilding CXX object src/lib/CMakeFiles/ecl_devices.dir/serial_pos.cpp.o[0m
[ 50%] [32mBuilding CXX object src/lib/CMakeFiles/ecl_devices.dir/ofile_w32.cpp.o[0m
[ 56%] [32mBuilding CXX object src/lib/CMakeFiles/ecl_devices.dir/ofile_pos.cpp.o[0m
[ 62%] [32mBuilding CXX object src/lib/CMakeFiles/ecl_devices.dir/console.cpp.o[0m
[ 68%] [32mBuilding CXX object src/lib/CMakeFiles/ecl_devices.dir/detail/socket_exception_handler_pos.cpp.o[0m
[ 75%] [32mBuilding CXX object src/lib/CMakeFiles/ecl_devices.dir/detail/exception_handler_pos.cpp.o[0m
[ 81%] [32mBuilding CXX object src/lib/CMakeFiles/ecl_devices.dir/detail/error_handler.cpp.o[0m
[ 87%] [32m[1mLinking CXX shared library libecl_devices.so[0m
[ 87%] Built target ecl_devices
[ 93%] [32mBuilding CXX object src/examples/CMakeFiles/ecl_demo_serial_timeouts.dir/serial_timeouts.cpp.o[0m
[100%] [32m[1mLinking CXX executable demo_serial_timeouts[0m
[100%] Built target ecl_demo_serial_timeouts
-- Install configuration: ""
-- Execute custom install script
-- Symlinking: /home/wellyowo/locobot_sim/locobot_ws/install/ecl_devices/include/ecl/devices/detail/character_buffer.hpp
-- Symlinking: /home/wellyowo/locobot_sim/locobot_ws/install/ecl_devices/include/ecl/devices/detail/error_handler.hpp
-- Symlinking: /home/wellyowo/locobot_sim/locobot_ws/install/ecl_devices/include/ecl/devices/detail/exception_handler_pos.hpp
-- Symlinking: /home/wellyowo/locobot_sim/locobot_ws/install/ecl_devices/include/ecl/devices/detail/socket_error_handler_pos.hpp
-- Symlinking: /home/wellyowo/locobot_sim/locobot_ws/install/ecl_devices/include/ecl/devices/detail/socket_exception_handler_pos.hpp
-- Symlinking: /home/wellyowo/locobot_sim/locobot_ws/install/ecl_devices/include/ecl/devices/console.hpp
-- Symlinking: /home/wellyowo/locobot_sim/locobot_ws/install/ecl_devices/include/ecl/devices/macros.hpp
-- Symlinking: /home/wellyowo/locobot_sim/locobot_ws/install/ecl_devices/include/ecl/devices/modes.hpp
-- Symlinking: /home/wellyowo/locobot_sim/locobot_ws/install/ecl_devices/include/ecl/devices/ofile.hpp
-- Symlinking: /home/wellyowo/locobot_sim/locobot_ws/install/ecl_devices/include/ecl/devices/ofile_pos.hpp
-- Symlinking: /home/wellyowo/locobot_sim/locobot_ws/install/ecl_devices/include/ecl/devices/ofile_w32.hpp
-- Symlinking: /home/wellyowo/locobot_sim/locobot_ws/install/ecl_devices/include/ecl/devices/serial.hpp
-- Symlinking: /home/wellyowo/locobot_sim/locobot_ws/install/ecl_devices/include/ecl/devices/serial_parameters.hpp
-- Symlinking: /home/wellyowo/locobot_sim/locobot_ws/install/ecl_devices/include/ecl/devices/serial_pos.hpp
-- Symlinking: /home/wellyowo/locobot_sim/locobot_ws/install/ecl_devices/include/ecl/devices/serial_w32.hpp
-- Symlinking: /home/wellyowo/locobot_sim/locobot_ws/install/ecl_devices/include/ecl/devices/shared_file.hpp
-- Symlinking: /home/wellyowo/locobot_sim/locobot_ws/install/ecl_devices/include/ecl/devices/socket.hpp
-- Symlinking: /home/wellyowo/locobot_sim/locobot_ws/install/ecl_devices/include/ecl/devices/socket_client_pos.hpp
-- Symlinking: /home/wellyowo/locobot_sim/locobot_ws/install/ecl_devices/include/ecl/devices/socket_connection_status.hpp
-- Symlinking: /home/wellyowo/locobot_sim/locobot_ws/install/ecl_devices/include/ecl/devices/socket_server_pos.hpp
-- Symlinking: /home/wellyowo/locobot_sim/locobot_ws/install/ecl_devices/include/ecl/devices/string.hpp
-- Symlinking: /home/wellyowo/locobot_sim/locobot_ws/install/ecl_devices/include/ecl/devices/traits.hpp
-- Symlinking: /home/wellyowo/locobot_sim/locobot_ws/install/ecl_devices/include/ecl/devices.hpp
-- Symlinking: /home/wellyowo/locobot_sim/locobot_ws/install/ecl_devices/lib/ecl_devices/demo_serial_timeouts
-- Symlinking: /home/wellyowo/locobot_sim/locobot_ws/install/ecl_devices/share/ecl_devices/environment/library_path.sh
-- Symlinking: /home/wellyowo/locobot_sim/locobot_ws/install/ecl_devices/share/ecl_devices/environment/library_path.dsv
-- Symlinking: /home/wellyowo/locobot_sim/locobot_ws/install/ecl_devices/share/ament_index/resource_index/package_run_dependencies/ecl_devices
-- Symlinking: /home/wellyowo/locobot_sim/locobot_ws/install/ecl_devices/share/ament_index/resource_index/parent_prefix_path/ecl_devices
-- Symlinking: /home/wellyowo/locobot_sim/locobot_ws/install/ecl_devices/share/ecl_devices/environment/ament_prefix_path.sh
-- Symlinking: /home/wellyowo/locobot_sim/locobot_ws/install/ecl_devices/share/ecl_devices/environment/ament_prefix_path.dsv
-- Symlinking: /home/wellyowo/locobot_sim/locobot_ws/install/ecl_devices/share/ecl_devices/environment/path.sh
-- Symlinking: /home/wellyowo/locobot_sim/locobot_ws/install/ecl_devices/share/ecl_devices/environment/path.dsv
-- Symlinking: /home/wellyowo/locobot_sim/locobot_ws/install/ecl_devices/share/ecl_devices/local_setup.bash
-- Symlinking: /home/wellyowo/locobot_sim/locobot_ws/install/ecl_devices/share/ecl_devices/local_setup.sh
-- Symlinking: /home/wellyowo/locobot_sim/locobot_ws/install/ecl_devices/share/ecl_devices/local_setup.zsh
-- Symlinking: /home/wellyowo/locobot_sim/locobot_ws/install/ecl_devices/share/ecl_devices/local_setup.dsv
-- Symlinking: /home/wellyowo/locobot_sim/locobot_ws/install/ecl_devices/share/ecl_devices/package.dsv
-- Symlinking: /home/wellyowo/locobot_sim/locobot_ws/install/ecl_devices/share/ament_index/resource_index/packages/ecl_devices
-- Symlinking: /home/wellyowo/locobot_sim/locobot_ws/install/ecl_devices/share/ecl_devices/cmake/ament_cmake_export_targets-extras.cmake
-- Symlinking: /home/wellyowo/locobot_sim/locobot_ws/install/ecl_devices/share/ecl_devices/cmake/ament_cmake_export_include_directories-extras.cmake
-- Symlinking: /home/wellyowo/locobot_sim/locobot_ws/install/ecl_devices/share/ecl_devices/cmake/ament_cmake_export_libraries-extras.cmake
-- Symlinking: /home/wellyowo/locobot_sim/locobot_ws/install/ecl_devices/share/ecl_devices/cmake/ament_cmake_export_dependencies-extras.cmake
-- Symlinking: /home/wellyowo/locobot_sim/locobot_ws/install/ecl_devices/share/ecl_devices/cmake/ecl_devicesConfig.cmake
-- Symlinking: /home/wellyowo/locobot_sim/locobot_ws/install/ecl_devices/share/ecl_devices/cmake/ecl_devicesConfig-version.cmake
-- Symlinking: /home/wellyowo/locobot_sim/locobot_ws/install/ecl_devices/share/ecl_devices/package.xml
-- Installing: /home/wellyowo/locobot_sim/locobot_ws/install/ecl_devices/share/ecl_devices/cmake/ecl_devicesExport.cmake
-- Installing: /home/wellyowo/locobot_sim/locobot_ws/install/ecl_devices/share/ecl_devices/cmake/ecl_devicesExport-noconfig.cmake
-- Installing: /home/wellyowo/locobot_sim/locobot_ws/install/ecl_devices/lib/libecl_devices.so.1.2.1
-- Set runtime path of "/home/wellyowo/locobot_sim/locobot_ws/install/ecl_devices/lib/libecl_devices.so.1.2.1" to ""
-- Installing: /home/wellyowo/locobot_sim/locobot_ws/install/ecl_devices/lib/libecl_devices.so
