[35m[1mConsolidate compiler generated dependencies of target ecl_type_traits[0m
[35m[1mConsolidate compiler generated dependencies of target gtest[0m
[35m[1mConsolidate compiler generated dependencies of target gtest_main[0m
[ 16%] Built target ecl_type_traits
[ 33%] Built target gtest
[ 50%] Built target gtest_main
[35m[1mConsolidate compiler generated dependencies of target ecl_detect_sizes[0m
[35m[1mConsolidate compiler generated dependencies of target test_numeric_limits[0m
[ 66%] Built target ecl_detect_sizes
[35m[1mConsolidate compiler generated dependencies of target test_fundamental_types[0m
[ 83%] Built target test_numeric_limits
[100%] Built target test_fundamental_types
-- Install configuration: ""
-- Installing: /home/wellyowo/locobot_sim/locobot_ws/src/install/ecl_type_traits/share/ecl_type_traits/environment/library_path.sh
-- Installing: /home/wellyowo/locobot_sim/locobot_ws/src/install/ecl_type_traits/share/ecl_type_traits/environment/library_path.dsv
-- Installing: /home/wellyowo/locobot_sim/locobot_ws/src/install/ecl_type_traits/share/ament_index/resource_index/package_run_dependencies/ecl_type_traits
-- Installing: /home/wellyowo/locobot_sim/locobot_ws/src/install/ecl_type_traits/share/ament_index/resource_index/parent_prefix_path/ecl_type_traits
-- Installing: /home/wellyowo/locobot_sim/locobot_ws/src/install/ecl_type_traits/share/ecl_type_traits/environment/ament_prefix_path.sh
-- Installing: /home/wellyowo/locobot_sim/locobot_ws/src/install/ecl_type_traits/share/ecl_type_traits/environment/ament_prefix_path.dsv
-- Installing: /home/wellyowo/locobot_sim/locobot_ws/src/install/ecl_type_traits/share/ecl_type_traits/environment/path.sh
-- Installing: /home/wellyowo/locobot_sim/locobot_ws/src/install/ecl_type_traits/share/ecl_type_traits/environment/path.dsv
-- Installing: /home/wellyowo/locobot_sim/locobot_ws/src/install/ecl_type_traits/share/ecl_type_traits/local_setup.bash
-- Installing: /home/wellyowo/locobot_sim/locobot_ws/src/install/ecl_type_traits/share/ecl_type_traits/local_setup.sh
-- Installing: /home/wellyowo/locobot_sim/locobot_ws/src/install/ecl_type_traits/share/ecl_type_traits/local_setup.zsh
-- Installing: /home/wellyowo/locobot_sim/locobot_ws/src/install/ecl_type_traits/share/ecl_type_traits/local_setup.dsv
-- Installing: /home/wellyowo/locobot_sim/locobot_ws/src/install/ecl_type_traits/share/ecl_type_traits/package.dsv
-- Installing: /home/wellyowo/locobot_sim/locobot_ws/src/install/ecl_type_traits/share/ament_index/resource_index/packages/ecl_type_traits
-- Installing: /home/wellyowo/locobot_sim/locobot_ws/src/install/ecl_type_traits/share/ecl_type_traits/cmake/ecl_type_traitsExport.cmake
-- Installing: /home/wellyowo/locobot_sim/locobot_ws/src/install/ecl_type_traits/share/ecl_type_traits/cmake/ecl_type_traitsExport-noconfig.cmake
-- Installing: /home/wellyowo/locobot_sim/locobot_ws/src/install/ecl_type_traits/share/ecl_type_traits/cmake/ament_cmake_export_targets-extras.cmake
-- Installing: /home/wellyowo/locobot_sim/locobot_ws/src/install/ecl_type_traits/share/ecl_type_traits/cmake/ament_cmake_export_include_directories-extras.cmake
-- Installing: /home/wellyowo/locobot_sim/locobot_ws/src/install/ecl_type_traits/share/ecl_type_traits/cmake/ament_cmake_export_libraries-extras.cmake
-- Installing: /home/wellyowo/locobot_sim/locobot_ws/src/install/ecl_type_traits/share/ecl_type_traits/cmake/ament_cmake_export_dependencies-extras.cmake
-- Installing: /home/wellyowo/locobot_sim/locobot_ws/src/install/ecl_type_traits/share/ecl_type_traits/cmake/ecl_type_traitsConfig.cmake
-- Installing: /home/wellyowo/locobot_sim/locobot_ws/src/install/ecl_type_traits/share/ecl_type_traits/cmake/ecl_type_traitsConfig-version.cmake
-- Installing: /home/wellyowo/locobot_sim/locobot_ws/src/install/ecl_type_traits/share/ecl_type_traits/package.xml
-- Installing: /home/wellyowo/locobot_sim/locobot_ws/src/install/ecl_type_traits/include/ecl/type_traits.hpp
-- Installing: /home/wellyowo/locobot_sim/locobot_ws/src/install/ecl_type_traits/include/ecl/type_traits/fundamental_types.hpp
-- Installing: /home/wellyowo/locobot_sim/locobot_ws/src/install/ecl_type_traits/include/ecl/type_traits/macros.hpp
-- Installing: /home/wellyowo/locobot_sim/locobot_ws/src/install/ecl_type_traits/include/ecl/type_traits/numeric_limits.hpp
-- Installing: /home/wellyowo/locobot_sim/locobot_ws/src/install/ecl_type_traits/include/ecl/type_traits/traits.hpp
-- Installing: /home/wellyowo/locobot_sim/locobot_ws/src/install/ecl_type_traits/lib/libecl_type_traits.so.1.2.1
-- Installing: /home/wellyowo/locobot_sim/locobot_ws/src/install/ecl_type_traits/lib/libecl_type_traits.so
-- Installing: /home/wellyowo/locobot_sim/locobot_ws/src/install/ecl_type_traits/bin/ecl_detect_sizes
-- Set runtime path of "/home/wellyowo/locobot_sim/locobot_ws/src/install/ecl_type_traits/bin/ecl_detect_sizes" to ""
