[0.318s] Invoking command in '/home/wellyowo/locobot_sim/locobot_ws/src/build/ecl_type_traits': AMENT_PREFIX_PATH=/home/wellyowo/locobot_sim/locobot_ws/src/install/ecl_mpl:/home/wellyowo/locobot_sim/locobot_ws/src/install/ecl_config:${AMENT_PREFIX_PATH} CMAKE_PREFIX_PATH=/home/wellyowo/locobot_sim/locobot_ws/src/install/ecl_mpl:/home/wellyowo/locobot_sim/locobot_ws/src/install/ecl_config:/opt/ros/humble PATH=/home/wellyowo/locobot_sim/locobot_ws/src/install/ecl_config/bin:${PATH} /usr/bin/cmake --build /home/wellyowo/locobot_sim/locobot_ws/src/build/ecl_type_traits -- -j16 -l16
[0.381s] [35m[1mConsolidate compiler generated dependencies of target ecl_type_traits[0m
[0.381s] [35m[1mConsolidate compiler generated dependencies of target gtest[0m
[0.381s] [35m[1mConsolidate compiler generated dependencies of target gtest_main[0m
[0.392s] [ 16%] Built target ecl_type_traits
[0.410s] [ 33%] Built target gtest
[0.410s] [ 50%] Built target gtest_main
[0.412s] [35m[1mConsolidate compiler generated dependencies of target ecl_detect_sizes[0m
[0.425s] [35m[1mConsolidate compiler generated dependencies of target test_numeric_limits[0m
[0.437s] [ 66%] Built target ecl_detect_sizes
[0.437s] [35m[1mConsolidate compiler generated dependencies of target test_fundamental_types[0m
[0.442s] [ 83%] Built target test_numeric_limits
[0.459s] [100%] Built target test_fundamental_types
[0.580s] Invoked command in '/home/wellyowo/locobot_sim/locobot_ws/src/build/ecl_type_traits' returned '0': AMENT_PREFIX_PATH=/home/wellyowo/locobot_sim/locobot_ws/src/install/ecl_mpl:/home/wellyowo/locobot_sim/locobot_ws/src/install/ecl_config:${AMENT_PREFIX_PATH} CMAKE_PREFIX_PATH=/home/wellyowo/locobot_sim/locobot_ws/src/install/ecl_mpl:/home/wellyowo/locobot_sim/locobot_ws/src/install/ecl_config:/opt/ros/humble PATH=/home/wellyowo/locobot_sim/locobot_ws/src/install/ecl_config/bin:${PATH} /usr/bin/cmake --build /home/wellyowo/locobot_sim/locobot_ws/src/build/ecl_type_traits -- -j16 -l16
[0.581s] Invoking command in '/home/wellyowo/locobot_sim/locobot_ws/src/build/ecl_type_traits': AMENT_PREFIX_PATH=/home/wellyowo/locobot_sim/locobot_ws/src/install/ecl_mpl:/home/wellyowo/locobot_sim/locobot_ws/src/install/ecl_config:${AMENT_PREFIX_PATH} CMAKE_PREFIX_PATH=/home/wellyowo/locobot_sim/locobot_ws/src/install/ecl_mpl:/home/wellyowo/locobot_sim/locobot_ws/src/install/ecl_config:/opt/ros/humble PATH=/home/wellyowo/locobot_sim/locobot_ws/src/install/ecl_config/bin:${PATH} /usr/bin/cmake --install /home/wellyowo/locobot_sim/locobot_ws/src/build/ecl_type_traits
[0.698s] -- Install configuration: ""
[0.698s] -- Installing: /home/wellyowo/locobot_sim/locobot_ws/src/install/ecl_type_traits/share/ecl_type_traits/environment/library_path.sh
[0.698s] -- Installing: /home/wellyowo/locobot_sim/locobot_ws/src/install/ecl_type_traits/share/ecl_type_traits/environment/library_path.dsv
[0.698s] -- Installing: /home/wellyowo/locobot_sim/locobot_ws/src/install/ecl_type_traits/share/ament_index/resource_index/package_run_dependencies/ecl_type_traits
[0.698s] -- Installing: /home/wellyowo/locobot_sim/locobot_ws/src/install/ecl_type_traits/share/ament_index/resource_index/parent_prefix_path/ecl_type_traits
[0.699s] -- Installing: /home/wellyowo/locobot_sim/locobot_ws/src/install/ecl_type_traits/share/ecl_type_traits/environment/ament_prefix_path.sh
[0.699s] -- Installing: /home/wellyowo/locobot_sim/locobot_ws/src/install/ecl_type_traits/share/ecl_type_traits/environment/ament_prefix_path.dsv
[0.699s] -- Installing: /home/wellyowo/locobot_sim/locobot_ws/src/install/ecl_type_traits/share/ecl_type_traits/environment/path.sh
[0.699s] -- Installing: /home/wellyowo/locobot_sim/locobot_ws/src/install/ecl_type_traits/share/ecl_type_traits/environment/path.dsv
[0.699s] -- Installing: /home/wellyowo/locobot_sim/locobot_ws/src/install/ecl_type_traits/share/ecl_type_traits/local_setup.bash
[0.699s] -- Installing: /home/wellyowo/locobot_sim/locobot_ws/src/install/ecl_type_traits/share/ecl_type_traits/local_setup.sh
[0.699s] -- Installing: /home/wellyowo/locobot_sim/locobot_ws/src/install/ecl_type_traits/share/ecl_type_traits/local_setup.zsh
[0.699s] -- Installing: /home/wellyowo/locobot_sim/locobot_ws/src/install/ecl_type_traits/share/ecl_type_traits/local_setup.dsv
[0.699s] -- Installing: /home/wellyowo/locobot_sim/locobot_ws/src/install/ecl_type_traits/share/ecl_type_traits/package.dsv
[0.699s] -- Installing: /home/wellyowo/locobot_sim/locobot_ws/src/install/ecl_type_traits/share/ament_index/resource_index/packages/ecl_type_traits
[0.699s] -- Installing: /home/wellyowo/locobot_sim/locobot_ws/src/install/ecl_type_traits/share/ecl_type_traits/cmake/ecl_type_traitsExport.cmake
[0.699s] -- Installing: /home/wellyowo/locobot_sim/locobot_ws/src/install/ecl_type_traits/share/ecl_type_traits/cmake/ecl_type_traitsExport-noconfig.cmake
[0.699s] -- Installing: /home/wellyowo/locobot_sim/locobot_ws/src/install/ecl_type_traits/share/ecl_type_traits/cmake/ament_cmake_export_targets-extras.cmake
[0.699s] -- Installing: /home/wellyowo/locobot_sim/locobot_ws/src/install/ecl_type_traits/share/ecl_type_traits/cmake/ament_cmake_export_include_directories-extras.cmake
[0.699s] -- Installing: /home/wellyowo/locobot_sim/locobot_ws/src/install/ecl_type_traits/share/ecl_type_traits/cmake/ament_cmake_export_libraries-extras.cmake
[0.700s] -- Installing: /home/wellyowo/locobot_sim/locobot_ws/src/install/ecl_type_traits/share/ecl_type_traits/cmake/ament_cmake_export_dependencies-extras.cmake
[0.700s] -- Installing: /home/wellyowo/locobot_sim/locobot_ws/src/install/ecl_type_traits/share/ecl_type_traits/cmake/ecl_type_traitsConfig.cmake
[0.700s] -- Installing: /home/wellyowo/locobot_sim/locobot_ws/src/install/ecl_type_traits/share/ecl_type_traits/cmake/ecl_type_traitsConfig-version.cmake
[0.700s] -- Installing: /home/wellyowo/locobot_sim/locobot_ws/src/install/ecl_type_traits/share/ecl_type_traits/package.xml
[0.700s] -- Installing: /home/wellyowo/locobot_sim/locobot_ws/src/install/ecl_type_traits/include/ecl/type_traits.hpp
[0.700s] -- Installing: /home/wellyowo/locobot_sim/locobot_ws/src/install/ecl_type_traits/include/ecl/type_traits/fundamental_types.hpp
[0.700s] -- Installing: /home/wellyowo/locobot_sim/locobot_ws/src/install/ecl_type_traits/include/ecl/type_traits/macros.hpp
[0.700s] -- Installing: /home/wellyowo/locobot_sim/locobot_ws/src/install/ecl_type_traits/include/ecl/type_traits/numeric_limits.hpp
[0.700s] -- Installing: /home/wellyowo/locobot_sim/locobot_ws/src/install/ecl_type_traits/include/ecl/type_traits/traits.hpp
[0.700s] -- Installing: /home/wellyowo/locobot_sim/locobot_ws/src/install/ecl_type_traits/lib/libecl_type_traits.so.1.2.1
[0.700s] -- Installing: /home/wellyowo/locobot_sim/locobot_ws/src/install/ecl_type_traits/lib/libecl_type_traits.so
[0.700s] -- Installing: /home/wellyowo/locobot_sim/locobot_ws/src/install/ecl_type_traits/bin/ecl_detect_sizes
[0.700s] -- Set runtime path of "/home/wellyowo/locobot_sim/locobot_ws/src/install/ecl_type_traits/bin/ecl_detect_sizes" to ""
[0.835s] Invoked command in '/home/wellyowo/locobot_sim/locobot_ws/src/build/ecl_type_traits' returned '0': AMENT_PREFIX_PATH=/home/wellyowo/locobot_sim/locobot_ws/src/install/ecl_mpl:/home/wellyowo/locobot_sim/locobot_ws/src/install/ecl_config:${AMENT_PREFIX_PATH} CMAKE_PREFIX_PATH=/home/wellyowo/locobot_sim/locobot_ws/src/install/ecl_mpl:/home/wellyowo/locobot_sim/locobot_ws/src/install/ecl_config:/opt/ros/humble PATH=/home/wellyowo/locobot_sim/locobot_ws/src/install/ecl_config/bin:${PATH} /usr/bin/cmake --install /home/wellyowo/locobot_sim/locobot_ws/src/build/ecl_type_traits
