[0.106s] Invoking command in '/home/wellyowo/locobot_sim/locobot_ws/src/build/astra_camera': AMENT_PREFIX_PATH=/home/wellyowo/locobot_sim/locobot_ws/src/install/astra_camera_msgs:${AMENT_PREFIX_PATH} CMAKE_PREFIX_PATH=/home/wellyowo/locobot_sim/locobot_ws/src/install/astra_camera_msgs:/opt/ros/humble LD_LIBRARY_PATH=/home/wellyowo/locobot_sim/locobot_ws/src/install/astra_camera_msgs/lib:${LD_LIBRARY_PATH} PYTHONPATH=/home/wellyowo/locobot_sim/locobot_ws/src/install/astra_camera_msgs/local/lib/python3.10/dist-packages:${PYTHONPATH} /usr/bin/cmake /home/wellyowo/locobot_sim/locobot_ws/src/ThirdParty/ros_astra_camera/astra_camera -DCMAKE_INSTALL_PREFIX=/home/wellyowo/locobot_sim/locobot_ws/src/install/astra_camera
[3.362s] -- The C compiler identification is GNU 11.4.0
[3.362s] -- The CXX compiler identification is GNU 11.4.0
[3.362s] -- Detecting C compiler ABI info
[3.362s] -- Detecting C compiler ABI info - done
[3.362s] -- Check for working C compiler: /usr/bin/cc - skipped
[3.362s] -- Detecting C compile features
[3.362s] -- Detecting C compile features - done
[3.362s] -- Detecting CXX compiler ABI info
[3.362s] -- Detecting CXX compiler ABI info - done
[3.363s] -- Check for working CXX compiler: /usr/bin/c++ - skipped
[3.363s] -- Detecting CXX compile features
[3.363s] -- Detecting CXX compile features - done
[3.363s] -- Found ament_cmake: 1.3.11 (/opt/ros/humble/share/ament_cmake/cmake)
[3.363s] -- Found Python3: /usr/bin/python3 (found version "3.10.12") found components: Interpreter 
[3.363s] -- Found ament_index_cpp: 1.4.0 (/opt/ros/humble/share/ament_index_cpp/cmake)
[3.363s] -- Found astra_camera_msgs: 1.0.1 (/home/wellyowo/locobot_sim/locobot_ws/src/install/astra_camera_msgs/share/astra_camera_msgs/cmake)
[3.363s] -- Found rosidl_generator_c: 3.1.6 (/opt/ros/humble/share/rosidl_generator_c/cmake)
[3.363s] -- Found rosidl_adapter: 3.1.6 (/opt/ros/humble/share/rosidl_adapter/cmake)
[3.363s] -- Found rosidl_generator_cpp: 3.1.6 (/opt/ros/humble/share/rosidl_generator_cpp/cmake)
[3.363s] -- Using all available rosidl_typesupport_c: rosidl_typesupport_fastrtps_c;rosidl_typesupport_introspection_c
[3.363s] -- Using all available rosidl_typesupport_cpp: rosidl_typesupport_fastrtps_cpp;rosidl_typesupport_introspection_cpp
[3.363s] -- Found camera_info_manager: 3.1.12 (/opt/ros/humble/share/camera_info_manager/cmake)
[3.363s] -- Found rmw_implementation_cmake: 6.1.2 (/opt/ros/humble/share/rmw_implementation_cmake/cmake)
[3.363s] -- Found rmw_fastrtps_cpp: 6.2.7 (/opt/ros/humble/share/rmw_fastrtps_cpp/cmake)
[3.559s] -- Found OpenSSL: /usr/lib/x86_64-linux-gnu/libcrypto.so (found version "3.0.2")  
[3.704s] -- Found FastRTPS: /opt/ros/humble/include  
[3.917s] -- Using RMW implementation 'rmw_fastrtps_cpp' as default
[3.987s] -- Looking for pthread.h
[4.242s] -- Looking for pthread.h - found
[4.242s] -- Performing Test CMAKE_HAVE_LIBC_PTHREAD
[4.554s] -- Performing Test CMAKE_HAVE_LIBC_PTHREAD - Success
[4.560s] -- Found Threads: TRUE  
[4.740s] -- Found class_loader: 2.2.0 (/opt/ros/humble/share/class_loader/cmake)
[4.777s] -- Found cv_bridge: 3.2.1 (/opt/ros/humble/share/cv_bridge/cmake)
[4.829s] -- Found message_filters: 4.3.7 (/opt/ros/humble/share/message_filters/cmake)
[4.868s] -- Found image_geometry: 3.2.1 (/opt/ros/humble/share/image_geometry/cmake)
[4.878s] -- Found image_publisher: 3.0.8 (/opt/ros/humble/share/image_publisher/cmake)
[4.975s] -- Found OpenCV: /usr (found version "4.5.4") 
[4.983s] -- Found std_srvs: 4.9.0 (/opt/ros/humble/share/std_srvs/cmake)
[5.007s] -- Found tf2: 0.25.13 (/opt/ros/humble/share/tf2/cmake)
[5.018s] -- Found tf2_eigen: 0.25.13 (/opt/ros/humble/share/tf2_eigen/cmake)
[5.160s] -- Found tf2_sensor_msgs: 0.25.13 (/opt/ros/humble/share/tf2_sensor_msgs/cmake)
[5.192s] -- Found PkgConfig: /usr/bin/pkg-config (found version "0.29.2") 
[5.192s] -- Checking for one of the modules 'libuvc'
[5.366s] -- ORRBEC Machine : x86_64
[5.367s] 
[5.367s] -- ORRBEC Machine Bits : 64
[5.367s] 
[5.367s] -- ORRBEC : x64
[5.435s] -- Found ament_lint_auto: 0.12.12 (/opt/ros/humble/share/ament_lint_auto/cmake)
[5.746s] -- Configuring done
[5.891s] -- Generating done
[5.922s] -- Build files have been written to: /home/wellyowo/locobot_sim/locobot_ws/src/build/astra_camera
[5.979s] Invoked command in '/home/wellyowo/locobot_sim/locobot_ws/src/build/astra_camera' returned '0': AMENT_PREFIX_PATH=/home/wellyowo/locobot_sim/locobot_ws/src/install/astra_camera_msgs:${AMENT_PREFIX_PATH} CMAKE_PREFIX_PATH=/home/wellyowo/locobot_sim/locobot_ws/src/install/astra_camera_msgs:/opt/ros/humble LD_LIBRARY_PATH=/home/wellyowo/locobot_sim/locobot_ws/src/install/astra_camera_msgs/lib:${LD_LIBRARY_PATH} PYTHONPATH=/home/wellyowo/locobot_sim/locobot_ws/src/install/astra_camera_msgs/local/lib/python3.10/dist-packages:${PYTHONPATH} /usr/bin/cmake /home/wellyowo/locobot_sim/locobot_ws/src/ThirdParty/ros_astra_camera/astra_camera -DCMAKE_INSTALL_PREFIX=/home/wellyowo/locobot_sim/locobot_ws/src/install/astra_camera
[5.981s] Invoking command in '/home/wellyowo/locobot_sim/locobot_ws/src/build/astra_camera': AMENT_PREFIX_PATH=/home/wellyowo/locobot_sim/locobot_ws/src/install/astra_camera_msgs:${AMENT_PREFIX_PATH} CMAKE_PREFIX_PATH=/home/wellyowo/locobot_sim/locobot_ws/src/install/astra_camera_msgs:/opt/ros/humble LD_LIBRARY_PATH=/home/wellyowo/locobot_sim/locobot_ws/src/install/astra_camera_msgs/lib:${LD_LIBRARY_PATH} PYTHONPATH=/home/wellyowo/locobot_sim/locobot_ws/src/install/astra_camera_msgs/local/lib/python3.10/dist-packages:${PYTHONPATH} /usr/bin/cmake --build /home/wellyowo/locobot_sim/locobot_ws/src/build/astra_camera -- -j16 -l16
[13.801s] [  5%] [32mBuilding CXX object CMakeFiles/astra_camera.dir/src/point_cloud_proc/point_cloud_xyz.cpp.o[0m
[13.801s] [01m[K/home/wellyowo/locobot_sim/locobot_ws/src/ThirdParty/ros_astra_camera/astra_camera/src/point_cloud_proc/point_cloud_xyz.cpp:37:10:[m[K [01;31m[Kfatal error: [m[Kimage_geometry/pinhole_camera_model.hpp: No such file or directory
[13.801s]    37 | #include [01;31m[K<image_geometry/pinhole_camera_model.hpp>[m[K
[13.801s]       |          [01;31m[K^~~~~~~~~~~~~~~~~~~~~~~~~~~~~~~~~~~~~~~~~[m[K
[13.801s] compilation terminated.
[13.801s] gmake[2]: *** [CMakeFiles/astra_camera.dir/build.make:76: CMakeFiles/astra_camera.dir/src/point_cloud_proc/point_cloud_xyz.cpp.o] Error 1
[13.801s] gmake[1]: *** [CMakeFiles/Makefile2:139: CMakeFiles/astra_camera.dir/all] Error 2
[13.801s] gmake: *** [Makefile:146: all] Error 2
[13.882s] Invoked command in '/home/wellyowo/locobot_sim/locobot_ws/src/build/astra_camera' returned '2': AMENT_PREFIX_PATH=/home/wellyowo/locobot_sim/locobot_ws/src/install/astra_camera_msgs:${AMENT_PREFIX_PATH} CMAKE_PREFIX_PATH=/home/wellyowo/locobot_sim/locobot_ws/src/install/astra_camera_msgs:/opt/ros/humble LD_LIBRARY_PATH=/home/wellyowo/locobot_sim/locobot_ws/src/install/astra_camera_msgs/lib:${LD_LIBRARY_PATH} PYTHONPATH=/home/wellyowo/locobot_sim/locobot_ws/src/install/astra_camera_msgs/local/lib/python3.10/dist-packages:${PYTHONPATH} /usr/bin/cmake --build /home/wellyowo/locobot_sim/locobot_ws/src/build/astra_camera -- -j16 -l16
