[0.257s] Invoking command in '/home/wellyowo/locobot_sim/locobot_ws/src/build/kobuki_description': CMAKE_PREFIX_PATH=/opt/ros/humble /usr/bin/cmake --build /home/wellyowo/locobot_sim/locobot_ws/src/build/kobuki_description -- -j16 -l16
[0.415s] Invoked command in '/home/wellyowo/locobot_sim/locobot_ws/src/build/kobuki_description' returned '0': CMAKE_PREFIX_PATH=/opt/ros/humble /usr/bin/cmake --build /home/wellyowo/locobot_sim/locobot_ws/src/build/kobuki_description -- -j16 -l16
[0.415s] Invoking command in '/home/wellyowo/locobot_sim/locobot_ws/src/build/kobuki_description': CMAKE_PREFIX_PATH=/opt/ros/humble /usr/bin/cmake --install /home/wellyowo/locobot_sim/locobot_ws/src/build/kobuki_description
[0.510s] -- Install configuration: ""
[0.510s] -- Up-to-date: /home/wellyowo/locobot_sim/locobot_ws/src/install/kobuki_description/share/kobuki_description/launch
[0.510s] -- Up-to-date: /home/wellyowo/locobot_sim/locobot_ws/src/install/kobuki_description/share/kobuki_description/launch/kobuki_astra_description.launch.py
[0.510s] -- Up-to-date: /home/wellyowo/locobot_sim/locobot_ws/src/install/kobuki_description/share/kobuki_description/launch/kobuki_xtion_description.launch.py
[0.510s] -- Up-to-date: /home/wellyowo/locobot_sim/locobot_ws/src/install/kobuki_description/share/kobuki_description/launch/spawn.launch.py
[0.510s] -- Up-to-date: /home/wellyowo/locobot_sim/locobot_ws/src/install/kobuki_description/share/kobuki_description/launch/kobuki_description.launch.py
[0.510s] -- Up-to-date: /home/wellyowo/locobot_sim/locobot_ws/src/install/kobuki_description/share/kobuki_description/meshes
[0.510s] -- Up-to-date: /home/wellyowo/locobot_sim/locobot_ws/src/install/kobuki_description/share/kobuki_description/meshes/main_body.dae
[0.510s] -- Up-to-date: /home/wellyowo/locobot_sim/locobot_ws/src/install/kobuki_description/share/kobuki_description/meshes/images
[0.510s] -- Up-to-date: /home/wellyowo/locobot_sim/locobot_ws/src/install/kobuki_description/share/kobuki_description/meshes/images/wheel.jpg
[0.510s] -- Up-to-date: /home/wellyowo/locobot_sim/locobot_ws/src/install/kobuki_description/share/kobuki_description/meshes/images/main_body.jpg
[0.511s] -- Up-to-date: /home/wellyowo/locobot_sim/locobot_ws/src/install/kobuki_description/share/kobuki_description/meshes/sensors
[0.511s] -- Up-to-date: /home/wellyowo/locobot_sim/locobot_ws/src/install/kobuki_description/share/kobuki_description/meshes/sensors/asus_xtion_pro_live.dae
[0.511s] -- Up-to-date: /home/wellyowo/locobot_sim/locobot_ws/src/install/kobuki_description/share/kobuki_description/meshes/sensors/kinect.tga
[0.511s] -- Up-to-date: /home/wellyowo/locobot_sim/locobot_ws/src/install/kobuki_description/share/kobuki_description/meshes/sensors/r200.jpg
[0.511s] -- Up-to-date: /home/wellyowo/locobot_sim/locobot_ws/src/install/kobuki_description/share/kobuki_description/meshes/sensors/r200.dae
[0.511s] -- Up-to-date: /home/wellyowo/locobot_sim/locobot_ws/src/install/kobuki_description/share/kobuki_description/meshes/sensors/xtion_pro_camera.dae
[0.511s] -- Up-to-date: /home/wellyowo/locobot_sim/locobot_ws/src/install/kobuki_description/share/kobuki_description/meshes/sensors/asus_xtion_pro_live.png
[0.511s] -- Up-to-date: /home/wellyowo/locobot_sim/locobot_ws/src/install/kobuki_description/share/kobuki_description/meshes/sensors/astra.jpg
[0.511s] -- Up-to-date: /home/wellyowo/locobot_sim/locobot_ws/src/install/kobuki_description/share/kobuki_description/meshes/sensors/r200_bracket_end.stl
[0.511s] -- Up-to-date: /home/wellyowo/locobot_sim/locobot_ws/src/install/kobuki_description/share/kobuki_description/meshes/sensors/sensor_pole.dae
[0.511s] -- Up-to-date: /home/wellyowo/locobot_sim/locobot_ws/src/install/kobuki_description/share/kobuki_description/meshes/sensors/r200_bracket.stl
[0.511s] -- Up-to-date: /home/wellyowo/locobot_sim/locobot_ws/src/install/kobuki_description/share/kobuki_description/meshes/sensors/astra.dae
[0.511s] -- Up-to-date: /home/wellyowo/locobot_sim/locobot_ws/src/install/kobuki_description/share/kobuki_description/meshes/sensors/xtion_pro.jpg
[0.511s] -- Up-to-date: /home/wellyowo/locobot_sim/locobot_ws/src/install/kobuki_description/share/kobuki_description/meshes/sensors/xtion_pro_stack.dae
[0.511s] -- Up-to-date: /home/wellyowo/locobot_sim/locobot_ws/src/install/kobuki_description/share/kobuki_description/meshes/sensors/rplidar.dae
[0.512s] -- Up-to-date: /home/wellyowo/locobot_sim/locobot_ws/src/install/kobuki_description/share/kobuki_description/meshes/sensors/kinect.dae
[0.512s] -- Up-to-date: /home/wellyowo/locobot_sim/locobot_ws/src/install/kobuki_description/share/kobuki_description/meshes/sensors/0_xtion_pro.jpg
[0.512s] -- Up-to-date: /home/wellyowo/locobot_sim/locobot_ws/src/install/kobuki_description/share/kobuki_description/meshes/sensors/kinect.jpg
[0.512s] -- Up-to-date: /home/wellyowo/locobot_sim/locobot_ws/src/install/kobuki_description/share/kobuki_description/meshes/sensors/xtion_pro_camera.jpg
[0.512s] -- Up-to-date: /home/wellyowo/locobot_sim/locobot_ws/src/install/kobuki_description/share/kobuki_description/meshes/wheel.dae
[0.512s] -- Up-to-date: /home/wellyowo/locobot_sim/locobot_ws/src/install/kobuki_description/share/kobuki_description/meshes/stacks
[0.512s] -- Up-to-date: /home/wellyowo/locobot_sim/locobot_ws/src/install/kobuki_description/share/kobuki_description/meshes/stacks/hexagons
[0.512s] -- Up-to-date: /home/wellyowo/locobot_sim/locobot_ws/src/install/kobuki_description/share/kobuki_description/meshes/stacks/hexagons/plate_middle.dae
[0.512s] -- Up-to-date: /home/wellyowo/locobot_sim/locobot_ws/src/install/kobuki_description/share/kobuki_description/meshes/stacks/hexagons/plate_top.dae
[0.512s] -- Up-to-date: /home/wellyowo/locobot_sim/locobot_ws/src/install/kobuki_description/share/kobuki_description/meshes/stacks/hexagons/images
[0.512s] -- Up-to-date: /home/wellyowo/locobot_sim/locobot_ws/src/install/kobuki_description/share/kobuki_description/meshes/stacks/hexagons/images/3f_stack.jpg
[0.519s] -- Up-to-date: /home/wellyowo/locobot_sim/locobot_ws/src/install/kobuki_description/share/kobuki_description/meshes/stacks/hexagons/images/kinect_pole.jpg
[0.520s] -- Up-to-date: /home/wellyowo/locobot_sim/locobot_ws/src/install/kobuki_description/share/kobuki_description/meshes/stacks/hexagons/images/3f_stack1.jpg
[0.520s] -- Up-to-date: /home/wellyowo/locobot_sim/locobot_ws/src/install/kobuki_description/share/kobuki_description/meshes/stacks/hexagons/images/1f_pole.jpg
[0.520s] -- Up-to-date: /home/wellyowo/locobot_sim/locobot_ws/src/install/kobuki_description/share/kobuki_description/meshes/stacks/hexagons/images/2f_stack.jpg
[0.520s] -- Up-to-date: /home/wellyowo/locobot_sim/locobot_ws/src/install/kobuki_description/share/kobuki_description/meshes/stacks/hexagons/images/1f_stack.jpg
[0.520s] -- Up-to-date: /home/wellyowo/locobot_sim/locobot_ws/src/install/kobuki_description/share/kobuki_description/meshes/stacks/hexagons/images/kinect_pole_old.jpg
[0.520s] -- Up-to-date: /home/wellyowo/locobot_sim/locobot_ws/src/install/kobuki_description/share/kobuki_description/meshes/stacks/hexagons/images/3f_pole.jpg
[0.520s] -- Up-to-date: /home/wellyowo/locobot_sim/locobot_ws/src/install/kobuki_description/share/kobuki_description/meshes/stacks/hexagons/images/2f_pole.jpg
[0.520s] -- Up-to-date: /home/wellyowo/locobot_sim/locobot_ws/src/install/kobuki_description/share/kobuki_description/meshes/stacks/hexagons/pole_bottom.dae
[0.520s] -- Up-to-date: /home/wellyowo/locobot_sim/locobot_ws/src/install/kobuki_description/share/kobuki_description/meshes/stacks/hexagons/plate_bottom.dae
[0.520s] -- Up-to-date: /home/wellyowo/locobot_sim/locobot_ws/src/install/kobuki_description/share/kobuki_description/meshes/stacks/hexagons/pole_middle.dae
[0.520s] -- Up-to-date: /home/wellyowo/locobot_sim/locobot_ws/src/install/kobuki_description/share/kobuki_description/meshes/stacks/hexagons/pole_top.dae
[0.520s] -- Up-to-date: /home/wellyowo/locobot_sim/locobot_ws/src/install/kobuki_description/share/kobuki_description/meshes/stacks/hexagons/pole_kinect.dae
[0.520s] -- Up-to-date: /home/wellyowo/locobot_sim/locobot_ws/src/install/kobuki_description/share/kobuki_description/meshes/stacks/circles
[0.520s] -- Up-to-date: /home/wellyowo/locobot_sim/locobot_ws/src/install/kobuki_description/share/kobuki_description/meshes/stacks/circles/plate_0_logo.tga
[0.521s] -- Up-to-date: /home/wellyowo/locobot_sim/locobot_ws/src/install/kobuki_description/share/kobuki_description/meshes/stacks/circles/plate_2_logo.tga
[0.521s] -- Up-to-date: /home/wellyowo/locobot_sim/locobot_ws/src/install/kobuki_description/share/kobuki_description/meshes/stacks/circles/plate_0_logo.dae
[0.521s] -- Up-to-date: /home/wellyowo/locobot_sim/locobot_ws/src/install/kobuki_description/share/kobuki_description/meshes/stacks/circles/68-04556-RA_Kinect_Standoff_Assy.3ds
[0.521s] -- Up-to-date: /home/wellyowo/locobot_sim/locobot_ws/src/install/kobuki_description/share/kobuki_description/meshes/stacks/circles/68-02421-8000-RA_Turtlebot_F-F_Standoff.dae
[0.521s] -- Up-to-date: /home/wellyowo/locobot_sim/locobot_ws/src/install/kobuki_description/share/kobuki_description/meshes/stacks/circles/68-04552-1000-RA_Turtlebot_M-F_Standoff.dae
[0.521s] -- Up-to-date: /home/wellyowo/locobot_sim/locobot_ws/src/install/kobuki_description/share/kobuki_description/meshes/stacks/circles/68-04556-RA_Kinect_Standoff_Assy.dae
[0.521s] -- Up-to-date: /home/wellyowo/locobot_sim/locobot_ws/src/install/kobuki_description/share/kobuki_description/meshes/stacks/circles/68-02421-8000-RA_Turtlebot_F-F_Standoff_color.png
[0.521s] -- Up-to-date: /home/wellyowo/locobot_sim/locobot_ws/src/install/kobuki_description/share/kobuki_description/meshes/stacks/circles/plate_1_logo.dae
[0.521s] -- Up-to-date: /home/wellyowo/locobot_sim/locobot_ws/src/install/kobuki_description/share/kobuki_description/meshes/stacks/circles/plate_2_logo.dae
[0.521s] -- Up-to-date: /home/wellyowo/locobot_sim/locobot_ws/src/install/kobuki_description/share/kobuki_description/meshes/stacks/circles/68-04552-1000-RA_Turtlebot_M-F_Standoff_color.png
[0.521s] -- Up-to-date: /home/wellyowo/locobot_sim/locobot_ws/src/install/kobuki_description/share/kobuki_description/meshes/stacks/circles/68-04552-2000-RA_Turtlebot_M-F_Standoff_color.png
[0.521s] -- Up-to-date: /home/wellyowo/locobot_sim/locobot_ws/src/install/kobuki_description/share/kobuki_description/meshes/stacks/circles/68-02403-125_Spacer.dae
[0.522s] -- Up-to-date: /home/wellyowo/locobot_sim/locobot_ws/src/install/kobuki_description/share/kobuki_description/meshes/stacks/circles/plate_1_logo.tga
[0.522s] -- Up-to-date: /home/wellyowo/locobot_sim/locobot_ws/src/install/kobuki_description/share/kobuki_description/meshes/stacks/circles/68-04552-2000-RA_Turtlebot_M-F_Standoff.dae
[0.522s] -- Up-to-date: /home/wellyowo/locobot_sim/locobot_ws/src/install/kobuki_description/share/kobuki_description/rviz
[0.522s] -- Up-to-date: /home/wellyowo/locobot_sim/locobot_ws/src/install/kobuki_description/share/kobuki_description/rviz/model.rviz
[0.522s] -- Up-to-date: /home/wellyowo/locobot_sim/locobot_ws/src/install/kobuki_description/share/kobuki_description/urdf
[0.522s] -- Up-to-date: /home/wellyowo/locobot_sim/locobot_ws/src/install/kobuki_description/share/kobuki_description/urdf/hexagons.urdf.xacro
[0.522s] -- Up-to-date: /home/wellyowo/locobot_sim/locobot_ws/src/install/kobuki_description/share/kobuki_description/urdf/turtlebot_gazebo.urdf.xacro
[0.522s] -- Up-to-date: /home/wellyowo/locobot_sim/locobot_ws/src/install/kobuki_description/share/kobuki_description/urdf/kobuki_standalone.urdf.xacro
[0.522s] -- Up-to-date: /home/wellyowo/locobot_sim/locobot_ws/src/install/kobuki_description/share/kobuki_description/urdf/kobuki_hexagons_asus_xtion_pro_sim.urdf.xacro
[0.522s] -- Up-to-date: /home/wellyowo/locobot_sim/locobot_ws/src/install/kobuki_description/share/kobuki_description/urdf/turtlebot_common_library.urdf.xacro
[0.522s] -- Up-to-date: /home/wellyowo/locobot_sim/locobot_ws/src/install/kobuki_description/share/kobuki_description/urdf/kobuki_gazebo.urdf.xacro
[0.525s] -- Up-to-date: /home/wellyowo/locobot_sim/locobot_ws/src/install/kobuki_description/share/kobuki_description/urdf/asus_xtion_pro_offset.urdf.xacro
[0.525s] -- Up-to-date: /home/wellyowo/locobot_sim/locobot_ws/src/install/kobuki_description/share/kobuki_description/urdf/sensors
[0.525s] -- Up-to-date: /home/wellyowo/locobot_sim/locobot_ws/src/install/kobuki_description/share/kobuki_description/urdf/sensors/r200.urdf.xacro
[0.525s] -- Up-to-date: /home/wellyowo/locobot_sim/locobot_ws/src/install/kobuki_description/share/kobuki_description/urdf/sensors/asus_xtion_pro.urdf.xacro
[0.526s] -- Up-to-date: /home/wellyowo/locobot_sim/locobot_ws/src/install/kobuki_description/share/kobuki_description/urdf/sensors/asus_xtion_pro_offset.urdf.xacro
[0.526s] -- Up-to-date: /home/wellyowo/locobot_sim/locobot_ws/src/install/kobuki_description/share/kobuki_description/urdf/sensors/kinect.urdf.xacro
[0.526s] -- Up-to-date: /home/wellyowo/locobot_sim/locobot_ws/src/install/kobuki_description/share/kobuki_description/urdf/sensors/astra.urdf.xacro
[0.526s] -- Up-to-date: /home/wellyowo/locobot_sim/locobot_ws/src/install/kobuki_description/share/kobuki_description/urdf/turtlebot_properties.urdf.xacro
[0.526s] -- Up-to-date: /home/wellyowo/locobot_sim/locobot_ws/src/install/kobuki_description/share/kobuki_description/urdf/kobuki.urdf.xacro
[0.526s] -- Up-to-date: /home/wellyowo/locobot_sim/locobot_ws/src/install/kobuki_description/share/kobuki_description/urdf/common_properties.urdf.xacro
[0.526s] -- Up-to-date: /home/wellyowo/locobot_sim/locobot_ws/src/install/kobuki_description/share/kobuki_description/urdf/stacks
[0.526s] -- Up-to-date: /home/wellyowo/locobot_sim/locobot_ws/src/install/kobuki_description/share/kobuki_description/urdf/stacks/hexagons.urdf.xacro
[0.526s] -- Up-to-date: /home/wellyowo/locobot_sim/locobot_ws/src/install/kobuki_description/share/kobuki_description/urdf/stacks/circles.urdf.xacro
[0.526s] -- Up-to-date: /home/wellyowo/locobot_sim/locobot_ws/src/install/kobuki_description/share/kobuki_description/urdf/kobuki_hexagons_asus_xtion_pro.urdf.xacro
[0.526s] -- Up-to-date: /home/wellyowo/locobot_sim/locobot_ws/src/install/kobuki_description/share/ament_index/resource_index/package_run_dependencies/kobuki_description
[0.526s] -- Up-to-date: /home/wellyowo/locobot_sim/locobot_ws/src/install/kobuki_description/share/ament_index/resource_index/parent_prefix_path/kobuki_description
[0.526s] -- Up-to-date: /home/wellyowo/locobot_sim/locobot_ws/src/install/kobuki_description/share/kobuki_description/environment/ament_prefix_path.sh
[0.526s] -- Up-to-date: /home/wellyowo/locobot_sim/locobot_ws/src/install/kobuki_description/share/kobuki_description/environment/ament_prefix_path.dsv
[0.526s] -- Up-to-date: /home/wellyowo/locobot_sim/locobot_ws/src/install/kobuki_description/share/kobuki_description/environment/path.sh
[0.526s] -- Up-to-date: /home/wellyowo/locobot_sim/locobot_ws/src/install/kobuki_description/share/kobuki_description/environment/path.dsv
[0.527s] -- Up-to-date: /home/wellyowo/locobot_sim/locobot_ws/src/install/kobuki_description/share/kobuki_description/local_setup.bash
[0.527s] -- Up-to-date: /home/wellyowo/locobot_sim/locobot_ws/src/install/kobuki_description/share/kobuki_description/local_setup.sh
[0.527s] -- Up-to-date: /home/wellyowo/locobot_sim/locobot_ws/src/install/kobuki_description/share/kobuki_description/local_setup.zsh
[0.527s] -- Up-to-date: /home/wellyowo/locobot_sim/locobot_ws/src/install/kobuki_description/share/kobuki_description/local_setup.dsv
[0.527s] -- Installing: /home/wellyowo/locobot_sim/locobot_ws/src/install/kobuki_description/share/kobuki_description/package.dsv
[0.527s] -- Up-to-date: /home/wellyowo/locobot_sim/locobot_ws/src/install/kobuki_description/share/ament_index/resource_index/packages/kobuki_description
[0.527s] -- Up-to-date: /home/wellyowo/locobot_sim/locobot_ws/src/install/kobuki_description/share/kobuki_description/cmake/kobuki_descriptionConfig.cmake
[0.527s] -- Up-to-date: /home/wellyowo/locobot_sim/locobot_ws/src/install/kobuki_description/share/kobuki_description/cmake/kobuki_descriptionConfig-version.cmake
[0.527s] -- Up-to-date: /home/wellyowo/locobot_sim/locobot_ws/src/install/kobuki_description/share/kobuki_description/package.xml
[0.673s] Invoked command in '/home/wellyowo/locobot_sim/locobot_ws/src/build/kobuki_description' returned '0': CMAKE_PREFIX_PATH=/opt/ros/humble /usr/bin/cmake --install /home/wellyowo/locobot_sim/locobot_ws/src/build/kobuki_description
