[0.256s] Invoking command in '/home/wellyowo/locobot_sim/locobot_ws/src/build/astra_camera_msgs': CMAKE_PREFIX_PATH=/opt/ros/humble /usr/bin/cmake --build /home/wellyowo/locobot_sim/locobot_ws/src/build/astra_camera_msgs -- -j16 -l16
[0.337s] [35m[1mConsolidate compiler generated dependencies of target astra_camera_msgs__rosidl_generator_c[0m
[0.341s] [  1%] Built target astra_camera_msgs__cpp
[0.360s] [ 12%] Built target astra_camera_msgs__rosidl_generator_c
[0.369s] [35m[1mConsolidate compiler generated dependencies of target astra_camera_msgs__rosidl_typesupport_introspection_cpp[0m
[0.381s] [ 12%] Built target ament_cmake_python_copy_astra_camera_msgs
[0.381s] [35m[1mConsolidate compiler generated dependencies of target astra_camera_msgs__rosidl_typesupport_c[0m
[0.422s] [35m[1mConsolidate compiler generated dependencies of target astra_camera_msgs__rosidl_typesupport_cpp[0m
[0.423s] [35m[1mConsolidate compiler generated dependencies of target astra_camera_msgs__rosidl_typesupport_fastrtps_cpp[0m
[0.423s] [35m[1mConsolidate compiler generated dependencies of target astra_camera_msgs__rosidl_typesupport_introspection_c[0m
[0.423s] [35m[1mConsolidate compiler generated dependencies of target astra_camera_msgs__rosidl_typesupport_fastrtps_c[0m
[0.427s] [ 24%] Built target astra_camera_msgs__rosidl_typesupport_c
[0.427s] [ 35%] Built target astra_camera_msgs__rosidl_typesupport_introspection_cpp
[0.429s] [ 47%] Built target astra_camera_msgs__rosidl_typesupport_introspection_c
[0.429s] [ 58%] Built target astra_camera_msgs__rosidl_typesupport_cpp
[0.446s] [ 70%] Built target astra_camera_msgs__rosidl_typesupport_fastrtps_c
[0.450s] [ 82%] Built target astra_camera_msgs__rosidl_typesupport_fastrtps_cpp
[0.500s] [ 82%] Built target astra_camera_msgs
[0.563s] [ 83%] Built target astra_camera_msgs__py
[0.583s] [35m[1mConsolidate compiler generated dependencies of target astra_camera_msgs__rosidl_generator_py[0m
[0.616s] [ 93%] Built target astra_camera_msgs__rosidl_generator_py
[0.629s] [35m[1mConsolidate compiler generated dependencies of target astra_camera_msgs__rosidl_typesupport_fastrtps_c__pyext[0m
[0.653s] [35m[1mConsolidate compiler generated dependencies of target astra_camera_msgs__rosidl_typesupport_introspection_c__pyext[0m
[0.653s] [35m[1mConsolidate compiler generated dependencies of target astra_camera_msgs__rosidl_typesupport_c__pyext[0m
[0.654s] [ 95%] Built target astra_camera_msgs__rosidl_typesupport_fastrtps_c__pyext
[0.664s] [ 97%] Built target astra_camera_msgs__rosidl_typesupport_introspection_c__pyext
[0.672s] [100%] Built target astra_camera_msgs__rosidl_typesupport_c__pyext
[0.819s] running egg_info
[0.819s] writing astra_camera_msgs.egg-info/PKG-INFO
[0.819s] writing dependency_links to astra_camera_msgs.egg-info/dependency_links.txt
[0.819s] writing top-level names to astra_camera_msgs.egg-info/top_level.txt
[0.819s] reading manifest file 'astra_camera_msgs.egg-info/SOURCES.txt'
[0.819s] writing manifest file 'astra_camera_msgs.egg-info/SOURCES.txt'
[0.843s] [100%] Built target ament_cmake_python_build_astra_camera_msgs_egg
[1.050s] Invoked command in '/home/wellyowo/locobot_sim/locobot_ws/src/build/astra_camera_msgs' returned '0': CMAKE_PREFIX_PATH=/opt/ros/humble /usr/bin/cmake --build /home/wellyowo/locobot_sim/locobot_ws/src/build/astra_camera_msgs -- -j16 -l16
[1.061s] Invoking command in '/home/wellyowo/locobot_sim/locobot_ws/src/build/astra_camera_msgs': CMAKE_PREFIX_PATH=/opt/ros/humble /usr/bin/cmake --install /home/wellyowo/locobot_sim/locobot_ws/src/build/astra_camera_msgs
[1.134s] -- Install configuration: ""
[1.134s] -- Up-to-date: /home/wellyowo/locobot_sim/locobot_ws/src/install/astra_camera_msgs/share/ament_index/resource_index/rosidl_interfaces/astra_camera_msgs
[1.134s] -- Up-to-date: /home/wellyowo/locobot_sim/locobot_ws/src/install/astra_camera_msgs/include/astra_camera_msgs/astra_camera_msgs
[1.134s] -- Up-to-date: /home/wellyowo/locobot_sim/locobot_ws/src/install/astra_camera_msgs/include/astra_camera_msgs/astra_camera_msgs/srv
[1.135s] -- Up-to-date: /home/wellyowo/locobot_sim/locobot_ws/src/install/astra_camera_msgs/include/astra_camera_msgs/astra_camera_msgs/srv/get_device_info.h
[1.135s] -- Up-to-date: /home/wellyowo/locobot_sim/locobot_ws/src/install/astra_camera_msgs/include/astra_camera_msgs/astra_camera_msgs/srv/set_int32.h
[1.135s] -- Up-to-date: /home/wellyowo/locobot_sim/locobot_ws/src/install/astra_camera_msgs/include/astra_camera_msgs/astra_camera_msgs/srv/get_camera_info.h
[1.135s] -- Up-to-date: /home/wellyowo/locobot_sim/locobot_ws/src/install/astra_camera_msgs/include/astra_camera_msgs/astra_camera_msgs/srv/get_string.h
[1.135s] -- Up-to-date: /home/wellyowo/locobot_sim/locobot_ws/src/install/astra_camera_msgs/include/astra_camera_msgs/astra_camera_msgs/srv/get_int32.h
[1.135s] -- Up-to-date: /home/wellyowo/locobot_sim/locobot_ws/src/install/astra_camera_msgs/include/astra_camera_msgs/astra_camera_msgs/srv/get_camera_params.h
[1.135s] -- Up-to-date: /home/wellyowo/locobot_sim/locobot_ws/src/install/astra_camera_msgs/include/astra_camera_msgs/astra_camera_msgs/srv/detail
[1.135s] -- Up-to-date: /home/wellyowo/locobot_sim/locobot_ws/src/install/astra_camera_msgs/include/astra_camera_msgs/astra_camera_msgs/srv/detail/get_int32__struct.h
[1.135s] -- Up-to-date: /home/wellyowo/locobot_sim/locobot_ws/src/install/astra_camera_msgs/include/astra_camera_msgs/astra_camera_msgs/srv/detail/get_int32__functions.h
[1.135s] -- Up-to-date: /home/wellyowo/locobot_sim/locobot_ws/src/install/astra_camera_msgs/include/astra_camera_msgs/astra_camera_msgs/srv/detail/get_camera_info__functions.c
[1.135s] -- Up-to-date: /home/wellyowo/locobot_sim/locobot_ws/src/install/astra_camera_msgs/include/astra_camera_msgs/astra_camera_msgs/srv/detail/get_device_info__functions.h
[1.135s] -- Up-to-date: /home/wellyowo/locobot_sim/locobot_ws/src/install/astra_camera_msgs/include/astra_camera_msgs/astra_camera_msgs/srv/detail/get_camera_info__type_support.h
[1.135s] -- Up-to-date: /home/wellyowo/locobot_sim/locobot_ws/src/install/astra_camera_msgs/include/astra_camera_msgs/astra_camera_msgs/srv/detail/set_int32__functions.h
[1.135s] -- Up-to-date: /home/wellyowo/locobot_sim/locobot_ws/src/install/astra_camera_msgs/include/astra_camera_msgs/astra_camera_msgs/srv/detail/set_int32__type_support.h
[1.135s] -- Up-to-date: /home/wellyowo/locobot_sim/locobot_ws/src/install/astra_camera_msgs/include/astra_camera_msgs/astra_camera_msgs/srv/detail/get_device_info__struct.h
[1.135s] -- Up-to-date: /home/wellyowo/locobot_sim/locobot_ws/src/install/astra_camera_msgs/include/astra_camera_msgs/astra_camera_msgs/srv/detail/get_string__struct.h
[1.141s] -- Up-to-date: /home/wellyowo/locobot_sim/locobot_ws/src/install/astra_camera_msgs/include/astra_camera_msgs/astra_camera_msgs/srv/detail/get_int32__type_support.h
[1.141s] -- Up-to-date: /home/wellyowo/locobot_sim/locobot_ws/src/install/astra_camera_msgs/include/astra_camera_msgs/astra_camera_msgs/srv/detail/get_camera_info__functions.h
[1.141s] -- Up-to-date: /home/wellyowo/locobot_sim/locobot_ws/src/install/astra_camera_msgs/include/astra_camera_msgs/astra_camera_msgs/srv/detail/get_camera_params__struct.h
[1.141s] -- Up-to-date: /home/wellyowo/locobot_sim/locobot_ws/src/install/astra_camera_msgs/include/astra_camera_msgs/astra_camera_msgs/srv/detail/get_device_info__functions.c
[1.141s] -- Up-to-date: /home/wellyowo/locobot_sim/locobot_ws/src/install/astra_camera_msgs/include/astra_camera_msgs/astra_camera_msgs/srv/detail/get_string__functions.c
[1.141s] -- Up-to-date: /home/wellyowo/locobot_sim/locobot_ws/src/install/astra_camera_msgs/include/astra_camera_msgs/astra_camera_msgs/srv/detail/get_camera_params__type_support.h
[1.141s] -- Up-to-date: /home/wellyowo/locobot_sim/locobot_ws/src/install/astra_camera_msgs/include/astra_camera_msgs/astra_camera_msgs/srv/detail/get_string__functions.h
[1.141s] -- Up-to-date: /home/wellyowo/locobot_sim/locobot_ws/src/install/astra_camera_msgs/include/astra_camera_msgs/astra_camera_msgs/srv/detail/get_string__type_support.h
[1.141s] -- Up-to-date: /home/wellyowo/locobot_sim/locobot_ws/src/install/astra_camera_msgs/include/astra_camera_msgs/astra_camera_msgs/srv/detail/get_int32__functions.c
[1.142s] -- Up-to-date: /home/wellyowo/locobot_sim/locobot_ws/src/install/astra_camera_msgs/include/astra_camera_msgs/astra_camera_msgs/srv/detail/get_camera_params__functions.c
[1.142s] -- Up-to-date: /home/wellyowo/locobot_sim/locobot_ws/src/install/astra_camera_msgs/include/astra_camera_msgs/astra_camera_msgs/srv/detail/set_int32__functions.c
[1.142s] -- Up-to-date: /home/wellyowo/locobot_sim/locobot_ws/src/install/astra_camera_msgs/include/astra_camera_msgs/astra_camera_msgs/srv/detail/get_device_info__type_support.h
[1.142s] -- Up-to-date: /home/wellyowo/locobot_sim/locobot_ws/src/install/astra_camera_msgs/include/astra_camera_msgs/astra_camera_msgs/srv/detail/get_camera_info__struct.h
[1.142s] -- Up-to-date: /home/wellyowo/locobot_sim/locobot_ws/src/install/astra_camera_msgs/include/astra_camera_msgs/astra_camera_msgs/srv/detail/set_int32__struct.h
[1.145s] -- Up-to-date: /home/wellyowo/locobot_sim/locobot_ws/src/install/astra_camera_msgs/include/astra_camera_msgs/astra_camera_msgs/srv/detail/get_camera_params__functions.h
[1.145s] -- Up-to-date: /home/wellyowo/locobot_sim/locobot_ws/src/install/astra_camera_msgs/include/astra_camera_msgs/astra_camera_msgs/msg
[1.145s] -- Up-to-date: /home/wellyowo/locobot_sim/locobot_ws/src/install/astra_camera_msgs/include/astra_camera_msgs/astra_camera_msgs/msg/metadata.h
[1.145s] -- Up-to-date: /home/wellyowo/locobot_sim/locobot_ws/src/install/astra_camera_msgs/include/astra_camera_msgs/astra_camera_msgs/msg/extrinsics.h
[1.145s] -- Up-to-date: /home/wellyowo/locobot_sim/locobot_ws/src/install/astra_camera_msgs/include/astra_camera_msgs/astra_camera_msgs/msg/device_info.h
[1.145s] -- Up-to-date: /home/wellyowo/locobot_sim/locobot_ws/src/install/astra_camera_msgs/include/astra_camera_msgs/astra_camera_msgs/msg/rosidl_generator_c__visibility_control.h
[1.145s] -- Up-to-date: /home/wellyowo/locobot_sim/locobot_ws/src/install/astra_camera_msgs/include/astra_camera_msgs/astra_camera_msgs/msg/detail
[1.145s] -- Up-to-date: /home/wellyowo/locobot_sim/locobot_ws/src/install/astra_camera_msgs/include/astra_camera_msgs/astra_camera_msgs/msg/detail/device_info__type_support.h
[1.145s] -- Up-to-date: /home/wellyowo/locobot_sim/locobot_ws/src/install/astra_camera_msgs/include/astra_camera_msgs/astra_camera_msgs/msg/detail/device_info__struct.h
[1.145s] -- Up-to-date: /home/wellyowo/locobot_sim/locobot_ws/src/install/astra_camera_msgs/include/astra_camera_msgs/astra_camera_msgs/msg/detail/metadata__type_support.h
[1.145s] -- Up-to-date: /home/wellyowo/locobot_sim/locobot_ws/src/install/astra_camera_msgs/include/astra_camera_msgs/astra_camera_msgs/msg/detail/device_info__functions.c
[1.146s] -- Up-to-date: /home/wellyowo/locobot_sim/locobot_ws/src/install/astra_camera_msgs/include/astra_camera_msgs/astra_camera_msgs/msg/detail/extrinsics__functions.c
[1.146s] -- Up-to-date: /home/wellyowo/locobot_sim/locobot_ws/src/install/astra_camera_msgs/include/astra_camera_msgs/astra_camera_msgs/msg/detail/metadata__functions.h
[1.146s] -- Up-to-date: /home/wellyowo/locobot_sim/locobot_ws/src/install/astra_camera_msgs/include/astra_camera_msgs/astra_camera_msgs/msg/detail/extrinsics__type_support.h
[1.146s] -- Up-to-date: /home/wellyowo/locobot_sim/locobot_ws/src/install/astra_camera_msgs/include/astra_camera_msgs/astra_camera_msgs/msg/detail/extrinsics__functions.h
[1.151s] -- Up-to-date: /home/wellyowo/locobot_sim/locobot_ws/src/install/astra_camera_msgs/include/astra_camera_msgs/astra_camera_msgs/msg/detail/metadata__struct.h
[1.151s] -- Up-to-date: /home/wellyowo/locobot_sim/locobot_ws/src/install/astra_camera_msgs/include/astra_camera_msgs/astra_camera_msgs/msg/detail/extrinsics__struct.h
[1.151s] -- Up-to-date: /home/wellyowo/locobot_sim/locobot_ws/src/install/astra_camera_msgs/include/astra_camera_msgs/astra_camera_msgs/msg/detail/device_info__functions.h
[1.151s] -- Up-to-date: /home/wellyowo/locobot_sim/locobot_ws/src/install/astra_camera_msgs/include/astra_camera_msgs/astra_camera_msgs/msg/detail/metadata__functions.c
[1.151s] -- Up-to-date: /home/wellyowo/locobot_sim/locobot_ws/src/install/astra_camera_msgs/share/astra_camera_msgs/environment/library_path.sh
[1.152s] -- Up-to-date: /home/wellyowo/locobot_sim/locobot_ws/src/install/astra_camera_msgs/share/astra_camera_msgs/environment/library_path.dsv
[1.152s] -- Up-to-date: /home/wellyowo/locobot_sim/locobot_ws/src/install/astra_camera_msgs/lib/libastra_camera_msgs__rosidl_generator_c.so
[1.152s] -- Up-to-date: /home/wellyowo/locobot_sim/locobot_ws/src/install/astra_camera_msgs/include/astra_camera_msgs/astra_camera_msgs
[1.152s] -- Up-to-date: /home/wellyowo/locobot_sim/locobot_ws/src/install/astra_camera_msgs/include/astra_camera_msgs/astra_camera_msgs/srv
[1.152s] -- Up-to-date: /home/wellyowo/locobot_sim/locobot_ws/src/install/astra_camera_msgs/include/astra_camera_msgs/astra_camera_msgs/srv/detail
[1.152s] -- Up-to-date: /home/wellyowo/locobot_sim/locobot_ws/src/install/astra_camera_msgs/include/astra_camera_msgs/astra_camera_msgs/srv/detail/get_string__rosidl_typesupport_fastrtps_c.h
[1.152s] -- Up-to-date: /home/wellyowo/locobot_sim/locobot_ws/src/install/astra_camera_msgs/include/astra_camera_msgs/astra_camera_msgs/srv/detail/get_device_info__rosidl_typesupport_fastrtps_c.h
[1.152s] -- Up-to-date: /home/wellyowo/locobot_sim/locobot_ws/src/install/astra_camera_msgs/include/astra_camera_msgs/astra_camera_msgs/srv/detail/get_int32__rosidl_typesupport_fastrtps_c.h
[1.152s] -- Up-to-date: /home/wellyowo/locobot_sim/locobot_ws/src/install/astra_camera_msgs/include/astra_camera_msgs/astra_camera_msgs/srv/detail/set_int32__rosidl_typesupport_fastrtps_c.h
[1.152s] -- Up-to-date: /home/wellyowo/locobot_sim/locobot_ws/src/install/astra_camera_msgs/include/astra_camera_msgs/astra_camera_msgs/srv/detail/get_camera_params__rosidl_typesupport_fastrtps_c.h
[1.152s] -- Up-to-date: /home/wellyowo/locobot_sim/locobot_ws/src/install/astra_camera_msgs/include/astra_camera_msgs/astra_camera_msgs/srv/detail/get_camera_info__rosidl_typesupport_fastrtps_c.h
[1.152s] -- Up-to-date: /home/wellyowo/locobot_sim/locobot_ws/src/install/astra_camera_msgs/include/astra_camera_msgs/astra_camera_msgs/msg
[1.152s] -- Up-to-date: /home/wellyowo/locobot_sim/locobot_ws/src/install/astra_camera_msgs/include/astra_camera_msgs/astra_camera_msgs/msg/rosidl_typesupport_fastrtps_c__visibility_control.h
[1.152s] -- Up-to-date: /home/wellyowo/locobot_sim/locobot_ws/src/install/astra_camera_msgs/include/astra_camera_msgs/astra_camera_msgs/msg/detail
[1.152s] -- Up-to-date: /home/wellyowo/locobot_sim/locobot_ws/src/install/astra_camera_msgs/include/astra_camera_msgs/astra_camera_msgs/msg/detail/device_info__rosidl_typesupport_fastrtps_c.h
[1.153s] -- Up-to-date: /home/wellyowo/locobot_sim/locobot_ws/src/install/astra_camera_msgs/include/astra_camera_msgs/astra_camera_msgs/msg/detail/metadata__rosidl_typesupport_fastrtps_c.h
[1.153s] -- Up-to-date: /home/wellyowo/locobot_sim/locobot_ws/src/install/astra_camera_msgs/include/astra_camera_msgs/astra_camera_msgs/msg/detail/extrinsics__rosidl_typesupport_fastrtps_c.h
[1.153s] -- Up-to-date: /home/wellyowo/locobot_sim/locobot_ws/src/install/astra_camera_msgs/lib/libastra_camera_msgs__rosidl_typesupport_fastrtps_c.so
[1.153s] -- Up-to-date: /home/wellyowo/locobot_sim/locobot_ws/src/install/astra_camera_msgs/include/astra_camera_msgs/astra_camera_msgs
[1.153s] -- Up-to-date: /home/wellyowo/locobot_sim/locobot_ws/src/install/astra_camera_msgs/include/astra_camera_msgs/astra_camera_msgs/srv
[1.153s] -- Up-to-date: /home/wellyowo/locobot_sim/locobot_ws/src/install/astra_camera_msgs/include/astra_camera_msgs/astra_camera_msgs/srv/detail
[1.153s] -- Up-to-date: /home/wellyowo/locobot_sim/locobot_ws/src/install/astra_camera_msgs/include/astra_camera_msgs/astra_camera_msgs/srv/detail/get_camera_info__type_support.c
[1.153s] -- Up-to-date: /home/wellyowo/locobot_sim/locobot_ws/src/install/astra_camera_msgs/include/astra_camera_msgs/astra_camera_msgs/srv/detail/get_string__rosidl_typesupport_introspection_c.h
[1.153s] -- Up-to-date: /home/wellyowo/locobot_sim/locobot_ws/src/install/astra_camera_msgs/include/astra_camera_msgs/astra_camera_msgs/srv/detail/set_int32__rosidl_typesupport_introspection_c.h
[1.153s] -- Up-to-date: /home/wellyowo/locobot_sim/locobot_ws/src/install/astra_camera_msgs/include/astra_camera_msgs/astra_camera_msgs/srv/detail/set_int32__type_support.c
[1.153s] -- Up-to-date: /home/wellyowo/locobot_sim/locobot_ws/src/install/astra_camera_msgs/include/astra_camera_msgs/astra_camera_msgs/srv/detail/get_int32__type_support.c
[1.153s] -- Up-to-date: /home/wellyowo/locobot_sim/locobot_ws/src/install/astra_camera_msgs/include/astra_camera_msgs/astra_camera_msgs/srv/detail/get_camera_params__type_support.c
[1.153s] -- Up-to-date: /home/wellyowo/locobot_sim/locobot_ws/src/install/astra_camera_msgs/include/astra_camera_msgs/astra_camera_msgs/srv/detail/get_device_info__rosidl_typesupport_introspection_c.h
[1.153s] -- Up-to-date: /home/wellyowo/locobot_sim/locobot_ws/src/install/astra_camera_msgs/include/astra_camera_msgs/astra_camera_msgs/srv/detail/get_int32__rosidl_typesupport_introspection_c.h
[1.153s] -- Up-to-date: /home/wellyowo/locobot_sim/locobot_ws/src/install/astra_camera_msgs/include/astra_camera_msgs/astra_camera_msgs/srv/detail/get_camera_params__rosidl_typesupport_introspection_c.h
[1.153s] -- Up-to-date: /home/wellyowo/locobot_sim/locobot_ws/src/install/astra_camera_msgs/include/astra_camera_msgs/astra_camera_msgs/srv/detail/get_camera_info__rosidl_typesupport_introspection_c.h
[1.154s] -- Up-to-date: /home/wellyowo/locobot_sim/locobot_ws/src/install/astra_camera_msgs/include/astra_camera_msgs/astra_camera_msgs/srv/detail/get_string__type_support.c
[1.154s] -- Up-to-date: /home/wellyowo/locobot_sim/locobot_ws/src/install/astra_camera_msgs/include/astra_camera_msgs/astra_camera_msgs/srv/detail/get_device_info__type_support.c
[1.154s] -- Up-to-date: /home/wellyowo/locobot_sim/locobot_ws/src/install/astra_camera_msgs/include/astra_camera_msgs/astra_camera_msgs/msg
[1.154s] -- Up-to-date: /home/wellyowo/locobot_sim/locobot_ws/src/install/astra_camera_msgs/include/astra_camera_msgs/astra_camera_msgs/msg/rosidl_typesupport_introspection_c__visibility_control.h
[1.154s] -- Up-to-date: /home/wellyowo/locobot_sim/locobot_ws/src/install/astra_camera_msgs/include/astra_camera_msgs/astra_camera_msgs/msg/detail
[1.154s] -- Up-to-date: /home/wellyowo/locobot_sim/locobot_ws/src/install/astra_camera_msgs/include/astra_camera_msgs/astra_camera_msgs/msg/detail/device_info__rosidl_typesupport_introspection_c.h
[1.154s] -- Up-to-date: /home/wellyowo/locobot_sim/locobot_ws/src/install/astra_camera_msgs/include/astra_camera_msgs/astra_camera_msgs/msg/detail/metadata__type_support.c
[1.154s] -- Up-to-date: /home/wellyowo/locobot_sim/locobot_ws/src/install/astra_camera_msgs/include/astra_camera_msgs/astra_camera_msgs/msg/detail/extrinsics__rosidl_typesupport_introspection_c.h
[1.154s] -- Up-to-date: /home/wellyowo/locobot_sim/locobot_ws/src/install/astra_camera_msgs/include/astra_camera_msgs/astra_camera_msgs/msg/detail/device_info__type_support.c
[1.154s] -- Up-to-date: /home/wellyowo/locobot_sim/locobot_ws/src/install/astra_camera_msgs/include/astra_camera_msgs/astra_camera_msgs/msg/detail/metadata__rosidl_typesupport_introspection_c.h
[1.154s] -- Up-to-date: /home/wellyowo/locobot_sim/locobot_ws/src/install/astra_camera_msgs/include/astra_camera_msgs/astra_camera_msgs/msg/detail/extrinsics__type_support.c
[1.154s] -- Up-to-date: /home/wellyowo/locobot_sim/locobot_ws/src/install/astra_camera_msgs/lib/libastra_camera_msgs__rosidl_typesupport_introspection_c.so
[1.154s] -- Up-to-date: /home/wellyowo/locobot_sim/locobot_ws/src/install/astra_camera_msgs/lib/libastra_camera_msgs__rosidl_typesupport_c.so
[1.154s] -- Up-to-date: /home/wellyowo/locobot_sim/locobot_ws/src/install/astra_camera_msgs/include/astra_camera_msgs/astra_camera_msgs
[1.154s] -- Up-to-date: /home/wellyowo/locobot_sim/locobot_ws/src/install/astra_camera_msgs/include/astra_camera_msgs/astra_camera_msgs/srv
[1.154s] -- Up-to-date: /home/wellyowo/locobot_sim/locobot_ws/src/install/astra_camera_msgs/include/astra_camera_msgs/astra_camera_msgs/srv/get_camera_info.hpp
[1.155s] -- Up-to-date: /home/wellyowo/locobot_sim/locobot_ws/src/install/astra_camera_msgs/include/astra_camera_msgs/astra_camera_msgs/srv/get_camera_params.hpp
[1.155s] -- Up-to-date: /home/wellyowo/locobot_sim/locobot_ws/src/install/astra_camera_msgs/include/astra_camera_msgs/astra_camera_msgs/srv/get_int32.hpp
[1.155s] -- Up-to-date: /home/wellyowo/locobot_sim/locobot_ws/src/install/astra_camera_msgs/include/astra_camera_msgs/astra_camera_msgs/srv/get_string.hpp
[1.159s] -- Up-to-date: /home/wellyowo/locobot_sim/locobot_ws/src/install/astra_camera_msgs/include/astra_camera_msgs/astra_camera_msgs/srv/get_device_info.hpp
[1.159s] -- Up-to-date: /home/wellyowo/locobot_sim/locobot_ws/src/install/astra_camera_msgs/include/astra_camera_msgs/astra_camera_msgs/srv/set_int32.hpp
[1.159s] -- Up-to-date: /home/wellyowo/locobot_sim/locobot_ws/src/install/astra_camera_msgs/include/astra_camera_msgs/astra_camera_msgs/srv/detail
[1.159s] -- Up-to-date: /home/wellyowo/locobot_sim/locobot_ws/src/install/astra_camera_msgs/include/astra_camera_msgs/astra_camera_msgs/srv/detail/get_device_info__traits.hpp
[1.159s] -- Up-to-date: /home/wellyowo/locobot_sim/locobot_ws/src/install/astra_camera_msgs/include/astra_camera_msgs/astra_camera_msgs/srv/detail/get_string__type_support.hpp
[1.170s] -- Up-to-date: /home/wellyowo/locobot_sim/locobot_ws/src/install/astra_camera_msgs/include/astra_camera_msgs/astra_camera_msgs/srv/detail/get_int32__builder.hpp
[1.170s] -- Up-to-date: /home/wellyowo/locobot_sim/locobot_ws/src/install/astra_camera_msgs/include/astra_camera_msgs/astra_camera_msgs/srv/detail/set_int32__builder.hpp
[1.170s] -- Up-to-date: /home/wellyowo/locobot_sim/locobot_ws/src/install/astra_camera_msgs/include/astra_camera_msgs/astra_camera_msgs/srv/detail/get_device_info__struct.hpp
[1.170s] -- Up-to-date: /home/wellyowo/locobot_sim/locobot_ws/src/install/astra_camera_msgs/include/astra_camera_msgs/astra_camera_msgs/srv/detail/get_camera_params__struct.hpp
[1.170s] -- Up-to-date: /home/wellyowo/locobot_sim/locobot_ws/src/install/astra_camera_msgs/include/astra_camera_msgs/astra_camera_msgs/srv/detail/get_camera_params__traits.hpp
[1.170s] -- Up-to-date: /home/wellyowo/locobot_sim/locobot_ws/src/install/astra_camera_msgs/include/astra_camera_msgs/astra_camera_msgs/srv/detail/set_int32__struct.hpp
[1.170s] -- Up-to-date: /home/wellyowo/locobot_sim/locobot_ws/src/install/astra_camera_msgs/include/astra_camera_msgs/astra_camera_msgs/srv/detail/get_string__struct.hpp
[1.170s] -- Up-to-date: /home/wellyowo/locobot_sim/locobot_ws/src/install/astra_camera_msgs/include/astra_camera_msgs/astra_camera_msgs/srv/detail/get_int32__traits.hpp
[1.170s] -- Up-to-date: /home/wellyowo/locobot_sim/locobot_ws/src/install/astra_camera_msgs/include/astra_camera_msgs/astra_camera_msgs/srv/detail/get_camera_info__type_support.hpp
[1.170s] -- Up-to-date: /home/wellyowo/locobot_sim/locobot_ws/src/install/astra_camera_msgs/include/astra_camera_msgs/astra_camera_msgs/srv/detail/set_int32__type_support.hpp
[1.170s] -- Up-to-date: /home/wellyowo/locobot_sim/locobot_ws/src/install/astra_camera_msgs/include/astra_camera_msgs/astra_camera_msgs/srv/detail/get_camera_info__traits.hpp
[1.170s] -- Up-to-date: /home/wellyowo/locobot_sim/locobot_ws/src/install/astra_camera_msgs/include/astra_camera_msgs/astra_camera_msgs/srv/detail/get_camera_info__struct.hpp
[1.171s] -- Up-to-date: /home/wellyowo/locobot_sim/locobot_ws/src/install/astra_camera_msgs/include/astra_camera_msgs/astra_camera_msgs/srv/detail/get_int32__type_support.hpp
[1.171s] -- Up-to-date: /home/wellyowo/locobot_sim/locobot_ws/src/install/astra_camera_msgs/include/astra_camera_msgs/astra_camera_msgs/srv/detail/get_camera_params__builder.hpp
[1.171s] -- Up-to-date: /home/wellyowo/locobot_sim/locobot_ws/src/install/astra_camera_msgs/include/astra_camera_msgs/astra_camera_msgs/srv/detail/get_camera_params__type_support.hpp
[1.171s] -- Up-to-date: /home/wellyowo/locobot_sim/locobot_ws/src/install/astra_camera_msgs/include/astra_camera_msgs/astra_camera_msgs/srv/detail/get_camera_info__builder.hpp
[1.171s] -- Up-to-date: /home/wellyowo/locobot_sim/locobot_ws/src/install/astra_camera_msgs/include/astra_camera_msgs/astra_camera_msgs/srv/detail/get_int32__struct.hpp
[1.171s] -- Up-to-date: /home/wellyowo/locobot_sim/locobot_ws/src/install/astra_camera_msgs/include/astra_camera_msgs/astra_camera_msgs/srv/detail/get_string__traits.hpp
[1.171s] -- Up-to-date: /home/wellyowo/locobot_sim/locobot_ws/src/install/astra_camera_msgs/include/astra_camera_msgs/astra_camera_msgs/srv/detail/set_int32__traits.hpp
[1.171s] -- Up-to-date: /home/wellyowo/locobot_sim/locobot_ws/src/install/astra_camera_msgs/include/astra_camera_msgs/astra_camera_msgs/srv/detail/get_device_info__type_support.hpp
[1.171s] -- Up-to-date: /home/wellyowo/locobot_sim/locobot_ws/src/install/astra_camera_msgs/include/astra_camera_msgs/astra_camera_msgs/srv/detail/get_device_info__builder.hpp
[1.171s] -- Up-to-date: /home/wellyowo/locobot_sim/locobot_ws/src/install/astra_camera_msgs/include/astra_camera_msgs/astra_camera_msgs/srv/detail/get_string__builder.hpp
[1.171s] -- Up-to-date: /home/wellyowo/locobot_sim/locobot_ws/src/install/astra_camera_msgs/include/astra_camera_msgs/astra_camera_msgs/msg
[1.171s] -- Up-to-date: /home/wellyowo/locobot_sim/locobot_ws/src/install/astra_camera_msgs/include/astra_camera_msgs/astra_camera_msgs/msg/device_info.hpp
[1.171s] -- Up-to-date: /home/wellyowo/locobot_sim/locobot_ws/src/install/astra_camera_msgs/include/astra_camera_msgs/astra_camera_msgs/msg/rosidl_generator_cpp__visibility_control.hpp
[1.171s] -- Up-to-date: /home/wellyowo/locobot_sim/locobot_ws/src/install/astra_camera_msgs/include/astra_camera_msgs/astra_camera_msgs/msg/extrinsics.hpp
[1.171s] -- Up-to-date: /home/wellyowo/locobot_sim/locobot_ws/src/install/astra_camera_msgs/include/astra_camera_msgs/astra_camera_msgs/msg/metadata.hpp
[1.171s] -- Up-to-date: /home/wellyowo/locobot_sim/locobot_ws/src/install/astra_camera_msgs/include/astra_camera_msgs/astra_camera_msgs/msg/detail
[1.171s] -- Up-to-date: /home/wellyowo/locobot_sim/locobot_ws/src/install/astra_camera_msgs/include/astra_camera_msgs/astra_camera_msgs/msg/detail/extrinsics__struct.hpp
[1.172s] -- Up-to-date: /home/wellyowo/locobot_sim/locobot_ws/src/install/astra_camera_msgs/include/astra_camera_msgs/astra_camera_msgs/msg/detail/metadata__type_support.hpp
[1.172s] -- Up-to-date: /home/wellyowo/locobot_sim/locobot_ws/src/install/astra_camera_msgs/include/astra_camera_msgs/astra_camera_msgs/msg/detail/device_info__builder.hpp
[1.172s] -- Up-to-date: /home/wellyowo/locobot_sim/locobot_ws/src/install/astra_camera_msgs/include/astra_camera_msgs/astra_camera_msgs/msg/detail/device_info__type_support.hpp
[1.172s] -- Up-to-date: /home/wellyowo/locobot_sim/locobot_ws/src/install/astra_camera_msgs/include/astra_camera_msgs/astra_camera_msgs/msg/detail/metadata__traits.hpp
[1.172s] -- Up-to-date: /home/wellyowo/locobot_sim/locobot_ws/src/install/astra_camera_msgs/include/astra_camera_msgs/astra_camera_msgs/msg/detail/metadata__struct.hpp
[1.172s] -- Up-to-date: /home/wellyowo/locobot_sim/locobot_ws/src/install/astra_camera_msgs/include/astra_camera_msgs/astra_camera_msgs/msg/detail/extrinsics__type_support.hpp
[1.172s] -- Up-to-date: /home/wellyowo/locobot_sim/locobot_ws/src/install/astra_camera_msgs/include/astra_camera_msgs/astra_camera_msgs/msg/detail/device_info__traits.hpp
[1.172s] -- Up-to-date: /home/wellyowo/locobot_sim/locobot_ws/src/install/astra_camera_msgs/include/astra_camera_msgs/astra_camera_msgs/msg/detail/extrinsics__builder.hpp
[1.172s] -- Up-to-date: /home/wellyowo/locobot_sim/locobot_ws/src/install/astra_camera_msgs/include/astra_camera_msgs/astra_camera_msgs/msg/detail/extrinsics__traits.hpp
[1.172s] -- Up-to-date: /home/wellyowo/locobot_sim/locobot_ws/src/install/astra_camera_msgs/include/astra_camera_msgs/astra_camera_msgs/msg/detail/metadata__builder.hpp
[1.172s] -- Up-to-date: /home/wellyowo/locobot_sim/locobot_ws/src/install/astra_camera_msgs/include/astra_camera_msgs/astra_camera_msgs/msg/detail/device_info__struct.hpp
[1.172s] -- Up-to-date: /home/wellyowo/locobot_sim/locobot_ws/src/install/astra_camera_msgs/include/astra_camera_msgs/astra_camera_msgs
[1.172s] -- Up-to-date: /home/wellyowo/locobot_sim/locobot_ws/src/install/astra_camera_msgs/include/astra_camera_msgs/astra_camera_msgs/srv
[1.172s] -- Up-to-date: /home/wellyowo/locobot_sim/locobot_ws/src/install/astra_camera_msgs/include/astra_camera_msgs/astra_camera_msgs/srv/detail
[1.172s] -- Up-to-date: /home/wellyowo/locobot_sim/locobot_ws/src/install/astra_camera_msgs/include/astra_camera_msgs/astra_camera_msgs/srv/detail/get_device_info__rosidl_typesupport_fastrtps_cpp.hpp
[1.172s] -- Up-to-date: /home/wellyowo/locobot_sim/locobot_ws/src/install/astra_camera_msgs/include/astra_camera_msgs/astra_camera_msgs/srv/detail/get_string__rosidl_typesupport_fastrtps_cpp.hpp
[1.172s] -- Up-to-date: /home/wellyowo/locobot_sim/locobot_ws/src/install/astra_camera_msgs/include/astra_camera_msgs/astra_camera_msgs/srv/detail/get_camera_info__rosidl_typesupport_fastrtps_cpp.hpp
[1.173s] -- Up-to-date: /home/wellyowo/locobot_sim/locobot_ws/src/install/astra_camera_msgs/include/astra_camera_msgs/astra_camera_msgs/srv/detail/get_int32__rosidl_typesupport_fastrtps_cpp.hpp
[1.173s] -- Up-to-date: /home/wellyowo/locobot_sim/locobot_ws/src/install/astra_camera_msgs/include/astra_camera_msgs/astra_camera_msgs/srv/detail/set_int32__rosidl_typesupport_fastrtps_cpp.hpp
[1.173s] -- Up-to-date: /home/wellyowo/locobot_sim/locobot_ws/src/install/astra_camera_msgs/include/astra_camera_msgs/astra_camera_msgs/srv/detail/get_camera_params__rosidl_typesupport_fastrtps_cpp.hpp
[1.174s] -- Up-to-date: /home/wellyowo/locobot_sim/locobot_ws/src/install/astra_camera_msgs/include/astra_camera_msgs/astra_camera_msgs/srv/detail/dds_fastrtps
[1.175s] -- Up-to-date: /home/wellyowo/locobot_sim/locobot_ws/src/install/astra_camera_msgs/include/astra_camera_msgs/astra_camera_msgs/msg
[1.175s] -- Up-to-date: /home/wellyowo/locobot_sim/locobot_ws/src/install/astra_camera_msgs/include/astra_camera_msgs/astra_camera_msgs/msg/rosidl_typesupport_fastrtps_cpp__visibility_control.h
[1.175s] -- Up-to-date: /home/wellyowo/locobot_sim/locobot_ws/src/install/astra_camera_msgs/include/astra_camera_msgs/astra_camera_msgs/msg/detail
[1.175s] -- Up-to-date: /home/wellyowo/locobot_sim/locobot_ws/src/install/astra_camera_msgs/include/astra_camera_msgs/astra_camera_msgs/msg/detail/metadata__rosidl_typesupport_fastrtps_cpp.hpp
[1.175s] -- Up-to-date: /home/wellyowo/locobot_sim/locobot_ws/src/install/astra_camera_msgs/include/astra_camera_msgs/astra_camera_msgs/msg/detail/device_info__rosidl_typesupport_fastrtps_cpp.hpp
[1.175s] -- Up-to-date: /home/wellyowo/locobot_sim/locobot_ws/src/install/astra_camera_msgs/include/astra_camera_msgs/astra_camera_msgs/msg/detail/extrinsics__rosidl_typesupport_fastrtps_cpp.hpp
[1.175s] -- Up-to-date: /home/wellyowo/locobot_sim/locobot_ws/src/install/astra_camera_msgs/include/astra_camera_msgs/astra_camera_msgs/msg/detail/dds_fastrtps
[1.175s] -- Up-to-date: /home/wellyowo/locobot_sim/locobot_ws/src/install/astra_camera_msgs/lib/libastra_camera_msgs__rosidl_typesupport_fastrtps_cpp.so
[1.175s] -- Up-to-date: /home/wellyowo/locobot_sim/locobot_ws/src/install/astra_camera_msgs/include/astra_camera_msgs/astra_camera_msgs
[1.175s] -- Up-to-date: /home/wellyowo/locobot_sim/locobot_ws/src/install/astra_camera_msgs/include/astra_camera_msgs/astra_camera_msgs/srv
[1.175s] -- Up-to-date: /home/wellyowo/locobot_sim/locobot_ws/src/install/astra_camera_msgs/include/astra_camera_msgs/astra_camera_msgs/srv/detail
[1.176s] -- Up-to-date: /home/wellyowo/locobot_sim/locobot_ws/src/install/astra_camera_msgs/include/astra_camera_msgs/astra_camera_msgs/srv/detail/get_camera_info__rosidl_typesupport_introspection_cpp.hpp
[1.176s] -- Up-to-date: /home/wellyowo/locobot_sim/locobot_ws/src/install/astra_camera_msgs/include/astra_camera_msgs/astra_camera_msgs/srv/detail/get_string__rosidl_typesupport_introspection_cpp.hpp
[1.176s] -- Up-to-date: /home/wellyowo/locobot_sim/locobot_ws/src/install/astra_camera_msgs/include/astra_camera_msgs/astra_camera_msgs/srv/detail/get_camera_params__rosidl_typesupport_introspection_cpp.hpp
[1.176s] -- Up-to-date: /home/wellyowo/locobot_sim/locobot_ws/src/install/astra_camera_msgs/include/astra_camera_msgs/astra_camera_msgs/srv/detail/set_int32__rosidl_typesupport_introspection_cpp.hpp
[1.176s] -- Up-to-date: /home/wellyowo/locobot_sim/locobot_ws/src/install/astra_camera_msgs/include/astra_camera_msgs/astra_camera_msgs/srv/detail/get_int32__rosidl_typesupport_introspection_cpp.hpp
[1.176s] -- Up-to-date: /home/wellyowo/locobot_sim/locobot_ws/src/install/astra_camera_msgs/include/astra_camera_msgs/astra_camera_msgs/srv/detail/get_string__type_support.cpp
[1.176s] -- Up-to-date: /home/wellyowo/locobot_sim/locobot_ws/src/install/astra_camera_msgs/include/astra_camera_msgs/astra_camera_msgs/srv/detail/get_camera_info__type_support.cpp
[1.176s] -- Up-to-date: /home/wellyowo/locobot_sim/locobot_ws/src/install/astra_camera_msgs/include/astra_camera_msgs/astra_camera_msgs/srv/detail/get_int32__type_support.cpp
[1.176s] -- Up-to-date: /home/wellyowo/locobot_sim/locobot_ws/src/install/astra_camera_msgs/include/astra_camera_msgs/astra_camera_msgs/srv/detail/get_device_info__rosidl_typesupport_introspection_cpp.hpp
[1.176s] -- Up-to-date: /home/wellyowo/locobot_sim/locobot_ws/src/install/astra_camera_msgs/include/astra_camera_msgs/astra_camera_msgs/srv/detail/set_int32__type_support.cpp
[1.176s] -- Up-to-date: /home/wellyowo/locobot_sim/locobot_ws/src/install/astra_camera_msgs/include/astra_camera_msgs/astra_camera_msgs/srv/detail/get_camera_params__type_support.cpp
[1.176s] -- Up-to-date: /home/wellyowo/locobot_sim/locobot_ws/src/install/astra_camera_msgs/include/astra_camera_msgs/astra_camera_msgs/srv/detail/get_device_info__type_support.cpp
[1.176s] -- Up-to-date: /home/wellyowo/locobot_sim/locobot_ws/src/install/astra_camera_msgs/include/astra_camera_msgs/astra_camera_msgs/msg
[1.176s] -- Up-to-date: /home/wellyowo/locobot_sim/locobot_ws/src/install/astra_camera_msgs/include/astra_camera_msgs/astra_camera_msgs/msg/detail
[1.176s] -- Up-to-date: /home/wellyowo/locobot_sim/locobot_ws/src/install/astra_camera_msgs/include/astra_camera_msgs/astra_camera_msgs/msg/detail/device_info__type_support.cpp
[1.176s] -- Up-to-date: /home/wellyowo/locobot_sim/locobot_ws/src/install/astra_camera_msgs/include/astra_camera_msgs/astra_camera_msgs/msg/detail/device_info__rosidl_typesupport_introspection_cpp.hpp
[1.177s] -- Up-to-date: /home/wellyowo/locobot_sim/locobot_ws/src/install/astra_camera_msgs/include/astra_camera_msgs/astra_camera_msgs/msg/detail/metadata__type_support.cpp
[1.177s] -- Up-to-date: /home/wellyowo/locobot_sim/locobot_ws/src/install/astra_camera_msgs/include/astra_camera_msgs/astra_camera_msgs/msg/detail/metadata__rosidl_typesupport_introspection_cpp.hpp
[1.177s] -- Up-to-date: /home/wellyowo/locobot_sim/locobot_ws/src/install/astra_camera_msgs/include/astra_camera_msgs/astra_camera_msgs/msg/detail/extrinsics__rosidl_typesupport_introspection_cpp.hpp
[1.177s] -- Up-to-date: /home/wellyowo/locobot_sim/locobot_ws/src/install/astra_camera_msgs/include/astra_camera_msgs/astra_camera_msgs/msg/detail/extrinsics__type_support.cpp
[1.177s] -- Up-to-date: /home/wellyowo/locobot_sim/locobot_ws/src/install/astra_camera_msgs/lib/libastra_camera_msgs__rosidl_typesupport_introspection_cpp.so
[1.177s] -- Up-to-date: /home/wellyowo/locobot_sim/locobot_ws/src/install/astra_camera_msgs/lib/libastra_camera_msgs__rosidl_typesupport_cpp.so
[1.177s] -- Up-to-date: /home/wellyowo/locobot_sim/locobot_ws/src/install/astra_camera_msgs/share/astra_camera_msgs/environment/pythonpath.sh
[1.177s] -- Up-to-date: /home/wellyowo/locobot_sim/locobot_ws/src/install/astra_camera_msgs/share/astra_camera_msgs/environment/pythonpath.dsv
[1.179s] -- Up-to-date: /home/wellyowo/locobot_sim/locobot_ws/src/install/astra_camera_msgs/local/lib/python3.10/dist-packages/astra_camera_msgs-1.0.1-py3.10.egg-info
[1.180s] -- Installing: /home/wellyowo/locobot_sim/locobot_ws/src/install/astra_camera_msgs/local/lib/python3.10/dist-packages/astra_camera_msgs-1.0.1-py3.10.egg-info/SOURCES.txt
[1.180s] -- Installing: /home/wellyowo/locobot_sim/locobot_ws/src/install/astra_camera_msgs/local/lib/python3.10/dist-packages/astra_camera_msgs-1.0.1-py3.10.egg-info/PKG-INFO
[1.180s] -- Installing: /home/wellyowo/locobot_sim/locobot_ws/src/install/astra_camera_msgs/local/lib/python3.10/dist-packages/astra_camera_msgs-1.0.1-py3.10.egg-info/top_level.txt
[1.180s] -- Installing: /home/wellyowo/locobot_sim/locobot_ws/src/install/astra_camera_msgs/local/lib/python3.10/dist-packages/astra_camera_msgs-1.0.1-py3.10.egg-info/dependency_links.txt
[1.180s] -- Up-to-date: /home/wellyowo/locobot_sim/locobot_ws/src/install/astra_camera_msgs/local/lib/python3.10/dist-packages/astra_camera_msgs
[1.180s] -- Up-to-date: /home/wellyowo/locobot_sim/locobot_ws/src/install/astra_camera_msgs/local/lib/python3.10/dist-packages/astra_camera_msgs/astra_camera_msgs_s__rosidl_typesupport_fastrtps_c.cpython-310-x86_64-linux-gnu.so
[1.180s] -- Up-to-date: /home/wellyowo/locobot_sim/locobot_ws/src/install/astra_camera_msgs/local/lib/python3.10/dist-packages/astra_camera_msgs/__init__.py
[1.180s] -- Up-to-date: /home/wellyowo/locobot_sim/locobot_ws/src/install/astra_camera_msgs/local/lib/python3.10/dist-packages/astra_camera_msgs/srv
[1.180s] -- Up-to-date: /home/wellyowo/locobot_sim/locobot_ws/src/install/astra_camera_msgs/local/lib/python3.10/dist-packages/astra_camera_msgs/srv/_set_int32.py
[1.181s] -- Up-to-date: /home/wellyowo/locobot_sim/locobot_ws/src/install/astra_camera_msgs/local/lib/python3.10/dist-packages/astra_camera_msgs/srv/_get_device_info.py
[1.181s] -- Up-to-date: /home/wellyowo/locobot_sim/locobot_ws/src/install/astra_camera_msgs/local/lib/python3.10/dist-packages/astra_camera_msgs/srv/__init__.py
[1.181s] -- Up-to-date: /home/wellyowo/locobot_sim/locobot_ws/src/install/astra_camera_msgs/local/lib/python3.10/dist-packages/astra_camera_msgs/srv/_get_camera_params_s.c
[1.181s] -- Up-to-date: /home/wellyowo/locobot_sim/locobot_ws/src/install/astra_camera_msgs/local/lib/python3.10/dist-packages/astra_camera_msgs/srv/_get_string.py
[1.181s] -- Up-to-date: /home/wellyowo/locobot_sim/locobot_ws/src/install/astra_camera_msgs/local/lib/python3.10/dist-packages/astra_camera_msgs/srv/_get_int32_s.c
[1.181s] -- Up-to-date: /home/wellyowo/locobot_sim/locobot_ws/src/install/astra_camera_msgs/local/lib/python3.10/dist-packages/astra_camera_msgs/srv/_get_device_info_s.c
[1.181s] -- Up-to-date: /home/wellyowo/locobot_sim/locobot_ws/src/install/astra_camera_msgs/local/lib/python3.10/dist-packages/astra_camera_msgs/srv/_get_string_s.c
[1.181s] -- Up-to-date: /home/wellyowo/locobot_sim/locobot_ws/src/install/astra_camera_msgs/local/lib/python3.10/dist-packages/astra_camera_msgs/srv/_get_camera_info.py
[1.181s] -- Up-to-date: /home/wellyowo/locobot_sim/locobot_ws/src/install/astra_camera_msgs/local/lib/python3.10/dist-packages/astra_camera_msgs/srv/_get_int32.py
[1.188s] -- Up-to-date: /home/wellyowo/locobot_sim/locobot_ws/src/install/astra_camera_msgs/local/lib/python3.10/dist-packages/astra_camera_msgs/srv/_set_int32_s.c
[1.188s] -- Up-to-date: /home/wellyowo/locobot_sim/locobot_ws/src/install/astra_camera_msgs/local/lib/python3.10/dist-packages/astra_camera_msgs/srv/_get_camera_params.py
[1.189s] -- Up-to-date: /home/wellyowo/locobot_sim/locobot_ws/src/install/astra_camera_msgs/local/lib/python3.10/dist-packages/astra_camera_msgs/srv/_get_camera_info_s.c
[1.191s] -- Up-to-date: /home/wellyowo/locobot_sim/locobot_ws/src/install/astra_camera_msgs/local/lib/python3.10/dist-packages/astra_camera_msgs/_astra_camera_msgs_s.ep.rosidl_typesupport_introspection_c.c
[1.201s] -- Up-to-date: /home/wellyowo/locobot_sim/locobot_ws/src/install/astra_camera_msgs/local/lib/python3.10/dist-packages/astra_camera_msgs/_astra_camera_msgs_s.ep.rosidl_typesupport_c.c
[1.201s] -- Up-to-date: /home/wellyowo/locobot_sim/locobot_ws/src/install/astra_camera_msgs/local/lib/python3.10/dist-packages/astra_camera_msgs/astra_camera_msgs_s__rosidl_typesupport_introspection_c.cpython-310-x86_64-linux-gnu.so
[1.201s] -- Up-to-date: /home/wellyowo/locobot_sim/locobot_ws/src/install/astra_camera_msgs/local/lib/python3.10/dist-packages/astra_camera_msgs/_astra_camera_msgs_s.ep.rosidl_typesupport_fastrtps_c.c
[1.201s] -- Up-to-date: /home/wellyowo/locobot_sim/locobot_ws/src/install/astra_camera_msgs/local/lib/python3.10/dist-packages/astra_camera_msgs/astra_camera_msgs_s__rosidl_typesupport_c.cpython-310-x86_64-linux-gnu.so
[1.201s] -- Up-to-date: /home/wellyowo/locobot_sim/locobot_ws/src/install/astra_camera_msgs/local/lib/python3.10/dist-packages/astra_camera_msgs/msg
[1.201s] -- Up-to-date: /home/wellyowo/locobot_sim/locobot_ws/src/install/astra_camera_msgs/local/lib/python3.10/dist-packages/astra_camera_msgs/msg/_extrinsics.py
[1.201s] -- Up-to-date: /home/wellyowo/locobot_sim/locobot_ws/src/install/astra_camera_msgs/local/lib/python3.10/dist-packages/astra_camera_msgs/msg/__init__.py
[1.201s] -- Up-to-date: /home/wellyowo/locobot_sim/locobot_ws/src/install/astra_camera_msgs/local/lib/python3.10/dist-packages/astra_camera_msgs/msg/_metadata.py
[1.201s] -- Up-to-date: /home/wellyowo/locobot_sim/locobot_ws/src/install/astra_camera_msgs/local/lib/python3.10/dist-packages/astra_camera_msgs/msg/_extrinsics_s.c
[1.201s] -- Up-to-date: /home/wellyowo/locobot_sim/locobot_ws/src/install/astra_camera_msgs/local/lib/python3.10/dist-packages/astra_camera_msgs/msg/_device_info.py
[1.201s] -- Up-to-date: /home/wellyowo/locobot_sim/locobot_ws/src/install/astra_camera_msgs/local/lib/python3.10/dist-packages/astra_camera_msgs/msg/_device_info_s.c
[1.202s] -- Up-to-date: /home/wellyowo/locobot_sim/locobot_ws/src/install/astra_camera_msgs/local/lib/python3.10/dist-packages/astra_camera_msgs/msg/_metadata_s.c
[1.202s] -- Up-to-date: /home/wellyowo/locobot_sim/locobot_ws/src/install/astra_camera_msgs/local/lib/python3.10/dist-packages/astra_camera_msgs/libastra_camera_msgs__rosidl_generator_py.so
[1.213s] Listing '/home/wellyowo/locobot_sim/locobot_ws/src/install/astra_camera_msgs/local/lib/python3.10/dist-packages/astra_camera_msgs'...
[1.213s] Listing '/home/wellyowo/locobot_sim/locobot_ws/src/install/astra_camera_msgs/local/lib/python3.10/dist-packages/astra_camera_msgs/msg'...
[1.213s] Listing '/home/wellyowo/locobot_sim/locobot_ws/src/install/astra_camera_msgs/local/lib/python3.10/dist-packages/astra_camera_msgs/srv'...
[1.214s] -- Up-to-date: /home/wellyowo/locobot_sim/locobot_ws/src/install/astra_camera_msgs/local/lib/python3.10/dist-packages/astra_camera_msgs/astra_camera_msgs_s__rosidl_typesupport_fastrtps_c.cpython-310-x86_64-linux-gnu.so
[1.214s] -- Up-to-date: /home/wellyowo/locobot_sim/locobot_ws/src/install/astra_camera_msgs/local/lib/python3.10/dist-packages/astra_camera_msgs/astra_camera_msgs_s__rosidl_typesupport_introspection_c.cpython-310-x86_64-linux-gnu.so
[1.214s] -- Up-to-date: /home/wellyowo/locobot_sim/locobot_ws/src/install/astra_camera_msgs/local/lib/python3.10/dist-packages/astra_camera_msgs/astra_camera_msgs_s__rosidl_typesupport_c.cpython-310-x86_64-linux-gnu.so
[1.214s] -- Up-to-date: /home/wellyowo/locobot_sim/locobot_ws/src/install/astra_camera_msgs/lib/libastra_camera_msgs__rosidl_generator_py.so
[1.214s] -- Up-to-date: /home/wellyowo/locobot_sim/locobot_ws/src/install/astra_camera_msgs/share/astra_camera_msgs/msg/DeviceInfo.idl
[1.214s] -- Up-to-date: /home/wellyowo/locobot_sim/locobot_ws/src/install/astra_camera_msgs/share/astra_camera_msgs/msg/Extrinsics.idl
[1.215s] -- Up-to-date: /home/wellyowo/locobot_sim/locobot_ws/src/install/astra_camera_msgs/share/astra_camera_msgs/msg/Metadata.idl
[1.215s] -- Up-to-date: /home/wellyowo/locobot_sim/locobot_ws/src/install/astra_camera_msgs/share/astra_camera_msgs/srv/GetDeviceInfo.idl
[1.215s] -- Up-to-date: /home/wellyowo/locobot_sim/locobot_ws/src/install/astra_camera_msgs/share/astra_camera_msgs/srv/GetCameraInfo.idl
[1.215s] -- Up-to-date: /home/wellyowo/locobot_sim/locobot_ws/src/install/astra_camera_msgs/share/astra_camera_msgs/srv/GetCameraParams.idl
[1.215s] -- Up-to-date: /home/wellyowo/locobot_sim/locobot_ws/src/install/astra_camera_msgs/share/astra_camera_msgs/srv/GetInt32.idl
[1.215s] -- Up-to-date: /home/wellyowo/locobot_sim/locobot_ws/src/install/astra_camera_msgs/share/astra_camera_msgs/srv/GetString.idl
[1.215s] -- Up-to-date: /home/wellyowo/locobot_sim/locobot_ws/src/install/astra_camera_msgs/share/astra_camera_msgs/srv/SetInt32.idl
[1.215s] -- Up-to-date: /home/wellyowo/locobot_sim/locobot_ws/src/install/astra_camera_msgs/share/astra_camera_msgs/msg/DeviceInfo.msg
[1.215s] -- Up-to-date: /home/wellyowo/locobot_sim/locobot_ws/src/install/astra_camera_msgs/share/astra_camera_msgs/msg/Extrinsics.msg
[1.215s] -- Up-to-date: /home/wellyowo/locobot_sim/locobot_ws/src/install/astra_camera_msgs/share/astra_camera_msgs/msg/Metadata.msg
[1.215s] -- Up-to-date: /home/wellyowo/locobot_sim/locobot_ws/src/install/astra_camera_msgs/share/astra_camera_msgs/srv/GetDeviceInfo.srv
[1.215s] -- Up-to-date: /home/wellyowo/locobot_sim/locobot_ws/src/install/astra_camera_msgs/share/astra_camera_msgs/srv/GetDeviceInfo_Request.msg
[1.215s] -- Up-to-date: /home/wellyowo/locobot_sim/locobot_ws/src/install/astra_camera_msgs/share/astra_camera_msgs/srv/GetDeviceInfo_Response.msg
[1.215s] -- Up-to-date: /home/wellyowo/locobot_sim/locobot_ws/src/install/astra_camera_msgs/share/astra_camera_msgs/srv/GetCameraInfo.srv
[1.216s] -- Up-to-date: /home/wellyowo/locobot_sim/locobot_ws/src/install/astra_camera_msgs/share/astra_camera_msgs/srv/GetCameraInfo_Request.msg
[1.216s] -- Up-to-date: /home/wellyowo/locobot_sim/locobot_ws/src/install/astra_camera_msgs/share/astra_camera_msgs/srv/GetCameraInfo_Response.msg
[1.216s] -- Up-to-date: /home/wellyowo/locobot_sim/locobot_ws/src/install/astra_camera_msgs/share/astra_camera_msgs/srv/GetCameraParams.srv
[1.216s] -- Up-to-date: /home/wellyowo/locobot_sim/locobot_ws/src/install/astra_camera_msgs/share/astra_camera_msgs/srv/GetCameraParams_Request.msg
[1.219s] -- Up-to-date: /home/wellyowo/locobot_sim/locobot_ws/src/install/astra_camera_msgs/share/astra_camera_msgs/srv/GetCameraParams_Response.msg
[1.220s] -- Up-to-date: /home/wellyowo/locobot_sim/locobot_ws/src/install/astra_camera_msgs/share/astra_camera_msgs/srv/GetInt32.srv
[1.220s] -- Up-to-date: /home/wellyowo/locobot_sim/locobot_ws/src/install/astra_camera_msgs/share/astra_camera_msgs/srv/GetInt32_Request.msg
[1.220s] -- Up-to-date: /home/wellyowo/locobot_sim/locobot_ws/src/install/astra_camera_msgs/share/astra_camera_msgs/srv/GetInt32_Response.msg
[1.220s] -- Up-to-date: /home/wellyowo/locobot_sim/locobot_ws/src/install/astra_camera_msgs/share/astra_camera_msgs/srv/GetString.srv
[1.223s] -- Up-to-date: /home/wellyowo/locobot_sim/locobot_ws/src/install/astra_camera_msgs/share/astra_camera_msgs/srv/GetString_Request.msg
[1.223s] -- Up-to-date: /home/wellyowo/locobot_sim/locobot_ws/src/install/astra_camera_msgs/share/astra_camera_msgs/srv/GetString_Response.msg
[1.223s] -- Up-to-date: /home/wellyowo/locobot_sim/locobot_ws/src/install/astra_camera_msgs/share/astra_camera_msgs/srv/SetInt32.srv
[1.223s] -- Up-to-date: /home/wellyowo/locobot_sim/locobot_ws/src/install/astra_camera_msgs/share/astra_camera_msgs/srv/SetInt32_Request.msg
[1.223s] -- Up-to-date: /home/wellyowo/locobot_sim/locobot_ws/src/install/astra_camera_msgs/share/astra_camera_msgs/srv/SetInt32_Response.msg
[1.223s] -- Up-to-date: /home/wellyowo/locobot_sim/locobot_ws/src/install/astra_camera_msgs/share/ament_index/resource_index/package_run_dependencies/astra_camera_msgs
[1.223s] -- Up-to-date: /home/wellyowo/locobot_sim/locobot_ws/src/install/astra_camera_msgs/share/ament_index/resource_index/parent_prefix_path/astra_camera_msgs
[1.223s] -- Up-to-date: /home/wellyowo/locobot_sim/locobot_ws/src/install/astra_camera_msgs/share/astra_camera_msgs/environment/ament_prefix_path.sh
[1.223s] -- Up-to-date: /home/wellyowo/locobot_sim/locobot_ws/src/install/astra_camera_msgs/share/astra_camera_msgs/environment/ament_prefix_path.dsv
[1.223s] -- Up-to-date: /home/wellyowo/locobot_sim/locobot_ws/src/install/astra_camera_msgs/share/astra_camera_msgs/environment/path.sh
[1.224s] -- Up-to-date: /home/wellyowo/locobot_sim/locobot_ws/src/install/astra_camera_msgs/share/astra_camera_msgs/environment/path.dsv
[1.224s] -- Up-to-date: /home/wellyowo/locobot_sim/locobot_ws/src/install/astra_camera_msgs/share/astra_camera_msgs/local_setup.bash
[1.224s] -- Up-to-date: /home/wellyowo/locobot_sim/locobot_ws/src/install/astra_camera_msgs/share/astra_camera_msgs/local_setup.sh
[1.224s] -- Up-to-date: /home/wellyowo/locobot_sim/locobot_ws/src/install/astra_camera_msgs/share/astra_camera_msgs/local_setup.zsh
[1.224s] -- Up-to-date: /home/wellyowo/locobot_sim/locobot_ws/src/install/astra_camera_msgs/share/astra_camera_msgs/local_setup.dsv
[1.224s] -- Installing: /home/wellyowo/locobot_sim/locobot_ws/src/install/astra_camera_msgs/share/astra_camera_msgs/package.dsv
[1.224s] -- Up-to-date: /home/wellyowo/locobot_sim/locobot_ws/src/install/astra_camera_msgs/share/ament_index/resource_index/packages/astra_camera_msgs
[1.224s] -- Up-to-date: /home/wellyowo/locobot_sim/locobot_ws/src/install/astra_camera_msgs/share/astra_camera_msgs/cmake/export_astra_camera_msgs__rosidl_generator_cExport.cmake
[1.224s] -- Up-to-date: /home/wellyowo/locobot_sim/locobot_ws/src/install/astra_camera_msgs/share/astra_camera_msgs/cmake/export_astra_camera_msgs__rosidl_generator_cExport-noconfig.cmake
[1.224s] -- Up-to-date: /home/wellyowo/locobot_sim/locobot_ws/src/install/astra_camera_msgs/share/astra_camera_msgs/cmake/export_astra_camera_msgs__rosidl_typesupport_fastrtps_cExport.cmake
[1.224s] -- Up-to-date: /home/wellyowo/locobot_sim/locobot_ws/src/install/astra_camera_msgs/share/astra_camera_msgs/cmake/export_astra_camera_msgs__rosidl_typesupport_fastrtps_cExport-noconfig.cmake
[1.224s] -- Up-to-date: /home/wellyowo/locobot_sim/locobot_ws/src/install/astra_camera_msgs/share/astra_camera_msgs/cmake/astra_camera_msgs__rosidl_typesupport_introspection_cExport.cmake
[1.224s] -- Up-to-date: /home/wellyowo/locobot_sim/locobot_ws/src/install/astra_camera_msgs/share/astra_camera_msgs/cmake/astra_camera_msgs__rosidl_typesupport_introspection_cExport-noconfig.cmake
[1.224s] -- Up-to-date: /home/wellyowo/locobot_sim/locobot_ws/src/install/astra_camera_msgs/share/astra_camera_msgs/cmake/astra_camera_msgs__rosidl_typesupport_cExport.cmake
[1.224s] -- Up-to-date: /home/wellyowo/locobot_sim/locobot_ws/src/install/astra_camera_msgs/share/astra_camera_msgs/cmake/astra_camera_msgs__rosidl_typesupport_cExport-noconfig.cmake
[1.225s] -- Up-to-date: /home/wellyowo/locobot_sim/locobot_ws/src/install/astra_camera_msgs/share/astra_camera_msgs/cmake/export_astra_camera_msgs__rosidl_generator_cppExport.cmake
[1.225s] -- Up-to-date: /home/wellyowo/locobot_sim/locobot_ws/src/install/astra_camera_msgs/share/astra_camera_msgs/cmake/export_astra_camera_msgs__rosidl_typesupport_fastrtps_cppExport.cmake
[1.225s] -- Up-to-date: /home/wellyowo/locobot_sim/locobot_ws/src/install/astra_camera_msgs/share/astra_camera_msgs/cmake/export_astra_camera_msgs__rosidl_typesupport_fastrtps_cppExport-noconfig.cmake
[1.225s] -- Up-to-date: /home/wellyowo/locobot_sim/locobot_ws/src/install/astra_camera_msgs/share/astra_camera_msgs/cmake/astra_camera_msgs__rosidl_typesupport_introspection_cppExport.cmake
[1.225s] -- Up-to-date: /home/wellyowo/locobot_sim/locobot_ws/src/install/astra_camera_msgs/share/astra_camera_msgs/cmake/astra_camera_msgs__rosidl_typesupport_introspection_cppExport-noconfig.cmake
[1.225s] -- Up-to-date: /home/wellyowo/locobot_sim/locobot_ws/src/install/astra_camera_msgs/share/astra_camera_msgs/cmake/astra_camera_msgs__rosidl_typesupport_cppExport.cmake
[1.225s] -- Up-to-date: /home/wellyowo/locobot_sim/locobot_ws/src/install/astra_camera_msgs/share/astra_camera_msgs/cmake/astra_camera_msgs__rosidl_typesupport_cppExport-noconfig.cmake
[1.225s] -- Up-to-date: /home/wellyowo/locobot_sim/locobot_ws/src/install/astra_camera_msgs/share/astra_camera_msgs/cmake/export_astra_camera_msgs__rosidl_generator_pyExport.cmake
[1.225s] -- Up-to-date: /home/wellyowo/locobot_sim/locobot_ws/src/install/astra_camera_msgs/share/astra_camera_msgs/cmake/export_astra_camera_msgs__rosidl_generator_pyExport-noconfig.cmake
[1.225s] -- Up-to-date: /home/wellyowo/locobot_sim/locobot_ws/src/install/astra_camera_msgs/share/astra_camera_msgs/cmake/rosidl_cmake-extras.cmake
[1.225s] -- Up-to-date: /home/wellyowo/locobot_sim/locobot_ws/src/install/astra_camera_msgs/share/astra_camera_msgs/cmake/ament_cmake_export_dependencies-extras.cmake
[1.225s] -- Up-to-date: /home/wellyowo/locobot_sim/locobot_ws/src/install/astra_camera_msgs/share/astra_camera_msgs/cmake/ament_cmake_export_include_directories-extras.cmake
[1.225s] -- Up-to-date: /home/wellyowo/locobot_sim/locobot_ws/src/install/astra_camera_msgs/share/astra_camera_msgs/cmake/ament_cmake_export_libraries-extras.cmake
[1.225s] -- Up-to-date: /home/wellyowo/locobot_sim/locobot_ws/src/install/astra_camera_msgs/share/astra_camera_msgs/cmake/ament_cmake_export_targets-extras.cmake
[1.226s] -- Up-to-date: /home/wellyowo/locobot_sim/locobot_ws/src/install/astra_camera_msgs/share/astra_camera_msgs/cmake/rosidl_cmake_export_typesupport_targets-extras.cmake
[1.226s] -- Up-to-date: /home/wellyowo/locobot_sim/locobot_ws/src/install/astra_camera_msgs/share/astra_camera_msgs/cmake/rosidl_cmake_export_typesupport_libraries-extras.cmake
[1.226s] -- Up-to-date: /home/wellyowo/locobot_sim/locobot_ws/src/install/astra_camera_msgs/share/astra_camera_msgs/cmake/astra_camera_msgsConfig.cmake
[1.227s] -- Up-to-date: /home/wellyowo/locobot_sim/locobot_ws/src/install/astra_camera_msgs/share/astra_camera_msgs/cmake/astra_camera_msgsConfig-version.cmake
[1.227s] -- Up-to-date: /home/wellyowo/locobot_sim/locobot_ws/src/install/astra_camera_msgs/share/astra_camera_msgs/package.xml
[1.472s] Invoked command in '/home/wellyowo/locobot_sim/locobot_ws/src/build/astra_camera_msgs' returned '0': CMAKE_PREFIX_PATH=/opt/ros/humble /usr/bin/cmake --install /home/wellyowo/locobot_sim/locobot_ws/src/build/astra_camera_msgs
