-- The C compiler identification is GNU 11.4.0
-- The CXX compiler identification is GNU 11.4.0
-- Detecting C compiler ABI info
-- Detecting C compiler ABI info - done
-- Check for working C compiler: /usr/bin/cc - skipped
-- Detecting C compile features
-- Detecting C compile features - done
-- Detecting CXX compiler ABI info
-- Detecting CXX compiler ABI info - done
-- Check for working CXX compiler: /usr/bin/c++ - skipped
-- Detecting CXX compile features
-- Detecting CXX compile features - done
-- Found ament_cmake: 1.3.11 (/opt/ros/humble/share/ament_cmake/cmake)
-- Found Python3: /usr/bin/python3 (found version "3.10.12") found components: Interpreter 
-- Override CMake install command with custom implementation using symlinks instead of copying resources
-- Found camera_info_manager: 3.1.12 (/opt/ros/humble/share/camera_info_manager/cmake)
-- Found rosidl_generator_c: 3.1.6 (/opt/ros/humble/share/rosidl_generator_c/cmake)
-- Found rosidl_adapter: 3.1.6 (/opt/ros/humble/share/rosidl_adapter/cmake)
-- Found rosidl_generator_cpp: 3.1.6 (/opt/ros/humble/share/rosidl_generator_cpp/cmake)
-- Using all available rosidl_typesupport_c: rosidl_typesupport_fastrtps_c;rosidl_typesupport_introspection_c
-- Using all available rosidl_typesupport_cpp: rosidl_typesupport_fastrtps_cpp;rosidl_typesupport_introspection_cpp
-- Found rmw_implementation_cmake: 6.1.2 (/opt/ros/humble/share/rmw_implementation_cmake/cmake)
-- Found rmw_fastrtps_cpp: 6.2.7 (/opt/ros/humble/share/rmw_fastrtps_cpp/cmake)
-- Found OpenSSL: /usr/lib/x86_64-linux-gnu/libcrypto.so (found version "3.0.2")  
-- Found FastRTPS: /opt/ros/humble/include  
-- Using RMW implementation 'rmw_fastrtps_cpp' as default
-- Looking for pthread.h
-- Looking for pthread.h - found
-- Performing Test CMAKE_HAVE_LIBC_PTHREAD
-- Performing Test CMAKE_HAVE_LIBC_PTHREAD - Success
-- Found Threads: TRUE  
-- Found gazebo_dev: 3.9.0 (/opt/ros/humble/share/gazebo_dev/cmake)
-- Found PkgConfig: /usr/bin/pkg-config (found version "0.29.2") 
-- Checking for module 'bullet>=2.82'
--   Found bullet, version 3.05
-- Found fcl: /usr/include (found suitable version "0.7.0", minimum required is "0.5.0") 
-- Found assimp: /usr/include (found version "5.2.0") 
-- Found DART: /usr/include (Required is at least version "6.6") found components: dart 
-- Found Boost: /usr/lib/x86_64-linux-gnu/cmake/Boost-1.74.0/BoostConfig.cmake (found suitable version "1.74.0", minimum required is "1.40.0") found components: thread system filesystem program_options regex iostreams date_time 
-- Found Protobuf: /usr/lib/x86_64-linux-gnu/libprotobuf.so (found version "3.12.4") 
-- Looking for ignition-math6 -- found version 6.15.1
-- Searching for dependencies of ignition-math6
-- Looking for OGRE...
-- OGRE_PREFIX_WATCH changed.
-- Checking for module 'OGRE'
--   Found OGRE, version 1.9.0
-- Found Ogre Ghadamon (1.9.0)
-- Found OGRE: optimized;/usr/lib/x86_64-linux-gnu/libOgreMain.so;debug;/usr/lib/x86_64-linux-gnu/libOgreMain.so
-- Looking for OGRE_Paging...
-- Found OGRE_Paging: optimized;/usr/lib/x86_64-linux-gnu/libOgrePaging.so;debug;/usr/lib/x86_64-linux-gnu/libOgrePaging.so
-- Looking for OGRE_Terrain...
-- Found OGRE_Terrain: optimized;/usr/lib/x86_64-linux-gnu/libOgreTerrain.so;debug;/usr/lib/x86_64-linux-gnu/libOgreTerrain.so
-- Looking for OGRE_Property...
-- Found OGRE_Property: optimized;/usr/lib/x86_64-linux-gnu/libOgreProperty.so;debug;/usr/lib/x86_64-linux-gnu/libOgreProperty.so
-- Looking for OGRE_RTShaderSystem...
-- Found OGRE_RTShaderSystem: optimized;/usr/lib/x86_64-linux-gnu/libOgreRTShaderSystem.so;debug;/usr/lib/x86_64-linux-gnu/libOgreRTShaderSystem.so
-- Looking for OGRE_Volume...
-- Found OGRE_Volume: optimized;/usr/lib/x86_64-linux-gnu/libOgreVolume.so;debug;/usr/lib/x86_64-linux-gnu/libOgreVolume.so
-- Looking for OGRE_Overlay...
-- Found OGRE_Overlay: optimized;/usr/lib/x86_64-linux-gnu/libOgreOverlay.so;debug;/usr/lib/x86_64-linux-gnu/libOgreOverlay.so
-- Looking for ignition-math6 -- found version 6.15.1
-- Looking for ignition-transport8 -- found version 8.2.1
-- Searching for dependencies of ignition-transport8
-- Found Protobuf: /usr/lib/x86_64-linux-gnu/libprotobuf.so (found suitable version "3.12.4", minimum required is "3") 
-- Config-file not installed for ZeroMQ -- checking for pkg-config
-- Checking for module 'libzmq >= 4'
--   Found libzmq , version 4.3.4
-- Found ZeroMQ: TRUE (Required is at least version "4") 
-- Checking for module 'uuid'
--   Found uuid, version 2.37.2
-- Found UUID: TRUE  
-- Looking for ignition-msgs5 -- found version 5.8.1
-- Searching for dependencies of ignition-msgs5
-- Looking for ignition-math6 -- found version 6.15.1
-- Checking for module 'tinyxml2'
--   Found tinyxml2, version 9.0.0
-- Looking for ignition-msgs5 -- found version 5.8.1
-- Looking for ignition-common3 -- found version 3.14.0
-- Searching for dependencies of ignition-common3
-- Looking for dlfcn.h - found
-- Looking for libdl - found
-- Found DL: TRUE  
-- Found tinyobjloader: /usr/lib/x86_64-linux-gnu/cmake/tinyobjloader/tinyobjloader-config.cmake (found version "2.0.0") 
-- Searching for <ignition-common3> component [graphics]
-- Looking for ignition-common3-graphics -- found version 3.14.0
-- Searching for dependencies of ignition-common3-graphics
-- Looking for ignition-math6 -- found version 6.15.1
-- Looking for ignition-fuel_tools4 -- found version 4.4.0
-- Searching for dependencies of ignition-fuel_tools4
-- Found CURL: /usr/lib/x86_64-linux-gnu/libcurl.so (found version "7.81.0")  
-- Checking for module 'jsoncpp'
--   Found jsoncpp, version 1.9.5
-- Found JSONCPP: TRUE  
-- Checking for module 'libzip'
--   Found libzip, version 1.7.3
-- Found ZIP: TRUE  
-- Looking for ignition-common3 -- found version 3.14.0
-- Looking for ignition-math6 -- found version 6.15.1
-- Looking for ignition-msgs5 -- found version 5.8.1
-- Gazebo version: 11.10
-- Checking for module 'tbb'
--   Found tbb, version 2021.5.0
-- Found gazebo_msgs: 3.9.0 (/opt/ros/humble/share/gazebo_msgs/cmake)
-- Found gazebo_ros: 3.9.0 (/opt/ros/humble/share/gazebo_ros/cmake)
-- Found image_transport: 3.1.12 (/opt/ros/humble/share/image_transport/cmake)
-- Found cv_bridge: 3.2.1 (/opt/ros/humble/share/cv_bridge/cmake)
-- Found nav_msgs: 4.9.0 (/opt/ros/humble/share/nav_msgs/cmake)
-- Found std_srvs: 4.9.0 (/opt/ros/humble/share/std_srvs/cmake)
-- Found tf2: 0.25.13 (/opt/ros/humble/share/tf2/cmake)
-- Found tf2_geometry_msgs: 0.25.13 (/opt/ros/humble/share/tf2_geometry_msgs/cmake)
-- Found eigen3_cmake_module: 0.1.1 (/opt/ros/humble/share/eigen3_cmake_module/cmake)
-- Found Eigen3: TRUE (found version "3.4.0") 
-- Ensuring Eigen3 include directory is part of orocos-kdl CMake target
-- Configuring done
-- Generating done
-- Build files have been written to: /home/wellyowo/locobot_sim/locobot_ws/build/gazebo_plugins
[  2%] [32mBuilding CXX object CMakeFiles/gazebo_ros_joint_state_publisher.dir/src/gazebo_ros_joint_state_publisher.cpp.o[0m
[  4%] [32mBuilding CXX object CMakeFiles/gazebo_ros_ray_sensor.dir/src/gazebo_ros_ray_sensor.cpp.o[0m
[  6%] [32mBuilding CXX object CMakeFiles/gazebo_ros_diff_drive.dir/src/gazebo_ros_diff_drive.cpp.o[0m
[  8%] [32mBuilding CXX object CMakeFiles/gazebo_ros_template.dir/src/gazebo_ros_template.cpp.o[0m
[ 10%] [32mBuilding CXX object CMakeFiles/gazebo_ros_force.dir/src/gazebo_ros_force.cpp.o[0m
[ 13%] [32mBuilding CXX object CMakeFiles/multi_camera_plugin.dir/src/multi_camera_plugin.cpp.o[0m
[ 15%] [32mBuilding CXX object CMakeFiles/gazebo_ros_imu_sensor.dir/src/gazebo_ros_imu_sensor.cpp.o[0m
[ 17%] [32mBuilding CXX object CMakeFiles/gazebo_ros_p3d.dir/src/gazebo_ros_p3d.cpp.o[0m
[ 19%] [32mBuilding CXX object CMakeFiles/gazebo_ros_tricycle_drive.dir/src/gazebo_ros_tricycle_drive.cpp.o[0m
[ 21%] [32mBuilding CXX object CMakeFiles/gazebo_ros_gps_sensor.dir/src/gazebo_ros_gps_sensor.cpp.o[0m
[ 23%] [32mBuilding CXX object CMakeFiles/gazebo_ros_video.dir/src/gazebo_ros_video.cpp.o[0m
[ 26%] [32mBuilding CXX object CMakeFiles/gazebo_ros_ft_sensor.dir/src/gazebo_ros_ft_sensor.cpp.o[0m
[ 28%] [32mBuilding CXX object CMakeFiles/gazebo_ros_hand_of_god.dir/src/gazebo_ros_hand_of_god.cpp.o[0m
[ 30%] [32mBuilding CXX object CMakeFiles/gazebo_ros_bumper.dir/src/gazebo_ros_bumper.cpp.o[0m
[ 32%] [32mBuilding CXX object CMakeFiles/gazebo_ros_ackermann_drive.dir/src/gazebo_ros_ackermann_drive.cpp.o[0m
[ 34%] [32mBuilding CXX object CMakeFiles/gazebo_ros_harness.dir/src/gazebo_ros_harness.cpp.o[0m
[ 36%] [32m[1mLinking CXX shared library libgazebo_ros_hand_of_god.so[0m
[ 36%] Built target gazebo_ros_hand_of_god
[ 39%] [32m[1mLinking CXX shared library libgazebo_ros_gps_sensor.so[0m
[ 41%] [32m[1mLinking CXX shared library libgazebo_ros_template.so[0m
[ 43%] [32m[1mLinking CXX shared library libgazebo_ros_ft_sensor.so[0m
[ 43%] Built target gazebo_ros_gps_sensor
[ 45%] [32m[1mLinking CXX shared library libgazebo_ros_joint_state_publisher.so[0m
[ 45%] Built target gazebo_ros_template
[ 47%] [32m[1mLinking CXX shared library libgazebo_ros_p3d.so[0m
[ 47%] Built target gazebo_ros_ft_sensor
[ 47%] Built target gazebo_ros_joint_state_publisher
[ 47%] Built target gazebo_ros_p3d
[ 50%] [32m[1mLinking CXX shared library libgazebo_ros_bumper.so[0m
[ 50%] Built target gazebo_ros_bumper
[ 52%] [32m[1mLinking CXX shared library libgazebo_ros_force.so[0m
[ 54%] [32m[1mLinking CXX shared library libgazebo_ros_diff_drive.so[0m
[ 56%] [32m[1mLinking CXX shared library libgazebo_ros_imu_sensor.so[0m
[ 56%] Built target gazebo_ros_force
[ 56%] Built target gazebo_ros_imu_sensor
[ 58%] [32m[1mLinking CXX shared library libmulti_camera_plugin.so[0m
[ 58%] Built target multi_camera_plugin
[ 60%] [32m[1mLinking CXX shared library libgazebo_ros_ray_sensor.so[0m
[ 60%] Built target gazebo_ros_diff_drive
[ 60%] Built target gazebo_ros_ray_sensor
[ 63%] [32m[1mLinking CXX shared library libgazebo_ros_harness.so[0m
[ 63%] Built target gazebo_ros_harness
[ 65%] [32m[1mLinking CXX shared library libgazebo_ros_ackermann_drive.so[0m
[ 67%] [32m[1mLinking CXX shared library libgazebo_ros_tricycle_drive.so[0m
[ 67%] Built target gazebo_ros_ackermann_drive
[ 67%] Built target gazebo_ros_tricycle_drive
[ 69%] [32m[1mLinking CXX shared library libgazebo_ros_video.so[0m
[ 69%] Built target gazebo_ros_video
[ 71%] [32mBuilding CXX object CMakeFiles/gazebo_ros_camera.dir/src/gazebo_ros_camera.cpp.o[0m
[ 73%] [32m[1mLinking CXX shared library libgazebo_ros_camera.so[0m
[ 73%] Built target gazebo_ros_camera
[ 76%] [32mBuilding CXX object CMakeFiles/gazebo_ros_wheel_slip.dir/src/gazebo_ros_wheel_slip.cpp.o[0m
[ 78%] [32m[1mLinking CXX shared library libgazebo_ros_wheel_slip.so[0m
[ 78%] Built target gazebo_ros_wheel_slip
[ 80%] [32mBuilding CXX object CMakeFiles/gazebo_ros_vacuum_gripper.dir/src/gazebo_ros_vacuum_gripper.cpp.o[0m
[ 82%] [32mBuilding CXX object CMakeFiles/gazebo_ros_planar_move.dir/src/gazebo_ros_planar_move.cpp.o[0m
[ 84%] [32mBuilding CXX object CMakeFiles/gazebo_ros_joint_pose_trajectory.dir/src/gazebo_ros_joint_pose_trajectory.cpp.o[0m
[ 86%] [32mBuilding CXX object CMakeFiles/gazebo_ros_elevator.dir/src/gazebo_ros_elevator.cpp.o[0m
[ 89%] [32mBuilding CXX object CMakeFiles/gazebo_ros_projector.dir/src/gazebo_ros_projector.cpp.o[0m
[ 91%] [32m[1mLinking CXX shared library libgazebo_ros_elevator.so[0m
[ 91%] Built target gazebo_ros_elevator
[ 93%] [32m[1mLinking CXX shared library libgazebo_ros_vacuum_gripper.so[0m
[ 93%] Built target gazebo_ros_vacuum_gripper
[ 95%] [32m[1mLinking CXX shared library libgazebo_ros_joint_pose_trajectory.so[0m
[ 95%] Built target gazebo_ros_joint_pose_trajectory
[ 97%] [32m[1mLinking CXX shared library libgazebo_ros_planar_move.so[0m
[100%] [32m[1mLinking CXX shared library libgazebo_ros_projector.so[0m
[100%] Built target gazebo_ros_planar_move
[100%] Built target gazebo_ros_projector
-- Install configuration: ""
-- Execute custom install script
-- Symlinking: /home/wellyowo/locobot_sim/locobot_ws/install/gazebo_plugins/share/gazebo_plugins/environment/library_path.sh
-- Symlinking: /home/wellyowo/locobot_sim/locobot_ws/install/gazebo_plugins/share/gazebo_plugins/environment/library_path.dsv
-- Symlinking: /home/wellyowo/locobot_sim/locobot_ws/install/gazebo_plugins/share/gazebo_plugins/environment/gazebo_plugins.sh
-- Symlinking: /home/wellyowo/locobot_sim/locobot_ws/install/gazebo_plugins/share/gazebo_plugins/environment/gazebo_plugins.dsv
-- Symlinking: /home/wellyowo/locobot_sim/locobot_ws/install/gazebo_plugins/share/ament_index/resource_index/package_run_dependencies/gazebo_plugins
-- Symlinking: /home/wellyowo/locobot_sim/locobot_ws/install/gazebo_plugins/share/ament_index/resource_index/parent_prefix_path/gazebo_plugins
-- Symlinking: /home/wellyowo/locobot_sim/locobot_ws/install/gazebo_plugins/share/gazebo_plugins/environment/ament_prefix_path.sh
-- Symlinking: /home/wellyowo/locobot_sim/locobot_ws/install/gazebo_plugins/share/gazebo_plugins/environment/ament_prefix_path.dsv
-- Symlinking: /home/wellyowo/locobot_sim/locobot_ws/install/gazebo_plugins/share/gazebo_plugins/environment/path.sh
-- Symlinking: /home/wellyowo/locobot_sim/locobot_ws/install/gazebo_plugins/share/gazebo_plugins/environment/path.dsv
-- Symlinking: /home/wellyowo/locobot_sim/locobot_ws/install/gazebo_plugins/share/gazebo_plugins/local_setup.bash
-- Symlinking: /home/wellyowo/locobot_sim/locobot_ws/install/gazebo_plugins/share/gazebo_plugins/local_setup.sh
-- Symlinking: /home/wellyowo/locobot_sim/locobot_ws/install/gazebo_plugins/share/gazebo_plugins/local_setup.zsh
-- Symlinking: /home/wellyowo/locobot_sim/locobot_ws/install/gazebo_plugins/share/gazebo_plugins/local_setup.dsv
-- Symlinking: /home/wellyowo/locobot_sim/locobot_ws/install/gazebo_plugins/share/gazebo_plugins/package.dsv
-- Symlinking: /home/wellyowo/locobot_sim/locobot_ws/install/gazebo_plugins/share/ament_index/resource_index/packages/gazebo_plugins
-- Symlinking: /home/wellyowo/locobot_sim/locobot_ws/install/gazebo_plugins/share/gazebo_plugins/cmake/ament_cmake_export_libraries-extras.cmake
-- Symlinking: /home/wellyowo/locobot_sim/locobot_ws/install/gazebo_plugins/share/gazebo_plugins/cmake/ament_cmake_export_include_directories-extras.cmake
-- Symlinking: /home/wellyowo/locobot_sim/locobot_ws/install/gazebo_plugins/share/gazebo_plugins/cmake/ament_cmake_export_dependencies-extras.cmake
-- Symlinking: /home/wellyowo/locobot_sim/locobot_ws/install/gazebo_plugins/share/gazebo_plugins/cmake/gazebo_pluginsConfig.cmake
-- Symlinking: /home/wellyowo/locobot_sim/locobot_ws/install/gazebo_plugins/share/gazebo_plugins/cmake/gazebo_pluginsConfig-version.cmake
-- Symlinking: /home/wellyowo/locobot_sim/locobot_ws/install/gazebo_plugins/share/gazebo_plugins/package.xml
-- Symlinking: /home/wellyowo/locobot_sim/locobot_ws/install/gazebo_plugins/include/gazebo_plugins/gazebo_ros_ackermann_drive.hpp
-- Symlinking: /home/wellyowo/locobot_sim/locobot_ws/install/gazebo_plugins/include/gazebo_plugins/gazebo_ros_bumper.hpp
-- Symlinking: /home/wellyowo/locobot_sim/locobot_ws/install/gazebo_plugins/include/gazebo_plugins/gazebo_ros_camera.hpp
-- Symlinking: /home/wellyowo/locobot_sim/locobot_ws/install/gazebo_plugins/include/gazebo_plugins/gazebo_ros_diff_drive.hpp
-- Symlinking: /home/wellyowo/locobot_sim/locobot_ws/install/gazebo_plugins/include/gazebo_plugins/gazebo_ros_elevator.hpp
-- Symlinking: /home/wellyowo/locobot_sim/locobot_ws/install/gazebo_plugins/include/gazebo_plugins/gazebo_ros_force.hpp
-- Symlinking: /home/wellyowo/locobot_sim/locobot_ws/install/gazebo_plugins/include/gazebo_plugins/gazebo_ros_ft_sensor.hpp
-- Symlinking: /home/wellyowo/locobot_sim/locobot_ws/install/gazebo_plugins/include/gazebo_plugins/gazebo_ros_gps_sensor.hpp
-- Symlinking: /home/wellyowo/locobot_sim/locobot_ws/install/gazebo_plugins/include/gazebo_plugins/gazebo_ros_hand_of_god.hpp
-- Symlinking: /home/wellyowo/locobot_sim/locobot_ws/install/gazebo_plugins/include/gazebo_plugins/gazebo_ros_harness.hpp
-- Symlinking: /home/wellyowo/locobot_sim/locobot_ws/install/gazebo_plugins/include/gazebo_plugins/gazebo_ros_imu_sensor.hpp
-- Symlinking: /home/wellyowo/locobot_sim/locobot_ws/install/gazebo_plugins/include/gazebo_plugins/gazebo_ros_joint_pose_trajectory.hpp
-- Symlinking: /home/wellyowo/locobot_sim/locobot_ws/install/gazebo_plugins/include/gazebo_plugins/gazebo_ros_joint_state_publisher.hpp
-- Symlinking: /home/wellyowo/locobot_sim/locobot_ws/install/gazebo_plugins/include/gazebo_plugins/gazebo_ros_p3d.hpp
-- Symlinking: /home/wellyowo/locobot_sim/locobot_ws/install/gazebo_plugins/include/gazebo_plugins/gazebo_ros_planar_move.hpp
-- Symlinking: /home/wellyowo/locobot_sim/locobot_ws/install/gazebo_plugins/include/gazebo_plugins/gazebo_ros_projector.hpp
-- Symlinking: /home/wellyowo/locobot_sim/locobot_ws/install/gazebo_plugins/include/gazebo_plugins/gazebo_ros_ray_sensor.hpp
-- Symlinking: /home/wellyowo/locobot_sim/locobot_ws/install/gazebo_plugins/include/gazebo_plugins/gazebo_ros_template.hpp
-- Symlinking: /home/wellyowo/locobot_sim/locobot_ws/install/gazebo_plugins/include/gazebo_plugins/gazebo_ros_tricycle_drive.hpp
-- Symlinking: /home/wellyowo/locobot_sim/locobot_ws/install/gazebo_plugins/include/gazebo_plugins/gazebo_ros_vacuum_gripper.hpp
-- Symlinking: /home/wellyowo/locobot_sim/locobot_ws/install/gazebo_plugins/include/gazebo_plugins/gazebo_ros_video.hpp
-- Symlinking: /home/wellyowo/locobot_sim/locobot_ws/install/gazebo_plugins/include/gazebo_plugins/gazebo_ros_wheel_slip.hpp
-- Symlinking: /home/wellyowo/locobot_sim/locobot_ws/install/gazebo_plugins/include/gazebo_plugins/multi_camera_plugin.hpp
-- Symlinking: /home/wellyowo/locobot_sim/locobot_ws/install/gazebo_plugins/lib/libgazebo_ros_ackermann_drive.so
-- Symlinking: /home/wellyowo/locobot_sim/locobot_ws/install/gazebo_plugins/lib/libgazebo_ros_bumper.so
-- Symlinking: /home/wellyowo/locobot_sim/locobot_ws/install/gazebo_plugins/lib/libgazebo_ros_camera.so
-- Symlinking: /home/wellyowo/locobot_sim/locobot_ws/install/gazebo_plugins/lib/libgazebo_ros_diff_drive.so
-- Symlinking: /home/wellyowo/locobot_sim/locobot_ws/install/gazebo_plugins/lib/libgazebo_ros_elevator.so
-- Symlinking: /home/wellyowo/locobot_sim/locobot_ws/install/gazebo_plugins/lib/libgazebo_ros_force.so
-- Symlinking: /home/wellyowo/locobot_sim/locobot_ws/install/gazebo_plugins/lib/libgazebo_ros_ft_sensor.so
-- Symlinking: /home/wellyowo/locobot_sim/locobot_ws/install/gazebo_plugins/lib/libgazebo_ros_hand_of_god.so
-- Symlinking: /home/wellyowo/locobot_sim/locobot_ws/install/gazebo_plugins/lib/libgazebo_ros_harness.so
-- Symlinking: /home/wellyowo/locobot_sim/locobot_ws/install/gazebo_plugins/lib/libgazebo_ros_imu_sensor.so
-- Symlinking: /home/wellyowo/locobot_sim/locobot_ws/install/gazebo_plugins/lib/libgazebo_ros_gps_sensor.so
-- Symlinking: /home/wellyowo/locobot_sim/locobot_ws/install/gazebo_plugins/lib/libgazebo_ros_joint_pose_trajectory.so
-- Symlinking: /home/wellyowo/locobot_sim/locobot_ws/install/gazebo_plugins/lib/libgazebo_ros_joint_state_publisher.so
-- Symlinking: /home/wellyowo/locobot_sim/locobot_ws/install/gazebo_plugins/lib/libgazebo_ros_planar_move.so
-- Symlinking: /home/wellyowo/locobot_sim/locobot_ws/install/gazebo_plugins/lib/libgazebo_ros_projector.so
-- Symlinking: /home/wellyowo/locobot_sim/locobot_ws/install/gazebo_plugins/lib/libgazebo_ros_ray_sensor.so
-- Symlinking: /home/wellyowo/locobot_sim/locobot_ws/install/gazebo_plugins/lib/libgazebo_ros_p3d.so
-- Symlinking: /home/wellyowo/locobot_sim/locobot_ws/install/gazebo_plugins/lib/libgazebo_ros_template.so
-- Symlinking: /home/wellyowo/locobot_sim/locobot_ws/install/gazebo_plugins/lib/libgazebo_ros_tricycle_drive.so
-- Symlinking: /home/wellyowo/locobot_sim/locobot_ws/install/gazebo_plugins/lib/libgazebo_ros_vacuum_gripper.so
-- Symlinking: /home/wellyowo/locobot_sim/locobot_ws/install/gazebo_plugins/lib/libgazebo_ros_video.so
-- Symlinking: /home/wellyowo/locobot_sim/locobot_ws/install/gazebo_plugins/lib/libmulti_camera_plugin.so
-- Symlinking: /home/wellyowo/locobot_sim/locobot_ws/install/gazebo_plugins/lib/libgazebo_ros_wheel_slip.so
-- Symlinking: /home/wellyowo/locobot_sim/locobot_ws/install/gazebo_plugins/lib/gazebo_plugins//wheel_slip_drawbar_pull_publisher.py
-- Symlinking: /home/wellyowo/locobot_sim/locobot_ws/install/gazebo_plugins/share/gazebo_plugins//worlds/gazebo_ros_ackermann_drive_demo.world
-- Symlinking: /home/wellyowo/locobot_sim/locobot_ws/install/gazebo_plugins/share/gazebo_plugins//worlds/gazebo_ros_bumper_demo.world
-- Symlinking: /home/wellyowo/locobot_sim/locobot_ws/install/gazebo_plugins/share/gazebo_plugins//worlds/gazebo_ros_camera_demo.world
-- Symlinking: /home/wellyowo/locobot_sim/locobot_ws/install/gazebo_plugins/share/gazebo_plugins//worlds/gazebo_ros_camera_distortion_barrel_demo.world
-- Symlinking: /home/wellyowo/locobot_sim/locobot_ws/install/gazebo_plugins/share/gazebo_plugins//worlds/gazebo_ros_camera_distortion_pincushion_demo.world
-- Symlinking: /home/wellyowo/locobot_sim/locobot_ws/install/gazebo_plugins/share/gazebo_plugins//worlds/gazebo_ros_camera_triggered_demo.world
-- Symlinking: /home/wellyowo/locobot_sim/locobot_ws/install/gazebo_plugins/share/gazebo_plugins//worlds/gazebo_ros_depth_camera_demo.world
-- Symlinking: /home/wellyowo/locobot_sim/locobot_ws/install/gazebo_plugins/share/gazebo_plugins//worlds/gazebo_ros_diff_drive_demo.world
-- Symlinking: /home/wellyowo/locobot_sim/locobot_ws/install/gazebo_plugins/share/gazebo_plugins//worlds/gazebo_ros_elevator_demo.world
-- Symlinking: /home/wellyowo/locobot_sim/locobot_ws/install/gazebo_plugins/share/gazebo_plugins//worlds/gazebo_ros_force_demo.world
-- Symlinking: /home/wellyowo/locobot_sim/locobot_ws/install/gazebo_plugins/share/gazebo_plugins//worlds/gazebo_ros_ft_sensor_demo.world
-- Symlinking: /home/wellyowo/locobot_sim/locobot_ws/install/gazebo_plugins/share/gazebo_plugins//worlds/gazebo_ros_gps_sensor_demo.world
-- Symlinking: /home/wellyowo/locobot_sim/locobot_ws/install/gazebo_plugins/share/gazebo_plugins//worlds/gazebo_ros_hand_of_god_demo.world
-- Symlinking: /home/wellyowo/locobot_sim/locobot_ws/install/gazebo_plugins/share/gazebo_plugins//worlds/gazebo_ros_harness_demo.world
-- Symlinking: /home/wellyowo/locobot_sim/locobot_ws/install/gazebo_plugins/share/gazebo_plugins//worlds/gazebo_ros_joint_pose_trajectory_demo.world
-- Symlinking: /home/wellyowo/locobot_sim/locobot_ws/install/gazebo_plugins/share/gazebo_plugins//worlds/gazebo_ros_joint_state_publisher_demo.world
-- Symlinking: /home/wellyowo/locobot_sim/locobot_ws/install/gazebo_plugins/share/gazebo_plugins//worlds/gazebo_ros_multi_camera_demo.world
-- Symlinking: /home/wellyowo/locobot_sim/locobot_ws/install/gazebo_plugins/share/gazebo_plugins//worlds/gazebo_ros_multicamera_demo.world
-- Symlinking: /home/wellyowo/locobot_sim/locobot_ws/install/gazebo_plugins/share/gazebo_plugins//worlds/gazebo_ros_p3d_demo.world
-- Symlinking: /home/wellyowo/locobot_sim/locobot_ws/install/gazebo_plugins/share/gazebo_plugins//worlds/gazebo_ros_planar_move_demo.world
-- Symlinking: /home/wellyowo/locobot_sim/locobot_ws/install/gazebo_plugins/share/gazebo_plugins//worlds/gazebo_ros_projector_demo.world
-- Symlinking: /home/wellyowo/locobot_sim/locobot_ws/install/gazebo_plugins/share/gazebo_plugins//worlds/gazebo_ros_ray_sensor_demo.world
-- Symlinking: /home/wellyowo/locobot_sim/locobot_ws/install/gazebo_plugins/share/gazebo_plugins//worlds/gazebo_ros_skid_steer_drive_demo.world
-- Symlinking: /home/wellyowo/locobot_sim/locobot_ws/install/gazebo_plugins/share/gazebo_plugins//worlds/gazebo_ros_template_demo.world
-- Symlinking: /home/wellyowo/locobot_sim/locobot_ws/install/gazebo_plugins/share/gazebo_plugins//worlds/gazebo_ros_tricycle_drive_demo.world
-- Symlinking: /home/wellyowo/locobot_sim/locobot_ws/install/gazebo_plugins/share/gazebo_plugins//worlds/gazebo_ros_vacuum_gripper_demo.world
-- Symlinking: /home/wellyowo/locobot_sim/locobot_ws/install/gazebo_plugins/share/gazebo_plugins//worlds/gazebo_ros_video_demo.world
-- Symlinking: /home/wellyowo/locobot_sim/locobot_ws/install/gazebo_plugins/share/gazebo_plugins//worlds/gazebo_ros_wheel_slip_demo.world
-- Symlinking: /home/wellyowo/locobot_sim/locobot_ws/install/gazebo_plugins/share/gazebo_plugins//worlds/gazebo_ros_wheel_slip_drawbar_pull_demo.world
