[0.165s] Invoking command in '/home/wellyowo/locobot_sim/locobot_ws/build/gazebo_plugins': CMAKE_PREFIX_PATH=/opt/ros/humble /usr/bin/cmake /home/wellyowo/locobot_sim/locobot_ws/src/ThirdParty/gazebo_plugins/gazebo_plugins -DBUILD_TESTING=OFF -DCMAKE_PREFIX_PATH= -DAMENT_CMAKE_SYMLINK_INSTALL=1 -DCMAKE_INSTALL_PREFIX=/home/wellyowo/locobot_sim/locobot_ws/install/gazebo_plugins
[0.243s] -- The C compiler identification is GNU 11.4.0
[0.335s] -- The CXX compiler identification is GNU 11.4.0
[0.346s] -- Detecting C compiler ABI info
[0.492s] -- Detecting C compiler ABI info - done
[0.502s] -- Check for working C compiler: /usr/bin/cc - skipped
[0.504s] -- Detecting C compile features
[0.504s] -- Detecting C compile features - done
[0.507s] -- Detecting CXX compiler ABI info
[0.627s] -- Detecting CXX compiler ABI info - done
[0.634s] -- Check for working CXX compiler: /usr/bin/c++ - skipped
[0.634s] -- Detecting CXX compile features
[0.634s] -- Detecting CXX compile features - done
[0.640s] -- Found ament_cmake: 1.3.11 (/opt/ros/humble/share/ament_cmake/cmake)
[0.872s] -- Found Python3: /usr/bin/python3 (found version "3.10.12") found components: Interpreter 
[0.977s] -- Override CMake install command with custom implementation using symlinks instead of copying resources
[1.109s] -- Found camera_info_manager: 3.1.12 (/opt/ros/humble/share/camera_info_manager/cmake)
[1.455s] -- Found rosidl_generator_c: 3.1.6 (/opt/ros/humble/share/rosidl_generator_c/cmake)
[1.468s] -- Found rosidl_adapter: 3.1.6 (/opt/ros/humble/share/rosidl_adapter/cmake)
[1.545s] -- Found rosidl_generator_cpp: 3.1.6 (/opt/ros/humble/share/rosidl_generator_cpp/cmake)
[1.611s] -- Using all available rosidl_typesupport_c: rosidl_typesupport_fastrtps_c;rosidl_typesupport_introspection_c
[1.674s] -- Using all available rosidl_typesupport_cpp: rosidl_typesupport_fastrtps_cpp;rosidl_typesupport_introspection_cpp
[1.889s] -- Found rmw_implementation_cmake: 6.1.2 (/opt/ros/humble/share/rmw_implementation_cmake/cmake)
[1.904s] -- Found rmw_fastrtps_cpp: 6.2.7 (/opt/ros/humble/share/rmw_fastrtps_cpp/cmake)
[2.157s] -- Found OpenSSL: /usr/lib/x86_64-linux-gnu/libcrypto.so (found version "3.0.2")  
[2.255s] -- Found FastRTPS: /opt/ros/humble/include  
[2.403s] -- Using RMW implementation 'rmw_fastrtps_cpp' as default
[2.434s] -- Looking for pthread.h
[2.656s] -- Looking for pthread.h - found
[2.656s] -- Performing Test CMAKE_HAVE_LIBC_PTHREAD
[2.891s] -- Performing Test CMAKE_HAVE_LIBC_PTHREAD - Success
[2.895s] -- Found Threads: TRUE  
[3.083s] -- Found gazebo_dev: 3.9.0 (/opt/ros/humble/share/gazebo_dev/cmake)
[3.107s] -- Found PkgConfig: /usr/bin/pkg-config (found version "0.29.2") 
[3.114s] -- Checking for module 'bullet>=2.82'
[3.176s] --   Found bullet, version 3.05
[3.570s] -- Found fcl: /usr/include (found suitable version "0.7.0", minimum required is "0.5.0") 
[3.803s] -- Found assimp: /usr/include (found version "5.2.0") 
[3.845s] -- Found DART: /usr/include (Required is at least version "6.6") found components: dart 
[3.925s] -- Found Boost: /usr/lib/x86_64-linux-gnu/cmake/Boost-1.74.0/BoostConfig.cmake (found suitable version "1.74.0", minimum required is "1.40.0") found components: thread system filesystem program_options regex iostreams date_time 
[3.974s] -- Found Protobuf: /usr/lib/x86_64-linux-gnu/libprotobuf.so (found version "3.12.4") 
[3.994s] -- Looking for ignition-math6 -- found version 6.15.1
[4.010s] -- Searching for dependencies of ignition-math6
[4.013s] -- Looking for OGRE...
[4.023s] -- OGRE_PREFIX_WATCH changed.
[4.040s] -- Checking for module 'OGRE'
[4.088s] --   Found OGRE, version 1.9.0
[4.223s] -- Found Ogre Ghadamon (1.9.0)
[4.305s] -- Found OGRE: optimized;/usr/lib/x86_64-linux-gnu/libOgreMain.so;debug;/usr/lib/x86_64-linux-gnu/libOgreMain.so
[4.374s] -- Looking for OGRE_Paging...
[4.398s] -- Found OGRE_Paging: optimized;/usr/lib/x86_64-linux-gnu/libOgrePaging.so;debug;/usr/lib/x86_64-linux-gnu/libOgrePaging.so
[4.398s] -- Looking for OGRE_Terrain...
[4.426s] -- Found OGRE_Terrain: optimized;/usr/lib/x86_64-linux-gnu/libOgreTerrain.so;debug;/usr/lib/x86_64-linux-gnu/libOgreTerrain.so
[4.427s] -- Looking for OGRE_Property...
[4.480s] -- Found OGRE_Property: optimized;/usr/lib/x86_64-linux-gnu/libOgreProperty.so;debug;/usr/lib/x86_64-linux-gnu/libOgreProperty.so
[4.535s] -- Looking for OGRE_RTShaderSystem...
[4.548s] -- Found OGRE_RTShaderSystem: optimized;/usr/lib/x86_64-linux-gnu/libOgreRTShaderSystem.so;debug;/usr/lib/x86_64-linux-gnu/libOgreRTShaderSystem.so
[4.548s] -- Looking for OGRE_Volume...
[4.548s] -- Found OGRE_Volume: optimized;/usr/lib/x86_64-linux-gnu/libOgreVolume.so;debug;/usr/lib/x86_64-linux-gnu/libOgreVolume.so
[4.561s] -- Looking for OGRE_Overlay...
[4.567s] -- Found OGRE_Overlay: optimized;/usr/lib/x86_64-linux-gnu/libOgreOverlay.so;debug;/usr/lib/x86_64-linux-gnu/libOgreOverlay.so
[6.501s] -- Looking for ignition-math6 -- found version 6.15.1
[6.525s] -- Looking for ignition-transport8 -- found version 8.2.1
[6.540s] -- Searching for dependencies of ignition-transport8
[6.660s] -- Found Protobuf: /usr/lib/x86_64-linux-gnu/libprotobuf.so (found suitable version "3.12.4", minimum required is "3") 
[6.711s] -- Config-file not installed for ZeroMQ -- checking for pkg-config
[6.761s] -- Checking for module 'libzmq >= 4'
[6.868s] --   Found libzmq , version 4.3.4
[7.087s] -- Found ZeroMQ: TRUE (Required is at least version "4") 
[7.134s] -- Checking for module 'uuid'
[7.205s] --   Found uuid, version 2.37.2
[7.358s] -- Found UUID: TRUE  
[7.374s] -- Looking for ignition-msgs5 -- found version 5.8.1
[7.374s] -- Searching for dependencies of ignition-msgs5
[7.462s] -- Looking for ignition-math6 -- found version 6.15.1
[7.511s] -- Checking for module 'tinyxml2'
[7.569s] --   Found tinyxml2, version 9.0.0
[7.694s] -- Looking for ignition-msgs5 -- found version 5.8.1
[7.705s] -- Looking for ignition-common3 -- found version 3.14.0
[7.705s] -- Searching for dependencies of ignition-common3
[7.705s] -- Looking for dlfcn.h - found
[7.705s] -- Looking for libdl - found
[7.712s] -- Found DL: TRUE  
[7.753s] -- Found tinyobjloader: /usr/lib/x86_64-linux-gnu/cmake/tinyobjloader/tinyobjloader-config.cmake (found version "2.0.0") 
[7.753s] -- Searching for <ignition-common3> component [graphics]
[7.755s] -- Looking for ignition-common3-graphics -- found version 3.14.0
[7.755s] -- Searching for dependencies of ignition-common3-graphics
[7.755s] -- Looking for ignition-math6 -- found version 6.15.1
[7.778s] -- Looking for ignition-fuel_tools4 -- found version 4.4.0
[7.778s] -- Searching for dependencies of ignition-fuel_tools4
[8.151s] -- Found CURL: /usr/lib/x86_64-linux-gnu/libcurl.so (found version "7.81.0")  
[8.211s] -- Checking for module 'jsoncpp'
[8.290s] --   Found jsoncpp, version 1.9.5
[8.500s] -- Found JSONCPP: TRUE  
[8.549s] -- Checking for module 'libzip'
[8.635s] --   Found libzip, version 1.7.3
[8.878s] -- Found ZIP: TRUE  
[8.888s] -- Looking for ignition-common3 -- found version 3.14.0
[8.889s] -- Looking for ignition-math6 -- found version 6.15.1
[8.890s] -- Looking for ignition-msgs5 -- found version 5.8.1
[8.926s] -- Gazebo version: 11.10
[8.927s] -- Checking for module 'tbb'
[9.020s] --   Found tbb, version 2021.5.0
[9.228s] -- Found gazebo_msgs: 3.9.0 (/opt/ros/humble/share/gazebo_msgs/cmake)
[9.606s] -- Found gazebo_ros: 3.9.0 (/opt/ros/humble/share/gazebo_ros/cmake)
[9.658s] -- Found image_transport: 3.1.12 (/opt/ros/humble/share/image_transport/cmake)
[9.976s] -- Found cv_bridge: 3.2.1 (/opt/ros/humble/share/cv_bridge/cmake)
[10.014s] -- Found nav_msgs: 4.9.0 (/opt/ros/humble/share/nav_msgs/cmake)
[10.116s] -- Found std_srvs: 4.9.0 (/opt/ros/humble/share/std_srvs/cmake)
[10.177s] -- Found tf2: 0.25.13 (/opt/ros/humble/share/tf2/cmake)
[10.203s] -- Found tf2_geometry_msgs: 0.25.13 (/opt/ros/humble/share/tf2_geometry_msgs/cmake)
[10.271s] -- Found eigen3_cmake_module: 0.1.1 (/opt/ros/humble/share/eigen3_cmake_module/cmake)
[10.271s] -- Found Eigen3: TRUE (found version "3.4.0") 
[10.271s] -- Ensuring Eigen3 include directory is part of orocos-kdl CMake target
[11.687s] -- Configuring done
[12.548s] -- Generating done
[12.630s] -- Build files have been written to: /home/wellyowo/locobot_sim/locobot_ws/build/gazebo_plugins
[12.713s] Invoked command in '/home/wellyowo/locobot_sim/locobot_ws/build/gazebo_plugins' returned '0': CMAKE_PREFIX_PATH=/opt/ros/humble /usr/bin/cmake /home/wellyowo/locobot_sim/locobot_ws/src/ThirdParty/gazebo_plugins/gazebo_plugins -DBUILD_TESTING=OFF -DCMAKE_PREFIX_PATH= -DAMENT_CMAKE_SYMLINK_INSTALL=1 -DCMAKE_INSTALL_PREFIX=/home/wellyowo/locobot_sim/locobot_ws/install/gazebo_plugins
[12.714s] Invoking command in '/home/wellyowo/locobot_sim/locobot_ws/build/gazebo_plugins': CMAKE_PREFIX_PATH=/opt/ros/humble /usr/bin/cmake --build /home/wellyowo/locobot_sim/locobot_ws/build/gazebo_plugins -- -j16 -l16
[28.617s] [  2%] [32mBuilding CXX object CMakeFiles/gazebo_ros_joint_state_publisher.dir/src/gazebo_ros_joint_state_publisher.cpp.o[0m
[28.617s] [  4%] [32mBuilding CXX object CMakeFiles/gazebo_ros_ray_sensor.dir/src/gazebo_ros_ray_sensor.cpp.o[0m
[28.617s] [  6%] [32mBuilding CXX object CMakeFiles/gazebo_ros_diff_drive.dir/src/gazebo_ros_diff_drive.cpp.o[0m
[28.617s] [  8%] [32mBuilding CXX object CMakeFiles/gazebo_ros_template.dir/src/gazebo_ros_template.cpp.o[0m
[28.626s] [ 10%] [32mBuilding CXX object CMakeFiles/gazebo_ros_force.dir/src/gazebo_ros_force.cpp.o[0m
[28.628s] [ 13%] [32mBuilding CXX object CMakeFiles/multi_camera_plugin.dir/src/multi_camera_plugin.cpp.o[0m
[28.630s] [ 15%] [32mBuilding CXX object CMakeFiles/gazebo_ros_imu_sensor.dir/src/gazebo_ros_imu_sensor.cpp.o[0m
[28.631s] [ 17%] [32mBuilding CXX object CMakeFiles/gazebo_ros_p3d.dir/src/gazebo_ros_p3d.cpp.o[0m
[28.631s] [ 19%] [32mBuilding CXX object CMakeFiles/gazebo_ros_tricycle_drive.dir/src/gazebo_ros_tricycle_drive.cpp.o[0m
[28.631s] [ 21%] [32mBuilding CXX object CMakeFiles/gazebo_ros_gps_sensor.dir/src/gazebo_ros_gps_sensor.cpp.o[0m
[28.631s] [ 23%] [32mBuilding CXX object CMakeFiles/gazebo_ros_video.dir/src/gazebo_ros_video.cpp.o[0m
[28.631s] [ 26%] [32mBuilding CXX object CMakeFiles/gazebo_ros_ft_sensor.dir/src/gazebo_ros_ft_sensor.cpp.o[0m
[28.631s] [ 28%] [32mBuilding CXX object CMakeFiles/gazebo_ros_hand_of_god.dir/src/gazebo_ros_hand_of_god.cpp.o[0m
[28.631s] [ 30%] [32mBuilding CXX object CMakeFiles/gazebo_ros_bumper.dir/src/gazebo_ros_bumper.cpp.o[0m
[28.632s] [ 32%] [32mBuilding CXX object CMakeFiles/gazebo_ros_ackermann_drive.dir/src/gazebo_ros_ackermann_drive.cpp.o[0m
[28.632s] [ 34%] [32mBuilding CXX object CMakeFiles/gazebo_ros_harness.dir/src/gazebo_ros_harness.cpp.o[0m
[87.667s] [ 36%] [32m[1mLinking CXX shared library libgazebo_ros_hand_of_god.so[0m
[89.530s] [ 36%] Built target gazebo_ros_hand_of_god
[89.541s] [ 39%] [32m[1mLinking CXX shared library libgazebo_ros_gps_sensor.so[0m
[90.807s] [ 41%] [32m[1mLinking CXX shared library libgazebo_ros_template.so[0m
[90.821s] [ 43%] [32m[1mLinking CXX shared library libgazebo_ros_ft_sensor.so[0m
[91.243s] [ 43%] Built target gazebo_ros_gps_sensor
[92.589s] [ 45%] [32m[1mLinking CXX shared library libgazebo_ros_joint_state_publisher.so[0m
[92.663s] [ 45%] Built target gazebo_ros_template
[92.962s] [ 47%] [32m[1mLinking CXX shared library libgazebo_ros_p3d.so[0m
[94.127s] [ 47%] Built target gazebo_ros_ft_sensor
[95.195s] [ 47%] Built target gazebo_ros_joint_state_publisher
[95.258s] [ 47%] Built target gazebo_ros_p3d
[96.750s] [ 50%] [32m[1mLinking CXX shared library libgazebo_ros_bumper.so[0m
[99.198s] [ 50%] Built target gazebo_ros_bumper
[99.406s] [ 52%] [32m[1mLinking CXX shared library libgazebo_ros_force.so[0m
[100.258s] [ 54%] [32m[1mLinking CXX shared library libgazebo_ros_diff_drive.so[0m
[102.171s] [ 56%] [32m[1mLinking CXX shared library libgazebo_ros_imu_sensor.so[0m
[103.353s] [ 56%] Built target gazebo_ros_force
[103.788s] [ 56%] Built target gazebo_ros_imu_sensor
[103.848s] [ 58%] [32m[1mLinking CXX shared library libmulti_camera_plugin.so[0m
[104.651s] [ 58%] Built target multi_camera_plugin
[105.367s] [ 60%] [32m[1mLinking CXX shared library libgazebo_ros_ray_sensor.so[0m
[105.380s] [ 60%] Built target gazebo_ros_diff_drive
[107.143s] [ 60%] Built target gazebo_ros_ray_sensor
[107.881s] [ 63%] [32m[1mLinking CXX shared library libgazebo_ros_harness.so[0m
[109.937s] [ 63%] Built target gazebo_ros_harness
[110.841s] [ 65%] [32m[1mLinking CXX shared library libgazebo_ros_ackermann_drive.so[0m
[112.130s] [ 67%] [32m[1mLinking CXX shared library libgazebo_ros_tricycle_drive.so[0m
[112.327s] [ 67%] Built target gazebo_ros_ackermann_drive
[113.397s] [ 67%] Built target gazebo_ros_tricycle_drive
[128.123s] [ 69%] [32m[1mLinking CXX shared library libgazebo_ros_video.so[0m
[128.908s] [ 69%] Built target gazebo_ros_video
[128.925s] [ 71%] [32mBuilding CXX object CMakeFiles/gazebo_ros_camera.dir/src/gazebo_ros_camera.cpp.o[0m
[150.763s] [ 73%] [32m[1mLinking CXX shared library libgazebo_ros_camera.so[0m
[151.383s] [ 73%] Built target gazebo_ros_camera
[151.397s] [ 76%] [32mBuilding CXX object CMakeFiles/gazebo_ros_wheel_slip.dir/src/gazebo_ros_wheel_slip.cpp.o[0m
[167.925s] [ 78%] [32m[1mLinking CXX shared library libgazebo_ros_wheel_slip.so[0m
[169.396s] [ 78%] Built target gazebo_ros_wheel_slip
[169.431s] [ 80%] [32mBuilding CXX object CMakeFiles/gazebo_ros_vacuum_gripper.dir/src/gazebo_ros_vacuum_gripper.cpp.o[0m
[169.432s] [ 82%] [32mBuilding CXX object CMakeFiles/gazebo_ros_planar_move.dir/src/gazebo_ros_planar_move.cpp.o[0m
[169.441s] [ 84%] [32mBuilding CXX object CMakeFiles/gazebo_ros_joint_pose_trajectory.dir/src/gazebo_ros_joint_pose_trajectory.cpp.o[0m
[169.442s] [ 86%] [32mBuilding CXX object CMakeFiles/gazebo_ros_elevator.dir/src/gazebo_ros_elevator.cpp.o[0m
[169.452s] [ 89%] [32mBuilding CXX object CMakeFiles/gazebo_ros_projector.dir/src/gazebo_ros_projector.cpp.o[0m
[187.916s] [ 91%] [32m[1mLinking CXX shared library libgazebo_ros_elevator.so[0m
[188.615s] [ 91%] Built target gazebo_ros_elevator
[189.343s] [ 93%] [32m[1mLinking CXX shared library libgazebo_ros_vacuum_gripper.so[0m
[189.767s] [ 93%] Built target gazebo_ros_vacuum_gripper
[192.571s] [ 95%] [32m[1mLinking CXX shared library libgazebo_ros_joint_pose_trajectory.so[0m
[193.261s] [ 95%] Built target gazebo_ros_joint_pose_trajectory
[193.406s] [ 97%] [32m[1mLinking CXX shared library libgazebo_ros_planar_move.so[0m
[193.889s] [100%] [32m[1mLinking CXX shared library libgazebo_ros_projector.so[0m
[194.161s] [100%] Built target gazebo_ros_planar_move
[194.479s] [100%] Built target gazebo_ros_projector
[194.489s] Invoked command in '/home/wellyowo/locobot_sim/locobot_ws/build/gazebo_plugins' returned '0': CMAKE_PREFIX_PATH=/opt/ros/humble /usr/bin/cmake --build /home/wellyowo/locobot_sim/locobot_ws/build/gazebo_plugins -- -j16 -l16
[194.490s] Invoking command in '/home/wellyowo/locobot_sim/locobot_ws/build/gazebo_plugins': CMAKE_PREFIX_PATH=/opt/ros/humble /usr/bin/cmake --install /home/wellyowo/locobot_sim/locobot_ws/build/gazebo_plugins
[194.496s] -- Install configuration: ""
[194.496s] -- Execute custom install script
[194.496s] -- Symlinking: /home/wellyowo/locobot_sim/locobot_ws/install/gazebo_plugins/share/gazebo_plugins/environment/library_path.sh
[194.502s] -- Symlinking: /home/wellyowo/locobot_sim/locobot_ws/install/gazebo_plugins/share/gazebo_plugins/environment/library_path.dsv
[194.509s] -- Symlinking: /home/wellyowo/locobot_sim/locobot_ws/install/gazebo_plugins/share/gazebo_plugins/environment/gazebo_plugins.sh
[194.515s] -- Symlinking: /home/wellyowo/locobot_sim/locobot_ws/install/gazebo_plugins/share/gazebo_plugins/environment/gazebo_plugins.dsv
[194.521s] -- Symlinking: /home/wellyowo/locobot_sim/locobot_ws/install/gazebo_plugins/share/ament_index/resource_index/package_run_dependencies/gazebo_plugins
[194.527s] -- Symlinking: /home/wellyowo/locobot_sim/locobot_ws/install/gazebo_plugins/share/ament_index/resource_index/parent_prefix_path/gazebo_plugins
[194.533s] -- Symlinking: /home/wellyowo/locobot_sim/locobot_ws/install/gazebo_plugins/share/gazebo_plugins/environment/ament_prefix_path.sh
[194.539s] -- Symlinking: /home/wellyowo/locobot_sim/locobot_ws/install/gazebo_plugins/share/gazebo_plugins/environment/ament_prefix_path.dsv
[194.545s] -- Symlinking: /home/wellyowo/locobot_sim/locobot_ws/install/gazebo_plugins/share/gazebo_plugins/environment/path.sh
[194.551s] -- Symlinking: /home/wellyowo/locobot_sim/locobot_ws/install/gazebo_plugins/share/gazebo_plugins/environment/path.dsv
[194.557s] -- Symlinking: /home/wellyowo/locobot_sim/locobot_ws/install/gazebo_plugins/share/gazebo_plugins/local_setup.bash
[194.563s] -- Symlinking: /home/wellyowo/locobot_sim/locobot_ws/install/gazebo_plugins/share/gazebo_plugins/local_setup.sh
[194.569s] -- Symlinking: /home/wellyowo/locobot_sim/locobot_ws/install/gazebo_plugins/share/gazebo_plugins/local_setup.zsh
[194.575s] -- Symlinking: /home/wellyowo/locobot_sim/locobot_ws/install/gazebo_plugins/share/gazebo_plugins/local_setup.dsv
[194.581s] -- Symlinking: /home/wellyowo/locobot_sim/locobot_ws/install/gazebo_plugins/share/gazebo_plugins/package.dsv
[194.587s] -- Symlinking: /home/wellyowo/locobot_sim/locobot_ws/install/gazebo_plugins/share/ament_index/resource_index/packages/gazebo_plugins
[194.593s] -- Symlinking: /home/wellyowo/locobot_sim/locobot_ws/install/gazebo_plugins/share/gazebo_plugins/cmake/ament_cmake_export_libraries-extras.cmake
[194.599s] -- Symlinking: /home/wellyowo/locobot_sim/locobot_ws/install/gazebo_plugins/share/gazebo_plugins/cmake/ament_cmake_export_include_directories-extras.cmake
[194.605s] -- Symlinking: /home/wellyowo/locobot_sim/locobot_ws/install/gazebo_plugins/share/gazebo_plugins/cmake/ament_cmake_export_dependencies-extras.cmake
[194.612s] -- Symlinking: /home/wellyowo/locobot_sim/locobot_ws/install/gazebo_plugins/share/gazebo_plugins/cmake/gazebo_pluginsConfig.cmake
[194.618s] -- Symlinking: /home/wellyowo/locobot_sim/locobot_ws/install/gazebo_plugins/share/gazebo_plugins/cmake/gazebo_pluginsConfig-version.cmake
[194.624s] -- Symlinking: /home/wellyowo/locobot_sim/locobot_ws/install/gazebo_plugins/share/gazebo_plugins/package.xml
[194.630s] -- Symlinking: /home/wellyowo/locobot_sim/locobot_ws/install/gazebo_plugins/include/gazebo_plugins/gazebo_ros_ackermann_drive.hpp
[194.636s] -- Symlinking: /home/wellyowo/locobot_sim/locobot_ws/install/gazebo_plugins/include/gazebo_plugins/gazebo_ros_bumper.hpp
[194.642s] -- Symlinking: /home/wellyowo/locobot_sim/locobot_ws/install/gazebo_plugins/include/gazebo_plugins/gazebo_ros_camera.hpp
[194.648s] -- Symlinking: /home/wellyowo/locobot_sim/locobot_ws/install/gazebo_plugins/include/gazebo_plugins/gazebo_ros_diff_drive.hpp
[194.654s] -- Symlinking: /home/wellyowo/locobot_sim/locobot_ws/install/gazebo_plugins/include/gazebo_plugins/gazebo_ros_elevator.hpp
[194.660s] -- Symlinking: /home/wellyowo/locobot_sim/locobot_ws/install/gazebo_plugins/include/gazebo_plugins/gazebo_ros_force.hpp
[194.666s] -- Symlinking: /home/wellyowo/locobot_sim/locobot_ws/install/gazebo_plugins/include/gazebo_plugins/gazebo_ros_ft_sensor.hpp
[194.672s] -- Symlinking: /home/wellyowo/locobot_sim/locobot_ws/install/gazebo_plugins/include/gazebo_plugins/gazebo_ros_gps_sensor.hpp
[194.678s] -- Symlinking: /home/wellyowo/locobot_sim/locobot_ws/install/gazebo_plugins/include/gazebo_plugins/gazebo_ros_hand_of_god.hpp
[194.684s] -- Symlinking: /home/wellyowo/locobot_sim/locobot_ws/install/gazebo_plugins/include/gazebo_plugins/gazebo_ros_harness.hpp
[194.690s] -- Symlinking: /home/wellyowo/locobot_sim/locobot_ws/install/gazebo_plugins/include/gazebo_plugins/gazebo_ros_imu_sensor.hpp
[194.696s] -- Symlinking: /home/wellyowo/locobot_sim/locobot_ws/install/gazebo_plugins/include/gazebo_plugins/gazebo_ros_joint_pose_trajectory.hpp
[194.702s] -- Symlinking: /home/wellyowo/locobot_sim/locobot_ws/install/gazebo_plugins/include/gazebo_plugins/gazebo_ros_joint_state_publisher.hpp
[194.708s] -- Symlinking: /home/wellyowo/locobot_sim/locobot_ws/install/gazebo_plugins/include/gazebo_plugins/gazebo_ros_p3d.hpp
[194.714s] -- Symlinking: /home/wellyowo/locobot_sim/locobot_ws/install/gazebo_plugins/include/gazebo_plugins/gazebo_ros_planar_move.hpp
[194.720s] -- Symlinking: /home/wellyowo/locobot_sim/locobot_ws/install/gazebo_plugins/include/gazebo_plugins/gazebo_ros_projector.hpp
[194.726s] -- Symlinking: /home/wellyowo/locobot_sim/locobot_ws/install/gazebo_plugins/include/gazebo_plugins/gazebo_ros_ray_sensor.hpp
[194.732s] -- Symlinking: /home/wellyowo/locobot_sim/locobot_ws/install/gazebo_plugins/include/gazebo_plugins/gazebo_ros_template.hpp
[194.738s] -- Symlinking: /home/wellyowo/locobot_sim/locobot_ws/install/gazebo_plugins/include/gazebo_plugins/gazebo_ros_tricycle_drive.hpp
[194.743s] -- Symlinking: /home/wellyowo/locobot_sim/locobot_ws/install/gazebo_plugins/include/gazebo_plugins/gazebo_ros_vacuum_gripper.hpp
[194.749s] -- Symlinking: /home/wellyowo/locobot_sim/locobot_ws/install/gazebo_plugins/include/gazebo_plugins/gazebo_ros_video.hpp
[194.755s] -- Symlinking: /home/wellyowo/locobot_sim/locobot_ws/install/gazebo_plugins/include/gazebo_plugins/gazebo_ros_wheel_slip.hpp
[194.761s] -- Symlinking: /home/wellyowo/locobot_sim/locobot_ws/install/gazebo_plugins/include/gazebo_plugins/multi_camera_plugin.hpp
[194.767s] -- Symlinking: /home/wellyowo/locobot_sim/locobot_ws/install/gazebo_plugins/lib/libgazebo_ros_ackermann_drive.so
[194.773s] -- Symlinking: /home/wellyowo/locobot_sim/locobot_ws/install/gazebo_plugins/lib/libgazebo_ros_bumper.so
[194.779s] -- Symlinking: /home/wellyowo/locobot_sim/locobot_ws/install/gazebo_plugins/lib/libgazebo_ros_camera.so
[194.785s] -- Symlinking: /home/wellyowo/locobot_sim/locobot_ws/install/gazebo_plugins/lib/libgazebo_ros_diff_drive.so
[194.792s] -- Symlinking: /home/wellyowo/locobot_sim/locobot_ws/install/gazebo_plugins/lib/libgazebo_ros_elevator.so
[194.798s] -- Symlinking: /home/wellyowo/locobot_sim/locobot_ws/install/gazebo_plugins/lib/libgazebo_ros_force.so
[194.805s] -- Symlinking: /home/wellyowo/locobot_sim/locobot_ws/install/gazebo_plugins/lib/libgazebo_ros_ft_sensor.so
[194.810s] -- Symlinking: /home/wellyowo/locobot_sim/locobot_ws/install/gazebo_plugins/lib/libgazebo_ros_hand_of_god.so
[194.816s] -- Symlinking: /home/wellyowo/locobot_sim/locobot_ws/install/gazebo_plugins/lib/libgazebo_ros_harness.so
[194.822s] -- Symlinking: /home/wellyowo/locobot_sim/locobot_ws/install/gazebo_plugins/lib/libgazebo_ros_imu_sensor.so
[194.828s] -- Symlinking: /home/wellyowo/locobot_sim/locobot_ws/install/gazebo_plugins/lib/libgazebo_ros_gps_sensor.so
[194.834s] -- Symlinking: /home/wellyowo/locobot_sim/locobot_ws/install/gazebo_plugins/lib/libgazebo_ros_joint_pose_trajectory.so
[194.840s] -- Symlinking: /home/wellyowo/locobot_sim/locobot_ws/install/gazebo_plugins/lib/libgazebo_ros_joint_state_publisher.so
[194.846s] -- Symlinking: /home/wellyowo/locobot_sim/locobot_ws/install/gazebo_plugins/lib/libgazebo_ros_planar_move.so
[194.852s] -- Symlinking: /home/wellyowo/locobot_sim/locobot_ws/install/gazebo_plugins/lib/libgazebo_ros_projector.so
[194.858s] -- Symlinking: /home/wellyowo/locobot_sim/locobot_ws/install/gazebo_plugins/lib/libgazebo_ros_ray_sensor.so
[194.864s] -- Symlinking: /home/wellyowo/locobot_sim/locobot_ws/install/gazebo_plugins/lib/libgazebo_ros_p3d.so
[194.871s] -- Symlinking: /home/wellyowo/locobot_sim/locobot_ws/install/gazebo_plugins/lib/libgazebo_ros_template.so
[194.877s] -- Symlinking: /home/wellyowo/locobot_sim/locobot_ws/install/gazebo_plugins/lib/libgazebo_ros_tricycle_drive.so
[194.883s] -- Symlinking: /home/wellyowo/locobot_sim/locobot_ws/install/gazebo_plugins/lib/libgazebo_ros_vacuum_gripper.so
[194.889s] -- Symlinking: /home/wellyowo/locobot_sim/locobot_ws/install/gazebo_plugins/lib/libgazebo_ros_video.so
[194.895s] -- Symlinking: /home/wellyowo/locobot_sim/locobot_ws/install/gazebo_plugins/lib/libmulti_camera_plugin.so
[194.900s] -- Symlinking: /home/wellyowo/locobot_sim/locobot_ws/install/gazebo_plugins/lib/libgazebo_ros_wheel_slip.so
[194.906s] -- Symlinking: /home/wellyowo/locobot_sim/locobot_ws/install/gazebo_plugins/lib/gazebo_plugins//wheel_slip_drawbar_pull_publisher.py
[194.913s] -- Symlinking: /home/wellyowo/locobot_sim/locobot_ws/install/gazebo_plugins/share/gazebo_plugins//worlds/gazebo_ros_ackermann_drive_demo.world
[194.918s] -- Symlinking: /home/wellyowo/locobot_sim/locobot_ws/install/gazebo_plugins/share/gazebo_plugins//worlds/gazebo_ros_bumper_demo.world
[194.924s] -- Symlinking: /home/wellyowo/locobot_sim/locobot_ws/install/gazebo_plugins/share/gazebo_plugins//worlds/gazebo_ros_camera_demo.world
[194.930s] -- Symlinking: /home/wellyowo/locobot_sim/locobot_ws/install/gazebo_plugins/share/gazebo_plugins//worlds/gazebo_ros_camera_distortion_barrel_demo.world
[194.936s] -- Symlinking: /home/wellyowo/locobot_sim/locobot_ws/install/gazebo_plugins/share/gazebo_plugins//worlds/gazebo_ros_camera_distortion_pincushion_demo.world
[194.941s] -- Symlinking: /home/wellyowo/locobot_sim/locobot_ws/install/gazebo_plugins/share/gazebo_plugins//worlds/gazebo_ros_camera_triggered_demo.world
[194.947s] -- Symlinking: /home/wellyowo/locobot_sim/locobot_ws/install/gazebo_plugins/share/gazebo_plugins//worlds/gazebo_ros_depth_camera_demo.world
[194.953s] -- Symlinking: /home/wellyowo/locobot_sim/locobot_ws/install/gazebo_plugins/share/gazebo_plugins//worlds/gazebo_ros_diff_drive_demo.world
[194.959s] -- Symlinking: /home/wellyowo/locobot_sim/locobot_ws/install/gazebo_plugins/share/gazebo_plugins//worlds/gazebo_ros_elevator_demo.world
[194.964s] -- Symlinking: /home/wellyowo/locobot_sim/locobot_ws/install/gazebo_plugins/share/gazebo_plugins//worlds/gazebo_ros_force_demo.world
[194.969s] -- Symlinking: /home/wellyowo/locobot_sim/locobot_ws/install/gazebo_plugins/share/gazebo_plugins//worlds/gazebo_ros_ft_sensor_demo.world
[194.974s] -- Symlinking: /home/wellyowo/locobot_sim/locobot_ws/install/gazebo_plugins/share/gazebo_plugins//worlds/gazebo_ros_gps_sensor_demo.world
[194.979s] -- Symlinking: /home/wellyowo/locobot_sim/locobot_ws/install/gazebo_plugins/share/gazebo_plugins//worlds/gazebo_ros_hand_of_god_demo.world
[194.984s] -- Symlinking: /home/wellyowo/locobot_sim/locobot_ws/install/gazebo_plugins/share/gazebo_plugins//worlds/gazebo_ros_harness_demo.world
[194.990s] -- Symlinking: /home/wellyowo/locobot_sim/locobot_ws/install/gazebo_plugins/share/gazebo_plugins//worlds/gazebo_ros_joint_pose_trajectory_demo.world
[194.995s] -- Symlinking: /home/wellyowo/locobot_sim/locobot_ws/install/gazebo_plugins/share/gazebo_plugins//worlds/gazebo_ros_joint_state_publisher_demo.world
[195.000s] -- Symlinking: /home/wellyowo/locobot_sim/locobot_ws/install/gazebo_plugins/share/gazebo_plugins//worlds/gazebo_ros_multi_camera_demo.world
[195.005s] -- Symlinking: /home/wellyowo/locobot_sim/locobot_ws/install/gazebo_plugins/share/gazebo_plugins//worlds/gazebo_ros_multicamera_demo.world
[195.010s] -- Symlinking: /home/wellyowo/locobot_sim/locobot_ws/install/gazebo_plugins/share/gazebo_plugins//worlds/gazebo_ros_p3d_demo.world
[195.015s] -- Symlinking: /home/wellyowo/locobot_sim/locobot_ws/install/gazebo_plugins/share/gazebo_plugins//worlds/gazebo_ros_planar_move_demo.world
[195.020s] -- Symlinking: /home/wellyowo/locobot_sim/locobot_ws/install/gazebo_plugins/share/gazebo_plugins//worlds/gazebo_ros_projector_demo.world
[195.025s] -- Symlinking: /home/wellyowo/locobot_sim/locobot_ws/install/gazebo_plugins/share/gazebo_plugins//worlds/gazebo_ros_ray_sensor_demo.world
[195.030s] -- Symlinking: /home/wellyowo/locobot_sim/locobot_ws/install/gazebo_plugins/share/gazebo_plugins//worlds/gazebo_ros_skid_steer_drive_demo.world
[195.035s] -- Symlinking: /home/wellyowo/locobot_sim/locobot_ws/install/gazebo_plugins/share/gazebo_plugins//worlds/gazebo_ros_template_demo.world
[195.040s] -- Symlinking: /home/wellyowo/locobot_sim/locobot_ws/install/gazebo_plugins/share/gazebo_plugins//worlds/gazebo_ros_tricycle_drive_demo.world
[195.046s] -- Symlinking: /home/wellyowo/locobot_sim/locobot_ws/install/gazebo_plugins/share/gazebo_plugins//worlds/gazebo_ros_vacuum_gripper_demo.world
[195.051s] -- Symlinking: /home/wellyowo/locobot_sim/locobot_ws/install/gazebo_plugins/share/gazebo_plugins//worlds/gazebo_ros_video_demo.world
[195.057s] -- Symlinking: /home/wellyowo/locobot_sim/locobot_ws/install/gazebo_plugins/share/gazebo_plugins//worlds/gazebo_ros_wheel_slip_demo.world
[195.062s] -- Symlinking: /home/wellyowo/locobot_sim/locobot_ws/install/gazebo_plugins/share/gazebo_plugins//worlds/gazebo_ros_wheel_slip_drawbar_pull_demo.world
[195.068s] Invoked command in '/home/wellyowo/locobot_sim/locobot_ws/build/gazebo_plugins' returned '0': CMAKE_PREFIX_PATH=/opt/ros/humble /usr/bin/cmake --install /home/wellyowo/locobot_sim/locobot_ws/build/gazebo_plugins
