[0.012s] Invoking command in '/home/wellyowo/locobot_sim/locobot_ws/build/aws_robomaker_small_house_world': AMENT_PREFIX_PATH=/home/wellyowo/locobot_sim/locobot_ws/install/gazebo_plugins:${AMENT_PREFIX_PATH} CMAKE_PREFIX_PATH=/home/wellyowo/locobot_sim/locobot_ws/install/gazebo_plugins:/opt/ros/humble LD_LIBRARY_PATH=/home/wellyowo/locobot_sim/locobot_ws/install/gazebo_plugins/lib:/opt/ros/humble/opt/rviz_ogre_vendor/lib:/opt/ros/humble/lib/x86_64-linux-gnu:/opt/ros/humble/lib:/usr/local/nvidia/lib:/usr/local/nvidia/lib64:/usr/lib/x86_64-linux-gnu/gazebo-11/plugins /usr/bin/cmake /home/wellyowo/locobot_sim/locobot_ws/src/ThirdParty/aws-robomaker-small-house-world -DBUILD_TESTING=OFF -DCMAKE_PREFIX_PATH= -DAMENT_CMAKE_SYMLINK_INSTALL=1 -DCMAKE_INSTALL_PREFIX=/home/wellyowo/locobot_sim/locobot_ws/install/aws_robomaker_small_house_world
[0.060s] -- The C compiler identification is GNU 11.4.0
[0.133s] -- The CXX compiler identification is GNU 11.4.0
[0.142s] -- Detecting C compiler ABI info
[0.205s] -- Detecting C compiler ABI info - done
[0.216s] -- Check for working C compiler: /usr/bin/cc - skipped
[0.216s] -- Detecting C compile features
[0.217s] -- Detecting C compile features - done
[0.221s] -- Detecting CXX compiler ABI info
[0.293s] -- Detecting CXX compiler ABI info - done
[0.304s] -- Check for working CXX compiler: /usr/bin/c++ - skipped
[0.304s] -- Detecting CXX compile features
[0.305s] -- Detecting CXX compile features - done
[0.308s] -- Found gazebo_ros: 3.9.0 (/opt/ros/humble/share/gazebo_ros/cmake)
[0.436s] -- Found Python3: /usr/bin/python3 (found version "3.10.12") found components: Interpreter 
[0.491s] -- Override CMake install command with custom implementation using symlinks instead of copying resources
[0.566s] -- Found rosidl_generator_c: 3.1.6 (/opt/ros/humble/share/rosidl_generator_c/cmake)
[0.571s] -- Found rosidl_adapter: 3.1.6 (/opt/ros/humble/share/rosidl_adapter/cmake)
[0.579s] -- Found rosidl_generator_cpp: 3.1.6 (/opt/ros/humble/share/rosidl_generator_cpp/cmake)
[0.590s] -- Using all available rosidl_typesupport_c: rosidl_typesupport_fastrtps_c;rosidl_typesupport_introspection_c
[0.605s] -- Using all available rosidl_typesupport_cpp: rosidl_typesupport_fastrtps_cpp;rosidl_typesupport_introspection_cpp
[0.647s] -- Found rmw_implementation_cmake: 6.1.2 (/opt/ros/humble/share/rmw_implementation_cmake/cmake)
[0.649s] -- Found rmw_fastrtps_cpp: 6.2.7 (/opt/ros/humble/share/rmw_fastrtps_cpp/cmake)
[0.728s] -- Found OpenSSL: /usr/lib/x86_64-linux-gnu/libcrypto.so (found version "3.0.2")  
[0.759s] -- Found FastRTPS: /opt/ros/humble/include  
[0.807s] -- Using RMW implementation 'rmw_fastrtps_cpp' as default
[0.815s] -- Looking for pthread.h
[0.874s] -- Looking for pthread.h - found
[0.874s] -- Performing Test CMAKE_HAVE_LIBC_PTHREAD
[0.933s] -- Performing Test CMAKE_HAVE_LIBC_PTHREAD - Success
[0.934s] -- Found Threads: TRUE  
[0.985s] -- Found PkgConfig: /usr/bin/pkg-config (found version "0.29.2") 
[0.986s] -- Checking for module 'bullet>=2.82'
[0.995s] --   Found bullet, version 3.05
[1.073s] -- Found fcl: /usr/include (found suitable version "0.7.0", minimum required is "0.5.0") 
[1.108s] -- Found assimp: /usr/include (found version "5.2.0") 
[1.121s] -- Found DART: /usr/include (Required is at least version "6.6") found components: dart 
[1.148s] -- Found Boost: /usr/lib/x86_64-linux-gnu/cmake/Boost-1.74.0/BoostConfig.cmake (found suitable version "1.74.0", minimum required is "1.40.0") found components: thread system filesystem program_options regex iostreams date_time 
[1.158s] -- Found Protobuf: /usr/lib/x86_64-linux-gnu/libprotobuf.so (found version "3.12.4") 
[1.165s] -- Looking for ignition-math6 -- found version 6.15.1
[1.171s] -- Searching for dependencies of ignition-math6
[1.172s] -- Looking for OGRE...
[1.172s] -- OGRE_PREFIX_WATCH changed.
[1.177s] -- Checking for module 'OGRE'
[1.187s] --   Found OGRE, version 1.9.0
[1.212s] -- Found Ogre Ghadamon (1.9.0)
[1.216s] -- Found OGRE: optimized;/usr/lib/x86_64-linux-gnu/libOgreMain.so;debug;/usr/lib/x86_64-linux-gnu/libOgreMain.so
[1.225s] -- Looking for OGRE_Paging...
[1.228s] -- Found OGRE_Paging: optimized;/usr/lib/x86_64-linux-gnu/libOgrePaging.so;debug;/usr/lib/x86_64-linux-gnu/libOgrePaging.so
[1.228s] -- Looking for OGRE_Terrain...
[1.231s] -- Found OGRE_Terrain: optimized;/usr/lib/x86_64-linux-gnu/libOgreTerrain.so;debug;/usr/lib/x86_64-linux-gnu/libOgreTerrain.so
[1.231s] -- Looking for OGRE_Property...
[1.234s] -- Found OGRE_Property: optimized;/usr/lib/x86_64-linux-gnu/libOgreProperty.so;debug;/usr/lib/x86_64-linux-gnu/libOgreProperty.so
[1.234s] -- Looking for OGRE_RTShaderSystem...
[1.236s] -- Found OGRE_RTShaderSystem: optimized;/usr/lib/x86_64-linux-gnu/libOgreRTShaderSystem.so;debug;/usr/lib/x86_64-linux-gnu/libOgreRTShaderSystem.so
[1.236s] -- Looking for OGRE_Volume...
[1.238s] -- Found OGRE_Volume: optimized;/usr/lib/x86_64-linux-gnu/libOgreVolume.so;debug;/usr/lib/x86_64-linux-gnu/libOgreVolume.so
[1.238s] -- Looking for OGRE_Overlay...
[1.241s] -- Found OGRE_Overlay: optimized;/usr/lib/x86_64-linux-gnu/libOgreOverlay.so;debug;/usr/lib/x86_64-linux-gnu/libOgreOverlay.so
[1.303s] -- Looking for ignition-math6 -- found version 6.15.1
[1.305s] -- Looking for ignition-transport8 -- found version 8.2.1
[1.305s] -- Searching for dependencies of ignition-transport8
[1.322s] -- Found Protobuf: /usr/lib/x86_64-linux-gnu/libprotobuf.so (found suitable version "3.12.4", minimum required is "3") 
[1.333s] -- Config-file not installed for ZeroMQ -- checking for pkg-config
[1.338s] -- Checking for module 'libzmq >= 4'
[1.349s] --   Found libzmq , version 4.3.4
[1.376s] -- Found ZeroMQ: TRUE (Required is at least version "4") 
[1.381s] -- Checking for module 'uuid'
[1.390s] --   Found uuid, version 2.37.2
[1.413s] -- Found UUID: TRUE  
[1.415s] -- Looking for ignition-msgs5 -- found version 5.8.1
[1.415s] -- Searching for dependencies of ignition-msgs5
[1.433s] -- Looking for ignition-math6 -- found version 6.15.1
[1.438s] -- Checking for module 'tinyxml2'
[1.447s] --   Found tinyxml2, version 9.0.0
[1.472s] -- Looking for ignition-msgs5 -- found version 5.8.1
[1.475s] -- Looking for ignition-common3 -- found version 3.14.0
[1.475s] -- Searching for dependencies of ignition-common3
[1.475s] -- Looking for dlfcn.h - found
[1.476s] -- Looking for libdl - found
[1.477s] -- Found DL: TRUE  
[1.485s] -- Found tinyobjloader: /usr/lib/x86_64-linux-gnu/cmake/tinyobjloader/tinyobjloader-config.cmake (found version "2.0.0") 
[1.486s] -- Searching for <ignition-common3> component [graphics]
[1.487s] -- Looking for ignition-common3-graphics -- found version 3.14.0
[1.488s] -- Searching for dependencies of ignition-common3-graphics
[1.488s] -- Looking for ignition-math6 -- found version 6.15.1
[1.490s] -- Looking for ignition-fuel_tools4 -- found version 4.4.0
[1.491s] -- Searching for dependencies of ignition-fuel_tools4
[1.545s] -- Found CURL: /usr/lib/x86_64-linux-gnu/libcurl.so (found version "7.81.0")  
[1.552s] -- Checking for module 'jsoncpp'
[1.560s] --   Found jsoncpp, version 1.9.5
[1.585s] -- Found JSONCPP: TRUE  
[1.589s] -- Checking for module 'libzip'
[1.597s] --   Found libzip, version 1.7.3
[1.621s] -- Found ZIP: TRUE  
[1.622s] -- Looking for ignition-common3 -- found version 3.14.0
[1.622s] -- Looking for ignition-math6 -- found version 6.15.1
[1.622s] -- Looking for ignition-msgs5 -- found version 5.8.1
[1.625s] -- Gazebo version: 11.10
[1.626s] -- Checking for module 'tbb'
[1.636s] --   Found tbb, version 2021.5.0
[1.664s] -- Found ament_cmake_ros: 0.10.0 (/opt/ros/humble/share/ament_cmake_ros/cmake)
[1.724s] -- Configuring done
[1.729s] -- Generating done
[1.731s] -- Build files have been written to: /home/wellyowo/locobot_sim/locobot_ws/build/aws_robomaker_small_house_world
[1.742s] Invoked command in '/home/wellyowo/locobot_sim/locobot_ws/build/aws_robomaker_small_house_world' returned '0': AMENT_PREFIX_PATH=/home/wellyowo/locobot_sim/locobot_ws/install/gazebo_plugins:${AMENT_PREFIX_PATH} CMAKE_PREFIX_PATH=/home/wellyowo/locobot_sim/locobot_ws/install/gazebo_plugins:/opt/ros/humble LD_LIBRARY_PATH=/home/wellyowo/locobot_sim/locobot_ws/install/gazebo_plugins/lib:/opt/ros/humble/opt/rviz_ogre_vendor/lib:/opt/ros/humble/lib/x86_64-linux-gnu:/opt/ros/humble/lib:/usr/local/nvidia/lib:/usr/local/nvidia/lib64:/usr/lib/x86_64-linux-gnu/gazebo-11/plugins /usr/bin/cmake /home/wellyowo/locobot_sim/locobot_ws/src/ThirdParty/aws-robomaker-small-house-world -DBUILD_TESTING=OFF -DCMAKE_PREFIX_PATH= -DAMENT_CMAKE_SYMLINK_INSTALL=1 -DCMAKE_INSTALL_PREFIX=/home/wellyowo/locobot_sim/locobot_ws/install/aws_robomaker_small_house_world
[1.743s] Invoking command in '/home/wellyowo/locobot_sim/locobot_ws/build/aws_robomaker_small_house_world': AMENT_PREFIX_PATH=/home/wellyowo/locobot_sim/locobot_ws/install/gazebo_plugins:${AMENT_PREFIX_PATH} CMAKE_PREFIX_PATH=/home/wellyowo/locobot_sim/locobot_ws/install/gazebo_plugins:/opt/ros/humble LD_LIBRARY_PATH=/home/wellyowo/locobot_sim/locobot_ws/install/gazebo_plugins/lib:/opt/ros/humble/opt/rviz_ogre_vendor/lib:/opt/ros/humble/lib/x86_64-linux-gnu:/opt/ros/humble/lib:/usr/local/nvidia/lib:/usr/local/nvidia/lib64:/usr/lib/x86_64-linux-gnu/gazebo-11/plugins /usr/bin/cmake --build /home/wellyowo/locobot_sim/locobot_ws/build/aws_robomaker_small_house_world -- -j16 -l16
[1.776s] Invoked command in '/home/wellyowo/locobot_sim/locobot_ws/build/aws_robomaker_small_house_world' returned '0': AMENT_PREFIX_PATH=/home/wellyowo/locobot_sim/locobot_ws/install/gazebo_plugins:${AMENT_PREFIX_PATH} CMAKE_PREFIX_PATH=/home/wellyowo/locobot_sim/locobot_ws/install/gazebo_plugins:/opt/ros/humble LD_LIBRARY_PATH=/home/wellyowo/locobot_sim/locobot_ws/install/gazebo_plugins/lib:/opt/ros/humble/opt/rviz_ogre_vendor/lib:/opt/ros/humble/lib/x86_64-linux-gnu:/opt/ros/humble/lib:/usr/local/nvidia/lib:/usr/local/nvidia/lib64:/usr/lib/x86_64-linux-gnu/gazebo-11/plugins /usr/bin/cmake --build /home/wellyowo/locobot_sim/locobot_ws/build/aws_robomaker_small_house_world -- -j16 -l16
[1.778s] Invoking command in '/home/wellyowo/locobot_sim/locobot_ws/build/aws_robomaker_small_house_world': AMENT_PREFIX_PATH=/home/wellyowo/locobot_sim/locobot_ws/install/gazebo_plugins:${AMENT_PREFIX_PATH} CMAKE_PREFIX_PATH=/home/wellyowo/locobot_sim/locobot_ws/install/gazebo_plugins:/opt/ros/humble LD_LIBRARY_PATH=/home/wellyowo/locobot_sim/locobot_ws/install/gazebo_plugins/lib:/opt/ros/humble/opt/rviz_ogre_vendor/lib:/opt/ros/humble/lib/x86_64-linux-gnu:/opt/ros/humble/lib:/usr/local/nvidia/lib:/usr/local/nvidia/lib64:/usr/lib/x86_64-linux-gnu/gazebo-11/plugins /usr/bin/cmake --install /home/wellyowo/locobot_sim/locobot_ws/build/aws_robomaker_small_house_world
[1.784s] -- Install configuration: ""
[1.784s] -- Execute custom install script
[1.784s] -- Symlinking: /home/wellyowo/locobot_sim/locobot_ws/install/aws_robomaker_small_house_world/share/aws_robomaker_small_house_world/launch/small_house.launch.py
[1.792s] -- Symlinking: /home/wellyowo/locobot_sim/locobot_ws/install/aws_robomaker_small_house_world/share/aws_robomaker_small_house_world/launch/view_small_house.launch.py
[1.805s] -- Symlinking: /home/wellyowo/locobot_sim/locobot_ws/install/aws_robomaker_small_house_world/share/aws_robomaker_small_house_world/models/aws_robomaker_residential_AirconditionerA_01/materials/textures/aws_AirconditionerA_01.png
[1.813s] -- Symlinking: /home/wellyowo/locobot_sim/locobot_ws/install/aws_robomaker_small_house_world/share/aws_robomaker_small_house_world/models/aws_robomaker_residential_AirconditionerA_01/meshes/aws_AirconditionerA_01_collision.DAE
[1.820s] -- Symlinking: /home/wellyowo/locobot_sim/locobot_ws/install/aws_robomaker_small_house_world/share/aws_robomaker_small_house_world/models/aws_robomaker_residential_AirconditionerA_01/meshes/aws_AirconditionerA_01_visual.DAE
[1.825s] -- Symlinking: /home/wellyowo/locobot_sim/locobot_ws/install/aws_robomaker_small_house_world/share/aws_robomaker_small_house_world/models/aws_robomaker_residential_AirconditionerA_01/meshes/aws__Air conditioner_01.DAE
[1.831s] -- Symlinking: /home/wellyowo/locobot_sim/locobot_ws/install/aws_robomaker_small_house_world/share/aws_robomaker_small_house_world/models/aws_robomaker_residential_AirconditionerA_01/model.config
[1.837s] -- Symlinking: /home/wellyowo/locobot_sim/locobot_ws/install/aws_robomaker_small_house_world/share/aws_robomaker_small_house_world/models/aws_robomaker_residential_AirconditionerA_01/model.sdf
[1.842s] -- Symlinking: /home/wellyowo/locobot_sim/locobot_ws/install/aws_robomaker_small_house_world/share/aws_robomaker_small_house_world/models/aws_robomaker_residential_AirconditionerB_01/materials/textures/aws_AirconditionerB_01.png
[1.848s] -- Symlinking: /home/wellyowo/locobot_sim/locobot_ws/install/aws_robomaker_small_house_world/share/aws_robomaker_small_house_world/models/aws_robomaker_residential_AirconditionerB_01/meshes/aws_AirconditionerB_01_collision.DAE
[1.854s] -- Symlinking: /home/wellyowo/locobot_sim/locobot_ws/install/aws_robomaker_small_house_world/share/aws_robomaker_small_house_world/models/aws_robomaker_residential_AirconditionerB_01/meshes/aws_AirconditionerB_01_visual.DAE
[1.860s] -- Symlinking: /home/wellyowo/locobot_sim/locobot_ws/install/aws_robomaker_small_house_world/share/aws_robomaker_small_house_world/models/aws_robomaker_residential_AirconditionerB_01/model.config
[1.866s] -- Symlinking: /home/wellyowo/locobot_sim/locobot_ws/install/aws_robomaker_small_house_world/share/aws_robomaker_small_house_world/models/aws_robomaker_residential_AirconditionerB_01/model.sdf
[1.873s] -- Symlinking: /home/wellyowo/locobot_sim/locobot_ws/install/aws_robomaker_small_house_world/share/aws_robomaker_small_house_world/models/aws_robomaker_residential_BalconyTable_01/materials/textures/aws_BalconyTable_01.png
[1.879s] -- Symlinking: /home/wellyowo/locobot_sim/locobot_ws/install/aws_robomaker_small_house_world/share/aws_robomaker_small_house_world/models/aws_robomaker_residential_BalconyTable_01/meshes/aws_BalconyTable_01_collision.DAE
[1.885s] -- Symlinking: /home/wellyowo/locobot_sim/locobot_ws/install/aws_robomaker_small_house_world/share/aws_robomaker_small_house_world/models/aws_robomaker_residential_BalconyTable_01/meshes/aws_BalconyTable_01_visual.DAE
[1.891s] -- Symlinking: /home/wellyowo/locobot_sim/locobot_ws/install/aws_robomaker_small_house_world/share/aws_robomaker_small_house_world/models/aws_robomaker_residential_BalconyTable_01/model.config
[1.897s] -- Symlinking: /home/wellyowo/locobot_sim/locobot_ws/install/aws_robomaker_small_house_world/share/aws_robomaker_small_house_world/models/aws_robomaker_residential_BalconyTable_01/model.sdf
[1.903s] -- Symlinking: /home/wellyowo/locobot_sim/locobot_ws/install/aws_robomaker_small_house_world/share/aws_robomaker_small_house_world/models/aws_robomaker_residential_Ball_01/materials/textures/aws_Ball_01.png
[1.910s] -- Symlinking: /home/wellyowo/locobot_sim/locobot_ws/install/aws_robomaker_small_house_world/share/aws_robomaker_small_house_world/models/aws_robomaker_residential_Ball_01/meshes/aws_Ball_01_collision.DAE
[1.916s] -- Symlinking: /home/wellyowo/locobot_sim/locobot_ws/install/aws_robomaker_small_house_world/share/aws_robomaker_small_house_world/models/aws_robomaker_residential_Ball_01/meshes/aws_Ball_01_visual.DAE
[1.922s] -- Symlinking: /home/wellyowo/locobot_sim/locobot_ws/install/aws_robomaker_small_house_world/share/aws_robomaker_small_house_world/models/aws_robomaker_residential_Ball_01/model.config
[1.929s] -- Symlinking: /home/wellyowo/locobot_sim/locobot_ws/install/aws_robomaker_small_house_world/share/aws_robomaker_small_house_world/models/aws_robomaker_residential_Ball_01/model.sdf
[1.935s] -- Symlinking: /home/wellyowo/locobot_sim/locobot_ws/install/aws_robomaker_small_house_world/share/aws_robomaker_small_house_world/models/aws_robomaker_residential_Bed_01/materials/textures/aws_BedA_01.png
[1.942s] -- Symlinking: /home/wellyowo/locobot_sim/locobot_ws/install/aws_robomaker_small_house_world/share/aws_robomaker_small_house_world/models/aws_robomaker_residential_Bed_01/materials/textures/aws_BedB_01.png
[1.948s] -- Symlinking: /home/wellyowo/locobot_sim/locobot_ws/install/aws_robomaker_small_house_world/share/aws_robomaker_small_house_world/models/aws_robomaker_residential_Bed_01/materials/textures/aws_BedC_01.png
[1.954s] -- Symlinking: /home/wellyowo/locobot_sim/locobot_ws/install/aws_robomaker_small_house_world/share/aws_robomaker_small_house_world/models/aws_robomaker_residential_Bed_01/materials/textures/aws_Bed_01.png
[1.961s] -- Symlinking: /home/wellyowo/locobot_sim/locobot_ws/install/aws_robomaker_small_house_world/share/aws_robomaker_small_house_world/models/aws_robomaker_residential_Bed_01/meshes/aws_Bed_01_collision.DAE
[1.967s] -- Symlinking: /home/wellyowo/locobot_sim/locobot_ws/install/aws_robomaker_small_house_world/share/aws_robomaker_small_house_world/models/aws_robomaker_residential_Bed_01/meshes/aws_Bed_01_visual.DAE
[1.974s] -- Symlinking: /home/wellyowo/locobot_sim/locobot_ws/install/aws_robomaker_small_house_world/share/aws_robomaker_small_house_world/models/aws_robomaker_residential_Bed_01/model.config
[1.980s] -- Symlinking: /home/wellyowo/locobot_sim/locobot_ws/install/aws_robomaker_small_house_world/share/aws_robomaker_small_house_world/models/aws_robomaker_residential_Bed_01/model.sdf
[1.986s] -- Symlinking: /home/wellyowo/locobot_sim/locobot_ws/install/aws_robomaker_small_house_world/share/aws_robomaker_small_house_world/models/aws_robomaker_residential_Board_01/materials/textures/aws_Board_01.png
[1.992s] -- Symlinking: /home/wellyowo/locobot_sim/locobot_ws/install/aws_robomaker_small_house_world/share/aws_robomaker_small_house_world/models/aws_robomaker_residential_Board_01/meshes/aws_Board_01_collision.DAE
[1.999s] -- Symlinking: /home/wellyowo/locobot_sim/locobot_ws/install/aws_robomaker_small_house_world/share/aws_robomaker_small_house_world/models/aws_robomaker_residential_Board_01/meshes/aws_Board_01_visual.DAE
[2.005s] -- Symlinking: /home/wellyowo/locobot_sim/locobot_ws/install/aws_robomaker_small_house_world/share/aws_robomaker_small_house_world/models/aws_robomaker_residential_Board_01/model.config
[2.011s] -- Symlinking: /home/wellyowo/locobot_sim/locobot_ws/install/aws_robomaker_small_house_world/share/aws_robomaker_small_house_world/models/aws_robomaker_residential_Board_01/model.sdf
[2.017s] -- Symlinking: /home/wellyowo/locobot_sim/locobot_ws/install/aws_robomaker_small_house_world/share/aws_robomaker_small_house_world/models/aws_robomaker_residential_Carpet_01/materials/textures/aws_Carpet_01.png
[2.023s] -- Symlinking: /home/wellyowo/locobot_sim/locobot_ws/install/aws_robomaker_small_house_world/share/aws_robomaker_small_house_world/models/aws_robomaker_residential_Carpet_01/meshes/aws_Carpet_01_collision.DAE
[2.030s] -- Symlinking: /home/wellyowo/locobot_sim/locobot_ws/install/aws_robomaker_small_house_world/share/aws_robomaker_small_house_world/models/aws_robomaker_residential_Carpet_01/meshes/aws_Carpet_01_visual.DAE
[2.036s] -- Symlinking: /home/wellyowo/locobot_sim/locobot_ws/install/aws_robomaker_small_house_world/share/aws_robomaker_small_house_world/models/aws_robomaker_residential_Carpet_01/model.config
[2.042s] -- Symlinking: /home/wellyowo/locobot_sim/locobot_ws/install/aws_robomaker_small_house_world/share/aws_robomaker_small_house_world/models/aws_robomaker_residential_Carpet_01/model.sdf
[2.048s] -- Symlinking: /home/wellyowo/locobot_sim/locobot_ws/install/aws_robomaker_small_house_world/share/aws_robomaker_small_house_world/models/aws_robomaker_residential_ChairA_01/materials/textures/aws_ChairA_01.png
[2.055s] -- Symlinking: /home/wellyowo/locobot_sim/locobot_ws/install/aws_robomaker_small_house_world/share/aws_robomaker_small_house_world/models/aws_robomaker_residential_ChairA_01/meshes/aws_ChairA_01_collision.DAE
[2.061s] -- Symlinking: /home/wellyowo/locobot_sim/locobot_ws/install/aws_robomaker_small_house_world/share/aws_robomaker_small_house_world/models/aws_robomaker_residential_ChairA_01/meshes/aws_ChairA_01_visual.DAE
[2.068s] -- Symlinking: /home/wellyowo/locobot_sim/locobot_ws/install/aws_robomaker_small_house_world/share/aws_robomaker_small_house_world/models/aws_robomaker_residential_ChairA_01/model.config
[2.074s] -- Symlinking: /home/wellyowo/locobot_sim/locobot_ws/install/aws_robomaker_small_house_world/share/aws_robomaker_small_house_world/models/aws_robomaker_residential_ChairA_01/model.sdf
[2.080s] -- Symlinking: /home/wellyowo/locobot_sim/locobot_ws/install/aws_robomaker_small_house_world/share/aws_robomaker_small_house_world/models/aws_robomaker_residential_ChairD_01/materials/textures/aws_ChairD_01.png
[2.086s] -- Symlinking: /home/wellyowo/locobot_sim/locobot_ws/install/aws_robomaker_small_house_world/share/aws_robomaker_small_house_world/models/aws_robomaker_residential_ChairD_01/meshes/aws_ChairD_01_collision.DAE
[2.093s] -- Symlinking: /home/wellyowo/locobot_sim/locobot_ws/install/aws_robomaker_small_house_world/share/aws_robomaker_small_house_world/models/aws_robomaker_residential_ChairD_01/meshes/aws_ChairD_01_visual.DAE
[2.099s] -- Symlinking: /home/wellyowo/locobot_sim/locobot_ws/install/aws_robomaker_small_house_world/share/aws_robomaker_small_house_world/models/aws_robomaker_residential_ChairD_01/model.config
[2.106s] -- Symlinking: /home/wellyowo/locobot_sim/locobot_ws/install/aws_robomaker_small_house_world/share/aws_robomaker_small_house_world/models/aws_robomaker_residential_ChairD_01/model.sdf
[2.112s] -- Symlinking: /home/wellyowo/locobot_sim/locobot_ws/install/aws_robomaker_small_house_world/share/aws_robomaker_small_house_world/models/aws_robomaker_residential_Chandelier_01/materials/textures/aws_Chandelier_01.png
[2.119s] -- Symlinking: /home/wellyowo/locobot_sim/locobot_ws/install/aws_robomaker_small_house_world/share/aws_robomaker_small_house_world/models/aws_robomaker_residential_Chandelier_01/meshes/aws_Chandelier_01.DAE
[2.125s] -- Symlinking: /home/wellyowo/locobot_sim/locobot_ws/install/aws_robomaker_small_house_world/share/aws_robomaker_small_house_world/models/aws_robomaker_residential_Chandelier_01/meshes/aws_Chandelier_01_collision.DAE
[2.132s] -- Symlinking: /home/wellyowo/locobot_sim/locobot_ws/install/aws_robomaker_small_house_world/share/aws_robomaker_small_house_world/models/aws_robomaker_residential_Chandelier_01/meshes/aws_Chandelier_01_visual.DAE
[2.138s] -- Symlinking: /home/wellyowo/locobot_sim/locobot_ws/install/aws_robomaker_small_house_world/share/aws_robomaker_small_house_world/models/aws_robomaker_residential_Chandelier_01/model.config
[2.145s] -- Symlinking: /home/wellyowo/locobot_sim/locobot_ws/install/aws_robomaker_small_house_world/share/aws_robomaker_small_house_world/models/aws_robomaker_residential_Chandelier_01/model.sdf
[2.152s] -- Symlinking: /home/wellyowo/locobot_sim/locobot_ws/install/aws_robomaker_small_house_world/share/aws_robomaker_small_house_world/models/aws_robomaker_residential_CoffeeTable_01/materials/textures/aws_CoffeeTable_01.png
[2.158s] -- Symlinking: /home/wellyowo/locobot_sim/locobot_ws/install/aws_robomaker_small_house_world/share/aws_robomaker_small_house_world/models/aws_robomaker_residential_CoffeeTable_01/meshes/aws_CoffeeTable_01_collision.DAE
[2.164s] -- Symlinking: /home/wellyowo/locobot_sim/locobot_ws/install/aws_robomaker_small_house_world/share/aws_robomaker_small_house_world/models/aws_robomaker_residential_CoffeeTable_01/meshes/aws_CoffeeTable_01_visual.DAE
[2.170s] -- Symlinking: /home/wellyowo/locobot_sim/locobot_ws/install/aws_robomaker_small_house_world/share/aws_robomaker_small_house_world/models/aws_robomaker_residential_CoffeeTable_01/model.config
[2.176s] -- Symlinking: /home/wellyowo/locobot_sim/locobot_ws/install/aws_robomaker_small_house_world/share/aws_robomaker_small_house_world/models/aws_robomaker_residential_CoffeeTable_01/model.sdf
[2.184s] -- Symlinking: /home/wellyowo/locobot_sim/locobot_ws/install/aws_robomaker_small_house_world/share/aws_robomaker_small_house_world/models/aws_robomaker_residential_CookingBench_01/materials/textures/aws_CookingBench_01.png
[2.191s] -- Symlinking: /home/wellyowo/locobot_sim/locobot_ws/install/aws_robomaker_small_house_world/share/aws_robomaker_small_house_world/models/aws_robomaker_residential_CookingBench_01/meshes/aws_CookingBench_01.DAE
[2.197s] -- Symlinking: /home/wellyowo/locobot_sim/locobot_ws/install/aws_robomaker_small_house_world/share/aws_robomaker_small_house_world/models/aws_robomaker_residential_CookingBench_01/meshes/aws_CookingBench_01_collision.DAE
[2.204s] -- Symlinking: /home/wellyowo/locobot_sim/locobot_ws/install/aws_robomaker_small_house_world/share/aws_robomaker_small_house_world/models/aws_robomaker_residential_CookingBench_01/meshes/aws_CookingBench_01_visual.DAE
[2.210s] -- Symlinking: /home/wellyowo/locobot_sim/locobot_ws/install/aws_robomaker_small_house_world/share/aws_robomaker_small_house_world/models/aws_robomaker_residential_CookingBench_01/model.config
[2.216s] -- Symlinking: /home/wellyowo/locobot_sim/locobot_ws/install/aws_robomaker_small_house_world/share/aws_robomaker_small_house_world/models/aws_robomaker_residential_CookingBench_01/model.sdf
[2.222s] -- Symlinking: /home/wellyowo/locobot_sim/locobot_ws/install/aws_robomaker_small_house_world/share/aws_robomaker_small_house_world/models/aws_robomaker_residential_Curtain_01/materials/textures/aws_Curtain_01.png
[2.229s] -- Symlinking: /home/wellyowo/locobot_sim/locobot_ws/install/aws_robomaker_small_house_world/share/aws_robomaker_small_house_world/models/aws_robomaker_residential_Curtain_01/meshes/aws_Curtain_01_collision.DAE
[2.235s] -- Symlinking: /home/wellyowo/locobot_sim/locobot_ws/install/aws_robomaker_small_house_world/share/aws_robomaker_small_house_world/models/aws_robomaker_residential_Curtain_01/meshes/aws_Curtain_01_visual.DAE
[2.242s] -- Symlinking: /home/wellyowo/locobot_sim/locobot_ws/install/aws_robomaker_small_house_world/share/aws_robomaker_small_house_world/models/aws_robomaker_residential_Curtain_01/model.config
[2.248s] -- Symlinking: /home/wellyowo/locobot_sim/locobot_ws/install/aws_robomaker_small_house_world/share/aws_robomaker_small_house_world/models/aws_robomaker_residential_Curtain_01/model.sdf
[2.255s] -- Symlinking: /home/wellyowo/locobot_sim/locobot_ws/install/aws_robomaker_small_house_world/share/aws_robomaker_small_house_world/models/aws_robomaker_residential_DeskPortraitA_01/materials/textures/aws_DeskPortraitA_01.png
[2.262s] -- Symlinking: /home/wellyowo/locobot_sim/locobot_ws/install/aws_robomaker_small_house_world/share/aws_robomaker_small_house_world/models/aws_robomaker_residential_DeskPortraitA_01/materials/textures/aws_DeskPortraitA_02.png
[2.268s] -- Symlinking: /home/wellyowo/locobot_sim/locobot_ws/install/aws_robomaker_small_house_world/share/aws_robomaker_small_house_world/models/aws_robomaker_residential_DeskPortraitA_01/meshes/aws_DeskPortraitA_01_collision.DAE
[2.275s] -- Symlinking: /home/wellyowo/locobot_sim/locobot_ws/install/aws_robomaker_small_house_world/share/aws_robomaker_small_house_world/models/aws_robomaker_residential_DeskPortraitA_01/meshes/aws_DeskPortraitA_01_visual.DAE
[2.281s] -- Symlinking: /home/wellyowo/locobot_sim/locobot_ws/install/aws_robomaker_small_house_world/share/aws_robomaker_small_house_world/models/aws_robomaker_residential_DeskPortraitA_01/model.config
[2.288s] -- Symlinking: /home/wellyowo/locobot_sim/locobot_ws/install/aws_robomaker_small_house_world/share/aws_robomaker_small_house_world/models/aws_robomaker_residential_DeskPortraitA_01/model.sdf
[2.294s] -- Symlinking: /home/wellyowo/locobot_sim/locobot_ws/install/aws_robomaker_small_house_world/share/aws_robomaker_small_house_world/models/aws_robomaker_residential_DeskPortraitA_02/materials/textures/aws_DeskPortraitA_01.png
[2.301s] -- Symlinking: /home/wellyowo/locobot_sim/locobot_ws/install/aws_robomaker_small_house_world/share/aws_robomaker_small_house_world/models/aws_robomaker_residential_DeskPortraitA_02/materials/textures/aws_DeskPortraitA_02.png
[2.307s] -- Symlinking: /home/wellyowo/locobot_sim/locobot_ws/install/aws_robomaker_small_house_world/share/aws_robomaker_small_house_world/models/aws_robomaker_residential_DeskPortraitA_02/meshes/aws_DeskPortraitA_01_collision.DAE
[2.314s] -- Symlinking: /home/wellyowo/locobot_sim/locobot_ws/install/aws_robomaker_small_house_world/share/aws_robomaker_small_house_world/models/aws_robomaker_residential_DeskPortraitA_02/meshes/aws_DeskPortraitA_01_visual.DAE
[2.321s] -- Symlinking: /home/wellyowo/locobot_sim/locobot_ws/install/aws_robomaker_small_house_world/share/aws_robomaker_small_house_world/models/aws_robomaker_residential_DeskPortraitA_02/model.config
[2.327s] -- Symlinking: /home/wellyowo/locobot_sim/locobot_ws/install/aws_robomaker_small_house_world/share/aws_robomaker_small_house_world/models/aws_robomaker_residential_DeskPortraitA_02/model.sdf
[2.333s] -- Symlinking: /home/wellyowo/locobot_sim/locobot_ws/install/aws_robomaker_small_house_world/share/aws_robomaker_small_house_world/models/aws_robomaker_residential_DeskPortraitB_01/materials/textures/aws_DeskPortraitB_01.png
[2.340s] -- Symlinking: /home/wellyowo/locobot_sim/locobot_ws/install/aws_robomaker_small_house_world/share/aws_robomaker_small_house_world/models/aws_robomaker_residential_DeskPortraitB_01/materials/textures/aws_DeskPortraitB_02.png
[2.347s] -- Symlinking: /home/wellyowo/locobot_sim/locobot_ws/install/aws_robomaker_small_house_world/share/aws_robomaker_small_house_world/models/aws_robomaker_residential_DeskPortraitB_01/meshes/aws_DeskPortraitB_01_collision.DAE
[2.353s] -- Symlinking: /home/wellyowo/locobot_sim/locobot_ws/install/aws_robomaker_small_house_world/share/aws_robomaker_small_house_world/models/aws_robomaker_residential_DeskPortraitB_01/meshes/aws_DeskPortraitB_01_visual.DAE
[2.359s] -- Symlinking: /home/wellyowo/locobot_sim/locobot_ws/install/aws_robomaker_small_house_world/share/aws_robomaker_small_house_world/models/aws_robomaker_residential_DeskPortraitB_01/model.config
[2.366s] -- Symlinking: /home/wellyowo/locobot_sim/locobot_ws/install/aws_robomaker_small_house_world/share/aws_robomaker_small_house_world/models/aws_robomaker_residential_DeskPortraitB_01/model.sdf
[2.373s] -- Symlinking: /home/wellyowo/locobot_sim/locobot_ws/install/aws_robomaker_small_house_world/share/aws_robomaker_small_house_world/models/aws_robomaker_residential_DeskPortraitB_02/materials/textures/aws_DeskPortraitB_01.png
[2.379s] -- Symlinking: /home/wellyowo/locobot_sim/locobot_ws/install/aws_robomaker_small_house_world/share/aws_robomaker_small_house_world/models/aws_robomaker_residential_DeskPortraitB_02/materials/textures/aws_DeskPortraitB_02.png
[2.386s] -- Symlinking: /home/wellyowo/locobot_sim/locobot_ws/install/aws_robomaker_small_house_world/share/aws_robomaker_small_house_world/models/aws_robomaker_residential_DeskPortraitB_02/meshes/aws_DeskPortraitB_01_collision.DAE
[2.393s] -- Symlinking: /home/wellyowo/locobot_sim/locobot_ws/install/aws_robomaker_small_house_world/share/aws_robomaker_small_house_world/models/aws_robomaker_residential_DeskPortraitB_02/meshes/aws_DeskPortraitB_01_visual.DAE
[2.399s] -- Symlinking: /home/wellyowo/locobot_sim/locobot_ws/install/aws_robomaker_small_house_world/share/aws_robomaker_small_house_world/models/aws_robomaker_residential_DeskPortraitB_02/model.config
[2.406s] -- Symlinking: /home/wellyowo/locobot_sim/locobot_ws/install/aws_robomaker_small_house_world/share/aws_robomaker_small_house_world/models/aws_robomaker_residential_DeskPortraitB_02/model.sdf
[2.413s] -- Symlinking: /home/wellyowo/locobot_sim/locobot_ws/install/aws_robomaker_small_house_world/share/aws_robomaker_small_house_world/models/aws_robomaker_residential_DeskPortraitC_01/materials/textures/aws_DeskPortraitC_01.png
[2.419s] -- Symlinking: /home/wellyowo/locobot_sim/locobot_ws/install/aws_robomaker_small_house_world/share/aws_robomaker_small_house_world/models/aws_robomaker_residential_DeskPortraitC_01/materials/textures/aws_DeskPortraitC_02.png
[2.425s] -- Symlinking: /home/wellyowo/locobot_sim/locobot_ws/install/aws_robomaker_small_house_world/share/aws_robomaker_small_house_world/models/aws_robomaker_residential_DeskPortraitC_01/meshes/aws_DeskPortraitC_01_collision.DAE
[2.431s] -- Symlinking: /home/wellyowo/locobot_sim/locobot_ws/install/aws_robomaker_small_house_world/share/aws_robomaker_small_house_world/models/aws_robomaker_residential_DeskPortraitC_01/meshes/aws_DeskPortraitC_01_visual.DAE
[2.438s] -- Symlinking: /home/wellyowo/locobot_sim/locobot_ws/install/aws_robomaker_small_house_world/share/aws_robomaker_small_house_world/models/aws_robomaker_residential_DeskPortraitC_01/model.config
[2.444s] -- Symlinking: /home/wellyowo/locobot_sim/locobot_ws/install/aws_robomaker_small_house_world/share/aws_robomaker_small_house_world/models/aws_robomaker_residential_DeskPortraitC_01/model.sdf
[2.450s] -- Symlinking: /home/wellyowo/locobot_sim/locobot_ws/install/aws_robomaker_small_house_world/share/aws_robomaker_small_house_world/models/aws_robomaker_residential_DeskPortraitC_02/materials/textures/aws_DeskPortraitC_01.png
[2.456s] -- Symlinking: /home/wellyowo/locobot_sim/locobot_ws/install/aws_robomaker_small_house_world/share/aws_robomaker_small_house_world/models/aws_robomaker_residential_DeskPortraitC_02/materials/textures/aws_DeskPortraitC_02.png
[2.462s] -- Symlinking: /home/wellyowo/locobot_sim/locobot_ws/install/aws_robomaker_small_house_world/share/aws_robomaker_small_house_world/models/aws_robomaker_residential_DeskPortraitC_02/meshes/aws_DeskPortraitC_01_collision.DAE
[2.469s] -- Symlinking: /home/wellyowo/locobot_sim/locobot_ws/install/aws_robomaker_small_house_world/share/aws_robomaker_small_house_world/models/aws_robomaker_residential_DeskPortraitC_02/meshes/aws_DeskPortraitC_01_visual.DAE
[2.476s] -- Symlinking: /home/wellyowo/locobot_sim/locobot_ws/install/aws_robomaker_small_house_world/share/aws_robomaker_small_house_world/models/aws_robomaker_residential_DeskPortraitC_02/model.config
[2.482s] -- Symlinking: /home/wellyowo/locobot_sim/locobot_ws/install/aws_robomaker_small_house_world/share/aws_robomaker_small_house_world/models/aws_robomaker_residential_DeskPortraitC_02/model.sdf
[2.488s] -- Symlinking: /home/wellyowo/locobot_sim/locobot_ws/install/aws_robomaker_small_house_world/share/aws_robomaker_small_house_world/models/aws_robomaker_residential_DeskPortraitD_01/materials/textures/aws_DeskPortraitD_01.png
[2.494s] -- Symlinking: /home/wellyowo/locobot_sim/locobot_ws/install/aws_robomaker_small_house_world/share/aws_robomaker_small_house_world/models/aws_robomaker_residential_DeskPortraitD_01/materials/textures/aws_DeskPortraitD_02.png
[2.500s] -- Symlinking: /home/wellyowo/locobot_sim/locobot_ws/install/aws_robomaker_small_house_world/share/aws_robomaker_small_house_world/models/aws_robomaker_residential_DeskPortraitD_01/meshes/aws_DeskPortraitD_01_collision.DAE
[2.507s] -- Symlinking: /home/wellyowo/locobot_sim/locobot_ws/install/aws_robomaker_small_house_world/share/aws_robomaker_small_house_world/models/aws_robomaker_residential_DeskPortraitD_01/meshes/aws_DeskPortraitD_01_visual.DAE
[2.514s] -- Symlinking: /home/wellyowo/locobot_sim/locobot_ws/install/aws_robomaker_small_house_world/share/aws_robomaker_small_house_world/models/aws_robomaker_residential_DeskPortraitD_01/model.config
[2.520s] -- Symlinking: /home/wellyowo/locobot_sim/locobot_ws/install/aws_robomaker_small_house_world/share/aws_robomaker_small_house_world/models/aws_robomaker_residential_DeskPortraitD_01/model.sdf
[2.526s] -- Symlinking: /home/wellyowo/locobot_sim/locobot_ws/install/aws_robomaker_small_house_world/share/aws_robomaker_small_house_world/models/aws_robomaker_residential_DeskPortraitD_02/materials/textures/aws_DeskPortraitD_01.png
[2.533s] -- Symlinking: /home/wellyowo/locobot_sim/locobot_ws/install/aws_robomaker_small_house_world/share/aws_robomaker_small_house_world/models/aws_robomaker_residential_DeskPortraitD_02/materials/textures/aws_DeskPortraitD_02.png
[2.539s] -- Symlinking: /home/wellyowo/locobot_sim/locobot_ws/install/aws_robomaker_small_house_world/share/aws_robomaker_small_house_world/models/aws_robomaker_residential_DeskPortraitD_02/meshes/aws_DeskPortraitD_01_collision.DAE
[2.545s] -- Symlinking: /home/wellyowo/locobot_sim/locobot_ws/install/aws_robomaker_small_house_world/share/aws_robomaker_small_house_world/models/aws_robomaker_residential_DeskPortraitD_02/meshes/aws_DeskPortraitD_01_visual.DAE
[2.552s] -- Symlinking: /home/wellyowo/locobot_sim/locobot_ws/install/aws_robomaker_small_house_world/share/aws_robomaker_small_house_world/models/aws_robomaker_residential_DeskPortraitD_02/model.config
[2.558s] -- Symlinking: /home/wellyowo/locobot_sim/locobot_ws/install/aws_robomaker_small_house_world/share/aws_robomaker_small_house_world/models/aws_robomaker_residential_DeskPortraitD_02/model.sdf
[2.565s] -- Symlinking: /home/wellyowo/locobot_sim/locobot_ws/install/aws_robomaker_small_house_world/share/aws_robomaker_small_house_world/models/aws_robomaker_residential_DeskPortraitD_03/materials/textures/aws_DeskPortraitD_01.png
[2.572s] -- Symlinking: /home/wellyowo/locobot_sim/locobot_ws/install/aws_robomaker_small_house_world/share/aws_robomaker_small_house_world/models/aws_robomaker_residential_DeskPortraitD_03/materials/textures/aws_DeskPortraitD_02.png
[2.578s] -- Symlinking: /home/wellyowo/locobot_sim/locobot_ws/install/aws_robomaker_small_house_world/share/aws_robomaker_small_house_world/models/aws_robomaker_residential_DeskPortraitD_03/meshes/aws_DeskPortraitD_01_collision.DAE
[2.584s] -- Symlinking: /home/wellyowo/locobot_sim/locobot_ws/install/aws_robomaker_small_house_world/share/aws_robomaker_small_house_world/models/aws_robomaker_residential_DeskPortraitD_03/meshes/aws_DeskPortraitD_01_visual.DAE
[2.591s] -- Symlinking: /home/wellyowo/locobot_sim/locobot_ws/install/aws_robomaker_small_house_world/share/aws_robomaker_small_house_world/models/aws_robomaker_residential_DeskPortraitD_03/model.config
[2.597s] -- Symlinking: /home/wellyowo/locobot_sim/locobot_ws/install/aws_robomaker_small_house_world/share/aws_robomaker_small_house_world/models/aws_robomaker_residential_DeskPortraitD_03/model.sdf
[2.603s] -- Symlinking: /home/wellyowo/locobot_sim/locobot_ws/install/aws_robomaker_small_house_world/share/aws_robomaker_small_house_world/models/aws_robomaker_residential_DeskPortraitD_04/materials/textures/aws_DeskPortraitD_01.png
[2.610s] -- Symlinking: /home/wellyowo/locobot_sim/locobot_ws/install/aws_robomaker_small_house_world/share/aws_robomaker_small_house_world/models/aws_robomaker_residential_DeskPortraitD_04/materials/textures/aws_DeskPortraitD_02.png
[2.615s] -- Symlinking: /home/wellyowo/locobot_sim/locobot_ws/install/aws_robomaker_small_house_world/share/aws_robomaker_small_house_world/models/aws_robomaker_residential_DeskPortraitD_04/meshes/aws_DeskPortraitD_01_collision.DAE
[2.622s] -- Symlinking: /home/wellyowo/locobot_sim/locobot_ws/install/aws_robomaker_small_house_world/share/aws_robomaker_small_house_world/models/aws_robomaker_residential_DeskPortraitD_04/meshes/aws_DeskPortraitD_01_visual.DAE
[2.628s] -- Symlinking: /home/wellyowo/locobot_sim/locobot_ws/install/aws_robomaker_small_house_world/share/aws_robomaker_small_house_world/models/aws_robomaker_residential_DeskPortraitD_04/model.config
[2.634s] -- Symlinking: /home/wellyowo/locobot_sim/locobot_ws/install/aws_robomaker_small_house_world/share/aws_robomaker_small_house_world/models/aws_robomaker_residential_DeskPortraitD_04/model.sdf
[2.640s] -- Symlinking: /home/wellyowo/locobot_sim/locobot_ws/install/aws_robomaker_small_house_world/share/aws_robomaker_small_house_world/models/aws_robomaker_residential_Door_01/materials/textures/aws_Door_01.png
[2.646s] -- Symlinking: /home/wellyowo/locobot_sim/locobot_ws/install/aws_robomaker_small_house_world/share/aws_robomaker_small_house_world/models/aws_robomaker_residential_Door_01/meshes/aws_Door_01_collision.DAE
[2.653s] -- Symlinking: /home/wellyowo/locobot_sim/locobot_ws/install/aws_robomaker_small_house_world/share/aws_robomaker_small_house_world/models/aws_robomaker_residential_Door_01/meshes/aws_Door_01_visual.DAE
[2.659s] -- Symlinking: /home/wellyowo/locobot_sim/locobot_ws/install/aws_robomaker_small_house_world/share/aws_robomaker_small_house_world/models/aws_robomaker_residential_Door_01/model.config
[2.666s] -- Symlinking: /home/wellyowo/locobot_sim/locobot_ws/install/aws_robomaker_small_house_world/share/aws_robomaker_small_house_world/models/aws_robomaker_residential_Door_01/model.sdf
[2.672s] -- Symlinking: /home/wellyowo/locobot_sim/locobot_ws/install/aws_robomaker_small_house_world/share/aws_robomaker_small_house_world/models/aws_robomaker_residential_Dumbbell_01/materials/textures/aws_Dumbbell_01.png
[2.678s] -- Symlinking: /home/wellyowo/locobot_sim/locobot_ws/install/aws_robomaker_small_house_world/share/aws_robomaker_small_house_world/models/aws_robomaker_residential_Dumbbell_01/meshes/aws_Dumbbell_01_collision.DAE
[2.684s] -- Symlinking: /home/wellyowo/locobot_sim/locobot_ws/install/aws_robomaker_small_house_world/share/aws_robomaker_small_house_world/models/aws_robomaker_residential_Dumbbell_01/meshes/aws_Dumbbell_01_visual.DAE
[2.690s] -- Symlinking: /home/wellyowo/locobot_sim/locobot_ws/install/aws_robomaker_small_house_world/share/aws_robomaker_small_house_world/models/aws_robomaker_residential_Dumbbell_01/model.config
[2.696s] -- Symlinking: /home/wellyowo/locobot_sim/locobot_ws/install/aws_robomaker_small_house_world/share/aws_robomaker_small_house_world/models/aws_robomaker_residential_Dumbbell_01/model.sdf
[2.702s] -- Symlinking: /home/wellyowo/locobot_sim/locobot_ws/install/aws_robomaker_small_house_world/share/aws_robomaker_small_house_world/models/aws_robomaker_residential_FitnessEquipment_01/materials/textures/aws_FitnessEquipment_01.png
[2.708s] -- Symlinking: /home/wellyowo/locobot_sim/locobot_ws/install/aws_robomaker_small_house_world/share/aws_robomaker_small_house_world/models/aws_robomaker_residential_FitnessEquipment_01/meshes/aws_FitnessEquipment_01_collision.DAE
[2.715s] -- Symlinking: /home/wellyowo/locobot_sim/locobot_ws/install/aws_robomaker_small_house_world/share/aws_robomaker_small_house_world/models/aws_robomaker_residential_FitnessEquipment_01/meshes/aws_FitnessEquipment_01_visual.DAE
[2.721s] -- Symlinking: /home/wellyowo/locobot_sim/locobot_ws/install/aws_robomaker_small_house_world/share/aws_robomaker_small_house_world/models/aws_robomaker_residential_FitnessEquipment_01/model.config
[2.726s] -- Symlinking: /home/wellyowo/locobot_sim/locobot_ws/install/aws_robomaker_small_house_world/share/aws_robomaker_small_house_world/models/aws_robomaker_residential_FitnessEquipment_01/model.sdf
[2.732s] -- Symlinking: /home/wellyowo/locobot_sim/locobot_ws/install/aws_robomaker_small_house_world/share/aws_robomaker_small_house_world/models/aws_robomaker_residential_FloorB_01/materials/textures/aws_FloorB_01.png
[2.738s] -- Symlinking: /home/wellyowo/locobot_sim/locobot_ws/install/aws_robomaker_small_house_world/share/aws_robomaker_small_house_world/models/aws_robomaker_residential_FloorB_01/meshes/aws_FloorB_01_collision.DAE
[2.744s] -- Symlinking: /home/wellyowo/locobot_sim/locobot_ws/install/aws_robomaker_small_house_world/share/aws_robomaker_small_house_world/models/aws_robomaker_residential_FloorB_01/meshes/aws_FloorB_01_visual.DAE
[2.749s] -- Symlinking: /home/wellyowo/locobot_sim/locobot_ws/install/aws_robomaker_small_house_world/share/aws_robomaker_small_house_world/models/aws_robomaker_residential_FloorB_01/model.config
[2.755s] -- Symlinking: /home/wellyowo/locobot_sim/locobot_ws/install/aws_robomaker_small_house_world/share/aws_robomaker_small_house_world/models/aws_robomaker_residential_FloorB_01/model.sdf
[2.762s] -- Symlinking: /home/wellyowo/locobot_sim/locobot_ws/install/aws_robomaker_small_house_world/share/aws_robomaker_small_house_world/models/aws_robomaker_residential_FoldingDoor_01/materials/textures/aws_FoldingDoor_01.png
[2.768s] -- Symlinking: /home/wellyowo/locobot_sim/locobot_ws/install/aws_robomaker_small_house_world/share/aws_robomaker_small_house_world/models/aws_robomaker_residential_FoldingDoor_01/meshes/aws_FoldingDoor_01_collision.DAE
[2.774s] -- Symlinking: /home/wellyowo/locobot_sim/locobot_ws/install/aws_robomaker_small_house_world/share/aws_robomaker_small_house_world/models/aws_robomaker_residential_FoldingDoor_01/meshes/aws_FoldingDoor_01_visual.DAE
[2.781s] -- Symlinking: /home/wellyowo/locobot_sim/locobot_ws/install/aws_robomaker_small_house_world/share/aws_robomaker_small_house_world/models/aws_robomaker_residential_FoldingDoor_01/model.config
[2.787s] -- Symlinking: /home/wellyowo/locobot_sim/locobot_ws/install/aws_robomaker_small_house_world/share/aws_robomaker_small_house_world/models/aws_robomaker_residential_FoldingDoor_01/model.sdf
[2.793s] -- Symlinking: /home/wellyowo/locobot_sim/locobot_ws/install/aws_robomaker_small_house_world/share/aws_robomaker_small_house_world/models/aws_robomaker_residential_FoldingDoor_02/materials/textures/aws_FoldingDoor_02.png
[2.798s] -- Symlinking: /home/wellyowo/locobot_sim/locobot_ws/install/aws_robomaker_small_house_world/share/aws_robomaker_small_house_world/models/aws_robomaker_residential_FoldingDoor_02/meshes/aws_FoldingDoor_02_collision.DAE
[2.804s] -- Symlinking: /home/wellyowo/locobot_sim/locobot_ws/install/aws_robomaker_small_house_world/share/aws_robomaker_small_house_world/models/aws_robomaker_residential_FoldingDoor_02/meshes/aws_FoldingDoor_02_visual.DAE
[2.810s] -- Symlinking: /home/wellyowo/locobot_sim/locobot_ws/install/aws_robomaker_small_house_world/share/aws_robomaker_small_house_world/models/aws_robomaker_residential_FoldingDoor_02/model.config
[2.816s] -- Symlinking: /home/wellyowo/locobot_sim/locobot_ws/install/aws_robomaker_small_house_world/share/aws_robomaker_small_house_world/models/aws_robomaker_residential_FoldingDoor_02/model.sdf
[2.822s] -- Symlinking: /home/wellyowo/locobot_sim/locobot_ws/install/aws_robomaker_small_house_world/share/aws_robomaker_small_house_world/models/aws_robomaker_residential_Handle_01/materials/textures/aws_Handle_01.png
[2.828s] -- Symlinking: /home/wellyowo/locobot_sim/locobot_ws/install/aws_robomaker_small_house_world/share/aws_robomaker_small_house_world/models/aws_robomaker_residential_Handle_01/meshes/aws_ handle_01_collision.DAE
[2.834s] -- Symlinking: /home/wellyowo/locobot_sim/locobot_ws/install/aws_robomaker_small_house_world/share/aws_robomaker_small_house_world/models/aws_robomaker_residential_Handle_01/meshes/aws_Handle_01_collision.DAE
[2.840s] -- Symlinking: /home/wellyowo/locobot_sim/locobot_ws/install/aws_robomaker_small_house_world/share/aws_robomaker_small_house_world/models/aws_robomaker_residential_Handle_01/meshes/aws_Handle_01_visual.DAE
[2.846s] -- Symlinking: /home/wellyowo/locobot_sim/locobot_ws/install/aws_robomaker_small_house_world/share/aws_robomaker_small_house_world/models/aws_robomaker_residential_Handle_01/model.config
[2.851s] -- Symlinking: /home/wellyowo/locobot_sim/locobot_ws/install/aws_robomaker_small_house_world/share/aws_robomaker_small_house_world/models/aws_robomaker_residential_Handle_01/model.sdf
[2.857s] -- Symlinking: /home/wellyowo/locobot_sim/locobot_ws/install/aws_robomaker_small_house_world/share/aws_robomaker_small_house_world/models/aws_robomaker_residential_HouseWallB_01/materials/textures/aws_HouseWallB_01.png
[2.863s] -- Symlinking: /home/wellyowo/locobot_sim/locobot_ws/install/aws_robomaker_small_house_world/share/aws_robomaker_small_house_world/models/aws_robomaker_residential_HouseWallB_01/meshes/aws_HouseWallB_01_collision.DAE
[2.869s] -- Symlinking: /home/wellyowo/locobot_sim/locobot_ws/install/aws_robomaker_small_house_world/share/aws_robomaker_small_house_world/models/aws_robomaker_residential_HouseWallB_01/meshes/aws_HouseWallB_01_visual.DAE
[2.875s] -- Symlinking: /home/wellyowo/locobot_sim/locobot_ws/install/aws_robomaker_small_house_world/share/aws_robomaker_small_house_world/models/aws_robomaker_residential_HouseWallB_01/model.config
[2.881s] -- Symlinking: /home/wellyowo/locobot_sim/locobot_ws/install/aws_robomaker_small_house_world/share/aws_robomaker_small_house_world/models/aws_robomaker_residential_HouseWallB_01/model.sdf
[2.887s] -- Symlinking: /home/wellyowo/locobot_sim/locobot_ws/install/aws_robomaker_small_house_world/share/aws_robomaker_small_house_world/models/aws_robomaker_residential_KitchenCabinet_01/materials/textures/aws_KitchenCabinet_01.png
[2.893s] -- Symlinking: /home/wellyowo/locobot_sim/locobot_ws/install/aws_robomaker_small_house_world/share/aws_robomaker_small_house_world/models/aws_robomaker_residential_KitchenCabinet_01/meshes/aws_KitchenCabinet_01_collision.DAE
[2.900s] -- Symlinking: /home/wellyowo/locobot_sim/locobot_ws/install/aws_robomaker_small_house_world/share/aws_robomaker_small_house_world/models/aws_robomaker_residential_KitchenCabinet_01/meshes/aws_KitchenCabinet_01_visual.DAE
[2.906s] -- Symlinking: /home/wellyowo/locobot_sim/locobot_ws/install/aws_robomaker_small_house_world/share/aws_robomaker_small_house_world/models/aws_robomaker_residential_KitchenCabinet_01/model.config
[2.912s] -- Symlinking: /home/wellyowo/locobot_sim/locobot_ws/install/aws_robomaker_small_house_world/share/aws_robomaker_small_house_world/models/aws_robomaker_residential_KitchenCabinet_01/model.sdf
[2.918s] -- Symlinking: /home/wellyowo/locobot_sim/locobot_ws/install/aws_robomaker_small_house_world/share/aws_robomaker_small_house_world/models/aws_robomaker_residential_KitchenTable_01/materials/textures/aws_KitchenTable_01.png
[2.924s] -- Symlinking: /home/wellyowo/locobot_sim/locobot_ws/install/aws_robomaker_small_house_world/share/aws_robomaker_small_house_world/models/aws_robomaker_residential_KitchenTable_01/meshes/aws_KitchenTable_01_collision.DAE
[2.930s] -- Symlinking: /home/wellyowo/locobot_sim/locobot_ws/install/aws_robomaker_small_house_world/share/aws_robomaker_small_house_world/models/aws_robomaker_residential_KitchenTable_01/meshes/aws_KitchenTable_01_visual.DAE
[2.936s] -- Symlinking: /home/wellyowo/locobot_sim/locobot_ws/install/aws_robomaker_small_house_world/share/aws_robomaker_small_house_world/models/aws_robomaker_residential_KitchenTable_01/model.config
[2.943s] -- Symlinking: /home/wellyowo/locobot_sim/locobot_ws/install/aws_robomaker_small_house_world/share/aws_robomaker_small_house_world/models/aws_robomaker_residential_KitchenTable_01/model.sdf
[2.950s] -- Symlinking: /home/wellyowo/locobot_sim/locobot_ws/install/aws_robomaker_small_house_world/share/aws_robomaker_small_house_world/models/aws_robomaker_residential_KitchenUtensils_01/materials/textures/aws_KitchenUtensils_01.png
[2.957s] -- Symlinking: /home/wellyowo/locobot_sim/locobot_ws/install/aws_robomaker_small_house_world/share/aws_robomaker_small_house_world/models/aws_robomaker_residential_KitchenUtensils_01/meshes/aws_KitchenUtensils_01_collision.DAE
[2.963s] -- Symlinking: /home/wellyowo/locobot_sim/locobot_ws/install/aws_robomaker_small_house_world/share/aws_robomaker_small_house_world/models/aws_robomaker_residential_KitchenUtensils_01/meshes/aws_KitchenUtensils_01_visual.DAE
[2.969s] -- Symlinking: /home/wellyowo/locobot_sim/locobot_ws/install/aws_robomaker_small_house_world/share/aws_robomaker_small_house_world/models/aws_robomaker_residential_KitchenUtensils_01/model.config
[2.975s] -- Symlinking: /home/wellyowo/locobot_sim/locobot_ws/install/aws_robomaker_small_house_world/share/aws_robomaker_small_house_world/models/aws_robomaker_residential_KitchenUtensils_01/model.sdf
[2.981s] -- Symlinking: /home/wellyowo/locobot_sim/locobot_ws/install/aws_robomaker_small_house_world/share/aws_robomaker_small_house_world/models/aws_robomaker_residential_LightC_01/materials/textures/aws_LightC_01.png
[2.987s] -- Symlinking: /home/wellyowo/locobot_sim/locobot_ws/install/aws_robomaker_small_house_world/share/aws_robomaker_small_house_world/models/aws_robomaker_residential_LightC_01/meshes/aws_LightC_01_collision.DAE
[2.993s] -- Symlinking: /home/wellyowo/locobot_sim/locobot_ws/install/aws_robomaker_small_house_world/share/aws_robomaker_small_house_world/models/aws_robomaker_residential_LightC_01/meshes/aws_LightC_01_visual.DAE
[2.998s] -- Symlinking: /home/wellyowo/locobot_sim/locobot_ws/install/aws_robomaker_small_house_world/share/aws_robomaker_small_house_world/models/aws_robomaker_residential_LightC_01/model.config
[3.003s] -- Symlinking: /home/wellyowo/locobot_sim/locobot_ws/install/aws_robomaker_small_house_world/share/aws_robomaker_small_house_world/models/aws_robomaker_residential_LightC_01/model.sdf
[3.009s] -- Symlinking: /home/wellyowo/locobot_sim/locobot_ws/install/aws_robomaker_small_house_world/share/aws_robomaker_small_house_world/models/aws_robomaker_residential_NightStand_01/materials/textures/aws_NightStand_01.png
[3.015s] -- Symlinking: /home/wellyowo/locobot_sim/locobot_ws/install/aws_robomaker_small_house_world/share/aws_robomaker_small_house_world/models/aws_robomaker_residential_NightStand_01/meshes/aws_NightStand_01_collision.DAE
[3.020s] -- Symlinking: /home/wellyowo/locobot_sim/locobot_ws/install/aws_robomaker_small_house_world/share/aws_robomaker_small_house_world/models/aws_robomaker_residential_NightStand_01/meshes/aws_NightStand_01_visual.DAE
[3.025s] -- Symlinking: /home/wellyowo/locobot_sim/locobot_ws/install/aws_robomaker_small_house_world/share/aws_robomaker_small_house_world/models/aws_robomaker_residential_NightStand_01/model.config
[3.031s] -- Symlinking: /home/wellyowo/locobot_sim/locobot_ws/install/aws_robomaker_small_house_world/share/aws_robomaker_small_house_world/models/aws_robomaker_residential_NightStand_01/model.sdf
[3.036s] -- Symlinking: /home/wellyowo/locobot_sim/locobot_ws/install/aws_robomaker_small_house_world/share/aws_robomaker_small_house_world/models/aws_robomaker_residential_Pillow_01/materials/textures/aws_Pillow_01.png
[3.042s] -- Symlinking: /home/wellyowo/locobot_sim/locobot_ws/install/aws_robomaker_small_house_world/share/aws_robomaker_small_house_world/models/aws_robomaker_residential_Pillow_01/meshes/aws_Pillow_01_collision.DAE
[3.047s] -- Symlinking: /home/wellyowo/locobot_sim/locobot_ws/install/aws_robomaker_small_house_world/share/aws_robomaker_small_house_world/models/aws_robomaker_residential_Pillow_01/meshes/aws_Pillow_01_visual.DAE
[3.053s] -- Symlinking: /home/wellyowo/locobot_sim/locobot_ws/install/aws_robomaker_small_house_world/share/aws_robomaker_small_house_world/models/aws_robomaker_residential_Pillow_01/model.config
[3.059s] -- Symlinking: /home/wellyowo/locobot_sim/locobot_ws/install/aws_robomaker_small_house_world/share/aws_robomaker_small_house_world/models/aws_robomaker_residential_Pillow_01/model.sdf
[3.065s] -- Symlinking: /home/wellyowo/locobot_sim/locobot_ws/install/aws_robomaker_small_house_world/share/aws_robomaker_small_house_world/models/aws_robomaker_residential_PortraitA_01/materials/textures/aws_PortraitA_01.png
[3.070s] -- Symlinking: /home/wellyowo/locobot_sim/locobot_ws/install/aws_robomaker_small_house_world/share/aws_robomaker_small_house_world/models/aws_robomaker_residential_PortraitA_01/materials/textures/aws_PortraitA_02.png
[3.076s] -- Symlinking: /home/wellyowo/locobot_sim/locobot_ws/install/aws_robomaker_small_house_world/share/aws_robomaker_small_house_world/models/aws_robomaker_residential_PortraitA_01/meshes/aws_PortraitA_01_collision.DAE
[3.082s] -- Symlinking: /home/wellyowo/locobot_sim/locobot_ws/install/aws_robomaker_small_house_world/share/aws_robomaker_small_house_world/models/aws_robomaker_residential_PortraitA_01/meshes/aws_PortraitA_01_visual.DAE
[3.088s] -- Symlinking: /home/wellyowo/locobot_sim/locobot_ws/install/aws_robomaker_small_house_world/share/aws_robomaker_small_house_world/models/aws_robomaker_residential_PortraitA_01/model.config
[3.093s] -- Symlinking: /home/wellyowo/locobot_sim/locobot_ws/install/aws_robomaker_small_house_world/share/aws_robomaker_small_house_world/models/aws_robomaker_residential_PortraitA_01/model.sdf
[3.099s] -- Symlinking: /home/wellyowo/locobot_sim/locobot_ws/install/aws_robomaker_small_house_world/share/aws_robomaker_small_house_world/models/aws_robomaker_residential_PortraitA_02/materials/textures/aws_PortraitA_01.png
[3.104s] -- Symlinking: /home/wellyowo/locobot_sim/locobot_ws/install/aws_robomaker_small_house_world/share/aws_robomaker_small_house_world/models/aws_robomaker_residential_PortraitA_02/materials/textures/aws_PortraitA_02.png
[3.110s] -- Symlinking: /home/wellyowo/locobot_sim/locobot_ws/install/aws_robomaker_small_house_world/share/aws_robomaker_small_house_world/models/aws_robomaker_residential_PortraitA_02/meshes/aws_PortraitA_01_collision.DAE
[3.115s] -- Symlinking: /home/wellyowo/locobot_sim/locobot_ws/install/aws_robomaker_small_house_world/share/aws_robomaker_small_house_world/models/aws_robomaker_residential_PortraitA_02/meshes/aws_PortraitA_01_visual.DAE
[3.121s] -- Symlinking: /home/wellyowo/locobot_sim/locobot_ws/install/aws_robomaker_small_house_world/share/aws_robomaker_small_house_world/models/aws_robomaker_residential_PortraitA_02/model.config
[3.126s] -- Symlinking: /home/wellyowo/locobot_sim/locobot_ws/install/aws_robomaker_small_house_world/share/aws_robomaker_small_house_world/models/aws_robomaker_residential_PortraitA_02/model.sdf
[3.132s] -- Symlinking: /home/wellyowo/locobot_sim/locobot_ws/install/aws_robomaker_small_house_world/share/aws_robomaker_small_house_world/models/aws_robomaker_residential_PortraitB_01/materials/textures/aws_PortraitB_01.png
[3.137s] -- Symlinking: /home/wellyowo/locobot_sim/locobot_ws/install/aws_robomaker_small_house_world/share/aws_robomaker_small_house_world/models/aws_robomaker_residential_PortraitB_01/materials/textures/aws_PortraitB_02.png
[3.143s] -- Symlinking: /home/wellyowo/locobot_sim/locobot_ws/install/aws_robomaker_small_house_world/share/aws_robomaker_small_house_world/models/aws_robomaker_residential_PortraitB_01/meshes/aws_PortraitB_01_collision.DAE
[3.149s] -- Symlinking: /home/wellyowo/locobot_sim/locobot_ws/install/aws_robomaker_small_house_world/share/aws_robomaker_small_house_world/models/aws_robomaker_residential_PortraitB_01/meshes/aws_PortraitB_01_visual.DAE
[3.155s] -- Symlinking: /home/wellyowo/locobot_sim/locobot_ws/install/aws_robomaker_small_house_world/share/aws_robomaker_small_house_world/models/aws_robomaker_residential_PortraitB_01/model.config
[3.161s] -- Symlinking: /home/wellyowo/locobot_sim/locobot_ws/install/aws_robomaker_small_house_world/share/aws_robomaker_small_house_world/models/aws_robomaker_residential_PortraitB_01/model.sdf
[3.167s] -- Symlinking: /home/wellyowo/locobot_sim/locobot_ws/install/aws_robomaker_small_house_world/share/aws_robomaker_small_house_world/models/aws_robomaker_residential_PortraitB_02/materials/textures/aws_PortraitB_01.png
[3.172s] -- Symlinking: /home/wellyowo/locobot_sim/locobot_ws/install/aws_robomaker_small_house_world/share/aws_robomaker_small_house_world/models/aws_robomaker_residential_PortraitB_02/materials/textures/aws_PortraitB_02.png
[3.179s] -- Symlinking: /home/wellyowo/locobot_sim/locobot_ws/install/aws_robomaker_small_house_world/share/aws_robomaker_small_house_world/models/aws_robomaker_residential_PortraitB_02/meshes/aws_PortraitB_01_collision.DAE
[3.185s] -- Symlinking: /home/wellyowo/locobot_sim/locobot_ws/install/aws_robomaker_small_house_world/share/aws_robomaker_small_house_world/models/aws_robomaker_residential_PortraitB_02/meshes/aws_PortraitB_01_visual.DAE
[3.190s] -- Symlinking: /home/wellyowo/locobot_sim/locobot_ws/install/aws_robomaker_small_house_world/share/aws_robomaker_small_house_world/models/aws_robomaker_residential_PortraitB_02/model.config
[3.196s] -- Symlinking: /home/wellyowo/locobot_sim/locobot_ws/install/aws_robomaker_small_house_world/share/aws_robomaker_small_house_world/models/aws_robomaker_residential_PortraitB_02/model.sdf
[3.202s] -- Symlinking: /home/wellyowo/locobot_sim/locobot_ws/install/aws_robomaker_small_house_world/share/aws_robomaker_small_house_world/models/aws_robomaker_residential_PortraitB_03/materials/textures/aws_PortraitB_01.png
[3.208s] -- Symlinking: /home/wellyowo/locobot_sim/locobot_ws/install/aws_robomaker_small_house_world/share/aws_robomaker_small_house_world/models/aws_robomaker_residential_PortraitB_03/materials/textures/aws_PortraitB_02.png
[3.214s] -- Symlinking: /home/wellyowo/locobot_sim/locobot_ws/install/aws_robomaker_small_house_world/share/aws_robomaker_small_house_world/models/aws_robomaker_residential_PortraitB_03/meshes/aws_PortraitB_01_collision.DAE
[3.220s] -- Symlinking: /home/wellyowo/locobot_sim/locobot_ws/install/aws_robomaker_small_house_world/share/aws_robomaker_small_house_world/models/aws_robomaker_residential_PortraitB_03/meshes/aws_PortraitB_01_visual.DAE
[3.225s] -- Symlinking: /home/wellyowo/locobot_sim/locobot_ws/install/aws_robomaker_small_house_world/share/aws_robomaker_small_house_world/models/aws_robomaker_residential_PortraitB_03/model.config
[3.231s] -- Symlinking: /home/wellyowo/locobot_sim/locobot_ws/install/aws_robomaker_small_house_world/share/aws_robomaker_small_house_world/models/aws_robomaker_residential_PortraitB_03/model.sdf
[3.237s] -- Symlinking: /home/wellyowo/locobot_sim/locobot_ws/install/aws_robomaker_small_house_world/share/aws_robomaker_small_house_world/models/aws_robomaker_residential_PortraitC_01/materials/textures/aws_PortraitC_01.png
[3.243s] -- Symlinking: /home/wellyowo/locobot_sim/locobot_ws/install/aws_robomaker_small_house_world/share/aws_robomaker_small_house_world/models/aws_robomaker_residential_PortraitC_01/materials/textures/aws_PortraitC_02.png
[3.248s] -- Symlinking: /home/wellyowo/locobot_sim/locobot_ws/install/aws_robomaker_small_house_world/share/aws_robomaker_small_house_world/models/aws_robomaker_residential_PortraitC_01/meshes/aws_PortraitC_01_collision.DAE
[3.254s] -- Symlinking: /home/wellyowo/locobot_sim/locobot_ws/install/aws_robomaker_small_house_world/share/aws_robomaker_small_house_world/models/aws_robomaker_residential_PortraitC_01/meshes/aws_PortraitC_01_visual.DAE
[3.260s] -- Symlinking: /home/wellyowo/locobot_sim/locobot_ws/install/aws_robomaker_small_house_world/share/aws_robomaker_small_house_world/models/aws_robomaker_residential_PortraitC_01/model.config
[3.266s] -- Symlinking: /home/wellyowo/locobot_sim/locobot_ws/install/aws_robomaker_small_house_world/share/aws_robomaker_small_house_world/models/aws_robomaker_residential_PortraitC_01/model.sdf
[3.272s] -- Symlinking: /home/wellyowo/locobot_sim/locobot_ws/install/aws_robomaker_small_house_world/share/aws_robomaker_small_house_world/models/aws_robomaker_residential_PortraitD_01/materials/textures/aws_PortraitD_01.png
[3.278s] -- Symlinking: /home/wellyowo/locobot_sim/locobot_ws/install/aws_robomaker_small_house_world/share/aws_robomaker_small_house_world/models/aws_robomaker_residential_PortraitD_01/materials/textures/aws_PortraitD_02.png
[3.284s] -- Symlinking: /home/wellyowo/locobot_sim/locobot_ws/install/aws_robomaker_small_house_world/share/aws_robomaker_small_house_world/models/aws_robomaker_residential_PortraitD_01/meshes/aws_PortraitD_01_collision.DAE
[3.290s] -- Symlinking: /home/wellyowo/locobot_sim/locobot_ws/install/aws_robomaker_small_house_world/share/aws_robomaker_small_house_world/models/aws_robomaker_residential_PortraitD_01/meshes/aws_PortraitD_01_visual.DAE
[3.296s] -- Symlinking: /home/wellyowo/locobot_sim/locobot_ws/install/aws_robomaker_small_house_world/share/aws_robomaker_small_house_world/models/aws_robomaker_residential_PortraitD_01/model.config
[3.302s] -- Symlinking: /home/wellyowo/locobot_sim/locobot_ws/install/aws_robomaker_small_house_world/share/aws_robomaker_small_house_world/models/aws_robomaker_residential_PortraitD_01/model.sdf
[3.309s] -- Symlinking: /home/wellyowo/locobot_sim/locobot_ws/install/aws_robomaker_small_house_world/share/aws_robomaker_small_house_world/models/aws_robomaker_residential_PortraitD_02/materials/textures/aws_PortraitD_01.png
[3.315s] -- Symlinking: /home/wellyowo/locobot_sim/locobot_ws/install/aws_robomaker_small_house_world/share/aws_robomaker_small_house_world/models/aws_robomaker_residential_PortraitD_02/materials/textures/aws_PortraitD_02.png
[3.320s] -- Symlinking: /home/wellyowo/locobot_sim/locobot_ws/install/aws_robomaker_small_house_world/share/aws_robomaker_small_house_world/models/aws_robomaker_residential_PortraitD_02/meshes/aws_PortraitD_01_collision.DAE
[3.326s] -- Symlinking: /home/wellyowo/locobot_sim/locobot_ws/install/aws_robomaker_small_house_world/share/aws_robomaker_small_house_world/models/aws_robomaker_residential_PortraitD_02/meshes/aws_PortraitD_01_visual.DAE
[3.331s] -- Symlinking: /home/wellyowo/locobot_sim/locobot_ws/install/aws_robomaker_small_house_world/share/aws_robomaker_small_house_world/models/aws_robomaker_residential_PortraitD_02/model.config
[3.337s] -- Symlinking: /home/wellyowo/locobot_sim/locobot_ws/install/aws_robomaker_small_house_world/share/aws_robomaker_small_house_world/models/aws_robomaker_residential_PortraitD_02/model.sdf
[3.342s] -- Symlinking: /home/wellyowo/locobot_sim/locobot_ws/install/aws_robomaker_small_house_world/share/aws_robomaker_small_house_world/models/aws_robomaker_residential_PortraitE_01/materials/textures/aws_PortraitE_01.png
[3.348s] -- Symlinking: /home/wellyowo/locobot_sim/locobot_ws/install/aws_robomaker_small_house_world/share/aws_robomaker_small_house_world/models/aws_robomaker_residential_PortraitE_01/materials/textures/aws_PortraitE_02.png
[3.354s] -- Symlinking: /home/wellyowo/locobot_sim/locobot_ws/install/aws_robomaker_small_house_world/share/aws_robomaker_small_house_world/models/aws_robomaker_residential_PortraitE_01/meshes/aws_PortraitE_01_collision.DAE
[3.359s] -- Symlinking: /home/wellyowo/locobot_sim/locobot_ws/install/aws_robomaker_small_house_world/share/aws_robomaker_small_house_world/models/aws_robomaker_residential_PortraitE_01/meshes/aws_PortraitE_01_visual.DAE
[3.365s] -- Symlinking: /home/wellyowo/locobot_sim/locobot_ws/install/aws_robomaker_small_house_world/share/aws_robomaker_small_house_world/models/aws_robomaker_residential_PortraitE_01/model.config
[3.370s] -- Symlinking: /home/wellyowo/locobot_sim/locobot_ws/install/aws_robomaker_small_house_world/share/aws_robomaker_small_house_world/models/aws_robomaker_residential_PortraitE_01/model.sdf
[3.376s] -- Symlinking: /home/wellyowo/locobot_sim/locobot_ws/install/aws_robomaker_small_house_world/share/aws_robomaker_small_house_world/models/aws_robomaker_residential_PortraitE_02/materials/textures/aws_PortraitE_01.png
[3.382s] -- Symlinking: /home/wellyowo/locobot_sim/locobot_ws/install/aws_robomaker_small_house_world/share/aws_robomaker_small_house_world/models/aws_robomaker_residential_PortraitE_02/materials/textures/aws_PortraitE_02.png
[3.387s] -- Symlinking: /home/wellyowo/locobot_sim/locobot_ws/install/aws_robomaker_small_house_world/share/aws_robomaker_small_house_world/models/aws_robomaker_residential_PortraitE_02/meshes/aws_PortraitE_01_collision.DAE
[3.393s] -- Symlinking: /home/wellyowo/locobot_sim/locobot_ws/install/aws_robomaker_small_house_world/share/aws_robomaker_small_house_world/models/aws_robomaker_residential_PortraitE_02/meshes/aws_PortraitE_01_visual.DAE
[3.398s] -- Symlinking: /home/wellyowo/locobot_sim/locobot_ws/install/aws_robomaker_small_house_world/share/aws_robomaker_small_house_world/models/aws_robomaker_residential_PortraitE_02/model.config
[3.404s] -- Symlinking: /home/wellyowo/locobot_sim/locobot_ws/install/aws_robomaker_small_house_world/share/aws_robomaker_small_house_world/models/aws_robomaker_residential_PortraitE_02/model.sdf
[3.409s] -- Symlinking: /home/wellyowo/locobot_sim/locobot_ws/install/aws_robomaker_small_house_world/share/aws_robomaker_small_house_world/models/aws_robomaker_residential_Quilt_01/materials/textures/aws_Quilt_01.png
[3.415s] -- Symlinking: /home/wellyowo/locobot_sim/locobot_ws/install/aws_robomaker_small_house_world/share/aws_robomaker_small_house_world/models/aws_robomaker_residential_Quilt_01/meshes/aws_Quilt_01_collision.DAE
[3.420s] -- Symlinking: /home/wellyowo/locobot_sim/locobot_ws/install/aws_robomaker_small_house_world/share/aws_robomaker_small_house_world/models/aws_robomaker_residential_Quilt_01/meshes/aws_Quilt_01_visual.DAE
[3.425s] -- Symlinking: /home/wellyowo/locobot_sim/locobot_ws/install/aws_robomaker_small_house_world/share/aws_robomaker_small_house_world/models/aws_robomaker_residential_Quilt_01/model.config
[3.431s] -- Symlinking: /home/wellyowo/locobot_sim/locobot_ws/install/aws_robomaker_small_house_world/share/aws_robomaker_small_house_world/models/aws_robomaker_residential_Quilt_01/model.sdf
[3.436s] -- Symlinking: /home/wellyowo/locobot_sim/locobot_ws/install/aws_robomaker_small_house_world/share/aws_robomaker_small_house_world/models/aws_robomaker_residential_Rangehood_01/materials/textures/aws_Rangehood_01.png
[3.441s] -- Symlinking: /home/wellyowo/locobot_sim/locobot_ws/install/aws_robomaker_small_house_world/share/aws_robomaker_small_house_world/models/aws_robomaker_residential_Rangehood_01/meshes/aws_Rangehood_01_collision.DAE
[3.446s] -- Symlinking: /home/wellyowo/locobot_sim/locobot_ws/install/aws_robomaker_small_house_world/share/aws_robomaker_small_house_world/models/aws_robomaker_residential_Rangehood_01/meshes/aws_Rangehood_01_visual.DAE
[3.452s] -- Symlinking: /home/wellyowo/locobot_sim/locobot_ws/install/aws_robomaker_small_house_world/share/aws_robomaker_small_house_world/models/aws_robomaker_residential_Rangehood_01/model.config
[3.458s] -- Symlinking: /home/wellyowo/locobot_sim/locobot_ws/install/aws_robomaker_small_house_world/share/aws_robomaker_small_house_world/models/aws_robomaker_residential_Rangehood_01/model.sdf
[3.463s] -- Symlinking: /home/wellyowo/locobot_sim/locobot_ws/install/aws_robomaker_small_house_world/share/aws_robomaker_small_house_world/models/aws_robomaker_residential_ReadingDesk_01/materials/textures/aws_ReadingDesk_01.png
[3.469s] -- Symlinking: /home/wellyowo/locobot_sim/locobot_ws/install/aws_robomaker_small_house_world/share/aws_robomaker_small_house_world/models/aws_robomaker_residential_ReadingDesk_01/meshes/aws_ReadingDesk_01_collision.DAE
[3.474s] -- Symlinking: /home/wellyowo/locobot_sim/locobot_ws/install/aws_robomaker_small_house_world/share/aws_robomaker_small_house_world/models/aws_robomaker_residential_ReadingDesk_01/meshes/aws_ReadingDesk_01_visual.DAE
[3.480s] -- Symlinking: /home/wellyowo/locobot_sim/locobot_ws/install/aws_robomaker_small_house_world/share/aws_robomaker_small_house_world/models/aws_robomaker_residential_ReadingDesk_01/model.config
[3.486s] -- Symlinking: /home/wellyowo/locobot_sim/locobot_ws/install/aws_robomaker_small_house_world/share/aws_robomaker_small_house_world/models/aws_robomaker_residential_ReadingDesk_01/model.sdf
[3.492s] -- Symlinking: /home/wellyowo/locobot_sim/locobot_ws/install/aws_robomaker_small_house_world/share/aws_robomaker_small_house_world/models/aws_robomaker_residential_Refrigerator_01/materials/textures/aws_Refrigerator_01.png
[3.498s] -- Symlinking: /home/wellyowo/locobot_sim/locobot_ws/install/aws_robomaker_small_house_world/share/aws_robomaker_small_house_world/models/aws_robomaker_residential_Refrigerator_01/materials/textures/aws_Refrigerator_02.png
[3.504s] -- Symlinking: /home/wellyowo/locobot_sim/locobot_ws/install/aws_robomaker_small_house_world/share/aws_robomaker_small_house_world/models/aws_robomaker_residential_Refrigerator_01/meshes/aws_Refrigerator_01.DAE
[3.509s] -- Symlinking: /home/wellyowo/locobot_sim/locobot_ws/install/aws_robomaker_small_house_world/share/aws_robomaker_small_house_world/models/aws_robomaker_residential_Refrigerator_01/meshes/aws_Refrigerator_01_collision.DAE
[3.515s] -- Symlinking: /home/wellyowo/locobot_sim/locobot_ws/install/aws_robomaker_small_house_world/share/aws_robomaker_small_house_world/models/aws_robomaker_residential_Refrigerator_01/meshes/aws_Refrigerator_01_visual.DAE
[3.521s] -- Symlinking: /home/wellyowo/locobot_sim/locobot_ws/install/aws_robomaker_small_house_world/share/aws_robomaker_small_house_world/models/aws_robomaker_residential_Refrigerator_01/model.config
[3.527s] -- Symlinking: /home/wellyowo/locobot_sim/locobot_ws/install/aws_robomaker_small_house_world/share/aws_robomaker_small_house_world/models/aws_robomaker_residential_Refrigerator_01/model.sdf
[3.533s] -- Symlinking: /home/wellyowo/locobot_sim/locobot_ws/install/aws_robomaker_small_house_world/share/aws_robomaker_small_house_world/models/aws_robomaker_residential_RoomCeiling_01/materials/textures/aws_RoomCeiling_01.png
[3.539s] -- Symlinking: /home/wellyowo/locobot_sim/locobot_ws/install/aws_robomaker_small_house_world/share/aws_robomaker_small_house_world/models/aws_robomaker_residential_RoomCeiling_01/meshes/aws_RoomCeiling_01_collision.DAE
[3.544s] -- Symlinking: /home/wellyowo/locobot_sim/locobot_ws/install/aws_robomaker_small_house_world/share/aws_robomaker_small_house_world/models/aws_robomaker_residential_RoomCeiling_01/meshes/aws_RoomCeiling_01_visual.DAE
[3.550s] -- Symlinking: /home/wellyowo/locobot_sim/locobot_ws/install/aws_robomaker_small_house_world/share/aws_robomaker_small_house_world/models/aws_robomaker_residential_RoomCeiling_01/model.config
[3.556s] -- Symlinking: /home/wellyowo/locobot_sim/locobot_ws/install/aws_robomaker_small_house_world/share/aws_robomaker_small_house_world/models/aws_robomaker_residential_RoomCeiling_01/model.sdf
[3.561s] -- Symlinking: /home/wellyowo/locobot_sim/locobot_ws/install/aws_robomaker_small_house_world/share/aws_robomaker_small_house_world/models/aws_robomaker_residential_RoomWall_01/materials/textures/aws_RoomWall_01.png
[3.567s] -- Symlinking: /home/wellyowo/locobot_sim/locobot_ws/install/aws_robomaker_small_house_world/share/aws_robomaker_small_house_world/models/aws_robomaker_residential_RoomWall_01/meshes/aws_RoomWall_01_collision.DAE
[3.573s] -- Symlinking: /home/wellyowo/locobot_sim/locobot_ws/install/aws_robomaker_small_house_world/share/aws_robomaker_small_house_world/models/aws_robomaker_residential_RoomWall_01/meshes/aws_RoomWall_01_visual.DAE
[3.578s] -- Symlinking: /home/wellyowo/locobot_sim/locobot_ws/install/aws_robomaker_small_house_world/share/aws_robomaker_small_house_world/models/aws_robomaker_residential_RoomWall_01/model.config
[3.583s] -- Symlinking: /home/wellyowo/locobot_sim/locobot_ws/install/aws_robomaker_small_house_world/share/aws_robomaker_small_house_world/models/aws_robomaker_residential_RoomWall_01/model.sdf
[3.589s] -- Symlinking: /home/wellyowo/locobot_sim/locobot_ws/install/aws_robomaker_small_house_world/share/aws_robomaker_small_house_world/models/aws_robomaker_residential_RoomWindow_01/materials/textures/aws_RoomWindow_01.png
[3.594s] -- Symlinking: /home/wellyowo/locobot_sim/locobot_ws/install/aws_robomaker_small_house_world/share/aws_robomaker_small_house_world/models/aws_robomaker_residential_RoomWindow_01/meshes/aws_RoomWindow_01_collision.DAE
[3.599s] -- Symlinking: /home/wellyowo/locobot_sim/locobot_ws/install/aws_robomaker_small_house_world/share/aws_robomaker_small_house_world/models/aws_robomaker_residential_RoomWindow_01/meshes/aws_RoomWindow_01_visual.DAE
[3.604s] -- Symlinking: /home/wellyowo/locobot_sim/locobot_ws/install/aws_robomaker_small_house_world/share/aws_robomaker_small_house_world/models/aws_robomaker_residential_RoomWindow_01/model.config
[3.609s] -- Symlinking: /home/wellyowo/locobot_sim/locobot_ws/install/aws_robomaker_small_house_world/share/aws_robomaker_small_house_world/models/aws_robomaker_residential_RoomWindow_01/model.sdf
[3.614s] -- Symlinking: /home/wellyowo/locobot_sim/locobot_ws/install/aws_robomaker_small_house_world/share/aws_robomaker_small_house_world/models/aws_robomaker_residential_SeasoningBox_01/materials/textures/aws_SeasoningBox_01.png
[3.620s] -- Symlinking: /home/wellyowo/locobot_sim/locobot_ws/install/aws_robomaker_small_house_world/share/aws_robomaker_small_house_world/models/aws_robomaker_residential_SeasoningBox_01/meshes/aws_SeasoningBox_01_collision.DAE
[3.625s] -- Symlinking: /home/wellyowo/locobot_sim/locobot_ws/install/aws_robomaker_small_house_world/share/aws_robomaker_small_house_world/models/aws_robomaker_residential_SeasoningBox_01/meshes/aws_SeasoningBox_01_visual.DAE
[3.630s] -- Symlinking: /home/wellyowo/locobot_sim/locobot_ws/install/aws_robomaker_small_house_world/share/aws_robomaker_small_house_world/models/aws_robomaker_residential_SeasoningBox_01/model.config
[3.635s] -- Symlinking: /home/wellyowo/locobot_sim/locobot_ws/install/aws_robomaker_small_house_world/share/aws_robomaker_small_house_world/models/aws_robomaker_residential_SeasoningBox_01/model.sdf
[3.641s] -- Symlinking: /home/wellyowo/locobot_sim/locobot_ws/install/aws_robomaker_small_house_world/share/aws_robomaker_small_house_world/models/aws_robomaker_residential_SecurityCamera_01/materials/textures/aws_SecurityCamera_01.png
[3.646s] -- Symlinking: /home/wellyowo/locobot_sim/locobot_ws/install/aws_robomaker_small_house_world/share/aws_robomaker_small_house_world/models/aws_robomaker_residential_SecurityCamera_01/meshes/aws_SecurityCamera_01_collision.DAE
[3.651s] -- Symlinking: /home/wellyowo/locobot_sim/locobot_ws/install/aws_robomaker_small_house_world/share/aws_robomaker_small_house_world/models/aws_robomaker_residential_SecurityCamera_01/meshes/aws_SecurityCamera_01_visual.DAE
[3.657s] -- Symlinking: /home/wellyowo/locobot_sim/locobot_ws/install/aws_robomaker_small_house_world/share/aws_robomaker_small_house_world/models/aws_robomaker_residential_SecurityCamera_01/model.config
[3.662s] -- Symlinking: /home/wellyowo/locobot_sim/locobot_ws/install/aws_robomaker_small_house_world/share/aws_robomaker_small_house_world/models/aws_robomaker_residential_SecurityCamera_01/model.sdf
[3.668s] -- Symlinking: /home/wellyowo/locobot_sim/locobot_ws/install/aws_robomaker_small_house_world/share/aws_robomaker_small_house_world/models/aws_robomaker_residential_ShoeRack_01/materials/textures/aws_ShoeRack_01.png
[3.674s] -- Symlinking: /home/wellyowo/locobot_sim/locobot_ws/install/aws_robomaker_small_house_world/share/aws_robomaker_small_house_world/models/aws_robomaker_residential_ShoeRack_01/meshes/aws_ShoeRack_01_collision.DAE
[3.679s] -- Symlinking: /home/wellyowo/locobot_sim/locobot_ws/install/aws_robomaker_small_house_world/share/aws_robomaker_small_house_world/models/aws_robomaker_residential_ShoeRack_01/meshes/aws_ShoeRack_01_visual.DAE
[3.685s] -- Symlinking: /home/wellyowo/locobot_sim/locobot_ws/install/aws_robomaker_small_house_world/share/aws_robomaker_small_house_world/models/aws_robomaker_residential_ShoeRack_01/model.config
[3.690s] -- Symlinking: /home/wellyowo/locobot_sim/locobot_ws/install/aws_robomaker_small_house_world/share/aws_robomaker_small_house_world/models/aws_robomaker_residential_ShoeRack_01/model.sdf
[3.696s] -- Symlinking: /home/wellyowo/locobot_sim/locobot_ws/install/aws_robomaker_small_house_world/share/aws_robomaker_small_house_world/models/aws_robomaker_residential_SofaB_01/materials/textures/aws_SofaB_01.png
[3.701s] -- Symlinking: /home/wellyowo/locobot_sim/locobot_ws/install/aws_robomaker_small_house_world/share/aws_robomaker_small_house_world/models/aws_robomaker_residential_SofaB_01/meshes/aws_SofaB_01_collision.DAE
[3.707s] -- Symlinking: /home/wellyowo/locobot_sim/locobot_ws/install/aws_robomaker_small_house_world/share/aws_robomaker_small_house_world/models/aws_robomaker_residential_SofaB_01/meshes/aws_SofaB_01_visual.DAE
[3.712s] -- Symlinking: /home/wellyowo/locobot_sim/locobot_ws/install/aws_robomaker_small_house_world/share/aws_robomaker_small_house_world/models/aws_robomaker_residential_SofaB_01/model.config
[3.717s] -- Symlinking: /home/wellyowo/locobot_sim/locobot_ws/install/aws_robomaker_small_house_world/share/aws_robomaker_small_house_world/models/aws_robomaker_residential_SofaB_01/model.sdf
[3.723s] -- Symlinking: /home/wellyowo/locobot_sim/locobot_ws/install/aws_robomaker_small_house_world/share/aws_robomaker_small_house_world/models/aws_robomaker_residential_SofaC_01/materials/textures/aws_SofaC_01.png
[3.728s] -- Symlinking: /home/wellyowo/locobot_sim/locobot_ws/install/aws_robomaker_small_house_world/share/aws_robomaker_small_house_world/models/aws_robomaker_residential_SofaC_01/meshes/aws_SofaC_01_collision.DAE
[3.733s] -- Symlinking: /home/wellyowo/locobot_sim/locobot_ws/install/aws_robomaker_small_house_world/share/aws_robomaker_small_house_world/models/aws_robomaker_residential_SofaC_01/meshes/aws_SofaC_01_visual.DAE
[3.738s] -- Symlinking: /home/wellyowo/locobot_sim/locobot_ws/install/aws_robomaker_small_house_world/share/aws_robomaker_small_house_world/models/aws_robomaker_residential_SofaC_01/model.config
[3.744s] -- Symlinking: /home/wellyowo/locobot_sim/locobot_ws/install/aws_robomaker_small_house_world/share/aws_robomaker_small_house_world/models/aws_robomaker_residential_SofaC_01/model.sdf
[3.749s] -- Symlinking: /home/wellyowo/locobot_sim/locobot_ws/install/aws_robomaker_small_house_world/share/aws_robomaker_small_house_world/models/aws_robomaker_residential_Sofa_01/materials/textures/aws_Sofa_01.png
[3.755s] -- Symlinking: /home/wellyowo/locobot_sim/locobot_ws/install/aws_robomaker_small_house_world/share/aws_robomaker_small_house_world/models/aws_robomaker_residential_Sofa_01/meshes/aws_Sofa_01.DAE
[3.761s] -- Symlinking: /home/wellyowo/locobot_sim/locobot_ws/install/aws_robomaker_small_house_world/share/aws_robomaker_small_house_world/models/aws_robomaker_residential_Sofa_01/meshes/aws_Sofa_01_collision.DAE
[3.767s] -- Symlinking: /home/wellyowo/locobot_sim/locobot_ws/install/aws_robomaker_small_house_world/share/aws_robomaker_small_house_world/models/aws_robomaker_residential_Sofa_01/meshes/aws_Sofa_01_visual.DAE
[3.772s] -- Symlinking: /home/wellyowo/locobot_sim/locobot_ws/install/aws_robomaker_small_house_world/share/aws_robomaker_small_house_world/models/aws_robomaker_residential_Sofa_01/model.config
[3.778s] -- Symlinking: /home/wellyowo/locobot_sim/locobot_ws/install/aws_robomaker_small_house_world/share/aws_robomaker_small_house_world/models/aws_robomaker_residential_Sofa_01/model.sdf
[3.784s] -- Symlinking: /home/wellyowo/locobot_sim/locobot_ws/install/aws_robomaker_small_house_world/share/aws_robomaker_small_house_world/models/aws_robomaker_residential_TVCabinet_01/materials/textures/aws_TVCabinet_01.png
[3.789s] -- Symlinking: /home/wellyowo/locobot_sim/locobot_ws/install/aws_robomaker_small_house_world/share/aws_robomaker_small_house_world/models/aws_robomaker_residential_TVCabinet_01/meshes/aws_TVCabinet_01_collision.DAE
[3.795s] -- Symlinking: /home/wellyowo/locobot_sim/locobot_ws/install/aws_robomaker_small_house_world/share/aws_robomaker_small_house_world/models/aws_robomaker_residential_TVCabinet_01/meshes/aws_TVCabinet_01_visual.DAE
[3.801s] -- Symlinking: /home/wellyowo/locobot_sim/locobot_ws/install/aws_robomaker_small_house_world/share/aws_robomaker_small_house_world/models/aws_robomaker_residential_TVCabinet_01/model.config
[3.806s] -- Symlinking: /home/wellyowo/locobot_sim/locobot_ws/install/aws_robomaker_small_house_world/share/aws_robomaker_small_house_world/models/aws_robomaker_residential_TVCabinet_01/model.sdf
[3.812s] -- Symlinking: /home/wellyowo/locobot_sim/locobot_ws/install/aws_robomaker_small_house_world/share/aws_robomaker_small_house_world/models/aws_robomaker_residential_TV_01/materials/textures/aws_TV_01.png
[3.817s] -- Symlinking: /home/wellyowo/locobot_sim/locobot_ws/install/aws_robomaker_small_house_world/share/aws_robomaker_small_house_world/models/aws_robomaker_residential_TV_01/meshes/aws_TV_01_collision.DAE
[3.823s] -- Symlinking: /home/wellyowo/locobot_sim/locobot_ws/install/aws_robomaker_small_house_world/share/aws_robomaker_small_house_world/models/aws_robomaker_residential_TV_01/meshes/aws_TV_01_visual.DAE
[3.829s] -- Symlinking: /home/wellyowo/locobot_sim/locobot_ws/install/aws_robomaker_small_house_world/share/aws_robomaker_small_house_world/models/aws_robomaker_residential_TV_01/model.config
[3.834s] -- Symlinking: /home/wellyowo/locobot_sim/locobot_ws/install/aws_robomaker_small_house_world/share/aws_robomaker_small_house_world/models/aws_robomaker_residential_TV_01/model.sdf
[3.840s] -- Symlinking: /home/wellyowo/locobot_sim/locobot_ws/install/aws_robomaker_small_house_world/share/aws_robomaker_small_house_world/models/aws_robomaker_residential_TV_02/materials/textures/aws_TV_01.png
[3.846s] -- Symlinking: /home/wellyowo/locobot_sim/locobot_ws/install/aws_robomaker_small_house_world/share/aws_robomaker_small_house_world/models/aws_robomaker_residential_TV_02/meshes/aws_TV_01_collision.DAE
[3.851s] -- Symlinking: /home/wellyowo/locobot_sim/locobot_ws/install/aws_robomaker_small_house_world/share/aws_robomaker_small_house_world/models/aws_robomaker_residential_TV_02/meshes/aws_TV_01_visual.DAE
[3.857s] -- Symlinking: /home/wellyowo/locobot_sim/locobot_ws/install/aws_robomaker_small_house_world/share/aws_robomaker_small_house_world/models/aws_robomaker_residential_TV_02/model.config
[3.863s] -- Symlinking: /home/wellyowo/locobot_sim/locobot_ws/install/aws_robomaker_small_house_world/share/aws_robomaker_small_house_world/models/aws_robomaker_residential_TV_02/model.sdf
[3.868s] -- Symlinking: /home/wellyowo/locobot_sim/locobot_ws/install/aws_robomaker_small_house_world/share/aws_robomaker_small_house_world/models/aws_robomaker_residential_Tablet_01/materials/textures/aws_Tablet_01_nologo.png
[3.874s] -- Symlinking: /home/wellyowo/locobot_sim/locobot_ws/install/aws_robomaker_small_house_world/share/aws_robomaker_small_house_world/models/aws_robomaker_residential_Tablet_01/meshes/aws_Tablet_01_collision.DAE
[3.880s] -- Symlinking: /home/wellyowo/locobot_sim/locobot_ws/install/aws_robomaker_small_house_world/share/aws_robomaker_small_house_world/models/aws_robomaker_residential_Tablet_01/meshes/aws_Tablet_01_visual.DAE
[3.885s] -- Symlinking: /home/wellyowo/locobot_sim/locobot_ws/install/aws_robomaker_small_house_world/share/aws_robomaker_small_house_world/models/aws_robomaker_residential_Tablet_01/model.config
[3.891s] -- Symlinking: /home/wellyowo/locobot_sim/locobot_ws/install/aws_robomaker_small_house_world/share/aws_robomaker_small_house_world/models/aws_robomaker_residential_Tablet_01/model.sdf
[3.896s] -- Symlinking: /home/wellyowo/locobot_sim/locobot_ws/install/aws_robomaker_small_house_world/share/aws_robomaker_small_house_world/models/aws_robomaker_residential_Tableware_01/materials/textures/aws_Tableware_01.png
[3.902s] -- Symlinking: /home/wellyowo/locobot_sim/locobot_ws/install/aws_robomaker_small_house_world/share/aws_robomaker_small_house_world/models/aws_robomaker_residential_Tableware_01/meshes/aws_Tableware_01_collision.DAE
[3.907s] -- Symlinking: /home/wellyowo/locobot_sim/locobot_ws/install/aws_robomaker_small_house_world/share/aws_robomaker_small_house_world/models/aws_robomaker_residential_Tableware_01/meshes/aws_Tableware_01_visual.DAE
[3.913s] -- Symlinking: /home/wellyowo/locobot_sim/locobot_ws/install/aws_robomaker_small_house_world/share/aws_robomaker_small_house_world/models/aws_robomaker_residential_Tableware_01/model.config
[3.919s] -- Symlinking: /home/wellyowo/locobot_sim/locobot_ws/install/aws_robomaker_small_house_world/share/aws_robomaker_small_house_world/models/aws_robomaker_residential_Tableware_01/model.sdf
[3.925s] -- Symlinking: /home/wellyowo/locobot_sim/locobot_ws/install/aws_robomaker_small_house_world/share/aws_robomaker_small_house_world/models/aws_robomaker_residential_Trash_01/materials/textures/aws_Trash_01.png
[3.930s] -- Symlinking: /home/wellyowo/locobot_sim/locobot_ws/install/aws_robomaker_small_house_world/share/aws_robomaker_small_house_world/models/aws_robomaker_residential_Trash_01/meshes/aws_Trash_01_collision.DAE
[3.936s] -- Symlinking: /home/wellyowo/locobot_sim/locobot_ws/install/aws_robomaker_small_house_world/share/aws_robomaker_small_house_world/models/aws_robomaker_residential_Trash_01/meshes/aws_Trash_01_visual.DAE
[3.942s] -- Symlinking: /home/wellyowo/locobot_sim/locobot_ws/install/aws_robomaker_small_house_world/share/aws_robomaker_small_house_world/models/aws_robomaker_residential_Trash_01/model.config
[3.947s] -- Symlinking: /home/wellyowo/locobot_sim/locobot_ws/install/aws_robomaker_small_house_world/share/aws_robomaker_small_house_world/models/aws_robomaker_residential_Trash_01/model.sdf
[3.953s] -- Symlinking: /home/wellyowo/locobot_sim/locobot_ws/install/aws_robomaker_small_house_world/share/aws_robomaker_small_house_world/models/aws_robomaker_residential_Vase_01/materials/textures/aws_Vase_01.png
[3.959s] -- Symlinking: /home/wellyowo/locobot_sim/locobot_ws/install/aws_robomaker_small_house_world/share/aws_robomaker_small_house_world/models/aws_robomaker_residential_Vase_01/meshes/aws_Vase_01_collision.DAE
[3.964s] -- Symlinking: /home/wellyowo/locobot_sim/locobot_ws/install/aws_robomaker_small_house_world/share/aws_robomaker_small_house_world/models/aws_robomaker_residential_Vase_01/meshes/aws_Vase_01_visual.DAE
[3.970s] -- Symlinking: /home/wellyowo/locobot_sim/locobot_ws/install/aws_robomaker_small_house_world/share/aws_robomaker_small_house_world/models/aws_robomaker_residential_Vase_01/model.config
[3.975s] -- Symlinking: /home/wellyowo/locobot_sim/locobot_ws/install/aws_robomaker_small_house_world/share/aws_robomaker_small_house_world/models/aws_robomaker_residential_Vase_01/model.sdf
[3.981s] -- Symlinking: /home/wellyowo/locobot_sim/locobot_ws/install/aws_robomaker_small_house_world/share/aws_robomaker_small_house_world/models/aws_robomaker_residential_Wardrobe_01/materials/textures/aws_Wardrobe_01.png
[3.987s] -- Symlinking: /home/wellyowo/locobot_sim/locobot_ws/install/aws_robomaker_small_house_world/share/aws_robomaker_small_house_world/models/aws_robomaker_residential_Wardrobe_01/meshes/aws_Wardrobe_01_collision.DAE
[3.993s] -- Symlinking: /home/wellyowo/locobot_sim/locobot_ws/install/aws_robomaker_small_house_world/share/aws_robomaker_small_house_world/models/aws_robomaker_residential_Wardrobe_01/meshes/aws_Wardrobe_01_visual.DAE
[3.998s] -- Symlinking: /home/wellyowo/locobot_sim/locobot_ws/install/aws_robomaker_small_house_world/share/aws_robomaker_small_house_world/models/aws_robomaker_residential_Wardrobe_01/model.config
[4.004s] -- Symlinking: /home/wellyowo/locobot_sim/locobot_ws/install/aws_robomaker_small_house_world/share/aws_robomaker_small_house_world/models/aws_robomaker_residential_Wardrobe_01/model.sdf
[4.010s] -- Symlinking: /home/wellyowo/locobot_sim/locobot_ws/install/aws_robomaker_small_house_world/share/aws_robomaker_small_house_world/worlds/small_house.world
[4.016s] -- Symlinking: /home/wellyowo/locobot_sim/locobot_ws/install/aws_robomaker_small_house_world/share/aws_robomaker_small_house_world/maps/turtlebot3_waffle_pi/map.pgm
[4.021s] -- Symlinking: /home/wellyowo/locobot_sim/locobot_ws/install/aws_robomaker_small_house_world/share/aws_robomaker_small_house_world/maps/turtlebot3_waffle_pi/map.yaml
[4.027s] -- Symlinking: /home/wellyowo/locobot_sim/locobot_ws/install/aws_robomaker_small_house_world/share/aws_robomaker_small_house_world/photos/DeskPortraitA_01.jpg
[4.032s] -- Symlinking: /home/wellyowo/locobot_sim/locobot_ws/install/aws_robomaker_small_house_world/share/aws_robomaker_small_house_world/photos/DeskPortraitA_02.jpg
[4.038s] -- Symlinking: /home/wellyowo/locobot_sim/locobot_ws/install/aws_robomaker_small_house_world/share/aws_robomaker_small_house_world/photos/DeskPortraitB_01.jpg
[4.043s] -- Symlinking: /home/wellyowo/locobot_sim/locobot_ws/install/aws_robomaker_small_house_world/share/aws_robomaker_small_house_world/photos/DeskPortraitB_02.jpg
[4.049s] -- Symlinking: /home/wellyowo/locobot_sim/locobot_ws/install/aws_robomaker_small_house_world/share/aws_robomaker_small_house_world/photos/DeskPortraitC_01.jpg
[4.054s] -- Symlinking: /home/wellyowo/locobot_sim/locobot_ws/install/aws_robomaker_small_house_world/share/aws_robomaker_small_house_world/photos/DeskPortraitC_02.jpg
[4.060s] -- Symlinking: /home/wellyowo/locobot_sim/locobot_ws/install/aws_robomaker_small_house_world/share/aws_robomaker_small_house_world/photos/DeskPortraitD_01.jpg
[4.067s] -- Symlinking: /home/wellyowo/locobot_sim/locobot_ws/install/aws_robomaker_small_house_world/share/aws_robomaker_small_house_world/photos/DeskPortraitD_02.jpg
[4.072s] -- Symlinking: /home/wellyowo/locobot_sim/locobot_ws/install/aws_robomaker_small_house_world/share/aws_robomaker_small_house_world/photos/DeskPortraitD_03.jpg
[4.078s] -- Symlinking: /home/wellyowo/locobot_sim/locobot_ws/install/aws_robomaker_small_house_world/share/aws_robomaker_small_house_world/photos/DeskPortraitD_04.jpg
[4.084s] -- Symlinking: /home/wellyowo/locobot_sim/locobot_ws/install/aws_robomaker_small_house_world/share/aws_robomaker_small_house_world/photos/PortraitA_01.jpg
[4.090s] -- Symlinking: /home/wellyowo/locobot_sim/locobot_ws/install/aws_robomaker_small_house_world/share/aws_robomaker_small_house_world/photos/PortraitA_02.jpg
[4.095s] -- Symlinking: /home/wellyowo/locobot_sim/locobot_ws/install/aws_robomaker_small_house_world/share/aws_robomaker_small_house_world/photos/PortraitB_01.jpg
[4.101s] -- Symlinking: /home/wellyowo/locobot_sim/locobot_ws/install/aws_robomaker_small_house_world/share/aws_robomaker_small_house_world/photos/PortraitB_02.jpg
[4.107s] -- Symlinking: /home/wellyowo/locobot_sim/locobot_ws/install/aws_robomaker_small_house_world/share/aws_robomaker_small_house_world/photos/PortraitB_03.jpg
[4.112s] -- Symlinking: /home/wellyowo/locobot_sim/locobot_ws/install/aws_robomaker_small_house_world/share/aws_robomaker_small_house_world/photos/PortraitC_01.jpg
[4.118s] -- Symlinking: /home/wellyowo/locobot_sim/locobot_ws/install/aws_robomaker_small_house_world/share/aws_robomaker_small_house_world/photos/PortraitD_01.jpg
[4.124s] -- Symlinking: /home/wellyowo/locobot_sim/locobot_ws/install/aws_robomaker_small_house_world/share/aws_robomaker_small_house_world/photos/PortraitD_02.jpg
[4.129s] -- Symlinking: /home/wellyowo/locobot_sim/locobot_ws/install/aws_robomaker_small_house_world/share/aws_robomaker_small_house_world/photos/PortraitE_01.jpg
[4.135s] -- Symlinking: /home/wellyowo/locobot_sim/locobot_ws/install/aws_robomaker_small_house_world/share/aws_robomaker_small_house_world/photos/PortraitE_02.jpg
[4.140s] -- Symlinking: /home/wellyowo/locobot_sim/locobot_ws/install/aws_robomaker_small_house_world/share/aws_robomaker_small_house_world/param/waffle_pi.yaml
[4.146s] -- Symlinking: /home/wellyowo/locobot_sim/locobot_ws/install/aws_robomaker_small_house_world/share/aws_robomaker_small_house_world/routes/route.yaml
[4.151s] -- Symlinking: /home/wellyowo/locobot_sim/locobot_ws/install/aws_robomaker_small_house_world/share/ament_index/resource_index/package_run_dependencies/aws_robomaker_small_house_world
[4.157s] -- Symlinking: /home/wellyowo/locobot_sim/locobot_ws/install/aws_robomaker_small_house_world/share/ament_index/resource_index/parent_prefix_path/aws_robomaker_small_house_world
[4.162s] -- Symlinking: /home/wellyowo/locobot_sim/locobot_ws/install/aws_robomaker_small_house_world/share/aws_robomaker_small_house_world/environment/ament_prefix_path.sh
[4.168s] -- Symlinking: /home/wellyowo/locobot_sim/locobot_ws/install/aws_robomaker_small_house_world/share/aws_robomaker_small_house_world/environment/ament_prefix_path.dsv
[4.174s] -- Symlinking: /home/wellyowo/locobot_sim/locobot_ws/install/aws_robomaker_small_house_world/share/aws_robomaker_small_house_world/environment/path.sh
[4.179s] -- Symlinking: /home/wellyowo/locobot_sim/locobot_ws/install/aws_robomaker_small_house_world/share/aws_robomaker_small_house_world/environment/path.dsv
[4.184s] -- Symlinking: /home/wellyowo/locobot_sim/locobot_ws/install/aws_robomaker_small_house_world/share/aws_robomaker_small_house_world/local_setup.bash
[4.190s] -- Symlinking: /home/wellyowo/locobot_sim/locobot_ws/install/aws_robomaker_small_house_world/share/aws_robomaker_small_house_world/local_setup.sh
[4.195s] -- Symlinking: /home/wellyowo/locobot_sim/locobot_ws/install/aws_robomaker_small_house_world/share/aws_robomaker_small_house_world/local_setup.zsh
[4.200s] -- Symlinking: /home/wellyowo/locobot_sim/locobot_ws/install/aws_robomaker_small_house_world/share/aws_robomaker_small_house_world/local_setup.dsv
[4.206s] -- Symlinking: /home/wellyowo/locobot_sim/locobot_ws/install/aws_robomaker_small_house_world/share/aws_robomaker_small_house_world/package.dsv
[4.211s] -- Symlinking: /home/wellyowo/locobot_sim/locobot_ws/install/aws_robomaker_small_house_world/share/ament_index/resource_index/packages/aws_robomaker_small_house_world
[4.216s] -- Symlinking: /home/wellyowo/locobot_sim/locobot_ws/install/aws_robomaker_small_house_world/share/aws_robomaker_small_house_world/cmake/ament_cmake_export_dependencies-extras.cmake
[4.221s] -- Symlinking: /home/wellyowo/locobot_sim/locobot_ws/install/aws_robomaker_small_house_world/share/aws_robomaker_small_house_world/cmake/aws_robomaker_small_house_worldConfig.cmake
[4.226s] -- Symlinking: /home/wellyowo/locobot_sim/locobot_ws/install/aws_robomaker_small_house_world/share/aws_robomaker_small_house_world/cmake/aws_robomaker_small_house_worldConfig-version.cmake
[4.231s] -- Symlinking: /home/wellyowo/locobot_sim/locobot_ws/install/aws_robomaker_small_house_world/share/aws_robomaker_small_house_world/package.xml
[4.238s] Invoked command in '/home/wellyowo/locobot_sim/locobot_ws/build/aws_robomaker_small_house_world' returned '0': AMENT_PREFIX_PATH=/home/wellyowo/locobot_sim/locobot_ws/install/gazebo_plugins:${AMENT_PREFIX_PATH} CMAKE_PREFIX_PATH=/home/wellyowo/locobot_sim/locobot_ws/install/gazebo_plugins:/opt/ros/humble LD_LIBRARY_PATH=/home/wellyowo/locobot_sim/locobot_ws/install/gazebo_plugins/lib:/opt/ros/humble/opt/rviz_ogre_vendor/lib:/opt/ros/humble/lib/x86_64-linux-gnu:/opt/ros/humble/lib:/usr/local/nvidia/lib:/usr/local/nvidia/lib64:/usr/lib/x86_64-linux-gnu/gazebo-11/plugins /usr/bin/cmake --install /home/wellyowo/locobot_sim/locobot_ws/build/aws_robomaker_small_house_world
