[0.075s] Invoking command in '/home/wellyowo/locobot_sim/locobot_ws/build/ecl_utilities': AMENT_PREFIX_PATH=/home/wellyowo/locobot_sim/locobot_ws/install/ecl_concepts:/home/wellyowo/locobot_sim/locobot_ws/install/ecl_type_traits:/home/wellyowo/locobot_sim/locobot_ws/install/ecl_mpl:/home/wellyowo/locobot_sim/locobot_ws/install/ecl_config:${AMENT_PREFIX_PATH} CMAKE_PREFIX_PATH=/home/wellyowo/locobot_sim/locobot_ws/install/ecl_concepts:/home/wellyowo/locobot_sim/locobot_ws/install/ecl_type_traits:/home/wellyowo/locobot_sim/locobot_ws/install/ecl_mpl:/home/wellyowo/locobot_sim/locobot_ws/install/ecl_config:/opt/ros/humble LD_LIBRARY_PATH=/home/wellyowo/locobot_sim/locobot_ws/install/ecl_type_traits/lib:/opt/ros/humble/opt/rviz_ogre_vendor/lib:/opt/ros/humble/lib/x86_64-linux-gnu:/opt/ros/humble/lib:/usr/local/nvidia/lib:/usr/local/nvidia/lib64:/usr/lib/x86_64-linux-gnu/gazebo-11/plugins PATH=/home/wellyowo/locobot_sim/locobot_ws/install/ecl_type_traits/bin:/home/wellyowo/locobot_sim/locobot_ws/install/ecl_config/bin:${PATH} /usr/bin/cmake /home/wellyowo/locobot_sim/locobot_ws/src/ThirdParty/ecl/ecl_core/ecl_utilities -DBUILD_TESTING=OFF -DCMAKE_PREFIX_PATH= -DAMENT_CMAKE_SYMLINK_INSTALL=1 -DCMAKE_INSTALL_PREFIX=/home/wellyowo/locobot_sim/locobot_ws/install/ecl_utilities
[4.230s] -- The C compiler identification is GNU 11.4.0
[4.231s] -- The CXX compiler identification is GNU 11.4.0
[4.242s] -- Detecting C compiler ABI info
[4.242s] -- Detecting C compiler ABI info - done
[4.242s] -- Check for working C compiler: /usr/bin/cc - skipped
[4.242s] -- Detecting C compile features
[4.243s] -- Detecting C compile features - done
[4.243s] -- Detecting CXX compiler ABI info
[4.243s] -- Detecting CXX compiler ABI info - done
[4.243s] -- Check for working CXX compiler: /usr/bin/c++ - skipped
[4.243s] -- Detecting CXX compile features
[4.243s] -- Detecting CXX compile features - done
[4.243s] -- Found ament_cmake_ros: 0.10.0 (/opt/ros/humble/share/ament_cmake_ros/cmake)
[4.243s] -- Found Python3: /usr/bin/python3 (found version "3.10.12") found components: Interpreter 
[4.243s] -- Override CMake install command with custom implementation using symlinks instead of copying resources
[4.243s] -- Found ecl_build: 1.0.3 (/opt/ros/humble/share/ecl_build/cmake)
[4.243s] -- Found ecl_concepts: 1.2.1 (/home/wellyowo/locobot_sim/locobot_ws/install/ecl_concepts/share/ecl_concepts/cmake)
[4.243s] -- Configuring done
[4.244s] -- Generating done
[4.244s] -- Build files have been written to: /home/wellyowo/locobot_sim/locobot_ws/build/ecl_utilities
[4.296s] Invoked command in '/home/wellyowo/locobot_sim/locobot_ws/build/ecl_utilities' returned '0': AMENT_PREFIX_PATH=/home/wellyowo/locobot_sim/locobot_ws/install/ecl_concepts:/home/wellyowo/locobot_sim/locobot_ws/install/ecl_type_traits:/home/wellyowo/locobot_sim/locobot_ws/install/ecl_mpl:/home/wellyowo/locobot_sim/locobot_ws/install/ecl_config:${AMENT_PREFIX_PATH} CMAKE_PREFIX_PATH=/home/wellyowo/locobot_sim/locobot_ws/install/ecl_concepts:/home/wellyowo/locobot_sim/locobot_ws/install/ecl_type_traits:/home/wellyowo/locobot_sim/locobot_ws/install/ecl_mpl:/home/wellyowo/locobot_sim/locobot_ws/install/ecl_config:/opt/ros/humble LD_LIBRARY_PATH=/home/wellyowo/locobot_sim/locobot_ws/install/ecl_type_traits/lib:/opt/ros/humble/opt/rviz_ogre_vendor/lib:/opt/ros/humble/lib/x86_64-linux-gnu:/opt/ros/humble/lib:/usr/local/nvidia/lib:/usr/local/nvidia/lib64:/usr/lib/x86_64-linux-gnu/gazebo-11/plugins PATH=/home/wellyowo/locobot_sim/locobot_ws/install/ecl_type_traits/bin:/home/wellyowo/locobot_sim/locobot_ws/install/ecl_config/bin:${PATH} /usr/bin/cmake /home/wellyowo/locobot_sim/locobot_ws/src/ThirdParty/ecl/ecl_core/ecl_utilities -DBUILD_TESTING=OFF -DCMAKE_PREFIX_PATH= -DAMENT_CMAKE_SYMLINK_INSTALL=1 -DCMAKE_INSTALL_PREFIX=/home/wellyowo/locobot_sim/locobot_ws/install/ecl_utilities
[4.297s] Invoking command in '/home/wellyowo/locobot_sim/locobot_ws/build/ecl_utilities': AMENT_PREFIX_PATH=/home/wellyowo/locobot_sim/locobot_ws/install/ecl_concepts:/home/wellyowo/locobot_sim/locobot_ws/install/ecl_type_traits:/home/wellyowo/locobot_sim/locobot_ws/install/ecl_mpl:/home/wellyowo/locobot_sim/locobot_ws/install/ecl_config:${AMENT_PREFIX_PATH} CMAKE_PREFIX_PATH=/home/wellyowo/locobot_sim/locobot_ws/install/ecl_concepts:/home/wellyowo/locobot_sim/locobot_ws/install/ecl_type_traits:/home/wellyowo/locobot_sim/locobot_ws/install/ecl_mpl:/home/wellyowo/locobot_sim/locobot_ws/install/ecl_config:/opt/ros/humble LD_LIBRARY_PATH=/home/wellyowo/locobot_sim/locobot_ws/install/ecl_type_traits/lib:/opt/ros/humble/opt/rviz_ogre_vendor/lib:/opt/ros/humble/lib/x86_64-linux-gnu:/opt/ros/humble/lib:/usr/local/nvidia/lib:/usr/local/nvidia/lib64:/usr/lib/x86_64-linux-gnu/gazebo-11/plugins PATH=/home/wellyowo/locobot_sim/locobot_ws/install/ecl_type_traits/bin:/home/wellyowo/locobot_sim/locobot_ws/install/ecl_config/bin:${PATH} /usr/bin/cmake --build /home/wellyowo/locobot_sim/locobot_ws/build/ecl_utilities -- -j16 -l16
[5.761s] [ 50%] [32mBuilding CXX object src/examples/CMakeFiles/ecl_demo_constructors.dir/constructors.cpp.o[0m
[5.762s] [100%] [32m[1mLinking CXX executable demo_constructors[0m
[5.762s] [100%] Built target ecl_demo_constructors
[5.789s] Invoked command in '/home/wellyowo/locobot_sim/locobot_ws/build/ecl_utilities' returned '0': AMENT_PREFIX_PATH=/home/wellyowo/locobot_sim/locobot_ws/install/ecl_concepts:/home/wellyowo/locobot_sim/locobot_ws/install/ecl_type_traits:/home/wellyowo/locobot_sim/locobot_ws/install/ecl_mpl:/home/wellyowo/locobot_sim/locobot_ws/install/ecl_config:${AMENT_PREFIX_PATH} CMAKE_PREFIX_PATH=/home/wellyowo/locobot_sim/locobot_ws/install/ecl_concepts:/home/wellyowo/locobot_sim/locobot_ws/install/ecl_type_traits:/home/wellyowo/locobot_sim/locobot_ws/install/ecl_mpl:/home/wellyowo/locobot_sim/locobot_ws/install/ecl_config:/opt/ros/humble LD_LIBRARY_PATH=/home/wellyowo/locobot_sim/locobot_ws/install/ecl_type_traits/lib:/opt/ros/humble/opt/rviz_ogre_vendor/lib:/opt/ros/humble/lib/x86_64-linux-gnu:/opt/ros/humble/lib:/usr/local/nvidia/lib:/usr/local/nvidia/lib64:/usr/lib/x86_64-linux-gnu/gazebo-11/plugins PATH=/home/wellyowo/locobot_sim/locobot_ws/install/ecl_type_traits/bin:/home/wellyowo/locobot_sim/locobot_ws/install/ecl_config/bin:${PATH} /usr/bin/cmake --build /home/wellyowo/locobot_sim/locobot_ws/build/ecl_utilities -- -j16 -l16
[5.790s] Invoking command in '/home/wellyowo/locobot_sim/locobot_ws/build/ecl_utilities': AMENT_PREFIX_PATH=/home/wellyowo/locobot_sim/locobot_ws/install/ecl_concepts:/home/wellyowo/locobot_sim/locobot_ws/install/ecl_type_traits:/home/wellyowo/locobot_sim/locobot_ws/install/ecl_mpl:/home/wellyowo/locobot_sim/locobot_ws/install/ecl_config:${AMENT_PREFIX_PATH} CMAKE_PREFIX_PATH=/home/wellyowo/locobot_sim/locobot_ws/install/ecl_concepts:/home/wellyowo/locobot_sim/locobot_ws/install/ecl_type_traits:/home/wellyowo/locobot_sim/locobot_ws/install/ecl_mpl:/home/wellyowo/locobot_sim/locobot_ws/install/ecl_config:/opt/ros/humble LD_LIBRARY_PATH=/home/wellyowo/locobot_sim/locobot_ws/install/ecl_type_traits/lib:/opt/ros/humble/opt/rviz_ogre_vendor/lib:/opt/ros/humble/lib/x86_64-linux-gnu:/opt/ros/humble/lib:/usr/local/nvidia/lib:/usr/local/nvidia/lib64:/usr/lib/x86_64-linux-gnu/gazebo-11/plugins PATH=/home/wellyowo/locobot_sim/locobot_ws/install/ecl_type_traits/bin:/home/wellyowo/locobot_sim/locobot_ws/install/ecl_config/bin:${PATH} /usr/bin/cmake --install /home/wellyowo/locobot_sim/locobot_ws/build/ecl_utilities
[6.825s] -- Install configuration: ""
[6.826s] -- Execute custom install script
[6.826s] -- Symlinking: /home/wellyowo/locobot_sim/locobot_ws/install/ecl_utilities/include/ecl/utilities/blueprints.hpp
[6.826s] -- Symlinking: /home/wellyowo/locobot_sim/locobot_ws/install/ecl_utilities/include/ecl/utilities/flags.hpp
[6.826s] -- Symlinking: /home/wellyowo/locobot_sim/locobot_ws/install/ecl_utilities/include/ecl/utilities/function_objects.hpp
[6.827s] -- Symlinking: /home/wellyowo/locobot_sim/locobot_ws/install/ecl_utilities/include/ecl/utilities/parameter.hpp
[6.827s] -- Symlinking: /home/wellyowo/locobot_sim/locobot_ws/install/ecl_utilities/include/ecl/utilities/references.hpp
[6.827s] -- Symlinking: /home/wellyowo/locobot_sim/locobot_ws/install/ecl_utilities/include/ecl/utilities/singleton.hpp
[6.827s] -- Symlinking: /home/wellyowo/locobot_sim/locobot_ws/install/ecl_utilities/include/ecl/utilities/void.hpp
[6.827s] -- Symlinking: /home/wellyowo/locobot_sim/locobot_ws/install/ecl_utilities/include/ecl/utilities.hpp
[6.839s] -- Symlinking: /home/wellyowo/locobot_sim/locobot_ws/install/ecl_utilities/lib/ecl_utilities/demo_constructors
[6.839s] -- Symlinking: /home/wellyowo/locobot_sim/locobot_ws/install/ecl_utilities/share/ament_index/resource_index/package_run_dependencies/ecl_utilities
[6.840s] -- Symlinking: /home/wellyowo/locobot_sim/locobot_ws/install/ecl_utilities/share/ament_index/resource_index/parent_prefix_path/ecl_utilities
[6.840s] -- Symlinking: /home/wellyowo/locobot_sim/locobot_ws/install/ecl_utilities/share/ecl_utilities/environment/ament_prefix_path.sh
[6.840s] -- Symlinking: /home/wellyowo/locobot_sim/locobot_ws/install/ecl_utilities/share/ecl_utilities/environment/ament_prefix_path.dsv
[6.840s] -- Symlinking: /home/wellyowo/locobot_sim/locobot_ws/install/ecl_utilities/share/ecl_utilities/environment/path.sh
[6.840s] -- Symlinking: /home/wellyowo/locobot_sim/locobot_ws/install/ecl_utilities/share/ecl_utilities/environment/path.dsv
[6.840s] -- Symlinking: /home/wellyowo/locobot_sim/locobot_ws/install/ecl_utilities/share/ecl_utilities/local_setup.bash
[6.840s] -- Symlinking: /home/wellyowo/locobot_sim/locobot_ws/install/ecl_utilities/share/ecl_utilities/local_setup.sh
[6.840s] -- Symlinking: /home/wellyowo/locobot_sim/locobot_ws/install/ecl_utilities/share/ecl_utilities/local_setup.zsh
[6.840s] -- Symlinking: /home/wellyowo/locobot_sim/locobot_ws/install/ecl_utilities/share/ecl_utilities/local_setup.dsv
[6.840s] -- Symlinking: /home/wellyowo/locobot_sim/locobot_ws/install/ecl_utilities/share/ecl_utilities/package.dsv
[6.840s] -- Symlinking: /home/wellyowo/locobot_sim/locobot_ws/install/ecl_utilities/share/ament_index/resource_index/packages/ecl_utilities
[6.840s] -- Symlinking: /home/wellyowo/locobot_sim/locobot_ws/install/ecl_utilities/share/ecl_utilities/cmake/ament_cmake_export_targets-extras.cmake
[6.841s] -- Symlinking: /home/wellyowo/locobot_sim/locobot_ws/install/ecl_utilities/share/ecl_utilities/cmake/ament_cmake_export_include_directories-extras.cmake
[6.841s] -- Symlinking: /home/wellyowo/locobot_sim/locobot_ws/install/ecl_utilities/share/ecl_utilities/cmake/ament_cmake_export_dependencies-extras.cmake
[6.841s] -- Symlinking: /home/wellyowo/locobot_sim/locobot_ws/install/ecl_utilities/share/ecl_utilities/cmake/ecl_utilitiesConfig.cmake
[6.841s] -- Symlinking: /home/wellyowo/locobot_sim/locobot_ws/install/ecl_utilities/share/ecl_utilities/cmake/ecl_utilitiesConfig-version.cmake
[6.841s] -- Symlinking: /home/wellyowo/locobot_sim/locobot_ws/install/ecl_utilities/share/ecl_utilities/package.xml
[6.841s] -- Installing: /home/wellyowo/locobot_sim/locobot_ws/install/ecl_utilities/share/ecl_utilities/cmake/ecl_utilitiesExport.cmake
[6.976s] Invoked command in '/home/wellyowo/locobot_sim/locobot_ws/build/ecl_utilities' returned '0': AMENT_PREFIX_PATH=/home/wellyowo/locobot_sim/locobot_ws/install/ecl_concepts:/home/wellyowo/locobot_sim/locobot_ws/install/ecl_type_traits:/home/wellyowo/locobot_sim/locobot_ws/install/ecl_mpl:/home/wellyowo/locobot_sim/locobot_ws/install/ecl_config:${AMENT_PREFIX_PATH} CMAKE_PREFIX_PATH=/home/wellyowo/locobot_sim/locobot_ws/install/ecl_concepts:/home/wellyowo/locobot_sim/locobot_ws/install/ecl_type_traits:/home/wellyowo/locobot_sim/locobot_ws/install/ecl_mpl:/home/wellyowo/locobot_sim/locobot_ws/install/ecl_config:/opt/ros/humble LD_LIBRARY_PATH=/home/wellyowo/locobot_sim/locobot_ws/install/ecl_type_traits/lib:/opt/ros/humble/opt/rviz_ogre_vendor/lib:/opt/ros/humble/lib/x86_64-linux-gnu:/opt/ros/humble/lib:/usr/local/nvidia/lib:/usr/local/nvidia/lib64:/usr/lib/x86_64-linux-gnu/gazebo-11/plugins PATH=/home/wellyowo/locobot_sim/locobot_ws/install/ecl_type_traits/bin:/home/wellyowo/locobot_sim/locobot_ws/install/ecl_config/bin:${PATH} /usr/bin/cmake --install /home/wellyowo/locobot_sim/locobot_ws/build/ecl_utilities
