-- The C compiler identification is GNU 11.4.0
-- The CXX compiler identification is GNU 11.4.0
-- Detecting C compiler ABI info
-- Detecting C compiler ABI info - done
-- Check for working C compiler: /usr/bin/cc - skipped
-- Detecting C compile features
-- Detecting C compile features - done
-- Detecting CXX compiler ABI info
-- Detecting CXX compiler ABI info - done
-- Check for working CXX compiler: /usr/bin/c++ - skipped
-- Detecting CXX compile features
-- Detecting CXX compile features - done
-- Found ament_cmake_ros: 0.10.0 (/opt/ros/humble/share/ament_cmake_ros/cmake)
-- Found Python3: /usr/bin/python3 (found version "3.10.12") found components: Interpreter 
-- Override CMake install command with custom implementation using symlinks instead of copying resources
-- Found ecl_build: 1.0.3 (/opt/ros/humble/share/ecl_build/cmake)
-- Found ecl_errors: 1.2.0 (/home/wellyowo/locobot_sim/locobot_ws/install/ecl_errors/share/ecl_errors/cmake)
-- Found ecl_formatters: 1.2.1 (/home/wellyowo/locobot_sim/locobot_ws/install/ecl_formatters/share/ecl_formatters/cmake)
-- Found ecl_geometry: 1.2.1 (/home/wellyowo/locobot_sim/locobot_ws/install/ecl_geometry/share/ecl_geometry/cmake)
-- Configuring done
-- Generating done
-- Build files have been written to: /home/wellyowo/locobot_sim/locobot_ws/build/ecl_mobile_robot
[ 50%] [32mBuilding CXX object src/lib/CMakeFiles/ecl_mobile_robot.dir/differential_drive.cpp.o[0m
[100%] [32m[1mLinking CXX shared library libecl_mobile_robot.so[0m
[100%] Built target ecl_mobile_robot
-- Install configuration: ""
-- Execute custom install script
-- Symlinking: /home/wellyowo/locobot_sim/locobot_ws/install/ecl_mobile_robot/include/ecl/mobile_robot/kinematics/differential_drive.hpp
-- Symlinking: /home/wellyowo/locobot_sim/locobot_ws/install/ecl_mobile_robot/include/ecl/mobile_robot/differential_drive.hpp
-- Symlinking: /home/wellyowo/locobot_sim/locobot_ws/install/ecl_mobile_robot/include/ecl/mobile_robot/macros.hpp
-- Symlinking: /home/wellyowo/locobot_sim/locobot_ws/install/ecl_mobile_robot/include/ecl/mobile_robot.hpp
-- Symlinking: /home/wellyowo/locobot_sim/locobot_ws/install/ecl_mobile_robot/share/ecl_mobile_robot/environment/library_path.sh
-- Symlinking: /home/wellyowo/locobot_sim/locobot_ws/install/ecl_mobile_robot/share/ecl_mobile_robot/environment/library_path.dsv
-- Symlinking: /home/wellyowo/locobot_sim/locobot_ws/install/ecl_mobile_robot/share/ament_index/resource_index/package_run_dependencies/ecl_mobile_robot
-- Symlinking: /home/wellyowo/locobot_sim/locobot_ws/install/ecl_mobile_robot/share/ament_index/resource_index/parent_prefix_path/ecl_mobile_robot
-- Symlinking: /home/wellyowo/locobot_sim/locobot_ws/install/ecl_mobile_robot/share/ecl_mobile_robot/environment/ament_prefix_path.sh
-- Symlinking: /home/wellyowo/locobot_sim/locobot_ws/install/ecl_mobile_robot/share/ecl_mobile_robot/environment/ament_prefix_path.dsv
-- Symlinking: /home/wellyowo/locobot_sim/locobot_ws/install/ecl_mobile_robot/share/ecl_mobile_robot/environment/path.sh
-- Symlinking: /home/wellyowo/locobot_sim/locobot_ws/install/ecl_mobile_robot/share/ecl_mobile_robot/environment/path.dsv
-- Symlinking: /home/wellyowo/locobot_sim/locobot_ws/install/ecl_mobile_robot/share/ecl_mobile_robot/local_setup.bash
-- Symlinking: /home/wellyowo/locobot_sim/locobot_ws/install/ecl_mobile_robot/share/ecl_mobile_robot/local_setup.sh
-- Symlinking: /home/wellyowo/locobot_sim/locobot_ws/install/ecl_mobile_robot/share/ecl_mobile_robot/local_setup.zsh
-- Symlinking: /home/wellyowo/locobot_sim/locobot_ws/install/ecl_mobile_robot/share/ecl_mobile_robot/local_setup.dsv
-- Symlinking: /home/wellyowo/locobot_sim/locobot_ws/install/ecl_mobile_robot/share/ecl_mobile_robot/package.dsv
-- Symlinking: /home/wellyowo/locobot_sim/locobot_ws/install/ecl_mobile_robot/share/ament_index/resource_index/packages/ecl_mobile_robot
-- Symlinking: /home/wellyowo/locobot_sim/locobot_ws/install/ecl_mobile_robot/share/ecl_mobile_robot/cmake/ament_cmake_export_targets-extras.cmake
-- Symlinking: /home/wellyowo/locobot_sim/locobot_ws/install/ecl_mobile_robot/share/ecl_mobile_robot/cmake/ament_cmake_export_include_directories-extras.cmake
-- Symlinking: /home/wellyowo/locobot_sim/locobot_ws/install/ecl_mobile_robot/share/ecl_mobile_robot/cmake/ament_cmake_export_libraries-extras.cmake
-- Symlinking: /home/wellyowo/locobot_sim/locobot_ws/install/ecl_mobile_robot/share/ecl_mobile_robot/cmake/ament_cmake_export_dependencies-extras.cmake
-- Symlinking: /home/wellyowo/locobot_sim/locobot_ws/install/ecl_mobile_robot/share/ecl_mobile_robot/cmake/ecl_mobile_robotConfig.cmake
-- Symlinking: /home/wellyowo/locobot_sim/locobot_ws/install/ecl_mobile_robot/share/ecl_mobile_robot/cmake/ecl_mobile_robotConfig-version.cmake
-- Symlinking: /home/wellyowo/locobot_sim/locobot_ws/install/ecl_mobile_robot/share/ecl_mobile_robot/package.xml
-- Installing: /home/wellyowo/locobot_sim/locobot_ws/install/ecl_mobile_robot/share/ecl_mobile_robot/cmake/ecl_mobile_robotExport.cmake
-- Installing: /home/wellyowo/locobot_sim/locobot_ws/install/ecl_mobile_robot/share/ecl_mobile_robot/cmake/ecl_mobile_robotExport-noconfig.cmake
-- Installing: /home/wellyowo/locobot_sim/locobot_ws/install/ecl_mobile_robot/lib/libecl_mobile_robot.so.1.2.1
-- Set runtime path of "/home/wellyowo/locobot_sim/locobot_ws/install/ecl_mobile_robot/lib/libecl_mobile_robot.so.1.2.1" to ""
-- Installing: /home/wellyowo/locobot_sim/locobot_ws/install/ecl_mobile_robot/lib/libecl_mobile_robot.so
