[0.025s] Invoking command in '/home/wellyowo/locobot_sim/locobot_ws/build/interbotix_tf_tools': CMAKE_PREFIX_PATH=/opt/ros/humble /usr/bin/cmake /home/wellyowo/locobot_sim/locobot_ws/src/interbotix_ros_toolboxes/interbotix_common_toolbox/interbotix_tf_tools -DBUILD_TESTING=OFF -DCMAKE_PREFIX_PATH= -DAMENT_CMAKE_SYMLINK_INSTALL=1 -DCMAKE_INSTALL_PREFIX=/home/wellyowo/locobot_sim/locobot_ws/install/interbotix_tf_tools
[6.477s] -- The C compiler identification is GNU 11.4.0
[6.478s] -- The CXX compiler identification is GNU 11.4.0
[6.478s] -- Detecting C compiler ABI info
[6.478s] -- Detecting C compiler ABI info - done
[6.479s] -- Check for working C compiler: /usr/bin/cc - skipped
[6.479s] -- Detecting C compile features
[6.479s] -- Detecting C compile features - done
[6.479s] -- Detecting CXX compiler ABI info
[6.480s] -- Detecting CXX compiler ABI info - done
[6.480s] -- Check for working CXX compiler: /usr/bin/c++ - skipped
[6.480s] -- Detecting CXX compile features
[6.480s] -- Detecting CXX compile features - done
[6.480s] -- Found ament_cmake: 1.3.11 (/opt/ros/humble/share/ament_cmake/cmake)
[6.480s] -- Found Python3: /usr/bin/python3 (found version "3.10.12") found components: Interpreter 
[6.480s] -- Override CMake install command with custom implementation using symlinks instead of copying resources
[6.480s] -- Found geometry_msgs: 4.9.0 (/opt/ros/humble/share/geometry_msgs/cmake)
[6.481s] -- Found rosidl_generator_c: 3.1.6 (/opt/ros/humble/share/rosidl_generator_c/cmake)
[6.481s] -- Found rosidl_adapter: 3.1.6 (/opt/ros/humble/share/rosidl_adapter/cmake)
[6.481s] -- Found rosidl_generator_cpp: 3.1.6 (/opt/ros/humble/share/rosidl_generator_cpp/cmake)
[6.481s] -- Using all available rosidl_typesupport_c: rosidl_typesupport_fastrtps_c;rosidl_typesupport_introspection_c
[6.485s] -- Using all available rosidl_typesupport_cpp: rosidl_typesupport_fastrtps_cpp;rosidl_typesupport_introspection_cpp
[6.486s] -- Found rclcpp: 16.0.12 (/opt/ros/humble/share/rclcpp/cmake)
[6.486s] -- Found rmw_implementation_cmake: 6.1.2 (/opt/ros/humble/share/rmw_implementation_cmake/cmake)
[6.486s] -- Found rmw_fastrtps_cpp: 6.2.7 (/opt/ros/humble/share/rmw_fastrtps_cpp/cmake)
[6.486s] -- Found OpenSSL: /usr/lib/x86_64-linux-gnu/libcrypto.so (found version "3.0.2")  
[6.486s] -- Found FastRTPS: /opt/ros/humble/include  
[6.487s] -- Using RMW implementation 'rmw_fastrtps_cpp' as default
[6.487s] -- Looking for pthread.h
[6.487s] -- Looking for pthread.h - found
[6.487s] -- Performing Test CMAKE_HAVE_LIBC_PTHREAD
[6.487s] -- Performing Test CMAKE_HAVE_LIBC_PTHREAD - Success
[6.487s] -- Found Threads: TRUE  
[6.488s] -- Found rclcpp_components: 16.0.12 (/opt/ros/humble/share/rclcpp_components/cmake)
[6.488s] -- Found tf2_msgs: 0.25.13 (/opt/ros/humble/share/tf2_msgs/cmake)
[6.488s] -- Found tf2_ros: 0.25.13 (/opt/ros/humble/share/tf2_ros/cmake)
[6.488s] -- Configuring done
[6.489s] -- Generating done
[6.492s] -- Build files have been written to: /home/wellyowo/locobot_sim/locobot_ws/build/interbotix_tf_tools
[6.547s] Invoked command in '/home/wellyowo/locobot_sim/locobot_ws/build/interbotix_tf_tools' returned '0': CMAKE_PREFIX_PATH=/opt/ros/humble /usr/bin/cmake /home/wellyowo/locobot_sim/locobot_ws/src/interbotix_ros_toolboxes/interbotix_common_toolbox/interbotix_tf_tools -DBUILD_TESTING=OFF -DCMAKE_PREFIX_PATH= -DAMENT_CMAKE_SYMLINK_INSTALL=1 -DCMAKE_INSTALL_PREFIX=/home/wellyowo/locobot_sim/locobot_ws/install/interbotix_tf_tools
[6.548s] Invoking command in '/home/wellyowo/locobot_sim/locobot_ws/build/interbotix_tf_tools': CMAKE_PREFIX_PATH=/opt/ros/humble /usr/bin/cmake --build /home/wellyowo/locobot_sim/locobot_ws/build/interbotix_tf_tools -- -j16 -l16
[8.298s] [ 50%] [32mBuilding CXX object CMakeFiles/tf_rebroadcaster.dir/src/tf_rebroadcaster.cpp.o[0m
[65.315s] [100%] [32m[1mLinking CXX shared library libtf_rebroadcaster.so[0m
[70.725s] [100%] Built target tf_rebroadcaster
[70.748s] Invoked command in '/home/wellyowo/locobot_sim/locobot_ws/build/interbotix_tf_tools' returned '0': CMAKE_PREFIX_PATH=/opt/ros/humble /usr/bin/cmake --build /home/wellyowo/locobot_sim/locobot_ws/build/interbotix_tf_tools -- -j16 -l16
[70.757s] Invoking command in '/home/wellyowo/locobot_sim/locobot_ws/build/interbotix_tf_tools': CMAKE_PREFIX_PATH=/opt/ros/humble /usr/bin/cmake --install /home/wellyowo/locobot_sim/locobot_ws/build/interbotix_tf_tools
[75.274s] -- Install configuration: ""
[75.275s] -- Execute custom install script
[75.275s] -- Symlinking: /home/wellyowo/locobot_sim/locobot_ws/install/interbotix_tf_tools/lib/libtf_rebroadcaster.so
[75.275s] -- Symlinking: /home/wellyowo/locobot_sim/locobot_ws/install/interbotix_tf_tools/lib/interbotix_tf_tools/static_trans_pub.py
[75.275s] -- Symlinking: /home/wellyowo/locobot_sim/locobot_ws/install/interbotix_tf_tools/share/interbotix_tf_tools//config/tf_rebroadcaster.yaml
[75.275s] -- Symlinking: /home/wellyowo/locobot_sim/locobot_ws/install/interbotix_tf_tools/share/interbotix_tf_tools//launch/static_transform_pub.launch.py
[75.275s] -- Symlinking: /home/wellyowo/locobot_sim/locobot_ws/install/interbotix_tf_tools/share/interbotix_tf_tools//launch/tf_rebroadcaster.launch.py
[75.276s] -- Symlinking: /home/wellyowo/locobot_sim/locobot_ws/install/interbotix_tf_tools/share/ament_index/resource_index/package_run_dependencies/interbotix_tf_tools
[75.276s] -- Symlinking: /home/wellyowo/locobot_sim/locobot_ws/install/interbotix_tf_tools/share/ament_index/resource_index/parent_prefix_path/interbotix_tf_tools
[75.276s] -- Symlinking: /home/wellyowo/locobot_sim/locobot_ws/install/interbotix_tf_tools/share/interbotix_tf_tools/environment/ament_prefix_path.sh
[75.276s] -- Symlinking: /home/wellyowo/locobot_sim/locobot_ws/install/interbotix_tf_tools/share/interbotix_tf_tools/environment/ament_prefix_path.dsv
[75.276s] -- Symlinking: /home/wellyowo/locobot_sim/locobot_ws/install/interbotix_tf_tools/share/interbotix_tf_tools/environment/path.sh
[75.276s] -- Symlinking: /home/wellyowo/locobot_sim/locobot_ws/install/interbotix_tf_tools/share/interbotix_tf_tools/environment/path.dsv
[75.276s] -- Symlinking: /home/wellyowo/locobot_sim/locobot_ws/install/interbotix_tf_tools/share/interbotix_tf_tools/local_setup.bash
[75.276s] -- Symlinking: /home/wellyowo/locobot_sim/locobot_ws/install/interbotix_tf_tools/share/interbotix_tf_tools/local_setup.sh
[75.277s] -- Symlinking: /home/wellyowo/locobot_sim/locobot_ws/install/interbotix_tf_tools/share/interbotix_tf_tools/local_setup.zsh
[75.277s] -- Symlinking: /home/wellyowo/locobot_sim/locobot_ws/install/interbotix_tf_tools/share/interbotix_tf_tools/local_setup.dsv
[75.277s] -- Symlinking: /home/wellyowo/locobot_sim/locobot_ws/install/interbotix_tf_tools/share/interbotix_tf_tools/package.dsv
[75.277s] -- Symlinking: /home/wellyowo/locobot_sim/locobot_ws/install/interbotix_tf_tools/share/ament_index/resource_index/packages/interbotix_tf_tools
[75.277s] -- Symlinking: /home/wellyowo/locobot_sim/locobot_ws/install/interbotix_tf_tools/share/ament_index/resource_index/rclcpp_components/interbotix_tf_tools
[75.277s] -- Symlinking: /home/wellyowo/locobot_sim/locobot_ws/install/interbotix_tf_tools/share/interbotix_tf_tools/cmake/interbotix_tf_toolsConfig.cmake
[75.278s] -- Symlinking: /home/wellyowo/locobot_sim/locobot_ws/install/interbotix_tf_tools/share/interbotix_tf_tools/cmake/interbotix_tf_toolsConfig-version.cmake
[75.278s] -- Symlinking: /home/wellyowo/locobot_sim/locobot_ws/install/interbotix_tf_tools/share/interbotix_tf_tools/package.xml
[75.290s] Invoked command in '/home/wellyowo/locobot_sim/locobot_ws/build/interbotix_tf_tools' returned '0': CMAKE_PREFIX_PATH=/opt/ros/humble /usr/bin/cmake --install /home/wellyowo/locobot_sim/locobot_ws/build/interbotix_tf_tools
