-- The C compiler identification is GNU 11.4.0
-- The CXX compiler identification is GNU 11.4.0
-- Detecting C compiler ABI info
-- Detecting C compiler ABI info - done
-- Check for working C compiler: /usr/bin/cc - skipped
-- Detecting C compile features
-- Detecting C compile features - done
-- Detecting CXX compiler ABI info
-- Detecting CXX compiler ABI info - done
-- Check for working CXX compiler: /usr/bin/c++ - skipped
-- Detecting CXX compile features
-- Detecting CXX compile features - done
-- Found ament_cmake_ros: 0.10.0 (/opt/ros/humble/share/ament_cmake_ros/cmake)
-- Found Python3: /usr/bin/python3 (found version "3.10.12") found components: Interpreter 
-- Override CMake install command with custom implementation using symlinks instead of copying resources
-- Found ecl_build: 1.0.3 (/opt/ros/humble/share/ecl_build/cmake)
-- Found ecl_config: 1.2.0 (/home/wellyowo/locobot_sim/locobot_ws/install/ecl_config/share/ecl_config/cmake)
-- Found ecl_containers: 1.2.1 (/home/wellyowo/locobot_sim/locobot_ws/install/ecl_containers/share/ecl_containers/cmake)
-- Found ecl_linear_algebra: 1.2.1 (/home/wellyowo/locobot_sim/locobot_ws/install/ecl_linear_algebra/share/ecl_linear_algebra/cmake)
-- Configuring done
-- Generating done
-- Build files have been written to: /home/wellyowo/locobot_sim/locobot_ws/build/ecl_geometry
[  7%] [32mBuilding CXX object src/lib/CMakeFiles/ecl_geometry.dir/angle.cpp.o[0m
[ 14%] [32mBuilding CXX object src/lib/CMakeFiles/ecl_geometry.dir/tension_spline_blueprints.cpp.o[0m
[ 21%] [32mBuilding CXX object src/lib/CMakeFiles/ecl_geometry.dir/tension_spline.cpp.o[0m
[ 28%] [32mBuilding CXX object src/lib/CMakeFiles/ecl_geometry.dir/tension_function.cpp.o[0m
[ 35%] [32mBuilding CXX object src/lib/CMakeFiles/ecl_geometry.dir/smooth_linear_spline.cpp.o[0m
[ 42%] [32mBuilding CXX object src/lib/CMakeFiles/ecl_geometry.dir/pose2d.cpp.o[0m
[ 50%] [32mBuilding CXX object src/lib/CMakeFiles/ecl_geometry.dir/polynomial_blueprints.cpp.o[0m
[ 57%] [32mBuilding CXX object src/lib/CMakeFiles/ecl_geometry.dir/polynomial.cpp.o[0m
[ 64%] [32mBuilding CXX object src/lib/CMakeFiles/ecl_geometry.dir/pascals_triangle.cpp.o[0m
[ 71%] [32mBuilding CXX object src/lib/CMakeFiles/ecl_geometry.dir/odometry_helper.cpp.o[0m
[ 78%] [32mBuilding CXX object src/lib/CMakeFiles/ecl_geometry.dir/linear_segment.cpp.o[0m
[ 85%] [32mBuilding CXX object src/lib/CMakeFiles/ecl_geometry.dir/cubic_spline_blueprints.cpp.o[0m
[ 92%] [32mBuilding CXX object src/lib/CMakeFiles/ecl_geometry.dir/cubic_spline.cpp.o[0m
[100%] [32m[1mLinking CXX shared library libecl_geometry.so[0m
[100%] Built target ecl_geometry
-- Install configuration: ""
-- Execute custom install script
-- Symlinking: /home/wellyowo/locobot_sim/locobot_ws/install/ecl_geometry/include/ecl/geometry/angle.hpp
-- Symlinking: /home/wellyowo/locobot_sim/locobot_ws/install/ecl_geometry/include/ecl/geometry/cartesian_point.hpp
-- Symlinking: /home/wellyowo/locobot_sim/locobot_ws/install/ecl_geometry/include/ecl/geometry/cubic_spline.hpp
-- Symlinking: /home/wellyowo/locobot_sim/locobot_ws/install/ecl_geometry/include/ecl/geometry/function_math.hpp
-- Symlinking: /home/wellyowo/locobot_sim/locobot_ws/install/ecl_geometry/include/ecl/geometry/homogeneous_point.hpp
-- Symlinking: /home/wellyowo/locobot_sim/locobot_ws/install/ecl_geometry/include/ecl/geometry/legacy_pose2d.hpp
-- Symlinking: /home/wellyowo/locobot_sim/locobot_ws/install/ecl_geometry/include/ecl/geometry/legacy_pose3d.hpp
-- Symlinking: /home/wellyowo/locobot_sim/locobot_ws/install/ecl_geometry/include/ecl/geometry/linear_segment.hpp
-- Symlinking: /home/wellyowo/locobot_sim/locobot_ws/install/ecl_geometry/include/ecl/geometry/macros.hpp
-- Symlinking: /home/wellyowo/locobot_sim/locobot_ws/install/ecl_geometry/include/ecl/geometry/odometry.hpp
-- Symlinking: /home/wellyowo/locobot_sim/locobot_ws/install/ecl_geometry/include/ecl/geometry/odometry_helper.hpp
-- Symlinking: /home/wellyowo/locobot_sim/locobot_ws/install/ecl_geometry/include/ecl/geometry/odometry_typedefs.hpp
-- Symlinking: /home/wellyowo/locobot_sim/locobot_ws/install/ecl_geometry/include/ecl/geometry/pascals_triangle.hpp
-- Symlinking: /home/wellyowo/locobot_sim/locobot_ws/install/ecl_geometry/include/ecl/geometry/polynomial.hpp
-- Symlinking: /home/wellyowo/locobot_sim/locobot_ws/install/ecl_geometry/include/ecl/geometry/pose2d.hpp
-- Symlinking: /home/wellyowo/locobot_sim/locobot_ws/install/ecl_geometry/include/ecl/geometry/smooth_linear_spline.hpp
-- Symlinking: /home/wellyowo/locobot_sim/locobot_ws/install/ecl_geometry/include/ecl/geometry/spline_function.hpp
-- Symlinking: /home/wellyowo/locobot_sim/locobot_ws/install/ecl_geometry/include/ecl/geometry/tension_function.hpp
-- Symlinking: /home/wellyowo/locobot_sim/locobot_ws/install/ecl_geometry/include/ecl/geometry/tension_spline.hpp
-- Symlinking: /home/wellyowo/locobot_sim/locobot_ws/install/ecl_geometry/include/ecl/geometry.hpp
-- Symlinking: /home/wellyowo/locobot_sim/locobot_ws/install/ecl_geometry/share/ecl_geometry/environment/library_path.sh
-- Symlinking: /home/wellyowo/locobot_sim/locobot_ws/install/ecl_geometry/share/ecl_geometry/environment/library_path.dsv
-- Symlinking: /home/wellyowo/locobot_sim/locobot_ws/install/ecl_geometry/share/ament_index/resource_index/package_run_dependencies/ecl_geometry
-- Symlinking: /home/wellyowo/locobot_sim/locobot_ws/install/ecl_geometry/share/ament_index/resource_index/parent_prefix_path/ecl_geometry
-- Symlinking: /home/wellyowo/locobot_sim/locobot_ws/install/ecl_geometry/share/ecl_geometry/environment/ament_prefix_path.sh
-- Symlinking: /home/wellyowo/locobot_sim/locobot_ws/install/ecl_geometry/share/ecl_geometry/environment/ament_prefix_path.dsv
-- Symlinking: /home/wellyowo/locobot_sim/locobot_ws/install/ecl_geometry/share/ecl_geometry/environment/path.sh
-- Symlinking: /home/wellyowo/locobot_sim/locobot_ws/install/ecl_geometry/share/ecl_geometry/environment/path.dsv
-- Symlinking: /home/wellyowo/locobot_sim/locobot_ws/install/ecl_geometry/share/ecl_geometry/local_setup.bash
-- Symlinking: /home/wellyowo/locobot_sim/locobot_ws/install/ecl_geometry/share/ecl_geometry/local_setup.sh
-- Symlinking: /home/wellyowo/locobot_sim/locobot_ws/install/ecl_geometry/share/ecl_geometry/local_setup.zsh
-- Symlinking: /home/wellyowo/locobot_sim/locobot_ws/install/ecl_geometry/share/ecl_geometry/local_setup.dsv
-- Symlinking: /home/wellyowo/locobot_sim/locobot_ws/install/ecl_geometry/share/ecl_geometry/package.dsv
-- Symlinking: /home/wellyowo/locobot_sim/locobot_ws/install/ecl_geometry/share/ament_index/resource_index/packages/ecl_geometry
-- Symlinking: /home/wellyowo/locobot_sim/locobot_ws/install/ecl_geometry/share/ecl_geometry/cmake/ament_cmake_export_targets-extras.cmake
-- Symlinking: /home/wellyowo/locobot_sim/locobot_ws/install/ecl_geometry/share/ecl_geometry/cmake/ament_cmake_export_include_directories-extras.cmake
-- Symlinking: /home/wellyowo/locobot_sim/locobot_ws/install/ecl_geometry/share/ecl_geometry/cmake/ament_cmake_export_libraries-extras.cmake
-- Symlinking: /home/wellyowo/locobot_sim/locobot_ws/install/ecl_geometry/share/ecl_geometry/cmake/ament_cmake_export_dependencies-extras.cmake
-- Symlinking: /home/wellyowo/locobot_sim/locobot_ws/install/ecl_geometry/share/ecl_geometry/cmake/ecl_geometryConfig.cmake
-- Symlinking: /home/wellyowo/locobot_sim/locobot_ws/install/ecl_geometry/share/ecl_geometry/cmake/ecl_geometryConfig-version.cmake
-- Symlinking: /home/wellyowo/locobot_sim/locobot_ws/install/ecl_geometry/share/ecl_geometry/package.xml
-- Installing: /home/wellyowo/locobot_sim/locobot_ws/install/ecl_geometry/share/ecl_geometry/cmake/ecl_geometryExport.cmake
-- Installing: /home/wellyowo/locobot_sim/locobot_ws/install/ecl_geometry/share/ecl_geometry/cmake/ecl_geometryExport-noconfig.cmake
-- Installing: /home/wellyowo/locobot_sim/locobot_ws/install/ecl_geometry/lib/libecl_geometry.so.1.2.1
-- Set runtime path of "/home/wellyowo/locobot_sim/locobot_ws/install/ecl_geometry/lib/libecl_geometry.so.1.2.1" to ""
-- Installing: /home/wellyowo/locobot_sim/locobot_ws/install/ecl_geometry/lib/libecl_geometry.so
