-- The C compiler identification is GNU 11.4.0
-- The CXX compiler identification is GNU 11.4.0
-- Detecting C compiler ABI info
-- Detecting C compiler ABI info - done
-- Check for working C compiler: /usr/bin/cc - skipped
-- Detecting C compile features
-- Detecting C compile features - done
-- Detecting CXX compiler ABI info
-- Detecting CXX compiler ABI info - done
-- Check for working CXX compiler: /usr/bin/c++ - skipped
-- Detecting CXX compile features
-- Detecting CXX compile features - done
-- Found ament_cmake_ros: 0.10.0 (/opt/ros/humble/share/ament_cmake_ros/cmake)
-- Found Python3: /usr/bin/python3 (found version "3.10.12") found components: Interpreter 
-- Override CMake install command with custom implementation using symlinks instead of copying resources
-- Found ecl_build: 1.0.3 (/opt/ros/humble/share/ecl_build/cmake)
-- Found ecl_config: 1.2.0 (/home/wellyowo/locobot_sim/locobot_ws/install/ecl_config/share/ecl_config/cmake)
-- Found ecl_errors: 1.2.0 (/home/wellyowo/locobot_sim/locobot_ws/install/ecl_errors/share/ecl_errors/cmake)
-- Found ecl_exceptions: 1.2.1 (/home/wellyowo/locobot_sim/locobot_ws/install/ecl_exceptions/share/ecl_exceptions/cmake)
-- Found ecl_time_lite: 1.2.0 (/home/wellyowo/locobot_sim/locobot_ws/install/ecl_time_lite/share/ecl_time_lite/cmake)
-- Configuring done
-- Generating done
-- Build files have been written to: /home/wellyowo/locobot_sim/locobot_ws/build/ecl_time
[  6%] [32mBuilding CXX object src/lib/CMakeFiles/ecl_time.dir/cpuwatch_rt.cpp.o[0m
[ 12%] [32mBuilding CXX object src/lib/CMakeFiles/ecl_time.dir/time_data.cpp.o[0m
[ 18%] [32mBuilding CXX object src/lib/CMakeFiles/ecl_time.dir/timestamp_win.cpp.o[0m
[ 25%] [32mBuilding CXX object src/lib/CMakeFiles/ecl_time.dir/timestamp_pos.cpp.o[0m
[ 31%] [32mBuilding CXX object src/lib/CMakeFiles/ecl_time.dir/timestamp_base.cpp.o[0m
[ 37%] [32mBuilding CXX object src/lib/CMakeFiles/ecl_time.dir/stopwatch.cpp.o[0m
[ 43%] [32mBuilding CXX object src/lib/CMakeFiles/ecl_time.dir/snooze_win.cpp.o[0m
[ 50%] [32mBuilding CXX object src/lib/CMakeFiles/ecl_time.dir/snooze_pos.cpp.o[0m
[ 56%] [32mBuilding CXX object src/lib/CMakeFiles/ecl_time.dir/sleep_pos.cpp.o[0m
[ 62%] [32mBuilding CXX object src/lib/CMakeFiles/ecl_time.dir/sleep_win.cpp.o[0m
[ 68%] [32mBuilding CXX object src/lib/CMakeFiles/ecl_time.dir/frequency.cpp.o[0m
[ 75%] [32m[1mLinking CXX shared library libecl_time.so[0m
[ 75%] Built target ecl_time
[ 81%] [32mBuilding CXX object src/examples/CMakeFiles/ecl_time_example_random_number_generator.dir/random_number_generator.cpp.o[0m
[ 87%] [32m[1mLinking CXX executable demo_random_number_generator[0m
[ 87%] Built target ecl_time_example_random_number_generator
[ 93%] [32mBuilding CXX object src/examples/CMakeFiles/ecl_time_example_sleep.dir/sleep.cpp.o[0m
[100%] [32m[1mLinking CXX executable demo_sleep[0m
[100%] Built target ecl_time_example_sleep
-- Install configuration: ""
-- Execute custom install script
-- Symlinking: /home/wellyowo/locobot_sim/locobot_ws/install/ecl_time/include/ecl/time/cpuwatch.hpp
-- Symlinking: /home/wellyowo/locobot_sim/locobot_ws/install/ecl_time/include/ecl/time/cpuwatch_rt.hpp
-- Symlinking: /home/wellyowo/locobot_sim/locobot_ws/install/ecl_time/include/ecl/time/duration.hpp
-- Symlinking: /home/wellyowo/locobot_sim/locobot_ws/install/ecl_time/include/ecl/time/frequency.hpp
-- Symlinking: /home/wellyowo/locobot_sim/locobot_ws/install/ecl_time/include/ecl/time/macros.hpp
-- Symlinking: /home/wellyowo/locobot_sim/locobot_ws/install/ecl_time/include/ecl/time/random_number_generator.hpp
-- Symlinking: /home/wellyowo/locobot_sim/locobot_ws/install/ecl_time/include/ecl/time/sleep.hpp
-- Symlinking: /home/wellyowo/locobot_sim/locobot_ws/install/ecl_time/include/ecl/time/sleep_pos.hpp
-- Symlinking: /home/wellyowo/locobot_sim/locobot_ws/install/ecl_time/include/ecl/time/sleep_win.hpp
-- Symlinking: /home/wellyowo/locobot_sim/locobot_ws/install/ecl_time/include/ecl/time/snooze.hpp
-- Symlinking: /home/wellyowo/locobot_sim/locobot_ws/install/ecl_time/include/ecl/time/snooze_pos.hpp
-- Symlinking: /home/wellyowo/locobot_sim/locobot_ws/install/ecl_time/include/ecl/time/snooze_win.hpp
-- Symlinking: /home/wellyowo/locobot_sim/locobot_ws/install/ecl_time/include/ecl/time/stopwatch.hpp
-- Symlinking: /home/wellyowo/locobot_sim/locobot_ws/install/ecl_time/include/ecl/time/time_data.hpp
-- Symlinking: /home/wellyowo/locobot_sim/locobot_ws/install/ecl_time/include/ecl/time/timestamp.hpp
-- Symlinking: /home/wellyowo/locobot_sim/locobot_ws/install/ecl_time/include/ecl/time/timestamp_base.hpp
-- Symlinking: /home/wellyowo/locobot_sim/locobot_ws/install/ecl_time/include/ecl/time/timestamp_pos.hpp
-- Symlinking: /home/wellyowo/locobot_sim/locobot_ws/install/ecl_time/include/ecl/time/timestamp_win.hpp
-- Symlinking: /home/wellyowo/locobot_sim/locobot_ws/install/ecl_time/include/ecl/time.hpp
-- Symlinking: /home/wellyowo/locobot_sim/locobot_ws/install/ecl_time/lib/ecl_time/demo_random_number_generator
-- Symlinking: /home/wellyowo/locobot_sim/locobot_ws/install/ecl_time/lib/ecl_time/demo_sleep
-- Symlinking: /home/wellyowo/locobot_sim/locobot_ws/install/ecl_time/share/ecl_time/environment/library_path.sh
-- Symlinking: /home/wellyowo/locobot_sim/locobot_ws/install/ecl_time/share/ecl_time/environment/library_path.dsv
-- Symlinking: /home/wellyowo/locobot_sim/locobot_ws/install/ecl_time/share/ament_index/resource_index/package_run_dependencies/ecl_time
-- Symlinking: /home/wellyowo/locobot_sim/locobot_ws/install/ecl_time/share/ament_index/resource_index/parent_prefix_path/ecl_time
-- Symlinking: /home/wellyowo/locobot_sim/locobot_ws/install/ecl_time/share/ecl_time/environment/ament_prefix_path.sh
-- Symlinking: /home/wellyowo/locobot_sim/locobot_ws/install/ecl_time/share/ecl_time/environment/ament_prefix_path.dsv
-- Symlinking: /home/wellyowo/locobot_sim/locobot_ws/install/ecl_time/share/ecl_time/environment/path.sh
-- Symlinking: /home/wellyowo/locobot_sim/locobot_ws/install/ecl_time/share/ecl_time/environment/path.dsv
-- Symlinking: /home/wellyowo/locobot_sim/locobot_ws/install/ecl_time/share/ecl_time/local_setup.bash
-- Symlinking: /home/wellyowo/locobot_sim/locobot_ws/install/ecl_time/share/ecl_time/local_setup.sh
-- Symlinking: /home/wellyowo/locobot_sim/locobot_ws/install/ecl_time/share/ecl_time/local_setup.zsh
-- Symlinking: /home/wellyowo/locobot_sim/locobot_ws/install/ecl_time/share/ecl_time/local_setup.dsv
-- Symlinking: /home/wellyowo/locobot_sim/locobot_ws/install/ecl_time/share/ecl_time/package.dsv
-- Symlinking: /home/wellyowo/locobot_sim/locobot_ws/install/ecl_time/share/ament_index/resource_index/packages/ecl_time
-- Symlinking: /home/wellyowo/locobot_sim/locobot_ws/install/ecl_time/share/ecl_time/cmake/ament_cmake_export_targets-extras.cmake
-- Symlinking: /home/wellyowo/locobot_sim/locobot_ws/install/ecl_time/share/ecl_time/cmake/ament_cmake_export_include_directories-extras.cmake
-- Symlinking: /home/wellyowo/locobot_sim/locobot_ws/install/ecl_time/share/ecl_time/cmake/ament_cmake_export_libraries-extras.cmake
-- Symlinking: /home/wellyowo/locobot_sim/locobot_ws/install/ecl_time/share/ecl_time/cmake/ament_cmake_export_dependencies-extras.cmake
-- Symlinking: /home/wellyowo/locobot_sim/locobot_ws/install/ecl_time/share/ecl_time/cmake/ecl_timeConfig.cmake
-- Symlinking: /home/wellyowo/locobot_sim/locobot_ws/install/ecl_time/share/ecl_time/cmake/ecl_timeConfig-version.cmake
-- Symlinking: /home/wellyowo/locobot_sim/locobot_ws/install/ecl_time/share/ecl_time/package.xml
-- Installing: /home/wellyowo/locobot_sim/locobot_ws/install/ecl_time/share/ecl_time/cmake/ecl_timeExport.cmake
-- Installing: /home/wellyowo/locobot_sim/locobot_ws/install/ecl_time/share/ecl_time/cmake/ecl_timeExport-noconfig.cmake
-- Installing: /home/wellyowo/locobot_sim/locobot_ws/install/ecl_time/lib/libecl_time.so.1.2.1
-- Set runtime path of "/home/wellyowo/locobot_sim/locobot_ws/install/ecl_time/lib/libecl_time.so.1.2.1" to ""
-- Installing: /home/wellyowo/locobot_sim/locobot_ws/install/ecl_time/lib/libecl_time.so
