[0.120s] Invoking command in '/home/wellyowo/locobot_sim/locobot_ws/build/ecl_time': AMENT_PREFIX_PATH=/home/wellyowo/locobot_sim/locobot_ws/install/ecl_time_lite:/home/wellyowo/locobot_sim/locobot_ws/install/ecl_exceptions:/home/wellyowo/locobot_sim/locobot_ws/install/ecl_errors:/home/wellyowo/locobot_sim/locobot_ws/install/ecl_config:${AMENT_PREFIX_PATH} CMAKE_PREFIX_PATH=/home/wellyowo/locobot_sim/locobot_ws/install/ecl_time_lite:/home/wellyowo/locobot_sim/locobot_ws/install/ecl_exceptions:/home/wellyowo/locobot_sim/locobot_ws/install/ecl_errors:/home/wellyowo/locobot_sim/locobot_ws/install/ecl_config:/opt/ros/humble LD_LIBRARY_PATH=/home/wellyowo/locobot_sim/locobot_ws/install/ecl_time_lite/lib:/home/wellyowo/locobot_sim/locobot_ws/install/ecl_exceptions/lib:/home/wellyowo/locobot_sim/locobot_ws/install/ecl_errors/lib:${LD_LIBRARY_PATH} PATH=/home/wellyowo/locobot_sim/locobot_ws/install/ecl_config/bin:${PATH} /usr/bin/cmake /home/wellyowo/locobot_sim/locobot_ws/src/ThirdParty/ecl/ecl_core/ecl_time -DBUILD_TESTING=OFF -DCMAKE_PREFIX_PATH= -DAMENT_CMAKE_SYMLINK_INSTALL=1 -DCMAKE_INSTALL_PREFIX=/home/wellyowo/locobot_sim/locobot_ws/install/ecl_time
[1.969s] -- The C compiler identification is GNU 11.4.0
[1.971s] -- The CXX compiler identification is GNU 11.4.0
[1.971s] -- Detecting C compiler ABI info
[1.983s] -- Detecting C compiler ABI info - done
[1.985s] -- Check for working C compiler: /usr/bin/cc - skipped
[1.985s] -- Detecting C compile features
[1.985s] -- Detecting C compile features - done
[1.985s] -- Detecting CXX compiler ABI info
[1.985s] -- Detecting CXX compiler ABI info - done
[1.985s] -- Check for working CXX compiler: /usr/bin/c++ - skipped
[1.985s] -- Detecting CXX compile features
[1.985s] -- Detecting CXX compile features - done
[1.985s] -- Found ament_cmake_ros: 0.10.0 (/opt/ros/humble/share/ament_cmake_ros/cmake)
[1.985s] -- Found Python3: /usr/bin/python3 (found version "3.10.12") found components: Interpreter 
[1.985s] -- Override CMake install command with custom implementation using symlinks instead of copying resources
[1.985s] -- Found ecl_build: 1.0.3 (/opt/ros/humble/share/ecl_build/cmake)
[1.985s] -- Found ecl_config: 1.2.0 (/home/wellyowo/locobot_sim/locobot_ws/install/ecl_config/share/ecl_config/cmake)
[1.985s] -- Found ecl_errors: 1.2.0 (/home/wellyowo/locobot_sim/locobot_ws/install/ecl_errors/share/ecl_errors/cmake)
[1.985s] -- Found ecl_exceptions: 1.2.1 (/home/wellyowo/locobot_sim/locobot_ws/install/ecl_exceptions/share/ecl_exceptions/cmake)
[1.986s] -- Found ecl_time_lite: 1.2.0 (/home/wellyowo/locobot_sim/locobot_ws/install/ecl_time_lite/share/ecl_time_lite/cmake)
[2.132s] -- Configuring done
[2.215s] -- Generating done
[2.216s] -- Build files have been written to: /home/wellyowo/locobot_sim/locobot_ws/build/ecl_time
[2.263s] Invoked command in '/home/wellyowo/locobot_sim/locobot_ws/build/ecl_time' returned '0': AMENT_PREFIX_PATH=/home/wellyowo/locobot_sim/locobot_ws/install/ecl_time_lite:/home/wellyowo/locobot_sim/locobot_ws/install/ecl_exceptions:/home/wellyowo/locobot_sim/locobot_ws/install/ecl_errors:/home/wellyowo/locobot_sim/locobot_ws/install/ecl_config:${AMENT_PREFIX_PATH} CMAKE_PREFIX_PATH=/home/wellyowo/locobot_sim/locobot_ws/install/ecl_time_lite:/home/wellyowo/locobot_sim/locobot_ws/install/ecl_exceptions:/home/wellyowo/locobot_sim/locobot_ws/install/ecl_errors:/home/wellyowo/locobot_sim/locobot_ws/install/ecl_config:/opt/ros/humble LD_LIBRARY_PATH=/home/wellyowo/locobot_sim/locobot_ws/install/ecl_time_lite/lib:/home/wellyowo/locobot_sim/locobot_ws/install/ecl_exceptions/lib:/home/wellyowo/locobot_sim/locobot_ws/install/ecl_errors/lib:${LD_LIBRARY_PATH} PATH=/home/wellyowo/locobot_sim/locobot_ws/install/ecl_config/bin:${PATH} /usr/bin/cmake /home/wellyowo/locobot_sim/locobot_ws/src/ThirdParty/ecl/ecl_core/ecl_time -DBUILD_TESTING=OFF -DCMAKE_PREFIX_PATH= -DAMENT_CMAKE_SYMLINK_INSTALL=1 -DCMAKE_INSTALL_PREFIX=/home/wellyowo/locobot_sim/locobot_ws/install/ecl_time
[2.264s] Invoking command in '/home/wellyowo/locobot_sim/locobot_ws/build/ecl_time': AMENT_PREFIX_PATH=/home/wellyowo/locobot_sim/locobot_ws/install/ecl_time_lite:/home/wellyowo/locobot_sim/locobot_ws/install/ecl_exceptions:/home/wellyowo/locobot_sim/locobot_ws/install/ecl_errors:/home/wellyowo/locobot_sim/locobot_ws/install/ecl_config:${AMENT_PREFIX_PATH} CMAKE_PREFIX_PATH=/home/wellyowo/locobot_sim/locobot_ws/install/ecl_time_lite:/home/wellyowo/locobot_sim/locobot_ws/install/ecl_exceptions:/home/wellyowo/locobot_sim/locobot_ws/install/ecl_errors:/home/wellyowo/locobot_sim/locobot_ws/install/ecl_config:/opt/ros/humble LD_LIBRARY_PATH=/home/wellyowo/locobot_sim/locobot_ws/install/ecl_time_lite/lib:/home/wellyowo/locobot_sim/locobot_ws/install/ecl_exceptions/lib:/home/wellyowo/locobot_sim/locobot_ws/install/ecl_errors/lib:${LD_LIBRARY_PATH} PATH=/home/wellyowo/locobot_sim/locobot_ws/install/ecl_config/bin:${PATH} /usr/bin/cmake --build /home/wellyowo/locobot_sim/locobot_ws/build/ecl_time -- -j16 -l16
[2.810s] [  6%] [32mBuilding CXX object src/lib/CMakeFiles/ecl_time.dir/cpuwatch_rt.cpp.o[0m
[2.823s] [ 12%] [32mBuilding CXX object src/lib/CMakeFiles/ecl_time.dir/time_data.cpp.o[0m
[3.595s] [ 18%] [32mBuilding CXX object src/lib/CMakeFiles/ecl_time.dir/timestamp_win.cpp.o[0m
[3.692s] [ 25%] [32mBuilding CXX object src/lib/CMakeFiles/ecl_time.dir/timestamp_pos.cpp.o[0m
[4.548s] [ 31%] [32mBuilding CXX object src/lib/CMakeFiles/ecl_time.dir/timestamp_base.cpp.o[0m
[5.038s] [ 37%] [32mBuilding CXX object src/lib/CMakeFiles/ecl_time.dir/stopwatch.cpp.o[0m
[5.503s] [ 43%] [32mBuilding CXX object src/lib/CMakeFiles/ecl_time.dir/snooze_win.cpp.o[0m
[5.625s] [ 50%] [32mBuilding CXX object src/lib/CMakeFiles/ecl_time.dir/snooze_pos.cpp.o[0m
[6.309s] [ 56%] [32mBuilding CXX object src/lib/CMakeFiles/ecl_time.dir/sleep_pos.cpp.o[0m
[7.639s] [ 62%] [32mBuilding CXX object src/lib/CMakeFiles/ecl_time.dir/sleep_win.cpp.o[0m
[7.780s] [ 68%] [32mBuilding CXX object src/lib/CMakeFiles/ecl_time.dir/frequency.cpp.o[0m
[8.107s] [ 75%] [32m[1mLinking CXX shared library libecl_time.so[0m
[8.927s] [ 75%] Built target ecl_time
[9.006s] [ 81%] [32mBuilding CXX object src/examples/CMakeFiles/ecl_time_example_random_number_generator.dir/random_number_generator.cpp.o[0m
[9.523s] [ 87%] [32m[1mLinking CXX executable demo_random_number_generator[0m
[9.829s] [ 87%] Built target ecl_time_example_random_number_generator
[9.924s] [ 93%] [32mBuilding CXX object src/examples/CMakeFiles/ecl_time_example_sleep.dir/sleep.cpp.o[0m
[10.768s] [100%] [32m[1mLinking CXX executable demo_sleep[0m
[11.434s] [100%] Built target ecl_time_example_sleep
[11.517s] Invoked command in '/home/wellyowo/locobot_sim/locobot_ws/build/ecl_time' returned '0': AMENT_PREFIX_PATH=/home/wellyowo/locobot_sim/locobot_ws/install/ecl_time_lite:/home/wellyowo/locobot_sim/locobot_ws/install/ecl_exceptions:/home/wellyowo/locobot_sim/locobot_ws/install/ecl_errors:/home/wellyowo/locobot_sim/locobot_ws/install/ecl_config:${AMENT_PREFIX_PATH} CMAKE_PREFIX_PATH=/home/wellyowo/locobot_sim/locobot_ws/install/ecl_time_lite:/home/wellyowo/locobot_sim/locobot_ws/install/ecl_exceptions:/home/wellyowo/locobot_sim/locobot_ws/install/ecl_errors:/home/wellyowo/locobot_sim/locobot_ws/install/ecl_config:/opt/ros/humble LD_LIBRARY_PATH=/home/wellyowo/locobot_sim/locobot_ws/install/ecl_time_lite/lib:/home/wellyowo/locobot_sim/locobot_ws/install/ecl_exceptions/lib:/home/wellyowo/locobot_sim/locobot_ws/install/ecl_errors/lib:${LD_LIBRARY_PATH} PATH=/home/wellyowo/locobot_sim/locobot_ws/install/ecl_config/bin:${PATH} /usr/bin/cmake --build /home/wellyowo/locobot_sim/locobot_ws/build/ecl_time -- -j16 -l16
[11.518s] Invoking command in '/home/wellyowo/locobot_sim/locobot_ws/build/ecl_time': AMENT_PREFIX_PATH=/home/wellyowo/locobot_sim/locobot_ws/install/ecl_time_lite:/home/wellyowo/locobot_sim/locobot_ws/install/ecl_exceptions:/home/wellyowo/locobot_sim/locobot_ws/install/ecl_errors:/home/wellyowo/locobot_sim/locobot_ws/install/ecl_config:${AMENT_PREFIX_PATH} CMAKE_PREFIX_PATH=/home/wellyowo/locobot_sim/locobot_ws/install/ecl_time_lite:/home/wellyowo/locobot_sim/locobot_ws/install/ecl_exceptions:/home/wellyowo/locobot_sim/locobot_ws/install/ecl_errors:/home/wellyowo/locobot_sim/locobot_ws/install/ecl_config:/opt/ros/humble LD_LIBRARY_PATH=/home/wellyowo/locobot_sim/locobot_ws/install/ecl_time_lite/lib:/home/wellyowo/locobot_sim/locobot_ws/install/ecl_exceptions/lib:/home/wellyowo/locobot_sim/locobot_ws/install/ecl_errors/lib:${LD_LIBRARY_PATH} PATH=/home/wellyowo/locobot_sim/locobot_ws/install/ecl_config/bin:${PATH} /usr/bin/cmake --install /home/wellyowo/locobot_sim/locobot_ws/build/ecl_time
[11.544s] -- Install configuration: ""
[11.553s] -- Execute custom install script
[11.554s] -- Symlinking: /home/wellyowo/locobot_sim/locobot_ws/install/ecl_time/include/ecl/time/cpuwatch.hpp
[11.602s] -- Symlinking: /home/wellyowo/locobot_sim/locobot_ws/install/ecl_time/include/ecl/time/cpuwatch_rt.hpp
[11.641s] -- Symlinking: /home/wellyowo/locobot_sim/locobot_ws/install/ecl_time/include/ecl/time/duration.hpp
[11.685s] -- Symlinking: /home/wellyowo/locobot_sim/locobot_ws/install/ecl_time/include/ecl/time/frequency.hpp
[11.703s] -- Symlinking: /home/wellyowo/locobot_sim/locobot_ws/install/ecl_time/include/ecl/time/macros.hpp
[11.727s] -- Symlinking: /home/wellyowo/locobot_sim/locobot_ws/install/ecl_time/include/ecl/time/random_number_generator.hpp
[11.767s] -- Symlinking: /home/wellyowo/locobot_sim/locobot_ws/install/ecl_time/include/ecl/time/sleep.hpp
[11.796s] -- Symlinking: /home/wellyowo/locobot_sim/locobot_ws/install/ecl_time/include/ecl/time/sleep_pos.hpp
[11.817s] -- Symlinking: /home/wellyowo/locobot_sim/locobot_ws/install/ecl_time/include/ecl/time/sleep_win.hpp
[11.834s] -- Symlinking: /home/wellyowo/locobot_sim/locobot_ws/install/ecl_time/include/ecl/time/snooze.hpp
[11.855s] -- Symlinking: /home/wellyowo/locobot_sim/locobot_ws/install/ecl_time/include/ecl/time/snooze_pos.hpp
[11.877s] -- Symlinking: /home/wellyowo/locobot_sim/locobot_ws/install/ecl_time/include/ecl/time/snooze_win.hpp
[11.909s] -- Symlinking: /home/wellyowo/locobot_sim/locobot_ws/install/ecl_time/include/ecl/time/stopwatch.hpp
[11.948s] -- Symlinking: /home/wellyowo/locobot_sim/locobot_ws/install/ecl_time/include/ecl/time/time_data.hpp
[11.992s] -- Symlinking: /home/wellyowo/locobot_sim/locobot_ws/install/ecl_time/include/ecl/time/timestamp.hpp
[12.044s] -- Symlinking: /home/wellyowo/locobot_sim/locobot_ws/install/ecl_time/include/ecl/time/timestamp_base.hpp
[12.112s] -- Symlinking: /home/wellyowo/locobot_sim/locobot_ws/install/ecl_time/include/ecl/time/timestamp_pos.hpp
[12.160s] -- Symlinking: /home/wellyowo/locobot_sim/locobot_ws/install/ecl_time/include/ecl/time/timestamp_win.hpp
[12.187s] -- Symlinking: /home/wellyowo/locobot_sim/locobot_ws/install/ecl_time/include/ecl/time.hpp
[12.223s] -- Symlinking: /home/wellyowo/locobot_sim/locobot_ws/install/ecl_time/lib/ecl_time/demo_random_number_generator
[12.252s] -- Symlinking: /home/wellyowo/locobot_sim/locobot_ws/install/ecl_time/lib/ecl_time/demo_sleep
[12.276s] -- Symlinking: /home/wellyowo/locobot_sim/locobot_ws/install/ecl_time/share/ecl_time/environment/library_path.sh
[12.296s] -- Symlinking: /home/wellyowo/locobot_sim/locobot_ws/install/ecl_time/share/ecl_time/environment/library_path.dsv
[12.318s] -- Symlinking: /home/wellyowo/locobot_sim/locobot_ws/install/ecl_time/share/ament_index/resource_index/package_run_dependencies/ecl_time
[12.343s] -- Symlinking: /home/wellyowo/locobot_sim/locobot_ws/install/ecl_time/share/ament_index/resource_index/parent_prefix_path/ecl_time
[12.367s] -- Symlinking: /home/wellyowo/locobot_sim/locobot_ws/install/ecl_time/share/ecl_time/environment/ament_prefix_path.sh
[12.389s] -- Symlinking: /home/wellyowo/locobot_sim/locobot_ws/install/ecl_time/share/ecl_time/environment/ament_prefix_path.dsv
[12.427s] -- Symlinking: /home/wellyowo/locobot_sim/locobot_ws/install/ecl_time/share/ecl_time/environment/path.sh
[12.459s] -- Symlinking: /home/wellyowo/locobot_sim/locobot_ws/install/ecl_time/share/ecl_time/environment/path.dsv
[12.488s] -- Symlinking: /home/wellyowo/locobot_sim/locobot_ws/install/ecl_time/share/ecl_time/local_setup.bash
[12.517s] -- Symlinking: /home/wellyowo/locobot_sim/locobot_ws/install/ecl_time/share/ecl_time/local_setup.sh
[12.565s] -- Symlinking: /home/wellyowo/locobot_sim/locobot_ws/install/ecl_time/share/ecl_time/local_setup.zsh
[12.613s] -- Symlinking: /home/wellyowo/locobot_sim/locobot_ws/install/ecl_time/share/ecl_time/local_setup.dsv
[12.656s] -- Symlinking: /home/wellyowo/locobot_sim/locobot_ws/install/ecl_time/share/ecl_time/package.dsv
[12.711s] -- Symlinking: /home/wellyowo/locobot_sim/locobot_ws/install/ecl_time/share/ament_index/resource_index/packages/ecl_time
[12.753s] -- Symlinking: /home/wellyowo/locobot_sim/locobot_ws/install/ecl_time/share/ecl_time/cmake/ament_cmake_export_targets-extras.cmake
[12.801s] -- Symlinking: /home/wellyowo/locobot_sim/locobot_ws/install/ecl_time/share/ecl_time/cmake/ament_cmake_export_include_directories-extras.cmake
[12.835s] -- Symlinking: /home/wellyowo/locobot_sim/locobot_ws/install/ecl_time/share/ecl_time/cmake/ament_cmake_export_libraries-extras.cmake
[12.884s] -- Symlinking: /home/wellyowo/locobot_sim/locobot_ws/install/ecl_time/share/ecl_time/cmake/ament_cmake_export_dependencies-extras.cmake
[12.919s] -- Symlinking: /home/wellyowo/locobot_sim/locobot_ws/install/ecl_time/share/ecl_time/cmake/ecl_timeConfig.cmake
[12.969s] -- Symlinking: /home/wellyowo/locobot_sim/locobot_ws/install/ecl_time/share/ecl_time/cmake/ecl_timeConfig-version.cmake
[13.010s] -- Symlinking: /home/wellyowo/locobot_sim/locobot_ws/install/ecl_time/share/ecl_time/package.xml
[13.040s] -- Installing: /home/wellyowo/locobot_sim/locobot_ws/install/ecl_time/share/ecl_time/cmake/ecl_timeExport.cmake
[13.041s] -- Installing: /home/wellyowo/locobot_sim/locobot_ws/install/ecl_time/share/ecl_time/cmake/ecl_timeExport-noconfig.cmake
[13.042s] -- Installing: /home/wellyowo/locobot_sim/locobot_ws/install/ecl_time/lib/libecl_time.so.1.2.1
[13.043s] -- Set runtime path of "/home/wellyowo/locobot_sim/locobot_ws/install/ecl_time/lib/libecl_time.so.1.2.1" to ""
[13.043s] -- Installing: /home/wellyowo/locobot_sim/locobot_ws/install/ecl_time/lib/libecl_time.so
[13.082s] Invoked command in '/home/wellyowo/locobot_sim/locobot_ws/build/ecl_time' returned '0': AMENT_PREFIX_PATH=/home/wellyowo/locobot_sim/locobot_ws/install/ecl_time_lite:/home/wellyowo/locobot_sim/locobot_ws/install/ecl_exceptions:/home/wellyowo/locobot_sim/locobot_ws/install/ecl_errors:/home/wellyowo/locobot_sim/locobot_ws/install/ecl_config:${AMENT_PREFIX_PATH} CMAKE_PREFIX_PATH=/home/wellyowo/locobot_sim/locobot_ws/install/ecl_time_lite:/home/wellyowo/locobot_sim/locobot_ws/install/ecl_exceptions:/home/wellyowo/locobot_sim/locobot_ws/install/ecl_errors:/home/wellyowo/locobot_sim/locobot_ws/install/ecl_config:/opt/ros/humble LD_LIBRARY_PATH=/home/wellyowo/locobot_sim/locobot_ws/install/ecl_time_lite/lib:/home/wellyowo/locobot_sim/locobot_ws/install/ecl_exceptions/lib:/home/wellyowo/locobot_sim/locobot_ws/install/ecl_errors/lib:${LD_LIBRARY_PATH} PATH=/home/wellyowo/locobot_sim/locobot_ws/install/ecl_config/bin:${PATH} /usr/bin/cmake --install /home/wellyowo/locobot_sim/locobot_ws/build/ecl_time
