[0.192s] Invoking command in '/home/wellyowo/locobot_sim/locobot_ws/src/build/gazebo_plugins': CMAKE_PREFIX_PATH=/opt/ros/humble /usr/bin/cmake /home/wellyowo/locobot_sim/locobot_ws/src/ThirdParty/gazebo_plugins/gazebo_plugins -DCMAKE_INSTALL_PREFIX=/home/wellyowo/locobot_sim/locobot_ws/src/install/gazebo_plugins
[0.254s] -- The C compiler identification is GNU 11.4.0
[0.322s] -- The CXX compiler identification is GNU 11.4.0
[0.333s] -- Detecting C compiler ABI info
[0.436s] -- Detecting C compiler ABI info - done
[0.456s] -- Check for working C compiler: /usr/bin/cc - skipped
[0.456s] -- Detecting C compile features
[0.456s] -- Detecting C compile features - done
[0.465s] -- Detecting CXX compiler ABI info
[0.738s] -- Detecting CXX compiler ABI info - done
[0.767s] -- Check for working CXX compiler: /usr/bin/c++ - skipped
[0.767s] -- Detecting CXX compile features
[0.767s] -- Detecting CXX compile features - done
[0.798s] -- Found ament_cmake: 1.3.11 (/opt/ros/humble/share/ament_cmake/cmake)
[1.428s] -- Found Python3: /usr/bin/python3 (found version "3.10.12") found components: Interpreter 
[1.737s] -- Found camera_info_manager: 3.1.12 (/opt/ros/humble/share/camera_info_manager/cmake)
[1.990s] -- Found rosidl_generator_c: 3.1.6 (/opt/ros/humble/share/rosidl_generator_c/cmake)
[2.019s] -- Found rosidl_adapter: 3.1.6 (/opt/ros/humble/share/rosidl_adapter/cmake)
[2.054s] -- Found rosidl_generator_cpp: 3.1.6 (/opt/ros/humble/share/rosidl_generator_cpp/cmake)
[2.144s] -- Using all available rosidl_typesupport_c: rosidl_typesupport_fastrtps_c;rosidl_typesupport_introspection_c
[2.261s] -- Using all available rosidl_typesupport_cpp: rosidl_typesupport_fastrtps_cpp;rosidl_typesupport_introspection_cpp
[2.498s] -- Found rmw_implementation_cmake: 6.1.2 (/opt/ros/humble/share/rmw_implementation_cmake/cmake)
[2.525s] -- Found rmw_fastrtps_cpp: 6.2.7 (/opt/ros/humble/share/rmw_fastrtps_cpp/cmake)
[2.824s] -- Found OpenSSL: /usr/lib/x86_64-linux-gnu/libcrypto.so (found version "3.0.2")  
[2.920s] -- Found FastRTPS: /opt/ros/humble/include  
[3.100s] -- Using RMW implementation 'rmw_fastrtps_cpp' as default
[3.134s] -- Looking for pthread.h
[3.393s] -- Looking for pthread.h - found
[3.395s] -- Performing Test CMAKE_HAVE_LIBC_PTHREAD
[3.635s] -- Performing Test CMAKE_HAVE_LIBC_PTHREAD - Success
[3.635s] -- Found Threads: TRUE  
[3.964s] -- Found gazebo_dev: 3.9.0 (/opt/ros/humble/share/gazebo_dev/cmake)
[3.988s] -- Found PkgConfig: /usr/bin/pkg-config (found version "0.29.2") 
[3.996s] -- Checking for module 'bullet>=2.82'
[4.038s] --   Found bullet, version 3.05
[4.456s] -- Found fcl: /usr/include (found suitable version "0.7.0", minimum required is "0.5.0") 
[4.674s] -- Found assimp: /usr/include (found version "5.2.0") 
[4.738s] -- Found DART: /usr/include (Required is at least version "6.6") found components: dart 
[4.933s] -- Found Boost: /usr/lib/x86_64-linux-gnu/cmake/Boost-1.74.0/BoostConfig.cmake (found suitable version "1.74.0", minimum required is "1.40.0") found components: thread system filesystem program_options regex iostreams date_time 
[4.961s] -- Found Protobuf: /usr/lib/x86_64-linux-gnu/libprotobuf.so (found version "3.12.4") 
[5.006s] -- Looking for ignition-math6 -- found version 6.15.1
[5.045s] -- Searching for dependencies of ignition-math6
[5.071s] -- Looking for OGRE...
[5.071s] -- OGRE_PREFIX_WATCH changed.
[5.081s] -- Checking for module 'OGRE'
[5.130s] --   Found OGRE, version 1.9.0
[5.284s] -- Found Ogre Ghadamon (1.9.0)
[5.348s] -- Found OGRE: optimized;/usr/lib/x86_64-linux-gnu/libOgreMain.so;debug;/usr/lib/x86_64-linux-gnu/libOgreMain.so
[5.373s] -- Looking for OGRE_Paging...
[5.430s] -- Found OGRE_Paging: optimized;/usr/lib/x86_64-linux-gnu/libOgrePaging.so;debug;/usr/lib/x86_64-linux-gnu/libOgrePaging.so
[5.432s] -- Looking for OGRE_Terrain...
[5.462s] -- Found OGRE_Terrain: optimized;/usr/lib/x86_64-linux-gnu/libOgreTerrain.so;debug;/usr/lib/x86_64-linux-gnu/libOgreTerrain.so
[5.462s] -- Looking for OGRE_Property...
[5.500s] -- Found OGRE_Property: optimized;/usr/lib/x86_64-linux-gnu/libOgreProperty.so;debug;/usr/lib/x86_64-linux-gnu/libOgreProperty.so
[5.500s] -- Looking for OGRE_RTShaderSystem...
[5.566s] -- Found OGRE_RTShaderSystem: optimized;/usr/lib/x86_64-linux-gnu/libOgreRTShaderSystem.so;debug;/usr/lib/x86_64-linux-gnu/libOgreRTShaderSystem.so
[5.569s] -- Looking for OGRE_Volume...
[5.644s] -- Found OGRE_Volume: optimized;/usr/lib/x86_64-linux-gnu/libOgreVolume.so;debug;/usr/lib/x86_64-linux-gnu/libOgreVolume.so
[5.644s] -- Looking for OGRE_Overlay...
[5.693s] -- Found OGRE_Overlay: optimized;/usr/lib/x86_64-linux-gnu/libOgreOverlay.so;debug;/usr/lib/x86_64-linux-gnu/libOgreOverlay.so
[6.136s] -- Looking for ignition-math6 -- found version 6.15.1
[6.156s] -- Looking for ignition-transport8 -- found version 8.2.1
[6.157s] -- Searching for dependencies of ignition-transport8
[6.212s] -- Found Protobuf: /usr/lib/x86_64-linux-gnu/libprotobuf.so (found suitable version "3.12.4", minimum required is "3") 
[6.289s] -- Config-file not installed for ZeroMQ -- checking for pkg-config
[6.310s] -- Checking for module 'libzmq >= 4'
[6.379s] --   Found libzmq , version 4.3.4
[6.530s] -- Found ZeroMQ: TRUE (Required is at least version "4") 
[6.560s] -- Checking for module 'uuid'
[6.620s] --   Found uuid, version 2.37.2
[6.779s] -- Found UUID: TRUE  
[6.789s] -- Looking for ignition-msgs5 -- found version 5.8.1
[6.789s] -- Searching for dependencies of ignition-msgs5
[6.933s] -- Looking for ignition-math6 -- found version 6.15.1
[6.984s] -- Checking for module 'tinyxml2'
[7.038s] --   Found tinyxml2, version 9.0.0
[7.237s] -- Looking for ignition-msgs5 -- found version 5.8.1
[7.278s] -- Looking for ignition-common3 -- found version 3.14.0
[7.287s] -- Searching for dependencies of ignition-common3
[7.287s] -- Looking for dlfcn.h - found
[7.305s] -- Looking for libdl - found
[7.318s] -- Found DL: TRUE  
[7.420s] -- Found tinyobjloader: /usr/lib/x86_64-linux-gnu/cmake/tinyobjloader/tinyobjloader-config.cmake (found version "2.0.0") 
[7.431s] -- Searching for <ignition-common3> component [graphics]
[7.442s] -- Looking for ignition-common3-graphics -- found version 3.14.0
[7.459s] -- Searching for dependencies of ignition-common3-graphics
[7.470s] -- Looking for ignition-math6 -- found version 6.15.1
[7.489s] -- Looking for ignition-fuel_tools4 -- found version 4.4.0
[7.505s] -- Searching for dependencies of ignition-fuel_tools4
[7.912s] -- Found CURL: /usr/lib/x86_64-linux-gnu/libcurl.so (found version "7.81.0")  
[7.981s] -- Checking for module 'jsoncpp'
[8.048s] --   Found jsoncpp, version 1.9.5
[8.236s] -- Found JSONCPP: TRUE  
[8.253s] -- Checking for module 'libzip'
[8.281s] --   Found libzip, version 1.7.3
[8.439s] -- Found ZIP: TRUE  
[8.439s] -- Looking for ignition-common3 -- found version 3.14.0
[8.455s] -- Looking for ignition-math6 -- found version 6.15.1
[8.455s] -- Looking for ignition-msgs5 -- found version 5.8.1
[8.523s] -- Gazebo version: 11.10
[8.524s] -- Checking for module 'tbb'
[8.599s] --   Found tbb, version 2021.5.0
[8.774s] -- Found gazebo_msgs: 3.9.0 (/opt/ros/humble/share/gazebo_msgs/cmake)
[9.026s] -- Found gazebo_ros: 3.9.0 (/opt/ros/humble/share/gazebo_ros/cmake)
[9.066s] -- Found image_transport: 3.1.12 (/opt/ros/humble/share/image_transport/cmake)
[9.410s] -- Found cv_bridge: 3.2.1 (/opt/ros/humble/share/cv_bridge/cmake)
[9.557s] -- Found nav_msgs: 4.9.0 (/opt/ros/humble/share/nav_msgs/cmake)
[9.683s] -- Found std_srvs: 4.9.0 (/opt/ros/humble/share/std_srvs/cmake)
[9.731s] -- Found tf2: 0.25.13 (/opt/ros/humble/share/tf2/cmake)
[9.756s] -- Found tf2_geometry_msgs: 0.25.13 (/opt/ros/humble/share/tf2_geometry_msgs/cmake)
[9.808s] -- Found eigen3_cmake_module: 0.1.1 (/opt/ros/humble/share/eigen3_cmake_module/cmake)
[9.814s] -- Found Eigen3: TRUE (found version "3.4.0") 
[9.816s] -- Ensuring Eigen3 include directory is part of orocos-kdl CMake target
[10.306s] -- Found ament_cmake_gtest: 1.3.11 (/opt/ros/humble/share/ament_cmake_gtest/cmake)
[10.378s] -- Found gtest sources under '/opt/ros/humble/src/gtest_vendor': C++ tests using 'Google Test' will be built
[10.872s] -- Found ament_lint_auto: 0.12.12 (/opt/ros/humble/share/ament_lint_auto/cmake)
[11.173s] -- Added test 'copyright' to check source files copyright and LICENSE
[11.189s] -- Added test 'cppcheck' to perform static code analysis on C / C++ code
[11.197s] -- Configured cppcheck include dirs: /home/wellyowo/locobot_sim/locobot_ws/src/ThirdParty/gazebo_plugins/gazebo_plugins/include
[11.198s] -- Configured cppcheck exclude dirs and/or files: 
[11.202s] -- Added test 'flake8' to check Python code syntax and style conventions
[11.208s] -- Added test 'lint_cmake' to check CMake code style
[11.211s] -- Added test 'pep257' to check Python code against some of the docstring style conventions in PEP 257
[11.230s] -- Added test 'uncrustify' to check C / C++ code style
[11.230s] -- Configured uncrustify additional arguments: 
[11.233s] -- Added test 'xmllint' to check XML markup files
[11.243s] -- Configuring done
[12.616s] -- Generating done
[12.932s] -- Build files have been written to: /home/wellyowo/locobot_sim/locobot_ws/src/build/gazebo_plugins
[13.100s] Invoked command in '/home/wellyowo/locobot_sim/locobot_ws/src/build/gazebo_plugins' returned '0': CMAKE_PREFIX_PATH=/opt/ros/humble /usr/bin/cmake /home/wellyowo/locobot_sim/locobot_ws/src/ThirdParty/gazebo_plugins/gazebo_plugins -DCMAKE_INSTALL_PREFIX=/home/wellyowo/locobot_sim/locobot_ws/src/install/gazebo_plugins
[13.101s] Invoking command in '/home/wellyowo/locobot_sim/locobot_ws/src/build/gazebo_plugins': CMAKE_PREFIX_PATH=/opt/ros/humble /usr/bin/cmake --build /home/wellyowo/locobot_sim/locobot_ws/src/build/gazebo_plugins -- -j16 -l16
[42.206s] [  1%] [32mBuilding CXX object CMakeFiles/gazebo_ros_joint_state_publisher.dir/src/gazebo_ros_joint_state_publisher.cpp.o[0m
[42.206s] [  2%] [32mBuilding CXX object CMakeFiles/multi_camera_plugin.dir/src/multi_camera_plugin.cpp.o[0m
[42.206s] [  3%] [32mBuilding CXX object CMakeFiles/gazebo_ros_force.dir/src/gazebo_ros_force.cpp.o[0m
[42.206s] [  4%] [32mBuilding CXX object CMakeFiles/gazebo_ros_template.dir/src/gazebo_ros_template.cpp.o[0m
[42.206s] [  5%] [32mBuilding CXX object CMakeFiles/gazebo_ros_imu_sensor.dir/src/gazebo_ros_imu_sensor.cpp.o[0m
[42.206s] [  6%] [32mBuilding CXX object CMakeFiles/gazebo_ros_diff_drive.dir/src/gazebo_ros_diff_drive.cpp.o[0m
[42.207s] [  8%] [32mBuilding CXX object CMakeFiles/gazebo_ros_gps_sensor.dir/src/gazebo_ros_gps_sensor.cpp.o[0m
[42.207s] [  9%] [32mBuilding CXX object CMakeFiles/gazebo_ros_p3d.dir/src/gazebo_ros_p3d.cpp.o[0m
[42.207s] [ 10%] [32mBuilding CXX object CMakeFiles/gazebo_ros_ray_sensor.dir/src/gazebo_ros_ray_sensor.cpp.o[0m
[42.207s] [ 11%] [32mBuilding CXX object CMakeFiles/gazebo_ros_tricycle_drive.dir/src/gazebo_ros_tricycle_drive.cpp.o[0m
[42.207s] [ 12%] [32mBuilding CXX object CMakeFiles/gazebo_ros_ft_sensor.dir/src/gazebo_ros_ft_sensor.cpp.o[0m
[42.207s] [ 13%] [32mBuilding CXX object CMakeFiles/gazebo_ros_video.dir/src/gazebo_ros_video.cpp.o[0m
[42.207s] [ 15%] [32mBuilding CXX object CMakeFiles/gazebo_ros_hand_of_god.dir/src/gazebo_ros_hand_of_god.cpp.o[0m
[42.207s] [ 16%] [32mBuilding CXX object CMakeFiles/gazebo_ros_harness.dir/src/gazebo_ros_harness.cpp.o[0m
[42.207s] [ 17%] [32mBuilding CXX object CMakeFiles/gazebo_ros_bumper.dir/src/gazebo_ros_bumper.cpp.o[0m
[42.207s] [ 18%] [32mBuilding CXX object CMakeFiles/gazebo_ros_ackermann_drive.dir/src/gazebo_ros_ackermann_drive.cpp.o[0m
[80.687s] [ 19%] [32m[1mLinking CXX shared library libgazebo_ros_gps_sensor.so[0m
[81.806s] [ 19%] Built target gazebo_ros_gps_sensor
[85.806s] [ 20%] [32m[1mLinking CXX shared library libgazebo_ros_template.so[0m
[87.594s] [ 20%] Built target gazebo_ros_template
[90.239s] [ 22%] [32m[1mLinking CXX shared library libgazebo_ros_p3d.so[0m
[92.233s] [ 22%] Built target gazebo_ros_p3d
[92.677s] [ 23%] [32m[1mLinking CXX shared library libgazebo_ros_ray_sensor.so[0m
[92.758s] [ 24%] [32m[1mLinking CXX shared library libgazebo_ros_joint_state_publisher.so[0m
[95.301s] [ 24%] Built target gazebo_ros_joint_state_publisher
[95.317s] [ 24%] Built target gazebo_ros_ray_sensor
[95.842s] [ 25%] [32m[1mLinking CXX shared library libgazebo_ros_ft_sensor.so[0m
[95.855s] [ 26%] [32m[1mLinking CXX shared library libgazebo_ros_imu_sensor.so[0m
[97.146s] [ 27%] [32m[1mLinking CXX shared library libgazebo_ros_hand_of_god.so[0m
[97.799s] [ 29%] [32m[1mLinking CXX shared library libgazebo_ros_bumper.so[0m
[97.998s] [ 29%] Built target gazebo_ros_imu_sensor
[98.005s] [ 29%] Built target gazebo_ros_ft_sensor
[99.101s] [ 30%] [32m[1mLinking CXX shared library libgazebo_ros_force.so[0m
[99.657s] [ 30%] Built target gazebo_ros_hand_of_god
[100.141s] [ 30%] Built target gazebo_ros_bumper
[100.231s] [ 31%] [32m[1mLinking CXX shared library libgazebo_ros_tricycle_drive.so[0m
[102.760s] [ 31%] Built target gazebo_ros_force
[104.040s] [ 31%] Built target gazebo_ros_tricycle_drive
[106.996s] [ 32%] [32m[1mLinking CXX shared library libmulti_camera_plugin.so[0m
[107.015s] [ 33%] [32m[1mLinking CXX shared library libgazebo_ros_diff_drive.so[0m
[107.278s] [ 33%] Built target multi_camera_plugin
[107.980s] [ 34%] [32m[1mLinking CXX shared library libgazebo_ros_ackermann_drive.so[0m
[108.985s] [ 34%] Built target gazebo_ros_diff_drive
[109.201s] [ 34%] Built target gazebo_ros_ackermann_drive
[109.970s] [ 36%] [32m[1mLinking CXX shared library libgazebo_ros_harness.so[0m
[111.127s] [ 36%] Built target gazebo_ros_harness
[122.307s] [ 37%] [32m[1mLinking CXX shared library libgazebo_ros_video.so[0m
[123.189s] [ 37%] Built target gazebo_ros_video
[123.205s] [ 38%] [32mBuilding CXX object CMakeFiles/gazebo_ros_camera.dir/src/gazebo_ros_camera.cpp.o[0m
[124.815s] gmake[2]: *** [CMakeFiles/gazebo_ros_camera.dir/build.make:76: CMakeFiles/gazebo_ros_camera.dir/src/gazebo_ros_camera.cpp.o] Interrupt
[124.815s] gmake[1]: *** [CMakeFiles/Makefile2:380: CMakeFiles/gazebo_ros_camera.dir/all] Interrupt
[124.815s] gmake: *** [Makefile:146: all] Interrupt
