-- The C compiler identification is GNU 11.4.0
-- The CXX compiler identification is GNU 11.4.0
-- Detecting C compiler ABI info
-- Detecting C compiler ABI info - done
-- Check for working C compiler: /usr/bin/cc - skipped
-- Detecting C compile features
-- Detecting C compile features - done
-- Detecting CXX compiler ABI info
-- Detecting CXX compiler ABI info - done
-- Check for working CXX compiler: /usr/bin/c++ - skipped
-- Detecting CXX compile features
-- Detecting CXX compile features - done
-- Found ament_cmake_ros: 0.10.0 (/opt/ros/humble/share/ament_cmake_ros/cmake)
-- Found Python3: /usr/bin/python3 (found version "3.10.12") found components: Interpreter 
-- Override CMake install command with custom implementation using symlinks instead of copying resources
-- Found ecl_build: 1.0.3 (/opt/ros/humble/share/ecl_build/cmake)
-- Found ecl_config: 1.2.0 (/home/wellyowo/locobot_sim/locobot_ws/install/ecl_config/share/ecl_config/cmake)
-- Found ecl_errors: 1.2.0 (/home/wellyowo/locobot_sim/locobot_ws/install/ecl_errors/share/ecl_errors/cmake)
-- Found ecl_time_lite: 1.2.0 (/home/wellyowo/locobot_sim/locobot_ws/install/ecl_time_lite/share/ecl_time_lite/cmake)
-- Found ecl_exceptions: 1.2.1 (/home/wellyowo/locobot_sim/locobot_ws/install/ecl_exceptions/share/ecl_exceptions/cmake)
-- Found ecl_threads: 1.2.1 (/home/wellyowo/locobot_sim/locobot_ws/install/ecl_threads/share/ecl_threads/cmake)
-- Looking for pthread.h
-- Looking for pthread.h - found
-- Performing Test CMAKE_HAVE_LIBC_PTHREAD
-- Performing Test CMAKE_HAVE_LIBC_PTHREAD - Success
-- Found Threads: TRUE  
-- Configuring done
-- Generating done
-- Build files have been written to: /home/wellyowo/locobot_sim/locobot_ws/build/ecl_ipc
[ 33%] [32mBuilding CXX object src/lib/CMakeFiles/ecl_ipc.dir/semaphore_pos.cpp.o[0m
[ 66%] [32mBuilding CXX object src/lib/CMakeFiles/ecl_ipc.dir/shared_memory_pos.cpp.o[0m
[100%] [32m[1mLinking CXX shared library libecl_ipc.so[0m
[100%] Built target ecl_ipc
-- Install configuration: ""
-- Execute custom install script
-- Symlinking: /home/wellyowo/locobot_sim/locobot_ws/install/ecl_ipc/include/ecl/ipc/semaphore.hpp
-- Symlinking: /home/wellyowo/locobot_sim/locobot_ws/install/ecl_ipc/include/ecl/ipc/semaphore_pos.hpp
-- Symlinking: /home/wellyowo/locobot_sim/locobot_ws/install/ecl_ipc/include/ecl/ipc/shared_memory.hpp
-- Symlinking: /home/wellyowo/locobot_sim/locobot_ws/install/ecl_ipc/include/ecl/ipc/shared_memory_pos.hpp
-- Symlinking: /home/wellyowo/locobot_sim/locobot_ws/install/ecl_ipc/include/ecl/ipc.hpp
-- Symlinking: /home/wellyowo/locobot_sim/locobot_ws/install/ecl_ipc/share/ecl_ipc/environment/library_path.sh
-- Symlinking: /home/wellyowo/locobot_sim/locobot_ws/install/ecl_ipc/share/ecl_ipc/environment/library_path.dsv
-- Symlinking: /home/wellyowo/locobot_sim/locobot_ws/install/ecl_ipc/share/ament_index/resource_index/package_run_dependencies/ecl_ipc
-- Symlinking: /home/wellyowo/locobot_sim/locobot_ws/install/ecl_ipc/share/ament_index/resource_index/parent_prefix_path/ecl_ipc
-- Symlinking: /home/wellyowo/locobot_sim/locobot_ws/install/ecl_ipc/share/ecl_ipc/environment/ament_prefix_path.sh
-- Symlinking: /home/wellyowo/locobot_sim/locobot_ws/install/ecl_ipc/share/ecl_ipc/environment/ament_prefix_path.dsv
-- Symlinking: /home/wellyowo/locobot_sim/locobot_ws/install/ecl_ipc/share/ecl_ipc/environment/path.sh
-- Symlinking: /home/wellyowo/locobot_sim/locobot_ws/install/ecl_ipc/share/ecl_ipc/environment/path.dsv
-- Symlinking: /home/wellyowo/locobot_sim/locobot_ws/install/ecl_ipc/share/ecl_ipc/local_setup.bash
-- Symlinking: /home/wellyowo/locobot_sim/locobot_ws/install/ecl_ipc/share/ecl_ipc/local_setup.sh
-- Symlinking: /home/wellyowo/locobot_sim/locobot_ws/install/ecl_ipc/share/ecl_ipc/local_setup.zsh
-- Symlinking: /home/wellyowo/locobot_sim/locobot_ws/install/ecl_ipc/share/ecl_ipc/local_setup.dsv
-- Symlinking: /home/wellyowo/locobot_sim/locobot_ws/install/ecl_ipc/share/ecl_ipc/package.dsv
-- Symlinking: /home/wellyowo/locobot_sim/locobot_ws/install/ecl_ipc/share/ament_index/resource_index/packages/ecl_ipc
-- Symlinking: /home/wellyowo/locobot_sim/locobot_ws/install/ecl_ipc/share/ecl_ipc/cmake/ament_cmake_export_targets-extras.cmake
-- Symlinking: /home/wellyowo/locobot_sim/locobot_ws/install/ecl_ipc/share/ecl_ipc/cmake/ament_cmake_export_include_directories-extras.cmake
-- Symlinking: /home/wellyowo/locobot_sim/locobot_ws/install/ecl_ipc/share/ecl_ipc/cmake/ament_cmake_export_libraries-extras.cmake
-- Symlinking: /home/wellyowo/locobot_sim/locobot_ws/install/ecl_ipc/share/ecl_ipc/cmake/ament_cmake_export_dependencies-extras.cmake
-- Symlinking: /home/wellyowo/locobot_sim/locobot_ws/install/ecl_ipc/share/ecl_ipc/cmake/ecl_ipcConfig.cmake
-- Symlinking: /home/wellyowo/locobot_sim/locobot_ws/install/ecl_ipc/share/ecl_ipc/cmake/ecl_ipcConfig-version.cmake
-- Symlinking: /home/wellyowo/locobot_sim/locobot_ws/install/ecl_ipc/share/ecl_ipc/package.xml
-- Installing: /home/wellyowo/locobot_sim/locobot_ws/install/ecl_ipc/share/ecl_ipc/cmake/ecl_ipcExport.cmake
-- Installing: /home/wellyowo/locobot_sim/locobot_ws/install/ecl_ipc/share/ecl_ipc/cmake/ecl_ipcExport-noconfig.cmake
-- Installing: /home/wellyowo/locobot_sim/locobot_ws/install/ecl_ipc/lib/libecl_ipc.so.1.2.1
-- Set runtime path of "/home/wellyowo/locobot_sim/locobot_ws/install/ecl_ipc/lib/libecl_ipc.so.1.2.1" to ""
-- Installing: /home/wellyowo/locobot_sim/locobot_ws/install/ecl_ipc/lib/libecl_ipc.so
