[0.262s] Invoking command in '/home/wellyowo/locobot_sim/locobot_ws/src/build/ecl_io': AMENT_PREFIX_PATH=/home/wellyowo/locobot_sim/locobot_ws/src/install/ecl_errors:/home/wellyowo/locobot_sim/locobot_ws/src/install/ecl_config:${AMENT_PREFIX_PATH} CMAKE_PREFIX_PATH=/home/wellyowo/locobot_sim/locobot_ws/src/install/ecl_errors:/home/wellyowo/locobot_sim/locobot_ws/src/install/ecl_config:/opt/ros/humble LD_LIBRARY_PATH=/home/wellyowo/locobot_sim/locobot_ws/src/install/ecl_errors/lib:${LD_LIBRARY_PATH} PATH=/home/wellyowo/locobot_sim/locobot_ws/src/install/ecl_config/bin:${PATH} /usr/bin/cmake /home/wellyowo/locobot_sim/locobot_ws/src/ThirdParty/ecl/ecl_lite/ecl_io -DCMAKE_INSTALL_PREFIX=/home/wellyowo/locobot_sim/locobot_ws/src/install/ecl_io
[3.893s] -- The C compiler identification is GNU 11.4.0
[3.893s] -- The CXX compiler identification is GNU 11.4.0
[3.894s] -- Detecting C compiler ABI info
[3.900s] -- Detecting C compiler ABI info - done
[3.900s] -- Check for working C compiler: /usr/bin/cc - skipped
[3.901s] -- Detecting C compile features
[3.902s] -- Detecting C compile features - done
[3.910s] -- Detecting CXX compiler ABI info
[3.917s] -- Detecting CXX compiler ABI info - done
[3.924s] -- Check for working CXX compiler: /usr/bin/c++ - skipped
[3.928s] -- Detecting CXX compile features
[3.929s] -- Detecting CXX compile features - done
[3.929s] -- Found ament_cmake_ros: 0.10.0 (/opt/ros/humble/share/ament_cmake_ros/cmake)
[3.930s] -- Found Python3: /usr/bin/python3 (found version "3.10.12") found components: Interpreter 
[3.931s] -- Found ecl_build: 1.0.3 (/opt/ros/humble/share/ecl_build/cmake)
[3.931s] -- Found ecl_config: 1.2.0 (/home/wellyowo/locobot_sim/locobot_ws/src/install/ecl_config/share/ecl_config/cmake)
[3.932s] -- Found ecl_errors: 1.2.0 (/home/wellyowo/locobot_sim/locobot_ws/src/install/ecl_errors/share/ecl_errors/cmake)
[3.937s] -- Configuring done
[3.938s] -- Generating done
[3.938s] -- Build files have been written to: /home/wellyowo/locobot_sim/locobot_ws/src/build/ecl_io
[3.977s] Invoked command in '/home/wellyowo/locobot_sim/locobot_ws/src/build/ecl_io' returned '0': AMENT_PREFIX_PATH=/home/wellyowo/locobot_sim/locobot_ws/src/install/ecl_errors:/home/wellyowo/locobot_sim/locobot_ws/src/install/ecl_config:${AMENT_PREFIX_PATH} CMAKE_PREFIX_PATH=/home/wellyowo/locobot_sim/locobot_ws/src/install/ecl_errors:/home/wellyowo/locobot_sim/locobot_ws/src/install/ecl_config:/opt/ros/humble LD_LIBRARY_PATH=/home/wellyowo/locobot_sim/locobot_ws/src/install/ecl_errors/lib:${LD_LIBRARY_PATH} PATH=/home/wellyowo/locobot_sim/locobot_ws/src/install/ecl_config/bin:${PATH} /usr/bin/cmake /home/wellyowo/locobot_sim/locobot_ws/src/ThirdParty/ecl/ecl_lite/ecl_io -DCMAKE_INSTALL_PREFIX=/home/wellyowo/locobot_sim/locobot_ws/src/install/ecl_io
[3.977s] Invoking command in '/home/wellyowo/locobot_sim/locobot_ws/src/build/ecl_io': AMENT_PREFIX_PATH=/home/wellyowo/locobot_sim/locobot_ws/src/install/ecl_errors:/home/wellyowo/locobot_sim/locobot_ws/src/install/ecl_config:${AMENT_PREFIX_PATH} CMAKE_PREFIX_PATH=/home/wellyowo/locobot_sim/locobot_ws/src/install/ecl_errors:/home/wellyowo/locobot_sim/locobot_ws/src/install/ecl_config:/opt/ros/humble LD_LIBRARY_PATH=/home/wellyowo/locobot_sim/locobot_ws/src/install/ecl_errors/lib:${LD_LIBRARY_PATH} PATH=/home/wellyowo/locobot_sim/locobot_ws/src/install/ecl_config/bin:${PATH} /usr/bin/cmake --build /home/wellyowo/locobot_sim/locobot_ws/src/build/ecl_io -- -j16 -l16
[7.121s] [ 10%] [32mBuilding CXX object src/lib/CMakeFiles/ecl_io.dir/poll.cpp.o[0m
[7.122s] [ 20%] [32mBuilding CXX object src/lib/CMakeFiles/ecl_io.dir/sockets.cpp.o[0m
[7.129s] [ 30%] [32mBuilding CXX object src/lib/CMakeFiles/ecl_io.dir/socketpair.cpp.o[0m
[7.134s] [ 40%] [32m[1mLinking CXX shared library libecl_io.so[0m
[7.137s] [ 40%] Built target ecl_io
[7.142s] [ 50%] [32mBuilding CXX object src/examples/CMakeFiles/ecl_io_example_sockets.dir/sockets.cpp.o[0m
[7.143s] [ 60%] [32mBuilding CXX object src/examples/CMakeFiles/ecl_io_example_socketpair.dir/socketpair.cpp.o[0m
[7.144s] [ 70%] [32mBuilding CXX object src/examples/CMakeFiles/ecl_io_example_poll.dir/poll.cpp.o[0m
[7.144s] [ 80%] [32m[1mLinking CXX executable demo_socketpair[0m
[7.145s] [ 90%] [32m[1mLinking CXX executable demo_poll[0m
[7.145s] [100%] [32m[1mLinking CXX executable demo_sockets[0m
[7.284s] [100%] Built target ecl_io_example_socketpair
[7.429s] [100%] Built target ecl_io_example_sockets
[8.080s] [100%] Built target ecl_io_example_poll
