running egg_info
creating ../../../build/interbotix_common_modules/interbotix_common_modules.egg-info
writing ../../../build/interbotix_common_modules/interbotix_common_modules.egg-info/PKG-INFO
writing dependency_links to ../../../build/interbotix_common_modules/interbotix_common_modules.egg-info/dependency_links.txt
writing entry points to ../../../build/interbotix_common_modules/interbotix_common_modules.egg-info/entry_points.txt
writing requirements to ../../../build/interbotix_common_modules/interbotix_common_modules.egg-info/requires.txt
writing top-level names to ../../../build/interbotix_common_modules/interbotix_common_modules.egg-info/top_level.txt
writing manifest file '../../../build/interbotix_common_modules/interbotix_common_modules.egg-info/SOURCES.txt'
reading manifest file '../../../build/interbotix_common_modules/interbotix_common_modules.egg-info/SOURCES.txt'
writing manifest file '../../../build/interbotix_common_modules/interbotix_common_modules.egg-info/SOURCES.txt'
running build
running build_py
creating /home/wellyowo/locobot_sim/locobot_ws/src/build/interbotix_common_modules/build
creating /home/wellyowo/locobot_sim/locobot_ws/src/build/interbotix_common_modules/build/lib
creating /home/wellyowo/locobot_sim/locobot_ws/src/build/interbotix_common_modules/build/lib/interbotix_common_modules
copying interbotix_common_modules/__init__.py -> /home/wellyowo/locobot_sim/locobot_ws/src/build/interbotix_common_modules/build/lib/interbotix_common_modules
creating /home/wellyowo/locobot_sim/locobot_ws/src/build/interbotix_common_modules/build/lib/interbotix_common_modules/py_common
copying interbotix_common_modules/py_common/__init__.py -> /home/wellyowo/locobot_sim/locobot_ws/src/build/interbotix_common_modules/build/lib/interbotix_common_modules/py_common
copying interbotix_common_modules/py_common/params.py -> /home/wellyowo/locobot_sim/locobot_ws/src/build/interbotix_common_modules/build/lib/interbotix_common_modules/py_common
creating /home/wellyowo/locobot_sim/locobot_ws/src/build/interbotix_common_modules/build/lib/interbotix_common_modules/launch
copying interbotix_common_modules/launch/__init__.py -> /home/wellyowo/locobot_sim/locobot_ws/src/build/interbotix_common_modules/build/lib/interbotix_common_modules/launch
copying interbotix_common_modules/launch/and_condition.py -> /home/wellyowo/locobot_sim/locobot_ws/src/build/interbotix_common_modules/build/lib/interbotix_common_modules/launch
copying interbotix_common_modules/launch/or_condition.py -> /home/wellyowo/locobot_sim/locobot_ws/src/build/interbotix_common_modules/build/lib/interbotix_common_modules/launch
creating /home/wellyowo/locobot_sim/locobot_ws/src/build/interbotix_common_modules/build/lib/interbotix_common_modules/common_robot
copying interbotix_common_modules/common_robot/__init__.py -> /home/wellyowo/locobot_sim/locobot_ws/src/build/interbotix_common_modules/build/lib/interbotix_common_modules/common_robot
copying interbotix_common_modules/common_robot/robot.py -> /home/wellyowo/locobot_sim/locobot_ws/src/build/interbotix_common_modules/build/lib/interbotix_common_modules/common_robot
copying interbotix_common_modules/common_robot/exceptions.py -> /home/wellyowo/locobot_sim/locobot_ws/src/build/interbotix_common_modules/build/lib/interbotix_common_modules/common_robot
creating /home/wellyowo/locobot_sim/locobot_ws/src/build/interbotix_common_modules/build/lib/interbotix_common_modules/angle_manipulation
copying interbotix_common_modules/angle_manipulation/__init__.py -> /home/wellyowo/locobot_sim/locobot_ws/src/build/interbotix_common_modules/build/lib/interbotix_common_modules/angle_manipulation
copying interbotix_common_modules/angle_manipulation/angle_manipulation.py -> /home/wellyowo/locobot_sim/locobot_ws/src/build/interbotix_common_modules/build/lib/interbotix_common_modules/angle_manipulation
running install
running install_lib
creating /home/wellyowo/locobot_sim/locobot_ws/src/install/interbotix_common_modules/lib/python3.10/site-packages/interbotix_common_modules
creating /home/wellyowo/locobot_sim/locobot_ws/src/install/interbotix_common_modules/lib/python3.10/site-packages/interbotix_common_modules/py_common
copying /home/wellyowo/locobot_sim/locobot_ws/src/build/interbotix_common_modules/build/lib/interbotix_common_modules/py_common/__init__.py -> /home/wellyowo/locobot_sim/locobot_ws/src/install/interbotix_common_modules/lib/python3.10/site-packages/interbotix_common_modules/py_common
copying /home/wellyowo/locobot_sim/locobot_ws/src/build/interbotix_common_modules/build/lib/interbotix_common_modules/py_common/params.py -> /home/wellyowo/locobot_sim/locobot_ws/src/install/interbotix_common_modules/lib/python3.10/site-packages/interbotix_common_modules/py_common
creating /home/wellyowo/locobot_sim/locobot_ws/src/install/interbotix_common_modules/lib/python3.10/site-packages/interbotix_common_modules/launch
copying /home/wellyowo/locobot_sim/locobot_ws/src/build/interbotix_common_modules/build/lib/interbotix_common_modules/launch/__init__.py -> /home/wellyowo/locobot_sim/locobot_ws/src/install/interbotix_common_modules/lib/python3.10/site-packages/interbotix_common_modules/launch
copying /home/wellyowo/locobot_sim/locobot_ws/src/build/interbotix_common_modules/build/lib/interbotix_common_modules/launch/and_condition.py -> /home/wellyowo/locobot_sim/locobot_ws/src/install/interbotix_common_modules/lib/python3.10/site-packages/interbotix_common_modules/launch
copying /home/wellyowo/locobot_sim/locobot_ws/src/build/interbotix_common_modules/build/lib/interbotix_common_modules/launch/or_condition.py -> /home/wellyowo/locobot_sim/locobot_ws/src/install/interbotix_common_modules/lib/python3.10/site-packages/interbotix_common_modules/launch
creating /home/wellyowo/locobot_sim/locobot_ws/src/install/interbotix_common_modules/lib/python3.10/site-packages/interbotix_common_modules/common_robot
copying /home/wellyowo/locobot_sim/locobot_ws/src/build/interbotix_common_modules/build/lib/interbotix_common_modules/common_robot/__init__.py -> /home/wellyowo/locobot_sim/locobot_ws/src/install/interbotix_common_modules/lib/python3.10/site-packages/interbotix_common_modules/common_robot
copying /home/wellyowo/locobot_sim/locobot_ws/src/build/interbotix_common_modules/build/lib/interbotix_common_modules/common_robot/robot.py -> /home/wellyowo/locobot_sim/locobot_ws/src/install/interbotix_common_modules/lib/python3.10/site-packages/interbotix_common_modules/common_robot
copying /home/wellyowo/locobot_sim/locobot_ws/src/build/interbotix_common_modules/build/lib/interbotix_common_modules/common_robot/exceptions.py -> /home/wellyowo/locobot_sim/locobot_ws/src/install/interbotix_common_modules/lib/python3.10/site-packages/interbotix_common_modules/common_robot
copying /home/wellyowo/locobot_sim/locobot_ws/src/build/interbotix_common_modules/build/lib/interbotix_common_modules/__init__.py -> /home/wellyowo/locobot_sim/locobot_ws/src/install/interbotix_common_modules/lib/python3.10/site-packages/interbotix_common_modules
creating /home/wellyowo/locobot_sim/locobot_ws/src/install/interbotix_common_modules/lib/python3.10/site-packages/interbotix_common_modules/angle_manipulation
copying /home/wellyowo/locobot_sim/locobot_ws/src/build/interbotix_common_modules/build/lib/interbotix_common_modules/angle_manipulation/__init__.py -> /home/wellyowo/locobot_sim/locobot_ws/src/install/interbotix_common_modules/lib/python3.10/site-packages/interbotix_common_modules/angle_manipulation
copying /home/wellyowo/locobot_sim/locobot_ws/src/build/interbotix_common_modules/build/lib/interbotix_common_modules/angle_manipulation/angle_manipulation.py -> /home/wellyowo/locobot_sim/locobot_ws/src/install/interbotix_common_modules/lib/python3.10/site-packages/interbotix_common_modules/angle_manipulation
byte-compiling /home/wellyowo/locobot_sim/locobot_ws/src/install/interbotix_common_modules/lib/python3.10/site-packages/interbotix_common_modules/py_common/__init__.py to __init__.cpython-310.pyc
byte-compiling /home/wellyowo/locobot_sim/locobot_ws/src/install/interbotix_common_modules/lib/python3.10/site-packages/interbotix_common_modules/py_common/params.py to params.cpython-310.pyc
byte-compiling /home/wellyowo/locobot_sim/locobot_ws/src/install/interbotix_common_modules/lib/python3.10/site-packages/interbotix_common_modules/launch/__init__.py to __init__.cpython-310.pyc
byte-compiling /home/wellyowo/locobot_sim/locobot_ws/src/install/interbotix_common_modules/lib/python3.10/site-packages/interbotix_common_modules/launch/and_condition.py to and_condition.cpython-310.pyc
byte-compiling /home/wellyowo/locobot_sim/locobot_ws/src/install/interbotix_common_modules/lib/python3.10/site-packages/interbotix_common_modules/launch/or_condition.py to or_condition.cpython-310.pyc
byte-compiling /home/wellyowo/locobot_sim/locobot_ws/src/install/interbotix_common_modules/lib/python3.10/site-packages/interbotix_common_modules/common_robot/__init__.py to __init__.cpython-310.pyc
byte-compiling /home/wellyowo/locobot_sim/locobot_ws/src/install/interbotix_common_modules/lib/python3.10/site-packages/interbotix_common_modules/common_robot/robot.py to robot.cpython-310.pyc
byte-compiling /home/wellyowo/locobot_sim/locobot_ws/src/install/interbotix_common_modules/lib/python3.10/site-packages/interbotix_common_modules/common_robot/exceptions.py to exceptions.cpython-310.pyc
byte-compiling /home/wellyowo/locobot_sim/locobot_ws/src/install/interbotix_common_modules/lib/python3.10/site-packages/interbotix_common_modules/__init__.py to __init__.cpython-310.pyc
byte-compiling /home/wellyowo/locobot_sim/locobot_ws/src/install/interbotix_common_modules/lib/python3.10/site-packages/interbotix_common_modules/angle_manipulation/__init__.py to __init__.cpython-310.pyc
byte-compiling /home/wellyowo/locobot_sim/locobot_ws/src/install/interbotix_common_modules/lib/python3.10/site-packages/interbotix_common_modules/angle_manipulation/angle_manipulation.py to angle_manipulation.cpython-310.pyc
running install_data
creating /home/wellyowo/locobot_sim/locobot_ws/src/install/interbotix_common_modules/share/ament_index
creating /home/wellyowo/locobot_sim/locobot_ws/src/install/interbotix_common_modules/share/ament_index/resource_index
creating /home/wellyowo/locobot_sim/locobot_ws/src/install/interbotix_common_modules/share/ament_index/resource_index/packages
copying resource/interbotix_common_modules -> /home/wellyowo/locobot_sim/locobot_ws/src/install/interbotix_common_modules/share/ament_index/resource_index/packages
copying package.xml -> /home/wellyowo/locobot_sim/locobot_ws/src/install/interbotix_common_modules/share/interbotix_common_modules
running install_egg_info
Copying ../../../build/interbotix_common_modules/interbotix_common_modules.egg-info to /home/wellyowo/locobot_sim/locobot_ws/src/install/interbotix_common_modules/lib/python3.10/site-packages/interbotix_common_modules-0.0.0-py3.10.egg-info
running install_scripts
writing list of installed files to '/home/wellyowo/locobot_sim/locobot_ws/src/build/interbotix_common_modules/install.log'
