-- The C compiler identification is GNU 11.4.0
-- The CXX compiler identification is GNU 11.4.0
-- Detecting C compiler ABI info
-- Detecting C compiler ABI info - done
-- Check for working C compiler: /usr/bin/cc - skipped
-- Detecting C compile features
-- Detecting C compile features - done
-- Detecting CXX compiler ABI info
-- Detecting CXX compiler ABI info - done
-- Check for working CXX compiler: /usr/bin/c++ - skipped
-- Detecting CXX compile features
-- Detecting CXX compile features - done
-- Found ament_cmake_ros: 0.10.0 (/opt/ros/humble/share/ament_cmake_ros/cmake)
-- Found Python3: /usr/bin/python3 (found version "3.10.12") found components: Interpreter 
-- Override CMake install command with custom implementation using symlinks instead of copying resources
-- Found ecl_build: 1.0.3 (/opt/ros/humble/share/ecl_build/cmake)
-- Found ecl_config: 1.2.0 (/home/wellyowo/locobot_sim/locobot_ws/install/ecl_config/share/ecl_config/cmake)
-- Found ecl_linear_algebra: 1.2.1 (/home/wellyowo/locobot_sim/locobot_ws/install/ecl_linear_algebra/share/ecl_linear_algebra/cmake)
-- Configuring done
-- Generating done
-- Build files have been written to: /home/wellyowo/locobot_sim/locobot_ws/build/ecl_statistics
[ 50%] [32mBuilding CXX object src/lib/CMakeFiles/ecl_statistics.dir/covariance_ellipsoid.cpp.o[0m
[100%] [32m[1mLinking CXX shared library libecl_statistics.so[0m
[100%] Built target ecl_statistics
-- Install configuration: ""
-- Execute custom install script
-- Symlinking: /home/wellyowo/locobot_sim/locobot_ws/install/ecl_statistics/include/ecl/statistics/covariance_ellipsoid.hpp
-- Symlinking: /home/wellyowo/locobot_sim/locobot_ws/install/ecl_statistics/include/ecl/statistics/cumulative_statistics.hpp
-- Symlinking: /home/wellyowo/locobot_sim/locobot_ws/install/ecl_statistics/include/ecl/statistics.hpp
-- Symlinking: /home/wellyowo/locobot_sim/locobot_ws/install/ecl_statistics/share/ecl_statistics/environment/library_path.sh
-- Symlinking: /home/wellyowo/locobot_sim/locobot_ws/install/ecl_statistics/share/ecl_statistics/environment/library_path.dsv
-- Symlinking: /home/wellyowo/locobot_sim/locobot_ws/install/ecl_statistics/share/ament_index/resource_index/package_run_dependencies/ecl_statistics
-- Symlinking: /home/wellyowo/locobot_sim/locobot_ws/install/ecl_statistics/share/ament_index/resource_index/parent_prefix_path/ecl_statistics
-- Symlinking: /home/wellyowo/locobot_sim/locobot_ws/install/ecl_statistics/share/ecl_statistics/environment/ament_prefix_path.sh
-- Symlinking: /home/wellyowo/locobot_sim/locobot_ws/install/ecl_statistics/share/ecl_statistics/environment/ament_prefix_path.dsv
-- Symlinking: /home/wellyowo/locobot_sim/locobot_ws/install/ecl_statistics/share/ecl_statistics/environment/path.sh
-- Symlinking: /home/wellyowo/locobot_sim/locobot_ws/install/ecl_statistics/share/ecl_statistics/environment/path.dsv
-- Symlinking: /home/wellyowo/locobot_sim/locobot_ws/install/ecl_statistics/share/ecl_statistics/local_setup.bash
-- Symlinking: /home/wellyowo/locobot_sim/locobot_ws/install/ecl_statistics/share/ecl_statistics/local_setup.sh
-- Symlinking: /home/wellyowo/locobot_sim/locobot_ws/install/ecl_statistics/share/ecl_statistics/local_setup.zsh
-- Symlinking: /home/wellyowo/locobot_sim/locobot_ws/install/ecl_statistics/share/ecl_statistics/local_setup.dsv
-- Symlinking: /home/wellyowo/locobot_sim/locobot_ws/install/ecl_statistics/share/ecl_statistics/package.dsv
-- Symlinking: /home/wellyowo/locobot_sim/locobot_ws/install/ecl_statistics/share/ament_index/resource_index/packages/ecl_statistics
-- Symlinking: /home/wellyowo/locobot_sim/locobot_ws/install/ecl_statistics/share/ecl_statistics/cmake/ament_cmake_export_targets-extras.cmake
-- Symlinking: /home/wellyowo/locobot_sim/locobot_ws/install/ecl_statistics/share/ecl_statistics/cmake/ament_cmake_export_include_directories-extras.cmake
-- Symlinking: /home/wellyowo/locobot_sim/locobot_ws/install/ecl_statistics/share/ecl_statistics/cmake/ament_cmake_export_libraries-extras.cmake
-- Symlinking: /home/wellyowo/locobot_sim/locobot_ws/install/ecl_statistics/share/ecl_statistics/cmake/ament_cmake_export_dependencies-extras.cmake
-- Symlinking: /home/wellyowo/locobot_sim/locobot_ws/install/ecl_statistics/share/ecl_statistics/cmake/ecl_statisticsConfig.cmake
-- Symlinking: /home/wellyowo/locobot_sim/locobot_ws/install/ecl_statistics/share/ecl_statistics/cmake/ecl_statisticsConfig-version.cmake
-- Symlinking: /home/wellyowo/locobot_sim/locobot_ws/install/ecl_statistics/share/ecl_statistics/package.xml
-- Installing: /home/wellyowo/locobot_sim/locobot_ws/install/ecl_statistics/share/ecl_statistics/cmake/ecl_statisticsExport.cmake
-- Installing: /home/wellyowo/locobot_sim/locobot_ws/install/ecl_statistics/share/ecl_statistics/cmake/ecl_statisticsExport-noconfig.cmake
-- Installing: /home/wellyowo/locobot_sim/locobot_ws/install/ecl_statistics/lib/libecl_statistics.so.1.2.1
-- Set runtime path of "/home/wellyowo/locobot_sim/locobot_ws/install/ecl_statistics/lib/libecl_statistics.so.1.2.1" to ""
-- Installing: /home/wellyowo/locobot_sim/locobot_ws/install/ecl_statistics/lib/libecl_statistics.so
