[0.036s] Invoking command in '/home/wellyowo/locobot_sim/locobot_ws/build/interbotix_xs_msgs': CMAKE_PREFIX_PATH=/opt/ros/humble /usr/bin/cmake /home/wellyowo/locobot_sim/locobot_ws/src/interbotix_ros_core/interbotix_ros_xseries/interbotix_xs_msgs -DBUILD_TESTING=OFF -DCMAKE_PREFIX_PATH= -DAMENT_CMAKE_SYMLINK_INSTALL=1 -DCMAKE_INSTALL_PREFIX=/home/wellyowo/locobot_sim/locobot_ws/install/interbotix_xs_msgs
[0.247s] -- The C compiler identification is GNU 11.4.0
[0.247s] -- The CXX compiler identification is GNU 11.4.0
[0.247s] -- Detecting C compiler ABI info
[0.318s] -- Detecting C compiler ABI info - done
[0.323s] -- Check for working C compiler: /usr/bin/cc - skipped
[0.324s] -- Detecting C compile features
[0.325s] -- Detecting C compile features - done
[0.336s] -- Detecting CXX compiler ABI info
[0.454s] -- Detecting CXX compiler ABI info - done
[0.464s] -- Check for working CXX compiler: /usr/bin/c++ - skipped
[0.465s] -- Detecting CXX compile features
[0.465s] -- Detecting CXX compile features - done
[0.473s] -- Found rosidl_default_generators: 1.2.0 (/opt/ros/humble/share/rosidl_default_generators/cmake)
[0.476s] -- Found ament_cmake_core: 1.3.11 (/opt/ros/humble/share/ament_cmake_core/cmake)
[0.702s] -- Found Python3: /usr/bin/python3 (found version "3.10.12") found components: Interpreter 
[0.906s] -- Override CMake install command with custom implementation using symlinks instead of copying resources
[0.922s] -- Using all available rosidl_typesupport_c: rosidl_typesupport_fastrtps_c;rosidl_typesupport_introspection_c
[0.957s] -- Found rosidl_adapter: 3.1.6 (/opt/ros/humble/share/rosidl_adapter/cmake)
[1.420s] -- Using all available rosidl_typesupport_cpp: rosidl_typesupport_fastrtps_cpp;rosidl_typesupport_introspection_cpp
[1.750s] -- Found std_msgs: 4.9.0 (/opt/ros/humble/share/std_msgs/cmake)
[1.885s] -- Found trajectory_msgs: 4.9.0 (/opt/ros/humble/share/trajectory_msgs/cmake)
[3.062s] -- Found ament_cmake_ros: 0.10.0 (/opt/ros/humble/share/ament_cmake_ros/cmake)
[3.910s] -- Using all available rosidl_typesupport_c: rosidl_typesupport_fastrtps_c;rosidl_typesupport_introspection_c
[5.595s] -- Using all available rosidl_typesupport_cpp: rosidl_typesupport_fastrtps_cpp;rosidl_typesupport_introspection_cpp
[5.651s] -- Found PythonInterp: /usr/bin/python3 (found suitable version "3.10.12", minimum required is "3.6") 
[5.660s] -- Found python_cmake_module: 0.10.0 (/opt/ros/humble/share/python_cmake_module/cmake)
[5.737s] -- Found PythonLibs: /usr/lib/x86_64-linux-gnu/libpython3.10.so (found suitable version "3.10.12", minimum required is "3.5") 
[5.738s] -- Using PYTHON_EXECUTABLE: /usr/bin/python3
[5.739s] -- Using PYTHON_INCLUDE_DIRS: /usr/include/python3.10
[5.739s] -- Using PYTHON_LIBRARIES: /usr/lib/x86_64-linux-gnu/libpython3.10.so
[5.820s] -- Found PythonExtra: .so  
[6.112s] -- Configuring done
[6.564s] -- Generating done
[6.706s] -- Build files have been written to: /home/wellyowo/locobot_sim/locobot_ws/build/interbotix_xs_msgs
[6.863s] Invoked command in '/home/wellyowo/locobot_sim/locobot_ws/build/interbotix_xs_msgs' returned '0': CMAKE_PREFIX_PATH=/opt/ros/humble /usr/bin/cmake /home/wellyowo/locobot_sim/locobot_ws/src/interbotix_ros_core/interbotix_ros_xseries/interbotix_xs_msgs -DBUILD_TESTING=OFF -DCMAKE_PREFIX_PATH= -DAMENT_CMAKE_SYMLINK_INSTALL=1 -DCMAKE_INSTALL_PREFIX=/home/wellyowo/locobot_sim/locobot_ws/install/interbotix_xs_msgs
[6.864s] Invoking command in '/home/wellyowo/locobot_sim/locobot_ws/build/interbotix_xs_msgs': CMAKE_PREFIX_PATH=/opt/ros/humble /usr/bin/cmake --build /home/wellyowo/locobot_sim/locobot_ws/build/interbotix_xs_msgs -- -j16 -l16
[11.453s] [  1%] [34m[1mGenerating C code for ROS interfaces[0m
[11.453s] [  1%] [34m[1mGenerating C++ code for ROS interfaces[0m
[11.453s] [  1%] Built target ament_cmake_python_symlink_interbotix_xs_msgs
[11.453s] running egg_info
[11.453s] creating interbotix_xs_msgs.egg-info
[11.453s] writing interbotix_xs_msgs.egg-info/PKG-INFO
[11.453s] writing dependency_links to interbotix_xs_msgs.egg-info/dependency_links.txt
[11.454s] writing top-level names to interbotix_xs_msgs.egg-info/top_level.txt
[11.454s] writing manifest file 'interbotix_xs_msgs.egg-info/SOURCES.txt'
[11.454s] reading manifest file 'interbotix_xs_msgs.egg-info/SOURCES.txt'
[11.454s] writing manifest file 'interbotix_xs_msgs.egg-info/SOURCES.txt'
[11.454s] [  1%] Built target ament_cmake_python_build_interbotix_xs_msgs_egg
[21.238s] [  1%] Built target interbotix_xs_msgs__cpp
[21.293s] [  2%] [34m[1mGenerating C++ type support dispatch for ROS interfaces[0m
[21.296s] [  3%] [34m[1mGenerating C++ type support for eProsima Fast-RTPS[0m
[21.297s] [  3%] [34m[1mGenerating C++ introspection for ROS interfaces[0m
[25.790s] [  4%] [32mBuilding CXX object CMakeFiles/interbotix_xs_msgs__rosidl_typesupport_cpp.dir/rosidl_typesupport_cpp/interbotix_xs_msgs/msg/arm_joy__type_support.cpp.o[0m
[26.351s] [  5%] [32mBuilding CXX object CMakeFiles/interbotix_xs_msgs__rosidl_typesupport_cpp.dir/rosidl_typesupport_cpp/interbotix_xs_msgs/srv/robot_info__type_support.cpp.o[0m
[26.983s] [  5%] [32mBuilding CXX object CMakeFiles/interbotix_xs_msgs__rosidl_typesupport_cpp.dir/rosidl_typesupport_cpp/interbotix_xs_msgs/srv/torque_enable__type_support.cpp.o[0m
[28.668s] [  6%] [32mBuilding CXX object CMakeFiles/interbotix_xs_msgs__rosidl_typesupport_cpp.dir/rosidl_typesupport_cpp/interbotix_xs_msgs/srv/register_values__type_support.cpp.o[0m
[29.262s] [  7%] [32mBuilding CXX object CMakeFiles/interbotix_xs_msgs__rosidl_typesupport_cpp.dir/rosidl_typesupport_cpp/interbotix_xs_msgs/srv/reboot__type_support.cpp.o[0m
[29.781s] [  7%] [32mBuilding CXX object CMakeFiles/interbotix_xs_msgs__rosidl_typesupport_cpp.dir/rosidl_typesupport_cpp/interbotix_xs_msgs/srv/operating_modes__type_support.cpp.o[0m
[30.352s] [  8%] [32mBuilding CXX object CMakeFiles/interbotix_xs_msgs__rosidl_typesupport_cpp.dir/rosidl_typesupport_cpp/interbotix_xs_msgs/srv/motor_gains__type_support.cpp.o[0m
[31.059s] [  9%] [32mBuilding CXX object CMakeFiles/interbotix_xs_msgs__rosidl_typesupport_fastrtps_cpp.dir/rosidl_typesupport_fastrtps_cpp/interbotix_xs_msgs/msg/detail/dds_fastrtps/arm_joy__type_support.cpp.o[0m
[31.086s] [ 10%] [32mBuilding CXX object CMakeFiles/interbotix_xs_msgs__rosidl_typesupport_cpp.dir/rosidl_typesupport_cpp/interbotix_xs_msgs/msg/turret_joy__type_support.cpp.o[0m
[32.102s] [ 10%] [32mBuilding CXX object CMakeFiles/interbotix_xs_msgs__rosidl_typesupport_fastrtps_cpp.dir/rosidl_typesupport_fastrtps_cpp/interbotix_xs_msgs/msg/detail/dds_fastrtps/locobot_joy__type_support.cpp.o[0m
[32.411s] [ 11%] [32mBuilding CXX object CMakeFiles/interbotix_xs_msgs__rosidl_typesupport_cpp.dir/rosidl_typesupport_cpp/interbotix_xs_msgs/msg/locobot_joy__type_support.cpp.o[0m
[33.005s] [ 11%] [32mBuilding CXX object CMakeFiles/interbotix_xs_msgs__rosidl_typesupport_cpp.dir/rosidl_typesupport_cpp/interbotix_xs_msgs/msg/joint_trajectory_command__type_support.cpp.o[0m
[34.037s] [ 11%] [32mBuilding C object CMakeFiles/interbotix_xs_msgs__rosidl_generator_c.dir/rosidl_generator_c/interbotix_xs_msgs/msg/detail/arm_joy__functions.c.o[0m
[34.207s] [ 11%] [32mBuilding CXX object CMakeFiles/interbotix_xs_msgs__rosidl_typesupport_fastrtps_cpp.dir/rosidl_typesupport_fastrtps_cpp/interbotix_xs_msgs/srv/detail/dds_fastrtps/reboot__type_support.cpp.o[0m
[34.218s] [ 12%] [32mBuilding CXX object CMakeFiles/interbotix_xs_msgs__rosidl_typesupport_cpp.dir/rosidl_typesupport_cpp/interbotix_xs_msgs/msg/joint_temps__type_support.cpp.o[0m
[34.296s] [ 13%] [32mBuilding C object CMakeFiles/interbotix_xs_msgs__rosidl_generator_c.dir/rosidl_generator_c/interbotix_xs_msgs/msg/detail/hex_joy__functions.c.o[0m
[34.403s] [ 14%] [32mBuilding C object CMakeFiles/interbotix_xs_msgs__rosidl_generator_c.dir/rosidl_generator_c/interbotix_xs_msgs/msg/detail/joint_group_command__functions.c.o[0m
[34.587s] [ 15%] [32mBuilding C object CMakeFiles/interbotix_xs_msgs__rosidl_generator_c.dir/rosidl_generator_c/interbotix_xs_msgs/msg/detail/joint_single_command__functions.c.o[0m
[35.053s] [ 15%] [32mBuilding C object CMakeFiles/interbotix_xs_msgs__rosidl_generator_c.dir/rosidl_generator_c/interbotix_xs_msgs/msg/detail/joint_temps__functions.c.o[0m
[35.357s] [ 16%] [32mBuilding C object CMakeFiles/interbotix_xs_msgs__rosidl_generator_c.dir/rosidl_generator_c/interbotix_xs_msgs/msg/detail/joint_trajectory_command__functions.c.o[0m
[35.366s] [ 17%] [32mBuilding CXX object CMakeFiles/interbotix_xs_msgs__rosidl_typesupport_cpp.dir/rosidl_typesupport_cpp/interbotix_xs_msgs/msg/joint_single_command__type_support.cpp.o[0m
[35.382s] [ 18%] [32mBuilding CXX object CMakeFiles/interbotix_xs_msgs__rosidl_typesupport_fastrtps_cpp.dir/rosidl_typesupport_fastrtps_cpp/interbotix_xs_msgs/srv/detail/dds_fastrtps/robot_info__type_support.cpp.o[0m
[35.639s] [ 19%] [32mBuilding C object CMakeFiles/interbotix_xs_msgs__rosidl_generator_c.dir/rosidl_generator_c/interbotix_xs_msgs/msg/detail/locobot_joy__functions.c.o[0m
[35.792s] [ 20%] [32mBuilding C object CMakeFiles/interbotix_xs_msgs__rosidl_generator_c.dir/rosidl_generator_c/interbotix_xs_msgs/msg/detail/turret_joy__functions.c.o[0m
[36.099s] [ 20%] [32mBuilding C object CMakeFiles/interbotix_xs_msgs__rosidl_generator_c.dir/rosidl_generator_c/interbotix_xs_msgs/srv/detail/motor_gains__functions.c.o[0m
[36.445s] [ 21%] [32mBuilding C object CMakeFiles/interbotix_xs_msgs__rosidl_generator_c.dir/rosidl_generator_c/interbotix_xs_msgs/srv/detail/operating_modes__functions.c.o[0m
[36.799s] [ 22%] [32mBuilding C object CMakeFiles/interbotix_xs_msgs__rosidl_generator_c.dir/rosidl_generator_c/interbotix_xs_msgs/srv/detail/reboot__functions.c.o[0m
[37.091s] [ 23%] [32mBuilding C object CMakeFiles/interbotix_xs_msgs__rosidl_generator_c.dir/rosidl_generator_c/interbotix_xs_msgs/srv/detail/register_values__functions.c.o[0m
[37.343s] [ 23%] [32mBuilding C object CMakeFiles/interbotix_xs_msgs__rosidl_generator_c.dir/rosidl_generator_c/interbotix_xs_msgs/srv/detail/robot_info__functions.c.o[0m
[37.366s] [ 23%] [32mBuilding CXX object CMakeFiles/interbotix_xs_msgs__rosidl_typesupport_cpp.dir/rosidl_typesupport_cpp/interbotix_xs_msgs/msg/joint_group_command__type_support.cpp.o[0m
[37.622s] [ 24%] [32mBuilding C object CMakeFiles/interbotix_xs_msgs__rosidl_generator_c.dir/rosidl_generator_c/interbotix_xs_msgs/srv/detail/torque_enable__functions.c.o[0m
[37.842s] [ 25%] [32m[1mLinking C shared library libinterbotix_xs_msgs__rosidl_generator_c.so[0m
[38.042s] [ 25%] Built target interbotix_xs_msgs__rosidl_generator_c
[38.352s] [ 26%] [32mBuilding CXX object CMakeFiles/interbotix_xs_msgs__rosidl_typesupport_introspection_cpp.dir/rosidl_typesupport_introspection_cpp/interbotix_xs_msgs/msg/detail/arm_joy__type_support.cpp.o[0m
[38.911s] [ 27%] [32mBuilding CXX object CMakeFiles/interbotix_xs_msgs__rosidl_typesupport_fastrtps_cpp.dir/rosidl_typesupport_fastrtps_cpp/interbotix_xs_msgs/srv/detail/dds_fastrtps/torque_enable__type_support.cpp.o[0m
[39.377s] [ 28%] [32mBuilding CXX object CMakeFiles/interbotix_xs_msgs__rosidl_typesupport_introspection_cpp.dir/rosidl_typesupport_introspection_cpp/interbotix_xs_msgs/msg/detail/hex_joy__type_support.cpp.o[0m
[39.787s] [ 29%] [32mBuilding CXX object CMakeFiles/interbotix_xs_msgs__rosidl_typesupport_cpp.dir/rosidl_typesupport_cpp/interbotix_xs_msgs/msg/hex_joy__type_support.cpp.o[0m
[40.432s] [ 30%] [32m[1mLinking CXX shared library libinterbotix_xs_msgs__rosidl_typesupport_cpp.so[0m
[40.614s] [ 30%] Built target interbotix_xs_msgs__rosidl_typesupport_cpp
[40.919s] [ 31%] [32mBuilding CXX object CMakeFiles/interbotix_xs_msgs__rosidl_typesupport_fastrtps_cpp.dir/rosidl_typesupport_fastrtps_cpp/interbotix_xs_msgs/srv/detail/dds_fastrtps/register_values__type_support.cpp.o[0m
[41.783s] [ 32%] [32mBuilding CXX object CMakeFiles/interbotix_xs_msgs__rosidl_typesupport_fastrtps_cpp.dir/rosidl_typesupport_fastrtps_cpp/interbotix_xs_msgs/srv/detail/dds_fastrtps/operating_modes__type_support.cpp.o[0m
[42.009s] [ 33%] [32mBuilding CXX object CMakeFiles/interbotix_xs_msgs__rosidl_typesupport_introspection_cpp.dir/rosidl_typesupport_introspection_cpp/interbotix_xs_msgs/msg/detail/joint_trajectory_command__type_support.cpp.o[0m
[42.720s] [ 34%] [32mBuilding CXX object CMakeFiles/interbotix_xs_msgs__rosidl_typesupport_fastrtps_cpp.dir/rosidl_typesupport_fastrtps_cpp/interbotix_xs_msgs/srv/detail/dds_fastrtps/motor_gains__type_support.cpp.o[0m
[45.094s] [ 34%] [32mBuilding CXX object CMakeFiles/interbotix_xs_msgs__rosidl_typesupport_introspection_cpp.dir/rosidl_typesupport_introspection_cpp/interbotix_xs_msgs/msg/detail/turret_joy__type_support.cpp.o[0m
[45.610s] [ 35%] [32mBuilding CXX object CMakeFiles/interbotix_xs_msgs__rosidl_typesupport_fastrtps_cpp.dir/rosidl_typesupport_fastrtps_cpp/interbotix_xs_msgs/msg/detail/dds_fastrtps/turret_joy__type_support.cpp.o[0m
[45.907s] [ 36%] [32mBuilding CXX object CMakeFiles/interbotix_xs_msgs__rosidl_typesupport_introspection_cpp.dir/rosidl_typesupport_introspection_cpp/interbotix_xs_msgs/srv/detail/operating_modes__type_support.cpp.o[0m
[46.816s] [ 37%] [32mBuilding CXX object CMakeFiles/interbotix_xs_msgs__rosidl_typesupport_fastrtps_cpp.dir/rosidl_typesupport_fastrtps_cpp/interbotix_xs_msgs/msg/detail/dds_fastrtps/joint_trajectory_command__type_support.cpp.o[0m
[48.359s] [ 37%] [32mBuilding CXX object CMakeFiles/interbotix_xs_msgs__rosidl_typesupport_introspection_cpp.dir/rosidl_typesupport_introspection_cpp/interbotix_xs_msgs/srv/detail/register_values__type_support.cpp.o[0m
[50.166s] [ 38%] [32mBuilding CXX object CMakeFiles/interbotix_xs_msgs__rosidl_typesupport_fastrtps_cpp.dir/rosidl_typesupport_fastrtps_cpp/interbotix_xs_msgs/msg/detail/dds_fastrtps/joint_temps__type_support.cpp.o[0m
[50.605s] [ 39%] [32mBuilding CXX object CMakeFiles/interbotix_xs_msgs__rosidl_typesupport_introspection_cpp.dir/rosidl_typesupport_introspection_cpp/interbotix_xs_msgs/srv/detail/torque_enable__type_support.cpp.o[0m
[53.456s] [ 40%] [32mBuilding CXX object CMakeFiles/interbotix_xs_msgs__rosidl_typesupport_introspection_cpp.dir/rosidl_typesupport_introspection_cpp/interbotix_xs_msgs/srv/detail/robot_info__type_support.cpp.o[0m
[53.530s] [ 41%] [32mBuilding CXX object CMakeFiles/interbotix_xs_msgs__rosidl_typesupport_fastrtps_cpp.dir/rosidl_typesupport_fastrtps_cpp/interbotix_xs_msgs/msg/detail/dds_fastrtps/joint_single_command__type_support.cpp.o[0m
[55.439s] [ 41%] [32mBuilding CXX object CMakeFiles/interbotix_xs_msgs__rosidl_typesupport_fastrtps_cpp.dir/rosidl_typesupport_fastrtps_cpp/interbotix_xs_msgs/msg/detail/dds_fastrtps/joint_group_command__type_support.cpp.o[0m
[58.142s] [ 42%] [32mBuilding CXX object CMakeFiles/interbotix_xs_msgs__rosidl_typesupport_introspection_cpp.dir/rosidl_typesupport_introspection_cpp/interbotix_xs_msgs/srv/detail/reboot__type_support.cpp.o[0m
[59.338s] [ 43%] [32mBuilding CXX object CMakeFiles/interbotix_xs_msgs__rosidl_typesupport_introspection_cpp.dir/rosidl_typesupport_introspection_cpp/interbotix_xs_msgs/srv/detail/motor_gains__type_support.cpp.o[0m
[59.462s] [ 44%] [32mBuilding CXX object CMakeFiles/interbotix_xs_msgs__rosidl_typesupport_fastrtps_cpp.dir/rosidl_typesupport_fastrtps_cpp/interbotix_xs_msgs/msg/detail/dds_fastrtps/hex_joy__type_support.cpp.o[0m
[61.136s] [ 45%] [32mBuilding CXX object CMakeFiles/interbotix_xs_msgs__rosidl_typesupport_introspection_cpp.dir/rosidl_typesupport_introspection_cpp/interbotix_xs_msgs/msg/detail/locobot_joy__type_support.cpp.o[0m
[62.449s] [ 45%] [32m[1mLinking CXX shared library libinterbotix_xs_msgs__rosidl_typesupport_fastrtps_cpp.so[0m
[62.777s] [ 45%] Built target interbotix_xs_msgs__rosidl_typesupport_fastrtps_cpp
[63.620s] [ 46%] [32mBuilding CXX object CMakeFiles/interbotix_xs_msgs__rosidl_typesupport_introspection_cpp.dir/rosidl_typesupport_introspection_cpp/interbotix_xs_msgs/msg/detail/joint_temps__type_support.cpp.o[0m
[64.522s] [ 46%] [32mBuilding CXX object CMakeFiles/interbotix_xs_msgs__rosidl_typesupport_introspection_cpp.dir/rosidl_typesupport_introspection_cpp/interbotix_xs_msgs/msg/detail/joint_single_command__type_support.cpp.o[0m
[65.270s] [ 47%] [32mBuilding CXX object CMakeFiles/interbotix_xs_msgs__rosidl_typesupport_introspection_cpp.dir/rosidl_typesupport_introspection_cpp/interbotix_xs_msgs/msg/detail/joint_group_command__type_support.cpp.o[0m
[66.797s] [ 48%] [32m[1mLinking CXX shared library libinterbotix_xs_msgs__rosidl_typesupport_introspection_cpp.so[0m
[67.778s] [ 48%] Built target interbotix_xs_msgs__rosidl_typesupport_introspection_cpp
[67.835s] [ 49%] [34m[1mGenerating C type support dispatch for ROS interfaces[0m
[80.345s] [ 49%] [32mBuilding CXX object CMakeFiles/interbotix_xs_msgs__rosidl_typesupport_c.dir/rosidl_typesupport_c/interbotix_xs_msgs/msg/arm_joy__type_support.cpp.o[0m
[80.457s] [ 50%] [32mBuilding CXX object CMakeFiles/interbotix_xs_msgs__rosidl_typesupport_c.dir/rosidl_typesupport_c/interbotix_xs_msgs/srv/torque_enable__type_support.cpp.o[0m
[80.576s] [ 50%] [32mBuilding CXX object CMakeFiles/interbotix_xs_msgs__rosidl_typesupport_c.dir/rosidl_typesupport_c/interbotix_xs_msgs/srv/robot_info__type_support.cpp.o[0m
[80.697s] [ 51%] [32mBuilding CXX object CMakeFiles/interbotix_xs_msgs__rosidl_typesupport_c.dir/rosidl_typesupport_c/interbotix_xs_msgs/srv/register_values__type_support.cpp.o[0m
[80.790s] [ 52%] [32mBuilding CXX object CMakeFiles/interbotix_xs_msgs__rosidl_typesupport_c.dir/rosidl_typesupport_c/interbotix_xs_msgs/srv/reboot__type_support.cpp.o[0m
[80.930s] [ 53%] [32mBuilding CXX object CMakeFiles/interbotix_xs_msgs__rosidl_typesupport_c.dir/rosidl_typesupport_c/interbotix_xs_msgs/srv/operating_modes__type_support.cpp.o[0m
[81.104s] [ 53%] [32mBuilding CXX object CMakeFiles/interbotix_xs_msgs__rosidl_typesupport_c.dir/rosidl_typesupport_c/interbotix_xs_msgs/srv/motor_gains__type_support.cpp.o[0m
[81.259s] [ 54%] [32mBuilding CXX object CMakeFiles/interbotix_xs_msgs__rosidl_typesupport_c.dir/rosidl_typesupport_c/interbotix_xs_msgs/msg/turret_joy__type_support.cpp.o[0m
[81.401s] [ 55%] [32mBuilding CXX object CMakeFiles/interbotix_xs_msgs__rosidl_typesupport_c.dir/rosidl_typesupport_c/interbotix_xs_msgs/msg/locobot_joy__type_support.cpp.o[0m
[81.549s] [ 56%] [32mBuilding CXX object CMakeFiles/interbotix_xs_msgs__rosidl_typesupport_c.dir/rosidl_typesupport_c/interbotix_xs_msgs/msg/joint_trajectory_command__type_support.cpp.o[0m
[81.661s] [ 56%] [32mBuilding CXX object CMakeFiles/interbotix_xs_msgs__rosidl_typesupport_c.dir/rosidl_typesupport_c/interbotix_xs_msgs/msg/joint_temps__type_support.cpp.o[0m
[81.793s] [ 57%] [32mBuilding CXX object CMakeFiles/interbotix_xs_msgs__rosidl_typesupport_c.dir/rosidl_typesupport_c/interbotix_xs_msgs/msg/joint_single_command__type_support.cpp.o[0m
[81.919s] [ 58%] [32mBuilding CXX object CMakeFiles/interbotix_xs_msgs__rosidl_typesupport_c.dir/rosidl_typesupport_c/interbotix_xs_msgs/msg/joint_group_command__type_support.cpp.o[0m
[82.044s] [ 59%] [32mBuilding CXX object CMakeFiles/interbotix_xs_msgs__rosidl_typesupport_c.dir/rosidl_typesupport_c/interbotix_xs_msgs/msg/hex_joy__type_support.cpp.o[0m
[82.207s] [ 60%] [32m[1mLinking CXX shared library libinterbotix_xs_msgs__rosidl_typesupport_c.so[0m
[82.422s] [ 60%] Built target interbotix_xs_msgs__rosidl_typesupport_c
[82.477s] [ 61%] [34m[1mGenerating C introspection for ROS interfaces[0m
[92.753s] [ 62%] [32mBuilding C object CMakeFiles/interbotix_xs_msgs__rosidl_typesupport_introspection_c.dir/rosidl_typesupport_introspection_c/interbotix_xs_msgs/msg/detail/arm_joy__type_support.c.o[0m
[92.837s] [ 62%] [32mBuilding C object CMakeFiles/interbotix_xs_msgs__rosidl_typesupport_introspection_c.dir/rosidl_typesupport_introspection_c/interbotix_xs_msgs/srv/detail/torque_enable__type_support.c.o[0m
[92.932s] [ 63%] [32mBuilding C object CMakeFiles/interbotix_xs_msgs__rosidl_typesupport_introspection_c.dir/rosidl_typesupport_introspection_c/interbotix_xs_msgs/srv/detail/robot_info__type_support.c.o[0m
[93.028s] [ 64%] [32mBuilding C object CMakeFiles/interbotix_xs_msgs__rosidl_typesupport_introspection_c.dir/rosidl_typesupport_introspection_c/interbotix_xs_msgs/srv/detail/register_values__type_support.c.o[0m
[93.186s] [ 65%] [32mBuilding C object CMakeFiles/interbotix_xs_msgs__rosidl_typesupport_introspection_c.dir/rosidl_typesupport_introspection_c/interbotix_xs_msgs/srv/detail/reboot__type_support.c.o[0m
[93.308s] [ 65%] [32mBuilding C object CMakeFiles/interbotix_xs_msgs__rosidl_typesupport_introspection_c.dir/rosidl_typesupport_introspection_c/interbotix_xs_msgs/srv/detail/operating_modes__type_support.c.o[0m
[93.430s] [ 66%] [32mBuilding C object CMakeFiles/interbotix_xs_msgs__rosidl_typesupport_introspection_c.dir/rosidl_typesupport_introspection_c/interbotix_xs_msgs/srv/detail/motor_gains__type_support.c.o[0m
[93.545s] [ 67%] [32mBuilding C object CMakeFiles/interbotix_xs_msgs__rosidl_typesupport_introspection_c.dir/rosidl_typesupport_introspection_c/interbotix_xs_msgs/msg/detail/turret_joy__type_support.c.o[0m
[93.671s] [ 67%] [32mBuilding C object CMakeFiles/interbotix_xs_msgs__rosidl_typesupport_introspection_c.dir/rosidl_typesupport_introspection_c/interbotix_xs_msgs/msg/detail/locobot_joy__type_support.c.o[0m
[93.861s] [ 68%] [32mBuilding C object CMakeFiles/interbotix_xs_msgs__rosidl_typesupport_introspection_c.dir/rosidl_typesupport_introspection_c/interbotix_xs_msgs/msg/detail/joint_trajectory_command__type_support.c.o[0m
[94.006s] [ 69%] [32mBuilding C object CMakeFiles/interbotix_xs_msgs__rosidl_typesupport_introspection_c.dir/rosidl_typesupport_introspection_c/interbotix_xs_msgs/msg/detail/joint_temps__type_support.c.o[0m
[94.166s] [ 70%] [32mBuilding C object CMakeFiles/interbotix_xs_msgs__rosidl_typesupport_introspection_c.dir/rosidl_typesupport_introspection_c/interbotix_xs_msgs/msg/detail/joint_single_command__type_support.c.o[0m
[94.320s] [ 70%] [32mBuilding C object CMakeFiles/interbotix_xs_msgs__rosidl_typesupport_introspection_c.dir/rosidl_typesupport_introspection_c/interbotix_xs_msgs/msg/detail/joint_group_command__type_support.c.o[0m
[94.464s] [ 71%] [32mBuilding C object CMakeFiles/interbotix_xs_msgs__rosidl_typesupport_introspection_c.dir/rosidl_typesupport_introspection_c/interbotix_xs_msgs/msg/detail/hex_joy__type_support.c.o[0m
[94.590s] [ 72%] [32m[1mLinking C shared library libinterbotix_xs_msgs__rosidl_typesupport_introspection_c.so[0m
[94.783s] [ 72%] Built target interbotix_xs_msgs__rosidl_typesupport_introspection_c
[94.822s] [ 73%] [34m[1mGenerating C type support for eProsima Fast-RTPS[0m
[107.375s] [ 74%] [32mBuilding CXX object CMakeFiles/interbotix_xs_msgs__rosidl_typesupport_fastrtps_c.dir/rosidl_typesupport_fastrtps_c/interbotix_xs_msgs/msg/detail/arm_joy__type_support_c.cpp.o[0m
[108.520s] [ 74%] [32mBuilding CXX object CMakeFiles/interbotix_xs_msgs__rosidl_typesupport_fastrtps_c.dir/rosidl_typesupport_fastrtps_c/interbotix_xs_msgs/srv/detail/torque_enable__type_support_c.cpp.o[0m
[109.967s] [ 75%] [32mBuilding CXX object CMakeFiles/interbotix_xs_msgs__rosidl_typesupport_fastrtps_c.dir/rosidl_typesupport_fastrtps_c/interbotix_xs_msgs/srv/detail/robot_info__type_support_c.cpp.o[0m
[111.308s] [ 76%] [32mBuilding CXX object CMakeFiles/interbotix_xs_msgs__rosidl_typesupport_fastrtps_c.dir/rosidl_typesupport_fastrtps_c/interbotix_xs_msgs/srv/detail/register_values__type_support_c.cpp.o[0m
[113.136s] [ 77%] [32mBuilding CXX object CMakeFiles/interbotix_xs_msgs__rosidl_typesupport_fastrtps_c.dir/rosidl_typesupport_fastrtps_c/interbotix_xs_msgs/srv/detail/reboot__type_support_c.cpp.o[0m
[114.432s] [ 77%] [32mBuilding CXX object CMakeFiles/interbotix_xs_msgs__rosidl_typesupport_fastrtps_c.dir/rosidl_typesupport_fastrtps_c/interbotix_xs_msgs/srv/detail/operating_modes__type_support_c.cpp.o[0m
[115.366s] [ 78%] [32mBuilding CXX object CMakeFiles/interbotix_xs_msgs__rosidl_typesupport_fastrtps_c.dir/rosidl_typesupport_fastrtps_c/interbotix_xs_msgs/srv/detail/motor_gains__type_support_c.cpp.o[0m
[116.336s] [ 79%] [32mBuilding CXX object CMakeFiles/interbotix_xs_msgs__rosidl_typesupport_fastrtps_c.dir/rosidl_typesupport_fastrtps_c/interbotix_xs_msgs/msg/detail/turret_joy__type_support_c.cpp.o[0m
[117.378s] [ 80%] [32mBuilding CXX object CMakeFiles/interbotix_xs_msgs__rosidl_typesupport_fastrtps_c.dir/rosidl_typesupport_fastrtps_c/interbotix_xs_msgs/msg/detail/locobot_joy__type_support_c.cpp.o[0m
[118.746s] [ 80%] [32mBuilding CXX object CMakeFiles/interbotix_xs_msgs__rosidl_typesupport_fastrtps_c.dir/rosidl_typesupport_fastrtps_c/interbotix_xs_msgs/msg/detail/joint_trajectory_command__type_support_c.cpp.o[0m
[119.546s] [ 81%] [32mBuilding CXX object CMakeFiles/interbotix_xs_msgs__rosidl_typesupport_fastrtps_c.dir/rosidl_typesupport_fastrtps_c/interbotix_xs_msgs/msg/detail/joint_temps__type_support_c.cpp.o[0m
[120.405s] [ 82%] [32mBuilding CXX object CMakeFiles/interbotix_xs_msgs__rosidl_typesupport_fastrtps_c.dir/rosidl_typesupport_fastrtps_c/interbotix_xs_msgs/msg/detail/joint_single_command__type_support_c.cpp.o[0m
[121.449s] [ 83%] [32mBuilding CXX object CMakeFiles/interbotix_xs_msgs__rosidl_typesupport_fastrtps_c.dir/rosidl_typesupport_fastrtps_c/interbotix_xs_msgs/msg/detail/joint_group_command__type_support_c.cpp.o[0m
[122.292s] [ 83%] [32mBuilding CXX object CMakeFiles/interbotix_xs_msgs__rosidl_typesupport_fastrtps_c.dir/rosidl_typesupport_fastrtps_c/interbotix_xs_msgs/msg/detail/hex_joy__type_support_c.cpp.o[0m
[122.997s] [ 84%] [32m[1mLinking CXX shared library libinterbotix_xs_msgs__rosidl_typesupport_fastrtps_c.so[0m
[123.492s] [ 84%] Built target interbotix_xs_msgs__rosidl_typesupport_fastrtps_c
[123.566s] [ 84%] Built target interbotix_xs_msgs
[123.676s] [ 85%] [34m[1mGenerating Python code for ROS interfaces[0m
[132.333s] [ 85%] Built target interbotix_xs_msgs__py
[132.355s] [ 86%] [32mBuilding C object CMakeFiles/interbotix_xs_msgs__rosidl_generator_py.dir/rosidl_generator_py/interbotix_xs_msgs/msg/_arm_joy_s.c.o[0m
[132.450s] [ 87%] [32mBuilding C object CMakeFiles/interbotix_xs_msgs__rosidl_generator_py.dir/rosidl_generator_py/interbotix_xs_msgs/srv/_torque_enable_s.c.o[0m
[132.556s] [ 87%] [32mBuilding C object CMakeFiles/interbotix_xs_msgs__rosidl_generator_py.dir/rosidl_generator_py/interbotix_xs_msgs/srv/_robot_info_s.c.o[0m
[132.696s] [ 88%] [32mBuilding C object CMakeFiles/interbotix_xs_msgs__rosidl_generator_py.dir/rosidl_generator_py/interbotix_xs_msgs/srv/_register_values_s.c.o[0m
[132.801s] [ 89%] [32mBuilding C object CMakeFiles/interbotix_xs_msgs__rosidl_generator_py.dir/rosidl_generator_py/interbotix_xs_msgs/srv/_reboot_s.c.o[0m
[132.909s] [ 89%] [32mBuilding C object CMakeFiles/interbotix_xs_msgs__rosidl_generator_py.dir/rosidl_generator_py/interbotix_xs_msgs/srv/_operating_modes_s.c.o[0m
[133.015s] [ 90%] [32mBuilding C object CMakeFiles/interbotix_xs_msgs__rosidl_generator_py.dir/rosidl_generator_py/interbotix_xs_msgs/srv/_motor_gains_s.c.o[0m
[133.118s] [ 91%] [32mBuilding C object CMakeFiles/interbotix_xs_msgs__rosidl_generator_py.dir/rosidl_generator_py/interbotix_xs_msgs/msg/_turret_joy_s.c.o[0m
[133.209s] [ 92%] [32mBuilding C object CMakeFiles/interbotix_xs_msgs__rosidl_generator_py.dir/rosidl_generator_py/interbotix_xs_msgs/msg/_locobot_joy_s.c.o[0m
[133.313s] [ 92%] [32mBuilding C object CMakeFiles/interbotix_xs_msgs__rosidl_generator_py.dir/rosidl_generator_py/interbotix_xs_msgs/msg/_joint_trajectory_command_s.c.o[0m
[133.411s] [ 93%] [32mBuilding C object CMakeFiles/interbotix_xs_msgs__rosidl_generator_py.dir/rosidl_generator_py/interbotix_xs_msgs/msg/_joint_temps_s.c.o[0m
[133.570s] [ 94%] [32mBuilding C object CMakeFiles/interbotix_xs_msgs__rosidl_generator_py.dir/rosidl_generator_py/interbotix_xs_msgs/msg/_joint_single_command_s.c.o[0m
[133.725s] [ 95%] [32mBuilding C object CMakeFiles/interbotix_xs_msgs__rosidl_generator_py.dir/rosidl_generator_py/interbotix_xs_msgs/msg/_joint_group_command_s.c.o[0m
[133.886s] [ 95%] [32mBuilding C object CMakeFiles/interbotix_xs_msgs__rosidl_generator_py.dir/rosidl_generator_py/interbotix_xs_msgs/msg/_hex_joy_s.c.o[0m
[134.006s] [ 96%] [32m[1mLinking C shared library rosidl_generator_py/interbotix_xs_msgs/libinterbotix_xs_msgs__rosidl_generator_py.so[0m
[134.067s] [ 96%] Built target interbotix_xs_msgs__rosidl_generator_py
[134.089s] [ 97%] [32mBuilding C object CMakeFiles/interbotix_xs_msgs__rosidl_typesupport_fastrtps_c__pyext.dir/rosidl_generator_py/interbotix_xs_msgs/_interbotix_xs_msgs_s.ep.rosidl_typesupport_fastrtps_c.c.o[0m
[134.242s] [ 97%] [32m[1mLinking C shared library rosidl_generator_py/interbotix_xs_msgs/interbotix_xs_msgs_s__rosidl_typesupport_fastrtps_c.cpython-310-x86_64-linux-gnu.so[0m
[134.307s] [ 97%] Built target interbotix_xs_msgs__rosidl_typesupport_fastrtps_c__pyext
[134.339s] [ 98%] [32mBuilding C object CMakeFiles/interbotix_xs_msgs__rosidl_typesupport_c__pyext.dir/rosidl_generator_py/interbotix_xs_msgs/_interbotix_xs_msgs_s.ep.rosidl_typesupport_c.c.o[0m
[134.554s] [ 98%] [32m[1mLinking C shared library rosidl_generator_py/interbotix_xs_msgs/interbotix_xs_msgs_s__rosidl_typesupport_c.cpython-310-x86_64-linux-gnu.so[0m
[134.604s] [ 98%] Built target interbotix_xs_msgs__rosidl_typesupport_c__pyext
[134.626s] [ 99%] [32mBuilding C object CMakeFiles/interbotix_xs_msgs__rosidl_typesupport_introspection_c__pyext.dir/rosidl_generator_py/interbotix_xs_msgs/_interbotix_xs_msgs_s.ep.rosidl_typesupport_introspection_c.c.o[0m
[134.793s] [100%] [32m[1mLinking C shared library rosidl_generator_py/interbotix_xs_msgs/interbotix_xs_msgs_s__rosidl_typesupport_introspection_c.cpython-310-x86_64-linux-gnu.so[0m
[134.844s] [100%] Built target interbotix_xs_msgs__rosidl_typesupport_introspection_c__pyext
[134.863s] Invoked command in '/home/wellyowo/locobot_sim/locobot_ws/build/interbotix_xs_msgs' returned '0': CMAKE_PREFIX_PATH=/opt/ros/humble /usr/bin/cmake --build /home/wellyowo/locobot_sim/locobot_ws/build/interbotix_xs_msgs -- -j16 -l16
[134.865s] Invoking command in '/home/wellyowo/locobot_sim/locobot_ws/build/interbotix_xs_msgs': CMAKE_PREFIX_PATH=/opt/ros/humble /usr/bin/cmake --install /home/wellyowo/locobot_sim/locobot_ws/build/interbotix_xs_msgs
[134.874s] -- Install configuration: ""
[134.874s] -- Execute custom install script
[134.874s] -- Symlinking: /home/wellyowo/locobot_sim/locobot_ws/install/interbotix_xs_msgs/share/ament_index/resource_index/rosidl_interfaces/interbotix_xs_msgs
[134.885s] -- Symlinking: /home/wellyowo/locobot_sim/locobot_ws/install/interbotix_xs_msgs/include/interbotix_xs_msgs/interbotix_xs_msgs/msg/arm_joy.h
[134.896s] -- Symlinking: /home/wellyowo/locobot_sim/locobot_ws/install/interbotix_xs_msgs/include/interbotix_xs_msgs/interbotix_xs_msgs/msg/detail/arm_joy__functions.h
[134.907s] -- Symlinking: /home/wellyowo/locobot_sim/locobot_ws/install/interbotix_xs_msgs/include/interbotix_xs_msgs/interbotix_xs_msgs/msg/detail/arm_joy__struct.h
[134.920s] -- Symlinking: /home/wellyowo/locobot_sim/locobot_ws/install/interbotix_xs_msgs/include/interbotix_xs_msgs/interbotix_xs_msgs/msg/detail/arm_joy__type_support.h
[134.930s] -- Symlinking: /home/wellyowo/locobot_sim/locobot_ws/install/interbotix_xs_msgs/include/interbotix_xs_msgs/interbotix_xs_msgs/msg/detail/hex_joy__functions.h
[134.941s] -- Symlinking: /home/wellyowo/locobot_sim/locobot_ws/install/interbotix_xs_msgs/include/interbotix_xs_msgs/interbotix_xs_msgs/msg/detail/hex_joy__struct.h
[134.952s] -- Symlinking: /home/wellyowo/locobot_sim/locobot_ws/install/interbotix_xs_msgs/include/interbotix_xs_msgs/interbotix_xs_msgs/msg/detail/hex_joy__type_support.h
[134.963s] -- Symlinking: /home/wellyowo/locobot_sim/locobot_ws/install/interbotix_xs_msgs/include/interbotix_xs_msgs/interbotix_xs_msgs/msg/detail/joint_group_command__functions.h
[134.973s] -- Symlinking: /home/wellyowo/locobot_sim/locobot_ws/install/interbotix_xs_msgs/include/interbotix_xs_msgs/interbotix_xs_msgs/msg/detail/joint_group_command__struct.h
[134.983s] -- Symlinking: /home/wellyowo/locobot_sim/locobot_ws/install/interbotix_xs_msgs/include/interbotix_xs_msgs/interbotix_xs_msgs/msg/detail/joint_group_command__type_support.h
[134.992s] -- Symlinking: /home/wellyowo/locobot_sim/locobot_ws/install/interbotix_xs_msgs/include/interbotix_xs_msgs/interbotix_xs_msgs/msg/detail/joint_single_command__functions.h
[135.004s] -- Symlinking: /home/wellyowo/locobot_sim/locobot_ws/install/interbotix_xs_msgs/include/interbotix_xs_msgs/interbotix_xs_msgs/msg/detail/joint_single_command__struct.h
[135.014s] -- Symlinking: /home/wellyowo/locobot_sim/locobot_ws/install/interbotix_xs_msgs/include/interbotix_xs_msgs/interbotix_xs_msgs/msg/detail/joint_single_command__type_support.h
[135.024s] -- Symlinking: /home/wellyowo/locobot_sim/locobot_ws/install/interbotix_xs_msgs/include/interbotix_xs_msgs/interbotix_xs_msgs/msg/detail/joint_temps__functions.h
[135.034s] -- Symlinking: /home/wellyowo/locobot_sim/locobot_ws/install/interbotix_xs_msgs/include/interbotix_xs_msgs/interbotix_xs_msgs/msg/detail/joint_temps__struct.h
[135.046s] -- Symlinking: /home/wellyowo/locobot_sim/locobot_ws/install/interbotix_xs_msgs/include/interbotix_xs_msgs/interbotix_xs_msgs/msg/detail/joint_temps__type_support.h
[135.055s] -- Symlinking: /home/wellyowo/locobot_sim/locobot_ws/install/interbotix_xs_msgs/include/interbotix_xs_msgs/interbotix_xs_msgs/msg/detail/joint_trajectory_command__functions.h
[135.065s] -- Symlinking: /home/wellyowo/locobot_sim/locobot_ws/install/interbotix_xs_msgs/include/interbotix_xs_msgs/interbotix_xs_msgs/msg/detail/joint_trajectory_command__struct.h
[135.075s] -- Symlinking: /home/wellyowo/locobot_sim/locobot_ws/install/interbotix_xs_msgs/include/interbotix_xs_msgs/interbotix_xs_msgs/msg/detail/joint_trajectory_command__type_support.h
[135.092s] -- Symlinking: /home/wellyowo/locobot_sim/locobot_ws/install/interbotix_xs_msgs/include/interbotix_xs_msgs/interbotix_xs_msgs/msg/detail/locobot_joy__functions.h
[135.109s] -- Symlinking: /home/wellyowo/locobot_sim/locobot_ws/install/interbotix_xs_msgs/include/interbotix_xs_msgs/interbotix_xs_msgs/msg/detail/locobot_joy__struct.h
[135.123s] -- Symlinking: /home/wellyowo/locobot_sim/locobot_ws/install/interbotix_xs_msgs/include/interbotix_xs_msgs/interbotix_xs_msgs/msg/detail/locobot_joy__type_support.h
[135.137s] -- Symlinking: /home/wellyowo/locobot_sim/locobot_ws/install/interbotix_xs_msgs/include/interbotix_xs_msgs/interbotix_xs_msgs/msg/detail/turret_joy__functions.h
[135.180s] -- Symlinking: /home/wellyowo/locobot_sim/locobot_ws/install/interbotix_xs_msgs/include/interbotix_xs_msgs/interbotix_xs_msgs/msg/detail/turret_joy__struct.h
[135.198s] -- Symlinking: /home/wellyowo/locobot_sim/locobot_ws/install/interbotix_xs_msgs/include/interbotix_xs_msgs/interbotix_xs_msgs/msg/detail/turret_joy__type_support.h
[135.210s] -- Symlinking: /home/wellyowo/locobot_sim/locobot_ws/install/interbotix_xs_msgs/include/interbotix_xs_msgs/interbotix_xs_msgs/msg/hex_joy.h
[135.222s] -- Symlinking: /home/wellyowo/locobot_sim/locobot_ws/install/interbotix_xs_msgs/include/interbotix_xs_msgs/interbotix_xs_msgs/msg/joint_group_command.h
[135.238s] -- Symlinking: /home/wellyowo/locobot_sim/locobot_ws/install/interbotix_xs_msgs/include/interbotix_xs_msgs/interbotix_xs_msgs/msg/joint_single_command.h
[135.255s] -- Symlinking: /home/wellyowo/locobot_sim/locobot_ws/install/interbotix_xs_msgs/include/interbotix_xs_msgs/interbotix_xs_msgs/msg/joint_temps.h
[135.270s] -- Symlinking: /home/wellyowo/locobot_sim/locobot_ws/install/interbotix_xs_msgs/include/interbotix_xs_msgs/interbotix_xs_msgs/msg/joint_trajectory_command.h
[135.286s] -- Symlinking: /home/wellyowo/locobot_sim/locobot_ws/install/interbotix_xs_msgs/include/interbotix_xs_msgs/interbotix_xs_msgs/msg/locobot_joy.h
[135.304s] -- Symlinking: /home/wellyowo/locobot_sim/locobot_ws/install/interbotix_xs_msgs/include/interbotix_xs_msgs/interbotix_xs_msgs/msg/rosidl_generator_c__visibility_control.h
[135.316s] -- Symlinking: /home/wellyowo/locobot_sim/locobot_ws/install/interbotix_xs_msgs/include/interbotix_xs_msgs/interbotix_xs_msgs/msg/turret_joy.h
[135.325s] -- Symlinking: /home/wellyowo/locobot_sim/locobot_ws/install/interbotix_xs_msgs/include/interbotix_xs_msgs/interbotix_xs_msgs/srv/detail/motor_gains__functions.h
[135.336s] -- Symlinking: /home/wellyowo/locobot_sim/locobot_ws/install/interbotix_xs_msgs/include/interbotix_xs_msgs/interbotix_xs_msgs/srv/detail/motor_gains__struct.h
[135.347s] -- Symlinking: /home/wellyowo/locobot_sim/locobot_ws/install/interbotix_xs_msgs/include/interbotix_xs_msgs/interbotix_xs_msgs/srv/detail/motor_gains__type_support.h
[135.360s] -- Symlinking: /home/wellyowo/locobot_sim/locobot_ws/install/interbotix_xs_msgs/include/interbotix_xs_msgs/interbotix_xs_msgs/srv/detail/operating_modes__functions.h
[135.371s] -- Symlinking: /home/wellyowo/locobot_sim/locobot_ws/install/interbotix_xs_msgs/include/interbotix_xs_msgs/interbotix_xs_msgs/srv/detail/operating_modes__struct.h
[135.382s] -- Symlinking: /home/wellyowo/locobot_sim/locobot_ws/install/interbotix_xs_msgs/include/interbotix_xs_msgs/interbotix_xs_msgs/srv/detail/operating_modes__type_support.h
[135.391s] -- Symlinking: /home/wellyowo/locobot_sim/locobot_ws/install/interbotix_xs_msgs/include/interbotix_xs_msgs/interbotix_xs_msgs/srv/detail/reboot__functions.h
[135.401s] -- Symlinking: /home/wellyowo/locobot_sim/locobot_ws/install/interbotix_xs_msgs/include/interbotix_xs_msgs/interbotix_xs_msgs/srv/detail/reboot__struct.h
[135.411s] -- Symlinking: /home/wellyowo/locobot_sim/locobot_ws/install/interbotix_xs_msgs/include/interbotix_xs_msgs/interbotix_xs_msgs/srv/detail/reboot__type_support.h
[135.421s] -- Symlinking: /home/wellyowo/locobot_sim/locobot_ws/install/interbotix_xs_msgs/include/interbotix_xs_msgs/interbotix_xs_msgs/srv/detail/register_values__functions.h
[135.430s] -- Symlinking: /home/wellyowo/locobot_sim/locobot_ws/install/interbotix_xs_msgs/include/interbotix_xs_msgs/interbotix_xs_msgs/srv/detail/register_values__struct.h
[135.440s] -- Symlinking: /home/wellyowo/locobot_sim/locobot_ws/install/interbotix_xs_msgs/include/interbotix_xs_msgs/interbotix_xs_msgs/srv/detail/register_values__type_support.h
[135.449s] -- Symlinking: /home/wellyowo/locobot_sim/locobot_ws/install/interbotix_xs_msgs/include/interbotix_xs_msgs/interbotix_xs_msgs/srv/detail/robot_info__functions.h
[135.458s] -- Symlinking: /home/wellyowo/locobot_sim/locobot_ws/install/interbotix_xs_msgs/include/interbotix_xs_msgs/interbotix_xs_msgs/srv/detail/robot_info__struct.h
[135.468s] -- Symlinking: /home/wellyowo/locobot_sim/locobot_ws/install/interbotix_xs_msgs/include/interbotix_xs_msgs/interbotix_xs_msgs/srv/detail/robot_info__type_support.h
[135.477s] -- Symlinking: /home/wellyowo/locobot_sim/locobot_ws/install/interbotix_xs_msgs/include/interbotix_xs_msgs/interbotix_xs_msgs/srv/detail/torque_enable__functions.h
[135.486s] -- Symlinking: /home/wellyowo/locobot_sim/locobot_ws/install/interbotix_xs_msgs/include/interbotix_xs_msgs/interbotix_xs_msgs/srv/detail/torque_enable__struct.h
[135.496s] -- Symlinking: /home/wellyowo/locobot_sim/locobot_ws/install/interbotix_xs_msgs/include/interbotix_xs_msgs/interbotix_xs_msgs/srv/detail/torque_enable__type_support.h
[135.505s] -- Symlinking: /home/wellyowo/locobot_sim/locobot_ws/install/interbotix_xs_msgs/include/interbotix_xs_msgs/interbotix_xs_msgs/srv/motor_gains.h
[135.515s] -- Symlinking: /home/wellyowo/locobot_sim/locobot_ws/install/interbotix_xs_msgs/include/interbotix_xs_msgs/interbotix_xs_msgs/srv/operating_modes.h
[135.525s] -- Symlinking: /home/wellyowo/locobot_sim/locobot_ws/install/interbotix_xs_msgs/include/interbotix_xs_msgs/interbotix_xs_msgs/srv/reboot.h
[135.535s] -- Symlinking: /home/wellyowo/locobot_sim/locobot_ws/install/interbotix_xs_msgs/include/interbotix_xs_msgs/interbotix_xs_msgs/srv/register_values.h
[135.545s] -- Symlinking: /home/wellyowo/locobot_sim/locobot_ws/install/interbotix_xs_msgs/include/interbotix_xs_msgs/interbotix_xs_msgs/srv/robot_info.h
[135.555s] -- Symlinking: /home/wellyowo/locobot_sim/locobot_ws/install/interbotix_xs_msgs/include/interbotix_xs_msgs/interbotix_xs_msgs/srv/torque_enable.h
[135.566s] -- Symlinking: /home/wellyowo/locobot_sim/locobot_ws/install/interbotix_xs_msgs/share/interbotix_xs_msgs/environment/library_path.sh
[135.577s] -- Symlinking: /home/wellyowo/locobot_sim/locobot_ws/install/interbotix_xs_msgs/share/interbotix_xs_msgs/environment/library_path.dsv
[135.589s] -- Symlinking: /home/wellyowo/locobot_sim/locobot_ws/install/interbotix_xs_msgs/include/interbotix_xs_msgs/interbotix_xs_msgs/msg/detail/arm_joy__rosidl_typesupport_fastrtps_c.h
[135.599s] -- Symlinking: /home/wellyowo/locobot_sim/locobot_ws/install/interbotix_xs_msgs/include/interbotix_xs_msgs/interbotix_xs_msgs/msg/detail/hex_joy__rosidl_typesupport_fastrtps_c.h
[135.611s] -- Symlinking: /home/wellyowo/locobot_sim/locobot_ws/install/interbotix_xs_msgs/include/interbotix_xs_msgs/interbotix_xs_msgs/msg/detail/joint_group_command__rosidl_typesupport_fastrtps_c.h
[135.622s] -- Symlinking: /home/wellyowo/locobot_sim/locobot_ws/install/interbotix_xs_msgs/include/interbotix_xs_msgs/interbotix_xs_msgs/msg/detail/joint_single_command__rosidl_typesupport_fastrtps_c.h
[135.631s] -- Symlinking: /home/wellyowo/locobot_sim/locobot_ws/install/interbotix_xs_msgs/include/interbotix_xs_msgs/interbotix_xs_msgs/msg/detail/joint_temps__rosidl_typesupport_fastrtps_c.h
[135.640s] -- Symlinking: /home/wellyowo/locobot_sim/locobot_ws/install/interbotix_xs_msgs/include/interbotix_xs_msgs/interbotix_xs_msgs/msg/detail/joint_trajectory_command__rosidl_typesupport_fastrtps_c.h
[135.650s] -- Symlinking: /home/wellyowo/locobot_sim/locobot_ws/install/interbotix_xs_msgs/include/interbotix_xs_msgs/interbotix_xs_msgs/msg/detail/locobot_joy__rosidl_typesupport_fastrtps_c.h
[135.659s] -- Symlinking: /home/wellyowo/locobot_sim/locobot_ws/install/interbotix_xs_msgs/include/interbotix_xs_msgs/interbotix_xs_msgs/msg/detail/turret_joy__rosidl_typesupport_fastrtps_c.h
[135.669s] -- Symlinking: /home/wellyowo/locobot_sim/locobot_ws/install/interbotix_xs_msgs/include/interbotix_xs_msgs/interbotix_xs_msgs/msg/rosidl_typesupport_fastrtps_c__visibility_control.h
[135.678s] -- Symlinking: /home/wellyowo/locobot_sim/locobot_ws/install/interbotix_xs_msgs/include/interbotix_xs_msgs/interbotix_xs_msgs/srv/detail/motor_gains__rosidl_typesupport_fastrtps_c.h
[135.688s] -- Symlinking: /home/wellyowo/locobot_sim/locobot_ws/install/interbotix_xs_msgs/include/interbotix_xs_msgs/interbotix_xs_msgs/srv/detail/operating_modes__rosidl_typesupport_fastrtps_c.h
[135.698s] -- Symlinking: /home/wellyowo/locobot_sim/locobot_ws/install/interbotix_xs_msgs/include/interbotix_xs_msgs/interbotix_xs_msgs/srv/detail/reboot__rosidl_typesupport_fastrtps_c.h
[135.708s] -- Symlinking: /home/wellyowo/locobot_sim/locobot_ws/install/interbotix_xs_msgs/include/interbotix_xs_msgs/interbotix_xs_msgs/srv/detail/register_values__rosidl_typesupport_fastrtps_c.h
[135.718s] -- Symlinking: /home/wellyowo/locobot_sim/locobot_ws/install/interbotix_xs_msgs/include/interbotix_xs_msgs/interbotix_xs_msgs/srv/detail/robot_info__rosidl_typesupport_fastrtps_c.h
[135.730s] -- Symlinking: /home/wellyowo/locobot_sim/locobot_ws/install/interbotix_xs_msgs/include/interbotix_xs_msgs/interbotix_xs_msgs/srv/detail/torque_enable__rosidl_typesupport_fastrtps_c.h
[135.741s] -- Symlinking: /home/wellyowo/locobot_sim/locobot_ws/install/interbotix_xs_msgs/include/interbotix_xs_msgs/interbotix_xs_msgs/msg/detail/arm_joy__rosidl_typesupport_introspection_c.h
[135.752s] -- Symlinking: /home/wellyowo/locobot_sim/locobot_ws/install/interbotix_xs_msgs/include/interbotix_xs_msgs/interbotix_xs_msgs/msg/detail/hex_joy__rosidl_typesupport_introspection_c.h
[135.762s] -- Symlinking: /home/wellyowo/locobot_sim/locobot_ws/install/interbotix_xs_msgs/include/interbotix_xs_msgs/interbotix_xs_msgs/msg/detail/joint_group_command__rosidl_typesupport_introspection_c.h
[135.773s] -- Symlinking: /home/wellyowo/locobot_sim/locobot_ws/install/interbotix_xs_msgs/include/interbotix_xs_msgs/interbotix_xs_msgs/msg/detail/joint_single_command__rosidl_typesupport_introspection_c.h
[135.783s] -- Symlinking: /home/wellyowo/locobot_sim/locobot_ws/install/interbotix_xs_msgs/include/interbotix_xs_msgs/interbotix_xs_msgs/msg/detail/joint_temps__rosidl_typesupport_introspection_c.h
[135.794s] -- Symlinking: /home/wellyowo/locobot_sim/locobot_ws/install/interbotix_xs_msgs/include/interbotix_xs_msgs/interbotix_xs_msgs/msg/detail/joint_trajectory_command__rosidl_typesupport_introspection_c.h
[135.804s] -- Symlinking: /home/wellyowo/locobot_sim/locobot_ws/install/interbotix_xs_msgs/include/interbotix_xs_msgs/interbotix_xs_msgs/msg/detail/locobot_joy__rosidl_typesupport_introspection_c.h
[135.814s] -- Symlinking: /home/wellyowo/locobot_sim/locobot_ws/install/interbotix_xs_msgs/include/interbotix_xs_msgs/interbotix_xs_msgs/msg/detail/turret_joy__rosidl_typesupport_introspection_c.h
[135.825s] -- Symlinking: /home/wellyowo/locobot_sim/locobot_ws/install/interbotix_xs_msgs/include/interbotix_xs_msgs/interbotix_xs_msgs/msg/rosidl_typesupport_introspection_c__visibility_control.h
[135.836s] -- Symlinking: /home/wellyowo/locobot_sim/locobot_ws/install/interbotix_xs_msgs/include/interbotix_xs_msgs/interbotix_xs_msgs/srv/detail/motor_gains__rosidl_typesupport_introspection_c.h
[135.846s] -- Symlinking: /home/wellyowo/locobot_sim/locobot_ws/install/interbotix_xs_msgs/include/interbotix_xs_msgs/interbotix_xs_msgs/srv/detail/operating_modes__rosidl_typesupport_introspection_c.h
[135.855s] -- Symlinking: /home/wellyowo/locobot_sim/locobot_ws/install/interbotix_xs_msgs/include/interbotix_xs_msgs/interbotix_xs_msgs/srv/detail/reboot__rosidl_typesupport_introspection_c.h
[135.866s] -- Symlinking: /home/wellyowo/locobot_sim/locobot_ws/install/interbotix_xs_msgs/include/interbotix_xs_msgs/interbotix_xs_msgs/srv/detail/register_values__rosidl_typesupport_introspection_c.h
[135.875s] -- Symlinking: /home/wellyowo/locobot_sim/locobot_ws/install/interbotix_xs_msgs/include/interbotix_xs_msgs/interbotix_xs_msgs/srv/detail/robot_info__rosidl_typesupport_introspection_c.h
[135.886s] -- Symlinking: /home/wellyowo/locobot_sim/locobot_ws/install/interbotix_xs_msgs/include/interbotix_xs_msgs/interbotix_xs_msgs/srv/detail/torque_enable__rosidl_typesupport_introspection_c.h
[135.897s] -- Symlinking: /home/wellyowo/locobot_sim/locobot_ws/install/interbotix_xs_msgs/include/interbotix_xs_msgs/interbotix_xs_msgs/msg/arm_joy.hpp
[135.907s] -- Symlinking: /home/wellyowo/locobot_sim/locobot_ws/install/interbotix_xs_msgs/include/interbotix_xs_msgs/interbotix_xs_msgs/msg/detail/arm_joy__builder.hpp
[135.916s] -- Symlinking: /home/wellyowo/locobot_sim/locobot_ws/install/interbotix_xs_msgs/include/interbotix_xs_msgs/interbotix_xs_msgs/msg/detail/arm_joy__struct.hpp
[135.925s] -- Symlinking: /home/wellyowo/locobot_sim/locobot_ws/install/interbotix_xs_msgs/include/interbotix_xs_msgs/interbotix_xs_msgs/msg/detail/arm_joy__traits.hpp
[135.936s] -- Symlinking: /home/wellyowo/locobot_sim/locobot_ws/install/interbotix_xs_msgs/include/interbotix_xs_msgs/interbotix_xs_msgs/msg/detail/arm_joy__type_support.hpp
[135.947s] -- Symlinking: /home/wellyowo/locobot_sim/locobot_ws/install/interbotix_xs_msgs/include/interbotix_xs_msgs/interbotix_xs_msgs/msg/detail/hex_joy__builder.hpp
[135.961s] -- Symlinking: /home/wellyowo/locobot_sim/locobot_ws/install/interbotix_xs_msgs/include/interbotix_xs_msgs/interbotix_xs_msgs/msg/detail/hex_joy__struct.hpp
[135.974s] -- Symlinking: /home/wellyowo/locobot_sim/locobot_ws/install/interbotix_xs_msgs/include/interbotix_xs_msgs/interbotix_xs_msgs/msg/detail/hex_joy__traits.hpp
[135.984s] -- Symlinking: /home/wellyowo/locobot_sim/locobot_ws/install/interbotix_xs_msgs/include/interbotix_xs_msgs/interbotix_xs_msgs/msg/detail/hex_joy__type_support.hpp
[135.994s] -- Symlinking: /home/wellyowo/locobot_sim/locobot_ws/install/interbotix_xs_msgs/include/interbotix_xs_msgs/interbotix_xs_msgs/msg/detail/joint_group_command__builder.hpp
[136.002s] -- Symlinking: /home/wellyowo/locobot_sim/locobot_ws/install/interbotix_xs_msgs/include/interbotix_xs_msgs/interbotix_xs_msgs/msg/detail/joint_group_command__struct.hpp
[136.012s] -- Symlinking: /home/wellyowo/locobot_sim/locobot_ws/install/interbotix_xs_msgs/include/interbotix_xs_msgs/interbotix_xs_msgs/msg/detail/joint_group_command__traits.hpp
[136.022s] -- Symlinking: /home/wellyowo/locobot_sim/locobot_ws/install/interbotix_xs_msgs/include/interbotix_xs_msgs/interbotix_xs_msgs/msg/detail/joint_group_command__type_support.hpp
[136.031s] -- Symlinking: /home/wellyowo/locobot_sim/locobot_ws/install/interbotix_xs_msgs/include/interbotix_xs_msgs/interbotix_xs_msgs/msg/detail/joint_single_command__builder.hpp
[136.040s] -- Symlinking: /home/wellyowo/locobot_sim/locobot_ws/install/interbotix_xs_msgs/include/interbotix_xs_msgs/interbotix_xs_msgs/msg/detail/joint_single_command__struct.hpp
[136.051s] -- Symlinking: /home/wellyowo/locobot_sim/locobot_ws/install/interbotix_xs_msgs/include/interbotix_xs_msgs/interbotix_xs_msgs/msg/detail/joint_single_command__traits.hpp
[136.061s] -- Symlinking: /home/wellyowo/locobot_sim/locobot_ws/install/interbotix_xs_msgs/include/interbotix_xs_msgs/interbotix_xs_msgs/msg/detail/joint_single_command__type_support.hpp
[136.072s] -- Symlinking: /home/wellyowo/locobot_sim/locobot_ws/install/interbotix_xs_msgs/include/interbotix_xs_msgs/interbotix_xs_msgs/msg/detail/joint_temps__builder.hpp
[136.083s] -- Symlinking: /home/wellyowo/locobot_sim/locobot_ws/install/interbotix_xs_msgs/include/interbotix_xs_msgs/interbotix_xs_msgs/msg/detail/joint_temps__struct.hpp
[136.093s] -- Symlinking: /home/wellyowo/locobot_sim/locobot_ws/install/interbotix_xs_msgs/include/interbotix_xs_msgs/interbotix_xs_msgs/msg/detail/joint_temps__traits.hpp
[136.102s] -- Symlinking: /home/wellyowo/locobot_sim/locobot_ws/install/interbotix_xs_msgs/include/interbotix_xs_msgs/interbotix_xs_msgs/msg/detail/joint_temps__type_support.hpp
[136.112s] -- Symlinking: /home/wellyowo/locobot_sim/locobot_ws/install/interbotix_xs_msgs/include/interbotix_xs_msgs/interbotix_xs_msgs/msg/detail/joint_trajectory_command__builder.hpp
[136.121s] -- Symlinking: /home/wellyowo/locobot_sim/locobot_ws/install/interbotix_xs_msgs/include/interbotix_xs_msgs/interbotix_xs_msgs/msg/detail/joint_trajectory_command__struct.hpp
[136.132s] -- Symlinking: /home/wellyowo/locobot_sim/locobot_ws/install/interbotix_xs_msgs/include/interbotix_xs_msgs/interbotix_xs_msgs/msg/detail/joint_trajectory_command__traits.hpp
[136.142s] -- Symlinking: /home/wellyowo/locobot_sim/locobot_ws/install/interbotix_xs_msgs/include/interbotix_xs_msgs/interbotix_xs_msgs/msg/detail/joint_trajectory_command__type_support.hpp
[136.154s] -- Symlinking: /home/wellyowo/locobot_sim/locobot_ws/install/interbotix_xs_msgs/include/interbotix_xs_msgs/interbotix_xs_msgs/msg/detail/locobot_joy__builder.hpp
[136.169s] -- Symlinking: /home/wellyowo/locobot_sim/locobot_ws/install/interbotix_xs_msgs/include/interbotix_xs_msgs/interbotix_xs_msgs/msg/detail/locobot_joy__struct.hpp
[136.180s] -- Symlinking: /home/wellyowo/locobot_sim/locobot_ws/install/interbotix_xs_msgs/include/interbotix_xs_msgs/interbotix_xs_msgs/msg/detail/locobot_joy__traits.hpp
[136.190s] -- Symlinking: /home/wellyowo/locobot_sim/locobot_ws/install/interbotix_xs_msgs/include/interbotix_xs_msgs/interbotix_xs_msgs/msg/detail/locobot_joy__type_support.hpp
[136.200s] -- Symlinking: /home/wellyowo/locobot_sim/locobot_ws/install/interbotix_xs_msgs/include/interbotix_xs_msgs/interbotix_xs_msgs/msg/detail/turret_joy__builder.hpp
[136.209s] -- Symlinking: /home/wellyowo/locobot_sim/locobot_ws/install/interbotix_xs_msgs/include/interbotix_xs_msgs/interbotix_xs_msgs/msg/detail/turret_joy__struct.hpp
[136.218s] -- Symlinking: /home/wellyowo/locobot_sim/locobot_ws/install/interbotix_xs_msgs/include/interbotix_xs_msgs/interbotix_xs_msgs/msg/detail/turret_joy__traits.hpp
[136.227s] -- Symlinking: /home/wellyowo/locobot_sim/locobot_ws/install/interbotix_xs_msgs/include/interbotix_xs_msgs/interbotix_xs_msgs/msg/detail/turret_joy__type_support.hpp
[136.236s] -- Symlinking: /home/wellyowo/locobot_sim/locobot_ws/install/interbotix_xs_msgs/include/interbotix_xs_msgs/interbotix_xs_msgs/msg/hex_joy.hpp
[136.246s] -- Symlinking: /home/wellyowo/locobot_sim/locobot_ws/install/interbotix_xs_msgs/include/interbotix_xs_msgs/interbotix_xs_msgs/msg/joint_group_command.hpp
[136.256s] -- Symlinking: /home/wellyowo/locobot_sim/locobot_ws/install/interbotix_xs_msgs/include/interbotix_xs_msgs/interbotix_xs_msgs/msg/joint_single_command.hpp
[136.266s] -- Symlinking: /home/wellyowo/locobot_sim/locobot_ws/install/interbotix_xs_msgs/include/interbotix_xs_msgs/interbotix_xs_msgs/msg/joint_temps.hpp
[136.276s] -- Symlinking: /home/wellyowo/locobot_sim/locobot_ws/install/interbotix_xs_msgs/include/interbotix_xs_msgs/interbotix_xs_msgs/msg/joint_trajectory_command.hpp
[136.286s] -- Symlinking: /home/wellyowo/locobot_sim/locobot_ws/install/interbotix_xs_msgs/include/interbotix_xs_msgs/interbotix_xs_msgs/msg/locobot_joy.hpp
[136.295s] -- Symlinking: /home/wellyowo/locobot_sim/locobot_ws/install/interbotix_xs_msgs/include/interbotix_xs_msgs/interbotix_xs_msgs/msg/rosidl_generator_cpp__visibility_control.hpp
[136.305s] -- Symlinking: /home/wellyowo/locobot_sim/locobot_ws/install/interbotix_xs_msgs/include/interbotix_xs_msgs/interbotix_xs_msgs/msg/turret_joy.hpp
[136.314s] -- Symlinking: /home/wellyowo/locobot_sim/locobot_ws/install/interbotix_xs_msgs/include/interbotix_xs_msgs/interbotix_xs_msgs/srv/detail/motor_gains__builder.hpp
[136.324s] -- Symlinking: /home/wellyowo/locobot_sim/locobot_ws/install/interbotix_xs_msgs/include/interbotix_xs_msgs/interbotix_xs_msgs/srv/detail/motor_gains__struct.hpp
[136.333s] -- Symlinking: /home/wellyowo/locobot_sim/locobot_ws/install/interbotix_xs_msgs/include/interbotix_xs_msgs/interbotix_xs_msgs/srv/detail/motor_gains__traits.hpp
[136.344s] -- Symlinking: /home/wellyowo/locobot_sim/locobot_ws/install/interbotix_xs_msgs/include/interbotix_xs_msgs/interbotix_xs_msgs/srv/detail/motor_gains__type_support.hpp
[136.354s] -- Symlinking: /home/wellyowo/locobot_sim/locobot_ws/install/interbotix_xs_msgs/include/interbotix_xs_msgs/interbotix_xs_msgs/srv/detail/operating_modes__builder.hpp
[136.364s] -- Symlinking: /home/wellyowo/locobot_sim/locobot_ws/install/interbotix_xs_msgs/include/interbotix_xs_msgs/interbotix_xs_msgs/srv/detail/operating_modes__struct.hpp
[136.374s] -- Symlinking: /home/wellyowo/locobot_sim/locobot_ws/install/interbotix_xs_msgs/include/interbotix_xs_msgs/interbotix_xs_msgs/srv/detail/operating_modes__traits.hpp
[136.384s] -- Symlinking: /home/wellyowo/locobot_sim/locobot_ws/install/interbotix_xs_msgs/include/interbotix_xs_msgs/interbotix_xs_msgs/srv/detail/operating_modes__type_support.hpp
[136.399s] -- Symlinking: /home/wellyowo/locobot_sim/locobot_ws/install/interbotix_xs_msgs/include/interbotix_xs_msgs/interbotix_xs_msgs/srv/detail/reboot__builder.hpp
[136.411s] -- Symlinking: /home/wellyowo/locobot_sim/locobot_ws/install/interbotix_xs_msgs/include/interbotix_xs_msgs/interbotix_xs_msgs/srv/detail/reboot__struct.hpp
[136.422s] -- Symlinking: /home/wellyowo/locobot_sim/locobot_ws/install/interbotix_xs_msgs/include/interbotix_xs_msgs/interbotix_xs_msgs/srv/detail/reboot__traits.hpp
[136.433s] -- Symlinking: /home/wellyowo/locobot_sim/locobot_ws/install/interbotix_xs_msgs/include/interbotix_xs_msgs/interbotix_xs_msgs/srv/detail/reboot__type_support.hpp
[136.445s] -- Symlinking: /home/wellyowo/locobot_sim/locobot_ws/install/interbotix_xs_msgs/include/interbotix_xs_msgs/interbotix_xs_msgs/srv/detail/register_values__builder.hpp
[136.458s] -- Symlinking: /home/wellyowo/locobot_sim/locobot_ws/install/interbotix_xs_msgs/include/interbotix_xs_msgs/interbotix_xs_msgs/srv/detail/register_values__struct.hpp
[136.471s] -- Symlinking: /home/wellyowo/locobot_sim/locobot_ws/install/interbotix_xs_msgs/include/interbotix_xs_msgs/interbotix_xs_msgs/srv/detail/register_values__traits.hpp
[136.485s] -- Symlinking: /home/wellyowo/locobot_sim/locobot_ws/install/interbotix_xs_msgs/include/interbotix_xs_msgs/interbotix_xs_msgs/srv/detail/register_values__type_support.hpp
[136.499s] -- Symlinking: /home/wellyowo/locobot_sim/locobot_ws/install/interbotix_xs_msgs/include/interbotix_xs_msgs/interbotix_xs_msgs/srv/detail/robot_info__builder.hpp
[136.513s] -- Symlinking: /home/wellyowo/locobot_sim/locobot_ws/install/interbotix_xs_msgs/include/interbotix_xs_msgs/interbotix_xs_msgs/srv/detail/robot_info__struct.hpp
[136.525s] -- Symlinking: /home/wellyowo/locobot_sim/locobot_ws/install/interbotix_xs_msgs/include/interbotix_xs_msgs/interbotix_xs_msgs/srv/detail/robot_info__traits.hpp
[136.537s] -- Symlinking: /home/wellyowo/locobot_sim/locobot_ws/install/interbotix_xs_msgs/include/interbotix_xs_msgs/interbotix_xs_msgs/srv/detail/robot_info__type_support.hpp
[136.549s] -- Symlinking: /home/wellyowo/locobot_sim/locobot_ws/install/interbotix_xs_msgs/include/interbotix_xs_msgs/interbotix_xs_msgs/srv/detail/torque_enable__builder.hpp
[136.560s] -- Symlinking: /home/wellyowo/locobot_sim/locobot_ws/install/interbotix_xs_msgs/include/interbotix_xs_msgs/interbotix_xs_msgs/srv/detail/torque_enable__struct.hpp
[136.569s] -- Symlinking: /home/wellyowo/locobot_sim/locobot_ws/install/interbotix_xs_msgs/include/interbotix_xs_msgs/interbotix_xs_msgs/srv/detail/torque_enable__traits.hpp
[136.579s] -- Symlinking: /home/wellyowo/locobot_sim/locobot_ws/install/interbotix_xs_msgs/include/interbotix_xs_msgs/interbotix_xs_msgs/srv/detail/torque_enable__type_support.hpp
[136.589s] -- Symlinking: /home/wellyowo/locobot_sim/locobot_ws/install/interbotix_xs_msgs/include/interbotix_xs_msgs/interbotix_xs_msgs/srv/motor_gains.hpp
[136.604s] -- Symlinking: /home/wellyowo/locobot_sim/locobot_ws/install/interbotix_xs_msgs/include/interbotix_xs_msgs/interbotix_xs_msgs/srv/operating_modes.hpp
[136.619s] -- Symlinking: /home/wellyowo/locobot_sim/locobot_ws/install/interbotix_xs_msgs/include/interbotix_xs_msgs/interbotix_xs_msgs/srv/reboot.hpp
[136.634s] -- Symlinking: /home/wellyowo/locobot_sim/locobot_ws/install/interbotix_xs_msgs/include/interbotix_xs_msgs/interbotix_xs_msgs/srv/register_values.hpp
[136.645s] -- Symlinking: /home/wellyowo/locobot_sim/locobot_ws/install/interbotix_xs_msgs/include/interbotix_xs_msgs/interbotix_xs_msgs/srv/robot_info.hpp
[136.656s] -- Symlinking: /home/wellyowo/locobot_sim/locobot_ws/install/interbotix_xs_msgs/include/interbotix_xs_msgs/interbotix_xs_msgs/srv/torque_enable.hpp
[136.668s] -- Symlinking: /home/wellyowo/locobot_sim/locobot_ws/install/interbotix_xs_msgs/include/interbotix_xs_msgs/interbotix_xs_msgs/msg/detail/arm_joy__rosidl_typesupport_fastrtps_cpp.hpp
[136.678s] -- Symlinking: /home/wellyowo/locobot_sim/locobot_ws/install/interbotix_xs_msgs/include/interbotix_xs_msgs/interbotix_xs_msgs/msg/detail/hex_joy__rosidl_typesupport_fastrtps_cpp.hpp
[136.688s] -- Symlinking: /home/wellyowo/locobot_sim/locobot_ws/install/interbotix_xs_msgs/include/interbotix_xs_msgs/interbotix_xs_msgs/msg/detail/joint_group_command__rosidl_typesupport_fastrtps_cpp.hpp
[136.699s] -- Symlinking: /home/wellyowo/locobot_sim/locobot_ws/install/interbotix_xs_msgs/include/interbotix_xs_msgs/interbotix_xs_msgs/msg/detail/joint_single_command__rosidl_typesupport_fastrtps_cpp.hpp
[136.709s] -- Symlinking: /home/wellyowo/locobot_sim/locobot_ws/install/interbotix_xs_msgs/include/interbotix_xs_msgs/interbotix_xs_msgs/msg/detail/joint_temps__rosidl_typesupport_fastrtps_cpp.hpp
[136.720s] -- Symlinking: /home/wellyowo/locobot_sim/locobot_ws/install/interbotix_xs_msgs/include/interbotix_xs_msgs/interbotix_xs_msgs/msg/detail/joint_trajectory_command__rosidl_typesupport_fastrtps_cpp.hpp
[136.730s] -- Symlinking: /home/wellyowo/locobot_sim/locobot_ws/install/interbotix_xs_msgs/include/interbotix_xs_msgs/interbotix_xs_msgs/msg/detail/locobot_joy__rosidl_typesupport_fastrtps_cpp.hpp
[136.740s] -- Symlinking: /home/wellyowo/locobot_sim/locobot_ws/install/interbotix_xs_msgs/include/interbotix_xs_msgs/interbotix_xs_msgs/msg/detail/turret_joy__rosidl_typesupport_fastrtps_cpp.hpp
[136.749s] -- Symlinking: /home/wellyowo/locobot_sim/locobot_ws/install/interbotix_xs_msgs/include/interbotix_xs_msgs/interbotix_xs_msgs/msg/rosidl_typesupport_fastrtps_cpp__visibility_control.h
[136.758s] -- Symlinking: /home/wellyowo/locobot_sim/locobot_ws/install/interbotix_xs_msgs/include/interbotix_xs_msgs/interbotix_xs_msgs/srv/detail/motor_gains__rosidl_typesupport_fastrtps_cpp.hpp
[136.767s] -- Symlinking: /home/wellyowo/locobot_sim/locobot_ws/install/interbotix_xs_msgs/include/interbotix_xs_msgs/interbotix_xs_msgs/srv/detail/operating_modes__rosidl_typesupport_fastrtps_cpp.hpp
[136.776s] -- Symlinking: /home/wellyowo/locobot_sim/locobot_ws/install/interbotix_xs_msgs/include/interbotix_xs_msgs/interbotix_xs_msgs/srv/detail/reboot__rosidl_typesupport_fastrtps_cpp.hpp
[136.785s] -- Symlinking: /home/wellyowo/locobot_sim/locobot_ws/install/interbotix_xs_msgs/include/interbotix_xs_msgs/interbotix_xs_msgs/srv/detail/register_values__rosidl_typesupport_fastrtps_cpp.hpp
[136.794s] -- Symlinking: /home/wellyowo/locobot_sim/locobot_ws/install/interbotix_xs_msgs/include/interbotix_xs_msgs/interbotix_xs_msgs/srv/detail/robot_info__rosidl_typesupport_fastrtps_cpp.hpp
[136.803s] -- Symlinking: /home/wellyowo/locobot_sim/locobot_ws/install/interbotix_xs_msgs/include/interbotix_xs_msgs/interbotix_xs_msgs/srv/detail/torque_enable__rosidl_typesupport_fastrtps_cpp.hpp
[136.813s] -- Symlinking: /home/wellyowo/locobot_sim/locobot_ws/install/interbotix_xs_msgs/include/interbotix_xs_msgs/interbotix_xs_msgs/msg/detail/arm_joy__rosidl_typesupport_introspection_cpp.hpp
[136.821s] -- Symlinking: /home/wellyowo/locobot_sim/locobot_ws/install/interbotix_xs_msgs/include/interbotix_xs_msgs/interbotix_xs_msgs/msg/detail/hex_joy__rosidl_typesupport_introspection_cpp.hpp
[136.830s] -- Symlinking: /home/wellyowo/locobot_sim/locobot_ws/install/interbotix_xs_msgs/include/interbotix_xs_msgs/interbotix_xs_msgs/msg/detail/joint_group_command__rosidl_typesupport_introspection_cpp.hpp
[136.840s] -- Symlinking: /home/wellyowo/locobot_sim/locobot_ws/install/interbotix_xs_msgs/include/interbotix_xs_msgs/interbotix_xs_msgs/msg/detail/joint_single_command__rosidl_typesupport_introspection_cpp.hpp
[136.849s] -- Symlinking: /home/wellyowo/locobot_sim/locobot_ws/install/interbotix_xs_msgs/include/interbotix_xs_msgs/interbotix_xs_msgs/msg/detail/joint_temps__rosidl_typesupport_introspection_cpp.hpp
[136.858s] -- Symlinking: /home/wellyowo/locobot_sim/locobot_ws/install/interbotix_xs_msgs/include/interbotix_xs_msgs/interbotix_xs_msgs/msg/detail/joint_trajectory_command__rosidl_typesupport_introspection_cpp.hpp
[136.868s] -- Symlinking: /home/wellyowo/locobot_sim/locobot_ws/install/interbotix_xs_msgs/include/interbotix_xs_msgs/interbotix_xs_msgs/msg/detail/locobot_joy__rosidl_typesupport_introspection_cpp.hpp
[136.877s] -- Symlinking: /home/wellyowo/locobot_sim/locobot_ws/install/interbotix_xs_msgs/include/interbotix_xs_msgs/interbotix_xs_msgs/msg/detail/turret_joy__rosidl_typesupport_introspection_cpp.hpp
[136.887s] -- Symlinking: /home/wellyowo/locobot_sim/locobot_ws/install/interbotix_xs_msgs/include/interbotix_xs_msgs/interbotix_xs_msgs/srv/detail/motor_gains__rosidl_typesupport_introspection_cpp.hpp
[136.896s] -- Symlinking: /home/wellyowo/locobot_sim/locobot_ws/install/interbotix_xs_msgs/include/interbotix_xs_msgs/interbotix_xs_msgs/srv/detail/operating_modes__rosidl_typesupport_introspection_cpp.hpp
[136.905s] -- Symlinking: /home/wellyowo/locobot_sim/locobot_ws/install/interbotix_xs_msgs/include/interbotix_xs_msgs/interbotix_xs_msgs/srv/detail/reboot__rosidl_typesupport_introspection_cpp.hpp
[136.914s] -- Symlinking: /home/wellyowo/locobot_sim/locobot_ws/install/interbotix_xs_msgs/include/interbotix_xs_msgs/interbotix_xs_msgs/srv/detail/register_values__rosidl_typesupport_introspection_cpp.hpp
[136.923s] -- Symlinking: /home/wellyowo/locobot_sim/locobot_ws/install/interbotix_xs_msgs/include/interbotix_xs_msgs/interbotix_xs_msgs/srv/detail/robot_info__rosidl_typesupport_introspection_cpp.hpp
[136.932s] -- Symlinking: /home/wellyowo/locobot_sim/locobot_ws/install/interbotix_xs_msgs/include/interbotix_xs_msgs/interbotix_xs_msgs/srv/detail/torque_enable__rosidl_typesupport_introspection_cpp.hpp
[136.941s] -- Symlinking: /home/wellyowo/locobot_sim/locobot_ws/install/interbotix_xs_msgs/share/interbotix_xs_msgs/environment/pythonpath.sh
[136.950s] -- Symlinking: /home/wellyowo/locobot_sim/locobot_ws/install/interbotix_xs_msgs/share/interbotix_xs_msgs/environment/pythonpath.dsv
[136.959s] -- Symlinking: /home/wellyowo/locobot_sim/locobot_ws/install/interbotix_xs_msgs/local/lib/python3.10/dist-packages/interbotix_xs_msgs-0.0.0-py3.10.egg-info/PKG-INFO
[136.968s] -- Symlinking: /home/wellyowo/locobot_sim/locobot_ws/install/interbotix_xs_msgs/local/lib/python3.10/dist-packages/interbotix_xs_msgs-0.0.0-py3.10.egg-info/SOURCES.txt
[136.978s] -- Symlinking: /home/wellyowo/locobot_sim/locobot_ws/install/interbotix_xs_msgs/local/lib/python3.10/dist-packages/interbotix_xs_msgs-0.0.0-py3.10.egg-info/dependency_links.txt
[136.990s] -- Symlinking: /home/wellyowo/locobot_sim/locobot_ws/install/interbotix_xs_msgs/local/lib/python3.10/dist-packages/interbotix_xs_msgs-0.0.0-py3.10.egg-info/top_level.txt
[137.001s] -- Symlinking: /home/wellyowo/locobot_sim/locobot_ws/install/interbotix_xs_msgs/local/lib/python3.10/dist-packages/interbotix_xs_msgs/__init__.py
[137.014s] -- Symlinking: /home/wellyowo/locobot_sim/locobot_ws/install/interbotix_xs_msgs/local/lib/python3.10/dist-packages/interbotix_xs_msgs/_interbotix_xs_msgs_s.ep.rosidl_typesupport_c.c
[137.027s] -- Symlinking: /home/wellyowo/locobot_sim/locobot_ws/install/interbotix_xs_msgs/local/lib/python3.10/dist-packages/interbotix_xs_msgs/_interbotix_xs_msgs_s.ep.rosidl_typesupport_fastrtps_c.c
[137.044s] -- Symlinking: /home/wellyowo/locobot_sim/locobot_ws/install/interbotix_xs_msgs/local/lib/python3.10/dist-packages/interbotix_xs_msgs/_interbotix_xs_msgs_s.ep.rosidl_typesupport_introspection_c.c
[137.060s] -- Symlinking: /home/wellyowo/locobot_sim/locobot_ws/install/interbotix_xs_msgs/local/lib/python3.10/dist-packages/interbotix_xs_msgs/interbotix_xs_msgs_s__rosidl_typesupport_c.cpython-310-x86_64-linux-gnu.so
[137.074s] -- Symlinking: /home/wellyowo/locobot_sim/locobot_ws/install/interbotix_xs_msgs/local/lib/python3.10/dist-packages/interbotix_xs_msgs/interbotix_xs_msgs_s__rosidl_typesupport_fastrtps_c.cpython-310-x86_64-linux-gnu.so
[137.083s] -- Symlinking: /home/wellyowo/locobot_sim/locobot_ws/install/interbotix_xs_msgs/local/lib/python3.10/dist-packages/interbotix_xs_msgs/interbotix_xs_msgs_s__rosidl_typesupport_introspection_c.cpython-310-x86_64-linux-gnu.so
[137.096s] -- Symlinking: /home/wellyowo/locobot_sim/locobot_ws/install/interbotix_xs_msgs/local/lib/python3.10/dist-packages/interbotix_xs_msgs/libinterbotix_xs_msgs__rosidl_generator_py.so
[137.108s] -- Symlinking: /home/wellyowo/locobot_sim/locobot_ws/install/interbotix_xs_msgs/local/lib/python3.10/dist-packages/interbotix_xs_msgs/msg/__init__.py
[137.117s] -- Symlinking: /home/wellyowo/locobot_sim/locobot_ws/install/interbotix_xs_msgs/local/lib/python3.10/dist-packages/interbotix_xs_msgs/msg/_arm_joy.py
[137.126s] -- Symlinking: /home/wellyowo/locobot_sim/locobot_ws/install/interbotix_xs_msgs/local/lib/python3.10/dist-packages/interbotix_xs_msgs/msg/_arm_joy_s.c
[137.135s] -- Symlinking: /home/wellyowo/locobot_sim/locobot_ws/install/interbotix_xs_msgs/local/lib/python3.10/dist-packages/interbotix_xs_msgs/msg/_hex_joy.py
[137.146s] -- Symlinking: /home/wellyowo/locobot_sim/locobot_ws/install/interbotix_xs_msgs/local/lib/python3.10/dist-packages/interbotix_xs_msgs/msg/_hex_joy_s.c
[137.157s] -- Symlinking: /home/wellyowo/locobot_sim/locobot_ws/install/interbotix_xs_msgs/local/lib/python3.10/dist-packages/interbotix_xs_msgs/msg/_joint_group_command.py
[137.166s] -- Symlinking: /home/wellyowo/locobot_sim/locobot_ws/install/interbotix_xs_msgs/local/lib/python3.10/dist-packages/interbotix_xs_msgs/msg/_joint_group_command_s.c
[137.180s] -- Symlinking: /home/wellyowo/locobot_sim/locobot_ws/install/interbotix_xs_msgs/local/lib/python3.10/dist-packages/interbotix_xs_msgs/msg/_joint_single_command.py
[137.189s] -- Symlinking: /home/wellyowo/locobot_sim/locobot_ws/install/interbotix_xs_msgs/local/lib/python3.10/dist-packages/interbotix_xs_msgs/msg/_joint_single_command_s.c
[137.198s] -- Symlinking: /home/wellyowo/locobot_sim/locobot_ws/install/interbotix_xs_msgs/local/lib/python3.10/dist-packages/interbotix_xs_msgs/msg/_joint_temps.py
[137.206s] -- Symlinking: /home/wellyowo/locobot_sim/locobot_ws/install/interbotix_xs_msgs/local/lib/python3.10/dist-packages/interbotix_xs_msgs/msg/_joint_temps_s.c
[137.215s] -- Symlinking: /home/wellyowo/locobot_sim/locobot_ws/install/interbotix_xs_msgs/local/lib/python3.10/dist-packages/interbotix_xs_msgs/msg/_joint_trajectory_command.py
[137.226s] -- Symlinking: /home/wellyowo/locobot_sim/locobot_ws/install/interbotix_xs_msgs/local/lib/python3.10/dist-packages/interbotix_xs_msgs/msg/_joint_trajectory_command_s.c
[137.238s] -- Symlinking: /home/wellyowo/locobot_sim/locobot_ws/install/interbotix_xs_msgs/local/lib/python3.10/dist-packages/interbotix_xs_msgs/msg/_locobot_joy.py
[137.248s] -- Symlinking: /home/wellyowo/locobot_sim/locobot_ws/install/interbotix_xs_msgs/local/lib/python3.10/dist-packages/interbotix_xs_msgs/msg/_locobot_joy_s.c
[137.255s] -- Symlinking: /home/wellyowo/locobot_sim/locobot_ws/install/interbotix_xs_msgs/local/lib/python3.10/dist-packages/interbotix_xs_msgs/msg/_turret_joy.py
[137.264s] -- Symlinking: /home/wellyowo/locobot_sim/locobot_ws/install/interbotix_xs_msgs/local/lib/python3.10/dist-packages/interbotix_xs_msgs/msg/_turret_joy_s.c
[137.273s] -- Symlinking: /home/wellyowo/locobot_sim/locobot_ws/install/interbotix_xs_msgs/local/lib/python3.10/dist-packages/interbotix_xs_msgs/srv/__init__.py
[137.282s] -- Symlinking: /home/wellyowo/locobot_sim/locobot_ws/install/interbotix_xs_msgs/local/lib/python3.10/dist-packages/interbotix_xs_msgs/srv/_motor_gains.py
[137.291s] -- Symlinking: /home/wellyowo/locobot_sim/locobot_ws/install/interbotix_xs_msgs/local/lib/python3.10/dist-packages/interbotix_xs_msgs/srv/_motor_gains_s.c
[137.299s] -- Symlinking: /home/wellyowo/locobot_sim/locobot_ws/install/interbotix_xs_msgs/local/lib/python3.10/dist-packages/interbotix_xs_msgs/srv/_operating_modes.py
[137.307s] -- Symlinking: /home/wellyowo/locobot_sim/locobot_ws/install/interbotix_xs_msgs/local/lib/python3.10/dist-packages/interbotix_xs_msgs/srv/_operating_modes_s.c
[137.316s] -- Symlinking: /home/wellyowo/locobot_sim/locobot_ws/install/interbotix_xs_msgs/local/lib/python3.10/dist-packages/interbotix_xs_msgs/srv/_reboot.py
[137.325s] -- Symlinking: /home/wellyowo/locobot_sim/locobot_ws/install/interbotix_xs_msgs/local/lib/python3.10/dist-packages/interbotix_xs_msgs/srv/_reboot_s.c
[137.333s] -- Symlinking: /home/wellyowo/locobot_sim/locobot_ws/install/interbotix_xs_msgs/local/lib/python3.10/dist-packages/interbotix_xs_msgs/srv/_register_values.py
[137.342s] -- Symlinking: /home/wellyowo/locobot_sim/locobot_ws/install/interbotix_xs_msgs/local/lib/python3.10/dist-packages/interbotix_xs_msgs/srv/_register_values_s.c
[137.351s] -- Symlinking: /home/wellyowo/locobot_sim/locobot_ws/install/interbotix_xs_msgs/local/lib/python3.10/dist-packages/interbotix_xs_msgs/srv/_robot_info.py
[137.359s] -- Symlinking: /home/wellyowo/locobot_sim/locobot_ws/install/interbotix_xs_msgs/local/lib/python3.10/dist-packages/interbotix_xs_msgs/srv/_robot_info_s.c
[137.368s] -- Symlinking: /home/wellyowo/locobot_sim/locobot_ws/install/interbotix_xs_msgs/local/lib/python3.10/dist-packages/interbotix_xs_msgs/srv/_torque_enable.py
[137.377s] -- Symlinking: /home/wellyowo/locobot_sim/locobot_ws/install/interbotix_xs_msgs/local/lib/python3.10/dist-packages/interbotix_xs_msgs/srv/_torque_enable_s.c
[137.385s] -- Up-to-date symlink: /home/wellyowo/locobot_sim/locobot_ws/install/interbotix_xs_msgs/local/lib/python3.10/dist-packages/interbotix_xs_msgs/interbotix_xs_msgs_s__rosidl_typesupport_fastrtps_c.cpython-310-x86_64-linux-gnu.so
[137.386s] -- Up-to-date symlink: /home/wellyowo/locobot_sim/locobot_ws/install/interbotix_xs_msgs/local/lib/python3.10/dist-packages/interbotix_xs_msgs/interbotix_xs_msgs_s__rosidl_typesupport_introspection_c.cpython-310-x86_64-linux-gnu.so
[137.386s] -- Up-to-date symlink: /home/wellyowo/locobot_sim/locobot_ws/install/interbotix_xs_msgs/local/lib/python3.10/dist-packages/interbotix_xs_msgs/interbotix_xs_msgs_s__rosidl_typesupport_c.cpython-310-x86_64-linux-gnu.so
[137.386s] -- Symlinking: /home/wellyowo/locobot_sim/locobot_ws/install/interbotix_xs_msgs/share/interbotix_xs_msgs/msg/ArmJoy.idl
[137.395s] -- Symlinking: /home/wellyowo/locobot_sim/locobot_ws/install/interbotix_xs_msgs/share/interbotix_xs_msgs/msg/HexJoy.idl
[137.403s] -- Symlinking: /home/wellyowo/locobot_sim/locobot_ws/install/interbotix_xs_msgs/share/interbotix_xs_msgs/msg/JointGroupCommand.idl
[137.412s] -- Symlinking: /home/wellyowo/locobot_sim/locobot_ws/install/interbotix_xs_msgs/share/interbotix_xs_msgs/msg/JointSingleCommand.idl
[137.421s] -- Symlinking: /home/wellyowo/locobot_sim/locobot_ws/install/interbotix_xs_msgs/share/interbotix_xs_msgs/msg/JointTemps.idl
[137.429s] -- Symlinking: /home/wellyowo/locobot_sim/locobot_ws/install/interbotix_xs_msgs/share/interbotix_xs_msgs/msg/JointTrajectoryCommand.idl
[137.438s] -- Symlinking: /home/wellyowo/locobot_sim/locobot_ws/install/interbotix_xs_msgs/share/interbotix_xs_msgs/msg/LocobotJoy.idl
[137.446s] -- Symlinking: /home/wellyowo/locobot_sim/locobot_ws/install/interbotix_xs_msgs/share/interbotix_xs_msgs/msg/TurretJoy.idl
[137.455s] -- Symlinking: /home/wellyowo/locobot_sim/locobot_ws/install/interbotix_xs_msgs/share/interbotix_xs_msgs/srv/MotorGains.idl
[137.464s] -- Symlinking: /home/wellyowo/locobot_sim/locobot_ws/install/interbotix_xs_msgs/share/interbotix_xs_msgs/srv/OperatingModes.idl
[137.472s] -- Symlinking: /home/wellyowo/locobot_sim/locobot_ws/install/interbotix_xs_msgs/share/interbotix_xs_msgs/srv/Reboot.idl
[137.481s] -- Symlinking: /home/wellyowo/locobot_sim/locobot_ws/install/interbotix_xs_msgs/share/interbotix_xs_msgs/srv/RegisterValues.idl
[137.490s] -- Symlinking: /home/wellyowo/locobot_sim/locobot_ws/install/interbotix_xs_msgs/share/interbotix_xs_msgs/srv/RobotInfo.idl
[137.499s] -- Symlinking: /home/wellyowo/locobot_sim/locobot_ws/install/interbotix_xs_msgs/share/interbotix_xs_msgs/srv/TorqueEnable.idl
[137.508s] -- Symlinking: /home/wellyowo/locobot_sim/locobot_ws/install/interbotix_xs_msgs/share/interbotix_xs_msgs/msg/ArmJoy.msg
[137.516s] -- Symlinking: /home/wellyowo/locobot_sim/locobot_ws/install/interbotix_xs_msgs/share/interbotix_xs_msgs/msg/HexJoy.msg
[137.525s] -- Symlinking: /home/wellyowo/locobot_sim/locobot_ws/install/interbotix_xs_msgs/share/interbotix_xs_msgs/msg/JointGroupCommand.msg
[137.534s] -- Symlinking: /home/wellyowo/locobot_sim/locobot_ws/install/interbotix_xs_msgs/share/interbotix_xs_msgs/msg/JointSingleCommand.msg
[137.543s] -- Symlinking: /home/wellyowo/locobot_sim/locobot_ws/install/interbotix_xs_msgs/share/interbotix_xs_msgs/msg/JointTemps.msg
[137.552s] -- Symlinking: /home/wellyowo/locobot_sim/locobot_ws/install/interbotix_xs_msgs/share/interbotix_xs_msgs/msg/JointTrajectoryCommand.msg
[137.561s] -- Symlinking: /home/wellyowo/locobot_sim/locobot_ws/install/interbotix_xs_msgs/share/interbotix_xs_msgs/msg/LocobotJoy.msg
[137.570s] -- Symlinking: /home/wellyowo/locobot_sim/locobot_ws/install/interbotix_xs_msgs/share/interbotix_xs_msgs/msg/TurretJoy.msg
[137.578s] -- Symlinking: /home/wellyowo/locobot_sim/locobot_ws/install/interbotix_xs_msgs/share/interbotix_xs_msgs/srv/MotorGains.srv
[137.587s] -- Symlinking: /home/wellyowo/locobot_sim/locobot_ws/install/interbotix_xs_msgs/share/interbotix_xs_msgs/srv/MotorGains_Request.msg
[137.595s] -- Symlinking: /home/wellyowo/locobot_sim/locobot_ws/install/interbotix_xs_msgs/share/interbotix_xs_msgs/srv/MotorGains_Response.msg
[137.604s] -- Symlinking: /home/wellyowo/locobot_sim/locobot_ws/install/interbotix_xs_msgs/share/interbotix_xs_msgs/srv/OperatingModes.srv
[137.613s] -- Symlinking: /home/wellyowo/locobot_sim/locobot_ws/install/interbotix_xs_msgs/share/interbotix_xs_msgs/srv/OperatingModes_Request.msg
[137.622s] -- Symlinking: /home/wellyowo/locobot_sim/locobot_ws/install/interbotix_xs_msgs/share/interbotix_xs_msgs/srv/OperatingModes_Response.msg
[137.630s] -- Symlinking: /home/wellyowo/locobot_sim/locobot_ws/install/interbotix_xs_msgs/share/interbotix_xs_msgs/srv/Reboot.srv
[137.639s] -- Symlinking: /home/wellyowo/locobot_sim/locobot_ws/install/interbotix_xs_msgs/share/interbotix_xs_msgs/srv/Reboot_Request.msg
[137.648s] -- Symlinking: /home/wellyowo/locobot_sim/locobot_ws/install/interbotix_xs_msgs/share/interbotix_xs_msgs/srv/Reboot_Response.msg
[137.660s] -- Symlinking: /home/wellyowo/locobot_sim/locobot_ws/install/interbotix_xs_msgs/share/interbotix_xs_msgs/srv/RegisterValues.srv
[137.669s] -- Symlinking: /home/wellyowo/locobot_sim/locobot_ws/install/interbotix_xs_msgs/share/interbotix_xs_msgs/srv/RegisterValues_Request.msg
[137.679s] -- Symlinking: /home/wellyowo/locobot_sim/locobot_ws/install/interbotix_xs_msgs/share/interbotix_xs_msgs/srv/RegisterValues_Response.msg
[137.689s] -- Symlinking: /home/wellyowo/locobot_sim/locobot_ws/install/interbotix_xs_msgs/share/interbotix_xs_msgs/srv/RobotInfo.srv
[137.698s] -- Symlinking: /home/wellyowo/locobot_sim/locobot_ws/install/interbotix_xs_msgs/share/interbotix_xs_msgs/srv/RobotInfo_Request.msg
[137.708s] -- Symlinking: /home/wellyowo/locobot_sim/locobot_ws/install/interbotix_xs_msgs/share/interbotix_xs_msgs/srv/RobotInfo_Response.msg
[137.717s] -- Symlinking: /home/wellyowo/locobot_sim/locobot_ws/install/interbotix_xs_msgs/share/interbotix_xs_msgs/srv/TorqueEnable.srv
[137.727s] -- Symlinking: /home/wellyowo/locobot_sim/locobot_ws/install/interbotix_xs_msgs/share/interbotix_xs_msgs/srv/TorqueEnable_Request.msg
[137.735s] -- Symlinking: /home/wellyowo/locobot_sim/locobot_ws/install/interbotix_xs_msgs/share/interbotix_xs_msgs/srv/TorqueEnable_Response.msg
[137.745s] -- Symlinking: /home/wellyowo/locobot_sim/locobot_ws/install/interbotix_xs_msgs/share/ament_index/resource_index/package_run_dependencies/interbotix_xs_msgs
[137.755s] -- Symlinking: /home/wellyowo/locobot_sim/locobot_ws/install/interbotix_xs_msgs/share/ament_index/resource_index/parent_prefix_path/interbotix_xs_msgs
[137.764s] -- Symlinking: /home/wellyowo/locobot_sim/locobot_ws/install/interbotix_xs_msgs/share/interbotix_xs_msgs/environment/ament_prefix_path.sh
[137.773s] -- Symlinking: /home/wellyowo/locobot_sim/locobot_ws/install/interbotix_xs_msgs/share/interbotix_xs_msgs/environment/ament_prefix_path.dsv
[137.782s] -- Symlinking: /home/wellyowo/locobot_sim/locobot_ws/install/interbotix_xs_msgs/share/interbotix_xs_msgs/environment/path.sh
[137.791s] -- Symlinking: /home/wellyowo/locobot_sim/locobot_ws/install/interbotix_xs_msgs/share/interbotix_xs_msgs/environment/path.dsv
[137.800s] -- Symlinking: /home/wellyowo/locobot_sim/locobot_ws/install/interbotix_xs_msgs/share/interbotix_xs_msgs/local_setup.bash
[137.809s] -- Symlinking: /home/wellyowo/locobot_sim/locobot_ws/install/interbotix_xs_msgs/share/interbotix_xs_msgs/local_setup.sh
[137.818s] -- Symlinking: /home/wellyowo/locobot_sim/locobot_ws/install/interbotix_xs_msgs/share/interbotix_xs_msgs/local_setup.zsh
[137.827s] -- Symlinking: /home/wellyowo/locobot_sim/locobot_ws/install/interbotix_xs_msgs/share/interbotix_xs_msgs/local_setup.dsv
[137.836s] -- Symlinking: /home/wellyowo/locobot_sim/locobot_ws/install/interbotix_xs_msgs/share/interbotix_xs_msgs/package.dsv
[137.845s] -- Symlinking: /home/wellyowo/locobot_sim/locobot_ws/install/interbotix_xs_msgs/share/ament_index/resource_index/packages/interbotix_xs_msgs
[137.854s] -- Symlinking: /home/wellyowo/locobot_sim/locobot_ws/install/interbotix_xs_msgs/share/interbotix_xs_msgs/cmake/rosidl_cmake-extras.cmake
[137.863s] -- Symlinking: /home/wellyowo/locobot_sim/locobot_ws/install/interbotix_xs_msgs/share/interbotix_xs_msgs/cmake/ament_cmake_export_dependencies-extras.cmake
[137.872s] -- Symlinking: /home/wellyowo/locobot_sim/locobot_ws/install/interbotix_xs_msgs/share/interbotix_xs_msgs/cmake/ament_cmake_export_include_directories-extras.cmake
[137.880s] -- Symlinking: /home/wellyowo/locobot_sim/locobot_ws/install/interbotix_xs_msgs/share/interbotix_xs_msgs/cmake/ament_cmake_export_libraries-extras.cmake
[137.889s] -- Symlinking: /home/wellyowo/locobot_sim/locobot_ws/install/interbotix_xs_msgs/share/interbotix_xs_msgs/cmake/ament_cmake_export_targets-extras.cmake
[137.897s] -- Symlinking: /home/wellyowo/locobot_sim/locobot_ws/install/interbotix_xs_msgs/share/interbotix_xs_msgs/cmake/rosidl_cmake_export_typesupport_targets-extras.cmake
[137.905s] -- Symlinking: /home/wellyowo/locobot_sim/locobot_ws/install/interbotix_xs_msgs/share/interbotix_xs_msgs/cmake/rosidl_cmake_export_typesupport_libraries-extras.cmake
[137.913s] -- Symlinking: /home/wellyowo/locobot_sim/locobot_ws/install/interbotix_xs_msgs/share/interbotix_xs_msgs/cmake/interbotix_xs_msgsConfig.cmake
[137.921s] -- Symlinking: /home/wellyowo/locobot_sim/locobot_ws/install/interbotix_xs_msgs/share/interbotix_xs_msgs/cmake/interbotix_xs_msgsConfig-version.cmake
[137.930s] -- Symlinking: /home/wellyowo/locobot_sim/locobot_ws/install/interbotix_xs_msgs/share/interbotix_xs_msgs/package.xml
[137.938s] -- Installing: /home/wellyowo/locobot_sim/locobot_ws/install/interbotix_xs_msgs/lib/libinterbotix_xs_msgs__rosidl_generator_c.so
[137.939s] -- Set runtime path of "/home/wellyowo/locobot_sim/locobot_ws/install/interbotix_xs_msgs/lib/libinterbotix_xs_msgs__rosidl_generator_c.so" to ""
[137.939s] -- Installing: /home/wellyowo/locobot_sim/locobot_ws/install/interbotix_xs_msgs/lib/libinterbotix_xs_msgs__rosidl_typesupport_fastrtps_c.so
[137.939s] -- Set runtime path of "/home/wellyowo/locobot_sim/locobot_ws/install/interbotix_xs_msgs/lib/libinterbotix_xs_msgs__rosidl_typesupport_fastrtps_c.so" to ""
[137.939s] -- Installing: /home/wellyowo/locobot_sim/locobot_ws/install/interbotix_xs_msgs/lib/libinterbotix_xs_msgs__rosidl_typesupport_introspection_c.so
[137.940s] -- Set runtime path of "/home/wellyowo/locobot_sim/locobot_ws/install/interbotix_xs_msgs/lib/libinterbotix_xs_msgs__rosidl_typesupport_introspection_c.so" to ""
[137.940s] -- Installing: /home/wellyowo/locobot_sim/locobot_ws/install/interbotix_xs_msgs/lib/libinterbotix_xs_msgs__rosidl_typesupport_c.so
[137.940s] -- Set runtime path of "/home/wellyowo/locobot_sim/locobot_ws/install/interbotix_xs_msgs/lib/libinterbotix_xs_msgs__rosidl_typesupport_c.so" to ""
[137.940s] -- Installing: /home/wellyowo/locobot_sim/locobot_ws/install/interbotix_xs_msgs/lib/libinterbotix_xs_msgs__rosidl_typesupport_fastrtps_cpp.so
[137.941s] -- Set runtime path of "/home/wellyowo/locobot_sim/locobot_ws/install/interbotix_xs_msgs/lib/libinterbotix_xs_msgs__rosidl_typesupport_fastrtps_cpp.so" to ""
[137.941s] -- Installing: /home/wellyowo/locobot_sim/locobot_ws/install/interbotix_xs_msgs/lib/libinterbotix_xs_msgs__rosidl_typesupport_introspection_cpp.so
[137.941s] -- Set runtime path of "/home/wellyowo/locobot_sim/locobot_ws/install/interbotix_xs_msgs/lib/libinterbotix_xs_msgs__rosidl_typesupport_introspection_cpp.so" to ""
[137.942s] -- Installing: /home/wellyowo/locobot_sim/locobot_ws/install/interbotix_xs_msgs/lib/libinterbotix_xs_msgs__rosidl_typesupport_cpp.so
[137.942s] -- Set runtime path of "/home/wellyowo/locobot_sim/locobot_ws/install/interbotix_xs_msgs/lib/libinterbotix_xs_msgs__rosidl_typesupport_cpp.so" to ""
[137.990s] Listing '/home/wellyowo/locobot_sim/locobot_ws/install/interbotix_xs_msgs/local/lib/python3.10/dist-packages/interbotix_xs_msgs'...
[137.991s] Compiling '/home/wellyowo/locobot_sim/locobot_ws/install/interbotix_xs_msgs/local/lib/python3.10/dist-packages/interbotix_xs_msgs/__init__.py'...
[137.991s] Listing '/home/wellyowo/locobot_sim/locobot_ws/install/interbotix_xs_msgs/local/lib/python3.10/dist-packages/interbotix_xs_msgs/msg'...
[137.991s] Compiling '/home/wellyowo/locobot_sim/locobot_ws/install/interbotix_xs_msgs/local/lib/python3.10/dist-packages/interbotix_xs_msgs/msg/__init__.py'...
[137.991s] Compiling '/home/wellyowo/locobot_sim/locobot_ws/install/interbotix_xs_msgs/local/lib/python3.10/dist-packages/interbotix_xs_msgs/msg/_arm_joy.py'...
[137.991s] Compiling '/home/wellyowo/locobot_sim/locobot_ws/install/interbotix_xs_msgs/local/lib/python3.10/dist-packages/interbotix_xs_msgs/msg/_hex_joy.py'...
[137.991s] Compiling '/home/wellyowo/locobot_sim/locobot_ws/install/interbotix_xs_msgs/local/lib/python3.10/dist-packages/interbotix_xs_msgs/msg/_joint_group_command.py'...
[137.991s] Compiling '/home/wellyowo/locobot_sim/locobot_ws/install/interbotix_xs_msgs/local/lib/python3.10/dist-packages/interbotix_xs_msgs/msg/_joint_single_command.py'...
[137.991s] Compiling '/home/wellyowo/locobot_sim/locobot_ws/install/interbotix_xs_msgs/local/lib/python3.10/dist-packages/interbotix_xs_msgs/msg/_joint_temps.py'...
[137.991s] Compiling '/home/wellyowo/locobot_sim/locobot_ws/install/interbotix_xs_msgs/local/lib/python3.10/dist-packages/interbotix_xs_msgs/msg/_joint_trajectory_command.py'...
[137.991s] Compiling '/home/wellyowo/locobot_sim/locobot_ws/install/interbotix_xs_msgs/local/lib/python3.10/dist-packages/interbotix_xs_msgs/msg/_locobot_joy.py'...
[137.991s] Compiling '/home/wellyowo/locobot_sim/locobot_ws/install/interbotix_xs_msgs/local/lib/python3.10/dist-packages/interbotix_xs_msgs/msg/_turret_joy.py'...
[137.991s] Listing '/home/wellyowo/locobot_sim/locobot_ws/install/interbotix_xs_msgs/local/lib/python3.10/dist-packages/interbotix_xs_msgs/srv'...
[137.991s] Compiling '/home/wellyowo/locobot_sim/locobot_ws/install/interbotix_xs_msgs/local/lib/python3.10/dist-packages/interbotix_xs_msgs/srv/__init__.py'...
[137.992s] Compiling '/home/wellyowo/locobot_sim/locobot_ws/install/interbotix_xs_msgs/local/lib/python3.10/dist-packages/interbotix_xs_msgs/srv/_motor_gains.py'...
[137.992s] Compiling '/home/wellyowo/locobot_sim/locobot_ws/install/interbotix_xs_msgs/local/lib/python3.10/dist-packages/interbotix_xs_msgs/srv/_operating_modes.py'...
[137.992s] Compiling '/home/wellyowo/locobot_sim/locobot_ws/install/interbotix_xs_msgs/local/lib/python3.10/dist-packages/interbotix_xs_msgs/srv/_reboot.py'...
[137.992s] Compiling '/home/wellyowo/locobot_sim/locobot_ws/install/interbotix_xs_msgs/local/lib/python3.10/dist-packages/interbotix_xs_msgs/srv/_register_values.py'...
[137.992s] Compiling '/home/wellyowo/locobot_sim/locobot_ws/install/interbotix_xs_msgs/local/lib/python3.10/dist-packages/interbotix_xs_msgs/srv/_robot_info.py'...
[137.992s] Compiling '/home/wellyowo/locobot_sim/locobot_ws/install/interbotix_xs_msgs/local/lib/python3.10/dist-packages/interbotix_xs_msgs/srv/_torque_enable.py'...
[137.996s] -- Installing: /home/wellyowo/locobot_sim/locobot_ws/install/interbotix_xs_msgs/lib/libinterbotix_xs_msgs__rosidl_generator_py.so
[137.996s] -- Set runtime path of "/home/wellyowo/locobot_sim/locobot_ws/install/interbotix_xs_msgs/lib/libinterbotix_xs_msgs__rosidl_generator_py.so" to ""
[137.996s] -- Installing: /home/wellyowo/locobot_sim/locobot_ws/install/interbotix_xs_msgs/share/interbotix_xs_msgs/cmake/export_interbotix_xs_msgs__rosidl_generator_cExport.cmake
[137.997s] -- Installing: /home/wellyowo/locobot_sim/locobot_ws/install/interbotix_xs_msgs/share/interbotix_xs_msgs/cmake/export_interbotix_xs_msgs__rosidl_generator_cExport-noconfig.cmake
[137.997s] -- Installing: /home/wellyowo/locobot_sim/locobot_ws/install/interbotix_xs_msgs/share/interbotix_xs_msgs/cmake/export_interbotix_xs_msgs__rosidl_typesupport_fastrtps_cExport.cmake
[137.997s] -- Installing: /home/wellyowo/locobot_sim/locobot_ws/install/interbotix_xs_msgs/share/interbotix_xs_msgs/cmake/export_interbotix_xs_msgs__rosidl_typesupport_fastrtps_cExport-noconfig.cmake
[137.997s] -- Installing: /home/wellyowo/locobot_sim/locobot_ws/install/interbotix_xs_msgs/share/interbotix_xs_msgs/cmake/interbotix_xs_msgs__rosidl_typesupport_introspection_cExport.cmake
[137.997s] -- Installing: /home/wellyowo/locobot_sim/locobot_ws/install/interbotix_xs_msgs/share/interbotix_xs_msgs/cmake/interbotix_xs_msgs__rosidl_typesupport_introspection_cExport-noconfig.cmake
[137.997s] -- Installing: /home/wellyowo/locobot_sim/locobot_ws/install/interbotix_xs_msgs/share/interbotix_xs_msgs/cmake/interbotix_xs_msgs__rosidl_typesupport_cExport.cmake
[137.997s] -- Installing: /home/wellyowo/locobot_sim/locobot_ws/install/interbotix_xs_msgs/share/interbotix_xs_msgs/cmake/interbotix_xs_msgs__rosidl_typesupport_cExport-noconfig.cmake
[137.997s] -- Installing: /home/wellyowo/locobot_sim/locobot_ws/install/interbotix_xs_msgs/share/interbotix_xs_msgs/cmake/export_interbotix_xs_msgs__rosidl_generator_cppExport.cmake
[137.997s] -- Installing: /home/wellyowo/locobot_sim/locobot_ws/install/interbotix_xs_msgs/share/interbotix_xs_msgs/cmake/export_interbotix_xs_msgs__rosidl_typesupport_fastrtps_cppExport.cmake
[137.998s] -- Installing: /home/wellyowo/locobot_sim/locobot_ws/install/interbotix_xs_msgs/share/interbotix_xs_msgs/cmake/export_interbotix_xs_msgs__rosidl_typesupport_fastrtps_cppExport-noconfig.cmake
[137.998s] -- Installing: /home/wellyowo/locobot_sim/locobot_ws/install/interbotix_xs_msgs/share/interbotix_xs_msgs/cmake/interbotix_xs_msgs__rosidl_typesupport_introspection_cppExport.cmake
[137.998s] -- Installing: /home/wellyowo/locobot_sim/locobot_ws/install/interbotix_xs_msgs/share/interbotix_xs_msgs/cmake/interbotix_xs_msgs__rosidl_typesupport_introspection_cppExport-noconfig.cmake
[137.998s] -- Installing: /home/wellyowo/locobot_sim/locobot_ws/install/interbotix_xs_msgs/share/interbotix_xs_msgs/cmake/interbotix_xs_msgs__rosidl_typesupport_cppExport.cmake
[137.998s] -- Installing: /home/wellyowo/locobot_sim/locobot_ws/install/interbotix_xs_msgs/share/interbotix_xs_msgs/cmake/interbotix_xs_msgs__rosidl_typesupport_cppExport-noconfig.cmake
[137.998s] -- Installing: /home/wellyowo/locobot_sim/locobot_ws/install/interbotix_xs_msgs/share/interbotix_xs_msgs/cmake/export_interbotix_xs_msgs__rosidl_generator_pyExport.cmake
[137.998s] -- Installing: /home/wellyowo/locobot_sim/locobot_ws/install/interbotix_xs_msgs/share/interbotix_xs_msgs/cmake/export_interbotix_xs_msgs__rosidl_generator_pyExport-noconfig.cmake
[138.001s] Invoked command in '/home/wellyowo/locobot_sim/locobot_ws/build/interbotix_xs_msgs' returned '0': CMAKE_PREFIX_PATH=/opt/ros/humble /usr/bin/cmake --install /home/wellyowo/locobot_sim/locobot_ws/build/interbotix_xs_msgs
