[0.009s] Invoking command in '/home/wellyowo/locobot_sim/locobot_ws/build/aws_robomaker_small_house_world': AMENT_PREFIX_PATH=/home/wellyowo/locobot_sim/locobot_ws/install/gazebo_plugins:${AMENT_PREFIX_PATH} CMAKE_PREFIX_PATH=/home/wellyowo/locobot_sim/locobot_ws/install/gazebo_plugins:/opt/ros/humble LD_LIBRARY_PATH=/usr/lib/x86_64-linux-gnu/gazebo-11/plugins:/home/wellyowo/locobot_sim/locobot_ws/install/gazebo_plugins/lib:${LD_LIBRARY_PATH} /usr/bin/cmake /home/wellyowo/locobot_sim/locobot_ws/src/ThirdParty/aws-robomaker-small-house-world -DBUILD_TESTING=OFF -DCMAKE_PREFIX_PATH= -DAMENT_CMAKE_SYMLINK_INSTALL=1 -DCMAKE_INSTALL_PREFIX=/home/wellyowo/locobot_sim/locobot_ws/install/aws_robomaker_small_house_world
[0.049s] -- The C compiler identification is GNU 11.4.0
[0.094s] -- The CXX compiler identification is GNU 11.4.0
[0.099s] -- Detecting C compiler ABI info
[0.155s] -- Detecting C compiler ABI info - done
[0.165s] -- Check for working C compiler: /usr/bin/cc - skipped
[0.165s] -- Detecting C compile features
[0.165s] -- Detecting C compile features - done
[0.169s] -- Detecting CXX compiler ABI info
[0.231s] -- Detecting CXX compiler ABI info - done
[0.236s] -- Check for working CXX compiler: /usr/bin/c++ - skipped
[0.237s] -- Detecting CXX compile features
[0.237s] -- Detecting CXX compile features - done
[0.240s] -- Found gazebo_ros: 3.9.0 (/opt/ros/humble/share/gazebo_ros/cmake)
[0.340s] -- Found Python3: /usr/bin/python3 (found version "3.10.12") found components: Interpreter 
[0.396s] -- Override CMake install command with custom implementation using symlinks instead of copying resources
[0.475s] -- Found rosidl_generator_c: 3.1.6 (/opt/ros/humble/share/rosidl_generator_c/cmake)
[0.480s] -- Found rosidl_adapter: 3.1.6 (/opt/ros/humble/share/rosidl_adapter/cmake)
[0.486s] -- Found rosidl_generator_cpp: 3.1.6 (/opt/ros/humble/share/rosidl_generator_cpp/cmake)
[0.495s] -- Using all available rosidl_typesupport_c: rosidl_typesupport_fastrtps_c;rosidl_typesupport_introspection_c
[0.509s] -- Using all available rosidl_typesupport_cpp: rosidl_typesupport_fastrtps_cpp;rosidl_typesupport_introspection_cpp
[0.547s] -- Found rmw_implementation_cmake: 6.1.2 (/opt/ros/humble/share/rmw_implementation_cmake/cmake)
[0.549s] -- Found rmw_fastrtps_cpp: 6.2.7 (/opt/ros/humble/share/rmw_fastrtps_cpp/cmake)
[0.610s] -- Found OpenSSL: /usr/lib/x86_64-linux-gnu/libcrypto.so (found version "3.0.2")  
[0.637s] -- Found FastRTPS: /opt/ros/humble/include  
[0.671s] -- Using RMW implementation 'rmw_fastrtps_cpp' as default
[0.678s] -- Looking for pthread.h
[0.733s] -- Looking for pthread.h - found
[0.733s] -- Performing Test CMAKE_HAVE_LIBC_PTHREAD
[0.785s] -- Performing Test CMAKE_HAVE_LIBC_PTHREAD - Success
[0.786s] -- Found Threads: TRUE  
[0.832s] -- Found PkgConfig: /usr/bin/pkg-config (found version "0.29.2") 
[0.833s] -- Checking for module 'bullet>=2.82'
[0.843s] --   Found bullet, version 3.05
[0.940s] -- Found fcl: /usr/include (found suitable version "0.7.0", minimum required is "0.5.0") 
[0.980s] -- Found assimp: /usr/include (found version "5.2.0") 
[0.993s] -- Found DART: /usr/include (Required is at least version "6.6") found components: dart 
[1.016s] -- Found Boost: /usr/lib/x86_64-linux-gnu/cmake/Boost-1.74.0/BoostConfig.cmake (found suitable version "1.74.0", minimum required is "1.40.0") found components: thread system filesystem program_options regex iostreams date_time 
[1.026s] -- Found Protobuf: /usr/lib/x86_64-linux-gnu/libprotobuf.so (found version "3.12.4") 
[1.030s] -- Looking for ignition-math6 -- found version 6.15.1
[1.035s] -- Searching for dependencies of ignition-math6
[1.036s] -- Looking for OGRE...
[1.037s] -- OGRE_PREFIX_WATCH changed.
[1.041s] -- Checking for module 'OGRE'
[1.049s] --   Found OGRE, version 1.9.0
[1.071s] -- Found Ogre Ghadamon (1.9.0)
[1.075s] -- Found OGRE: optimized;/usr/lib/x86_64-linux-gnu/libOgreMain.so;debug;/usr/lib/x86_64-linux-gnu/libOgreMain.so
[1.083s] -- Looking for OGRE_Paging...
[1.086s] -- Found OGRE_Paging: optimized;/usr/lib/x86_64-linux-gnu/libOgrePaging.so;debug;/usr/lib/x86_64-linux-gnu/libOgrePaging.so
[1.086s] -- Looking for OGRE_Terrain...
[1.089s] -- Found OGRE_Terrain: optimized;/usr/lib/x86_64-linux-gnu/libOgreTerrain.so;debug;/usr/lib/x86_64-linux-gnu/libOgreTerrain.so
[1.089s] -- Looking for OGRE_Property...
[1.091s] -- Found OGRE_Property: optimized;/usr/lib/x86_64-linux-gnu/libOgreProperty.so;debug;/usr/lib/x86_64-linux-gnu/libOgreProperty.so
[1.092s] -- Looking for OGRE_RTShaderSystem...
[1.094s] -- Found OGRE_RTShaderSystem: optimized;/usr/lib/x86_64-linux-gnu/libOgreRTShaderSystem.so;debug;/usr/lib/x86_64-linux-gnu/libOgreRTShaderSystem.so
[1.094s] -- Looking for OGRE_Volume...
[1.097s] -- Found OGRE_Volume: optimized;/usr/lib/x86_64-linux-gnu/libOgreVolume.so;debug;/usr/lib/x86_64-linux-gnu/libOgreVolume.so
[1.097s] -- Looking for OGRE_Overlay...
[1.100s] -- Found OGRE_Overlay: optimized;/usr/lib/x86_64-linux-gnu/libOgreOverlay.so;debug;/usr/lib/x86_64-linux-gnu/libOgreOverlay.so
[1.159s] -- Looking for ignition-math6 -- found version 6.15.1
[1.161s] -- Looking for ignition-transport8 -- found version 8.2.1
[1.162s] -- Searching for dependencies of ignition-transport8
[1.175s] -- Found Protobuf: /usr/lib/x86_64-linux-gnu/libprotobuf.so (found suitable version "3.12.4", minimum required is "3") 
[1.184s] -- Config-file not installed for ZeroMQ -- checking for pkg-config
[1.188s] -- Checking for module 'libzmq >= 4'
[1.196s] --   Found libzmq , version 4.3.4
[1.221s] -- Found ZeroMQ: TRUE (Required is at least version "4") 
[1.226s] -- Checking for module 'uuid'
[1.236s] --   Found uuid, version 2.37.2
[1.259s] -- Found UUID: TRUE  
[1.261s] -- Looking for ignition-msgs5 -- found version 5.8.1
[1.261s] -- Searching for dependencies of ignition-msgs5
[1.279s] -- Looking for ignition-math6 -- found version 6.15.1
[1.283s] -- Checking for module 'tinyxml2'
[1.292s] --   Found tinyxml2, version 9.0.0
[1.316s] -- Looking for ignition-msgs5 -- found version 5.8.1
[1.318s] -- Looking for ignition-common3 -- found version 3.14.0
[1.319s] -- Searching for dependencies of ignition-common3
[1.319s] -- Looking for dlfcn.h - found
[1.320s] -- Looking for libdl - found
[1.321s] -- Found DL: TRUE  
[1.331s] -- Found tinyobjloader: /usr/lib/x86_64-linux-gnu/cmake/tinyobjloader/tinyobjloader-config.cmake (found version "2.0.0") 
[1.331s] -- Searching for <ignition-common3> component [graphics]
[1.333s] -- Looking for ignition-common3-graphics -- found version 3.14.0
[1.334s] -- Searching for dependencies of ignition-common3-graphics
[1.334s] -- Looking for ignition-math6 -- found version 6.15.1
[1.336s] -- Looking for ignition-fuel_tools4 -- found version 4.4.0
[1.337s] -- Searching for dependencies of ignition-fuel_tools4
[1.396s] -- Found CURL: /usr/lib/x86_64-linux-gnu/libcurl.so (found version "7.81.0")  
[1.404s] -- Checking for module 'jsoncpp'
[1.413s] --   Found jsoncpp, version 1.9.5
[1.437s] -- Found JSONCPP: TRUE  
[1.442s] -- Checking for module 'libzip'
[1.451s] --   Found libzip, version 1.7.3
[1.475s] -- Found ZIP: TRUE  
[1.475s] -- Looking for ignition-common3 -- found version 3.14.0
[1.475s] -- Looking for ignition-math6 -- found version 6.15.1
[1.476s] -- Looking for ignition-msgs5 -- found version 5.8.1
[1.478s] -- Gazebo version: 11.10
[1.479s] -- Checking for module 'tbb'
[1.489s] --   Found tbb, version 2021.5.0
[1.512s] -- Found ament_cmake_ros: 0.10.0 (/opt/ros/humble/share/ament_cmake_ros/cmake)
[1.574s] -- Configuring done
[1.579s] -- Generating done
[1.581s] -- Build files have been written to: /home/wellyowo/locobot_sim/locobot_ws/build/aws_robomaker_small_house_world
[1.593s] Invoked command in '/home/wellyowo/locobot_sim/locobot_ws/build/aws_robomaker_small_house_world' returned '0': AMENT_PREFIX_PATH=/home/wellyowo/locobot_sim/locobot_ws/install/gazebo_plugins:${AMENT_PREFIX_PATH} CMAKE_PREFIX_PATH=/home/wellyowo/locobot_sim/locobot_ws/install/gazebo_plugins:/opt/ros/humble LD_LIBRARY_PATH=/usr/lib/x86_64-linux-gnu/gazebo-11/plugins:/home/wellyowo/locobot_sim/locobot_ws/install/gazebo_plugins/lib:${LD_LIBRARY_PATH} /usr/bin/cmake /home/wellyowo/locobot_sim/locobot_ws/src/ThirdParty/aws-robomaker-small-house-world -DBUILD_TESTING=OFF -DCMAKE_PREFIX_PATH= -DAMENT_CMAKE_SYMLINK_INSTALL=1 -DCMAKE_INSTALL_PREFIX=/home/wellyowo/locobot_sim/locobot_ws/install/aws_robomaker_small_house_world
[1.594s] Invoking command in '/home/wellyowo/locobot_sim/locobot_ws/build/aws_robomaker_small_house_world': AMENT_PREFIX_PATH=/home/wellyowo/locobot_sim/locobot_ws/install/gazebo_plugins:${AMENT_PREFIX_PATH} CMAKE_PREFIX_PATH=/home/wellyowo/locobot_sim/locobot_ws/install/gazebo_plugins:/opt/ros/humble LD_LIBRARY_PATH=/usr/lib/x86_64-linux-gnu/gazebo-11/plugins:/home/wellyowo/locobot_sim/locobot_ws/install/gazebo_plugins/lib:${LD_LIBRARY_PATH} /usr/bin/cmake --build /home/wellyowo/locobot_sim/locobot_ws/build/aws_robomaker_small_house_world -- -j16 -l16
[1.624s] Invoked command in '/home/wellyowo/locobot_sim/locobot_ws/build/aws_robomaker_small_house_world' returned '0': AMENT_PREFIX_PATH=/home/wellyowo/locobot_sim/locobot_ws/install/gazebo_plugins:${AMENT_PREFIX_PATH} CMAKE_PREFIX_PATH=/home/wellyowo/locobot_sim/locobot_ws/install/gazebo_plugins:/opt/ros/humble LD_LIBRARY_PATH=/usr/lib/x86_64-linux-gnu/gazebo-11/plugins:/home/wellyowo/locobot_sim/locobot_ws/install/gazebo_plugins/lib:${LD_LIBRARY_PATH} /usr/bin/cmake --build /home/wellyowo/locobot_sim/locobot_ws/build/aws_robomaker_small_house_world -- -j16 -l16
[1.625s] Invoking command in '/home/wellyowo/locobot_sim/locobot_ws/build/aws_robomaker_small_house_world': AMENT_PREFIX_PATH=/home/wellyowo/locobot_sim/locobot_ws/install/gazebo_plugins:${AMENT_PREFIX_PATH} CMAKE_PREFIX_PATH=/home/wellyowo/locobot_sim/locobot_ws/install/gazebo_plugins:/opt/ros/humble LD_LIBRARY_PATH=/usr/lib/x86_64-linux-gnu/gazebo-11/plugins:/home/wellyowo/locobot_sim/locobot_ws/install/gazebo_plugins/lib:${LD_LIBRARY_PATH} /usr/bin/cmake --install /home/wellyowo/locobot_sim/locobot_ws/build/aws_robomaker_small_house_world
[1.630s] -- Install configuration: ""
[1.630s] -- Execute custom install script
[1.631s] -- Symlinking: /home/wellyowo/locobot_sim/locobot_ws/install/aws_robomaker_small_house_world/share/aws_robomaker_small_house_world/launch/small_house.launch.py
[1.637s] -- Symlinking: /home/wellyowo/locobot_sim/locobot_ws/install/aws_robomaker_small_house_world/share/aws_robomaker_small_house_world/launch/view_small_house.launch.py
[1.648s] -- Symlinking: /home/wellyowo/locobot_sim/locobot_ws/install/aws_robomaker_small_house_world/share/aws_robomaker_small_house_world/models/aws_robomaker_residential_AirconditionerA_01/materials/textures/aws_AirconditionerA_01.png
[1.654s] -- Symlinking: /home/wellyowo/locobot_sim/locobot_ws/install/aws_robomaker_small_house_world/share/aws_robomaker_small_house_world/models/aws_robomaker_residential_AirconditionerA_01/meshes/aws_AirconditionerA_01_collision.DAE
[1.659s] -- Symlinking: /home/wellyowo/locobot_sim/locobot_ws/install/aws_robomaker_small_house_world/share/aws_robomaker_small_house_world/models/aws_robomaker_residential_AirconditionerA_01/meshes/aws_AirconditionerA_01_visual.DAE
[1.666s] -- Symlinking: /home/wellyowo/locobot_sim/locobot_ws/install/aws_robomaker_small_house_world/share/aws_robomaker_small_house_world/models/aws_robomaker_residential_AirconditionerA_01/meshes/aws__Air conditioner_01.DAE
[1.675s] -- Symlinking: /home/wellyowo/locobot_sim/locobot_ws/install/aws_robomaker_small_house_world/share/aws_robomaker_small_house_world/models/aws_robomaker_residential_AirconditionerA_01/model.config
[1.681s] -- Symlinking: /home/wellyowo/locobot_sim/locobot_ws/install/aws_robomaker_small_house_world/share/aws_robomaker_small_house_world/models/aws_robomaker_residential_AirconditionerA_01/model.sdf
[1.687s] -- Symlinking: /home/wellyowo/locobot_sim/locobot_ws/install/aws_robomaker_small_house_world/share/aws_robomaker_small_house_world/models/aws_robomaker_residential_AirconditionerB_01/materials/textures/aws_AirconditionerB_01.png
[1.693s] -- Symlinking: /home/wellyowo/locobot_sim/locobot_ws/install/aws_robomaker_small_house_world/share/aws_robomaker_small_house_world/models/aws_robomaker_residential_AirconditionerB_01/meshes/aws_AirconditionerB_01_collision.DAE
[1.699s] -- Symlinking: /home/wellyowo/locobot_sim/locobot_ws/install/aws_robomaker_small_house_world/share/aws_robomaker_small_house_world/models/aws_robomaker_residential_AirconditionerB_01/meshes/aws_AirconditionerB_01_visual.DAE
[1.706s] -- Symlinking: /home/wellyowo/locobot_sim/locobot_ws/install/aws_robomaker_small_house_world/share/aws_robomaker_small_house_world/models/aws_robomaker_residential_AirconditionerB_01/model.config
[1.712s] -- Symlinking: /home/wellyowo/locobot_sim/locobot_ws/install/aws_robomaker_small_house_world/share/aws_robomaker_small_house_world/models/aws_robomaker_residential_AirconditionerB_01/model.sdf
[1.718s] -- Symlinking: /home/wellyowo/locobot_sim/locobot_ws/install/aws_robomaker_small_house_world/share/aws_robomaker_small_house_world/models/aws_robomaker_residential_BalconyTable_01/materials/textures/aws_BalconyTable_01.png
[1.724s] -- Symlinking: /home/wellyowo/locobot_sim/locobot_ws/install/aws_robomaker_small_house_world/share/aws_robomaker_small_house_world/models/aws_robomaker_residential_BalconyTable_01/meshes/aws_BalconyTable_01_collision.DAE
[1.730s] -- Symlinking: /home/wellyowo/locobot_sim/locobot_ws/install/aws_robomaker_small_house_world/share/aws_robomaker_small_house_world/models/aws_robomaker_residential_BalconyTable_01/meshes/aws_BalconyTable_01_visual.DAE
[1.737s] -- Symlinking: /home/wellyowo/locobot_sim/locobot_ws/install/aws_robomaker_small_house_world/share/aws_robomaker_small_house_world/models/aws_robomaker_residential_BalconyTable_01/model.config
[1.743s] -- Symlinking: /home/wellyowo/locobot_sim/locobot_ws/install/aws_robomaker_small_house_world/share/aws_robomaker_small_house_world/models/aws_robomaker_residential_BalconyTable_01/model.sdf
[1.754s] -- Symlinking: /home/wellyowo/locobot_sim/locobot_ws/install/aws_robomaker_small_house_world/share/aws_robomaker_small_house_world/models/aws_robomaker_residential_Ball_01/materials/textures/aws_Ball_01.png
[1.760s] -- Symlinking: /home/wellyowo/locobot_sim/locobot_ws/install/aws_robomaker_small_house_world/share/aws_robomaker_small_house_world/models/aws_robomaker_residential_Ball_01/meshes/aws_Ball_01_collision.DAE
[1.766s] -- Symlinking: /home/wellyowo/locobot_sim/locobot_ws/install/aws_robomaker_small_house_world/share/aws_robomaker_small_house_world/models/aws_robomaker_residential_Ball_01/meshes/aws_Ball_01_visual.DAE
[1.772s] -- Symlinking: /home/wellyowo/locobot_sim/locobot_ws/install/aws_robomaker_small_house_world/share/aws_robomaker_small_house_world/models/aws_robomaker_residential_Ball_01/model.config
[1.778s] -- Symlinking: /home/wellyowo/locobot_sim/locobot_ws/install/aws_robomaker_small_house_world/share/aws_robomaker_small_house_world/models/aws_robomaker_residential_Ball_01/model.sdf
[1.784s] -- Symlinking: /home/wellyowo/locobot_sim/locobot_ws/install/aws_robomaker_small_house_world/share/aws_robomaker_small_house_world/models/aws_robomaker_residential_Bed_01/materials/textures/aws_BedA_01.png
[1.790s] -- Symlinking: /home/wellyowo/locobot_sim/locobot_ws/install/aws_robomaker_small_house_world/share/aws_robomaker_small_house_world/models/aws_robomaker_residential_Bed_01/materials/textures/aws_BedB_01.png
[1.796s] -- Symlinking: /home/wellyowo/locobot_sim/locobot_ws/install/aws_robomaker_small_house_world/share/aws_robomaker_small_house_world/models/aws_robomaker_residential_Bed_01/materials/textures/aws_BedC_01.png
[1.802s] -- Symlinking: /home/wellyowo/locobot_sim/locobot_ws/install/aws_robomaker_small_house_world/share/aws_robomaker_small_house_world/models/aws_robomaker_residential_Bed_01/materials/textures/aws_Bed_01.png
[1.809s] -- Symlinking: /home/wellyowo/locobot_sim/locobot_ws/install/aws_robomaker_small_house_world/share/aws_robomaker_small_house_world/models/aws_robomaker_residential_Bed_01/meshes/aws_Bed_01_collision.DAE
[1.815s] -- Symlinking: /home/wellyowo/locobot_sim/locobot_ws/install/aws_robomaker_small_house_world/share/aws_robomaker_small_house_world/models/aws_robomaker_residential_Bed_01/meshes/aws_Bed_01_visual.DAE
[1.822s] -- Symlinking: /home/wellyowo/locobot_sim/locobot_ws/install/aws_robomaker_small_house_world/share/aws_robomaker_small_house_world/models/aws_robomaker_residential_Bed_01/model.config
[1.829s] -- Symlinking: /home/wellyowo/locobot_sim/locobot_ws/install/aws_robomaker_small_house_world/share/aws_robomaker_small_house_world/models/aws_robomaker_residential_Bed_01/model.sdf
[1.835s] -- Symlinking: /home/wellyowo/locobot_sim/locobot_ws/install/aws_robomaker_small_house_world/share/aws_robomaker_small_house_world/models/aws_robomaker_residential_Board_01/materials/textures/aws_Board_01.png
[1.842s] -- Symlinking: /home/wellyowo/locobot_sim/locobot_ws/install/aws_robomaker_small_house_world/share/aws_robomaker_small_house_world/models/aws_robomaker_residential_Board_01/meshes/aws_Board_01_collision.DAE
[1.848s] -- Symlinking: /home/wellyowo/locobot_sim/locobot_ws/install/aws_robomaker_small_house_world/share/aws_robomaker_small_house_world/models/aws_robomaker_residential_Board_01/meshes/aws_Board_01_visual.DAE
[1.855s] -- Symlinking: /home/wellyowo/locobot_sim/locobot_ws/install/aws_robomaker_small_house_world/share/aws_robomaker_small_house_world/models/aws_robomaker_residential_Board_01/model.config
[1.861s] -- Symlinking: /home/wellyowo/locobot_sim/locobot_ws/install/aws_robomaker_small_house_world/share/aws_robomaker_small_house_world/models/aws_robomaker_residential_Board_01/model.sdf
[1.868s] -- Symlinking: /home/wellyowo/locobot_sim/locobot_ws/install/aws_robomaker_small_house_world/share/aws_robomaker_small_house_world/models/aws_robomaker_residential_Carpet_01/materials/textures/aws_Carpet_01.png
[1.874s] -- Symlinking: /home/wellyowo/locobot_sim/locobot_ws/install/aws_robomaker_small_house_world/share/aws_robomaker_small_house_world/models/aws_robomaker_residential_Carpet_01/meshes/aws_Carpet_01_collision.DAE
[1.881s] -- Symlinking: /home/wellyowo/locobot_sim/locobot_ws/install/aws_robomaker_small_house_world/share/aws_robomaker_small_house_world/models/aws_robomaker_residential_Carpet_01/meshes/aws_Carpet_01_visual.DAE
[1.891s] -- Symlinking: /home/wellyowo/locobot_sim/locobot_ws/install/aws_robomaker_small_house_world/share/aws_robomaker_small_house_world/models/aws_robomaker_residential_Carpet_01/model.config
[1.898s] -- Symlinking: /home/wellyowo/locobot_sim/locobot_ws/install/aws_robomaker_small_house_world/share/aws_robomaker_small_house_world/models/aws_robomaker_residential_Carpet_01/model.sdf
[1.904s] -- Symlinking: /home/wellyowo/locobot_sim/locobot_ws/install/aws_robomaker_small_house_world/share/aws_robomaker_small_house_world/models/aws_robomaker_residential_ChairA_01/materials/textures/aws_ChairA_01.png
[1.911s] -- Symlinking: /home/wellyowo/locobot_sim/locobot_ws/install/aws_robomaker_small_house_world/share/aws_robomaker_small_house_world/models/aws_robomaker_residential_ChairA_01/meshes/aws_ChairA_01_collision.DAE
[1.917s] -- Symlinking: /home/wellyowo/locobot_sim/locobot_ws/install/aws_robomaker_small_house_world/share/aws_robomaker_small_house_world/models/aws_robomaker_residential_ChairA_01/meshes/aws_ChairA_01_visual.DAE
[1.923s] -- Symlinking: /home/wellyowo/locobot_sim/locobot_ws/install/aws_robomaker_small_house_world/share/aws_robomaker_small_house_world/models/aws_robomaker_residential_ChairA_01/model.config
[1.930s] -- Symlinking: /home/wellyowo/locobot_sim/locobot_ws/install/aws_robomaker_small_house_world/share/aws_robomaker_small_house_world/models/aws_robomaker_residential_ChairA_01/model.sdf
[1.936s] -- Symlinking: /home/wellyowo/locobot_sim/locobot_ws/install/aws_robomaker_small_house_world/share/aws_robomaker_small_house_world/models/aws_robomaker_residential_ChairD_01/materials/textures/aws_ChairD_01.png
[1.943s] -- Symlinking: /home/wellyowo/locobot_sim/locobot_ws/install/aws_robomaker_small_house_world/share/aws_robomaker_small_house_world/models/aws_robomaker_residential_ChairD_01/meshes/aws_ChairD_01_collision.DAE
[1.949s] -- Symlinking: /home/wellyowo/locobot_sim/locobot_ws/install/aws_robomaker_small_house_world/share/aws_robomaker_small_house_world/models/aws_robomaker_residential_ChairD_01/meshes/aws_ChairD_01_visual.DAE
[1.955s] -- Symlinking: /home/wellyowo/locobot_sim/locobot_ws/install/aws_robomaker_small_house_world/share/aws_robomaker_small_house_world/models/aws_robomaker_residential_ChairD_01/model.config
[1.962s] -- Symlinking: /home/wellyowo/locobot_sim/locobot_ws/install/aws_robomaker_small_house_world/share/aws_robomaker_small_house_world/models/aws_robomaker_residential_ChairD_01/model.sdf
[1.969s] -- Symlinking: /home/wellyowo/locobot_sim/locobot_ws/install/aws_robomaker_small_house_world/share/aws_robomaker_small_house_world/models/aws_robomaker_residential_Chandelier_01/materials/textures/aws_Chandelier_01.png
[1.977s] -- Symlinking: /home/wellyowo/locobot_sim/locobot_ws/install/aws_robomaker_small_house_world/share/aws_robomaker_small_house_world/models/aws_robomaker_residential_Chandelier_01/meshes/aws_Chandelier_01.DAE
[1.984s] -- Symlinking: /home/wellyowo/locobot_sim/locobot_ws/install/aws_robomaker_small_house_world/share/aws_robomaker_small_house_world/models/aws_robomaker_residential_Chandelier_01/meshes/aws_Chandelier_01_collision.DAE
[1.990s] -- Symlinking: /home/wellyowo/locobot_sim/locobot_ws/install/aws_robomaker_small_house_world/share/aws_robomaker_small_house_world/models/aws_robomaker_residential_Chandelier_01/meshes/aws_Chandelier_01_visual.DAE
[1.997s] -- Symlinking: /home/wellyowo/locobot_sim/locobot_ws/install/aws_robomaker_small_house_world/share/aws_robomaker_small_house_world/models/aws_robomaker_residential_Chandelier_01/model.config
[2.004s] -- Symlinking: /home/wellyowo/locobot_sim/locobot_ws/install/aws_robomaker_small_house_world/share/aws_robomaker_small_house_world/models/aws_robomaker_residential_Chandelier_01/model.sdf
[2.011s] -- Symlinking: /home/wellyowo/locobot_sim/locobot_ws/install/aws_robomaker_small_house_world/share/aws_robomaker_small_house_world/models/aws_robomaker_residential_CoffeeTable_01/materials/textures/aws_CoffeeTable_01.png
[2.018s] -- Symlinking: /home/wellyowo/locobot_sim/locobot_ws/install/aws_robomaker_small_house_world/share/aws_robomaker_small_house_world/models/aws_robomaker_residential_CoffeeTable_01/meshes/aws_CoffeeTable_01_collision.DAE
[2.024s] -- Symlinking: /home/wellyowo/locobot_sim/locobot_ws/install/aws_robomaker_small_house_world/share/aws_robomaker_small_house_world/models/aws_robomaker_residential_CoffeeTable_01/meshes/aws_CoffeeTable_01_visual.DAE
[2.034s] -- Symlinking: /home/wellyowo/locobot_sim/locobot_ws/install/aws_robomaker_small_house_world/share/aws_robomaker_small_house_world/models/aws_robomaker_residential_CoffeeTable_01/model.config
[2.040s] -- Symlinking: /home/wellyowo/locobot_sim/locobot_ws/install/aws_robomaker_small_house_world/share/aws_robomaker_small_house_world/models/aws_robomaker_residential_CoffeeTable_01/model.sdf
[2.046s] -- Symlinking: /home/wellyowo/locobot_sim/locobot_ws/install/aws_robomaker_small_house_world/share/aws_robomaker_small_house_world/models/aws_robomaker_residential_CookingBench_01/materials/textures/aws_CookingBench_01.png
[2.052s] -- Symlinking: /home/wellyowo/locobot_sim/locobot_ws/install/aws_robomaker_small_house_world/share/aws_robomaker_small_house_world/models/aws_robomaker_residential_CookingBench_01/meshes/aws_CookingBench_01.DAE
[2.058s] -- Symlinking: /home/wellyowo/locobot_sim/locobot_ws/install/aws_robomaker_small_house_world/share/aws_robomaker_small_house_world/models/aws_robomaker_residential_CookingBench_01/meshes/aws_CookingBench_01_collision.DAE
[2.065s] -- Symlinking: /home/wellyowo/locobot_sim/locobot_ws/install/aws_robomaker_small_house_world/share/aws_robomaker_small_house_world/models/aws_robomaker_residential_CookingBench_01/meshes/aws_CookingBench_01_visual.DAE
[2.072s] -- Symlinking: /home/wellyowo/locobot_sim/locobot_ws/install/aws_robomaker_small_house_world/share/aws_robomaker_small_house_world/models/aws_robomaker_residential_CookingBench_01/model.config
[2.079s] -- Symlinking: /home/wellyowo/locobot_sim/locobot_ws/install/aws_robomaker_small_house_world/share/aws_robomaker_small_house_world/models/aws_robomaker_residential_CookingBench_01/model.sdf
[2.087s] -- Symlinking: /home/wellyowo/locobot_sim/locobot_ws/install/aws_robomaker_small_house_world/share/aws_robomaker_small_house_world/models/aws_robomaker_residential_Curtain_01/materials/textures/aws_Curtain_01.png
[2.094s] -- Symlinking: /home/wellyowo/locobot_sim/locobot_ws/install/aws_robomaker_small_house_world/share/aws_robomaker_small_house_world/models/aws_robomaker_residential_Curtain_01/meshes/aws_Curtain_01_collision.DAE
[2.101s] -- Symlinking: /home/wellyowo/locobot_sim/locobot_ws/install/aws_robomaker_small_house_world/share/aws_robomaker_small_house_world/models/aws_robomaker_residential_Curtain_01/meshes/aws_Curtain_01_visual.DAE
[2.108s] -- Symlinking: /home/wellyowo/locobot_sim/locobot_ws/install/aws_robomaker_small_house_world/share/aws_robomaker_small_house_world/models/aws_robomaker_residential_Curtain_01/model.config
[2.115s] -- Symlinking: /home/wellyowo/locobot_sim/locobot_ws/install/aws_robomaker_small_house_world/share/aws_robomaker_small_house_world/models/aws_robomaker_residential_Curtain_01/model.sdf
[2.122s] -- Symlinking: /home/wellyowo/locobot_sim/locobot_ws/install/aws_robomaker_small_house_world/share/aws_robomaker_small_house_world/models/aws_robomaker_residential_DeskPortraitA_01/materials/textures/aws_DeskPortraitA_01.png
[2.129s] -- Symlinking: /home/wellyowo/locobot_sim/locobot_ws/install/aws_robomaker_small_house_world/share/aws_robomaker_small_house_world/models/aws_robomaker_residential_DeskPortraitA_01/materials/textures/aws_DeskPortraitA_02.png
[2.136s] -- Symlinking: /home/wellyowo/locobot_sim/locobot_ws/install/aws_robomaker_small_house_world/share/aws_robomaker_small_house_world/models/aws_robomaker_residential_DeskPortraitA_01/meshes/aws_DeskPortraitA_01_collision.DAE
[2.142s] -- Symlinking: /home/wellyowo/locobot_sim/locobot_ws/install/aws_robomaker_small_house_world/share/aws_robomaker_small_house_world/models/aws_robomaker_residential_DeskPortraitA_01/meshes/aws_DeskPortraitA_01_visual.DAE
[2.149s] -- Symlinking: /home/wellyowo/locobot_sim/locobot_ws/install/aws_robomaker_small_house_world/share/aws_robomaker_small_house_world/models/aws_robomaker_residential_DeskPortraitA_01/model.config
[2.157s] -- Symlinking: /home/wellyowo/locobot_sim/locobot_ws/install/aws_robomaker_small_house_world/share/aws_robomaker_small_house_world/models/aws_robomaker_residential_DeskPortraitA_01/model.sdf
[2.164s] -- Symlinking: /home/wellyowo/locobot_sim/locobot_ws/install/aws_robomaker_small_house_world/share/aws_robomaker_small_house_world/models/aws_robomaker_residential_DeskPortraitA_02/materials/textures/aws_DeskPortraitA_01.png
[2.170s] -- Symlinking: /home/wellyowo/locobot_sim/locobot_ws/install/aws_robomaker_small_house_world/share/aws_robomaker_small_house_world/models/aws_robomaker_residential_DeskPortraitA_02/materials/textures/aws_DeskPortraitA_02.png
[2.177s] -- Symlinking: /home/wellyowo/locobot_sim/locobot_ws/install/aws_robomaker_small_house_world/share/aws_robomaker_small_house_world/models/aws_robomaker_residential_DeskPortraitA_02/meshes/aws_DeskPortraitA_01_collision.DAE
[2.184s] -- Symlinking: /home/wellyowo/locobot_sim/locobot_ws/install/aws_robomaker_small_house_world/share/aws_robomaker_small_house_world/models/aws_robomaker_residential_DeskPortraitA_02/meshes/aws_DeskPortraitA_01_visual.DAE
[2.192s] -- Symlinking: /home/wellyowo/locobot_sim/locobot_ws/install/aws_robomaker_small_house_world/share/aws_robomaker_small_house_world/models/aws_robomaker_residential_DeskPortraitA_02/model.config
[2.197s] -- Symlinking: /home/wellyowo/locobot_sim/locobot_ws/install/aws_robomaker_small_house_world/share/aws_robomaker_small_house_world/models/aws_robomaker_residential_DeskPortraitA_02/model.sdf
[2.205s] -- Symlinking: /home/wellyowo/locobot_sim/locobot_ws/install/aws_robomaker_small_house_world/share/aws_robomaker_small_house_world/models/aws_robomaker_residential_DeskPortraitB_01/materials/textures/aws_DeskPortraitB_01.png
[2.212s] -- Symlinking: /home/wellyowo/locobot_sim/locobot_ws/install/aws_robomaker_small_house_world/share/aws_robomaker_small_house_world/models/aws_robomaker_residential_DeskPortraitB_01/materials/textures/aws_DeskPortraitB_02.png
[2.219s] -- Symlinking: /home/wellyowo/locobot_sim/locobot_ws/install/aws_robomaker_small_house_world/share/aws_robomaker_small_house_world/models/aws_robomaker_residential_DeskPortraitB_01/meshes/aws_DeskPortraitB_01_collision.DAE
[2.225s] -- Symlinking: /home/wellyowo/locobot_sim/locobot_ws/install/aws_robomaker_small_house_world/share/aws_robomaker_small_house_world/models/aws_robomaker_residential_DeskPortraitB_01/meshes/aws_DeskPortraitB_01_visual.DAE
[2.232s] -- Symlinking: /home/wellyowo/locobot_sim/locobot_ws/install/aws_robomaker_small_house_world/share/aws_robomaker_small_house_world/models/aws_robomaker_residential_DeskPortraitB_01/model.config
[2.238s] -- Symlinking: /home/wellyowo/locobot_sim/locobot_ws/install/aws_robomaker_small_house_world/share/aws_robomaker_small_house_world/models/aws_robomaker_residential_DeskPortraitB_01/model.sdf
[2.244s] -- Symlinking: /home/wellyowo/locobot_sim/locobot_ws/install/aws_robomaker_small_house_world/share/aws_robomaker_small_house_world/models/aws_robomaker_residential_DeskPortraitB_02/materials/textures/aws_DeskPortraitB_01.png
[2.250s] -- Symlinking: /home/wellyowo/locobot_sim/locobot_ws/install/aws_robomaker_small_house_world/share/aws_robomaker_small_house_world/models/aws_robomaker_residential_DeskPortraitB_02/materials/textures/aws_DeskPortraitB_02.png
[2.256s] -- Symlinking: /home/wellyowo/locobot_sim/locobot_ws/install/aws_robomaker_small_house_world/share/aws_robomaker_small_house_world/models/aws_robomaker_residential_DeskPortraitB_02/meshes/aws_DeskPortraitB_01_collision.DAE
[2.263s] -- Symlinking: /home/wellyowo/locobot_sim/locobot_ws/install/aws_robomaker_small_house_world/share/aws_robomaker_small_house_world/models/aws_robomaker_residential_DeskPortraitB_02/meshes/aws_DeskPortraitB_01_visual.DAE
[2.269s] -- Symlinking: /home/wellyowo/locobot_sim/locobot_ws/install/aws_robomaker_small_house_world/share/aws_robomaker_small_house_world/models/aws_robomaker_residential_DeskPortraitB_02/model.config
[2.275s] -- Symlinking: /home/wellyowo/locobot_sim/locobot_ws/install/aws_robomaker_small_house_world/share/aws_robomaker_small_house_world/models/aws_robomaker_residential_DeskPortraitB_02/model.sdf
[2.281s] -- Symlinking: /home/wellyowo/locobot_sim/locobot_ws/install/aws_robomaker_small_house_world/share/aws_robomaker_small_house_world/models/aws_robomaker_residential_DeskPortraitC_01/materials/textures/aws_DeskPortraitC_01.png
[2.287s] -- Symlinking: /home/wellyowo/locobot_sim/locobot_ws/install/aws_robomaker_small_house_world/share/aws_robomaker_small_house_world/models/aws_robomaker_residential_DeskPortraitC_01/materials/textures/aws_DeskPortraitC_02.png
[2.294s] -- Symlinking: /home/wellyowo/locobot_sim/locobot_ws/install/aws_robomaker_small_house_world/share/aws_robomaker_small_house_world/models/aws_robomaker_residential_DeskPortraitC_01/meshes/aws_DeskPortraitC_01_collision.DAE
[2.301s] -- Symlinking: /home/wellyowo/locobot_sim/locobot_ws/install/aws_robomaker_small_house_world/share/aws_robomaker_small_house_world/models/aws_robomaker_residential_DeskPortraitC_01/meshes/aws_DeskPortraitC_01_visual.DAE
[2.307s] -- Symlinking: /home/wellyowo/locobot_sim/locobot_ws/install/aws_robomaker_small_house_world/share/aws_robomaker_small_house_world/models/aws_robomaker_residential_DeskPortraitC_01/model.config
[2.314s] -- Symlinking: /home/wellyowo/locobot_sim/locobot_ws/install/aws_robomaker_small_house_world/share/aws_robomaker_small_house_world/models/aws_robomaker_residential_DeskPortraitC_01/model.sdf
[2.320s] -- Symlinking: /home/wellyowo/locobot_sim/locobot_ws/install/aws_robomaker_small_house_world/share/aws_robomaker_small_house_world/models/aws_robomaker_residential_DeskPortraitC_02/materials/textures/aws_DeskPortraitC_01.png
[2.327s] -- Symlinking: /home/wellyowo/locobot_sim/locobot_ws/install/aws_robomaker_small_house_world/share/aws_robomaker_small_house_world/models/aws_robomaker_residential_DeskPortraitC_02/materials/textures/aws_DeskPortraitC_02.png
[2.334s] -- Symlinking: /home/wellyowo/locobot_sim/locobot_ws/install/aws_robomaker_small_house_world/share/aws_robomaker_small_house_world/models/aws_robomaker_residential_DeskPortraitC_02/meshes/aws_DeskPortraitC_01_collision.DAE
[2.341s] -- Symlinking: /home/wellyowo/locobot_sim/locobot_ws/install/aws_robomaker_small_house_world/share/aws_robomaker_small_house_world/models/aws_robomaker_residential_DeskPortraitC_02/meshes/aws_DeskPortraitC_01_visual.DAE
[2.349s] -- Symlinking: /home/wellyowo/locobot_sim/locobot_ws/install/aws_robomaker_small_house_world/share/aws_robomaker_small_house_world/models/aws_robomaker_residential_DeskPortraitC_02/model.config
[2.356s] -- Symlinking: /home/wellyowo/locobot_sim/locobot_ws/install/aws_robomaker_small_house_world/share/aws_robomaker_small_house_world/models/aws_robomaker_residential_DeskPortraitC_02/model.sdf
[2.363s] -- Symlinking: /home/wellyowo/locobot_sim/locobot_ws/install/aws_robomaker_small_house_world/share/aws_robomaker_small_house_world/models/aws_robomaker_residential_DeskPortraitD_01/materials/textures/aws_DeskPortraitD_01.png
[2.370s] -- Symlinking: /home/wellyowo/locobot_sim/locobot_ws/install/aws_robomaker_small_house_world/share/aws_robomaker_small_house_world/models/aws_robomaker_residential_DeskPortraitD_01/materials/textures/aws_DeskPortraitD_02.png
[2.376s] -- Symlinking: /home/wellyowo/locobot_sim/locobot_ws/install/aws_robomaker_small_house_world/share/aws_robomaker_small_house_world/models/aws_robomaker_residential_DeskPortraitD_01/meshes/aws_DeskPortraitD_01_collision.DAE
[2.383s] -- Symlinking: /home/wellyowo/locobot_sim/locobot_ws/install/aws_robomaker_small_house_world/share/aws_robomaker_small_house_world/models/aws_robomaker_residential_DeskPortraitD_01/meshes/aws_DeskPortraitD_01_visual.DAE
[2.389s] -- Symlinking: /home/wellyowo/locobot_sim/locobot_ws/install/aws_robomaker_small_house_world/share/aws_robomaker_small_house_world/models/aws_robomaker_residential_DeskPortraitD_01/model.config
[2.395s] -- Symlinking: /home/wellyowo/locobot_sim/locobot_ws/install/aws_robomaker_small_house_world/share/aws_robomaker_small_house_world/models/aws_robomaker_residential_DeskPortraitD_01/model.sdf
[2.402s] -- Symlinking: /home/wellyowo/locobot_sim/locobot_ws/install/aws_robomaker_small_house_world/share/aws_robomaker_small_house_world/models/aws_robomaker_residential_DeskPortraitD_02/materials/textures/aws_DeskPortraitD_01.png
[2.409s] -- Symlinking: /home/wellyowo/locobot_sim/locobot_ws/install/aws_robomaker_small_house_world/share/aws_robomaker_small_house_world/models/aws_robomaker_residential_DeskPortraitD_02/materials/textures/aws_DeskPortraitD_02.png
[2.416s] -- Symlinking: /home/wellyowo/locobot_sim/locobot_ws/install/aws_robomaker_small_house_world/share/aws_robomaker_small_house_world/models/aws_robomaker_residential_DeskPortraitD_02/meshes/aws_DeskPortraitD_01_collision.DAE
[2.423s] -- Symlinking: /home/wellyowo/locobot_sim/locobot_ws/install/aws_robomaker_small_house_world/share/aws_robomaker_small_house_world/models/aws_robomaker_residential_DeskPortraitD_02/meshes/aws_DeskPortraitD_01_visual.DAE
[2.430s] -- Symlinking: /home/wellyowo/locobot_sim/locobot_ws/install/aws_robomaker_small_house_world/share/aws_robomaker_small_house_world/models/aws_robomaker_residential_DeskPortraitD_02/model.config
[2.437s] -- Symlinking: /home/wellyowo/locobot_sim/locobot_ws/install/aws_robomaker_small_house_world/share/aws_robomaker_small_house_world/models/aws_robomaker_residential_DeskPortraitD_02/model.sdf
[2.443s] -- Symlinking: /home/wellyowo/locobot_sim/locobot_ws/install/aws_robomaker_small_house_world/share/aws_robomaker_small_house_world/models/aws_robomaker_residential_DeskPortraitD_03/materials/textures/aws_DeskPortraitD_01.png
[2.450s] -- Symlinking: /home/wellyowo/locobot_sim/locobot_ws/install/aws_robomaker_small_house_world/share/aws_robomaker_small_house_world/models/aws_robomaker_residential_DeskPortraitD_03/materials/textures/aws_DeskPortraitD_02.png
[2.456s] -- Symlinking: /home/wellyowo/locobot_sim/locobot_ws/install/aws_robomaker_small_house_world/share/aws_robomaker_small_house_world/models/aws_robomaker_residential_DeskPortraitD_03/meshes/aws_DeskPortraitD_01_collision.DAE
[2.463s] -- Symlinking: /home/wellyowo/locobot_sim/locobot_ws/install/aws_robomaker_small_house_world/share/aws_robomaker_small_house_world/models/aws_robomaker_residential_DeskPortraitD_03/meshes/aws_DeskPortraitD_01_visual.DAE
[2.469s] -- Symlinking: /home/wellyowo/locobot_sim/locobot_ws/install/aws_robomaker_small_house_world/share/aws_robomaker_small_house_world/models/aws_robomaker_residential_DeskPortraitD_03/model.config
[2.476s] -- Symlinking: /home/wellyowo/locobot_sim/locobot_ws/install/aws_robomaker_small_house_world/share/aws_robomaker_small_house_world/models/aws_robomaker_residential_DeskPortraitD_03/model.sdf
[2.483s] -- Symlinking: /home/wellyowo/locobot_sim/locobot_ws/install/aws_robomaker_small_house_world/share/aws_robomaker_small_house_world/models/aws_robomaker_residential_DeskPortraitD_04/materials/textures/aws_DeskPortraitD_01.png
[2.490s] -- Symlinking: /home/wellyowo/locobot_sim/locobot_ws/install/aws_robomaker_small_house_world/share/aws_robomaker_small_house_world/models/aws_robomaker_residential_DeskPortraitD_04/materials/textures/aws_DeskPortraitD_02.png
[2.497s] -- Symlinking: /home/wellyowo/locobot_sim/locobot_ws/install/aws_robomaker_small_house_world/share/aws_robomaker_small_house_world/models/aws_robomaker_residential_DeskPortraitD_04/meshes/aws_DeskPortraitD_01_collision.DAE
[2.504s] -- Symlinking: /home/wellyowo/locobot_sim/locobot_ws/install/aws_robomaker_small_house_world/share/aws_robomaker_small_house_world/models/aws_robomaker_residential_DeskPortraitD_04/meshes/aws_DeskPortraitD_01_visual.DAE
[2.511s] -- Symlinking: /home/wellyowo/locobot_sim/locobot_ws/install/aws_robomaker_small_house_world/share/aws_robomaker_small_house_world/models/aws_robomaker_residential_DeskPortraitD_04/model.config
[2.518s] -- Symlinking: /home/wellyowo/locobot_sim/locobot_ws/install/aws_robomaker_small_house_world/share/aws_robomaker_small_house_world/models/aws_robomaker_residential_DeskPortraitD_04/model.sdf
[2.525s] -- Symlinking: /home/wellyowo/locobot_sim/locobot_ws/install/aws_robomaker_small_house_world/share/aws_robomaker_small_house_world/models/aws_robomaker_residential_Door_01/materials/textures/aws_Door_01.png
[2.531s] -- Symlinking: /home/wellyowo/locobot_sim/locobot_ws/install/aws_robomaker_small_house_world/share/aws_robomaker_small_house_world/models/aws_robomaker_residential_Door_01/meshes/aws_Door_01_collision.DAE
[2.537s] -- Symlinking: /home/wellyowo/locobot_sim/locobot_ws/install/aws_robomaker_small_house_world/share/aws_robomaker_small_house_world/models/aws_robomaker_residential_Door_01/meshes/aws_Door_01_visual.DAE
[2.543s] -- Symlinking: /home/wellyowo/locobot_sim/locobot_ws/install/aws_robomaker_small_house_world/share/aws_robomaker_small_house_world/models/aws_robomaker_residential_Door_01/model.config
[2.549s] -- Symlinking: /home/wellyowo/locobot_sim/locobot_ws/install/aws_robomaker_small_house_world/share/aws_robomaker_small_house_world/models/aws_robomaker_residential_Door_01/model.sdf
[2.556s] -- Symlinking: /home/wellyowo/locobot_sim/locobot_ws/install/aws_robomaker_small_house_world/share/aws_robomaker_small_house_world/models/aws_robomaker_residential_Dumbbell_01/materials/textures/aws_Dumbbell_01.png
[2.562s] -- Symlinking: /home/wellyowo/locobot_sim/locobot_ws/install/aws_robomaker_small_house_world/share/aws_robomaker_small_house_world/models/aws_robomaker_residential_Dumbbell_01/meshes/aws_Dumbbell_01_collision.DAE
[2.569s] -- Symlinking: /home/wellyowo/locobot_sim/locobot_ws/install/aws_robomaker_small_house_world/share/aws_robomaker_small_house_world/models/aws_robomaker_residential_Dumbbell_01/meshes/aws_Dumbbell_01_visual.DAE
[2.576s] -- Symlinking: /home/wellyowo/locobot_sim/locobot_ws/install/aws_robomaker_small_house_world/share/aws_robomaker_small_house_world/models/aws_robomaker_residential_Dumbbell_01/model.config
[2.582s] -- Symlinking: /home/wellyowo/locobot_sim/locobot_ws/install/aws_robomaker_small_house_world/share/aws_robomaker_small_house_world/models/aws_robomaker_residential_Dumbbell_01/model.sdf
[2.589s] -- Symlinking: /home/wellyowo/locobot_sim/locobot_ws/install/aws_robomaker_small_house_world/share/aws_robomaker_small_house_world/models/aws_robomaker_residential_FitnessEquipment_01/materials/textures/aws_FitnessEquipment_01.png
[2.595s] -- Symlinking: /home/wellyowo/locobot_sim/locobot_ws/install/aws_robomaker_small_house_world/share/aws_robomaker_small_house_world/models/aws_robomaker_residential_FitnessEquipment_01/meshes/aws_FitnessEquipment_01_collision.DAE
[2.602s] -- Symlinking: /home/wellyowo/locobot_sim/locobot_ws/install/aws_robomaker_small_house_world/share/aws_robomaker_small_house_world/models/aws_robomaker_residential_FitnessEquipment_01/meshes/aws_FitnessEquipment_01_visual.DAE
[2.609s] -- Symlinking: /home/wellyowo/locobot_sim/locobot_ws/install/aws_robomaker_small_house_world/share/aws_robomaker_small_house_world/models/aws_robomaker_residential_FitnessEquipment_01/model.config
[2.615s] -- Symlinking: /home/wellyowo/locobot_sim/locobot_ws/install/aws_robomaker_small_house_world/share/aws_robomaker_small_house_world/models/aws_robomaker_residential_FitnessEquipment_01/model.sdf
[2.622s] -- Symlinking: /home/wellyowo/locobot_sim/locobot_ws/install/aws_robomaker_small_house_world/share/aws_robomaker_small_house_world/models/aws_robomaker_residential_FloorB_01/materials/textures/aws_FloorB_01.png
[2.627s] -- Symlinking: /home/wellyowo/locobot_sim/locobot_ws/install/aws_robomaker_small_house_world/share/aws_robomaker_small_house_world/models/aws_robomaker_residential_FloorB_01/meshes/aws_FloorB_01_collision.DAE
[2.634s] -- Symlinking: /home/wellyowo/locobot_sim/locobot_ws/install/aws_robomaker_small_house_world/share/aws_robomaker_small_house_world/models/aws_robomaker_residential_FloorB_01/meshes/aws_FloorB_01_visual.DAE
[2.640s] -- Symlinking: /home/wellyowo/locobot_sim/locobot_ws/install/aws_robomaker_small_house_world/share/aws_robomaker_small_house_world/models/aws_robomaker_residential_FloorB_01/model.config
[2.646s] -- Symlinking: /home/wellyowo/locobot_sim/locobot_ws/install/aws_robomaker_small_house_world/share/aws_robomaker_small_house_world/models/aws_robomaker_residential_FloorB_01/model.sdf
[2.652s] -- Symlinking: /home/wellyowo/locobot_sim/locobot_ws/install/aws_robomaker_small_house_world/share/aws_robomaker_small_house_world/models/aws_robomaker_residential_FoldingDoor_01/materials/textures/aws_FoldingDoor_01.png
[2.658s] -- Symlinking: /home/wellyowo/locobot_sim/locobot_ws/install/aws_robomaker_small_house_world/share/aws_robomaker_small_house_world/models/aws_robomaker_residential_FoldingDoor_01/meshes/aws_FoldingDoor_01_collision.DAE
[2.664s] -- Symlinking: /home/wellyowo/locobot_sim/locobot_ws/install/aws_robomaker_small_house_world/share/aws_robomaker_small_house_world/models/aws_robomaker_residential_FoldingDoor_01/meshes/aws_FoldingDoor_01_visual.DAE
[2.670s] -- Symlinking: /home/wellyowo/locobot_sim/locobot_ws/install/aws_robomaker_small_house_world/share/aws_robomaker_small_house_world/models/aws_robomaker_residential_FoldingDoor_01/model.config
[2.677s] -- Symlinking: /home/wellyowo/locobot_sim/locobot_ws/install/aws_robomaker_small_house_world/share/aws_robomaker_small_house_world/models/aws_robomaker_residential_FoldingDoor_01/model.sdf
[2.683s] -- Symlinking: /home/wellyowo/locobot_sim/locobot_ws/install/aws_robomaker_small_house_world/share/aws_robomaker_small_house_world/models/aws_robomaker_residential_FoldingDoor_02/materials/textures/aws_FoldingDoor_02.png
[2.689s] -- Symlinking: /home/wellyowo/locobot_sim/locobot_ws/install/aws_robomaker_small_house_world/share/aws_robomaker_small_house_world/models/aws_robomaker_residential_FoldingDoor_02/meshes/aws_FoldingDoor_02_collision.DAE
[2.695s] -- Symlinking: /home/wellyowo/locobot_sim/locobot_ws/install/aws_robomaker_small_house_world/share/aws_robomaker_small_house_world/models/aws_robomaker_residential_FoldingDoor_02/meshes/aws_FoldingDoor_02_visual.DAE
[2.702s] -- Symlinking: /home/wellyowo/locobot_sim/locobot_ws/install/aws_robomaker_small_house_world/share/aws_robomaker_small_house_world/models/aws_robomaker_residential_FoldingDoor_02/model.config
[2.708s] -- Symlinking: /home/wellyowo/locobot_sim/locobot_ws/install/aws_robomaker_small_house_world/share/aws_robomaker_small_house_world/models/aws_robomaker_residential_FoldingDoor_02/model.sdf
[2.714s] -- Symlinking: /home/wellyowo/locobot_sim/locobot_ws/install/aws_robomaker_small_house_world/share/aws_robomaker_small_house_world/models/aws_robomaker_residential_Handle_01/materials/textures/aws_Handle_01.png
[2.721s] -- Symlinking: /home/wellyowo/locobot_sim/locobot_ws/install/aws_robomaker_small_house_world/share/aws_robomaker_small_house_world/models/aws_robomaker_residential_Handle_01/meshes/aws_ handle_01_collision.DAE
[2.727s] -- Symlinking: /home/wellyowo/locobot_sim/locobot_ws/install/aws_robomaker_small_house_world/share/aws_robomaker_small_house_world/models/aws_robomaker_residential_Handle_01/meshes/aws_Handle_01_collision.DAE
[2.734s] -- Symlinking: /home/wellyowo/locobot_sim/locobot_ws/install/aws_robomaker_small_house_world/share/aws_robomaker_small_house_world/models/aws_robomaker_residential_Handle_01/meshes/aws_Handle_01_visual.DAE
[2.740s] -- Symlinking: /home/wellyowo/locobot_sim/locobot_ws/install/aws_robomaker_small_house_world/share/aws_robomaker_small_house_world/models/aws_robomaker_residential_Handle_01/model.config
[2.746s] -- Symlinking: /home/wellyowo/locobot_sim/locobot_ws/install/aws_robomaker_small_house_world/share/aws_robomaker_small_house_world/models/aws_robomaker_residential_Handle_01/model.sdf
[2.753s] -- Symlinking: /home/wellyowo/locobot_sim/locobot_ws/install/aws_robomaker_small_house_world/share/aws_robomaker_small_house_world/models/aws_robomaker_residential_HouseWallB_01/materials/textures/aws_HouseWallB_01.png
[2.759s] -- Symlinking: /home/wellyowo/locobot_sim/locobot_ws/install/aws_robomaker_small_house_world/share/aws_robomaker_small_house_world/models/aws_robomaker_residential_HouseWallB_01/meshes/aws_HouseWallB_01_collision.DAE
[2.765s] -- Symlinking: /home/wellyowo/locobot_sim/locobot_ws/install/aws_robomaker_small_house_world/share/aws_robomaker_small_house_world/models/aws_robomaker_residential_HouseWallB_01/meshes/aws_HouseWallB_01_visual.DAE
[2.772s] -- Symlinking: /home/wellyowo/locobot_sim/locobot_ws/install/aws_robomaker_small_house_world/share/aws_robomaker_small_house_world/models/aws_robomaker_residential_HouseWallB_01/model.config
[2.777s] -- Symlinking: /home/wellyowo/locobot_sim/locobot_ws/install/aws_robomaker_small_house_world/share/aws_robomaker_small_house_world/models/aws_robomaker_residential_HouseWallB_01/model.sdf
[2.783s] -- Symlinking: /home/wellyowo/locobot_sim/locobot_ws/install/aws_robomaker_small_house_world/share/aws_robomaker_small_house_world/models/aws_robomaker_residential_KitchenCabinet_01/materials/textures/aws_KitchenCabinet_01.png
[2.789s] -- Symlinking: /home/wellyowo/locobot_sim/locobot_ws/install/aws_robomaker_small_house_world/share/aws_robomaker_small_house_world/models/aws_robomaker_residential_KitchenCabinet_01/meshes/aws_KitchenCabinet_01_collision.DAE
[2.795s] -- Symlinking: /home/wellyowo/locobot_sim/locobot_ws/install/aws_robomaker_small_house_world/share/aws_robomaker_small_house_world/models/aws_robomaker_residential_KitchenCabinet_01/meshes/aws_KitchenCabinet_01_visual.DAE
[2.801s] -- Symlinking: /home/wellyowo/locobot_sim/locobot_ws/install/aws_robomaker_small_house_world/share/aws_robomaker_small_house_world/models/aws_robomaker_residential_KitchenCabinet_01/model.config
[2.807s] -- Symlinking: /home/wellyowo/locobot_sim/locobot_ws/install/aws_robomaker_small_house_world/share/aws_robomaker_small_house_world/models/aws_robomaker_residential_KitchenCabinet_01/model.sdf
[2.813s] -- Symlinking: /home/wellyowo/locobot_sim/locobot_ws/install/aws_robomaker_small_house_world/share/aws_robomaker_small_house_world/models/aws_robomaker_residential_KitchenTable_01/materials/textures/aws_KitchenTable_01.png
[2.819s] -- Symlinking: /home/wellyowo/locobot_sim/locobot_ws/install/aws_robomaker_small_house_world/share/aws_robomaker_small_house_world/models/aws_robomaker_residential_KitchenTable_01/meshes/aws_KitchenTable_01_collision.DAE
[2.824s] -- Symlinking: /home/wellyowo/locobot_sim/locobot_ws/install/aws_robomaker_small_house_world/share/aws_robomaker_small_house_world/models/aws_robomaker_residential_KitchenTable_01/meshes/aws_KitchenTable_01_visual.DAE
[2.830s] -- Symlinking: /home/wellyowo/locobot_sim/locobot_ws/install/aws_robomaker_small_house_world/share/aws_robomaker_small_house_world/models/aws_robomaker_residential_KitchenTable_01/model.config
[2.840s] -- Symlinking: /home/wellyowo/locobot_sim/locobot_ws/install/aws_robomaker_small_house_world/share/aws_robomaker_small_house_world/models/aws_robomaker_residential_KitchenTable_01/model.sdf
[2.846s] -- Symlinking: /home/wellyowo/locobot_sim/locobot_ws/install/aws_robomaker_small_house_world/share/aws_robomaker_small_house_world/models/aws_robomaker_residential_KitchenUtensils_01/materials/textures/aws_KitchenUtensils_01.png
[2.851s] -- Symlinking: /home/wellyowo/locobot_sim/locobot_ws/install/aws_robomaker_small_house_world/share/aws_robomaker_small_house_world/models/aws_robomaker_residential_KitchenUtensils_01/meshes/aws_KitchenUtensils_01_collision.DAE
[2.858s] -- Symlinking: /home/wellyowo/locobot_sim/locobot_ws/install/aws_robomaker_small_house_world/share/aws_robomaker_small_house_world/models/aws_robomaker_residential_KitchenUtensils_01/meshes/aws_KitchenUtensils_01_visual.DAE
[2.863s] -- Symlinking: /home/wellyowo/locobot_sim/locobot_ws/install/aws_robomaker_small_house_world/share/aws_robomaker_small_house_world/models/aws_robomaker_residential_KitchenUtensils_01/model.config
[2.869s] -- Symlinking: /home/wellyowo/locobot_sim/locobot_ws/install/aws_robomaker_small_house_world/share/aws_robomaker_small_house_world/models/aws_robomaker_residential_KitchenUtensils_01/model.sdf
[2.876s] -- Symlinking: /home/wellyowo/locobot_sim/locobot_ws/install/aws_robomaker_small_house_world/share/aws_robomaker_small_house_world/models/aws_robomaker_residential_LightC_01/materials/textures/aws_LightC_01.png
[2.881s] -- Symlinking: /home/wellyowo/locobot_sim/locobot_ws/install/aws_robomaker_small_house_world/share/aws_robomaker_small_house_world/models/aws_robomaker_residential_LightC_01/meshes/aws_LightC_01_collision.DAE
[2.887s] -- Symlinking: /home/wellyowo/locobot_sim/locobot_ws/install/aws_robomaker_small_house_world/share/aws_robomaker_small_house_world/models/aws_robomaker_residential_LightC_01/meshes/aws_LightC_01_visual.DAE
[2.893s] -- Symlinking: /home/wellyowo/locobot_sim/locobot_ws/install/aws_robomaker_small_house_world/share/aws_robomaker_small_house_world/models/aws_robomaker_residential_LightC_01/model.config
[2.899s] -- Symlinking: /home/wellyowo/locobot_sim/locobot_ws/install/aws_robomaker_small_house_world/share/aws_robomaker_small_house_world/models/aws_robomaker_residential_LightC_01/model.sdf
[2.905s] -- Symlinking: /home/wellyowo/locobot_sim/locobot_ws/install/aws_robomaker_small_house_world/share/aws_robomaker_small_house_world/models/aws_robomaker_residential_NightStand_01/materials/textures/aws_NightStand_01.png
[2.911s] -- Symlinking: /home/wellyowo/locobot_sim/locobot_ws/install/aws_robomaker_small_house_world/share/aws_robomaker_small_house_world/models/aws_robomaker_residential_NightStand_01/meshes/aws_NightStand_01_collision.DAE
[2.916s] -- Symlinking: /home/wellyowo/locobot_sim/locobot_ws/install/aws_robomaker_small_house_world/share/aws_robomaker_small_house_world/models/aws_robomaker_residential_NightStand_01/meshes/aws_NightStand_01_visual.DAE
[2.922s] -- Symlinking: /home/wellyowo/locobot_sim/locobot_ws/install/aws_robomaker_small_house_world/share/aws_robomaker_small_house_world/models/aws_robomaker_residential_NightStand_01/model.config
[2.928s] -- Symlinking: /home/wellyowo/locobot_sim/locobot_ws/install/aws_robomaker_small_house_world/share/aws_robomaker_small_house_world/models/aws_robomaker_residential_NightStand_01/model.sdf
[2.933s] -- Symlinking: /home/wellyowo/locobot_sim/locobot_ws/install/aws_robomaker_small_house_world/share/aws_robomaker_small_house_world/models/aws_robomaker_residential_Pillow_01/materials/textures/aws_Pillow_01.png
[2.939s] -- Symlinking: /home/wellyowo/locobot_sim/locobot_ws/install/aws_robomaker_small_house_world/share/aws_robomaker_small_house_world/models/aws_robomaker_residential_Pillow_01/meshes/aws_Pillow_01_collision.DAE
[2.944s] -- Symlinking: /home/wellyowo/locobot_sim/locobot_ws/install/aws_robomaker_small_house_world/share/aws_robomaker_small_house_world/models/aws_robomaker_residential_Pillow_01/meshes/aws_Pillow_01_visual.DAE
[2.950s] -- Symlinking: /home/wellyowo/locobot_sim/locobot_ws/install/aws_robomaker_small_house_world/share/aws_robomaker_small_house_world/models/aws_robomaker_residential_Pillow_01/model.config
[2.956s] -- Symlinking: /home/wellyowo/locobot_sim/locobot_ws/install/aws_robomaker_small_house_world/share/aws_robomaker_small_house_world/models/aws_robomaker_residential_Pillow_01/model.sdf
[2.961s] -- Symlinking: /home/wellyowo/locobot_sim/locobot_ws/install/aws_robomaker_small_house_world/share/aws_robomaker_small_house_world/models/aws_robomaker_residential_PortraitA_01/materials/textures/aws_PortraitA_01.png
[2.966s] -- Symlinking: /home/wellyowo/locobot_sim/locobot_ws/install/aws_robomaker_small_house_world/share/aws_robomaker_small_house_world/models/aws_robomaker_residential_PortraitA_01/materials/textures/aws_PortraitA_02.png
[2.972s] -- Symlinking: /home/wellyowo/locobot_sim/locobot_ws/install/aws_robomaker_small_house_world/share/aws_robomaker_small_house_world/models/aws_robomaker_residential_PortraitA_01/meshes/aws_PortraitA_01_collision.DAE
[2.978s] -- Symlinking: /home/wellyowo/locobot_sim/locobot_ws/install/aws_robomaker_small_house_world/share/aws_robomaker_small_house_world/models/aws_robomaker_residential_PortraitA_01/meshes/aws_PortraitA_01_visual.DAE
[2.983s] -- Symlinking: /home/wellyowo/locobot_sim/locobot_ws/install/aws_robomaker_small_house_world/share/aws_robomaker_small_house_world/models/aws_robomaker_residential_PortraitA_01/model.config
[2.989s] -- Symlinking: /home/wellyowo/locobot_sim/locobot_ws/install/aws_robomaker_small_house_world/share/aws_robomaker_small_house_world/models/aws_robomaker_residential_PortraitA_01/model.sdf
[2.995s] -- Symlinking: /home/wellyowo/locobot_sim/locobot_ws/install/aws_robomaker_small_house_world/share/aws_robomaker_small_house_world/models/aws_robomaker_residential_PortraitA_02/materials/textures/aws_PortraitA_01.png
[3.000s] -- Symlinking: /home/wellyowo/locobot_sim/locobot_ws/install/aws_robomaker_small_house_world/share/aws_robomaker_small_house_world/models/aws_robomaker_residential_PortraitA_02/materials/textures/aws_PortraitA_02.png
[3.006s] -- Symlinking: /home/wellyowo/locobot_sim/locobot_ws/install/aws_robomaker_small_house_world/share/aws_robomaker_small_house_world/models/aws_robomaker_residential_PortraitA_02/meshes/aws_PortraitA_01_collision.DAE
[3.011s] -- Symlinking: /home/wellyowo/locobot_sim/locobot_ws/install/aws_robomaker_small_house_world/share/aws_robomaker_small_house_world/models/aws_robomaker_residential_PortraitA_02/meshes/aws_PortraitA_01_visual.DAE
[3.016s] -- Symlinking: /home/wellyowo/locobot_sim/locobot_ws/install/aws_robomaker_small_house_world/share/aws_robomaker_small_house_world/models/aws_robomaker_residential_PortraitA_02/model.config
[3.022s] -- Symlinking: /home/wellyowo/locobot_sim/locobot_ws/install/aws_robomaker_small_house_world/share/aws_robomaker_small_house_world/models/aws_robomaker_residential_PortraitA_02/model.sdf
[3.027s] -- Symlinking: /home/wellyowo/locobot_sim/locobot_ws/install/aws_robomaker_small_house_world/share/aws_robomaker_small_house_world/models/aws_robomaker_residential_PortraitB_01/materials/textures/aws_PortraitB_01.png
[3.032s] -- Symlinking: /home/wellyowo/locobot_sim/locobot_ws/install/aws_robomaker_small_house_world/share/aws_robomaker_small_house_world/models/aws_robomaker_residential_PortraitB_01/materials/textures/aws_PortraitB_02.png
[3.037s] -- Symlinking: /home/wellyowo/locobot_sim/locobot_ws/install/aws_robomaker_small_house_world/share/aws_robomaker_small_house_world/models/aws_robomaker_residential_PortraitB_01/meshes/aws_PortraitB_01_collision.DAE
[3.043s] -- Symlinking: /home/wellyowo/locobot_sim/locobot_ws/install/aws_robomaker_small_house_world/share/aws_robomaker_small_house_world/models/aws_robomaker_residential_PortraitB_01/meshes/aws_PortraitB_01_visual.DAE
[3.048s] -- Symlinking: /home/wellyowo/locobot_sim/locobot_ws/install/aws_robomaker_small_house_world/share/aws_robomaker_small_house_world/models/aws_robomaker_residential_PortraitB_01/model.config
[3.054s] -- Symlinking: /home/wellyowo/locobot_sim/locobot_ws/install/aws_robomaker_small_house_world/share/aws_robomaker_small_house_world/models/aws_robomaker_residential_PortraitB_01/model.sdf
[3.059s] -- Symlinking: /home/wellyowo/locobot_sim/locobot_ws/install/aws_robomaker_small_house_world/share/aws_robomaker_small_house_world/models/aws_robomaker_residential_PortraitB_02/materials/textures/aws_PortraitB_01.png
[3.064s] -- Symlinking: /home/wellyowo/locobot_sim/locobot_ws/install/aws_robomaker_small_house_world/share/aws_robomaker_small_house_world/models/aws_robomaker_residential_PortraitB_02/materials/textures/aws_PortraitB_02.png
[3.069s] -- Symlinking: /home/wellyowo/locobot_sim/locobot_ws/install/aws_robomaker_small_house_world/share/aws_robomaker_small_house_world/models/aws_robomaker_residential_PortraitB_02/meshes/aws_PortraitB_01_collision.DAE
[3.076s] -- Symlinking: /home/wellyowo/locobot_sim/locobot_ws/install/aws_robomaker_small_house_world/share/aws_robomaker_small_house_world/models/aws_robomaker_residential_PortraitB_02/meshes/aws_PortraitB_01_visual.DAE
[3.081s] -- Symlinking: /home/wellyowo/locobot_sim/locobot_ws/install/aws_robomaker_small_house_world/share/aws_robomaker_small_house_world/models/aws_robomaker_residential_PortraitB_02/model.config
[3.087s] -- Symlinking: /home/wellyowo/locobot_sim/locobot_ws/install/aws_robomaker_small_house_world/share/aws_robomaker_small_house_world/models/aws_robomaker_residential_PortraitB_02/model.sdf
[3.092s] -- Symlinking: /home/wellyowo/locobot_sim/locobot_ws/install/aws_robomaker_small_house_world/share/aws_robomaker_small_house_world/models/aws_robomaker_residential_PortraitB_03/materials/textures/aws_PortraitB_01.png
[3.097s] -- Symlinking: /home/wellyowo/locobot_sim/locobot_ws/install/aws_robomaker_small_house_world/share/aws_robomaker_small_house_world/models/aws_robomaker_residential_PortraitB_03/materials/textures/aws_PortraitB_02.png
[3.103s] -- Symlinking: /home/wellyowo/locobot_sim/locobot_ws/install/aws_robomaker_small_house_world/share/aws_robomaker_small_house_world/models/aws_robomaker_residential_PortraitB_03/meshes/aws_PortraitB_01_collision.DAE
[3.108s] -- Symlinking: /home/wellyowo/locobot_sim/locobot_ws/install/aws_robomaker_small_house_world/share/aws_robomaker_small_house_world/models/aws_robomaker_residential_PortraitB_03/meshes/aws_PortraitB_01_visual.DAE
[3.113s] -- Symlinking: /home/wellyowo/locobot_sim/locobot_ws/install/aws_robomaker_small_house_world/share/aws_robomaker_small_house_world/models/aws_robomaker_residential_PortraitB_03/model.config
[3.118s] -- Symlinking: /home/wellyowo/locobot_sim/locobot_ws/install/aws_robomaker_small_house_world/share/aws_robomaker_small_house_world/models/aws_robomaker_residential_PortraitB_03/model.sdf
[3.124s] -- Symlinking: /home/wellyowo/locobot_sim/locobot_ws/install/aws_robomaker_small_house_world/share/aws_robomaker_small_house_world/models/aws_robomaker_residential_PortraitC_01/materials/textures/aws_PortraitC_01.png
[3.129s] -- Symlinking: /home/wellyowo/locobot_sim/locobot_ws/install/aws_robomaker_small_house_world/share/aws_robomaker_small_house_world/models/aws_robomaker_residential_PortraitC_01/materials/textures/aws_PortraitC_02.png
[3.134s] -- Symlinking: /home/wellyowo/locobot_sim/locobot_ws/install/aws_robomaker_small_house_world/share/aws_robomaker_small_house_world/models/aws_robomaker_residential_PortraitC_01/meshes/aws_PortraitC_01_collision.DAE
[3.139s] -- Symlinking: /home/wellyowo/locobot_sim/locobot_ws/install/aws_robomaker_small_house_world/share/aws_robomaker_small_house_world/models/aws_robomaker_residential_PortraitC_01/meshes/aws_PortraitC_01_visual.DAE
[3.144s] -- Symlinking: /home/wellyowo/locobot_sim/locobot_ws/install/aws_robomaker_small_house_world/share/aws_robomaker_small_house_world/models/aws_robomaker_residential_PortraitC_01/model.config
[3.149s] -- Symlinking: /home/wellyowo/locobot_sim/locobot_ws/install/aws_robomaker_small_house_world/share/aws_robomaker_small_house_world/models/aws_robomaker_residential_PortraitC_01/model.sdf
[3.154s] -- Symlinking: /home/wellyowo/locobot_sim/locobot_ws/install/aws_robomaker_small_house_world/share/aws_robomaker_small_house_world/models/aws_robomaker_residential_PortraitD_01/materials/textures/aws_PortraitD_01.png
[3.159s] -- Symlinking: /home/wellyowo/locobot_sim/locobot_ws/install/aws_robomaker_small_house_world/share/aws_robomaker_small_house_world/models/aws_robomaker_residential_PortraitD_01/materials/textures/aws_PortraitD_02.png
[3.165s] -- Symlinking: /home/wellyowo/locobot_sim/locobot_ws/install/aws_robomaker_small_house_world/share/aws_robomaker_small_house_world/models/aws_robomaker_residential_PortraitD_01/meshes/aws_PortraitD_01_collision.DAE
[3.170s] -- Symlinking: /home/wellyowo/locobot_sim/locobot_ws/install/aws_robomaker_small_house_world/share/aws_robomaker_small_house_world/models/aws_robomaker_residential_PortraitD_01/meshes/aws_PortraitD_01_visual.DAE
[3.175s] -- Symlinking: /home/wellyowo/locobot_sim/locobot_ws/install/aws_robomaker_small_house_world/share/aws_robomaker_small_house_world/models/aws_robomaker_residential_PortraitD_01/model.config
[3.180s] -- Symlinking: /home/wellyowo/locobot_sim/locobot_ws/install/aws_robomaker_small_house_world/share/aws_robomaker_small_house_world/models/aws_robomaker_residential_PortraitD_01/model.sdf
[3.185s] -- Symlinking: /home/wellyowo/locobot_sim/locobot_ws/install/aws_robomaker_small_house_world/share/aws_robomaker_small_house_world/models/aws_robomaker_residential_PortraitD_02/materials/textures/aws_PortraitD_01.png
[3.190s] -- Symlinking: /home/wellyowo/locobot_sim/locobot_ws/install/aws_robomaker_small_house_world/share/aws_robomaker_small_house_world/models/aws_robomaker_residential_PortraitD_02/materials/textures/aws_PortraitD_02.png
[3.196s] -- Symlinking: /home/wellyowo/locobot_sim/locobot_ws/install/aws_robomaker_small_house_world/share/aws_robomaker_small_house_world/models/aws_robomaker_residential_PortraitD_02/meshes/aws_PortraitD_01_collision.DAE
[3.201s] -- Symlinking: /home/wellyowo/locobot_sim/locobot_ws/install/aws_robomaker_small_house_world/share/aws_robomaker_small_house_world/models/aws_robomaker_residential_PortraitD_02/meshes/aws_PortraitD_01_visual.DAE
[3.206s] -- Symlinking: /home/wellyowo/locobot_sim/locobot_ws/install/aws_robomaker_small_house_world/share/aws_robomaker_small_house_world/models/aws_robomaker_residential_PortraitD_02/model.config
[3.211s] -- Symlinking: /home/wellyowo/locobot_sim/locobot_ws/install/aws_robomaker_small_house_world/share/aws_robomaker_small_house_world/models/aws_robomaker_residential_PortraitD_02/model.sdf
[3.216s] -- Symlinking: /home/wellyowo/locobot_sim/locobot_ws/install/aws_robomaker_small_house_world/share/aws_robomaker_small_house_world/models/aws_robomaker_residential_PortraitE_01/materials/textures/aws_PortraitE_01.png
[3.221s] -- Symlinking: /home/wellyowo/locobot_sim/locobot_ws/install/aws_robomaker_small_house_world/share/aws_robomaker_small_house_world/models/aws_robomaker_residential_PortraitE_01/materials/textures/aws_PortraitE_02.png
[3.227s] -- Symlinking: /home/wellyowo/locobot_sim/locobot_ws/install/aws_robomaker_small_house_world/share/aws_robomaker_small_house_world/models/aws_robomaker_residential_PortraitE_01/meshes/aws_PortraitE_01_collision.DAE
[3.232s] -- Symlinking: /home/wellyowo/locobot_sim/locobot_ws/install/aws_robomaker_small_house_world/share/aws_robomaker_small_house_world/models/aws_robomaker_residential_PortraitE_01/meshes/aws_PortraitE_01_visual.DAE
[3.237s] -- Symlinking: /home/wellyowo/locobot_sim/locobot_ws/install/aws_robomaker_small_house_world/share/aws_robomaker_small_house_world/models/aws_robomaker_residential_PortraitE_01/model.config
[3.242s] -- Symlinking: /home/wellyowo/locobot_sim/locobot_ws/install/aws_robomaker_small_house_world/share/aws_robomaker_small_house_world/models/aws_robomaker_residential_PortraitE_01/model.sdf
[3.247s] -- Symlinking: /home/wellyowo/locobot_sim/locobot_ws/install/aws_robomaker_small_house_world/share/aws_robomaker_small_house_world/models/aws_robomaker_residential_PortraitE_02/materials/textures/aws_PortraitE_01.png
[3.252s] -- Symlinking: /home/wellyowo/locobot_sim/locobot_ws/install/aws_robomaker_small_house_world/share/aws_robomaker_small_house_world/models/aws_robomaker_residential_PortraitE_02/materials/textures/aws_PortraitE_02.png
[3.258s] -- Symlinking: /home/wellyowo/locobot_sim/locobot_ws/install/aws_robomaker_small_house_world/share/aws_robomaker_small_house_world/models/aws_robomaker_residential_PortraitE_02/meshes/aws_PortraitE_01_collision.DAE
[3.263s] -- Symlinking: /home/wellyowo/locobot_sim/locobot_ws/install/aws_robomaker_small_house_world/share/aws_robomaker_small_house_world/models/aws_robomaker_residential_PortraitE_02/meshes/aws_PortraitE_01_visual.DAE
[3.268s] -- Symlinking: /home/wellyowo/locobot_sim/locobot_ws/install/aws_robomaker_small_house_world/share/aws_robomaker_small_house_world/models/aws_robomaker_residential_PortraitE_02/model.config
[3.274s] -- Symlinking: /home/wellyowo/locobot_sim/locobot_ws/install/aws_robomaker_small_house_world/share/aws_robomaker_small_house_world/models/aws_robomaker_residential_PortraitE_02/model.sdf
[3.279s] -- Symlinking: /home/wellyowo/locobot_sim/locobot_ws/install/aws_robomaker_small_house_world/share/aws_robomaker_small_house_world/models/aws_robomaker_residential_Quilt_01/materials/textures/aws_Quilt_01.png
[3.284s] -- Symlinking: /home/wellyowo/locobot_sim/locobot_ws/install/aws_robomaker_small_house_world/share/aws_robomaker_small_house_world/models/aws_robomaker_residential_Quilt_01/meshes/aws_Quilt_01_collision.DAE
[3.290s] -- Symlinking: /home/wellyowo/locobot_sim/locobot_ws/install/aws_robomaker_small_house_world/share/aws_robomaker_small_house_world/models/aws_robomaker_residential_Quilt_01/meshes/aws_Quilt_01_visual.DAE
[3.295s] -- Symlinking: /home/wellyowo/locobot_sim/locobot_ws/install/aws_robomaker_small_house_world/share/aws_robomaker_small_house_world/models/aws_robomaker_residential_Quilt_01/model.config
[3.300s] -- Symlinking: /home/wellyowo/locobot_sim/locobot_ws/install/aws_robomaker_small_house_world/share/aws_robomaker_small_house_world/models/aws_robomaker_residential_Quilt_01/model.sdf
[3.305s] -- Symlinking: /home/wellyowo/locobot_sim/locobot_ws/install/aws_robomaker_small_house_world/share/aws_robomaker_small_house_world/models/aws_robomaker_residential_Rangehood_01/materials/textures/aws_Rangehood_01.png
[3.310s] -- Symlinking: /home/wellyowo/locobot_sim/locobot_ws/install/aws_robomaker_small_house_world/share/aws_robomaker_small_house_world/models/aws_robomaker_residential_Rangehood_01/meshes/aws_Rangehood_01_collision.DAE
[3.315s] -- Symlinking: /home/wellyowo/locobot_sim/locobot_ws/install/aws_robomaker_small_house_world/share/aws_robomaker_small_house_world/models/aws_robomaker_residential_Rangehood_01/meshes/aws_Rangehood_01_visual.DAE
[3.321s] -- Symlinking: /home/wellyowo/locobot_sim/locobot_ws/install/aws_robomaker_small_house_world/share/aws_robomaker_small_house_world/models/aws_robomaker_residential_Rangehood_01/model.config
[3.326s] -- Symlinking: /home/wellyowo/locobot_sim/locobot_ws/install/aws_robomaker_small_house_world/share/aws_robomaker_small_house_world/models/aws_robomaker_residential_Rangehood_01/model.sdf
[3.331s] -- Symlinking: /home/wellyowo/locobot_sim/locobot_ws/install/aws_robomaker_small_house_world/share/aws_robomaker_small_house_world/models/aws_robomaker_residential_ReadingDesk_01/materials/textures/aws_ReadingDesk_01.png
[3.336s] -- Symlinking: /home/wellyowo/locobot_sim/locobot_ws/install/aws_robomaker_small_house_world/share/aws_robomaker_small_house_world/models/aws_robomaker_residential_ReadingDesk_01/meshes/aws_ReadingDesk_01_collision.DAE
[3.341s] -- Symlinking: /home/wellyowo/locobot_sim/locobot_ws/install/aws_robomaker_small_house_world/share/aws_robomaker_small_house_world/models/aws_robomaker_residential_ReadingDesk_01/meshes/aws_ReadingDesk_01_visual.DAE
[3.346s] -- Symlinking: /home/wellyowo/locobot_sim/locobot_ws/install/aws_robomaker_small_house_world/share/aws_robomaker_small_house_world/models/aws_robomaker_residential_ReadingDesk_01/model.config
[3.352s] -- Symlinking: /home/wellyowo/locobot_sim/locobot_ws/install/aws_robomaker_small_house_world/share/aws_robomaker_small_house_world/models/aws_robomaker_residential_ReadingDesk_01/model.sdf
[3.357s] -- Symlinking: /home/wellyowo/locobot_sim/locobot_ws/install/aws_robomaker_small_house_world/share/aws_robomaker_small_house_world/models/aws_robomaker_residential_Refrigerator_01/materials/textures/aws_Refrigerator_01.png
[3.362s] -- Symlinking: /home/wellyowo/locobot_sim/locobot_ws/install/aws_robomaker_small_house_world/share/aws_robomaker_small_house_world/models/aws_robomaker_residential_Refrigerator_01/materials/textures/aws_Refrigerator_02.png
[3.368s] -- Symlinking: /home/wellyowo/locobot_sim/locobot_ws/install/aws_robomaker_small_house_world/share/aws_robomaker_small_house_world/models/aws_robomaker_residential_Refrigerator_01/meshes/aws_Refrigerator_01.DAE
[3.373s] -- Symlinking: /home/wellyowo/locobot_sim/locobot_ws/install/aws_robomaker_small_house_world/share/aws_robomaker_small_house_world/models/aws_robomaker_residential_Refrigerator_01/meshes/aws_Refrigerator_01_collision.DAE
[3.378s] -- Symlinking: /home/wellyowo/locobot_sim/locobot_ws/install/aws_robomaker_small_house_world/share/aws_robomaker_small_house_world/models/aws_robomaker_residential_Refrigerator_01/meshes/aws_Refrigerator_01_visual.DAE
[3.384s] -- Symlinking: /home/wellyowo/locobot_sim/locobot_ws/install/aws_robomaker_small_house_world/share/aws_robomaker_small_house_world/models/aws_robomaker_residential_Refrigerator_01/model.config
[3.389s] -- Symlinking: /home/wellyowo/locobot_sim/locobot_ws/install/aws_robomaker_small_house_world/share/aws_robomaker_small_house_world/models/aws_robomaker_residential_Refrigerator_01/model.sdf
[3.394s] -- Symlinking: /home/wellyowo/locobot_sim/locobot_ws/install/aws_robomaker_small_house_world/share/aws_robomaker_small_house_world/models/aws_robomaker_residential_RoomCeiling_01/materials/textures/aws_RoomCeiling_01.png
[3.400s] -- Symlinking: /home/wellyowo/locobot_sim/locobot_ws/install/aws_robomaker_small_house_world/share/aws_robomaker_small_house_world/models/aws_robomaker_residential_RoomCeiling_01/meshes/aws_RoomCeiling_01_collision.DAE
[3.405s] -- Symlinking: /home/wellyowo/locobot_sim/locobot_ws/install/aws_robomaker_small_house_world/share/aws_robomaker_small_house_world/models/aws_robomaker_residential_RoomCeiling_01/meshes/aws_RoomCeiling_01_visual.DAE
[3.410s] -- Symlinking: /home/wellyowo/locobot_sim/locobot_ws/install/aws_robomaker_small_house_world/share/aws_robomaker_small_house_world/models/aws_robomaker_residential_RoomCeiling_01/model.config
[3.416s] -- Symlinking: /home/wellyowo/locobot_sim/locobot_ws/install/aws_robomaker_small_house_world/share/aws_robomaker_small_house_world/models/aws_robomaker_residential_RoomCeiling_01/model.sdf
[3.421s] -- Symlinking: /home/wellyowo/locobot_sim/locobot_ws/install/aws_robomaker_small_house_world/share/aws_robomaker_small_house_world/models/aws_robomaker_residential_RoomWall_01/materials/textures/aws_RoomWall_01.png
[3.426s] -- Symlinking: /home/wellyowo/locobot_sim/locobot_ws/install/aws_robomaker_small_house_world/share/aws_robomaker_small_house_world/models/aws_robomaker_residential_RoomWall_01/meshes/aws_RoomWall_01_collision.DAE
[3.431s] -- Symlinking: /home/wellyowo/locobot_sim/locobot_ws/install/aws_robomaker_small_house_world/share/aws_robomaker_small_house_world/models/aws_robomaker_residential_RoomWall_01/meshes/aws_RoomWall_01_visual.DAE
[3.436s] -- Symlinking: /home/wellyowo/locobot_sim/locobot_ws/install/aws_robomaker_small_house_world/share/aws_robomaker_small_house_world/models/aws_robomaker_residential_RoomWall_01/model.config
[3.442s] -- Symlinking: /home/wellyowo/locobot_sim/locobot_ws/install/aws_robomaker_small_house_world/share/aws_robomaker_small_house_world/models/aws_robomaker_residential_RoomWall_01/model.sdf
[3.447s] -- Symlinking: /home/wellyowo/locobot_sim/locobot_ws/install/aws_robomaker_small_house_world/share/aws_robomaker_small_house_world/models/aws_robomaker_residential_RoomWindow_01/materials/textures/aws_RoomWindow_01.png
[3.453s] -- Symlinking: /home/wellyowo/locobot_sim/locobot_ws/install/aws_robomaker_small_house_world/share/aws_robomaker_small_house_world/models/aws_robomaker_residential_RoomWindow_01/meshes/aws_RoomWindow_01_collision.DAE
[3.458s] -- Symlinking: /home/wellyowo/locobot_sim/locobot_ws/install/aws_robomaker_small_house_world/share/aws_robomaker_small_house_world/models/aws_robomaker_residential_RoomWindow_01/meshes/aws_RoomWindow_01_visual.DAE
[3.463s] -- Symlinking: /home/wellyowo/locobot_sim/locobot_ws/install/aws_robomaker_small_house_world/share/aws_robomaker_small_house_world/models/aws_robomaker_residential_RoomWindow_01/model.config
[3.469s] -- Symlinking: /home/wellyowo/locobot_sim/locobot_ws/install/aws_robomaker_small_house_world/share/aws_robomaker_small_house_world/models/aws_robomaker_residential_RoomWindow_01/model.sdf
[3.474s] -- Symlinking: /home/wellyowo/locobot_sim/locobot_ws/install/aws_robomaker_small_house_world/share/aws_robomaker_small_house_world/models/aws_robomaker_residential_SeasoningBox_01/materials/textures/aws_SeasoningBox_01.png
[3.479s] -- Symlinking: /home/wellyowo/locobot_sim/locobot_ws/install/aws_robomaker_small_house_world/share/aws_robomaker_small_house_world/models/aws_robomaker_residential_SeasoningBox_01/meshes/aws_SeasoningBox_01_collision.DAE
[3.484s] -- Symlinking: /home/wellyowo/locobot_sim/locobot_ws/install/aws_robomaker_small_house_world/share/aws_robomaker_small_house_world/models/aws_robomaker_residential_SeasoningBox_01/meshes/aws_SeasoningBox_01_visual.DAE
[3.489s] -- Symlinking: /home/wellyowo/locobot_sim/locobot_ws/install/aws_robomaker_small_house_world/share/aws_robomaker_small_house_world/models/aws_robomaker_residential_SeasoningBox_01/model.config
[3.494s] -- Symlinking: /home/wellyowo/locobot_sim/locobot_ws/install/aws_robomaker_small_house_world/share/aws_robomaker_small_house_world/models/aws_robomaker_residential_SeasoningBox_01/model.sdf
[3.499s] -- Symlinking: /home/wellyowo/locobot_sim/locobot_ws/install/aws_robomaker_small_house_world/share/aws_robomaker_small_house_world/models/aws_robomaker_residential_SecurityCamera_01/materials/textures/aws_SecurityCamera_01.png
[3.505s] -- Symlinking: /home/wellyowo/locobot_sim/locobot_ws/install/aws_robomaker_small_house_world/share/aws_robomaker_small_house_world/models/aws_robomaker_residential_SecurityCamera_01/meshes/aws_SecurityCamera_01_collision.DAE
[3.510s] -- Symlinking: /home/wellyowo/locobot_sim/locobot_ws/install/aws_robomaker_small_house_world/share/aws_robomaker_small_house_world/models/aws_robomaker_residential_SecurityCamera_01/meshes/aws_SecurityCamera_01_visual.DAE
[3.515s] -- Symlinking: /home/wellyowo/locobot_sim/locobot_ws/install/aws_robomaker_small_house_world/share/aws_robomaker_small_house_world/models/aws_robomaker_residential_SecurityCamera_01/model.config
[3.520s] -- Symlinking: /home/wellyowo/locobot_sim/locobot_ws/install/aws_robomaker_small_house_world/share/aws_robomaker_small_house_world/models/aws_robomaker_residential_SecurityCamera_01/model.sdf
[3.525s] -- Symlinking: /home/wellyowo/locobot_sim/locobot_ws/install/aws_robomaker_small_house_world/share/aws_robomaker_small_house_world/models/aws_robomaker_residential_ShoeRack_01/materials/textures/aws_ShoeRack_01.png
[3.530s] -- Symlinking: /home/wellyowo/locobot_sim/locobot_ws/install/aws_robomaker_small_house_world/share/aws_robomaker_small_house_world/models/aws_robomaker_residential_ShoeRack_01/meshes/aws_ShoeRack_01_collision.DAE
[3.536s] -- Symlinking: /home/wellyowo/locobot_sim/locobot_ws/install/aws_robomaker_small_house_world/share/aws_robomaker_small_house_world/models/aws_robomaker_residential_ShoeRack_01/meshes/aws_ShoeRack_01_visual.DAE
[3.541s] -- Symlinking: /home/wellyowo/locobot_sim/locobot_ws/install/aws_robomaker_small_house_world/share/aws_robomaker_small_house_world/models/aws_robomaker_residential_ShoeRack_01/model.config
[3.546s] -- Symlinking: /home/wellyowo/locobot_sim/locobot_ws/install/aws_robomaker_small_house_world/share/aws_robomaker_small_house_world/models/aws_robomaker_residential_ShoeRack_01/model.sdf
[3.551s] -- Symlinking: /home/wellyowo/locobot_sim/locobot_ws/install/aws_robomaker_small_house_world/share/aws_robomaker_small_house_world/models/aws_robomaker_residential_SofaB_01/materials/textures/aws_SofaB_01.png
[3.556s] -- Symlinking: /home/wellyowo/locobot_sim/locobot_ws/install/aws_robomaker_small_house_world/share/aws_robomaker_small_house_world/models/aws_robomaker_residential_SofaB_01/meshes/aws_SofaB_01_collision.DAE
[3.562s] -- Symlinking: /home/wellyowo/locobot_sim/locobot_ws/install/aws_robomaker_small_house_world/share/aws_robomaker_small_house_world/models/aws_robomaker_residential_SofaB_01/meshes/aws_SofaB_01_visual.DAE
[3.568s] -- Symlinking: /home/wellyowo/locobot_sim/locobot_ws/install/aws_robomaker_small_house_world/share/aws_robomaker_small_house_world/models/aws_robomaker_residential_SofaB_01/model.config
[3.573s] -- Symlinking: /home/wellyowo/locobot_sim/locobot_ws/install/aws_robomaker_small_house_world/share/aws_robomaker_small_house_world/models/aws_robomaker_residential_SofaB_01/model.sdf
[3.579s] -- Symlinking: /home/wellyowo/locobot_sim/locobot_ws/install/aws_robomaker_small_house_world/share/aws_robomaker_small_house_world/models/aws_robomaker_residential_SofaC_01/materials/textures/aws_SofaC_01.png
[3.585s] -- Symlinking: /home/wellyowo/locobot_sim/locobot_ws/install/aws_robomaker_small_house_world/share/aws_robomaker_small_house_world/models/aws_robomaker_residential_SofaC_01/meshes/aws_SofaC_01_collision.DAE
[3.591s] -- Symlinking: /home/wellyowo/locobot_sim/locobot_ws/install/aws_robomaker_small_house_world/share/aws_robomaker_small_house_world/models/aws_robomaker_residential_SofaC_01/meshes/aws_SofaC_01_visual.DAE
[3.596s] -- Symlinking: /home/wellyowo/locobot_sim/locobot_ws/install/aws_robomaker_small_house_world/share/aws_robomaker_small_house_world/models/aws_robomaker_residential_SofaC_01/model.config
[3.601s] -- Symlinking: /home/wellyowo/locobot_sim/locobot_ws/install/aws_robomaker_small_house_world/share/aws_robomaker_small_house_world/models/aws_robomaker_residential_SofaC_01/model.sdf
[3.607s] -- Symlinking: /home/wellyowo/locobot_sim/locobot_ws/install/aws_robomaker_small_house_world/share/aws_robomaker_small_house_world/models/aws_robomaker_residential_Sofa_01/materials/textures/aws_Sofa_01.png
[3.613s] -- Symlinking: /home/wellyowo/locobot_sim/locobot_ws/install/aws_robomaker_small_house_world/share/aws_robomaker_small_house_world/models/aws_robomaker_residential_Sofa_01/meshes/aws_Sofa_01.DAE
[3.618s] -- Symlinking: /home/wellyowo/locobot_sim/locobot_ws/install/aws_robomaker_small_house_world/share/aws_robomaker_small_house_world/models/aws_robomaker_residential_Sofa_01/meshes/aws_Sofa_01_collision.DAE
[3.623s] -- Symlinking: /home/wellyowo/locobot_sim/locobot_ws/install/aws_robomaker_small_house_world/share/aws_robomaker_small_house_world/models/aws_robomaker_residential_Sofa_01/meshes/aws_Sofa_01_visual.DAE
[3.628s] -- Symlinking: /home/wellyowo/locobot_sim/locobot_ws/install/aws_robomaker_small_house_world/share/aws_robomaker_small_house_world/models/aws_robomaker_residential_Sofa_01/model.config
[3.633s] -- Symlinking: /home/wellyowo/locobot_sim/locobot_ws/install/aws_robomaker_small_house_world/share/aws_robomaker_small_house_world/models/aws_robomaker_residential_Sofa_01/model.sdf
[3.639s] -- Symlinking: /home/wellyowo/locobot_sim/locobot_ws/install/aws_robomaker_small_house_world/share/aws_robomaker_small_house_world/models/aws_robomaker_residential_TVCabinet_01/materials/textures/aws_TVCabinet_01.png
[3.644s] -- Symlinking: /home/wellyowo/locobot_sim/locobot_ws/install/aws_robomaker_small_house_world/share/aws_robomaker_small_house_world/models/aws_robomaker_residential_TVCabinet_01/meshes/aws_TVCabinet_01_collision.DAE
[3.650s] -- Symlinking: /home/wellyowo/locobot_sim/locobot_ws/install/aws_robomaker_small_house_world/share/aws_robomaker_small_house_world/models/aws_robomaker_residential_TVCabinet_01/meshes/aws_TVCabinet_01_visual.DAE
[3.655s] -- Symlinking: /home/wellyowo/locobot_sim/locobot_ws/install/aws_robomaker_small_house_world/share/aws_robomaker_small_house_world/models/aws_robomaker_residential_TVCabinet_01/model.config
[3.660s] -- Symlinking: /home/wellyowo/locobot_sim/locobot_ws/install/aws_robomaker_small_house_world/share/aws_robomaker_small_house_world/models/aws_robomaker_residential_TVCabinet_01/model.sdf
[3.665s] -- Symlinking: /home/wellyowo/locobot_sim/locobot_ws/install/aws_robomaker_small_house_world/share/aws_robomaker_small_house_world/models/aws_robomaker_residential_TV_01/materials/textures/aws_TV_01.png
[3.670s] -- Symlinking: /home/wellyowo/locobot_sim/locobot_ws/install/aws_robomaker_small_house_world/share/aws_robomaker_small_house_world/models/aws_robomaker_residential_TV_01/meshes/aws_TV_01_collision.DAE
[3.675s] -- Symlinking: /home/wellyowo/locobot_sim/locobot_ws/install/aws_robomaker_small_house_world/share/aws_robomaker_small_house_world/models/aws_robomaker_residential_TV_01/meshes/aws_TV_01_visual.DAE
[3.681s] -- Symlinking: /home/wellyowo/locobot_sim/locobot_ws/install/aws_robomaker_small_house_world/share/aws_robomaker_small_house_world/models/aws_robomaker_residential_TV_01/model.config
[3.686s] -- Symlinking: /home/wellyowo/locobot_sim/locobot_ws/install/aws_robomaker_small_house_world/share/aws_robomaker_small_house_world/models/aws_robomaker_residential_TV_01/model.sdf
[3.691s] -- Symlinking: /home/wellyowo/locobot_sim/locobot_ws/install/aws_robomaker_small_house_world/share/aws_robomaker_small_house_world/models/aws_robomaker_residential_TV_02/materials/textures/aws_TV_01.png
[3.697s] -- Symlinking: /home/wellyowo/locobot_sim/locobot_ws/install/aws_robomaker_small_house_world/share/aws_robomaker_small_house_world/models/aws_robomaker_residential_TV_02/meshes/aws_TV_01_collision.DAE
[3.703s] -- Symlinking: /home/wellyowo/locobot_sim/locobot_ws/install/aws_robomaker_small_house_world/share/aws_robomaker_small_house_world/models/aws_robomaker_residential_TV_02/meshes/aws_TV_01_visual.DAE
[3.708s] -- Symlinking: /home/wellyowo/locobot_sim/locobot_ws/install/aws_robomaker_small_house_world/share/aws_robomaker_small_house_world/models/aws_robomaker_residential_TV_02/model.config
[3.713s] -- Symlinking: /home/wellyowo/locobot_sim/locobot_ws/install/aws_robomaker_small_house_world/share/aws_robomaker_small_house_world/models/aws_robomaker_residential_TV_02/model.sdf
[3.718s] -- Symlinking: /home/wellyowo/locobot_sim/locobot_ws/install/aws_robomaker_small_house_world/share/aws_robomaker_small_house_world/models/aws_robomaker_residential_Tablet_01/materials/textures/aws_Tablet_01_nologo.png
[3.724s] -- Symlinking: /home/wellyowo/locobot_sim/locobot_ws/install/aws_robomaker_small_house_world/share/aws_robomaker_small_house_world/models/aws_robomaker_residential_Tablet_01/meshes/aws_Tablet_01_collision.DAE
[3.729s] -- Symlinking: /home/wellyowo/locobot_sim/locobot_ws/install/aws_robomaker_small_house_world/share/aws_robomaker_small_house_world/models/aws_robomaker_residential_Tablet_01/meshes/aws_Tablet_01_visual.DAE
[3.734s] -- Symlinking: /home/wellyowo/locobot_sim/locobot_ws/install/aws_robomaker_small_house_world/share/aws_robomaker_small_house_world/models/aws_robomaker_residential_Tablet_01/model.config
[3.740s] -- Symlinking: /home/wellyowo/locobot_sim/locobot_ws/install/aws_robomaker_small_house_world/share/aws_robomaker_small_house_world/models/aws_robomaker_residential_Tablet_01/model.sdf
[3.745s] -- Symlinking: /home/wellyowo/locobot_sim/locobot_ws/install/aws_robomaker_small_house_world/share/aws_robomaker_small_house_world/models/aws_robomaker_residential_Tableware_01/materials/textures/aws_Tableware_01.png
[3.750s] -- Symlinking: /home/wellyowo/locobot_sim/locobot_ws/install/aws_robomaker_small_house_world/share/aws_robomaker_small_house_world/models/aws_robomaker_residential_Tableware_01/meshes/aws_Tableware_01_collision.DAE
[3.755s] -- Symlinking: /home/wellyowo/locobot_sim/locobot_ws/install/aws_robomaker_small_house_world/share/aws_robomaker_small_house_world/models/aws_robomaker_residential_Tableware_01/meshes/aws_Tableware_01_visual.DAE
[3.760s] -- Symlinking: /home/wellyowo/locobot_sim/locobot_ws/install/aws_robomaker_small_house_world/share/aws_robomaker_small_house_world/models/aws_robomaker_residential_Tableware_01/model.config
[3.765s] -- Symlinking: /home/wellyowo/locobot_sim/locobot_ws/install/aws_robomaker_small_house_world/share/aws_robomaker_small_house_world/models/aws_robomaker_residential_Tableware_01/model.sdf
[3.771s] -- Symlinking: /home/wellyowo/locobot_sim/locobot_ws/install/aws_robomaker_small_house_world/share/aws_robomaker_small_house_world/models/aws_robomaker_residential_Trash_01/materials/textures/aws_Trash_01.png
[3.776s] -- Symlinking: /home/wellyowo/locobot_sim/locobot_ws/install/aws_robomaker_small_house_world/share/aws_robomaker_small_house_world/models/aws_robomaker_residential_Trash_01/meshes/aws_Trash_01_collision.DAE
[3.782s] -- Symlinking: /home/wellyowo/locobot_sim/locobot_ws/install/aws_robomaker_small_house_world/share/aws_robomaker_small_house_world/models/aws_robomaker_residential_Trash_01/meshes/aws_Trash_01_visual.DAE
[3.787s] -- Symlinking: /home/wellyowo/locobot_sim/locobot_ws/install/aws_robomaker_small_house_world/share/aws_robomaker_small_house_world/models/aws_robomaker_residential_Trash_01/model.config
[3.793s] -- Symlinking: /home/wellyowo/locobot_sim/locobot_ws/install/aws_robomaker_small_house_world/share/aws_robomaker_small_house_world/models/aws_robomaker_residential_Trash_01/model.sdf
[3.798s] -- Symlinking: /home/wellyowo/locobot_sim/locobot_ws/install/aws_robomaker_small_house_world/share/aws_robomaker_small_house_world/models/aws_robomaker_residential_Vase_01/materials/textures/aws_Vase_01.png
[3.803s] -- Symlinking: /home/wellyowo/locobot_sim/locobot_ws/install/aws_robomaker_small_house_world/share/aws_robomaker_small_house_world/models/aws_robomaker_residential_Vase_01/meshes/aws_Vase_01_collision.DAE
[3.809s] -- Symlinking: /home/wellyowo/locobot_sim/locobot_ws/install/aws_robomaker_small_house_world/share/aws_robomaker_small_house_world/models/aws_robomaker_residential_Vase_01/meshes/aws_Vase_01_visual.DAE
[3.814s] -- Symlinking: /home/wellyowo/locobot_sim/locobot_ws/install/aws_robomaker_small_house_world/share/aws_robomaker_small_house_world/models/aws_robomaker_residential_Vase_01/model.config
[3.819s] -- Symlinking: /home/wellyowo/locobot_sim/locobot_ws/install/aws_robomaker_small_house_world/share/aws_robomaker_small_house_world/models/aws_robomaker_residential_Vase_01/model.sdf
[3.824s] -- Symlinking: /home/wellyowo/locobot_sim/locobot_ws/install/aws_robomaker_small_house_world/share/aws_robomaker_small_house_world/models/aws_robomaker_residential_Wardrobe_01/materials/textures/aws_Wardrobe_01.png
[3.830s] -- Symlinking: /home/wellyowo/locobot_sim/locobot_ws/install/aws_robomaker_small_house_world/share/aws_robomaker_small_house_world/models/aws_robomaker_residential_Wardrobe_01/meshes/aws_Wardrobe_01_collision.DAE
[3.835s] -- Symlinking: /home/wellyowo/locobot_sim/locobot_ws/install/aws_robomaker_small_house_world/share/aws_robomaker_small_house_world/models/aws_robomaker_residential_Wardrobe_01/meshes/aws_Wardrobe_01_visual.DAE
[3.840s] -- Symlinking: /home/wellyowo/locobot_sim/locobot_ws/install/aws_robomaker_small_house_world/share/aws_robomaker_small_house_world/models/aws_robomaker_residential_Wardrobe_01/model.config
[3.846s] -- Symlinking: /home/wellyowo/locobot_sim/locobot_ws/install/aws_robomaker_small_house_world/share/aws_robomaker_small_house_world/models/aws_robomaker_residential_Wardrobe_01/model.sdf
[3.851s] -- Symlinking: /home/wellyowo/locobot_sim/locobot_ws/install/aws_robomaker_small_house_world/share/aws_robomaker_small_house_world/worlds/small_house.world
[3.856s] -- Symlinking: /home/wellyowo/locobot_sim/locobot_ws/install/aws_robomaker_small_house_world/share/aws_robomaker_small_house_world/maps/turtlebot3_waffle_pi/map.pgm
[3.861s] -- Symlinking: /home/wellyowo/locobot_sim/locobot_ws/install/aws_robomaker_small_house_world/share/aws_robomaker_small_house_world/maps/turtlebot3_waffle_pi/map.yaml
[3.867s] -- Symlinking: /home/wellyowo/locobot_sim/locobot_ws/install/aws_robomaker_small_house_world/share/aws_robomaker_small_house_world/photos/DeskPortraitA_01.jpg
[3.872s] -- Symlinking: /home/wellyowo/locobot_sim/locobot_ws/install/aws_robomaker_small_house_world/share/aws_robomaker_small_house_world/photos/DeskPortraitA_02.jpg
[3.878s] -- Symlinking: /home/wellyowo/locobot_sim/locobot_ws/install/aws_robomaker_small_house_world/share/aws_robomaker_small_house_world/photos/DeskPortraitB_01.jpg
[3.883s] -- Symlinking: /home/wellyowo/locobot_sim/locobot_ws/install/aws_robomaker_small_house_world/share/aws_robomaker_small_house_world/photos/DeskPortraitB_02.jpg
[3.888s] -- Symlinking: /home/wellyowo/locobot_sim/locobot_ws/install/aws_robomaker_small_house_world/share/aws_robomaker_small_house_world/photos/DeskPortraitC_01.jpg
[3.893s] -- Symlinking: /home/wellyowo/locobot_sim/locobot_ws/install/aws_robomaker_small_house_world/share/aws_robomaker_small_house_world/photos/DeskPortraitC_02.jpg
[3.898s] -- Symlinking: /home/wellyowo/locobot_sim/locobot_ws/install/aws_robomaker_small_house_world/share/aws_robomaker_small_house_world/photos/DeskPortraitD_01.jpg
[3.904s] -- Symlinking: /home/wellyowo/locobot_sim/locobot_ws/install/aws_robomaker_small_house_world/share/aws_robomaker_small_house_world/photos/DeskPortraitD_02.jpg
[3.909s] -- Symlinking: /home/wellyowo/locobot_sim/locobot_ws/install/aws_robomaker_small_house_world/share/aws_robomaker_small_house_world/photos/DeskPortraitD_03.jpg
[3.914s] -- Symlinking: /home/wellyowo/locobot_sim/locobot_ws/install/aws_robomaker_small_house_world/share/aws_robomaker_small_house_world/photos/DeskPortraitD_04.jpg
[3.919s] -- Symlinking: /home/wellyowo/locobot_sim/locobot_ws/install/aws_robomaker_small_house_world/share/aws_robomaker_small_house_world/photos/PortraitA_01.jpg
[3.925s] -- Symlinking: /home/wellyowo/locobot_sim/locobot_ws/install/aws_robomaker_small_house_world/share/aws_robomaker_small_house_world/photos/PortraitA_02.jpg
[3.930s] -- Symlinking: /home/wellyowo/locobot_sim/locobot_ws/install/aws_robomaker_small_house_world/share/aws_robomaker_small_house_world/photos/PortraitB_01.jpg
[3.935s] -- Symlinking: /home/wellyowo/locobot_sim/locobot_ws/install/aws_robomaker_small_house_world/share/aws_robomaker_small_house_world/photos/PortraitB_02.jpg
[3.940s] -- Symlinking: /home/wellyowo/locobot_sim/locobot_ws/install/aws_robomaker_small_house_world/share/aws_robomaker_small_house_world/photos/PortraitB_03.jpg
[3.946s] -- Symlinking: /home/wellyowo/locobot_sim/locobot_ws/install/aws_robomaker_small_house_world/share/aws_robomaker_small_house_world/photos/PortraitC_01.jpg
[3.951s] -- Symlinking: /home/wellyowo/locobot_sim/locobot_ws/install/aws_robomaker_small_house_world/share/aws_robomaker_small_house_world/photos/PortraitD_01.jpg
[3.956s] -- Symlinking: /home/wellyowo/locobot_sim/locobot_ws/install/aws_robomaker_small_house_world/share/aws_robomaker_small_house_world/photos/PortraitD_02.jpg
[3.961s] -- Symlinking: /home/wellyowo/locobot_sim/locobot_ws/install/aws_robomaker_small_house_world/share/aws_robomaker_small_house_world/photos/PortraitE_01.jpg
[3.966s] -- Symlinking: /home/wellyowo/locobot_sim/locobot_ws/install/aws_robomaker_small_house_world/share/aws_robomaker_small_house_world/photos/PortraitE_02.jpg
[3.972s] -- Symlinking: /home/wellyowo/locobot_sim/locobot_ws/install/aws_robomaker_small_house_world/share/aws_robomaker_small_house_world/param/waffle_pi.yaml
[3.977s] -- Symlinking: /home/wellyowo/locobot_sim/locobot_ws/install/aws_robomaker_small_house_world/share/aws_robomaker_small_house_world/routes/route.yaml
[3.983s] -- Symlinking: /home/wellyowo/locobot_sim/locobot_ws/install/aws_robomaker_small_house_world/share/ament_index/resource_index/package_run_dependencies/aws_robomaker_small_house_world
[3.988s] -- Symlinking: /home/wellyowo/locobot_sim/locobot_ws/install/aws_robomaker_small_house_world/share/ament_index/resource_index/parent_prefix_path/aws_robomaker_small_house_world
[3.993s] -- Symlinking: /home/wellyowo/locobot_sim/locobot_ws/install/aws_robomaker_small_house_world/share/aws_robomaker_small_house_world/environment/ament_prefix_path.sh
[3.998s] -- Symlinking: /home/wellyowo/locobot_sim/locobot_ws/install/aws_robomaker_small_house_world/share/aws_robomaker_small_house_world/environment/ament_prefix_path.dsv
[4.003s] -- Symlinking: /home/wellyowo/locobot_sim/locobot_ws/install/aws_robomaker_small_house_world/share/aws_robomaker_small_house_world/environment/path.sh
[4.009s] -- Symlinking: /home/wellyowo/locobot_sim/locobot_ws/install/aws_robomaker_small_house_world/share/aws_robomaker_small_house_world/environment/path.dsv
[4.014s] -- Symlinking: /home/wellyowo/locobot_sim/locobot_ws/install/aws_robomaker_small_house_world/share/aws_robomaker_small_house_world/local_setup.bash
[4.019s] -- Symlinking: /home/wellyowo/locobot_sim/locobot_ws/install/aws_robomaker_small_house_world/share/aws_robomaker_small_house_world/local_setup.sh
[4.024s] -- Symlinking: /home/wellyowo/locobot_sim/locobot_ws/install/aws_robomaker_small_house_world/share/aws_robomaker_small_house_world/local_setup.zsh
[4.029s] -- Symlinking: /home/wellyowo/locobot_sim/locobot_ws/install/aws_robomaker_small_house_world/share/aws_robomaker_small_house_world/local_setup.dsv
[4.035s] -- Symlinking: /home/wellyowo/locobot_sim/locobot_ws/install/aws_robomaker_small_house_world/share/aws_robomaker_small_house_world/package.dsv
[4.040s] -- Symlinking: /home/wellyowo/locobot_sim/locobot_ws/install/aws_robomaker_small_house_world/share/ament_index/resource_index/packages/aws_robomaker_small_house_world
[4.045s] -- Symlinking: /home/wellyowo/locobot_sim/locobot_ws/install/aws_robomaker_small_house_world/share/aws_robomaker_small_house_world/cmake/ament_cmake_export_dependencies-extras.cmake
[4.051s] -- Symlinking: /home/wellyowo/locobot_sim/locobot_ws/install/aws_robomaker_small_house_world/share/aws_robomaker_small_house_world/cmake/aws_robomaker_small_house_worldConfig.cmake
[4.056s] -- Symlinking: /home/wellyowo/locobot_sim/locobot_ws/install/aws_robomaker_small_house_world/share/aws_robomaker_small_house_world/cmake/aws_robomaker_small_house_worldConfig-version.cmake
[4.061s] -- Symlinking: /home/wellyowo/locobot_sim/locobot_ws/install/aws_robomaker_small_house_world/share/aws_robomaker_small_house_world/package.xml
[4.067s] Invoked command in '/home/wellyowo/locobot_sim/locobot_ws/build/aws_robomaker_small_house_world' returned '0': AMENT_PREFIX_PATH=/home/wellyowo/locobot_sim/locobot_ws/install/gazebo_plugins:${AMENT_PREFIX_PATH} CMAKE_PREFIX_PATH=/home/wellyowo/locobot_sim/locobot_ws/install/gazebo_plugins:/opt/ros/humble LD_LIBRARY_PATH=/usr/lib/x86_64-linux-gnu/gazebo-11/plugins:/home/wellyowo/locobot_sim/locobot_ws/install/gazebo_plugins/lib:${LD_LIBRARY_PATH} /usr/bin/cmake --install /home/wellyowo/locobot_sim/locobot_ws/build/aws_robomaker_small_house_world
