[0.035s] Invoking command in '/home/wellyowo/locobot_sim/locobot_ws/src/build/sophus': CMAKE_PREFIX_PATH=/opt/ros/humble /usr/bin/cmake /home/wellyowo/locobot_sim/locobot_ws/src/ThirdParty/sophus -DCMAKE_INSTALL_PREFIX=/home/wellyowo/locobot_sim/locobot_ws/src/install/sophus
[0.226s] -- The C compiler identification is GNU 11.4.0
[0.226s] -- The CXX compiler identification is GNU 11.4.0
[0.227s] -- Detecting C compiler ABI info
[0.227s] -- Detecting C compiler ABI info - done
[0.227s] -- Check for working C compiler: /usr/bin/cc - skipped
[0.227s] -- Detecting C compile features
[0.227s] -- Detecting C compile features - done
[0.227s] -- Detecting CXX compiler ABI info
[0.227s] -- Detecting CXX compiler ABI info - done
[0.229s] -- Check for working CXX compiler: /usr/bin/c++ - skipped
[0.229s] -- Detecting CXX compile features
[0.229s] -- Detecting CXX compile features - done
[0.234s] -- Found Eigen3: /usr/include/eigen3 (Required is at least version "3.3.0") 
[0.294s] -- Configuring done
[0.315s] -- Generating done
[0.320s] -- Build files have been written to: /home/wellyowo/locobot_sim/locobot_ws/src/build/sophus
[0.332s] Invoked command in '/home/wellyowo/locobot_sim/locobot_ws/src/build/sophus' returned '0': CMAKE_PREFIX_PATH=/opt/ros/humble /usr/bin/cmake /home/wellyowo/locobot_sim/locobot_ws/src/ThirdParty/sophus -DCMAKE_INSTALL_PREFIX=/home/wellyowo/locobot_sim/locobot_ws/src/install/sophus
[0.334s] Invoking command in '/home/wellyowo/locobot_sim/locobot_ws/src/build/sophus': CMAKE_PREFIX_PATH=/opt/ros/humble /usr/bin/cmake --build /home/wellyowo/locobot_sim/locobot_ws/src/build/sophus -- -j16 -l16
[2.459s] [  4%] [32mBuilding CXX object test/core/CMakeFiles/test_rxso2.dir/test_rxso2.cpp.o[0m
[2.460s] [  8%] [32mBuilding CXX object test/core/CMakeFiles/test_so2.dir/test_so2.cpp.o[0m
[2.460s] [ 16%] [32mBuilding CXX object test/core/CMakeFiles/test_common.dir/test_common.cpp.o[0m
[2.460s] [ 16%] [32mBuilding CXX object test/core/CMakeFiles/test_so3.dir/test_so3.cpp.o[0m
[2.460s] [ 20%] [32mBuilding CXX object test/core/CMakeFiles/test_se2.dir/test_se2.cpp.o[0m
[2.460s] [ 25%] [32mBuilding CXX object test/core/CMakeFiles/test_sim2.dir/test_sim2.cpp.o[0m
[2.460s] [ 29%] [32mBuilding CXX object test/core/CMakeFiles/test_se3.dir/test_se3.cpp.o[0m
[2.460s] [ 33%] [32mBuilding CXX object test/core/CMakeFiles/test_rxso3.dir/test_rxso3.cpp.o[0m
[2.460s] [ 37%] [32mBuilding CXX object test/core/CMakeFiles/test_velocities.dir/test_velocities.cpp.o[0m
[2.460s] [ 41%] [32mBuilding CXX object test/core/CMakeFiles/test_sim3.dir/test_sim3.cpp.o[0m
[2.460s] [ 45%] [32mBuilding CXX object test/core/CMakeFiles/test_geometry.dir/test_geometry.cpp.o[0m
[2.460s] [ 50%] [32mBuilding CXX object examples/CMakeFiles/HelloSO3.dir/HelloSO3.cpp.o[0m
[3.496s] [ 54%] [32m[1mLinking CXX executable test_common[0m
[3.851s] [ 54%] Built target test_common
[4.246s] [ 58%] [32m[1mLinking CXX executable HelloSO3[0m
[4.726s] [ 58%] Built target HelloSO3
[28.644s] [ 62%] [32m[1mLinking CXX executable test_velocities[0m
[29.792s] [ 62%] Built target test_velocities
[46.597s] [ 66%] [32m[1mLinking CXX executable test_geometry[0m
[46.857s] [ 66%] Built target test_geometry
[78.724s] [ 70%] [32m[1mLinking CXX executable test_so2[0m
[79.469s] [ 70%] Built target test_so2
[86.392s] [ 75%] [32m[1mLinking CXX executable test_rxso2[0m
[86.814s] [ 75%] Built target test_rxso2
[102.871s] [ 79%] [32m[1mLinking CXX executable test_sim2[0m
[103.178s] [ 79%] Built target test_sim2
[104.854s] [ 83%] [32m[1mLinking CXX executable test_se2[0m
[105.157s] [ 83%] Built target test_se2
[114.809s] [ 87%] [32m[1mLinking CXX executable test_sim3[0m
[114.891s] [ 87%] Built target test_sim3
[123.031s] [ 91%] [32m[1mLinking CXX executable test_se3[0m
[123.124s] [ 91%] Built target test_se3
[124.827s] gmake[2]: *** [test/core/CMakeFiles/test_rxso3.dir/build.make:76: test/core/CMakeFiles/test_rxso3.dir/test_rxso3.cpp.o] Interrupt
[124.827s] gmake[2]: *** [test/core/CMakeFiles/test_so3.dir/build.make:76: test/core/CMakeFiles/test_so3.dir/test_so3.cpp.o] Interrupt
[124.827s] gmake[1]: *** [CMakeFiles/Makefile2:378: test/core/CMakeFiles/test_rxso3.dir/all] Interrupt
[124.828s] gmake[1]: *** [CMakeFiles/Makefile2:326: test/core/CMakeFiles/test_so3.dir/all] Interrupt
[124.828s] gmake: *** [Makefile:146: all] Interrupt
