[0.046s] Invoking command in '/home/wellyowo/locobot_sim/locobot_ws/build/ecl_console': AMENT_PREFIX_PATH=/home/wellyowo/locobot_sim/locobot_ws/install/ecl_config:${AMENT_PREFIX_PATH} CMAKE_PREFIX_PATH=/home/wellyowo/locobot_sim/locobot_ws/install/ecl_config:/opt/ros/humble PATH=/home/wellyowo/locobot_sim/locobot_ws/install/ecl_config/bin:${PATH} /usr/bin/cmake /home/wellyowo/locobot_sim/locobot_ws/src/ThirdParty/ecl/ecl_lite/ecl_console -DBUILD_TESTING=OFF -DCMAKE_PREFIX_PATH= -DAMENT_CMAKE_SYMLINK_INSTALL=1 -DCMAKE_INSTALL_PREFIX=/home/wellyowo/locobot_sim/locobot_ws/install/ecl_console
[3.077s] -- The C compiler identification is GNU 11.4.0
[3.078s] -- The CXX compiler identification is GNU 11.4.0
[3.078s] -- Detecting C compiler ABI info
[3.078s] -- Detecting C compiler ABI info - done
[3.078s] -- Check for working C compiler: /usr/bin/cc - skipped
[3.078s] -- Detecting C compile features
[3.078s] -- Detecting C compile features - done
[3.078s] -- Detecting CXX compiler ABI info
[3.078s] -- Detecting CXX compiler ABI info - done
[3.079s] -- Check for working CXX compiler: /usr/bin/c++ - skipped
[3.079s] -- Detecting CXX compile features
[3.079s] -- Detecting CXX compile features - done
[3.079s] -- Found ament_cmake_ros: 0.10.0 (/opt/ros/humble/share/ament_cmake_ros/cmake)
[3.079s] -- Found Python3: /usr/bin/python3 (found version "3.10.12") found components: Interpreter 
[3.079s] -- Override CMake install command with custom implementation using symlinks instead of copying resources
[3.079s] -- Found ecl_build: 1.0.3 (/opt/ros/humble/share/ecl_build/cmake)
[3.079s] -- Found ecl_config: 1.2.0 (/home/wellyowo/locobot_sim/locobot_ws/install/ecl_config/share/ecl_config/cmake)
[3.080s] -- Configuring done
[3.080s] -- Generating done
[3.080s] -- Build files have been written to: /home/wellyowo/locobot_sim/locobot_ws/build/ecl_console
[3.135s] Invoked command in '/home/wellyowo/locobot_sim/locobot_ws/build/ecl_console' returned '0': AMENT_PREFIX_PATH=/home/wellyowo/locobot_sim/locobot_ws/install/ecl_config:${AMENT_PREFIX_PATH} CMAKE_PREFIX_PATH=/home/wellyowo/locobot_sim/locobot_ws/install/ecl_config:/opt/ros/humble PATH=/home/wellyowo/locobot_sim/locobot_ws/install/ecl_config/bin:${PATH} /usr/bin/cmake /home/wellyowo/locobot_sim/locobot_ws/src/ThirdParty/ecl/ecl_lite/ecl_console -DBUILD_TESTING=OFF -DCMAKE_PREFIX_PATH= -DAMENT_CMAKE_SYMLINK_INSTALL=1 -DCMAKE_INSTALL_PREFIX=/home/wellyowo/locobot_sim/locobot_ws/install/ecl_console
[3.146s] Invoking command in '/home/wellyowo/locobot_sim/locobot_ws/build/ecl_console': AMENT_PREFIX_PATH=/home/wellyowo/locobot_sim/locobot_ws/install/ecl_config:${AMENT_PREFIX_PATH} CMAKE_PREFIX_PATH=/home/wellyowo/locobot_sim/locobot_ws/install/ecl_config:/opt/ros/humble PATH=/home/wellyowo/locobot_sim/locobot_ws/install/ecl_config/bin:${PATH} /usr/bin/cmake --build /home/wellyowo/locobot_sim/locobot_ws/build/ecl_console -- -j16 -l16
[9.184s] Invoked command in '/home/wellyowo/locobot_sim/locobot_ws/build/ecl_console' returned '0': AMENT_PREFIX_PATH=/home/wellyowo/locobot_sim/locobot_ws/install/ecl_config:${AMENT_PREFIX_PATH} CMAKE_PREFIX_PATH=/home/wellyowo/locobot_sim/locobot_ws/install/ecl_config:/opt/ros/humble PATH=/home/wellyowo/locobot_sim/locobot_ws/install/ecl_config/bin:${PATH} /usr/bin/cmake --build /home/wellyowo/locobot_sim/locobot_ws/build/ecl_console -- -j16 -l16
[9.184s] Invoking command in '/home/wellyowo/locobot_sim/locobot_ws/build/ecl_console': AMENT_PREFIX_PATH=/home/wellyowo/locobot_sim/locobot_ws/install/ecl_config:${AMENT_PREFIX_PATH} CMAKE_PREFIX_PATH=/home/wellyowo/locobot_sim/locobot_ws/install/ecl_config:/opt/ros/humble PATH=/home/wellyowo/locobot_sim/locobot_ws/install/ecl_config/bin:${PATH} /usr/bin/cmake --install /home/wellyowo/locobot_sim/locobot_ws/build/ecl_console
[11.248s] -- Install configuration: ""
[11.252s] -- Execute custom install script
[11.252s] -- Symlinking: /home/wellyowo/locobot_sim/locobot_ws/install/ecl_console/share/ament_index/resource_index/package_run_dependencies/ecl_console
[11.252s] -- Symlinking: /home/wellyowo/locobot_sim/locobot_ws/install/ecl_console/share/ament_index/resource_index/parent_prefix_path/ecl_console
[11.252s] -- Symlinking: /home/wellyowo/locobot_sim/locobot_ws/install/ecl_console/share/ecl_console/environment/ament_prefix_path.sh
[11.253s] -- Symlinking: /home/wellyowo/locobot_sim/locobot_ws/install/ecl_console/share/ecl_console/environment/ament_prefix_path.dsv
[11.253s] -- Symlinking: /home/wellyowo/locobot_sim/locobot_ws/install/ecl_console/share/ecl_console/environment/path.sh
[11.253s] -- Symlinking: /home/wellyowo/locobot_sim/locobot_ws/install/ecl_console/share/ecl_console/environment/path.dsv
[11.253s] -- Symlinking: /home/wellyowo/locobot_sim/locobot_ws/install/ecl_console/share/ecl_console/local_setup.bash
[11.253s] -- Symlinking: /home/wellyowo/locobot_sim/locobot_ws/install/ecl_console/share/ecl_console/local_setup.sh
[11.253s] -- Symlinking: /home/wellyowo/locobot_sim/locobot_ws/install/ecl_console/share/ecl_console/local_setup.zsh
[11.253s] -- Symlinking: /home/wellyowo/locobot_sim/locobot_ws/install/ecl_console/share/ecl_console/local_setup.dsv
[11.253s] -- Symlinking: /home/wellyowo/locobot_sim/locobot_ws/install/ecl_console/share/ecl_console/package.dsv
[11.253s] -- Symlinking: /home/wellyowo/locobot_sim/locobot_ws/install/ecl_console/share/ament_index/resource_index/packages/ecl_console
[11.253s] -- Symlinking: /home/wellyowo/locobot_sim/locobot_ws/install/ecl_console/share/ecl_console/cmake/ament_cmake_export_targets-extras.cmake
[11.254s] -- Symlinking: /home/wellyowo/locobot_sim/locobot_ws/install/ecl_console/share/ecl_console/cmake/ament_cmake_export_include_directories-extras.cmake
[11.254s] -- Symlinking: /home/wellyowo/locobot_sim/locobot_ws/install/ecl_console/share/ecl_console/cmake/ament_cmake_export_dependencies-extras.cmake
[11.254s] -- Symlinking: /home/wellyowo/locobot_sim/locobot_ws/install/ecl_console/share/ecl_console/cmake/ecl_consoleConfig.cmake
[11.254s] -- Symlinking: /home/wellyowo/locobot_sim/locobot_ws/install/ecl_console/share/ecl_console/cmake/ecl_consoleConfig-version.cmake
[11.254s] -- Symlinking: /home/wellyowo/locobot_sim/locobot_ws/install/ecl_console/share/ecl_console/package.xml
[11.266s] -- Installing: /home/wellyowo/locobot_sim/locobot_ws/install/ecl_console/include/ecl
[11.266s] -- Installing: /home/wellyowo/locobot_sim/locobot_ws/install/ecl_console/include/ecl/console.hpp
[11.266s] -- Installing: /home/wellyowo/locobot_sim/locobot_ws/install/ecl_console/share/ecl_console/cmake/ecl_consoleExport.cmake
[11.351s] Invoked command in '/home/wellyowo/locobot_sim/locobot_ws/build/ecl_console' returned '0': AMENT_PREFIX_PATH=/home/wellyowo/locobot_sim/locobot_ws/install/ecl_config:${AMENT_PREFIX_PATH} CMAKE_PREFIX_PATH=/home/wellyowo/locobot_sim/locobot_ws/install/ecl_config:/opt/ros/humble PATH=/home/wellyowo/locobot_sim/locobot_ws/install/ecl_config/bin:${PATH} /usr/bin/cmake --install /home/wellyowo/locobot_sim/locobot_ws/build/ecl_console
