[0.036s] Invoking command in '/home/wellyowo/locobot_sim/locobot_ws/build/interbotix_perception_pipelines': AMENT_PREFIX_PATH=/home/wellyowo/locobot_sim/locobot_ws/install/interbotix_perception_msgs:${AMENT_PREFIX_PATH} CMAKE_PREFIX_PATH=/home/wellyowo/locobot_sim/locobot_ws/install/interbotix_perception_msgs:/opt/ros/humble LD_LIBRARY_PATH=/home/wellyowo/locobot_sim/locobot_ws/install/interbotix_perception_msgs/lib:${LD_LIBRARY_PATH} PYTHONPATH=/home/wellyowo/locobot_sim/locobot_ws/install/interbotix_perception_msgs/local/lib/python3.10/dist-packages:${PYTHONPATH} /usr/bin/cmake /home/wellyowo/locobot_sim/locobot_ws/src/interbotix_ros_toolboxes/interbotix_perception_toolbox/interbotix_perception_pipelines -DBUILD_TESTING=OFF -DCMAKE_PREFIX_PATH= -DAMENT_CMAKE_SYMLINK_INSTALL=1 -DCMAKE_INSTALL_PREFIX=/home/wellyowo/locobot_sim/locobot_ws/install/interbotix_perception_pipelines
[1.453s] -- The C compiler identification is GNU 11.4.0
[1.453s] -- The CXX compiler identification is GNU 11.4.0
[1.453s] -- Detecting C compiler ABI info
[1.453s] -- Detecting C compiler ABI info - done
[1.453s] -- Check for working C compiler: /usr/bin/cc - skipped
[1.453s] -- Detecting C compile features
[1.454s] -- Detecting C compile features - done
[1.454s] -- Detecting CXX compiler ABI info
[1.454s] -- Detecting CXX compiler ABI info - done
[1.455s] -- Check for working CXX compiler: /usr/bin/c++ - skipped
[1.455s] -- Detecting CXX compile features
[1.455s] -- Detecting CXX compile features - done
[1.455s] -- Found ament_cmake: 1.3.11 (/opt/ros/humble/share/ament_cmake/cmake)
[1.546s] -- Found Python3: /usr/bin/python3 (found version "3.10.12") found components: Interpreter 
[1.796s] -- Override CMake install command with custom implementation using symlinks instead of copying resources
[1.852s] -- Found ament_index_cpp: 1.4.0 (/opt/ros/humble/share/ament_index_cpp/cmake)
[1.854s] -- Found interbotix_perception_msgs: 0.0.0 (/home/wellyowo/locobot_sim/locobot_ws/install/interbotix_perception_msgs/share/interbotix_perception_msgs/cmake)
[1.933s] -- Found rosidl_generator_c: 3.1.6 (/opt/ros/humble/share/rosidl_generator_c/cmake)
[1.939s] -- Found rosidl_adapter: 3.1.6 (/opt/ros/humble/share/rosidl_adapter/cmake)
[1.971s] -- Found rosidl_generator_cpp: 3.1.6 (/opt/ros/humble/share/rosidl_generator_cpp/cmake)
[2.004s] -- Using all available rosidl_typesupport_c: rosidl_typesupport_fastrtps_c;rosidl_typesupport_introspection_c
[2.043s] -- Using all available rosidl_typesupport_cpp: rosidl_typesupport_fastrtps_cpp;rosidl_typesupport_introspection_cpp
[2.167s] -- Found pcl_conversions: 2.4.5 (/opt/ros/humble/share/pcl_conversions/cmake)
[2.230s] -- Found rmw_implementation_cmake: 6.1.2 (/opt/ros/humble/share/rmw_implementation_cmake/cmake)
[2.234s] -- Found rmw_fastrtps_cpp: 6.2.7 (/opt/ros/humble/share/rmw_fastrtps_cpp/cmake)
[2.436s] -- Found OpenSSL: /usr/lib/x86_64-linux-gnu/libcrypto.so (found version "3.0.2")  
[2.469s] -- Found FastRTPS: /opt/ros/humble/include  
[2.569s] -- Using RMW implementation 'rmw_fastrtps_cpp' as default
[2.613s] -- Looking for pthread.h
[2.843s] -- Looking for pthread.h - found
[2.872s] -- Performing Test CMAKE_HAVE_LIBC_PTHREAD
[3.063s] -- Performing Test CMAKE_HAVE_LIBC_PTHREAD - Success
[3.074s] -- Found Threads: TRUE  
[3.544s] -- Checking for module 'eigen3'
[3.615s] --   Found eigen3, version 3.4.0
[3.817s] -- Found Eigen: /usr/include/eigen3 (Required is at least version "3.1") 
[3.818s] -- Eigen found (include: /usr/include/eigen3, version: 3.4.0)
[3.974s] -- Checking for module 'flann'
[4.065s] --   Found flann, version 1.9.1
[4.239s] -- Found FLANN: /usr/lib/x86_64-linux-gnu/libflann_cpp.so  
[4.240s] -- FLANN found (include: /usr/include, lib: /usr/lib/x86_64-linux-gnu/libflann_cpp.so)
[7.872s] -- Checking for module 'libusb-1.0'
[7.910s] --   Found libusb-1.0, version 1.0.25
[8.096s] -- Found libusb: /usr/lib/x86_64-linux-gnu/libusb-1.0.so  
[8.097s] -- OpenNI found (version: 1.5.4.0, include: /usr/include/ni, lib: /usr/lib/libOpenNI.so;libusb::libusb)
[8.277s] -- OpenNI2 found (version: 2.2.0.33, include: /usr/include/openni2, lib: /usr/lib/x86_64-linux-gnu/libOpenNI2.so;libusb::libusb)
[8.673s] -- Eigen found (include: /usr/include/eigen3, version: 3.4.0)
[8.731s] -- OpenNI found (version: 1.5.4.0, include: /usr/include/ni, lib: /usr/lib/libOpenNI.so;libusb::libusb)
[8.761s] -- OpenNI2 found (version: 2.2.0.33, include: /usr/include/openni2, lib: /usr/lib/x86_64-linux-gnu/libOpenNI2.so;libusb::libusb)
[9.771s] -- Found Qhull version 8.0.2
[10.564s] -- OpenNI found (version: 1.5.4.0, include: /usr/include/ni, lib: /usr/lib/libOpenNI.so;libusb::libusb)
[10.858s] -- Found PCL_COMMON: /usr/lib/x86_64-linux-gnu/libpcl_common.so  
[10.860s] -- Found PCL_KDTREE: /usr/lib/x86_64-linux-gnu/libpcl_kdtree.so  
[10.864s] -- Found PCL_OCTREE: /usr/lib/x86_64-linux-gnu/libpcl_octree.so  
[10.864s] -- Found PCL_SEARCH: /usr/lib/x86_64-linux-gnu/libpcl_search.so  
[10.866s] -- Found PCL_SAMPLE_CONSENSUS: /usr/lib/x86_64-linux-gnu/libpcl_sample_consensus.so  
[10.868s] -- Found PCL_FILTERS: /usr/lib/x86_64-linux-gnu/libpcl_filters.so  
[10.868s] -- Found PCL_2D: /usr/include/pcl-1.12  
[10.869s] -- Found PCL_GEOMETRY: /usr/include/pcl-1.12  
[10.877s] -- Found PCL_IO: /usr/lib/x86_64-linux-gnu/libpcl_io.so  
[10.878s] -- Found PCL_FEATURES: /usr/lib/x86_64-linux-gnu/libpcl_features.so  
[10.881s] -- Found PCL_ML: /usr/lib/x86_64-linux-gnu/libpcl_ml.so  
[10.883s] -- Found PCL_SEGMENTATION: /usr/lib/x86_64-linux-gnu/libpcl_segmentation.so  
[10.889s] -- Found PCL_VISUALIZATION: /usr/lib/x86_64-linux-gnu/libpcl_visualization.so  
[10.892s] -- Found PCL_SURFACE: /usr/lib/x86_64-linux-gnu/libpcl_surface.so  
[10.895s] -- Found PCL_REGISTRATION: /usr/lib/x86_64-linux-gnu/libpcl_registration.so  
[10.897s] -- Found PCL_KEYPOINTS: /usr/lib/x86_64-linux-gnu/libpcl_keypoints.so  
[10.898s] -- Found PCL_TRACKING: /usr/lib/x86_64-linux-gnu/libpcl_tracking.so  
[10.901s] -- Found PCL_RECOGNITION: /usr/lib/x86_64-linux-gnu/libpcl_recognition.so  
[10.901s] -- Found PCL_STEREO: /usr/lib/x86_64-linux-gnu/libpcl_stereo.so  
[10.902s] -- Found PCL_APPS: /usr/lib/x86_64-linux-gnu/libpcl_apps.so  
[10.904s] -- Found PCL_IN_HAND_SCANNER: /usr/include/pcl-1.12  
[10.905s] -- Found PCL_MODELER: /usr/include/pcl-1.12  
[10.905s] -- Found PCL_POINT_CLOUD_EDITOR: /usr/include/pcl-1.12  
[10.907s] -- Found PCL_OUTOFCORE: /usr/lib/x86_64-linux-gnu/libpcl_outofcore.so  
[10.909s] -- Found PCL_PEOPLE: /usr/lib/x86_64-linux-gnu/libpcl_people.so  
[10.920s] -- Found pcl_ros: 2.4.5 (/opt/ros/humble/share/pcl_ros/cmake)
[10.977s] -- Found eigen3_cmake_module: 0.1.1 (/opt/ros/humble/share/eigen3_cmake_module/cmake)
[10.986s] -- Found Eigen3: TRUE (found version "3.4.0") 
[10.987s] -- Ensuring Eigen3 include directory is part of orocos-kdl CMake target
[11.136s] -- Found std_srvs: 4.9.0 (/opt/ros/humble/share/std_srvs/cmake)
[11.161s] -- Found visualization_msgs: 4.9.0 (/opt/ros/humble/share/visualization_msgs/cmake)
[11.545s] -- Configuring done
[11.701s] -- Generating done
[11.741s] -- Build files have been written to: /home/wellyowo/locobot_sim/locobot_ws/build/interbotix_perception_pipelines
[11.815s] Invoked command in '/home/wellyowo/locobot_sim/locobot_ws/build/interbotix_perception_pipelines' returned '0': AMENT_PREFIX_PATH=/home/wellyowo/locobot_sim/locobot_ws/install/interbotix_perception_msgs:${AMENT_PREFIX_PATH} CMAKE_PREFIX_PATH=/home/wellyowo/locobot_sim/locobot_ws/install/interbotix_perception_msgs:/opt/ros/humble LD_LIBRARY_PATH=/home/wellyowo/locobot_sim/locobot_ws/install/interbotix_perception_msgs/lib:${LD_LIBRARY_PATH} PYTHONPATH=/home/wellyowo/locobot_sim/locobot_ws/install/interbotix_perception_msgs/local/lib/python3.10/dist-packages:${PYTHONPATH} /usr/bin/cmake /home/wellyowo/locobot_sim/locobot_ws/src/interbotix_ros_toolboxes/interbotix_perception_toolbox/interbotix_perception_pipelines -DBUILD_TESTING=OFF -DCMAKE_PREFIX_PATH= -DAMENT_CMAKE_SYMLINK_INSTALL=1 -DCMAKE_INSTALL_PREFIX=/home/wellyowo/locobot_sim/locobot_ws/install/interbotix_perception_pipelines
[11.816s] Invoking command in '/home/wellyowo/locobot_sim/locobot_ws/build/interbotix_perception_pipelines': AMENT_PREFIX_PATH=/home/wellyowo/locobot_sim/locobot_ws/install/interbotix_perception_msgs:${AMENT_PREFIX_PATH} CMAKE_PREFIX_PATH=/home/wellyowo/locobot_sim/locobot_ws/install/interbotix_perception_msgs:/opt/ros/humble LD_LIBRARY_PATH=/home/wellyowo/locobot_sim/locobot_ws/install/interbotix_perception_msgs/lib:${LD_LIBRARY_PATH} PYTHONPATH=/home/wellyowo/locobot_sim/locobot_ws/install/interbotix_perception_msgs/local/lib/python3.10/dist-packages:${PYTHONPATH} /usr/bin/cmake --build /home/wellyowo/locobot_sim/locobot_ws/build/interbotix_perception_pipelines -- -j16 -l16
[12.373s] [ 50%] [32mBuilding CXX object CMakeFiles/pointcloud_pipeline.dir/src/pointcloud_pipeline.cpp.o[0m
[56.227s] [100%] [32m[1mLinking CXX executable pointcloud_pipeline[0m
[59.460s] [100%] Built target pointcloud_pipeline
[59.479s] Invoked command in '/home/wellyowo/locobot_sim/locobot_ws/build/interbotix_perception_pipelines' returned '0': AMENT_PREFIX_PATH=/home/wellyowo/locobot_sim/locobot_ws/install/interbotix_perception_msgs:${AMENT_PREFIX_PATH} CMAKE_PREFIX_PATH=/home/wellyowo/locobot_sim/locobot_ws/install/interbotix_perception_msgs:/opt/ros/humble LD_LIBRARY_PATH=/home/wellyowo/locobot_sim/locobot_ws/install/interbotix_perception_msgs/lib:${LD_LIBRARY_PATH} PYTHONPATH=/home/wellyowo/locobot_sim/locobot_ws/install/interbotix_perception_msgs/local/lib/python3.10/dist-packages:${PYTHONPATH} /usr/bin/cmake --build /home/wellyowo/locobot_sim/locobot_ws/build/interbotix_perception_pipelines -- -j16 -l16
[59.482s] Invoking command in '/home/wellyowo/locobot_sim/locobot_ws/build/interbotix_perception_pipelines': AMENT_PREFIX_PATH=/home/wellyowo/locobot_sim/locobot_ws/install/interbotix_perception_msgs:${AMENT_PREFIX_PATH} CMAKE_PREFIX_PATH=/home/wellyowo/locobot_sim/locobot_ws/install/interbotix_perception_msgs:/opt/ros/humble LD_LIBRARY_PATH=/home/wellyowo/locobot_sim/locobot_ws/install/interbotix_perception_msgs/lib:${LD_LIBRARY_PATH} PYTHONPATH=/home/wellyowo/locobot_sim/locobot_ws/install/interbotix_perception_msgs/local/lib/python3.10/dist-packages:${PYTHONPATH} /usr/bin/cmake --install /home/wellyowo/locobot_sim/locobot_ws/build/interbotix_perception_pipelines
[59.493s] -- Install configuration: ""
[59.493s] -- Execute custom install script
[59.494s] -- Symlinking: /home/wellyowo/locobot_sim/locobot_ws/install/interbotix_perception_pipelines/lib/interbotix_perception_pipelines/pointcloud_pipeline
[59.507s] -- Symlinking: /home/wellyowo/locobot_sim/locobot_ws/install/interbotix_perception_pipelines/share/ament_index/resource_index/package_run_dependencies/interbotix_perception_pipelines
[59.521s] -- Symlinking: /home/wellyowo/locobot_sim/locobot_ws/install/interbotix_perception_pipelines/share/ament_index/resource_index/parent_prefix_path/interbotix_perception_pipelines
[59.534s] -- Symlinking: /home/wellyowo/locobot_sim/locobot_ws/install/interbotix_perception_pipelines/share/interbotix_perception_pipelines/environment/ament_prefix_path.sh
[59.548s] -- Symlinking: /home/wellyowo/locobot_sim/locobot_ws/install/interbotix_perception_pipelines/share/interbotix_perception_pipelines/environment/ament_prefix_path.dsv
[59.560s] -- Symlinking: /home/wellyowo/locobot_sim/locobot_ws/install/interbotix_perception_pipelines/share/interbotix_perception_pipelines/environment/path.sh
[59.573s] -- Symlinking: /home/wellyowo/locobot_sim/locobot_ws/install/interbotix_perception_pipelines/share/interbotix_perception_pipelines/environment/path.dsv
[59.586s] -- Symlinking: /home/wellyowo/locobot_sim/locobot_ws/install/interbotix_perception_pipelines/share/interbotix_perception_pipelines/local_setup.bash
[59.598s] -- Symlinking: /home/wellyowo/locobot_sim/locobot_ws/install/interbotix_perception_pipelines/share/interbotix_perception_pipelines/local_setup.sh
[59.612s] -- Symlinking: /home/wellyowo/locobot_sim/locobot_ws/install/interbotix_perception_pipelines/share/interbotix_perception_pipelines/local_setup.zsh
[59.626s] -- Symlinking: /home/wellyowo/locobot_sim/locobot_ws/install/interbotix_perception_pipelines/share/interbotix_perception_pipelines/local_setup.dsv
[59.639s] -- Symlinking: /home/wellyowo/locobot_sim/locobot_ws/install/interbotix_perception_pipelines/share/interbotix_perception_pipelines/package.dsv
[59.652s] -- Symlinking: /home/wellyowo/locobot_sim/locobot_ws/install/interbotix_perception_pipelines/share/ament_index/resource_index/packages/interbotix_perception_pipelines
[59.665s] -- Symlinking: /home/wellyowo/locobot_sim/locobot_ws/install/interbotix_perception_pipelines/share/interbotix_perception_pipelines/cmake/interbotix_perception_pipelinesConfig.cmake
[59.679s] -- Symlinking: /home/wellyowo/locobot_sim/locobot_ws/install/interbotix_perception_pipelines/share/interbotix_perception_pipelines/cmake/interbotix_perception_pipelinesConfig-version.cmake
[59.693s] -- Symlinking: /home/wellyowo/locobot_sim/locobot_ws/install/interbotix_perception_pipelines/share/interbotix_perception_pipelines/package.xml
[59.710s] Invoked command in '/home/wellyowo/locobot_sim/locobot_ws/build/interbotix_perception_pipelines' returned '0': AMENT_PREFIX_PATH=/home/wellyowo/locobot_sim/locobot_ws/install/interbotix_perception_msgs:${AMENT_PREFIX_PATH} CMAKE_PREFIX_PATH=/home/wellyowo/locobot_sim/locobot_ws/install/interbotix_perception_msgs:/opt/ros/humble LD_LIBRARY_PATH=/home/wellyowo/locobot_sim/locobot_ws/install/interbotix_perception_msgs/lib:${LD_LIBRARY_PATH} PYTHONPATH=/home/wellyowo/locobot_sim/locobot_ws/install/interbotix_perception_msgs/local/lib/python3.10/dist-packages:${PYTHONPATH} /usr/bin/cmake --install /home/wellyowo/locobot_sim/locobot_ws/build/interbotix_perception_pipelines
