-- The C compiler identification is GNU 11.4.0
-- The CXX compiler identification is GNU 11.4.0
-- Detecting C compiler ABI info
-- Detecting C compiler ABI info - done
-- Check for working C compiler: /usr/bin/cc - skipped
-- Detecting C compile features
-- Detecting C compile features - done
-- Detecting CXX compiler ABI info
-- Detecting CXX compiler ABI info - done
-- Check for working CXX compiler: /usr/bin/c++ - skipped
-- Detecting CXX compile features
-- Detecting CXX compile features - done
-- Found ament_cmake: 1.3.11 (/opt/ros/humble/share/ament_cmake/cmake)
-- Found Python3: /usr/bin/python3 (found version "3.10.12") found components: Interpreter 
-- Override CMake install command with custom implementation using symlinks instead of copying resources
-- Found hardware_interface: 2.51.0 (/opt/ros/humble/share/hardware_interface/cmake)
-- Found rosidl_generator_c: 3.1.6 (/opt/ros/humble/share/rosidl_generator_c/cmake)
-- Found rosidl_adapter: 3.1.6 (/opt/ros/humble/share/rosidl_adapter/cmake)
-- Found rosidl_generator_cpp: 3.1.6 (/opt/ros/humble/share/rosidl_generator_cpp/cmake)
-- Using all available rosidl_typesupport_c: rosidl_typesupport_fastrtps_c;rosidl_typesupport_introspection_c
-- Using all available rosidl_typesupport_cpp: rosidl_typesupport_fastrtps_cpp;rosidl_typesupport_introspection_cpp
-- Found rmw_implementation_cmake: 6.1.2 (/opt/ros/humble/share/rmw_implementation_cmake/cmake)
-- Found rmw_fastrtps_cpp: 6.2.7 (/opt/ros/humble/share/rmw_fastrtps_cpp/cmake)
-- Found TinyXML2 via Config file: TinyXML2_DIR-NOTFOUND
-- Found OpenSSL: /usr/lib/x86_64-linux-gnu/libcrypto.so (found version "3.0.2")  
-- Found TinyXML2 via Config file: TinyXML2_DIR-NOTFOUND
-- Found FastRTPS: /opt/ros/humble/include  
-- Found TinyXML2 via Config file: TinyXML2_DIR-NOTFOUND
-- Found TinyXML2 via Config file: TinyXML2_DIR-NOTFOUND
-- Using RMW implementation 'rmw_fastrtps_cpp' as default
-- Looking for pthread.h
-- Looking for pthread.h - found
-- Performing Test CMAKE_HAVE_LIBC_PTHREAD
-- Performing Test CMAKE_HAVE_LIBC_PTHREAD - Success
-- Found Threads: TRUE  
-- Found interbotix_xs_msgs: 0.0.0 (/home/wellyowo/locobot_sim/locobot_ws/install/interbotix_xs_msgs/share/interbotix_xs_msgs/cmake)
-- Configuring done
-- Generating done
-- Build files have been written to: /home/wellyowo/locobot_sim/locobot_ws/build/interbotix_xs_ros_control
[ 50%] [32mBuilding CXX object CMakeFiles/interbotix_xs_ros_control.dir/src/xs_hardware_interface.cpp.o[0m
[100%] [32m[1mLinking CXX shared library libinterbotix_xs_ros_control.so[0m
[100%] Built target interbotix_xs_ros_control
-- Install configuration: ""
-- Execute custom install script
-- Symlinking: /home/wellyowo/locobot_sim/locobot_ws/install/interbotix_xs_ros_control/share/interbotix_xs_ros_control//interbotix_xs_ros_control.xml
-- Symlinking: /home/wellyowo/locobot_sim/locobot_ws/install/interbotix_xs_ros_control/include/interbotix_xs_ros_control/xs_hardware_interface.hpp
-- Symlinking: /home/wellyowo/locobot_sim/locobot_ws/install/interbotix_xs_ros_control/share/interbotix_xs_ros_control/environment/library_path.sh
-- Symlinking: /home/wellyowo/locobot_sim/locobot_ws/install/interbotix_xs_ros_control/share/interbotix_xs_ros_control/environment/library_path.dsv
-- Symlinking: /home/wellyowo/locobot_sim/locobot_ws/install/interbotix_xs_ros_control/share/ament_index/resource_index/package_run_dependencies/interbotix_xs_ros_control
-- Symlinking: /home/wellyowo/locobot_sim/locobot_ws/install/interbotix_xs_ros_control/share/ament_index/resource_index/parent_prefix_path/interbotix_xs_ros_control
-- Symlinking: /home/wellyowo/locobot_sim/locobot_ws/install/interbotix_xs_ros_control/share/interbotix_xs_ros_control/environment/ament_prefix_path.sh
-- Symlinking: /home/wellyowo/locobot_sim/locobot_ws/install/interbotix_xs_ros_control/share/interbotix_xs_ros_control/environment/ament_prefix_path.dsv
-- Symlinking: /home/wellyowo/locobot_sim/locobot_ws/install/interbotix_xs_ros_control/share/interbotix_xs_ros_control/environment/path.sh
-- Symlinking: /home/wellyowo/locobot_sim/locobot_ws/install/interbotix_xs_ros_control/share/interbotix_xs_ros_control/environment/path.dsv
-- Symlinking: /home/wellyowo/locobot_sim/locobot_ws/install/interbotix_xs_ros_control/share/interbotix_xs_ros_control/local_setup.bash
-- Symlinking: /home/wellyowo/locobot_sim/locobot_ws/install/interbotix_xs_ros_control/share/interbotix_xs_ros_control/local_setup.sh
-- Symlinking: /home/wellyowo/locobot_sim/locobot_ws/install/interbotix_xs_ros_control/share/interbotix_xs_ros_control/local_setup.zsh
-- Symlinking: /home/wellyowo/locobot_sim/locobot_ws/install/interbotix_xs_ros_control/share/interbotix_xs_ros_control/local_setup.dsv
-- Symlinking: /home/wellyowo/locobot_sim/locobot_ws/install/interbotix_xs_ros_control/share/interbotix_xs_ros_control/package.dsv
-- Symlinking: /home/wellyowo/locobot_sim/locobot_ws/install/interbotix_xs_ros_control/share/ament_index/resource_index/packages/interbotix_xs_ros_control
-- Symlinking: /home/wellyowo/locobot_sim/locobot_ws/install/interbotix_xs_ros_control/share/ament_index/resource_index/hardware_interface__pluginlib__plugin/interbotix_xs_ros_control
-- Symlinking: /home/wellyowo/locobot_sim/locobot_ws/install/interbotix_xs_ros_control/share/interbotix_xs_ros_control/cmake/ament_cmake_export_include_directories-extras.cmake
-- Symlinking: /home/wellyowo/locobot_sim/locobot_ws/install/interbotix_xs_ros_control/share/interbotix_xs_ros_control/cmake/ament_cmake_export_libraries-extras.cmake
-- Symlinking: /home/wellyowo/locobot_sim/locobot_ws/install/interbotix_xs_ros_control/share/interbotix_xs_ros_control/cmake/ament_cmake_export_targets-extras.cmake
-- Symlinking: /home/wellyowo/locobot_sim/locobot_ws/install/interbotix_xs_ros_control/share/interbotix_xs_ros_control/cmake/ament_cmake_export_dependencies-extras.cmake
-- Symlinking: /home/wellyowo/locobot_sim/locobot_ws/install/interbotix_xs_ros_control/share/interbotix_xs_ros_control/cmake/interbotix_xs_ros_controlConfig.cmake
-- Symlinking: /home/wellyowo/locobot_sim/locobot_ws/install/interbotix_xs_ros_control/share/interbotix_xs_ros_control/cmake/interbotix_xs_ros_controlConfig-version.cmake
-- Symlinking: /home/wellyowo/locobot_sim/locobot_ws/install/interbotix_xs_ros_control/share/interbotix_xs_ros_control/package.xml
-- Installing: /home/wellyowo/locobot_sim/locobot_ws/install/interbotix_xs_ros_control/lib/libinterbotix_xs_ros_control.so
-- Set runtime path of "/home/wellyowo/locobot_sim/locobot_ws/install/interbotix_xs_ros_control/lib/libinterbotix_xs_ros_control.so" to ""
-- Installing: /home/wellyowo/locobot_sim/locobot_ws/install/interbotix_xs_ros_control/share/interbotix_xs_ros_control/cmake/export_interbotix_xs_ros_controlExport.cmake
-- Installing: /home/wellyowo/locobot_sim/locobot_ws/install/interbotix_xs_ros_control/share/interbotix_xs_ros_control/cmake/export_interbotix_xs_ros_controlExport-noconfig.cmake
