[0.011s] Invoking command in '/home/wellyowo/locobot_sim/locobot_ws/build/interbotix_xs_ros_control': AMENT_PREFIX_PATH=/home/wellyowo/locobot_sim/locobot_ws/install/interbotix_xs_msgs:${AMENT_PREFIX_PATH} CMAKE_PREFIX_PATH=/home/wellyowo/locobot_sim/locobot_ws/install/interbotix_xs_msgs:/opt/ros/humble LD_LIBRARY_PATH=/home/wellyowo/locobot_sim/locobot_ws/install/interbotix_xs_msgs/lib:${LD_LIBRARY_PATH} PYTHONPATH=/home/wellyowo/locobot_sim/locobot_ws/install/interbotix_xs_msgs/local/lib/python3.10/dist-packages:${PYTHONPATH} /usr/bin/cmake /home/wellyowo/locobot_sim/locobot_ws/src/interbotix_ros_toolboxes/interbotix_xs_toolbox/interbotix_xs_ros_control -DBUILD_TESTING=OFF -DCMAKE_PREFIX_PATH= -DAMENT_CMAKE_SYMLINK_INSTALL=1 -DCMAKE_INSTALL_PREFIX=/home/wellyowo/locobot_sim/locobot_ws/install/interbotix_xs_ros_control
[0.068s] -- The C compiler identification is GNU 11.4.0
[0.133s] -- The CXX compiler identification is GNU 11.4.0
[0.140s] -- Detecting C compiler ABI info
[0.216s] -- Detecting C compiler ABI info - done
[0.224s] -- Check for working C compiler: /usr/bin/cc - skipped
[0.224s] -- Detecting C compile features
[0.224s] -- Detecting C compile features - done
[0.228s] -- Detecting CXX compiler ABI info
[0.310s] -- Detecting CXX compiler ABI info - done
[0.322s] -- Check for working CXX compiler: /usr/bin/c++ - skipped
[0.322s] -- Detecting CXX compile features
[0.322s] -- Detecting CXX compile features - done
[0.326s] -- Found ament_cmake: 1.3.11 (/opt/ros/humble/share/ament_cmake/cmake)
[0.460s] -- Found Python3: /usr/bin/python3 (found version "3.10.12") found components: Interpreter 
[0.552s] -- Override CMake install command with custom implementation using symlinks instead of copying resources
[0.588s] -- Found hardware_interface: 2.51.0 (/opt/ros/humble/share/hardware_interface/cmake)
[0.629s] -- Found rosidl_generator_c: 3.1.6 (/opt/ros/humble/share/rosidl_generator_c/cmake)
[0.635s] -- Found rosidl_adapter: 3.1.6 (/opt/ros/humble/share/rosidl_adapter/cmake)
[0.643s] -- Found rosidl_generator_cpp: 3.1.6 (/opt/ros/humble/share/rosidl_generator_cpp/cmake)
[0.654s] -- Using all available rosidl_typesupport_c: rosidl_typesupport_fastrtps_c;rosidl_typesupport_introspection_c
[0.670s] -- Using all available rosidl_typesupport_cpp: rosidl_typesupport_fastrtps_cpp;rosidl_typesupport_introspection_cpp
[0.898s] -- Found rmw_implementation_cmake: 6.1.2 (/opt/ros/humble/share/rmw_implementation_cmake/cmake)
[0.901s] -- Found rmw_fastrtps_cpp: 6.2.7 (/opt/ros/humble/share/rmw_fastrtps_cpp/cmake)
[0.935s] -- Found TinyXML2 via Config file: TinyXML2_DIR-NOTFOUND
[0.982s] -- Found OpenSSL: /usr/lib/x86_64-linux-gnu/libcrypto.so (found version "3.0.2")  
[0.986s] -- Found TinyXML2 via Config file: TinyXML2_DIR-NOTFOUND
[1.005s] -- Found FastRTPS: /opt/ros/humble/include  
[1.009s] -- Found TinyXML2 via Config file: TinyXML2_DIR-NOTFOUND
[1.020s] -- Found TinyXML2 via Config file: TinyXML2_DIR-NOTFOUND
[1.033s] -- Using RMW implementation 'rmw_fastrtps_cpp' as default
[1.045s] -- Looking for pthread.h
[1.137s] -- Looking for pthread.h - found
[1.137s] -- Performing Test CMAKE_HAVE_LIBC_PTHREAD
[1.208s] -- Performing Test CMAKE_HAVE_LIBC_PTHREAD - Success
[1.209s] -- Found Threads: TRUE  
[1.249s] -- Found interbotix_xs_msgs: 0.0.0 (/home/wellyowo/locobot_sim/locobot_ws/install/interbotix_xs_msgs/share/interbotix_xs_msgs/cmake)
[1.360s] -- Configuring done
[1.383s] -- Generating done
[1.388s] -- Build files have been written to: /home/wellyowo/locobot_sim/locobot_ws/build/interbotix_xs_ros_control
[1.403s] Invoked command in '/home/wellyowo/locobot_sim/locobot_ws/build/interbotix_xs_ros_control' returned '0': AMENT_PREFIX_PATH=/home/wellyowo/locobot_sim/locobot_ws/install/interbotix_xs_msgs:${AMENT_PREFIX_PATH} CMAKE_PREFIX_PATH=/home/wellyowo/locobot_sim/locobot_ws/install/interbotix_xs_msgs:/opt/ros/humble LD_LIBRARY_PATH=/home/wellyowo/locobot_sim/locobot_ws/install/interbotix_xs_msgs/lib:${LD_LIBRARY_PATH} PYTHONPATH=/home/wellyowo/locobot_sim/locobot_ws/install/interbotix_xs_msgs/local/lib/python3.10/dist-packages:${PYTHONPATH} /usr/bin/cmake /home/wellyowo/locobot_sim/locobot_ws/src/interbotix_ros_toolboxes/interbotix_xs_toolbox/interbotix_xs_ros_control -DBUILD_TESTING=OFF -DCMAKE_PREFIX_PATH= -DAMENT_CMAKE_SYMLINK_INSTALL=1 -DCMAKE_INSTALL_PREFIX=/home/wellyowo/locobot_sim/locobot_ws/install/interbotix_xs_ros_control
[1.405s] Invoking command in '/home/wellyowo/locobot_sim/locobot_ws/build/interbotix_xs_ros_control': AMENT_PREFIX_PATH=/home/wellyowo/locobot_sim/locobot_ws/install/interbotix_xs_msgs:${AMENT_PREFIX_PATH} CMAKE_PREFIX_PATH=/home/wellyowo/locobot_sim/locobot_ws/install/interbotix_xs_msgs:/opt/ros/humble LD_LIBRARY_PATH=/home/wellyowo/locobot_sim/locobot_ws/install/interbotix_xs_msgs/lib:${LD_LIBRARY_PATH} PYTHONPATH=/home/wellyowo/locobot_sim/locobot_ws/install/interbotix_xs_msgs/local/lib/python3.10/dist-packages:${PYTHONPATH} /usr/bin/cmake --build /home/wellyowo/locobot_sim/locobot_ws/build/interbotix_xs_ros_control -- -j16 -l16
[1.468s] [ 50%] [32mBuilding CXX object CMakeFiles/interbotix_xs_ros_control.dir/src/xs_hardware_interface.cpp.o[0m
[13.790s] [100%] [32m[1mLinking CXX shared library libinterbotix_xs_ros_control.so[0m
[14.394s] [100%] Built target interbotix_xs_ros_control
[14.406s] Invoked command in '/home/wellyowo/locobot_sim/locobot_ws/build/interbotix_xs_ros_control' returned '0': AMENT_PREFIX_PATH=/home/wellyowo/locobot_sim/locobot_ws/install/interbotix_xs_msgs:${AMENT_PREFIX_PATH} CMAKE_PREFIX_PATH=/home/wellyowo/locobot_sim/locobot_ws/install/interbotix_xs_msgs:/opt/ros/humble LD_LIBRARY_PATH=/home/wellyowo/locobot_sim/locobot_ws/install/interbotix_xs_msgs/lib:${LD_LIBRARY_PATH} PYTHONPATH=/home/wellyowo/locobot_sim/locobot_ws/install/interbotix_xs_msgs/local/lib/python3.10/dist-packages:${PYTHONPATH} /usr/bin/cmake --build /home/wellyowo/locobot_sim/locobot_ws/build/interbotix_xs_ros_control -- -j16 -l16
[14.407s] Invoking command in '/home/wellyowo/locobot_sim/locobot_ws/build/interbotix_xs_ros_control': AMENT_PREFIX_PATH=/home/wellyowo/locobot_sim/locobot_ws/install/interbotix_xs_msgs:${AMENT_PREFIX_PATH} CMAKE_PREFIX_PATH=/home/wellyowo/locobot_sim/locobot_ws/install/interbotix_xs_msgs:/opt/ros/humble LD_LIBRARY_PATH=/home/wellyowo/locobot_sim/locobot_ws/install/interbotix_xs_msgs/lib:${LD_LIBRARY_PATH} PYTHONPATH=/home/wellyowo/locobot_sim/locobot_ws/install/interbotix_xs_msgs/local/lib/python3.10/dist-packages:${PYTHONPATH} /usr/bin/cmake --install /home/wellyowo/locobot_sim/locobot_ws/build/interbotix_xs_ros_control
[14.415s] -- Install configuration: ""
[14.416s] -- Execute custom install script
[14.416s] -- Symlinking: /home/wellyowo/locobot_sim/locobot_ws/install/interbotix_xs_ros_control/share/interbotix_xs_ros_control//interbotix_xs_ros_control.xml
[14.427s] -- Symlinking: /home/wellyowo/locobot_sim/locobot_ws/install/interbotix_xs_ros_control/include/interbotix_xs_ros_control/xs_hardware_interface.hpp
[14.439s] -- Symlinking: /home/wellyowo/locobot_sim/locobot_ws/install/interbotix_xs_ros_control/share/interbotix_xs_ros_control/environment/library_path.sh
[14.449s] -- Symlinking: /home/wellyowo/locobot_sim/locobot_ws/install/interbotix_xs_ros_control/share/interbotix_xs_ros_control/environment/library_path.dsv
[14.459s] -- Symlinking: /home/wellyowo/locobot_sim/locobot_ws/install/interbotix_xs_ros_control/share/ament_index/resource_index/package_run_dependencies/interbotix_xs_ros_control
[14.467s] -- Symlinking: /home/wellyowo/locobot_sim/locobot_ws/install/interbotix_xs_ros_control/share/ament_index/resource_index/parent_prefix_path/interbotix_xs_ros_control
[14.475s] -- Symlinking: /home/wellyowo/locobot_sim/locobot_ws/install/interbotix_xs_ros_control/share/interbotix_xs_ros_control/environment/ament_prefix_path.sh
[14.484s] -- Symlinking: /home/wellyowo/locobot_sim/locobot_ws/install/interbotix_xs_ros_control/share/interbotix_xs_ros_control/environment/ament_prefix_path.dsv
[14.493s] -- Symlinking: /home/wellyowo/locobot_sim/locobot_ws/install/interbotix_xs_ros_control/share/interbotix_xs_ros_control/environment/path.sh
[14.501s] -- Symlinking: /home/wellyowo/locobot_sim/locobot_ws/install/interbotix_xs_ros_control/share/interbotix_xs_ros_control/environment/path.dsv
[14.510s] -- Symlinking: /home/wellyowo/locobot_sim/locobot_ws/install/interbotix_xs_ros_control/share/interbotix_xs_ros_control/local_setup.bash
[14.519s] -- Symlinking: /home/wellyowo/locobot_sim/locobot_ws/install/interbotix_xs_ros_control/share/interbotix_xs_ros_control/local_setup.sh
[14.527s] -- Symlinking: /home/wellyowo/locobot_sim/locobot_ws/install/interbotix_xs_ros_control/share/interbotix_xs_ros_control/local_setup.zsh
[14.535s] -- Symlinking: /home/wellyowo/locobot_sim/locobot_ws/install/interbotix_xs_ros_control/share/interbotix_xs_ros_control/local_setup.dsv
[14.543s] -- Symlinking: /home/wellyowo/locobot_sim/locobot_ws/install/interbotix_xs_ros_control/share/interbotix_xs_ros_control/package.dsv
[14.550s] -- Symlinking: /home/wellyowo/locobot_sim/locobot_ws/install/interbotix_xs_ros_control/share/ament_index/resource_index/packages/interbotix_xs_ros_control
[14.557s] -- Symlinking: /home/wellyowo/locobot_sim/locobot_ws/install/interbotix_xs_ros_control/share/ament_index/resource_index/hardware_interface__pluginlib__plugin/interbotix_xs_ros_control
[14.564s] -- Symlinking: /home/wellyowo/locobot_sim/locobot_ws/install/interbotix_xs_ros_control/share/interbotix_xs_ros_control/cmake/ament_cmake_export_include_directories-extras.cmake
[14.571s] -- Symlinking: /home/wellyowo/locobot_sim/locobot_ws/install/interbotix_xs_ros_control/share/interbotix_xs_ros_control/cmake/ament_cmake_export_libraries-extras.cmake
[14.578s] -- Symlinking: /home/wellyowo/locobot_sim/locobot_ws/install/interbotix_xs_ros_control/share/interbotix_xs_ros_control/cmake/ament_cmake_export_targets-extras.cmake
[14.586s] -- Symlinking: /home/wellyowo/locobot_sim/locobot_ws/install/interbotix_xs_ros_control/share/interbotix_xs_ros_control/cmake/ament_cmake_export_dependencies-extras.cmake
[14.594s] -- Symlinking: /home/wellyowo/locobot_sim/locobot_ws/install/interbotix_xs_ros_control/share/interbotix_xs_ros_control/cmake/interbotix_xs_ros_controlConfig.cmake
[14.601s] -- Symlinking: /home/wellyowo/locobot_sim/locobot_ws/install/interbotix_xs_ros_control/share/interbotix_xs_ros_control/cmake/interbotix_xs_ros_controlConfig-version.cmake
[14.609s] -- Symlinking: /home/wellyowo/locobot_sim/locobot_ws/install/interbotix_xs_ros_control/share/interbotix_xs_ros_control/package.xml
[14.616s] -- Installing: /home/wellyowo/locobot_sim/locobot_ws/install/interbotix_xs_ros_control/lib/libinterbotix_xs_ros_control.so
[14.625s] -- Set runtime path of "/home/wellyowo/locobot_sim/locobot_ws/install/interbotix_xs_ros_control/lib/libinterbotix_xs_ros_control.so" to ""
[14.626s] -- Installing: /home/wellyowo/locobot_sim/locobot_ws/install/interbotix_xs_ros_control/share/interbotix_xs_ros_control/cmake/export_interbotix_xs_ros_controlExport.cmake
[14.626s] -- Installing: /home/wellyowo/locobot_sim/locobot_ws/install/interbotix_xs_ros_control/share/interbotix_xs_ros_control/cmake/export_interbotix_xs_ros_controlExport-noconfig.cmake
[14.629s] Invoked command in '/home/wellyowo/locobot_sim/locobot_ws/build/interbotix_xs_ros_control' returned '0': AMENT_PREFIX_PATH=/home/wellyowo/locobot_sim/locobot_ws/install/interbotix_xs_msgs:${AMENT_PREFIX_PATH} CMAKE_PREFIX_PATH=/home/wellyowo/locobot_sim/locobot_ws/install/interbotix_xs_msgs:/opt/ros/humble LD_LIBRARY_PATH=/home/wellyowo/locobot_sim/locobot_ws/install/interbotix_xs_msgs/lib:${LD_LIBRARY_PATH} PYTHONPATH=/home/wellyowo/locobot_sim/locobot_ws/install/interbotix_xs_msgs/local/lib/python3.10/dist-packages:${PYTHONPATH} /usr/bin/cmake --install /home/wellyowo/locobot_sim/locobot_ws/build/interbotix_xs_ros_control
