[0.113s] Invoking command in '/home/wellyowo/locobot_sim/locobot_ws/build/ecl_containers': AMENT_PREFIX_PATH=/home/wellyowo/locobot_sim/locobot_ws/install/ecl_formatters:/home/wellyowo/locobot_sim/locobot_ws/install/ecl_utilities:/home/wellyowo/locobot_sim/locobot_ws/install/ecl_converters:/home/wellyowo/locobot_sim/locobot_ws/install/ecl_exceptions:/home/wellyowo/locobot_sim/locobot_ws/install/ecl_concepts:/home/wellyowo/locobot_sim/locobot_ws/install/ecl_type_traits:/home/wellyowo/locobot_sim/locobot_ws/install/ecl_errors:/home/wellyowo/locobot_sim/locobot_ws/install/ecl_mpl:/home/wellyowo/locobot_sim/locobot_ws/install/ecl_config:${AMENT_PREFIX_PATH} CMAKE_PREFIX_PATH=/home/wellyowo/locobot_sim/locobot_ws/install/ecl_formatters:/home/wellyowo/locobot_sim/locobot_ws/install/ecl_utilities:/home/wellyowo/locobot_sim/locobot_ws/install/ecl_converters:/home/wellyowo/locobot_sim/locobot_ws/install/ecl_exceptions:/home/wellyowo/locobot_sim/locobot_ws/install/ecl_concepts:/home/wellyowo/locobot_sim/locobot_ws/install/ecl_type_traits:/home/wellyowo/locobot_sim/locobot_ws/install/ecl_errors:/home/wellyowo/locobot_sim/locobot_ws/install/ecl_mpl:/home/wellyowo/locobot_sim/locobot_ws/install/ecl_config:/opt/ros/humble LD_LIBRARY_PATH=/home/wellyowo/locobot_sim/locobot_ws/install/ecl_formatters/lib:/home/wellyowo/locobot_sim/locobot_ws/install/ecl_exceptions/lib:/home/wellyowo/locobot_sim/locobot_ws/install/ecl_type_traits/lib:/home/wellyowo/locobot_sim/locobot_ws/install/ecl_errors/lib:/opt/ros/humble/opt/rviz_ogre_vendor/lib:/opt/ros/humble/lib/x86_64-linux-gnu:/opt/ros/humble/lib:/usr/local/nvidia/lib:/usr/local/nvidia/lib64:/usr/lib/x86_64-linux-gnu/gazebo-11/plugins PATH=/home/wellyowo/locobot_sim/locobot_ws/install/ecl_type_traits/bin:/home/wellyowo/locobot_sim/locobot_ws/install/ecl_config/bin:${PATH} /usr/bin/cmake /home/wellyowo/locobot_sim/locobot_ws/src/ThirdParty/ecl/ecl_core/ecl_containers -DBUILD_TESTING=OFF -DCMAKE_PREFIX_PATH= -DAMENT_CMAKE_SYMLINK_INSTALL=1 -DCMAKE_INSTALL_PREFIX=/home/wellyowo/locobot_sim/locobot_ws/install/ecl_containers
[0.382s] -- The C compiler identification is GNU 11.4.0
[0.687s] -- The CXX compiler identification is GNU 11.4.0
[0.721s] -- Detecting C compiler ABI info
[1.116s] -- Detecting C compiler ABI info - done
[1.167s] -- Check for working C compiler: /usr/bin/cc - skipped
[1.168s] -- Detecting C compile features
[1.168s] -- Detecting C compile features - done
[1.179s] -- Detecting CXX compiler ABI info
[1.489s] -- Detecting CXX compiler ABI info - done
[1.534s] -- Check for working CXX compiler: /usr/bin/c++ - skipped
[1.544s] -- Detecting CXX compile features
[1.544s] -- Detecting CXX compile features - done
[1.572s] -- Found ament_cmake_ros: 0.10.0 (/opt/ros/humble/share/ament_cmake_ros/cmake)
[2.173s] -- Found Python3: /usr/bin/python3 (found version "3.10.12") found components: Interpreter 
[2.382s] -- Override CMake install command with custom implementation using symlinks instead of copying resources
[2.551s] -- Found ecl_build: 1.0.3 (/opt/ros/humble/share/ecl_build/cmake)
[2.559s] -- Found ecl_config: 1.2.0 (/home/wellyowo/locobot_sim/locobot_ws/install/ecl_config/share/ecl_config/cmake)
[2.562s] -- Found ecl_converters: 1.2.1 (/home/wellyowo/locobot_sim/locobot_ws/install/ecl_converters/share/ecl_converters/cmake)
[2.595s] -- Found ecl_formatters: 1.2.1 (/home/wellyowo/locobot_sim/locobot_ws/install/ecl_formatters/share/ecl_formatters/cmake)
[2.611s] -- Found ecl_utilities: 1.2.1 (/home/wellyowo/locobot_sim/locobot_ws/install/ecl_utilities/share/ecl_utilities/cmake)
[2.864s] -- Configuring done
[2.880s] -- Generating done
[2.886s] -- Build files have been written to: /home/wellyowo/locobot_sim/locobot_ws/build/ecl_containers
[2.904s] Invoked command in '/home/wellyowo/locobot_sim/locobot_ws/build/ecl_containers' returned '0': AMENT_PREFIX_PATH=/home/wellyowo/locobot_sim/locobot_ws/install/ecl_formatters:/home/wellyowo/locobot_sim/locobot_ws/install/ecl_utilities:/home/wellyowo/locobot_sim/locobot_ws/install/ecl_converters:/home/wellyowo/locobot_sim/locobot_ws/install/ecl_exceptions:/home/wellyowo/locobot_sim/locobot_ws/install/ecl_concepts:/home/wellyowo/locobot_sim/locobot_ws/install/ecl_type_traits:/home/wellyowo/locobot_sim/locobot_ws/install/ecl_errors:/home/wellyowo/locobot_sim/locobot_ws/install/ecl_mpl:/home/wellyowo/locobot_sim/locobot_ws/install/ecl_config:${AMENT_PREFIX_PATH} CMAKE_PREFIX_PATH=/home/wellyowo/locobot_sim/locobot_ws/install/ecl_formatters:/home/wellyowo/locobot_sim/locobot_ws/install/ecl_utilities:/home/wellyowo/locobot_sim/locobot_ws/install/ecl_converters:/home/wellyowo/locobot_sim/locobot_ws/install/ecl_exceptions:/home/wellyowo/locobot_sim/locobot_ws/install/ecl_concepts:/home/wellyowo/locobot_sim/locobot_ws/install/ecl_type_traits:/home/wellyowo/locobot_sim/locobot_ws/install/ecl_errors:/home/wellyowo/locobot_sim/locobot_ws/install/ecl_mpl:/home/wellyowo/locobot_sim/locobot_ws/install/ecl_config:/opt/ros/humble LD_LIBRARY_PATH=/home/wellyowo/locobot_sim/locobot_ws/install/ecl_formatters/lib:/home/wellyowo/locobot_sim/locobot_ws/install/ecl_exceptions/lib:/home/wellyowo/locobot_sim/locobot_ws/install/ecl_type_traits/lib:/home/wellyowo/locobot_sim/locobot_ws/install/ecl_errors/lib:/opt/ros/humble/opt/rviz_ogre_vendor/lib:/opt/ros/humble/lib/x86_64-linux-gnu:/opt/ros/humble/lib:/usr/local/nvidia/lib:/usr/local/nvidia/lib64:/usr/lib/x86_64-linux-gnu/gazebo-11/plugins PATH=/home/wellyowo/locobot_sim/locobot_ws/install/ecl_type_traits/bin:/home/wellyowo/locobot_sim/locobot_ws/install/ecl_config/bin:${PATH} /usr/bin/cmake /home/wellyowo/locobot_sim/locobot_ws/src/ThirdParty/ecl/ecl_core/ecl_containers -DBUILD_TESTING=OFF -DCMAKE_PREFIX_PATH= -DAMENT_CMAKE_SYMLINK_INSTALL=1 -DCMAKE_INSTALL_PREFIX=/home/wellyowo/locobot_sim/locobot_ws/install/ecl_containers
[2.909s] Invoking command in '/home/wellyowo/locobot_sim/locobot_ws/build/ecl_containers': AMENT_PREFIX_PATH=/home/wellyowo/locobot_sim/locobot_ws/install/ecl_formatters:/home/wellyowo/locobot_sim/locobot_ws/install/ecl_utilities:/home/wellyowo/locobot_sim/locobot_ws/install/ecl_converters:/home/wellyowo/locobot_sim/locobot_ws/install/ecl_exceptions:/home/wellyowo/locobot_sim/locobot_ws/install/ecl_concepts:/home/wellyowo/locobot_sim/locobot_ws/install/ecl_type_traits:/home/wellyowo/locobot_sim/locobot_ws/install/ecl_errors:/home/wellyowo/locobot_sim/locobot_ws/install/ecl_mpl:/home/wellyowo/locobot_sim/locobot_ws/install/ecl_config:${AMENT_PREFIX_PATH} CMAKE_PREFIX_PATH=/home/wellyowo/locobot_sim/locobot_ws/install/ecl_formatters:/home/wellyowo/locobot_sim/locobot_ws/install/ecl_utilities:/home/wellyowo/locobot_sim/locobot_ws/install/ecl_converters:/home/wellyowo/locobot_sim/locobot_ws/install/ecl_exceptions:/home/wellyowo/locobot_sim/locobot_ws/install/ecl_concepts:/home/wellyowo/locobot_sim/locobot_ws/install/ecl_type_traits:/home/wellyowo/locobot_sim/locobot_ws/install/ecl_errors:/home/wellyowo/locobot_sim/locobot_ws/install/ecl_mpl:/home/wellyowo/locobot_sim/locobot_ws/install/ecl_config:/opt/ros/humble LD_LIBRARY_PATH=/home/wellyowo/locobot_sim/locobot_ws/install/ecl_formatters/lib:/home/wellyowo/locobot_sim/locobot_ws/install/ecl_exceptions/lib:/home/wellyowo/locobot_sim/locobot_ws/install/ecl_type_traits/lib:/home/wellyowo/locobot_sim/locobot_ws/install/ecl_errors/lib:/opt/ros/humble/opt/rviz_ogre_vendor/lib:/opt/ros/humble/lib/x86_64-linux-gnu:/opt/ros/humble/lib:/usr/local/nvidia/lib:/usr/local/nvidia/lib64:/usr/lib/x86_64-linux-gnu/gazebo-11/plugins PATH=/home/wellyowo/locobot_sim/locobot_ws/install/ecl_type_traits/bin:/home/wellyowo/locobot_sim/locobot_ws/install/ecl_config/bin:${PATH} /usr/bin/cmake --build /home/wellyowo/locobot_sim/locobot_ws/build/ecl_containers -- -j16 -l16
[3.063s] [ 50%] [32mBuilding CXX object src/examples/CMakeFiles/ecl_demo_formatters.dir/formatters.cpp.o[0m
[5.373s] [100%] [32m[1mLinking CXX executable demo_formatters[0m
[6.059s] [100%] Built target ecl_demo_formatters
[6.123s] Invoked command in '/home/wellyowo/locobot_sim/locobot_ws/build/ecl_containers' returned '0': AMENT_PREFIX_PATH=/home/wellyowo/locobot_sim/locobot_ws/install/ecl_formatters:/home/wellyowo/locobot_sim/locobot_ws/install/ecl_utilities:/home/wellyowo/locobot_sim/locobot_ws/install/ecl_converters:/home/wellyowo/locobot_sim/locobot_ws/install/ecl_exceptions:/home/wellyowo/locobot_sim/locobot_ws/install/ecl_concepts:/home/wellyowo/locobot_sim/locobot_ws/install/ecl_type_traits:/home/wellyowo/locobot_sim/locobot_ws/install/ecl_errors:/home/wellyowo/locobot_sim/locobot_ws/install/ecl_mpl:/home/wellyowo/locobot_sim/locobot_ws/install/ecl_config:${AMENT_PREFIX_PATH} CMAKE_PREFIX_PATH=/home/wellyowo/locobot_sim/locobot_ws/install/ecl_formatters:/home/wellyowo/locobot_sim/locobot_ws/install/ecl_utilities:/home/wellyowo/locobot_sim/locobot_ws/install/ecl_converters:/home/wellyowo/locobot_sim/locobot_ws/install/ecl_exceptions:/home/wellyowo/locobot_sim/locobot_ws/install/ecl_concepts:/home/wellyowo/locobot_sim/locobot_ws/install/ecl_type_traits:/home/wellyowo/locobot_sim/locobot_ws/install/ecl_errors:/home/wellyowo/locobot_sim/locobot_ws/install/ecl_mpl:/home/wellyowo/locobot_sim/locobot_ws/install/ecl_config:/opt/ros/humble LD_LIBRARY_PATH=/home/wellyowo/locobot_sim/locobot_ws/install/ecl_formatters/lib:/home/wellyowo/locobot_sim/locobot_ws/install/ecl_exceptions/lib:/home/wellyowo/locobot_sim/locobot_ws/install/ecl_type_traits/lib:/home/wellyowo/locobot_sim/locobot_ws/install/ecl_errors/lib:/opt/ros/humble/opt/rviz_ogre_vendor/lib:/opt/ros/humble/lib/x86_64-linux-gnu:/opt/ros/humble/lib:/usr/local/nvidia/lib:/usr/local/nvidia/lib64:/usr/lib/x86_64-linux-gnu/gazebo-11/plugins PATH=/home/wellyowo/locobot_sim/locobot_ws/install/ecl_type_traits/bin:/home/wellyowo/locobot_sim/locobot_ws/install/ecl_config/bin:${PATH} /usr/bin/cmake --build /home/wellyowo/locobot_sim/locobot_ws/build/ecl_containers -- -j16 -l16
[6.125s] Invoking command in '/home/wellyowo/locobot_sim/locobot_ws/build/ecl_containers': AMENT_PREFIX_PATH=/home/wellyowo/locobot_sim/locobot_ws/install/ecl_formatters:/home/wellyowo/locobot_sim/locobot_ws/install/ecl_utilities:/home/wellyowo/locobot_sim/locobot_ws/install/ecl_converters:/home/wellyowo/locobot_sim/locobot_ws/install/ecl_exceptions:/home/wellyowo/locobot_sim/locobot_ws/install/ecl_concepts:/home/wellyowo/locobot_sim/locobot_ws/install/ecl_type_traits:/home/wellyowo/locobot_sim/locobot_ws/install/ecl_errors:/home/wellyowo/locobot_sim/locobot_ws/install/ecl_mpl:/home/wellyowo/locobot_sim/locobot_ws/install/ecl_config:${AMENT_PREFIX_PATH} CMAKE_PREFIX_PATH=/home/wellyowo/locobot_sim/locobot_ws/install/ecl_formatters:/home/wellyowo/locobot_sim/locobot_ws/install/ecl_utilities:/home/wellyowo/locobot_sim/locobot_ws/install/ecl_converters:/home/wellyowo/locobot_sim/locobot_ws/install/ecl_exceptions:/home/wellyowo/locobot_sim/locobot_ws/install/ecl_concepts:/home/wellyowo/locobot_sim/locobot_ws/install/ecl_type_traits:/home/wellyowo/locobot_sim/locobot_ws/install/ecl_errors:/home/wellyowo/locobot_sim/locobot_ws/install/ecl_mpl:/home/wellyowo/locobot_sim/locobot_ws/install/ecl_config:/opt/ros/humble LD_LIBRARY_PATH=/home/wellyowo/locobot_sim/locobot_ws/install/ecl_formatters/lib:/home/wellyowo/locobot_sim/locobot_ws/install/ecl_exceptions/lib:/home/wellyowo/locobot_sim/locobot_ws/install/ecl_type_traits/lib:/home/wellyowo/locobot_sim/locobot_ws/install/ecl_errors/lib:/opt/ros/humble/opt/rviz_ogre_vendor/lib:/opt/ros/humble/lib/x86_64-linux-gnu:/opt/ros/humble/lib:/usr/local/nvidia/lib:/usr/local/nvidia/lib64:/usr/lib/x86_64-linux-gnu/gazebo-11/plugins PATH=/home/wellyowo/locobot_sim/locobot_ws/install/ecl_type_traits/bin:/home/wellyowo/locobot_sim/locobot_ws/install/ecl_config/bin:${PATH} /usr/bin/cmake --install /home/wellyowo/locobot_sim/locobot_ws/build/ecl_containers
[6.170s] -- Install configuration: ""
[6.170s] -- Execute custom install script
[6.170s] -- Symlinking: /home/wellyowo/locobot_sim/locobot_ws/install/ecl_containers/include/ecl/containers/common/formatters.hpp
[6.201s] -- Symlinking: /home/wellyowo/locobot_sim/locobot_ws/install/ecl_containers/include/ecl/containers/array/array_dynamic_mem_check.hpp
[6.224s] -- Symlinking: /home/wellyowo/locobot_sim/locobot_ws/install/ecl_containers/include/ecl/containers/array/array_dynamic_no_mem_check.hpp
[6.243s] -- Symlinking: /home/wellyowo/locobot_sim/locobot_ws/install/ecl_containers/include/ecl/containers/array/array_mem_check.hpp
[6.263s] -- Symlinking: /home/wellyowo/locobot_sim/locobot_ws/install/ecl_containers/include/ecl/containers/array/array_no_mem_check.hpp
[6.279s] -- Symlinking: /home/wellyowo/locobot_sim/locobot_ws/install/ecl_containers/include/ecl/containers/array/converters.hpp
[6.299s] -- Symlinking: /home/wellyowo/locobot_sim/locobot_ws/install/ecl_containers/include/ecl/containers/array/formatters.hpp
[6.320s] -- Symlinking: /home/wellyowo/locobot_sim/locobot_ws/install/ecl_containers/include/ecl/containers/push_and_pop/formatters.hpp
[6.339s] -- Symlinking: /home/wellyowo/locobot_sim/locobot_ws/install/ecl_containers/include/ecl/containers/push_and_pop/push_and_pop_dynamic.hpp
[6.363s] -- Symlinking: /home/wellyowo/locobot_sim/locobot_ws/install/ecl_containers/include/ecl/containers/push_and_pop/push_and_pop_fixed.hpp
[6.385s] -- Symlinking: /home/wellyowo/locobot_sim/locobot_ws/install/ecl_containers/include/ecl/containers/stencil/converters.hpp
[6.410s] -- Symlinking: /home/wellyowo/locobot_sim/locobot_ws/install/ecl_containers/include/ecl/containers/stencil/formatters.hpp
[6.435s] -- Symlinking: /home/wellyowo/locobot_sim/locobot_ws/install/ecl_containers/include/ecl/containers/stencil/specialisations.hpp
[6.461s] -- Symlinking: /home/wellyowo/locobot_sim/locobot_ws/install/ecl_containers/include/ecl/containers/stencil/stencil.hpp
[6.484s] -- Symlinking: /home/wellyowo/locobot_sim/locobot_ws/install/ecl_containers/include/ecl/containers/array.hpp
[6.504s] -- Symlinking: /home/wellyowo/locobot_sim/locobot_ws/install/ecl_containers/include/ecl/containers/converters.hpp
[6.530s] -- Symlinking: /home/wellyowo/locobot_sim/locobot_ws/install/ecl_containers/include/ecl/containers/definitions.hpp
[6.559s] -- Symlinking: /home/wellyowo/locobot_sim/locobot_ws/install/ecl_containers/include/ecl/containers/fifo.hpp
[6.590s] -- Symlinking: /home/wellyowo/locobot_sim/locobot_ws/install/ecl_containers/include/ecl/containers/initialiser.hpp
[6.614s] -- Symlinking: /home/wellyowo/locobot_sim/locobot_ws/install/ecl_containers/include/ecl/containers/push_and_pop.hpp
[6.629s] -- Symlinking: /home/wellyowo/locobot_sim/locobot_ws/install/ecl_containers/include/ecl/containers/stencil.hpp
[6.651s] -- Symlinking: /home/wellyowo/locobot_sim/locobot_ws/install/ecl_containers/include/ecl/containers.hpp
[6.674s] -- Symlinking: /home/wellyowo/locobot_sim/locobot_ws/install/ecl_containers/lib/ecl_containers/demo_formatters
[6.714s] -- Symlinking: /home/wellyowo/locobot_sim/locobot_ws/install/ecl_containers/share/ament_index/resource_index/package_run_dependencies/ecl_containers
[6.762s] -- Symlinking: /home/wellyowo/locobot_sim/locobot_ws/install/ecl_containers/share/ament_index/resource_index/parent_prefix_path/ecl_containers
[6.806s] -- Symlinking: /home/wellyowo/locobot_sim/locobot_ws/install/ecl_containers/share/ecl_containers/environment/ament_prefix_path.sh
[6.843s] -- Symlinking: /home/wellyowo/locobot_sim/locobot_ws/install/ecl_containers/share/ecl_containers/environment/ament_prefix_path.dsv
[6.884s] -- Symlinking: /home/wellyowo/locobot_sim/locobot_ws/install/ecl_containers/share/ecl_containers/environment/path.sh
[6.925s] -- Symlinking: /home/wellyowo/locobot_sim/locobot_ws/install/ecl_containers/share/ecl_containers/environment/path.dsv
[6.974s] -- Symlinking: /home/wellyowo/locobot_sim/locobot_ws/install/ecl_containers/share/ecl_containers/local_setup.bash
[7.006s] -- Symlinking: /home/wellyowo/locobot_sim/locobot_ws/install/ecl_containers/share/ecl_containers/local_setup.sh
[7.045s] -- Symlinking: /home/wellyowo/locobot_sim/locobot_ws/install/ecl_containers/share/ecl_containers/local_setup.zsh
[7.080s] -- Symlinking: /home/wellyowo/locobot_sim/locobot_ws/install/ecl_containers/share/ecl_containers/local_setup.dsv
[7.101s] -- Symlinking: /home/wellyowo/locobot_sim/locobot_ws/install/ecl_containers/share/ecl_containers/package.dsv
[7.122s] -- Symlinking: /home/wellyowo/locobot_sim/locobot_ws/install/ecl_containers/share/ament_index/resource_index/packages/ecl_containers
[7.142s] -- Symlinking: /home/wellyowo/locobot_sim/locobot_ws/install/ecl_containers/share/ecl_containers/cmake/ament_cmake_export_targets-extras.cmake
[7.186s] -- Symlinking: /home/wellyowo/locobot_sim/locobot_ws/install/ecl_containers/share/ecl_containers/cmake/ament_cmake_export_include_directories-extras.cmake
[7.228s] -- Symlinking: /home/wellyowo/locobot_sim/locobot_ws/install/ecl_containers/share/ecl_containers/cmake/ament_cmake_export_dependencies-extras.cmake
[7.264s] -- Symlinking: /home/wellyowo/locobot_sim/locobot_ws/install/ecl_containers/share/ecl_containers/cmake/ecl_containersConfig.cmake
[7.294s] -- Symlinking: /home/wellyowo/locobot_sim/locobot_ws/install/ecl_containers/share/ecl_containers/cmake/ecl_containersConfig-version.cmake
[7.331s] -- Symlinking: /home/wellyowo/locobot_sim/locobot_ws/install/ecl_containers/share/ecl_containers/package.xml
[7.378s] -- Installing: /home/wellyowo/locobot_sim/locobot_ws/install/ecl_containers/share/ecl_containers/cmake/ecl_containersExport.cmake
[7.404s] Invoked command in '/home/wellyowo/locobot_sim/locobot_ws/build/ecl_containers' returned '0': AMENT_PREFIX_PATH=/home/wellyowo/locobot_sim/locobot_ws/install/ecl_formatters:/home/wellyowo/locobot_sim/locobot_ws/install/ecl_utilities:/home/wellyowo/locobot_sim/locobot_ws/install/ecl_converters:/home/wellyowo/locobot_sim/locobot_ws/install/ecl_exceptions:/home/wellyowo/locobot_sim/locobot_ws/install/ecl_concepts:/home/wellyowo/locobot_sim/locobot_ws/install/ecl_type_traits:/home/wellyowo/locobot_sim/locobot_ws/install/ecl_errors:/home/wellyowo/locobot_sim/locobot_ws/install/ecl_mpl:/home/wellyowo/locobot_sim/locobot_ws/install/ecl_config:${AMENT_PREFIX_PATH} CMAKE_PREFIX_PATH=/home/wellyowo/locobot_sim/locobot_ws/install/ecl_formatters:/home/wellyowo/locobot_sim/locobot_ws/install/ecl_utilities:/home/wellyowo/locobot_sim/locobot_ws/install/ecl_converters:/home/wellyowo/locobot_sim/locobot_ws/install/ecl_exceptions:/home/wellyowo/locobot_sim/locobot_ws/install/ecl_concepts:/home/wellyowo/locobot_sim/locobot_ws/install/ecl_type_traits:/home/wellyowo/locobot_sim/locobot_ws/install/ecl_errors:/home/wellyowo/locobot_sim/locobot_ws/install/ecl_mpl:/home/wellyowo/locobot_sim/locobot_ws/install/ecl_config:/opt/ros/humble LD_LIBRARY_PATH=/home/wellyowo/locobot_sim/locobot_ws/install/ecl_formatters/lib:/home/wellyowo/locobot_sim/locobot_ws/install/ecl_exceptions/lib:/home/wellyowo/locobot_sim/locobot_ws/install/ecl_type_traits/lib:/home/wellyowo/locobot_sim/locobot_ws/install/ecl_errors/lib:/opt/ros/humble/opt/rviz_ogre_vendor/lib:/opt/ros/humble/lib/x86_64-linux-gnu:/opt/ros/humble/lib:/usr/local/nvidia/lib:/usr/local/nvidia/lib64:/usr/lib/x86_64-linux-gnu/gazebo-11/plugins PATH=/home/wellyowo/locobot_sim/locobot_ws/install/ecl_type_traits/bin:/home/wellyowo/locobot_sim/locobot_ws/install/ecl_config/bin:${PATH} /usr/bin/cmake --install /home/wellyowo/locobot_sim/locobot_ws/build/ecl_containers
