[35m[1mConsolidate compiler generated dependencies of target gazebo_ros_force[0m
[35m[1mConsolidate compiler generated dependencies of target gazebo_ros_diff_drive[0m
[35m[1mConsolidate compiler generated dependencies of target multi_camera_plugin[0m
[35m[1mConsolidate compiler generated dependencies of target gazebo_ros_joint_state_publisher[0m
[35m[1mConsolidate compiler generated dependencies of target gazebo_ros_imu_sensor[0m
[35m[1mConsolidate compiler generated dependencies of target gazebo_ros_template[0m
[35m[1mConsolidate compiler generated dependencies of target gazebo_ros_tricycle_drive[0m
[35m[1mConsolidate compiler generated dependencies of target gazebo_ros_gps_sensor[0m
[35m[1mConsolidate compiler generated dependencies of target gazebo_ros_ray_sensor[0m
[35m[1mConsolidate compiler generated dependencies of target gazebo_ros_p3d[0m
[35m[1mConsolidate compiler generated dependencies of target gazebo_ros_ft_sensor[0m
[35m[1mConsolidate compiler generated dependencies of target gazebo_ros_bumper[0m
[35m[1mConsolidate compiler generated dependencies of target gazebo_ros_video[0m
[  2%] Built target gazebo_ros_force
[  4%] Built target gazebo_ros_diff_drive
[  6%] Built target gazebo_ros_joint_state_publisher
[ 11%] Built target gazebo_ros_imu_sensor
[ 11%] Built target gazebo_ros_gps_sensor
[35m[1mConsolidate compiler generated dependencies of target gazebo_ros_ackermann_drive[0m
[ 13%] Built target gazebo_ros_ft_sensor
[ 16%] Built target gazebo_ros_tricycle_drive
[ 18%] Built target gazebo_ros_template
[ 20%] Built target multi_camera_plugin
[ 23%] Built target gazebo_ros_p3d
[ 25%] Built target gazebo_ros_ray_sensor
[ 27%] Built target gazebo_ros_bumper
[35m[1mConsolidate compiler generated dependencies of target gazebo_ros_hand_of_god[0m
[ 29%] [32mBuilding CXX object CMakeFiles/gazebo_ros_joint_pose_trajectory.dir/src/gazebo_ros_joint_pose_trajectory.cpp.o[0m
[35m[1mConsolidate compiler generated dependencies of target gazebo_ros_harness[0m
[ 31%] Built target gazebo_ros_video
[ 32%] [32mBuilding CXX object CMakeFiles/gazebo_ros_vacuum_gripper.dir/src/gazebo_ros_vacuum_gripper.cpp.o[0m
[ 33%] [32mBuilding CXX object CMakeFiles/gazebo_ros_elevator.dir/src/gazebo_ros_elevator.cpp.o[0m
[ 34%] [32mBuilding CXX object gtest/CMakeFiles/gtest.dir/src/gtest-all.cc.o[0m
[ 36%] [32mBuilding CXX object CMakeFiles/gazebo_ros_projector.dir/src/gazebo_ros_projector.cpp.o[0m
[ 37%] [32mBuilding CXX object CMakeFiles/gazebo_ros_planar_move.dir/src/gazebo_ros_planar_move.cpp.o[0m
[ 38%] [32mBuilding CXX object CMakeFiles/gazebo_ros_wheel_slip.dir/src/gazebo_ros_wheel_slip.cpp.o[0m
[ 39%] [32mBuilding CXX object gtest/CMakeFiles/gtest_main.dir/src/gtest_main.cc.o[0m
[ 41%] Built target gazebo_ros_ackermann_drive
[ 43%] [32mBuilding CXX object CMakeFiles/gazebo_ros_camera.dir/src/gazebo_ros_camera.cpp.o[0m
[ 45%] Built target gazebo_ros_hand_of_god
[ 47%] Built target gazebo_ros_harness
[ 48%] [32m[1mLinking CXX static library libgtest_main.a[0m
[ 48%] Built target gtest_main
[ 50%] [32m[1mLinking CXX static library libgtest.a[0m
[ 50%] Built target gtest
