[0.256s] Invoking command in '/home/wellyowo/locobot_sim/locobot_ws/src/build/gazebo_plugins': CMAKE_PREFIX_PATH=/opt/ros/humble /usr/bin/cmake --build /home/wellyowo/locobot_sim/locobot_ws/src/build/gazebo_plugins -- -j16 -l16
[0.324s] [35m[1mConsolidate compiler generated dependencies of target gazebo_ros_force[0m
[0.339s] [35m[1mConsolidate compiler generated dependencies of target gazebo_ros_diff_drive[0m
[0.339s] [35m[1mConsolidate compiler generated dependencies of target multi_camera_plugin[0m
[0.339s] [35m[1mConsolidate compiler generated dependencies of target gazebo_ros_joint_state_publisher[0m
[0.340s] [35m[1mConsolidate compiler generated dependencies of target gazebo_ros_imu_sensor[0m
[0.340s] [35m[1mConsolidate compiler generated dependencies of target gazebo_ros_template[0m
[0.343s] [35m[1mConsolidate compiler generated dependencies of target gazebo_ros_tricycle_drive[0m
[0.343s] [35m[1mConsolidate compiler generated dependencies of target gazebo_ros_gps_sensor[0m
[0.343s] [35m[1mConsolidate compiler generated dependencies of target gazebo_ros_ray_sensor[0m
[0.343s] [35m[1mConsolidate compiler generated dependencies of target gazebo_ros_p3d[0m
[0.354s] [35m[1mConsolidate compiler generated dependencies of target gazebo_ros_ft_sensor[0m
[0.354s] [35m[1mConsolidate compiler generated dependencies of target gazebo_ros_bumper[0m
[0.354s] [35m[1mConsolidate compiler generated dependencies of target gazebo_ros_video[0m
[0.421s] [  2%] Built target gazebo_ros_force
[0.429s] [  4%] Built target gazebo_ros_diff_drive
[0.430s] [  6%] Built target gazebo_ros_joint_state_publisher
[0.430s] [ 11%] Built target gazebo_ros_imu_sensor
[0.430s] [ 11%] Built target gazebo_ros_gps_sensor
[0.430s] [35m[1mConsolidate compiler generated dependencies of target gazebo_ros_ackermann_drive[0m
[0.430s] [ 13%] Built target gazebo_ros_ft_sensor
[0.430s] [ 16%] Built target gazebo_ros_tricycle_drive
[0.431s] [ 18%] Built target gazebo_ros_template
[0.437s] [ 20%] Built target multi_camera_plugin
[0.437s] [ 23%] Built target gazebo_ros_p3d
[0.437s] [ 25%] Built target gazebo_ros_ray_sensor
[0.448s] [ 27%] Built target gazebo_ros_bumper
[0.452s] [35m[1mConsolidate compiler generated dependencies of target gazebo_ros_hand_of_god[0m
[0.455s] [ 29%] [32mBuilding CXX object CMakeFiles/gazebo_ros_joint_pose_trajectory.dir/src/gazebo_ros_joint_pose_trajectory.cpp.o[0m
[0.455s] [35m[1mConsolidate compiler generated dependencies of target gazebo_ros_harness[0m
[0.461s] [ 31%] Built target gazebo_ros_video
[0.461s] [ 32%] [32mBuilding CXX object CMakeFiles/gazebo_ros_vacuum_gripper.dir/src/gazebo_ros_vacuum_gripper.cpp.o[0m
[0.467s] [ 33%] [32mBuilding CXX object CMakeFiles/gazebo_ros_elevator.dir/src/gazebo_ros_elevator.cpp.o[0m
[0.472s] [ 34%] [32mBuilding CXX object gtest/CMakeFiles/gtest.dir/src/gtest-all.cc.o[0m
[0.473s] [ 36%] [32mBuilding CXX object CMakeFiles/gazebo_ros_projector.dir/src/gazebo_ros_projector.cpp.o[0m
[0.476s] [ 37%] [32mBuilding CXX object CMakeFiles/gazebo_ros_planar_move.dir/src/gazebo_ros_planar_move.cpp.o[0m
[0.481s] [ 38%] [32mBuilding CXX object CMakeFiles/gazebo_ros_wheel_slip.dir/src/gazebo_ros_wheel_slip.cpp.o[0m
[0.493s] [ 39%] [32mBuilding CXX object gtest/CMakeFiles/gtest_main.dir/src/gtest_main.cc.o[0m
[0.498s] [ 41%] Built target gazebo_ros_ackermann_drive
[0.537s] [ 43%] [32mBuilding CXX object CMakeFiles/gazebo_ros_camera.dir/src/gazebo_ros_camera.cpp.o[0m
[0.545s] [ 45%] Built target gazebo_ros_hand_of_god
[0.549s] [ 47%] Built target gazebo_ros_harness
[1.703s] [ 48%] [32m[1mLinking CXX static library libgtest_main.a[0m
[1.809s] [ 48%] Built target gtest_main
[12.320s] [ 50%] [32m[1mLinking CXX static library libgtest.a[0m
[12.631s] [ 50%] Built target gtest
[17.526s] gmake[2]: *** [CMakeFiles/gazebo_ros_vacuum_gripper.dir/build.make:76: CMakeFiles/gazebo_ros_vacuum_gripper.dir/src/gazebo_ros_vacuum_gripper.cpp.o] Interrupt
[17.526s] gmake[2]: *** [CMakeFiles/gazebo_ros_elevator.dir/build.make:76: CMakeFiles/gazebo_ros_elevator.dir/src/gazebo_ros_elevator.cpp.o] Interrupt
[17.526s] gmake[2]: *** [CMakeFiles/gazebo_ros_joint_pose_trajectory.dir/build.make:76: CMakeFiles/gazebo_ros_joint_pose_trajectory.dir/src/gazebo_ros_joint_pose_trajectory.cpp.o] Interrupt
[17.526s] gmake[1]: *** [CMakeFiles/Makefile2:744: CMakeFiles/gazebo_ros_joint_pose_trajectory.dir/all] Interrupt
[17.526s] gmake[1]: *** [CMakeFiles/Makefile2:692: CMakeFiles/gazebo_ros_elevator.dir/all] Interrupt
[17.527s] gmake[2]: *** wait: No child processes.  Stop.
[17.527s] gmake[2]: *** Waiting for unfinished jobs....
[17.527s] gmake[2]: *** wait: No child processes.  Stop.
[17.527s] gmake[2]: *** [CMakeFiles/gazebo_ros_wheel_slip.dir/build.make:76: CMakeFiles/gazebo_ros_wheel_slip.dir/src/gazebo_ros_wheel_slip.cpp.o] Interrupt
[17.527s] gmake[1]: *** [CMakeFiles/Makefile2:380: CMakeFiles/gazebo_ros_camera.dir/all] Error 2
[17.527s] gmake[1]: *** [CMakeFiles/Makefile2:822: CMakeFiles/gazebo_ros_wheel_slip.dir/all] Interrupt
[17.527s] gmake[1]: *** [CMakeFiles/Makefile2:718: CMakeFiles/gazebo_ros_vacuum_gripper.dir/all] Interrupt
[17.527s] gmake[2]: *** wait: No child processes.  Stop.
[17.527s] gmake[2]: *** Waiting for unfinished jobs....
[17.527s] gmake[2]: *** wait: No child processes.  Stop.
[17.527s] gmake[2]: *** [CMakeFiles/gazebo_ros_planar_move.dir/build.make:76: CMakeFiles/gazebo_ros_planar_move.dir/src/gazebo_ros_planar_move.cpp.o] Interrupt
[17.528s] gmake[1]: *** [CMakeFiles/Makefile2:796: CMakeFiles/gazebo_ros_projector.dir/all] Error 2
[17.528s] gmake[1]: *** [CMakeFiles/Makefile2:770: CMakeFiles/gazebo_ros_planar_move.dir/all] Interrupt
[17.528s] gmake: *** [Makefile:146: all] Interrupt
