[0.008s] Invoking command in '/home/wellyowo/locobot_sim/locobot_ws/build/aws_robomaker_small_warehouse_world': AMENT_PREFIX_PATH=/home/wellyowo/locobot_sim/locobot_ws/install/gazebo_plugins:${AMENT_PREFIX_PATH} CMAKE_PREFIX_PATH=/home/wellyowo/locobot_sim/locobot_ws/install/gazebo_plugins:/opt/ros/humble LD_LIBRARY_PATH=/usr/lib/x86_64-linux-gnu/gazebo-11/plugins:/home/wellyowo/locobot_sim/locobot_ws/install/gazebo_plugins/lib:${LD_LIBRARY_PATH} /usr/bin/cmake /home/wellyowo/locobot_sim/locobot_ws/src/ThirdParty/aws-robomaker-small-warehouse-world -DBUILD_TESTING=OFF -DCMAKE_PREFIX_PATH= -DAMENT_CMAKE_SYMLINK_INSTALL=1 -DCMAKE_INSTALL_PREFIX=/home/wellyowo/locobot_sim/locobot_ws/install/aws_robomaker_small_warehouse_world
[0.048s] -- The C compiler identification is GNU 11.4.0
[0.093s] -- The CXX compiler identification is GNU 11.4.0
[0.100s] -- Detecting C compiler ABI info
[0.153s] -- Detecting C compiler ABI info - done
[0.162s] -- Check for working C compiler: /usr/bin/cc - skipped
[0.163s] -- Detecting C compile features
[0.163s] -- Detecting C compile features - done
[0.166s] -- Detecting CXX compiler ABI info
[0.228s] -- Detecting CXX compiler ABI info - done
[0.234s] -- Check for working CXX compiler: /usr/bin/c++ - skipped
[0.234s] -- Detecting CXX compile features
[0.235s] -- Detecting CXX compile features - done
[0.238s] -- Found ament_cmake: 1.3.11 (/opt/ros/humble/share/ament_cmake/cmake)
[0.338s] -- Found Python3: /usr/bin/python3 (found version "3.10.12") found components: Interpreter 
[0.391s] -- Override CMake install command with custom implementation using symlinks instead of copying resources
[0.419s] -- Found gazebo_ros: 3.9.0 (/opt/ros/humble/share/gazebo_ros/cmake)
[0.457s] -- Found rosidl_generator_c: 3.1.6 (/opt/ros/humble/share/rosidl_generator_c/cmake)
[0.461s] -- Found rosidl_adapter: 3.1.6 (/opt/ros/humble/share/rosidl_adapter/cmake)
[0.469s] -- Found rosidl_generator_cpp: 3.1.6 (/opt/ros/humble/share/rosidl_generator_cpp/cmake)
[0.479s] -- Using all available rosidl_typesupport_c: rosidl_typesupport_fastrtps_c;rosidl_typesupport_introspection_c
[0.492s] -- Using all available rosidl_typesupport_cpp: rosidl_typesupport_fastrtps_cpp;rosidl_typesupport_introspection_cpp
[0.529s] -- Found rmw_implementation_cmake: 6.1.2 (/opt/ros/humble/share/rmw_implementation_cmake/cmake)
[0.531s] -- Found rmw_fastrtps_cpp: 6.2.7 (/opt/ros/humble/share/rmw_fastrtps_cpp/cmake)
[0.598s] -- Found OpenSSL: /usr/lib/x86_64-linux-gnu/libcrypto.so (found version "3.0.2")  
[0.627s] -- Found FastRTPS: /opt/ros/humble/include  
[0.673s] -- Using RMW implementation 'rmw_fastrtps_cpp' as default
[0.684s] -- Looking for pthread.h
[0.738s] -- Looking for pthread.h - found
[0.738s] -- Performing Test CMAKE_HAVE_LIBC_PTHREAD
[0.789s] -- Performing Test CMAKE_HAVE_LIBC_PTHREAD - Success
[0.790s] -- Found Threads: TRUE  
[0.850s] -- Found PkgConfig: /usr/bin/pkg-config (found version "0.29.2") 
[0.851s] -- Checking for module 'bullet>=2.82'
[0.861s] --   Found bullet, version 3.05
[0.945s] -- Found fcl: /usr/include (found suitable version "0.7.0", minimum required is "0.5.0") 
[0.987s] -- Found assimp: /usr/include (found version "5.2.0") 
[1.008s] -- Found DART: /usr/include (Required is at least version "6.6") found components: dart 
[1.040s] -- Found Boost: /usr/lib/x86_64-linux-gnu/cmake/Boost-1.74.0/BoostConfig.cmake (found suitable version "1.74.0", minimum required is "1.40.0") found components: thread system filesystem program_options regex iostreams date_time 
[1.054s] -- Found Protobuf: /usr/lib/x86_64-linux-gnu/libprotobuf.so (found version "3.12.4") 
[1.059s] -- Looking for ignition-math6 -- found version 6.15.1
[1.065s] -- Searching for dependencies of ignition-math6
[1.067s] -- Looking for OGRE...
[1.067s] -- OGRE_PREFIX_WATCH changed.
[1.072s] -- Checking for module 'OGRE'
[1.083s] --   Found OGRE, version 1.9.0
[1.111s] -- Found Ogre Ghadamon (1.9.0)
[1.118s] -- Found OGRE: optimized;/usr/lib/x86_64-linux-gnu/libOgreMain.so;debug;/usr/lib/x86_64-linux-gnu/libOgreMain.so
[1.130s] -- Looking for OGRE_Paging...
[1.135s] -- Found OGRE_Paging: optimized;/usr/lib/x86_64-linux-gnu/libOgrePaging.so;debug;/usr/lib/x86_64-linux-gnu/libOgrePaging.so
[1.135s] -- Looking for OGRE_Terrain...
[1.140s] -- Found OGRE_Terrain: optimized;/usr/lib/x86_64-linux-gnu/libOgreTerrain.so;debug;/usr/lib/x86_64-linux-gnu/libOgreTerrain.so
[1.140s] -- Looking for OGRE_Property...
[1.143s] -- Found OGRE_Property: optimized;/usr/lib/x86_64-linux-gnu/libOgreProperty.so;debug;/usr/lib/x86_64-linux-gnu/libOgreProperty.so
[1.143s] -- Looking for OGRE_RTShaderSystem...
[1.146s] -- Found OGRE_RTShaderSystem: optimized;/usr/lib/x86_64-linux-gnu/libOgreRTShaderSystem.so;debug;/usr/lib/x86_64-linux-gnu/libOgreRTShaderSystem.so
[1.146s] -- Looking for OGRE_Volume...
[1.149s] -- Found OGRE_Volume: optimized;/usr/lib/x86_64-linux-gnu/libOgreVolume.so;debug;/usr/lib/x86_64-linux-gnu/libOgreVolume.so
[1.149s] -- Looking for OGRE_Overlay...
[1.151s] -- Found OGRE_Overlay: optimized;/usr/lib/x86_64-linux-gnu/libOgreOverlay.so;debug;/usr/lib/x86_64-linux-gnu/libOgreOverlay.so
[1.204s] -- Looking for ignition-math6 -- found version 6.15.1
[1.206s] -- Looking for ignition-transport8 -- found version 8.2.1
[1.206s] -- Searching for dependencies of ignition-transport8
[1.220s] -- Found Protobuf: /usr/lib/x86_64-linux-gnu/libprotobuf.so (found suitable version "3.12.4", minimum required is "3") 
[1.232s] -- Config-file not installed for ZeroMQ -- checking for pkg-config
[1.236s] -- Checking for module 'libzmq >= 4'
[1.245s] --   Found libzmq , version 4.3.4
[1.272s] -- Found ZeroMQ: TRUE (Required is at least version "4") 
[1.277s] -- Checking for module 'uuid'
[1.286s] --   Found uuid, version 2.37.2
[1.310s] -- Found UUID: TRUE  
[1.312s] -- Looking for ignition-msgs5 -- found version 5.8.1
[1.313s] -- Searching for dependencies of ignition-msgs5
[1.331s] -- Looking for ignition-math6 -- found version 6.15.1
[1.335s] -- Checking for module 'tinyxml2'
[1.344s] --   Found tinyxml2, version 9.0.0
[1.368s] -- Looking for ignition-msgs5 -- found version 5.8.1
[1.370s] -- Looking for ignition-common3 -- found version 3.14.0
[1.371s] -- Searching for dependencies of ignition-common3
[1.371s] -- Looking for dlfcn.h - found
[1.371s] -- Looking for libdl - found
[1.373s] -- Found DL: TRUE  
[1.382s] -- Found tinyobjloader: /usr/lib/x86_64-linux-gnu/cmake/tinyobjloader/tinyobjloader-config.cmake (found version "2.0.0") 
[1.382s] -- Searching for <ignition-common3> component [graphics]
[1.384s] -- Looking for ignition-common3-graphics -- found version 3.14.0
[1.384s] -- Searching for dependencies of ignition-common3-graphics
[1.384s] -- Looking for ignition-math6 -- found version 6.15.1
[1.386s] -- Looking for ignition-fuel_tools4 -- found version 4.4.0
[1.387s] -- Searching for dependencies of ignition-fuel_tools4
[1.444s] -- Found CURL: /usr/lib/x86_64-linux-gnu/libcurl.so (found version "7.81.0")  
[1.450s] -- Checking for module 'jsoncpp'
[1.459s] --   Found jsoncpp, version 1.9.5
[1.484s] -- Found JSONCPP: TRUE  
[1.488s] -- Checking for module 'libzip'
[1.496s] --   Found libzip, version 1.7.3
[1.519s] -- Found ZIP: TRUE  
[1.519s] -- Looking for ignition-common3 -- found version 3.14.0
[1.519s] -- Looking for ignition-math6 -- found version 6.15.1
[1.520s] -- Looking for ignition-msgs5 -- found version 5.8.1
[1.522s] -- Gazebo version: 11.10
[1.522s] -- Checking for module 'tbb'
[1.533s] --   Found tbb, version 2021.5.0
[1.612s] -- Configuring done
[1.616s] -- Generating done
[1.619s] -- Build files have been written to: /home/wellyowo/locobot_sim/locobot_ws/build/aws_robomaker_small_warehouse_world
[1.631s] Invoked command in '/home/wellyowo/locobot_sim/locobot_ws/build/aws_robomaker_small_warehouse_world' returned '0': AMENT_PREFIX_PATH=/home/wellyowo/locobot_sim/locobot_ws/install/gazebo_plugins:${AMENT_PREFIX_PATH} CMAKE_PREFIX_PATH=/home/wellyowo/locobot_sim/locobot_ws/install/gazebo_plugins:/opt/ros/humble LD_LIBRARY_PATH=/usr/lib/x86_64-linux-gnu/gazebo-11/plugins:/home/wellyowo/locobot_sim/locobot_ws/install/gazebo_plugins/lib:${LD_LIBRARY_PATH} /usr/bin/cmake /home/wellyowo/locobot_sim/locobot_ws/src/ThirdParty/aws-robomaker-small-warehouse-world -DBUILD_TESTING=OFF -DCMAKE_PREFIX_PATH= -DAMENT_CMAKE_SYMLINK_INSTALL=1 -DCMAKE_INSTALL_PREFIX=/home/wellyowo/locobot_sim/locobot_ws/install/aws_robomaker_small_warehouse_world
[1.633s] Invoking command in '/home/wellyowo/locobot_sim/locobot_ws/build/aws_robomaker_small_warehouse_world': AMENT_PREFIX_PATH=/home/wellyowo/locobot_sim/locobot_ws/install/gazebo_plugins:${AMENT_PREFIX_PATH} CMAKE_PREFIX_PATH=/home/wellyowo/locobot_sim/locobot_ws/install/gazebo_plugins:/opt/ros/humble LD_LIBRARY_PATH=/usr/lib/x86_64-linux-gnu/gazebo-11/plugins:/home/wellyowo/locobot_sim/locobot_ws/install/gazebo_plugins/lib:${LD_LIBRARY_PATH} /usr/bin/cmake --build /home/wellyowo/locobot_sim/locobot_ws/build/aws_robomaker_small_warehouse_world -- -j16 -l16
[1.662s] Invoked command in '/home/wellyowo/locobot_sim/locobot_ws/build/aws_robomaker_small_warehouse_world' returned '0': AMENT_PREFIX_PATH=/home/wellyowo/locobot_sim/locobot_ws/install/gazebo_plugins:${AMENT_PREFIX_PATH} CMAKE_PREFIX_PATH=/home/wellyowo/locobot_sim/locobot_ws/install/gazebo_plugins:/opt/ros/humble LD_LIBRARY_PATH=/usr/lib/x86_64-linux-gnu/gazebo-11/plugins:/home/wellyowo/locobot_sim/locobot_ws/install/gazebo_plugins/lib:${LD_LIBRARY_PATH} /usr/bin/cmake --build /home/wellyowo/locobot_sim/locobot_ws/build/aws_robomaker_small_warehouse_world -- -j16 -l16
[1.663s] Invoking command in '/home/wellyowo/locobot_sim/locobot_ws/build/aws_robomaker_small_warehouse_world': AMENT_PREFIX_PATH=/home/wellyowo/locobot_sim/locobot_ws/install/gazebo_plugins:${AMENT_PREFIX_PATH} CMAKE_PREFIX_PATH=/home/wellyowo/locobot_sim/locobot_ws/install/gazebo_plugins:/opt/ros/humble LD_LIBRARY_PATH=/usr/lib/x86_64-linux-gnu/gazebo-11/plugins:/home/wellyowo/locobot_sim/locobot_ws/install/gazebo_plugins/lib:${LD_LIBRARY_PATH} /usr/bin/cmake --install /home/wellyowo/locobot_sim/locobot_ws/build/aws_robomaker_small_warehouse_world
[1.669s] -- Install configuration: ""
[1.669s] -- Execute custom install script
[1.670s] -- Symlinking: /home/wellyowo/locobot_sim/locobot_ws/install/aws_robomaker_small_warehouse_world/share/aws_robomaker_small_warehouse_world/launch/no_roof_small_warehouse.launch.py
[1.676s] -- Symlinking: /home/wellyowo/locobot_sim/locobot_ws/install/aws_robomaker_small_warehouse_world/share/aws_robomaker_small_warehouse_world/launch/small_warehouse.launch.py
[1.683s] -- Symlinking: /home/wellyowo/locobot_sim/locobot_ws/install/aws_robomaker_small_warehouse_world/share/aws_robomaker_small_warehouse_world/models/.DS_Store
[1.689s] -- Symlinking: /home/wellyowo/locobot_sim/locobot_ws/install/aws_robomaker_small_warehouse_world/share/aws_robomaker_small_warehouse_world/models/aws_robomaker_warehouse_Bucket_01/.DS_Store
[1.696s] -- Symlinking: /home/wellyowo/locobot_sim/locobot_ws/install/aws_robomaker_small_warehouse_world/share/aws_robomaker_small_warehouse_world/models/aws_robomaker_warehouse_Bucket_01/materials/.DS_Store
[1.702s] -- Symlinking: /home/wellyowo/locobot_sim/locobot_ws/install/aws_robomaker_small_warehouse_world/share/aws_robomaker_small_warehouse_world/models/aws_robomaker_warehouse_Bucket_01/materials/textures/aws_robomaker_warehouse_Bucket_01.png
[1.708s] -- Symlinking: /home/wellyowo/locobot_sim/locobot_ws/install/aws_robomaker_small_warehouse_world/share/aws_robomaker_small_warehouse_world/models/aws_robomaker_warehouse_Bucket_01/meshes/aws_robomaker_warehouse_Bucket_01_collision.DAE
[1.714s] -- Symlinking: /home/wellyowo/locobot_sim/locobot_ws/install/aws_robomaker_small_warehouse_world/share/aws_robomaker_small_warehouse_world/models/aws_robomaker_warehouse_Bucket_01/meshes/aws_robomaker_warehouse_Bucket_01_visual.DAE
[1.721s] -- Symlinking: /home/wellyowo/locobot_sim/locobot_ws/install/aws_robomaker_small_warehouse_world/share/aws_robomaker_small_warehouse_world/models/aws_robomaker_warehouse_Bucket_01/model.config
[1.728s] -- Symlinking: /home/wellyowo/locobot_sim/locobot_ws/install/aws_robomaker_small_warehouse_world/share/aws_robomaker_small_warehouse_world/models/aws_robomaker_warehouse_Bucket_01/model.sdf
[1.735s] -- Symlinking: /home/wellyowo/locobot_sim/locobot_ws/install/aws_robomaker_small_warehouse_world/share/aws_robomaker_small_warehouse_world/models/aws_robomaker_warehouse_ClutteringA_01/.DS_Store
[1.742s] -- Symlinking: /home/wellyowo/locobot_sim/locobot_ws/install/aws_robomaker_small_warehouse_world/share/aws_robomaker_small_warehouse_world/models/aws_robomaker_warehouse_ClutteringA_01/materials/.DS_Store
[1.752s] -- Symlinking: /home/wellyowo/locobot_sim/locobot_ws/install/aws_robomaker_small_warehouse_world/share/aws_robomaker_small_warehouse_world/models/aws_robomaker_warehouse_ClutteringA_01/materials/textures/.DS_Store
[1.758s] -- Symlinking: /home/wellyowo/locobot_sim/locobot_ws/install/aws_robomaker_small_warehouse_world/share/aws_robomaker_small_warehouse_world/models/aws_robomaker_warehouse_ClutteringA_01/materials/textures/aws_robomaker_warehouse_ClutteringA_01.png
[1.764s] -- Symlinking: /home/wellyowo/locobot_sim/locobot_ws/install/aws_robomaker_small_warehouse_world/share/aws_robomaker_small_warehouse_world/models/aws_robomaker_warehouse_ClutteringA_01/materials/textures/aws_robomaker_warehouse_ClutteringA_02.png
[1.770s] -- Symlinking: /home/wellyowo/locobot_sim/locobot_ws/install/aws_robomaker_small_warehouse_world/share/aws_robomaker_small_warehouse_world/models/aws_robomaker_warehouse_ClutteringA_01/materials/textures/aws_robomaker_warehouse_ClutteringA_03.png
[1.776s] -- Symlinking: /home/wellyowo/locobot_sim/locobot_ws/install/aws_robomaker_small_warehouse_world/share/aws_robomaker_small_warehouse_world/models/aws_robomaker_warehouse_ClutteringA_01/meshes/aws_robomaker_warehouse_ClutteringA_01_collision.DAE
[1.782s] -- Symlinking: /home/wellyowo/locobot_sim/locobot_ws/install/aws_robomaker_small_warehouse_world/share/aws_robomaker_small_warehouse_world/models/aws_robomaker_warehouse_ClutteringA_01/meshes/aws_robomaker_warehouse_ClutteringA_01_visual.DAE
[1.788s] -- Symlinking: /home/wellyowo/locobot_sim/locobot_ws/install/aws_robomaker_small_warehouse_world/share/aws_robomaker_small_warehouse_world/models/aws_robomaker_warehouse_ClutteringA_01/model.config
[1.794s] -- Symlinking: /home/wellyowo/locobot_sim/locobot_ws/install/aws_robomaker_small_warehouse_world/share/aws_robomaker_small_warehouse_world/models/aws_robomaker_warehouse_ClutteringA_01/model.sdf
[1.801s] -- Symlinking: /home/wellyowo/locobot_sim/locobot_ws/install/aws_robomaker_small_warehouse_world/share/aws_robomaker_small_warehouse_world/models/aws_robomaker_warehouse_ClutteringC_01/materials/textures/aws_robomaker_warehouse_ClutteringC_01.png
[1.807s] -- Symlinking: /home/wellyowo/locobot_sim/locobot_ws/install/aws_robomaker_small_warehouse_world/share/aws_robomaker_small_warehouse_world/models/aws_robomaker_warehouse_ClutteringC_01/materials/textures/aws_robomaker_warehouse_ClutteringC_02.png
[1.813s] -- Symlinking: /home/wellyowo/locobot_sim/locobot_ws/install/aws_robomaker_small_warehouse_world/share/aws_robomaker_small_warehouse_world/models/aws_robomaker_warehouse_ClutteringC_01/meshes/aws_robomaker_warehouse_ClutteringC_01_collision.DAE
[1.820s] -- Symlinking: /home/wellyowo/locobot_sim/locobot_ws/install/aws_robomaker_small_warehouse_world/share/aws_robomaker_small_warehouse_world/models/aws_robomaker_warehouse_ClutteringC_01/meshes/aws_robomaker_warehouse_ClutteringC_01_visual.DAE
[1.826s] -- Symlinking: /home/wellyowo/locobot_sim/locobot_ws/install/aws_robomaker_small_warehouse_world/share/aws_robomaker_small_warehouse_world/models/aws_robomaker_warehouse_ClutteringC_01/model.config
[1.833s] -- Symlinking: /home/wellyowo/locobot_sim/locobot_ws/install/aws_robomaker_small_warehouse_world/share/aws_robomaker_small_warehouse_world/models/aws_robomaker_warehouse_ClutteringC_01/model.sdf
[1.840s] -- Symlinking: /home/wellyowo/locobot_sim/locobot_ws/install/aws_robomaker_small_warehouse_world/share/aws_robomaker_small_warehouse_world/models/aws_robomaker_warehouse_ClutteringD_01/materials/textures/aws_robomaker_warehouse_ClutteringD_01.png
[1.846s] -- Symlinking: /home/wellyowo/locobot_sim/locobot_ws/install/aws_robomaker_small_warehouse_world/share/aws_robomaker_small_warehouse_world/models/aws_robomaker_warehouse_ClutteringD_01/materials/textures/aws_robomaker_warehouse_ClutteringD_02.png
[1.853s] -- Symlinking: /home/wellyowo/locobot_sim/locobot_ws/install/aws_robomaker_small_warehouse_world/share/aws_robomaker_small_warehouse_world/models/aws_robomaker_warehouse_ClutteringD_01/meshes/aws_robomaker_warehouse_ClutteringD_01_collision.DAE
[1.859s] -- Symlinking: /home/wellyowo/locobot_sim/locobot_ws/install/aws_robomaker_small_warehouse_world/share/aws_robomaker_small_warehouse_world/models/aws_robomaker_warehouse_ClutteringD_01/meshes/aws_robomaker_warehouse_ClutteringD_01_visual.DAE
[1.866s] -- Symlinking: /home/wellyowo/locobot_sim/locobot_ws/install/aws_robomaker_small_warehouse_world/share/aws_robomaker_small_warehouse_world/models/aws_robomaker_warehouse_ClutteringD_01/model.config
[1.872s] -- Symlinking: /home/wellyowo/locobot_sim/locobot_ws/install/aws_robomaker_small_warehouse_world/share/aws_robomaker_small_warehouse_world/models/aws_robomaker_warehouse_ClutteringD_01/model.sdf
[1.879s] -- Symlinking: /home/wellyowo/locobot_sim/locobot_ws/install/aws_robomaker_small_warehouse_world/share/aws_robomaker_small_warehouse_world/models/aws_robomaker_warehouse_DeskC_01/materials/.DS_Store
[1.889s] -- Symlinking: /home/wellyowo/locobot_sim/locobot_ws/install/aws_robomaker_small_warehouse_world/share/aws_robomaker_small_warehouse_world/models/aws_robomaker_warehouse_DeskC_01/materials/textures/aws_robomaker_warehouse_DeskC_01.png
[1.895s] -- Symlinking: /home/wellyowo/locobot_sim/locobot_ws/install/aws_robomaker_small_warehouse_world/share/aws_robomaker_small_warehouse_world/models/aws_robomaker_warehouse_DeskC_01/materials/textures/aws_robomaker_warehouse_DeskC_02.png
[1.902s] -- Symlinking: /home/wellyowo/locobot_sim/locobot_ws/install/aws_robomaker_small_warehouse_world/share/aws_robomaker_small_warehouse_world/models/aws_robomaker_warehouse_DeskC_01/materials/textures/aws_robomaker_warehouse_DeskC_03.png
[1.909s] -- Symlinking: /home/wellyowo/locobot_sim/locobot_ws/install/aws_robomaker_small_warehouse_world/share/aws_robomaker_small_warehouse_world/models/aws_robomaker_warehouse_DeskC_01/materials/textures/aws_robomaker_warehouse_DeskC_03.psd
[1.915s] -- Symlinking: /home/wellyowo/locobot_sim/locobot_ws/install/aws_robomaker_small_warehouse_world/share/aws_robomaker_small_warehouse_world/models/aws_robomaker_warehouse_DeskC_01/materials/textures/aws_robomaker_warehouse_DeskC_04.png
[1.921s] -- Symlinking: /home/wellyowo/locobot_sim/locobot_ws/install/aws_robomaker_small_warehouse_world/share/aws_robomaker_small_warehouse_world/models/aws_robomaker_warehouse_DeskC_01/meshes/aws_robomaker_warehouse_DeskC_01_collision.DAE
[1.928s] -- Symlinking: /home/wellyowo/locobot_sim/locobot_ws/install/aws_robomaker_small_warehouse_world/share/aws_robomaker_small_warehouse_world/models/aws_robomaker_warehouse_DeskC_01/meshes/aws_robomaker_warehouse_DeskC_01_visual.DAE
[1.934s] -- Symlinking: /home/wellyowo/locobot_sim/locobot_ws/install/aws_robomaker_small_warehouse_world/share/aws_robomaker_small_warehouse_world/models/aws_robomaker_warehouse_DeskC_01/model.config
[1.940s] -- Symlinking: /home/wellyowo/locobot_sim/locobot_ws/install/aws_robomaker_small_warehouse_world/share/aws_robomaker_small_warehouse_world/models/aws_robomaker_warehouse_DeskC_01/model.sdf
[1.947s] -- Symlinking: /home/wellyowo/locobot_sim/locobot_ws/install/aws_robomaker_small_warehouse_world/share/aws_robomaker_small_warehouse_world/models/aws_robomaker_warehouse_GroundB_01/materials/textures/aws_robomaker_warehouse_GroundB_01.png
[1.953s] -- Symlinking: /home/wellyowo/locobot_sim/locobot_ws/install/aws_robomaker_small_warehouse_world/share/aws_robomaker_small_warehouse_world/models/aws_robomaker_warehouse_GroundB_01/materials/textures/aws_robomaker_warehouse_GroundB_02.png
[1.960s] -- Symlinking: /home/wellyowo/locobot_sim/locobot_ws/install/aws_robomaker_small_warehouse_world/share/aws_robomaker_small_warehouse_world/models/aws_robomaker_warehouse_GroundB_01/meshes/aws_robomaker_warehouse_GroundB_01_collision.DAE
[1.967s] -- Symlinking: /home/wellyowo/locobot_sim/locobot_ws/install/aws_robomaker_small_warehouse_world/share/aws_robomaker_small_warehouse_world/models/aws_robomaker_warehouse_GroundB_01/meshes/aws_robomaker_warehouse_GroundB_01_visual.DAE
[1.975s] -- Symlinking: /home/wellyowo/locobot_sim/locobot_ws/install/aws_robomaker_small_warehouse_world/share/aws_robomaker_small_warehouse_world/models/aws_robomaker_warehouse_GroundB_01/model.config
[1.981s] -- Symlinking: /home/wellyowo/locobot_sim/locobot_ws/install/aws_robomaker_small_warehouse_world/share/aws_robomaker_small_warehouse_world/models/aws_robomaker_warehouse_GroundB_01/model.sdf
[1.988s] -- Symlinking: /home/wellyowo/locobot_sim/locobot_ws/install/aws_robomaker_small_warehouse_world/share/aws_robomaker_small_warehouse_world/models/aws_robomaker_warehouse_Lamp_01/materials/textures/aws_robomaker_warehouse_Lamp_01.png
[1.995s] -- Symlinking: /home/wellyowo/locobot_sim/locobot_ws/install/aws_robomaker_small_warehouse_world/share/aws_robomaker_small_warehouse_world/models/aws_robomaker_warehouse_Lamp_01/meshes/aws_robomaker_warehouse_Lamp_01_collision.DAE
[2.002s] -- Symlinking: /home/wellyowo/locobot_sim/locobot_ws/install/aws_robomaker_small_warehouse_world/share/aws_robomaker_small_warehouse_world/models/aws_robomaker_warehouse_Lamp_01/meshes/aws_robomaker_warehouse_Lamp_01_visual.DAE
[2.009s] -- Symlinking: /home/wellyowo/locobot_sim/locobot_ws/install/aws_robomaker_small_warehouse_world/share/aws_robomaker_small_warehouse_world/models/aws_robomaker_warehouse_Lamp_01/model.config
[2.015s] -- Symlinking: /home/wellyowo/locobot_sim/locobot_ws/install/aws_robomaker_small_warehouse_world/share/aws_robomaker_small_warehouse_world/models/aws_robomaker_warehouse_Lamp_01/model.sdf
[2.022s] -- Symlinking: /home/wellyowo/locobot_sim/locobot_ws/install/aws_robomaker_small_warehouse_world/share/aws_robomaker_small_warehouse_world/models/aws_robomaker_warehouse_PalletJackB_01/.DS_Store
[2.032s] -- Symlinking: /home/wellyowo/locobot_sim/locobot_ws/install/aws_robomaker_small_warehouse_world/share/aws_robomaker_small_warehouse_world/models/aws_robomaker_warehouse_PalletJackB_01/materials/.DS_Store
[2.038s] -- Symlinking: /home/wellyowo/locobot_sim/locobot_ws/install/aws_robomaker_small_warehouse_world/share/aws_robomaker_small_warehouse_world/models/aws_robomaker_warehouse_PalletJackB_01/materials/textures/aws_robomaker_warehouse_PalletJackB_01.png
[2.044s] -- Symlinking: /home/wellyowo/locobot_sim/locobot_ws/install/aws_robomaker_small_warehouse_world/share/aws_robomaker_small_warehouse_world/models/aws_robomaker_warehouse_PalletJackB_01/materials/textures/aws_robomaker_warehouse_PalletJackB_02.png
[2.050s] -- Symlinking: /home/wellyowo/locobot_sim/locobot_ws/install/aws_robomaker_small_warehouse_world/share/aws_robomaker_small_warehouse_world/models/aws_robomaker_warehouse_PalletJackB_01/meshes/aws_robomaker_warehouse_PalletJackB_01_collision.DAE
[2.056s] -- Symlinking: /home/wellyowo/locobot_sim/locobot_ws/install/aws_robomaker_small_warehouse_world/share/aws_robomaker_small_warehouse_world/models/aws_robomaker_warehouse_PalletJackB_01/meshes/aws_robomaker_warehouse_PalletJackB_01_visual.DAE
[2.062s] -- Symlinking: /home/wellyowo/locobot_sim/locobot_ws/install/aws_robomaker_small_warehouse_world/share/aws_robomaker_small_warehouse_world/models/aws_robomaker_warehouse_PalletJackB_01/model.config
[2.070s] -- Symlinking: /home/wellyowo/locobot_sim/locobot_ws/install/aws_robomaker_small_warehouse_world/share/aws_robomaker_small_warehouse_world/models/aws_robomaker_warehouse_PalletJackB_01/model.sdf
[2.077s] -- Symlinking: /home/wellyowo/locobot_sim/locobot_ws/install/aws_robomaker_small_warehouse_world/share/aws_robomaker_small_warehouse_world/models/aws_robomaker_warehouse_RoofB_01/materials/textures/aws_robomaker_warehouse_RoofB_01.png
[2.084s] -- Symlinking: /home/wellyowo/locobot_sim/locobot_ws/install/aws_robomaker_small_warehouse_world/share/aws_robomaker_small_warehouse_world/models/aws_robomaker_warehouse_RoofB_01/meshes/aws_robomaker_warehouse_RoofB_01_collision.DAE
[2.092s] -- Symlinking: /home/wellyowo/locobot_sim/locobot_ws/install/aws_robomaker_small_warehouse_world/share/aws_robomaker_small_warehouse_world/models/aws_robomaker_warehouse_RoofB_01/meshes/aws_robomaker_warehouse_RoofB_01_visual.DAE
[2.099s] -- Symlinking: /home/wellyowo/locobot_sim/locobot_ws/install/aws_robomaker_small_warehouse_world/share/aws_robomaker_small_warehouse_world/models/aws_robomaker_warehouse_RoofB_01/model.config
[2.106s] -- Symlinking: /home/wellyowo/locobot_sim/locobot_ws/install/aws_robomaker_small_warehouse_world/share/aws_robomaker_small_warehouse_world/models/aws_robomaker_warehouse_RoofB_01/model.sdf
[2.114s] -- Symlinking: /home/wellyowo/locobot_sim/locobot_ws/install/aws_robomaker_small_warehouse_world/share/aws_robomaker_small_warehouse_world/models/aws_robomaker_warehouse_ShelfD_01/materials/textures/aws_robomaker_warehouse_ShelfD_01.png
[2.120s] -- Symlinking: /home/wellyowo/locobot_sim/locobot_ws/install/aws_robomaker_small_warehouse_world/share/aws_robomaker_small_warehouse_world/models/aws_robomaker_warehouse_ShelfD_01/materials/textures/aws_robomaker_warehouse_ShelfD_02.png
[2.127s] -- Symlinking: /home/wellyowo/locobot_sim/locobot_ws/install/aws_robomaker_small_warehouse_world/share/aws_robomaker_small_warehouse_world/models/aws_robomaker_warehouse_ShelfD_01/materials/textures/aws_robomaker_warehouse_ShelfD_03.png
[2.134s] -- Symlinking: /home/wellyowo/locobot_sim/locobot_ws/install/aws_robomaker_small_warehouse_world/share/aws_robomaker_small_warehouse_world/models/aws_robomaker_warehouse_ShelfD_01/materials/textures/aws_robomaker_warehouse_ShelfD_04.png
[2.140s] -- Symlinking: /home/wellyowo/locobot_sim/locobot_ws/install/aws_robomaker_small_warehouse_world/share/aws_robomaker_small_warehouse_world/models/aws_robomaker_warehouse_ShelfD_01/meshes/aws_robomaker_warehouse_ShelfD_01_collision.DAE
[2.147s] -- Symlinking: /home/wellyowo/locobot_sim/locobot_ws/install/aws_robomaker_small_warehouse_world/share/aws_robomaker_small_warehouse_world/models/aws_robomaker_warehouse_ShelfD_01/meshes/aws_robomaker_warehouse_ShelfD_01_visual.DAE
[2.155s] -- Symlinking: /home/wellyowo/locobot_sim/locobot_ws/install/aws_robomaker_small_warehouse_world/share/aws_robomaker_small_warehouse_world/models/aws_robomaker_warehouse_ShelfD_01/model.config
[2.162s] -- Symlinking: /home/wellyowo/locobot_sim/locobot_ws/install/aws_robomaker_small_warehouse_world/share/aws_robomaker_small_warehouse_world/models/aws_robomaker_warehouse_ShelfD_01/model.sdf
[2.168s] -- Symlinking: /home/wellyowo/locobot_sim/locobot_ws/install/aws_robomaker_small_warehouse_world/share/aws_robomaker_small_warehouse_world/models/aws_robomaker_warehouse_ShelfE_01/.DS_Store
[2.175s] -- Symlinking: /home/wellyowo/locobot_sim/locobot_ws/install/aws_robomaker_small_warehouse_world/share/aws_robomaker_small_warehouse_world/models/aws_robomaker_warehouse_ShelfE_01/materials/.DS_Store
[2.182s] -- Symlinking: /home/wellyowo/locobot_sim/locobot_ws/install/aws_robomaker_small_warehouse_world/share/aws_robomaker_small_warehouse_world/models/aws_robomaker_warehouse_ShelfE_01/materials/textures/aws_robomaker_warehouse_ShelfE_01.png
[2.188s] -- Symlinking: /home/wellyowo/locobot_sim/locobot_ws/install/aws_robomaker_small_warehouse_world/share/aws_robomaker_small_warehouse_world/models/aws_robomaker_warehouse_ShelfE_01/materials/textures/aws_robomaker_warehouse_ShelfE_02.png
[2.196s] -- Symlinking: /home/wellyowo/locobot_sim/locobot_ws/install/aws_robomaker_small_warehouse_world/share/aws_robomaker_small_warehouse_world/models/aws_robomaker_warehouse_ShelfE_01/materials/textures/aws_robomaker_warehouse_ShelfE_03.png
[2.203s] -- Symlinking: /home/wellyowo/locobot_sim/locobot_ws/install/aws_robomaker_small_warehouse_world/share/aws_robomaker_small_warehouse_world/models/aws_robomaker_warehouse_ShelfE_01/materials/textures/aws_robomaker_warehouse_ShelfE_04.png
[2.210s] -- Symlinking: /home/wellyowo/locobot_sim/locobot_ws/install/aws_robomaker_small_warehouse_world/share/aws_robomaker_small_warehouse_world/models/aws_robomaker_warehouse_ShelfE_01/meshes/aws_robomaker_warehouse_ShelfE_01_collision.DAE
[2.217s] -- Symlinking: /home/wellyowo/locobot_sim/locobot_ws/install/aws_robomaker_small_warehouse_world/share/aws_robomaker_small_warehouse_world/models/aws_robomaker_warehouse_ShelfE_01/meshes/aws_robomaker_warehouse_ShelfE_01_visual.DAE
[2.223s] -- Symlinking: /home/wellyowo/locobot_sim/locobot_ws/install/aws_robomaker_small_warehouse_world/share/aws_robomaker_small_warehouse_world/models/aws_robomaker_warehouse_ShelfE_01/model.config
[2.229s] -- Symlinking: /home/wellyowo/locobot_sim/locobot_ws/install/aws_robomaker_small_warehouse_world/share/aws_robomaker_small_warehouse_world/models/aws_robomaker_warehouse_ShelfE_01/model.sdf
[2.236s] -- Symlinking: /home/wellyowo/locobot_sim/locobot_ws/install/aws_robomaker_small_warehouse_world/share/aws_robomaker_small_warehouse_world/models/aws_robomaker_warehouse_ShelfF_01/materials/textures/aws_robomaker_warehouse_ShelfF_01.png
[2.242s] -- Symlinking: /home/wellyowo/locobot_sim/locobot_ws/install/aws_robomaker_small_warehouse_world/share/aws_robomaker_small_warehouse_world/models/aws_robomaker_warehouse_ShelfF_01/materials/textures/aws_robomaker_warehouse_ShelfF_02.png
[2.248s] -- Symlinking: /home/wellyowo/locobot_sim/locobot_ws/install/aws_robomaker_small_warehouse_world/share/aws_robomaker_small_warehouse_world/models/aws_robomaker_warehouse_ShelfF_01/materials/textures/aws_robomaker_warehouse_ShelfF_03.png
[2.254s] -- Symlinking: /home/wellyowo/locobot_sim/locobot_ws/install/aws_robomaker_small_warehouse_world/share/aws_robomaker_small_warehouse_world/models/aws_robomaker_warehouse_ShelfF_01/meshes/aws_robomaker_warehouse_ShelfF_01_collision.DAE
[2.261s] -- Symlinking: /home/wellyowo/locobot_sim/locobot_ws/install/aws_robomaker_small_warehouse_world/share/aws_robomaker_small_warehouse_world/models/aws_robomaker_warehouse_ShelfF_01/meshes/aws_robomaker_warehouse_ShelfF_01_visual.DAE
[2.267s] -- Symlinking: /home/wellyowo/locobot_sim/locobot_ws/install/aws_robomaker_small_warehouse_world/share/aws_robomaker_small_warehouse_world/models/aws_robomaker_warehouse_ShelfF_01/model.config
[2.273s] -- Symlinking: /home/wellyowo/locobot_sim/locobot_ws/install/aws_robomaker_small_warehouse_world/share/aws_robomaker_small_warehouse_world/models/aws_robomaker_warehouse_ShelfF_01/model.sdf
[2.279s] -- Symlinking: /home/wellyowo/locobot_sim/locobot_ws/install/aws_robomaker_small_warehouse_world/share/aws_robomaker_small_warehouse_world/models/aws_robomaker_warehouse_TrashCanC_01/materials/textures/aws_robomaker_warehouse_TrashCanC_01.png
[2.286s] -- Symlinking: /home/wellyowo/locobot_sim/locobot_ws/install/aws_robomaker_small_warehouse_world/share/aws_robomaker_small_warehouse_world/models/aws_robomaker_warehouse_TrashCanC_01/meshes/aws_robomaker_warehouse_TrashCanC_01_collision.DAE
[2.292s] -- Symlinking: /home/wellyowo/locobot_sim/locobot_ws/install/aws_robomaker_small_warehouse_world/share/aws_robomaker_small_warehouse_world/models/aws_robomaker_warehouse_TrashCanC_01/meshes/aws_robomaker_warehouse_TrashCanC_01_visual.DAE
[2.299s] -- Symlinking: /home/wellyowo/locobot_sim/locobot_ws/install/aws_robomaker_small_warehouse_world/share/aws_robomaker_small_warehouse_world/models/aws_robomaker_warehouse_TrashCanC_01/model.config
[2.305s] -- Symlinking: /home/wellyowo/locobot_sim/locobot_ws/install/aws_robomaker_small_warehouse_world/share/aws_robomaker_small_warehouse_world/models/aws_robomaker_warehouse_TrashCanC_01/model.sdf
[2.312s] -- Symlinking: /home/wellyowo/locobot_sim/locobot_ws/install/aws_robomaker_small_warehouse_world/share/aws_robomaker_small_warehouse_world/models/aws_robomaker_warehouse_WallB_01/materials/textures/aws_robomaker_warehouse_WallB_01.png
[2.318s] -- Symlinking: /home/wellyowo/locobot_sim/locobot_ws/install/aws_robomaker_small_warehouse_world/share/aws_robomaker_small_warehouse_world/models/aws_robomaker_warehouse_WallB_01/meshes/aws_robomaker_warehouse_WallB_01_collision.DAE
[2.325s] -- Symlinking: /home/wellyowo/locobot_sim/locobot_ws/install/aws_robomaker_small_warehouse_world/share/aws_robomaker_small_warehouse_world/models/aws_robomaker_warehouse_WallB_01/meshes/aws_robomaker_warehouse_WallB_01_visual.DAE
[2.332s] -- Symlinking: /home/wellyowo/locobot_sim/locobot_ws/install/aws_robomaker_small_warehouse_world/share/aws_robomaker_small_warehouse_world/models/aws_robomaker_warehouse_WallB_01/model.config
[2.340s] -- Symlinking: /home/wellyowo/locobot_sim/locobot_ws/install/aws_robomaker_small_warehouse_world/share/aws_robomaker_small_warehouse_world/models/aws_robomaker_warehouse_WallB_01/model.sdf
[2.347s] -- Symlinking: /home/wellyowo/locobot_sim/locobot_ws/install/aws_robomaker_small_warehouse_world/share/aws_robomaker_small_warehouse_world/worlds/no_roof_small_warehouse/no_roof_small_warehouse.world
[2.354s] -- Symlinking: /home/wellyowo/locobot_sim/locobot_ws/install/aws_robomaker_small_warehouse_world/share/aws_robomaker_small_warehouse_world/worlds/small_warehouse/small_warehouse.world
[2.361s] -- Symlinking: /home/wellyowo/locobot_sim/locobot_ws/install/aws_robomaker_small_warehouse_world/share/aws_robomaker_small_warehouse_world/maps/.DS_Store
[2.368s] -- Symlinking: /home/wellyowo/locobot_sim/locobot_ws/install/aws_robomaker_small_warehouse_world/share/aws_robomaker_small_warehouse_world/maps/002/map.pgm
[2.374s] -- Symlinking: /home/wellyowo/locobot_sim/locobot_ws/install/aws_robomaker_small_warehouse_world/share/aws_robomaker_small_warehouse_world/maps/002/map.yaml
[2.380s] -- Symlinking: /home/wellyowo/locobot_sim/locobot_ws/install/aws_robomaker_small_warehouse_world/share/aws_robomaker_small_warehouse_world/maps/005/map.pgm
[2.387s] -- Symlinking: /home/wellyowo/locobot_sim/locobot_ws/install/aws_robomaker_small_warehouse_world/share/aws_robomaker_small_warehouse_world/maps/005/map.yaml
[2.393s] -- Symlinking: /home/wellyowo/locobot_sim/locobot_ws/install/aws_robomaker_small_warehouse_world/share/aws_robomaker_small_warehouse_world/maps/005/map_rotated.pgm
[2.400s] -- Symlinking: /home/wellyowo/locobot_sim/locobot_ws/install/aws_robomaker_small_warehouse_world/share/aws_robomaker_small_warehouse_world/maps/005/map_rotated.png
[2.407s] -- Symlinking: /home/wellyowo/locobot_sim/locobot_ws/install/aws_robomaker_small_warehouse_world/share/aws_robomaker_small_warehouse_world/rviz/basic_data.rviz
[2.414s] -- Symlinking: /home/wellyowo/locobot_sim/locobot_ws/install/aws_robomaker_small_warehouse_world/share/aws_robomaker_small_warehouse_world/environment/aws_robomaker_small_warehouse_world.dsv
[2.421s] -- Symlinking: /home/wellyowo/locobot_sim/locobot_ws/install/aws_robomaker_small_warehouse_world/share/ament_index/resource_index/package_run_dependencies/aws_robomaker_small_warehouse_world
[2.428s] -- Symlinking: /home/wellyowo/locobot_sim/locobot_ws/install/aws_robomaker_small_warehouse_world/share/ament_index/resource_index/parent_prefix_path/aws_robomaker_small_warehouse_world
[2.435s] -- Symlinking: /home/wellyowo/locobot_sim/locobot_ws/install/aws_robomaker_small_warehouse_world/share/aws_robomaker_small_warehouse_world/environment/ament_prefix_path.sh
[2.441s] -- Symlinking: /home/wellyowo/locobot_sim/locobot_ws/install/aws_robomaker_small_warehouse_world/share/aws_robomaker_small_warehouse_world/environment/ament_prefix_path.dsv
[2.448s] -- Symlinking: /home/wellyowo/locobot_sim/locobot_ws/install/aws_robomaker_small_warehouse_world/share/aws_robomaker_small_warehouse_world/environment/path.sh
[2.454s] -- Symlinking: /home/wellyowo/locobot_sim/locobot_ws/install/aws_robomaker_small_warehouse_world/share/aws_robomaker_small_warehouse_world/environment/path.dsv
[2.461s] -- Symlinking: /home/wellyowo/locobot_sim/locobot_ws/install/aws_robomaker_small_warehouse_world/share/aws_robomaker_small_warehouse_world/local_setup.bash
[2.467s] -- Symlinking: /home/wellyowo/locobot_sim/locobot_ws/install/aws_robomaker_small_warehouse_world/share/aws_robomaker_small_warehouse_world/local_setup.sh
[2.474s] -- Symlinking: /home/wellyowo/locobot_sim/locobot_ws/install/aws_robomaker_small_warehouse_world/share/aws_robomaker_small_warehouse_world/local_setup.zsh
[2.481s] -- Symlinking: /home/wellyowo/locobot_sim/locobot_ws/install/aws_robomaker_small_warehouse_world/share/aws_robomaker_small_warehouse_world/local_setup.dsv
[2.487s] -- Symlinking: /home/wellyowo/locobot_sim/locobot_ws/install/aws_robomaker_small_warehouse_world/share/aws_robomaker_small_warehouse_world/package.dsv
[2.495s] -- Symlinking: /home/wellyowo/locobot_sim/locobot_ws/install/aws_robomaker_small_warehouse_world/share/ament_index/resource_index/packages/aws_robomaker_small_warehouse_world
[2.502s] -- Symlinking: /home/wellyowo/locobot_sim/locobot_ws/install/aws_robomaker_small_warehouse_world/share/aws_robomaker_small_warehouse_world/cmake/ament_cmake_export_dependencies-extras.cmake
[2.509s] -- Symlinking: /home/wellyowo/locobot_sim/locobot_ws/install/aws_robomaker_small_warehouse_world/share/aws_robomaker_small_warehouse_world/cmake/aws_robomaker_small_warehouse_worldConfig.cmake
[2.516s] -- Symlinking: /home/wellyowo/locobot_sim/locobot_ws/install/aws_robomaker_small_warehouse_world/share/aws_robomaker_small_warehouse_world/cmake/aws_robomaker_small_warehouse_worldConfig-version.cmake
[2.523s] -- Symlinking: /home/wellyowo/locobot_sim/locobot_ws/install/aws_robomaker_small_warehouse_world/share/aws_robomaker_small_warehouse_world/package.xml
[2.531s] Invoked command in '/home/wellyowo/locobot_sim/locobot_ws/build/aws_robomaker_small_warehouse_world' returned '0': AMENT_PREFIX_PATH=/home/wellyowo/locobot_sim/locobot_ws/install/gazebo_plugins:${AMENT_PREFIX_PATH} CMAKE_PREFIX_PATH=/home/wellyowo/locobot_sim/locobot_ws/install/gazebo_plugins:/opt/ros/humble LD_LIBRARY_PATH=/usr/lib/x86_64-linux-gnu/gazebo-11/plugins:/home/wellyowo/locobot_sim/locobot_ws/install/gazebo_plugins/lib:${LD_LIBRARY_PATH} /usr/bin/cmake --install /home/wellyowo/locobot_sim/locobot_ws/build/aws_robomaker_small_warehouse_world
