[0.134s] Invoking command in '/home/wellyowo/locobot_sim/locobot_ws/build/kobuki_core': AMENT_PREFIX_PATH=/home/wellyowo/locobot_sim/locobot_ws/install/ecl_mobile_robot:/home/wellyowo/locobot_sim/locobot_ws/install/ecl_geometry:/home/wellyowo/locobot_sim/locobot_ws/install/ecl_devices:/home/wellyowo/locobot_sim/locobot_ws/install/ecl_sigslots:/home/wellyowo/locobot_sim/locobot_ws/install/ecl_linear_algebra:/home/wellyowo/locobot_sim/locobot_ws/install/ecl_containers:/home/wellyowo/locobot_sim/locobot_ws/install/ecl_threads:/home/wellyowo/locobot_sim/locobot_ws/install/ecl_formatters:/home/wellyowo/locobot_sim/locobot_ws/install/ecl_utilities:/home/wellyowo/locobot_sim/locobot_ws/install/ecl_time:/home/wellyowo/locobot_sim/locobot_ws/install/ecl_converters:/home/wellyowo/locobot_sim/locobot_ws/install/ecl_time_lite:/home/wellyowo/locobot_sim/locobot_ws/install/ecl_math:/home/wellyowo/locobot_sim/locobot_ws/install/ecl_exceptions:/home/wellyowo/locobot_sim/locobot_ws/install/ecl_concepts:/home/wellyowo/locobot_sim/locobot_ws/install/ecl_type_traits:/home/wellyowo/locobot_sim/locobot_ws/install/ecl_errors:/home/wellyowo/locobot_sim/locobot_ws/install/ecl_console:/home/wellyowo/locobot_sim/locobot_ws/install/ecl_mpl:/home/wellyowo/locobot_sim/locobot_ws/install/ecl_eigen:/home/wellyowo/locobot_sim/locobot_ws/install/ecl_config:/home/wellyowo/locobot_sim/locobot_ws/install/ecl_command_line:${AMENT_PREFIX_PATH} CMAKE_PREFIX_PATH=/home/wellyowo/locobot_sim/locobot_ws/install/ecl_mobile_robot:/home/wellyowo/locobot_sim/locobot_ws/install/ecl_geometry:/home/wellyowo/locobot_sim/locobot_ws/install/ecl_devices:/home/wellyowo/locobot_sim/locobot_ws/install/ecl_sigslots:/home/wellyowo/locobot_sim/locobot_ws/install/ecl_linear_algebra:/home/wellyowo/locobot_sim/locobot_ws/install/ecl_containers:/home/wellyowo/locobot_sim/locobot_ws/install/ecl_threads:/home/wellyowo/locobot_sim/locobot_ws/install/ecl_formatters:/home/wellyowo/locobot_sim/locobot_ws/install/ecl_utilities:/home/wellyowo/locobot_sim/locobot_ws/install/ecl_time:/home/wellyowo/locobot_sim/locobot_ws/install/ecl_converters:/home/wellyowo/locobot_sim/locobot_ws/install/ecl_time_lite:/home/wellyowo/locobot_sim/locobot_ws/install/ecl_math:/home/wellyowo/locobot_sim/locobot_ws/install/ecl_exceptions:/home/wellyowo/locobot_sim/locobot_ws/install/ecl_concepts:/home/wellyowo/locobot_sim/locobot_ws/install/ecl_type_traits:/home/wellyowo/locobot_sim/locobot_ws/install/ecl_errors:/home/wellyowo/locobot_sim/locobot_ws/install/ecl_console:/home/wellyowo/locobot_sim/locobot_ws/install/sophus:/home/wellyowo/locobot_sim/locobot_ws/install/ecl_mpl:/home/wellyowo/locobot_sim/locobot_ws/install/ecl_eigen:/home/wellyowo/locobot_sim/locobot_ws/install/ecl_config:/home/wellyowo/locobot_sim/locobot_ws/install/ecl_command_line:/opt/ros/humble LD_LIBRARY_PATH=/home/wellyowo/locobot_sim/locobot_ws/install/ecl_mobile_robot/lib:/home/wellyowo/locobot_sim/locobot_ws/install/ecl_geometry/lib:/home/wellyowo/locobot_sim/locobot_ws/install/ecl_devices/lib:/home/wellyowo/locobot_sim/locobot_ws/install/ecl_linear_algebra/lib:/home/wellyowo/locobot_sim/locobot_ws/install/ecl_threads/lib:/home/wellyowo/locobot_sim/locobot_ws/install/ecl_formatters/lib:/home/wellyowo/locobot_sim/locobot_ws/install/ecl_time/lib:/home/wellyowo/locobot_sim/locobot_ws/install/ecl_time_lite/lib:/home/wellyowo/locobot_sim/locobot_ws/install/ecl_exceptions/lib:/home/wellyowo/locobot_sim/locobot_ws/install/ecl_type_traits/lib:/home/wellyowo/locobot_sim/locobot_ws/install/ecl_errors/lib:${LD_LIBRARY_PATH} PATH=/home/wellyowo/locobot_sim/locobot_ws/install/ecl_type_traits/bin:/home/wellyowo/locobot_sim/locobot_ws/install/ecl_config/bin:${PATH} PKG_CONFIG_PATH=/home/wellyowo/locobot_sim/locobot_ws/install/sophus/lib/x86_64-linux-gnu/pkgconfig:/home/wellyowo/locobot_sim/locobot_ws/install/sophus/lib/pkgconfig /usr/bin/cmake /home/wellyowo/locobot_sim/locobot_ws/src/ThirdParty/kobuki_core -DBUILD_TESTING=OFF -DCMAKE_PREFIX_PATH= -DAMENT_CMAKE_SYMLINK_INSTALL=1 -DCMAKE_INSTALL_PREFIX=/home/wellyowo/locobot_sim/locobot_ws/install/kobuki_core
[0.278s] -- The C compiler identification is GNU 11.4.0
[0.467s] -- The CXX compiler identification is GNU 11.4.0
[0.497s] -- Detecting C compiler ABI info
[0.743s] -- Detecting C compiler ABI info - done
[0.786s] -- Check for working C compiler: /usr/bin/cc - skipped
[0.786s] -- Detecting C compile features
[0.787s] -- Detecting C compile features - done
[0.792s] -- Detecting CXX compiler ABI info
[1.010s] -- Detecting CXX compiler ABI info - done
[1.019s] -- Check for working CXX compiler: /usr/bin/c++ - skipped
[1.020s] -- Detecting CXX compile features
[1.020s] -- Detecting CXX compile features - done
[1.027s] -- Found ament_cmake_ros: 0.10.0 (/opt/ros/humble/share/ament_cmake_ros/cmake)
[1.273s] -- Found Python3: /usr/bin/python3 (found version "3.10.12") found components: Interpreter 
[1.373s] -- Override CMake install command with custom implementation using symlinks instead of copying resources
[1.421s] -- Found ecl_build: 1.0.3 (/opt/ros/humble/share/ecl_build/cmake)
[1.428s] -- Found ecl_command_line: 1.2.1 (/home/wellyowo/locobot_sim/locobot_ws/install/ecl_command_line/share/ecl_command_line/cmake)
[1.431s] -- Found ecl_config: 1.2.0 (/home/wellyowo/locobot_sim/locobot_ws/install/ecl_config/share/ecl_config/cmake)
[1.435s] -- Found ecl_console: 1.2.0 (/home/wellyowo/locobot_sim/locobot_ws/install/ecl_console/share/ecl_console/cmake)
[1.438s] -- Found ecl_converters: 1.2.1 (/home/wellyowo/locobot_sim/locobot_ws/install/ecl_converters/share/ecl_converters/cmake)
[1.458s] -- Found ecl_devices: 1.2.1 (/home/wellyowo/locobot_sim/locobot_ws/install/ecl_devices/share/ecl_devices/cmake)
[1.471s] -- Looking for pthread.h
[1.602s] -- Looking for pthread.h - found
[1.603s] -- Performing Test CMAKE_HAVE_LIBC_PTHREAD
[1.726s] -- Performing Test CMAKE_HAVE_LIBC_PTHREAD - Success
[1.727s] [33mCMake Warning (dev) at /usr/share/cmake-3.22/Modules/FindPackageHandleStandardArgs.cmake:438 (message):
[1.728s]   The package name passed to `find_package_handle_standard_args` (Threads)
[1.728s]   does not match the name of the calling package (ecl_threads).  This can
[1.729s]   lead to problems in calling code that expects `find_package` result
[1.730s]   variables (e.g., `_FOUND`) to follow a certain pattern.
[1.731s] Call Stack (most recent call first):
[1.731s]   /usr/share/cmake-3.22/Modules/FindThreads.cmake:238 (FIND_PACKAGE_HANDLE_STANDARD_ARGS)
[1.731s]   /opt/ros/humble/share/ecl_build/cmake/ecl_platform_detection.cmake:225 (include)
[1.731s]   /home/wellyowo/locobot_sim/locobot_ws/install/ecl_threads/share/ecl_threads/cmake/ecl_threads-extras.cmake:4 (ecl_detect_threads)
[1.731s] -- Found Threads: TRUE  
[1.731s]   /home/wellyowo/locobot_sim/locobot_ws/install/ecl_threads/share/ecl_threads/cmake/ecl_threadsConfig.cmake:41 (include)
[1.731s]   /home/wellyowo/locobot_sim/locobot_ws/install/ecl_devices/share/ecl_devices/cmake/ament_cmake_export_dependencies-extras.cmake:21 (find_package)
[1.731s]   /home/wellyowo/locobot_sim/locobot_ws/install/ecl_devices/share/ecl_devices/cmake/ecl_devicesConfig.cmake:41 (include)
[1.731s]   CMakeLists.txt:23 (find_package)
[1.732s] This warning is for project developers.  Use -Wno-dev to suppress it.
[1.732s] [0m
[1.742s] -- Found ecl_geometry: 1.2.1 (/home/wellyowo/locobot_sim/locobot_ws/install/ecl_geometry/share/ecl_geometry/cmake)
[1.768s] -- Found ecl_mobile_robot: 1.2.1 (/home/wellyowo/locobot_sim/locobot_ws/install/ecl_mobile_robot/share/ecl_mobile_robot/cmake)
[1.771s] -- Found ecl_sigslots: 1.2.1 (/home/wellyowo/locobot_sim/locobot_ws/install/ecl_sigslots/share/ecl_sigslots/cmake)
[1.851s] -- Configuring done
[1.885s] -- Generating done
[1.897s] -- Build files have been written to: /home/wellyowo/locobot_sim/locobot_ws/build/kobuki_core
[1.910s] Invoked command in '/home/wellyowo/locobot_sim/locobot_ws/build/kobuki_core' returned '0': AMENT_PREFIX_PATH=/home/wellyowo/locobot_sim/locobot_ws/install/ecl_mobile_robot:/home/wellyowo/locobot_sim/locobot_ws/install/ecl_geometry:/home/wellyowo/locobot_sim/locobot_ws/install/ecl_devices:/home/wellyowo/locobot_sim/locobot_ws/install/ecl_sigslots:/home/wellyowo/locobot_sim/locobot_ws/install/ecl_linear_algebra:/home/wellyowo/locobot_sim/locobot_ws/install/ecl_containers:/home/wellyowo/locobot_sim/locobot_ws/install/ecl_threads:/home/wellyowo/locobot_sim/locobot_ws/install/ecl_formatters:/home/wellyowo/locobot_sim/locobot_ws/install/ecl_utilities:/home/wellyowo/locobot_sim/locobot_ws/install/ecl_time:/home/wellyowo/locobot_sim/locobot_ws/install/ecl_converters:/home/wellyowo/locobot_sim/locobot_ws/install/ecl_time_lite:/home/wellyowo/locobot_sim/locobot_ws/install/ecl_math:/home/wellyowo/locobot_sim/locobot_ws/install/ecl_exceptions:/home/wellyowo/locobot_sim/locobot_ws/install/ecl_concepts:/home/wellyowo/locobot_sim/locobot_ws/install/ecl_type_traits:/home/wellyowo/locobot_sim/locobot_ws/install/ecl_errors:/home/wellyowo/locobot_sim/locobot_ws/install/ecl_console:/home/wellyowo/locobot_sim/locobot_ws/install/ecl_mpl:/home/wellyowo/locobot_sim/locobot_ws/install/ecl_eigen:/home/wellyowo/locobot_sim/locobot_ws/install/ecl_config:/home/wellyowo/locobot_sim/locobot_ws/install/ecl_command_line:${AMENT_PREFIX_PATH} CMAKE_PREFIX_PATH=/home/wellyowo/locobot_sim/locobot_ws/install/ecl_mobile_robot:/home/wellyowo/locobot_sim/locobot_ws/install/ecl_geometry:/home/wellyowo/locobot_sim/locobot_ws/install/ecl_devices:/home/wellyowo/locobot_sim/locobot_ws/install/ecl_sigslots:/home/wellyowo/locobot_sim/locobot_ws/install/ecl_linear_algebra:/home/wellyowo/locobot_sim/locobot_ws/install/ecl_containers:/home/wellyowo/locobot_sim/locobot_ws/install/ecl_threads:/home/wellyowo/locobot_sim/locobot_ws/install/ecl_formatters:/home/wellyowo/locobot_sim/locobot_ws/install/ecl_utilities:/home/wellyowo/locobot_sim/locobot_ws/install/ecl_time:/home/wellyowo/locobot_sim/locobot_ws/install/ecl_converters:/home/wellyowo/locobot_sim/locobot_ws/install/ecl_time_lite:/home/wellyowo/locobot_sim/locobot_ws/install/ecl_math:/home/wellyowo/locobot_sim/locobot_ws/install/ecl_exceptions:/home/wellyowo/locobot_sim/locobot_ws/install/ecl_concepts:/home/wellyowo/locobot_sim/locobot_ws/install/ecl_type_traits:/home/wellyowo/locobot_sim/locobot_ws/install/ecl_errors:/home/wellyowo/locobot_sim/locobot_ws/install/ecl_console:/home/wellyowo/locobot_sim/locobot_ws/install/sophus:/home/wellyowo/locobot_sim/locobot_ws/install/ecl_mpl:/home/wellyowo/locobot_sim/locobot_ws/install/ecl_eigen:/home/wellyowo/locobot_sim/locobot_ws/install/ecl_config:/home/wellyowo/locobot_sim/locobot_ws/install/ecl_command_line:/opt/ros/humble LD_LIBRARY_PATH=/home/wellyowo/locobot_sim/locobot_ws/install/ecl_mobile_robot/lib:/home/wellyowo/locobot_sim/locobot_ws/install/ecl_geometry/lib:/home/wellyowo/locobot_sim/locobot_ws/install/ecl_devices/lib:/home/wellyowo/locobot_sim/locobot_ws/install/ecl_linear_algebra/lib:/home/wellyowo/locobot_sim/locobot_ws/install/ecl_threads/lib:/home/wellyowo/locobot_sim/locobot_ws/install/ecl_formatters/lib:/home/wellyowo/locobot_sim/locobot_ws/install/ecl_time/lib:/home/wellyowo/locobot_sim/locobot_ws/install/ecl_time_lite/lib:/home/wellyowo/locobot_sim/locobot_ws/install/ecl_exceptions/lib:/home/wellyowo/locobot_sim/locobot_ws/install/ecl_type_traits/lib:/home/wellyowo/locobot_sim/locobot_ws/install/ecl_errors/lib:${LD_LIBRARY_PATH} PATH=/home/wellyowo/locobot_sim/locobot_ws/install/ecl_type_traits/bin:/home/wellyowo/locobot_sim/locobot_ws/install/ecl_config/bin:${PATH} PKG_CONFIG_PATH=/home/wellyowo/locobot_sim/locobot_ws/install/sophus/lib/x86_64-linux-gnu/pkgconfig:/home/wellyowo/locobot_sim/locobot_ws/install/sophus/lib/pkgconfig /usr/bin/cmake /home/wellyowo/locobot_sim/locobot_ws/src/ThirdParty/kobuki_core -DBUILD_TESTING=OFF -DCMAKE_PREFIX_PATH= -DAMENT_CMAKE_SYMLINK_INSTALL=1 -DCMAKE_INSTALL_PREFIX=/home/wellyowo/locobot_sim/locobot_ws/install/kobuki_core
[1.913s] Invoking command in '/home/wellyowo/locobot_sim/locobot_ws/build/kobuki_core': AMENT_PREFIX_PATH=/home/wellyowo/locobot_sim/locobot_ws/install/ecl_mobile_robot:/home/wellyowo/locobot_sim/locobot_ws/install/ecl_geometry:/home/wellyowo/locobot_sim/locobot_ws/install/ecl_devices:/home/wellyowo/locobot_sim/locobot_ws/install/ecl_sigslots:/home/wellyowo/locobot_sim/locobot_ws/install/ecl_linear_algebra:/home/wellyowo/locobot_sim/locobot_ws/install/ecl_containers:/home/wellyowo/locobot_sim/locobot_ws/install/ecl_threads:/home/wellyowo/locobot_sim/locobot_ws/install/ecl_formatters:/home/wellyowo/locobot_sim/locobot_ws/install/ecl_utilities:/home/wellyowo/locobot_sim/locobot_ws/install/ecl_time:/home/wellyowo/locobot_sim/locobot_ws/install/ecl_converters:/home/wellyowo/locobot_sim/locobot_ws/install/ecl_time_lite:/home/wellyowo/locobot_sim/locobot_ws/install/ecl_math:/home/wellyowo/locobot_sim/locobot_ws/install/ecl_exceptions:/home/wellyowo/locobot_sim/locobot_ws/install/ecl_concepts:/home/wellyowo/locobot_sim/locobot_ws/install/ecl_type_traits:/home/wellyowo/locobot_sim/locobot_ws/install/ecl_errors:/home/wellyowo/locobot_sim/locobot_ws/install/ecl_console:/home/wellyowo/locobot_sim/locobot_ws/install/ecl_mpl:/home/wellyowo/locobot_sim/locobot_ws/install/ecl_eigen:/home/wellyowo/locobot_sim/locobot_ws/install/ecl_config:/home/wellyowo/locobot_sim/locobot_ws/install/ecl_command_line:${AMENT_PREFIX_PATH} CMAKE_PREFIX_PATH=/home/wellyowo/locobot_sim/locobot_ws/install/ecl_mobile_robot:/home/wellyowo/locobot_sim/locobot_ws/install/ecl_geometry:/home/wellyowo/locobot_sim/locobot_ws/install/ecl_devices:/home/wellyowo/locobot_sim/locobot_ws/install/ecl_sigslots:/home/wellyowo/locobot_sim/locobot_ws/install/ecl_linear_algebra:/home/wellyowo/locobot_sim/locobot_ws/install/ecl_containers:/home/wellyowo/locobot_sim/locobot_ws/install/ecl_threads:/home/wellyowo/locobot_sim/locobot_ws/install/ecl_formatters:/home/wellyowo/locobot_sim/locobot_ws/install/ecl_utilities:/home/wellyowo/locobot_sim/locobot_ws/install/ecl_time:/home/wellyowo/locobot_sim/locobot_ws/install/ecl_converters:/home/wellyowo/locobot_sim/locobot_ws/install/ecl_time_lite:/home/wellyowo/locobot_sim/locobot_ws/install/ecl_math:/home/wellyowo/locobot_sim/locobot_ws/install/ecl_exceptions:/home/wellyowo/locobot_sim/locobot_ws/install/ecl_concepts:/home/wellyowo/locobot_sim/locobot_ws/install/ecl_type_traits:/home/wellyowo/locobot_sim/locobot_ws/install/ecl_errors:/home/wellyowo/locobot_sim/locobot_ws/install/ecl_console:/home/wellyowo/locobot_sim/locobot_ws/install/sophus:/home/wellyowo/locobot_sim/locobot_ws/install/ecl_mpl:/home/wellyowo/locobot_sim/locobot_ws/install/ecl_eigen:/home/wellyowo/locobot_sim/locobot_ws/install/ecl_config:/home/wellyowo/locobot_sim/locobot_ws/install/ecl_command_line:/opt/ros/humble LD_LIBRARY_PATH=/home/wellyowo/locobot_sim/locobot_ws/install/ecl_mobile_robot/lib:/home/wellyowo/locobot_sim/locobot_ws/install/ecl_geometry/lib:/home/wellyowo/locobot_sim/locobot_ws/install/ecl_devices/lib:/home/wellyowo/locobot_sim/locobot_ws/install/ecl_linear_algebra/lib:/home/wellyowo/locobot_sim/locobot_ws/install/ecl_threads/lib:/home/wellyowo/locobot_sim/locobot_ws/install/ecl_formatters/lib:/home/wellyowo/locobot_sim/locobot_ws/install/ecl_time/lib:/home/wellyowo/locobot_sim/locobot_ws/install/ecl_time_lite/lib:/home/wellyowo/locobot_sim/locobot_ws/install/ecl_exceptions/lib:/home/wellyowo/locobot_sim/locobot_ws/install/ecl_type_traits/lib:/home/wellyowo/locobot_sim/locobot_ws/install/ecl_errors/lib:${LD_LIBRARY_PATH} PATH=/home/wellyowo/locobot_sim/locobot_ws/install/ecl_type_traits/bin:/home/wellyowo/locobot_sim/locobot_ws/install/ecl_config/bin:${PATH} PKG_CONFIG_PATH=/home/wellyowo/locobot_sim/locobot_ws/install/sophus/lib/x86_64-linux-gnu/pkgconfig:/home/wellyowo/locobot_sim/locobot_ws/install/sophus/lib/pkgconfig /usr/bin/cmake --build /home/wellyowo/locobot_sim/locobot_ws/build/kobuki_core -- -j16 -l16
[1.991s] [ 12%] [32mBuilding CXX object src/driver/CMakeFiles/kobuki_core.dir/battery.cpp.o[0m
[1.991s] [ 12%] [32mBuilding CXX object src/driver/CMakeFiles/kobuki_core.dir/diff_drive.cpp.o[0m
[1.991s] [ 12%] [32mBuilding CXX object src/driver/CMakeFiles/kobuki_core.dir/core_sensors.cpp.o[0m
[1.991s] [ 12%] [32mBuilding CXX object src/driver/CMakeFiles/kobuki_core.dir/command.cpp.o[0m
[2.532s] [ 15%] [32mBuilding CXX object src/driver/CMakeFiles/kobuki_core.dir/__/__/version_info.cpp.o[0m
[2.601s] [ 18%] [32mBuilding CXX object src/driver/CMakeFiles/kobuki_core.dir/packet_finder.cpp.o[0m
[2.849s] [ 28%] [32mBuilding CXX object src/driver/CMakeFiles/kobuki_core.dir/logging.cpp.o[0m
[2.850s] [ 28%] [32mBuilding CXX object src/driver/CMakeFiles/kobuki_core.dir/kobuki.cpp.o[0m
[2.851s] [ 28%] [32mBuilding CXX object src/driver/CMakeFiles/kobuki_core.dir/firmware.cpp.o[0m
[3.176s] [ 31%] [32mBuilding CXX object src/driver/CMakeFiles/kobuki_core.dir/event_manager.cpp.o[0m
[3.446s] [ 34%] [32mBuilding CXX object src/driver/CMakeFiles/kobuki_core.dir/dock_drive_states.cpp.o[0m
[3.942s] [ 37%] [32mBuilding CXX object src/driver/CMakeFiles/kobuki_core.dir/dock_drive.cpp.o[0m
[3.943s] [ 40%] [32mBuilding CXX object src/driver/CMakeFiles/kobuki_core.dir/dock_drive_debug.cpp.o[0m
[8.821s] [ 43%] [32m[1mLinking CXX shared library libkobuki_core.so[0m
[9.074s] [ 43%] Built target kobuki_core
[9.102s] [ 53%] [32mBuilding CXX object src/demos/CMakeFiles/kobuki_core_demo_raw_data_stream.dir/raw_data_stream.cpp.o[0m
[9.103s] [ 53%] [32mBuilding CXX object src/demos/CMakeFiles/kobuki_core_demo_custom_logging.dir/custom_logging.cpp.o[0m
[9.103s] [ 56%] [32mBuilding CXX object src/demos/CMakeFiles/kobuki_core_demo_buttons.dir/buttons.cpp.o[0m
[9.103s] [ 56%] [32mBuilding CXX object src/demos/CMakeFiles/kobuki_core_demo_chirp.dir/chirp.cpp.o[0m
[11.966s] [ 59%] [32m[1mLinking CXX executable demo_custom_logging[0m
[12.153s] [ 59%] Built target kobuki_core_demo_custom_logging
[12.195s] [ 75%] [32mBuilding CXX object src/tools/CMakeFiles/kobuki_core_tool_version_info.dir/version_info.cpp.o[0m
[12.196s] [ 75%] [32mBuilding CXX object src/tools/CMakeFiles/kobuki_core_tool_simple_keyop.dir/simple_keyop.cpp.o[0m
[12.196s] [ 75%] [32mBuilding CXX object src/demos/CMakeFiles/kobuki_core_demo_data_stream.dir/data_stream.cpp.o[0m
[12.196s] [ 75%] [32mBuilding CXX object src/demos/CMakeFiles/kobuki_core_demo_simple_loop.dir/simple_loop.cpp.o[0m
[12.197s] [ 75%] [32mBuilding CXX object src/demos/CMakeFiles/kobuki_core_demo_velocity_commands.dir/velocity_commands.cpp.o[0m
[12.651s] [ 78%] [32m[1mLinking CXX executable demo_velocity_commands[0m
[12.927s] [ 78%] Built target kobuki_core_demo_velocity_commands
[13.776s] [ 81%] [32m[1mLinking CXX executable demo_chirp[0m
[14.057s] [ 81%] Built target kobuki_core_demo_chirp
[14.076s] [ 84%] [32m[1mLinking CXX executable demo_buttons[0m
[14.205s] [ 87%] [32m[1mLinking CXX executable demo_raw_data_stream[0m
[14.340s] [ 87%] Built target kobuki_core_demo_buttons
[14.511s] [ 87%] Built target kobuki_core_demo_raw_data_stream
[16.003s] [ 90%] [32m[1mLinking CXX executable kobuki-version-info[0m
[16.098s] [ 93%] [32m[1mLinking CXX executable demo_data_stream[0m
[16.157s] [ 93%] Built target kobuki_core_tool_version_info
[16.242s] [ 93%] Built target kobuki_core_demo_data_stream
[16.476s] [ 96%] [32m[1mLinking CXX executable kobuki-simple-keyop[0m
[16.591s] [ 96%] Built target kobuki_core_tool_simple_keyop
[16.662s] [100%] [32m[1mLinking CXX executable demo_simple_loop[0m
[16.775s] [100%] Built target kobuki_core_demo_simple_loop
[16.785s] Invoked command in '/home/wellyowo/locobot_sim/locobot_ws/build/kobuki_core' returned '0': AMENT_PREFIX_PATH=/home/wellyowo/locobot_sim/locobot_ws/install/ecl_mobile_robot:/home/wellyowo/locobot_sim/locobot_ws/install/ecl_geometry:/home/wellyowo/locobot_sim/locobot_ws/install/ecl_devices:/home/wellyowo/locobot_sim/locobot_ws/install/ecl_sigslots:/home/wellyowo/locobot_sim/locobot_ws/install/ecl_linear_algebra:/home/wellyowo/locobot_sim/locobot_ws/install/ecl_containers:/home/wellyowo/locobot_sim/locobot_ws/install/ecl_threads:/home/wellyowo/locobot_sim/locobot_ws/install/ecl_formatters:/home/wellyowo/locobot_sim/locobot_ws/install/ecl_utilities:/home/wellyowo/locobot_sim/locobot_ws/install/ecl_time:/home/wellyowo/locobot_sim/locobot_ws/install/ecl_converters:/home/wellyowo/locobot_sim/locobot_ws/install/ecl_time_lite:/home/wellyowo/locobot_sim/locobot_ws/install/ecl_math:/home/wellyowo/locobot_sim/locobot_ws/install/ecl_exceptions:/home/wellyowo/locobot_sim/locobot_ws/install/ecl_concepts:/home/wellyowo/locobot_sim/locobot_ws/install/ecl_type_traits:/home/wellyowo/locobot_sim/locobot_ws/install/ecl_errors:/home/wellyowo/locobot_sim/locobot_ws/install/ecl_console:/home/wellyowo/locobot_sim/locobot_ws/install/ecl_mpl:/home/wellyowo/locobot_sim/locobot_ws/install/ecl_eigen:/home/wellyowo/locobot_sim/locobot_ws/install/ecl_config:/home/wellyowo/locobot_sim/locobot_ws/install/ecl_command_line:${AMENT_PREFIX_PATH} CMAKE_PREFIX_PATH=/home/wellyowo/locobot_sim/locobot_ws/install/ecl_mobile_robot:/home/wellyowo/locobot_sim/locobot_ws/install/ecl_geometry:/home/wellyowo/locobot_sim/locobot_ws/install/ecl_devices:/home/wellyowo/locobot_sim/locobot_ws/install/ecl_sigslots:/home/wellyowo/locobot_sim/locobot_ws/install/ecl_linear_algebra:/home/wellyowo/locobot_sim/locobot_ws/install/ecl_containers:/home/wellyowo/locobot_sim/locobot_ws/install/ecl_threads:/home/wellyowo/locobot_sim/locobot_ws/install/ecl_formatters:/home/wellyowo/locobot_sim/locobot_ws/install/ecl_utilities:/home/wellyowo/locobot_sim/locobot_ws/install/ecl_time:/home/wellyowo/locobot_sim/locobot_ws/install/ecl_converters:/home/wellyowo/locobot_sim/locobot_ws/install/ecl_time_lite:/home/wellyowo/locobot_sim/locobot_ws/install/ecl_math:/home/wellyowo/locobot_sim/locobot_ws/install/ecl_exceptions:/home/wellyowo/locobot_sim/locobot_ws/install/ecl_concepts:/home/wellyowo/locobot_sim/locobot_ws/install/ecl_type_traits:/home/wellyowo/locobot_sim/locobot_ws/install/ecl_errors:/home/wellyowo/locobot_sim/locobot_ws/install/ecl_console:/home/wellyowo/locobot_sim/locobot_ws/install/sophus:/home/wellyowo/locobot_sim/locobot_ws/install/ecl_mpl:/home/wellyowo/locobot_sim/locobot_ws/install/ecl_eigen:/home/wellyowo/locobot_sim/locobot_ws/install/ecl_config:/home/wellyowo/locobot_sim/locobot_ws/install/ecl_command_line:/opt/ros/humble LD_LIBRARY_PATH=/home/wellyowo/locobot_sim/locobot_ws/install/ecl_mobile_robot/lib:/home/wellyowo/locobot_sim/locobot_ws/install/ecl_geometry/lib:/home/wellyowo/locobot_sim/locobot_ws/install/ecl_devices/lib:/home/wellyowo/locobot_sim/locobot_ws/install/ecl_linear_algebra/lib:/home/wellyowo/locobot_sim/locobot_ws/install/ecl_threads/lib:/home/wellyowo/locobot_sim/locobot_ws/install/ecl_formatters/lib:/home/wellyowo/locobot_sim/locobot_ws/install/ecl_time/lib:/home/wellyowo/locobot_sim/locobot_ws/install/ecl_time_lite/lib:/home/wellyowo/locobot_sim/locobot_ws/install/ecl_exceptions/lib:/home/wellyowo/locobot_sim/locobot_ws/install/ecl_type_traits/lib:/home/wellyowo/locobot_sim/locobot_ws/install/ecl_errors/lib:${LD_LIBRARY_PATH} PATH=/home/wellyowo/locobot_sim/locobot_ws/install/ecl_type_traits/bin:/home/wellyowo/locobot_sim/locobot_ws/install/ecl_config/bin:${PATH} PKG_CONFIG_PATH=/home/wellyowo/locobot_sim/locobot_ws/install/sophus/lib/x86_64-linux-gnu/pkgconfig:/home/wellyowo/locobot_sim/locobot_ws/install/sophus/lib/pkgconfig /usr/bin/cmake --build /home/wellyowo/locobot_sim/locobot_ws/build/kobuki_core -- -j16 -l16
[16.788s] Invoking command in '/home/wellyowo/locobot_sim/locobot_ws/build/kobuki_core': AMENT_PREFIX_PATH=/home/wellyowo/locobot_sim/locobot_ws/install/ecl_mobile_robot:/home/wellyowo/locobot_sim/locobot_ws/install/ecl_geometry:/home/wellyowo/locobot_sim/locobot_ws/install/ecl_devices:/home/wellyowo/locobot_sim/locobot_ws/install/ecl_sigslots:/home/wellyowo/locobot_sim/locobot_ws/install/ecl_linear_algebra:/home/wellyowo/locobot_sim/locobot_ws/install/ecl_containers:/home/wellyowo/locobot_sim/locobot_ws/install/ecl_threads:/home/wellyowo/locobot_sim/locobot_ws/install/ecl_formatters:/home/wellyowo/locobot_sim/locobot_ws/install/ecl_utilities:/home/wellyowo/locobot_sim/locobot_ws/install/ecl_time:/home/wellyowo/locobot_sim/locobot_ws/install/ecl_converters:/home/wellyowo/locobot_sim/locobot_ws/install/ecl_time_lite:/home/wellyowo/locobot_sim/locobot_ws/install/ecl_math:/home/wellyowo/locobot_sim/locobot_ws/install/ecl_exceptions:/home/wellyowo/locobot_sim/locobot_ws/install/ecl_concepts:/home/wellyowo/locobot_sim/locobot_ws/install/ecl_type_traits:/home/wellyowo/locobot_sim/locobot_ws/install/ecl_errors:/home/wellyowo/locobot_sim/locobot_ws/install/ecl_console:/home/wellyowo/locobot_sim/locobot_ws/install/ecl_mpl:/home/wellyowo/locobot_sim/locobot_ws/install/ecl_eigen:/home/wellyowo/locobot_sim/locobot_ws/install/ecl_config:/home/wellyowo/locobot_sim/locobot_ws/install/ecl_command_line:${AMENT_PREFIX_PATH} CMAKE_PREFIX_PATH=/home/wellyowo/locobot_sim/locobot_ws/install/ecl_mobile_robot:/home/wellyowo/locobot_sim/locobot_ws/install/ecl_geometry:/home/wellyowo/locobot_sim/locobot_ws/install/ecl_devices:/home/wellyowo/locobot_sim/locobot_ws/install/ecl_sigslots:/home/wellyowo/locobot_sim/locobot_ws/install/ecl_linear_algebra:/home/wellyowo/locobot_sim/locobot_ws/install/ecl_containers:/home/wellyowo/locobot_sim/locobot_ws/install/ecl_threads:/home/wellyowo/locobot_sim/locobot_ws/install/ecl_formatters:/home/wellyowo/locobot_sim/locobot_ws/install/ecl_utilities:/home/wellyowo/locobot_sim/locobot_ws/install/ecl_time:/home/wellyowo/locobot_sim/locobot_ws/install/ecl_converters:/home/wellyowo/locobot_sim/locobot_ws/install/ecl_time_lite:/home/wellyowo/locobot_sim/locobot_ws/install/ecl_math:/home/wellyowo/locobot_sim/locobot_ws/install/ecl_exceptions:/home/wellyowo/locobot_sim/locobot_ws/install/ecl_concepts:/home/wellyowo/locobot_sim/locobot_ws/install/ecl_type_traits:/home/wellyowo/locobot_sim/locobot_ws/install/ecl_errors:/home/wellyowo/locobot_sim/locobot_ws/install/ecl_console:/home/wellyowo/locobot_sim/locobot_ws/install/sophus:/home/wellyowo/locobot_sim/locobot_ws/install/ecl_mpl:/home/wellyowo/locobot_sim/locobot_ws/install/ecl_eigen:/home/wellyowo/locobot_sim/locobot_ws/install/ecl_config:/home/wellyowo/locobot_sim/locobot_ws/install/ecl_command_line:/opt/ros/humble LD_LIBRARY_PATH=/home/wellyowo/locobot_sim/locobot_ws/install/ecl_mobile_robot/lib:/home/wellyowo/locobot_sim/locobot_ws/install/ecl_geometry/lib:/home/wellyowo/locobot_sim/locobot_ws/install/ecl_devices/lib:/home/wellyowo/locobot_sim/locobot_ws/install/ecl_linear_algebra/lib:/home/wellyowo/locobot_sim/locobot_ws/install/ecl_threads/lib:/home/wellyowo/locobot_sim/locobot_ws/install/ecl_formatters/lib:/home/wellyowo/locobot_sim/locobot_ws/install/ecl_time/lib:/home/wellyowo/locobot_sim/locobot_ws/install/ecl_time_lite/lib:/home/wellyowo/locobot_sim/locobot_ws/install/ecl_exceptions/lib:/home/wellyowo/locobot_sim/locobot_ws/install/ecl_type_traits/lib:/home/wellyowo/locobot_sim/locobot_ws/install/ecl_errors/lib:${LD_LIBRARY_PATH} PATH=/home/wellyowo/locobot_sim/locobot_ws/install/ecl_type_traits/bin:/home/wellyowo/locobot_sim/locobot_ws/install/ecl_config/bin:${PATH} PKG_CONFIG_PATH=/home/wellyowo/locobot_sim/locobot_ws/install/sophus/lib/x86_64-linux-gnu/pkgconfig:/home/wellyowo/locobot_sim/locobot_ws/install/sophus/lib/pkgconfig /usr/bin/cmake --install /home/wellyowo/locobot_sim/locobot_ws/build/kobuki_core
[16.794s] -- Install configuration: ""
[16.795s] -- Execute custom install script
[16.795s] -- Symlinking: /home/wellyowo/locobot_sim/locobot_ws/install/kobuki_core/include/kobuki_core/command.hpp
[16.804s] -- Symlinking: /home/wellyowo/locobot_sim/locobot_ws/install/kobuki_core/include/kobuki_core/dock_drive.hpp
[16.812s] -- Symlinking: /home/wellyowo/locobot_sim/locobot_ws/install/kobuki_core/include/kobuki_core/event_manager.hpp
[16.819s] -- Symlinking: /home/wellyowo/locobot_sim/locobot_ws/install/kobuki_core/include/kobuki_core/kobuki.hpp
[16.826s] -- Symlinking: /home/wellyowo/locobot_sim/locobot_ws/install/kobuki_core/include/kobuki_core/logging.hpp
[16.834s] -- Symlinking: /home/wellyowo/locobot_sim/locobot_ws/install/kobuki_core/include/kobuki_core/macros.hpp
[16.842s] -- Symlinking: /home/wellyowo/locobot_sim/locobot_ws/install/kobuki_core/include/kobuki_core/modules.hpp
[16.850s] -- Symlinking: /home/wellyowo/locobot_sim/locobot_ws/install/kobuki_core/include/kobuki_core/modules/acceleration_limiter.hpp
[16.857s] -- Symlinking: /home/wellyowo/locobot_sim/locobot_ws/install/kobuki_core/include/kobuki_core/modules/battery.hpp
[16.865s] -- Symlinking: /home/wellyowo/locobot_sim/locobot_ws/install/kobuki_core/include/kobuki_core/modules/diff_drive.hpp
[16.873s] -- Symlinking: /home/wellyowo/locobot_sim/locobot_ws/install/kobuki_core/include/kobuki_core/modules/digital_output.hpp
[16.880s] -- Symlinking: /home/wellyowo/locobot_sim/locobot_ws/install/kobuki_core/include/kobuki_core/modules/led_array.hpp
[16.888s] -- Symlinking: /home/wellyowo/locobot_sim/locobot_ws/install/kobuki_core/include/kobuki_core/modules/sound.hpp
[16.898s] -- Symlinking: /home/wellyowo/locobot_sim/locobot_ws/install/kobuki_core/include/kobuki_core/packet_handler/packet_finder.hpp
[16.908s] -- Symlinking: /home/wellyowo/locobot_sim/locobot_ws/install/kobuki_core/include/kobuki_core/packet_handler/payload_base.hpp
[16.918s] -- Symlinking: /home/wellyowo/locobot_sim/locobot_ws/install/kobuki_core/include/kobuki_core/packet_handler/payload_headers.hpp
[16.928s] -- Symlinking: /home/wellyowo/locobot_sim/locobot_ws/install/kobuki_core/include/kobuki_core/packets.hpp
[16.939s] -- Symlinking: /home/wellyowo/locobot_sim/locobot_ws/install/kobuki_core/include/kobuki_core/packets/cliff.hpp
[16.947s] -- Symlinking: /home/wellyowo/locobot_sim/locobot_ws/install/kobuki_core/include/kobuki_core/packets/controller_info.hpp
[16.956s] -- Symlinking: /home/wellyowo/locobot_sim/locobot_ws/install/kobuki_core/include/kobuki_core/packets/core_sensors.hpp
[16.965s] -- Symlinking: /home/wellyowo/locobot_sim/locobot_ws/install/kobuki_core/include/kobuki_core/packets/current.hpp
[16.973s] -- Symlinking: /home/wellyowo/locobot_sim/locobot_ws/install/kobuki_core/include/kobuki_core/packets/dock_ir.hpp
[16.981s] -- Symlinking: /home/wellyowo/locobot_sim/locobot_ws/install/kobuki_core/include/kobuki_core/packets/eeprom.hpp
[16.991s] -- Symlinking: /home/wellyowo/locobot_sim/locobot_ws/install/kobuki_core/include/kobuki_core/packets/firmware.hpp
[17.001s] -- Symlinking: /home/wellyowo/locobot_sim/locobot_ws/install/kobuki_core/include/kobuki_core/packets/gp_input.hpp
[17.010s] -- Symlinking: /home/wellyowo/locobot_sim/locobot_ws/install/kobuki_core/include/kobuki_core/packets/hardware.hpp
[17.018s] -- Symlinking: /home/wellyowo/locobot_sim/locobot_ws/install/kobuki_core/include/kobuki_core/packets/inertia.hpp
[17.027s] -- Symlinking: /home/wellyowo/locobot_sim/locobot_ws/install/kobuki_core/include/kobuki_core/packets/three_axis_gyro.hpp
[17.035s] -- Symlinking: /home/wellyowo/locobot_sim/locobot_ws/install/kobuki_core/include/kobuki_core/packets/unique_device_id.hpp
[17.044s] -- Symlinking: /home/wellyowo/locobot_sim/locobot_ws/install/kobuki_core/include/kobuki_core/parameters.hpp
[17.053s] -- Symlinking: /home/wellyowo/locobot_sim/locobot_ws/install/kobuki_core/include/kobuki_core/version_info.hpp
[17.065s] -- Symlinking: /home/wellyowo/locobot_sim/locobot_ws/install/kobuki_core/lib/kobuki_core/demo_chirp
[17.074s] -- Symlinking: /home/wellyowo/locobot_sim/locobot_ws/install/kobuki_core/lib/kobuki_core/demo_custom_logging
[17.084s] -- Symlinking: /home/wellyowo/locobot_sim/locobot_ws/install/kobuki_core/lib/kobuki_core/demo_buttons
[17.095s] -- Symlinking: /home/wellyowo/locobot_sim/locobot_ws/install/kobuki_core/lib/kobuki_core/demo_raw_data_stream
[17.106s] -- Symlinking: /home/wellyowo/locobot_sim/locobot_ws/install/kobuki_core/lib/kobuki_core/demo_data_stream
[17.115s] -- Symlinking: /home/wellyowo/locobot_sim/locobot_ws/install/kobuki_core/lib/kobuki_core/demo_velocity_commands
[17.124s] -- Symlinking: /home/wellyowo/locobot_sim/locobot_ws/install/kobuki_core/lib/kobuki_core/demo_simple_loop
[17.132s] -- Symlinking: /home/wellyowo/locobot_sim/locobot_ws/install/kobuki_core/bin/kobuki-version-info
[17.141s] -- Symlinking: /home/wellyowo/locobot_sim/locobot_ws/install/kobuki_core/bin/kobuki-simple-keyop
[17.150s] -- Symlinking: /home/wellyowo/locobot_sim/locobot_ws/install/kobuki_core/include/CMakeLists.txt
[17.162s] -- Up-to-date symlink: /home/wellyowo/locobot_sim/locobot_ws/install/kobuki_core/include/kobuki_core/command.hpp
[17.163s] -- Up-to-date symlink: /home/wellyowo/locobot_sim/locobot_ws/install/kobuki_core/include/kobuki_core/dock_drive.hpp
[17.163s] -- Up-to-date symlink: /home/wellyowo/locobot_sim/locobot_ws/install/kobuki_core/include/kobuki_core/event_manager.hpp
[17.163s] -- Up-to-date symlink: /home/wellyowo/locobot_sim/locobot_ws/install/kobuki_core/include/kobuki_core/kobuki.hpp
[17.163s] -- Up-to-date symlink: /home/wellyowo/locobot_sim/locobot_ws/install/kobuki_core/include/kobuki_core/logging.hpp
[17.163s] -- Up-to-date symlink: /home/wellyowo/locobot_sim/locobot_ws/install/kobuki_core/include/kobuki_core/macros.hpp
[17.163s] -- Up-to-date symlink: /home/wellyowo/locobot_sim/locobot_ws/install/kobuki_core/include/kobuki_core/modules.hpp
[17.163s] -- Up-to-date symlink: /home/wellyowo/locobot_sim/locobot_ws/install/kobuki_core/include/kobuki_core/modules/acceleration_limiter.hpp
[17.164s] -- Up-to-date symlink: /home/wellyowo/locobot_sim/locobot_ws/install/kobuki_core/include/kobuki_core/modules/battery.hpp
[17.164s] -- Up-to-date symlink: /home/wellyowo/locobot_sim/locobot_ws/install/kobuki_core/include/kobuki_core/modules/diff_drive.hpp
[17.164s] -- Up-to-date symlink: /home/wellyowo/locobot_sim/locobot_ws/install/kobuki_core/include/kobuki_core/modules/digital_output.hpp
[17.164s] -- Up-to-date symlink: /home/wellyowo/locobot_sim/locobot_ws/install/kobuki_core/include/kobuki_core/modules/led_array.hpp
[17.164s] -- Up-to-date symlink: /home/wellyowo/locobot_sim/locobot_ws/install/kobuki_core/include/kobuki_core/modules/sound.hpp
[17.164s] -- Up-to-date symlink: /home/wellyowo/locobot_sim/locobot_ws/install/kobuki_core/include/kobuki_core/packet_handler/packet_finder.hpp
[17.164s] -- Up-to-date symlink: /home/wellyowo/locobot_sim/locobot_ws/install/kobuki_core/include/kobuki_core/packet_handler/payload_base.hpp
[17.164s] -- Up-to-date symlink: /home/wellyowo/locobot_sim/locobot_ws/install/kobuki_core/include/kobuki_core/packet_handler/payload_headers.hpp
[17.164s] -- Up-to-date symlink: /home/wellyowo/locobot_sim/locobot_ws/install/kobuki_core/include/kobuki_core/packets.hpp
[17.164s] -- Up-to-date symlink: /home/wellyowo/locobot_sim/locobot_ws/install/kobuki_core/include/kobuki_core/packets/cliff.hpp
[17.164s] -- Up-to-date symlink: /home/wellyowo/locobot_sim/locobot_ws/install/kobuki_core/include/kobuki_core/packets/controller_info.hpp
[17.164s] -- Up-to-date symlink: /home/wellyowo/locobot_sim/locobot_ws/install/kobuki_core/include/kobuki_core/packets/core_sensors.hpp
[17.165s] -- Up-to-date symlink: /home/wellyowo/locobot_sim/locobot_ws/install/kobuki_core/include/kobuki_core/packets/current.hpp
[17.165s] -- Up-to-date symlink: /home/wellyowo/locobot_sim/locobot_ws/install/kobuki_core/include/kobuki_core/packets/dock_ir.hpp
[17.165s] -- Up-to-date symlink: /home/wellyowo/locobot_sim/locobot_ws/install/kobuki_core/include/kobuki_core/packets/eeprom.hpp
[17.165s] -- Up-to-date symlink: /home/wellyowo/locobot_sim/locobot_ws/install/kobuki_core/include/kobuki_core/packets/firmware.hpp
[17.165s] -- Up-to-date symlink: /home/wellyowo/locobot_sim/locobot_ws/install/kobuki_core/include/kobuki_core/packets/gp_input.hpp
[17.165s] -- Up-to-date symlink: /home/wellyowo/locobot_sim/locobot_ws/install/kobuki_core/include/kobuki_core/packets/hardware.hpp
[17.165s] -- Up-to-date symlink: /home/wellyowo/locobot_sim/locobot_ws/install/kobuki_core/include/kobuki_core/packets/inertia.hpp
[17.165s] -- Up-to-date symlink: /home/wellyowo/locobot_sim/locobot_ws/install/kobuki_core/include/kobuki_core/packets/three_axis_gyro.hpp
[17.165s] -- Up-to-date symlink: /home/wellyowo/locobot_sim/locobot_ws/install/kobuki_core/include/kobuki_core/packets/unique_device_id.hpp
[17.165s] -- Up-to-date symlink: /home/wellyowo/locobot_sim/locobot_ws/install/kobuki_core/include/kobuki_core/parameters.hpp
[17.165s] -- Up-to-date symlink: /home/wellyowo/locobot_sim/locobot_ws/install/kobuki_core/include/kobuki_core/version_info.hpp
[17.166s] -- Symlinking: /home/wellyowo/locobot_sim/locobot_ws/install/kobuki_core/share/kobuki_core/environment/library_path.sh
[17.177s] -- Symlinking: /home/wellyowo/locobot_sim/locobot_ws/install/kobuki_core/share/kobuki_core/environment/library_path.dsv
[17.188s] -- Symlinking: /home/wellyowo/locobot_sim/locobot_ws/install/kobuki_core/share/ament_index/resource_index/package_run_dependencies/kobuki_core
[17.200s] -- Symlinking: /home/wellyowo/locobot_sim/locobot_ws/install/kobuki_core/share/ament_index/resource_index/parent_prefix_path/kobuki_core
[17.212s] -- Symlinking: /home/wellyowo/locobot_sim/locobot_ws/install/kobuki_core/share/kobuki_core/environment/ament_prefix_path.sh
[17.224s] -- Symlinking: /home/wellyowo/locobot_sim/locobot_ws/install/kobuki_core/share/kobuki_core/environment/ament_prefix_path.dsv
[17.236s] -- Symlinking: /home/wellyowo/locobot_sim/locobot_ws/install/kobuki_core/share/kobuki_core/environment/path.sh
[17.249s] -- Symlinking: /home/wellyowo/locobot_sim/locobot_ws/install/kobuki_core/share/kobuki_core/environment/path.dsv
[17.259s] -- Symlinking: /home/wellyowo/locobot_sim/locobot_ws/install/kobuki_core/share/kobuki_core/local_setup.bash
[17.268s] -- Symlinking: /home/wellyowo/locobot_sim/locobot_ws/install/kobuki_core/share/kobuki_core/local_setup.sh
[17.276s] -- Symlinking: /home/wellyowo/locobot_sim/locobot_ws/install/kobuki_core/share/kobuki_core/local_setup.zsh
[17.287s] -- Symlinking: /home/wellyowo/locobot_sim/locobot_ws/install/kobuki_core/share/kobuki_core/local_setup.dsv
[17.295s] -- Symlinking: /home/wellyowo/locobot_sim/locobot_ws/install/kobuki_core/share/kobuki_core/package.dsv
[17.304s] -- Symlinking: /home/wellyowo/locobot_sim/locobot_ws/install/kobuki_core/share/ament_index/resource_index/packages/kobuki_core
[17.313s] -- Symlinking: /home/wellyowo/locobot_sim/locobot_ws/install/kobuki_core/share/kobuki_core/cmake/ament_cmake_export_targets-extras.cmake
[17.324s] -- Symlinking: /home/wellyowo/locobot_sim/locobot_ws/install/kobuki_core/share/kobuki_core/cmake/ament_cmake_export_dependencies-extras.cmake
[17.334s] -- Symlinking: /home/wellyowo/locobot_sim/locobot_ws/install/kobuki_core/share/kobuki_core/cmake/ament_cmake_export_include_directories-extras.cmake
[17.344s] -- Symlinking: /home/wellyowo/locobot_sim/locobot_ws/install/kobuki_core/share/kobuki_core/cmake/ament_cmake_export_libraries-extras.cmake
[17.352s] -- Symlinking: /home/wellyowo/locobot_sim/locobot_ws/install/kobuki_core/share/kobuki_core/cmake/kobuki_coreConfig.cmake
[17.363s] -- Symlinking: /home/wellyowo/locobot_sim/locobot_ws/install/kobuki_core/share/kobuki_core/cmake/kobuki_coreConfig-version.cmake
[17.374s] -- Symlinking: /home/wellyowo/locobot_sim/locobot_ws/install/kobuki_core/share/kobuki_core/package.xml
[17.385s] -- Installing: /home/wellyowo/locobot_sim/locobot_ws/install/kobuki_core/share/kobuki_core/cmake/kobuki_coreExport.cmake
[17.386s] -- Installing: /home/wellyowo/locobot_sim/locobot_ws/install/kobuki_core/share/kobuki_core/cmake/kobuki_coreExport-noconfig.cmake
[17.386s] -- Installing: /home/wellyowo/locobot_sim/locobot_ws/install/kobuki_core/lib/libkobuki_core.so.1.3.1
[17.390s] -- Set runtime path of "/home/wellyowo/locobot_sim/locobot_ws/install/kobuki_core/lib/libkobuki_core.so.1.3.1" to ""
[17.390s] -- Installing: /home/wellyowo/locobot_sim/locobot_ws/install/kobuki_core/lib/libkobuki_core.so
[17.394s] Invoked command in '/home/wellyowo/locobot_sim/locobot_ws/build/kobuki_core' returned '0': AMENT_PREFIX_PATH=/home/wellyowo/locobot_sim/locobot_ws/install/ecl_mobile_robot:/home/wellyowo/locobot_sim/locobot_ws/install/ecl_geometry:/home/wellyowo/locobot_sim/locobot_ws/install/ecl_devices:/home/wellyowo/locobot_sim/locobot_ws/install/ecl_sigslots:/home/wellyowo/locobot_sim/locobot_ws/install/ecl_linear_algebra:/home/wellyowo/locobot_sim/locobot_ws/install/ecl_containers:/home/wellyowo/locobot_sim/locobot_ws/install/ecl_threads:/home/wellyowo/locobot_sim/locobot_ws/install/ecl_formatters:/home/wellyowo/locobot_sim/locobot_ws/install/ecl_utilities:/home/wellyowo/locobot_sim/locobot_ws/install/ecl_time:/home/wellyowo/locobot_sim/locobot_ws/install/ecl_converters:/home/wellyowo/locobot_sim/locobot_ws/install/ecl_time_lite:/home/wellyowo/locobot_sim/locobot_ws/install/ecl_math:/home/wellyowo/locobot_sim/locobot_ws/install/ecl_exceptions:/home/wellyowo/locobot_sim/locobot_ws/install/ecl_concepts:/home/wellyowo/locobot_sim/locobot_ws/install/ecl_type_traits:/home/wellyowo/locobot_sim/locobot_ws/install/ecl_errors:/home/wellyowo/locobot_sim/locobot_ws/install/ecl_console:/home/wellyowo/locobot_sim/locobot_ws/install/ecl_mpl:/home/wellyowo/locobot_sim/locobot_ws/install/ecl_eigen:/home/wellyowo/locobot_sim/locobot_ws/install/ecl_config:/home/wellyowo/locobot_sim/locobot_ws/install/ecl_command_line:${AMENT_PREFIX_PATH} CMAKE_PREFIX_PATH=/home/wellyowo/locobot_sim/locobot_ws/install/ecl_mobile_robot:/home/wellyowo/locobot_sim/locobot_ws/install/ecl_geometry:/home/wellyowo/locobot_sim/locobot_ws/install/ecl_devices:/home/wellyowo/locobot_sim/locobot_ws/install/ecl_sigslots:/home/wellyowo/locobot_sim/locobot_ws/install/ecl_linear_algebra:/home/wellyowo/locobot_sim/locobot_ws/install/ecl_containers:/home/wellyowo/locobot_sim/locobot_ws/install/ecl_threads:/home/wellyowo/locobot_sim/locobot_ws/install/ecl_formatters:/home/wellyowo/locobot_sim/locobot_ws/install/ecl_utilities:/home/wellyowo/locobot_sim/locobot_ws/install/ecl_time:/home/wellyowo/locobot_sim/locobot_ws/install/ecl_converters:/home/wellyowo/locobot_sim/locobot_ws/install/ecl_time_lite:/home/wellyowo/locobot_sim/locobot_ws/install/ecl_math:/home/wellyowo/locobot_sim/locobot_ws/install/ecl_exceptions:/home/wellyowo/locobot_sim/locobot_ws/install/ecl_concepts:/home/wellyowo/locobot_sim/locobot_ws/install/ecl_type_traits:/home/wellyowo/locobot_sim/locobot_ws/install/ecl_errors:/home/wellyowo/locobot_sim/locobot_ws/install/ecl_console:/home/wellyowo/locobot_sim/locobot_ws/install/sophus:/home/wellyowo/locobot_sim/locobot_ws/install/ecl_mpl:/home/wellyowo/locobot_sim/locobot_ws/install/ecl_eigen:/home/wellyowo/locobot_sim/locobot_ws/install/ecl_config:/home/wellyowo/locobot_sim/locobot_ws/install/ecl_command_line:/opt/ros/humble LD_LIBRARY_PATH=/home/wellyowo/locobot_sim/locobot_ws/install/ecl_mobile_robot/lib:/home/wellyowo/locobot_sim/locobot_ws/install/ecl_geometry/lib:/home/wellyowo/locobot_sim/locobot_ws/install/ecl_devices/lib:/home/wellyowo/locobot_sim/locobot_ws/install/ecl_linear_algebra/lib:/home/wellyowo/locobot_sim/locobot_ws/install/ecl_threads/lib:/home/wellyowo/locobot_sim/locobot_ws/install/ecl_formatters/lib:/home/wellyowo/locobot_sim/locobot_ws/install/ecl_time/lib:/home/wellyowo/locobot_sim/locobot_ws/install/ecl_time_lite/lib:/home/wellyowo/locobot_sim/locobot_ws/install/ecl_exceptions/lib:/home/wellyowo/locobot_sim/locobot_ws/install/ecl_type_traits/lib:/home/wellyowo/locobot_sim/locobot_ws/install/ecl_errors/lib:${LD_LIBRARY_PATH} PATH=/home/wellyowo/locobot_sim/locobot_ws/install/ecl_type_traits/bin:/home/wellyowo/locobot_sim/locobot_ws/install/ecl_config/bin:${PATH} PKG_CONFIG_PATH=/home/wellyowo/locobot_sim/locobot_ws/install/sophus/lib/x86_64-linux-gnu/pkgconfig:/home/wellyowo/locobot_sim/locobot_ws/install/sophus/lib/pkgconfig /usr/bin/cmake --install /home/wellyowo/locobot_sim/locobot_ws/build/kobuki_core
