[0.030s] Invoking command in '/home/wellyowo/locobot_sim/locobot_ws/build/dynamixel_workbench_toolbox': CMAKE_PREFIX_PATH=/opt/ros/humble /usr/bin/cmake /home/wellyowo/locobot_sim/locobot_ws/src/interbotix_ros_core/interbotix_ros_xseries/dynamixel_workbench_toolbox -DBUILD_TESTING=OFF -DCMAKE_PREFIX_PATH= -DAMENT_CMAKE_SYMLINK_INSTALL=1 -DCMAKE_INSTALL_PREFIX=/home/wellyowo/locobot_sim/locobot_ws/install/dynamixel_workbench_toolbox
[0.199s] -- The C compiler identification is GNU 11.4.0
[0.199s] -- The CXX compiler identification is GNU 11.4.0
[0.199s] -- Detecting C compiler ABI info
[0.200s] -- Detecting C compiler ABI info - done
[0.200s] -- Check for working C compiler: /usr/bin/cc - skipped
[0.200s] -- Detecting C compile features
[0.200s] -- Detecting C compile features - done
[0.200s] -- Detecting CXX compiler ABI info
[0.261s] -- Detecting CXX compiler ABI info - done
[0.276s] -- Check for working CXX compiler: /usr/bin/c++ - skipped
[0.276s] -- Detecting CXX compile features
[0.277s] -- Detecting CXX compile features - done
[0.285s] -- Found ament_cmake: 1.3.11 (/opt/ros/humble/share/ament_cmake/cmake)
[0.492s] -- Found Python3: /usr/bin/python3 (found version "3.10.12") found components: Interpreter 
[0.584s] -- Override CMake install command with custom implementation using symlinks instead of copying resources
[0.623s] -- Found dynamixel_sdk: 3.8.4 (/opt/ros/humble/share/dynamixel_sdk/cmake)
[0.629s] -- Found rclcpp: 16.0.12 (/opt/ros/humble/share/rclcpp/cmake)
[0.703s] -- Found rosidl_generator_c: 3.1.6 (/opt/ros/humble/share/rosidl_generator_c/cmake)
[0.722s] -- Found rosidl_adapter: 3.1.6 (/opt/ros/humble/share/rosidl_adapter/cmake)
[0.727s] -- Found rosidl_generator_cpp: 3.1.6 (/opt/ros/humble/share/rosidl_generator_cpp/cmake)
[0.743s] -- Using all available rosidl_typesupport_c: rosidl_typesupport_fastrtps_c;rosidl_typesupport_introspection_c
[0.770s] -- Using all available rosidl_typesupport_cpp: rosidl_typesupport_fastrtps_cpp;rosidl_typesupport_introspection_cpp
[0.855s] -- Found rmw_implementation_cmake: 6.1.2 (/opt/ros/humble/share/rmw_implementation_cmake/cmake)
[0.859s] -- Found rmw_fastrtps_cpp: 6.2.7 (/opt/ros/humble/share/rmw_fastrtps_cpp/cmake)
[1.086s] -- Found OpenSSL: /usr/lib/x86_64-linux-gnu/libcrypto.so (found version "3.0.2")  
[1.136s] -- Found FastRTPS: /opt/ros/humble/include  
[1.260s] -- Using RMW implementation 'rmw_fastrtps_cpp' as default
[1.415s] -- Looking for pthread.h
[1.633s] -- Looking for pthread.h - found
[1.633s] -- Performing Test CMAKE_HAVE_LIBC_PTHREAD
[1.845s] -- Performing Test CMAKE_HAVE_LIBC_PTHREAD - Success
[1.850s] -- Found Threads: TRUE  
[2.207s] -- Configuring done
[2.227s] -- Generating done
[2.232s] -- Build files have been written to: /home/wellyowo/locobot_sim/locobot_ws/build/dynamixel_workbench_toolbox
[2.315s] Invoked command in '/home/wellyowo/locobot_sim/locobot_ws/build/dynamixel_workbench_toolbox' returned '0': CMAKE_PREFIX_PATH=/opt/ros/humble /usr/bin/cmake /home/wellyowo/locobot_sim/locobot_ws/src/interbotix_ros_core/interbotix_ros_xseries/dynamixel_workbench_toolbox -DBUILD_TESTING=OFF -DCMAKE_PREFIX_PATH= -DAMENT_CMAKE_SYMLINK_INSTALL=1 -DCMAKE_INSTALL_PREFIX=/home/wellyowo/locobot_sim/locobot_ws/install/dynamixel_workbench_toolbox
[2.315s] Invoking command in '/home/wellyowo/locobot_sim/locobot_ws/build/dynamixel_workbench_toolbox': CMAKE_PREFIX_PATH=/opt/ros/humble /usr/bin/cmake --build /home/wellyowo/locobot_sim/locobot_ws/build/dynamixel_workbench_toolbox -- -j16 -l16
[4.343s] [ 20%] [32mBuilding CXX object CMakeFiles/dynamixel_workbench_toolbox.dir/src/dynamixel_workbench_toolbox/dynamixel_item.cpp.o[0m
[4.343s] [ 40%] [32mBuilding CXX object CMakeFiles/dynamixel_workbench_toolbox.dir/src/dynamixel_workbench_toolbox/dynamixel_driver.cpp.o[0m
[4.343s] [ 60%] [32mBuilding CXX object CMakeFiles/dynamixel_workbench_toolbox.dir/src/dynamixel_workbench_toolbox/dynamixel_tool.cpp.o[0m
[4.343s] [ 80%] [32mBuilding CXX object CMakeFiles/dynamixel_workbench_toolbox.dir/src/dynamixel_workbench_toolbox/dynamixel_workbench.cpp.o[0m
[4.343s] [100%] [32m[1mLinking CXX shared library libdynamixel_workbench_toolbox.so[0m
[4.344s] [100%] Built target dynamixel_workbench_toolbox
[4.344s] [01m[K/home/wellyowo/locobot_sim/locobot_ws/src/interbotix_ros_core/interbotix_ros_xseries/dynamixel_workbench_toolbox/src/dynamixel_workbench_toolbox/dynamixel_driver.cpp:[m[K In member function ‘[01m[Kbool DynamixelDriver::readRegister(uint8_t, uint16_t, uint16_t, uint32_t*, const char**)[m[K’:
[4.344s] [01m[K/home/wellyowo/locobot_sim/locobot_ws/src/interbotix_ros_core/interbotix_ros_xseries/dynamixel_workbench_toolbox/src/dynamixel_workbench_toolbox/dynamixel_driver.cpp:776:11:[m[K [01;35m[Kwarning: [m[KISO C++ forbids variable length array ‘[01m[Kdata_read[m[K’ [[01;35m[K-Wvla[m[K]
[4.344s]   776 |   uint8_t [01;35m[Kdata_read[m[K[length];
[4.344s]       |           [01;35m[K^~~~~~~~~[m[K
[4.344s] [01m[K/home/wellyowo/locobot_sim/locobot_ws/src/interbotix_ros_core/interbotix_ros_xseries/dynamixel_workbench_toolbox/src/dynamixel_workbench_toolbox/dynamixel_driver.cpp:[m[K In member function ‘[01m[Kbool DynamixelDriver::syncWrite(uint8_t, uint8_t*, uint8_t, int32_t*, uint8_t, const char**)[m[K’:
[4.356s] [01m[K/home/wellyowo/locobot_sim/locobot_ws/src/interbotix_ros_core/interbotix_ros_xseries/dynamixel_workbench_toolbox/src/dynamixel_workbench_toolbox/dynamixel_driver.cpp:1012:11:[m[K [01;35m[Kwarning: [m[KISO C++ forbids variable length array ‘[01m[Kmulti_parameter[m[K’ [[01;35m[K-Wvla[m[K]
[4.356s]  1012 |   uint8_t [01;35m[Kmulti_parameter[m[K[4*data_num_for_each_id];
[4.356s]       |           [01;35m[K^~~~~~~~~~~~~~~[m[K
[4.428s] Invoked command in '/home/wellyowo/locobot_sim/locobot_ws/build/dynamixel_workbench_toolbox' returned '0': CMAKE_PREFIX_PATH=/opt/ros/humble /usr/bin/cmake --build /home/wellyowo/locobot_sim/locobot_ws/build/dynamixel_workbench_toolbox -- -j16 -l16
[4.439s] Invoking command in '/home/wellyowo/locobot_sim/locobot_ws/build/dynamixel_workbench_toolbox': CMAKE_PREFIX_PATH=/opt/ros/humble /usr/bin/cmake --install /home/wellyowo/locobot_sim/locobot_ws/build/dynamixel_workbench_toolbox
[4.635s] -- Install configuration: ""
[4.635s] -- Execute custom install script
[4.635s] -- Symlinking: /home/wellyowo/locobot_sim/locobot_ws/install/dynamixel_workbench_toolbox/lib/libdynamixel_workbench_toolbox.so
[4.635s] -- Symlinking: /home/wellyowo/locobot_sim/locobot_ws/install/dynamixel_workbench_toolbox/include//dynamixel_workbench_toolbox/dynamixel_driver.h
[4.635s] -- Symlinking: /home/wellyowo/locobot_sim/locobot_ws/install/dynamixel_workbench_toolbox/include//dynamixel_workbench_toolbox/dynamixel_item.h
[4.635s] -- Symlinking: /home/wellyowo/locobot_sim/locobot_ws/install/dynamixel_workbench_toolbox/include//dynamixel_workbench_toolbox/dynamixel_tool.h
[4.650s] -- Symlinking: /home/wellyowo/locobot_sim/locobot_ws/install/dynamixel_workbench_toolbox/include//dynamixel_workbench_toolbox/dynamixel_workbench.h
[4.736s] -- Symlinking: /home/wellyowo/locobot_sim/locobot_ws/install/dynamixel_workbench_toolbox/share/dynamixel_workbench_toolbox/environment/library_path.sh
[4.774s] -- Symlinking: /home/wellyowo/locobot_sim/locobot_ws/install/dynamixel_workbench_toolbox/share/dynamixel_workbench_toolbox/environment/library_path.dsv
[4.842s] -- Symlinking: /home/wellyowo/locobot_sim/locobot_ws/install/dynamixel_workbench_toolbox/share/ament_index/resource_index/package_run_dependencies/dynamixel_workbench_toolbox
[4.936s] -- Symlinking: /home/wellyowo/locobot_sim/locobot_ws/install/dynamixel_workbench_toolbox/share/ament_index/resource_index/parent_prefix_path/dynamixel_workbench_toolbox
[5.010s] -- Symlinking: /home/wellyowo/locobot_sim/locobot_ws/install/dynamixel_workbench_toolbox/share/dynamixel_workbench_toolbox/environment/ament_prefix_path.sh
[5.083s] -- Symlinking: /home/wellyowo/locobot_sim/locobot_ws/install/dynamixel_workbench_toolbox/share/dynamixel_workbench_toolbox/environment/ament_prefix_path.dsv
[5.132s] -- Symlinking: /home/wellyowo/locobot_sim/locobot_ws/install/dynamixel_workbench_toolbox/share/dynamixel_workbench_toolbox/environment/path.sh
[5.213s] -- Symlinking: /home/wellyowo/locobot_sim/locobot_ws/install/dynamixel_workbench_toolbox/share/dynamixel_workbench_toolbox/environment/path.dsv
[5.267s] -- Symlinking: /home/wellyowo/locobot_sim/locobot_ws/install/dynamixel_workbench_toolbox/share/dynamixel_workbench_toolbox/local_setup.bash
[5.270s] -- Symlinking: /home/wellyowo/locobot_sim/locobot_ws/install/dynamixel_workbench_toolbox/share/dynamixel_workbench_toolbox/local_setup.sh
[5.287s] -- Symlinking: /home/wellyowo/locobot_sim/locobot_ws/install/dynamixel_workbench_toolbox/share/dynamixel_workbench_toolbox/local_setup.zsh
[5.345s] -- Symlinking: /home/wellyowo/locobot_sim/locobot_ws/install/dynamixel_workbench_toolbox/share/dynamixel_workbench_toolbox/local_setup.dsv
[5.396s] -- Symlinking: /home/wellyowo/locobot_sim/locobot_ws/install/dynamixel_workbench_toolbox/share/dynamixel_workbench_toolbox/package.dsv
[5.454s] -- Symlinking: /home/wellyowo/locobot_sim/locobot_ws/install/dynamixel_workbench_toolbox/share/ament_index/resource_index/packages/dynamixel_workbench_toolbox
[5.471s] -- Symlinking: /home/wellyowo/locobot_sim/locobot_ws/install/dynamixel_workbench_toolbox/share/dynamixel_workbench_toolbox/cmake/ament_cmake_export_include_directories-extras.cmake
[5.493s] -- Symlinking: /home/wellyowo/locobot_sim/locobot_ws/install/dynamixel_workbench_toolbox/share/dynamixel_workbench_toolbox/cmake/ament_cmake_export_dependencies-extras.cmake
[5.515s] -- Symlinking: /home/wellyowo/locobot_sim/locobot_ws/install/dynamixel_workbench_toolbox/share/dynamixel_workbench_toolbox/cmake/ament_cmake_export_libraries-extras.cmake
[5.546s] -- Symlinking: /home/wellyowo/locobot_sim/locobot_ws/install/dynamixel_workbench_toolbox/share/dynamixel_workbench_toolbox/cmake/dynamixel_workbench_toolboxConfig.cmake
[5.574s] -- Symlinking: /home/wellyowo/locobot_sim/locobot_ws/install/dynamixel_workbench_toolbox/share/dynamixel_workbench_toolbox/cmake/dynamixel_workbench_toolboxConfig-version.cmake
[5.604s] -- Symlinking: /home/wellyowo/locobot_sim/locobot_ws/install/dynamixel_workbench_toolbox/share/dynamixel_workbench_toolbox/package.xml
[5.683s] Invoked command in '/home/wellyowo/locobot_sim/locobot_ws/build/dynamixel_workbench_toolbox' returned '0': CMAKE_PREFIX_PATH=/opt/ros/humble /usr/bin/cmake --install /home/wellyowo/locobot_sim/locobot_ws/build/dynamixel_workbench_toolbox
