[0.213s] Invoking command in '/home/wellyowo/locobot_sim/locobot_ws/build/ecl_command_line': CMAKE_PREFIX_PATH=/opt/ros/humble /usr/bin/cmake /home/wellyowo/locobot_sim/locobot_ws/src/ThirdParty/ecl/ecl_core/ecl_command_line -DBUILD_TESTING=OFF -DCMAKE_PREFIX_PATH= -DAMENT_CMAKE_SYMLINK_INSTALL=1 -DCMAKE_INSTALL_PREFIX=/home/wellyowo/locobot_sim/locobot_ws/install/ecl_command_line
[0.280s] -- The C compiler identification is GNU 11.4.0
[0.369s] -- The CXX compiler identification is GNU 11.4.0
[0.378s] -- Detecting C compiler ABI info
[0.485s] -- Detecting C compiler ABI info - done
[0.494s] -- Check for working C compiler: /usr/bin/cc - skipped
[0.494s] -- Detecting C compile features
[0.494s] -- Detecting C compile features - done
[0.498s] -- Detecting CXX compiler ABI info
[0.608s] -- Detecting CXX compiler ABI info - done
[0.625s] -- Check for working CXX compiler: /usr/bin/c++ - skipped
[0.625s] -- Detecting CXX compile features
[0.627s] -- Detecting CXX compile features - done
[0.640s] -- Found ament_cmake_ros: 0.10.0 (/opt/ros/humble/share/ament_cmake_ros/cmake)
[1.006s] -- Found Python3: /usr/bin/python3 (found version "3.10.12") found components: Interpreter 
[1.081s] -- Override CMake install command with custom implementation using symlinks instead of copying resources
[1.555s] -- Found ecl_build: 1.0.3 (/opt/ros/humble/share/ecl_build/cmake)
[1.701s] -- Configuring done
[1.717s] -- Generating done
[1.721s] -- Build files have been written to: /home/wellyowo/locobot_sim/locobot_ws/build/ecl_command_line
[1.737s] Invoked command in '/home/wellyowo/locobot_sim/locobot_ws/build/ecl_command_line' returned '0': CMAKE_PREFIX_PATH=/opt/ros/humble /usr/bin/cmake /home/wellyowo/locobot_sim/locobot_ws/src/ThirdParty/ecl/ecl_core/ecl_command_line -DBUILD_TESTING=OFF -DCMAKE_PREFIX_PATH= -DAMENT_CMAKE_SYMLINK_INSTALL=1 -DCMAKE_INSTALL_PREFIX=/home/wellyowo/locobot_sim/locobot_ws/install/ecl_command_line
[1.737s] Invoking command in '/home/wellyowo/locobot_sim/locobot_ws/build/ecl_command_line': CMAKE_PREFIX_PATH=/opt/ros/humble /usr/bin/cmake --build /home/wellyowo/locobot_sim/locobot_ws/build/ecl_command_line -- -j16 -l16
[3.580s] [ 50%] [32mBuilding CXX object src/examples/CMakeFiles/ecl_demo_command_line.dir/command_line.cpp.o[0m
[3.580s] [100%] [32m[1mLinking CXX executable demo_command_line[0m
[3.580s] [100%] Built target ecl_demo_command_line
[3.679s] Invoked command in '/home/wellyowo/locobot_sim/locobot_ws/build/ecl_command_line' returned '0': CMAKE_PREFIX_PATH=/opt/ros/humble /usr/bin/cmake --build /home/wellyowo/locobot_sim/locobot_ws/build/ecl_command_line -- -j16 -l16
[3.680s] Invoking command in '/home/wellyowo/locobot_sim/locobot_ws/build/ecl_command_line': CMAKE_PREFIX_PATH=/opt/ros/humble /usr/bin/cmake --install /home/wellyowo/locobot_sim/locobot_ws/build/ecl_command_line
[4.293s] -- Install configuration: ""
[4.293s] -- Execute custom install script
[4.293s] -- Symlinking: /home/wellyowo/locobot_sim/locobot_ws/install/ecl_command_line/include/ecl/command_line/arg.hpp
[4.293s] -- Symlinking: /home/wellyowo/locobot_sim/locobot_ws/install/ecl_command_line/include/ecl/command_line/arg_exception.hpp
[4.294s] -- Symlinking: /home/wellyowo/locobot_sim/locobot_ws/install/ecl_command_line/include/ecl/command_line/cmd_line.hpp
[4.294s] -- Symlinking: /home/wellyowo/locobot_sim/locobot_ws/install/ecl_command_line/include/ecl/command_line/cmd_line_interface.hpp
[4.294s] -- Symlinking: /home/wellyowo/locobot_sim/locobot_ws/install/ecl_command_line/include/ecl/command_line/cmd_line_output.hpp
[4.294s] -- Symlinking: /home/wellyowo/locobot_sim/locobot_ws/install/ecl_command_line/include/ecl/command_line/constraint.hpp
[4.294s] -- Symlinking: /home/wellyowo/locobot_sim/locobot_ws/install/ecl_command_line/include/ecl/command_line/docbook_output.hpp
[4.304s] -- Symlinking: /home/wellyowo/locobot_sim/locobot_ws/install/ecl_command_line/include/ecl/command_line/help_visitor.hpp
[4.305s] -- Symlinking: /home/wellyowo/locobot_sim/locobot_ws/install/ecl_command_line/include/ecl/command_line/ignore_rest_visitor.hpp
[4.305s] -- Symlinking: /home/wellyowo/locobot_sim/locobot_ws/install/ecl_command_line/include/ecl/command_line/multi_arg.hpp
[4.305s] -- Symlinking: /home/wellyowo/locobot_sim/locobot_ws/install/ecl_command_line/include/ecl/command_line/multi_switch_arg.hpp
[4.305s] -- Symlinking: /home/wellyowo/locobot_sim/locobot_ws/install/ecl_command_line/include/ecl/command_line/optional_unlabeled_tracker.hpp
[4.306s] -- Symlinking: /home/wellyowo/locobot_sim/locobot_ws/install/ecl_command_line/include/ecl/command_line/std_output.hpp
[4.306s] -- Symlinking: /home/wellyowo/locobot_sim/locobot_ws/install/ecl_command_line/include/ecl/command_line/switch_arg.hpp
[4.306s] -- Symlinking: /home/wellyowo/locobot_sim/locobot_ws/install/ecl_command_line/include/ecl/command_line/unlabeled_multi_arg.hpp
[4.306s] -- Symlinking: /home/wellyowo/locobot_sim/locobot_ws/install/ecl_command_line/include/ecl/command_line/unlabeled_value_arg.hpp
[4.312s] -- Symlinking: /home/wellyowo/locobot_sim/locobot_ws/install/ecl_command_line/include/ecl/command_line/value_arg.hpp
[4.341s] -- Symlinking: /home/wellyowo/locobot_sim/locobot_ws/install/ecl_command_line/include/ecl/command_line/values_constraint.hpp
[4.393s] -- Symlinking: /home/wellyowo/locobot_sim/locobot_ws/install/ecl_command_line/include/ecl/command_line/version_visitor.hpp
[4.460s] -- Symlinking: /home/wellyowo/locobot_sim/locobot_ws/install/ecl_command_line/include/ecl/command_line/visitor.hpp
[4.480s] -- Symlinking: /home/wellyowo/locobot_sim/locobot_ws/install/ecl_command_line/include/ecl/command_line/xor_handler.hpp
[4.560s] -- Symlinking: /home/wellyowo/locobot_sim/locobot_ws/install/ecl_command_line/include/ecl/command_line.hpp
[4.615s] -- Symlinking: /home/wellyowo/locobot_sim/locobot_ws/install/ecl_command_line/lib/ecl_command_line/demo_command_line
[4.650s] -- Symlinking: /home/wellyowo/locobot_sim/locobot_ws/install/ecl_command_line/share/ament_index/resource_index/package_run_dependencies/ecl_command_line
[4.690s] -- Symlinking: /home/wellyowo/locobot_sim/locobot_ws/install/ecl_command_line/share/ament_index/resource_index/parent_prefix_path/ecl_command_line
[4.737s] -- Symlinking: /home/wellyowo/locobot_sim/locobot_ws/install/ecl_command_line/share/ecl_command_line/environment/ament_prefix_path.sh
[4.811s] -- Symlinking: /home/wellyowo/locobot_sim/locobot_ws/install/ecl_command_line/share/ecl_command_line/environment/ament_prefix_path.dsv
[4.868s] -- Symlinking: /home/wellyowo/locobot_sim/locobot_ws/install/ecl_command_line/share/ecl_command_line/environment/path.sh
[4.913s] -- Symlinking: /home/wellyowo/locobot_sim/locobot_ws/install/ecl_command_line/share/ecl_command_line/environment/path.dsv
[4.990s] -- Symlinking: /home/wellyowo/locobot_sim/locobot_ws/install/ecl_command_line/share/ecl_command_line/local_setup.bash
[5.030s] -- Symlinking: /home/wellyowo/locobot_sim/locobot_ws/install/ecl_command_line/share/ecl_command_line/local_setup.sh
[5.127s] -- Symlinking: /home/wellyowo/locobot_sim/locobot_ws/install/ecl_command_line/share/ecl_command_line/local_setup.zsh
[5.163s] -- Symlinking: /home/wellyowo/locobot_sim/locobot_ws/install/ecl_command_line/share/ecl_command_line/local_setup.dsv
[5.241s] -- Symlinking: /home/wellyowo/locobot_sim/locobot_ws/install/ecl_command_line/share/ecl_command_line/package.dsv
[5.315s] -- Symlinking: /home/wellyowo/locobot_sim/locobot_ws/install/ecl_command_line/share/ament_index/resource_index/packages/ecl_command_line
[5.347s] -- Symlinking: /home/wellyowo/locobot_sim/locobot_ws/install/ecl_command_line/share/ecl_command_line/cmake/ament_cmake_export_targets-extras.cmake
[5.379s] -- Symlinking: /home/wellyowo/locobot_sim/locobot_ws/install/ecl_command_line/share/ecl_command_line/cmake/ament_cmake_export_include_directories-extras.cmake
[5.417s] -- Symlinking: /home/wellyowo/locobot_sim/locobot_ws/install/ecl_command_line/share/ecl_command_line/cmake/ecl_command_lineConfig.cmake
[5.444s] -- Symlinking: /home/wellyowo/locobot_sim/locobot_ws/install/ecl_command_line/share/ecl_command_line/cmake/ecl_command_lineConfig-version.cmake
[5.469s] -- Symlinking: /home/wellyowo/locobot_sim/locobot_ws/install/ecl_command_line/share/ecl_command_line/package.xml
[5.522s] -- Installing: /home/wellyowo/locobot_sim/locobot_ws/install/ecl_command_line/share/ecl_command_line/cmake/ecl_command_lineExport.cmake
[5.530s] Invoked command in '/home/wellyowo/locobot_sim/locobot_ws/build/ecl_command_line' returned '0': CMAKE_PREFIX_PATH=/opt/ros/humble /usr/bin/cmake --install /home/wellyowo/locobot_sim/locobot_ws/build/ecl_command_line
