[0.213s] Invoking command in '/home/wellyowo/locobot_sim/locobot_ws/build/gazebo_plugins': CMAKE_PREFIX_PATH=/opt/ros/humble /usr/bin/cmake /home/wellyowo/locobot_sim/locobot_ws/src/ThirdParty/gazebo_plugins/gazebo_plugins -DBUILD_TESTING=OFF -DCMAKE_PREFIX_PATH= -DAMENT_CMAKE_SYMLINK_INSTALL=1 -DCMAKE_INSTALL_PREFIX=/home/wellyowo/locobot_sim/locobot_ws/install/gazebo_plugins
[1.583s] -- The C compiler identification is GNU 11.4.0
[1.583s] -- The CXX compiler identification is GNU 11.4.0
[1.583s] -- Detecting C compiler ABI info
[1.586s] -- Detecting C compiler ABI info - done
[1.587s] -- Check for working C compiler: /usr/bin/cc - skipped
[1.588s] -- Detecting C compile features
[1.588s] -- Detecting C compile features - done
[1.588s] -- Detecting CXX compiler ABI info
[1.588s] -- Detecting CXX compiler ABI info - done
[1.588s] -- Check for working CXX compiler: /usr/bin/c++ - skipped
[1.588s] -- Detecting CXX compile features
[1.588s] -- Detecting CXX compile features - done
[1.588s] -- Found ament_cmake: 1.3.11 (/opt/ros/humble/share/ament_cmake/cmake)
[1.588s] -- Found Python3: /usr/bin/python3 (found version "3.10.12") found components: Interpreter 
[1.588s] -- Override CMake install command with custom implementation using symlinks instead of copying resources
[1.588s] -- Found camera_info_manager: 3.1.12 (/opt/ros/humble/share/camera_info_manager/cmake)
[1.869s] -- Found rosidl_generator_c: 3.1.6 (/opt/ros/humble/share/rosidl_generator_c/cmake)
[1.896s] -- Found rosidl_adapter: 3.1.6 (/opt/ros/humble/share/rosidl_adapter/cmake)
[1.933s] -- Found rosidl_generator_cpp: 3.1.6 (/opt/ros/humble/share/rosidl_generator_cpp/cmake)
[2.010s] -- Using all available rosidl_typesupport_c: rosidl_typesupport_fastrtps_c;rosidl_typesupport_introspection_c
[2.072s] -- Using all available rosidl_typesupport_cpp: rosidl_typesupport_fastrtps_cpp;rosidl_typesupport_introspection_cpp
[2.243s] -- Found rmw_implementation_cmake: 6.1.2 (/opt/ros/humble/share/rmw_implementation_cmake/cmake)
[2.260s] -- Found rmw_fastrtps_cpp: 6.2.7 (/opt/ros/humble/share/rmw_fastrtps_cpp/cmake)
[2.514s] -- Found OpenSSL: /usr/lib/x86_64-linux-gnu/libcrypto.so (found version "3.0.2")  
[2.617s] -- Found FastRTPS: /opt/ros/humble/include  
[2.725s] -- Using RMW implementation 'rmw_fastrtps_cpp' as default
[2.749s] -- Looking for pthread.h
[2.955s] -- Looking for pthread.h - found
[2.955s] -- Performing Test CMAKE_HAVE_LIBC_PTHREAD
[3.185s] -- Performing Test CMAKE_HAVE_LIBC_PTHREAD - Success
[3.188s] -- Found Threads: TRUE  
[3.564s] -- Found gazebo_dev: 3.9.0 (/opt/ros/humble/share/gazebo_dev/cmake)
[3.573s] -- Found PkgConfig: /usr/bin/pkg-config (found version "0.29.2") 
[3.573s] -- Checking for module 'bullet>=2.82'
[3.616s] --   Found bullet, version 3.05
[4.111s] -- Found fcl: /usr/include (found suitable version "0.7.0", minimum required is "0.5.0") 
[4.366s] -- Found assimp: /usr/include (found version "5.2.0") 
[4.498s] -- Found DART: /usr/include (Required is at least version "6.6") found components: dart 
[4.673s] -- Found Boost: /usr/lib/x86_64-linux-gnu/cmake/Boost-1.74.0/BoostConfig.cmake (found suitable version "1.74.0", minimum required is "1.40.0") found components: thread system filesystem program_options regex iostreams date_time 
[4.739s] -- Found Protobuf: /usr/lib/x86_64-linux-gnu/libprotobuf.so (found version "3.12.4") 
[4.796s] -- Looking for ignition-math6 -- found version 6.15.1
[4.852s] -- Searching for dependencies of ignition-math6
[4.862s] -- Looking for OGRE...
[4.862s] -- OGRE_PREFIX_WATCH changed.
[4.879s] -- Checking for module 'OGRE'
[4.937s] --   Found OGRE, version 1.9.0
[5.140s] -- Found Ogre Ghadamon (1.9.0)
[5.187s] -- Found OGRE: optimized;/usr/lib/x86_64-linux-gnu/libOgreMain.so;debug;/usr/lib/x86_64-linux-gnu/libOgreMain.so
[5.214s] -- Looking for OGRE_Paging...
[5.247s] -- Found OGRE_Paging: optimized;/usr/lib/x86_64-linux-gnu/libOgrePaging.so;debug;/usr/lib/x86_64-linux-gnu/libOgrePaging.so
[5.248s] -- Looking for OGRE_Terrain...
[5.273s] -- Found OGRE_Terrain: optimized;/usr/lib/x86_64-linux-gnu/libOgreTerrain.so;debug;/usr/lib/x86_64-linux-gnu/libOgreTerrain.so
[5.274s] -- Looking for OGRE_Property...
[5.305s] -- Found OGRE_Property: optimized;/usr/lib/x86_64-linux-gnu/libOgreProperty.so;debug;/usr/lib/x86_64-linux-gnu/libOgreProperty.so
[5.305s] -- Looking for OGRE_RTShaderSystem...
[5.349s] -- Found OGRE_RTShaderSystem: optimized;/usr/lib/x86_64-linux-gnu/libOgreRTShaderSystem.so;debug;/usr/lib/x86_64-linux-gnu/libOgreRTShaderSystem.so
[5.350s] -- Looking for OGRE_Volume...
[5.390s] -- Found OGRE_Volume: optimized;/usr/lib/x86_64-linux-gnu/libOgreVolume.so;debug;/usr/lib/x86_64-linux-gnu/libOgreVolume.so
[5.390s] -- Looking for OGRE_Overlay...
[5.402s] -- Found OGRE_Overlay: optimized;/usr/lib/x86_64-linux-gnu/libOgreOverlay.so;debug;/usr/lib/x86_64-linux-gnu/libOgreOverlay.so
[6.474s] -- Looking for ignition-math6 -- found version 6.15.1
[6.524s] -- Looking for ignition-transport8 -- found version 8.2.1
[6.525s] -- Searching for dependencies of ignition-transport8
[6.687s] -- Found Protobuf: /usr/lib/x86_64-linux-gnu/libprotobuf.so (found suitable version "3.12.4", minimum required is "3") 
[6.707s] -- Config-file not installed for ZeroMQ -- checking for pkg-config
[6.728s] -- Checking for module 'libzmq >= 4'
[6.811s] --   Found libzmq , version 4.3.4
[6.997s] -- Found ZeroMQ: TRUE (Required is at least version "4") 
[7.026s] -- Checking for module 'uuid'
[7.093s] --   Found uuid, version 2.37.2
[7.341s] -- Found UUID: TRUE  
[7.341s] -- Looking for ignition-msgs5 -- found version 5.8.1
[7.341s] -- Searching for dependencies of ignition-msgs5
[7.414s] -- Looking for ignition-math6 -- found version 6.15.1
[7.453s] -- Checking for module 'tinyxml2'
[7.509s] --   Found tinyxml2, version 9.0.0
[7.735s] -- Looking for ignition-msgs5 -- found version 5.8.1
[7.778s] -- Looking for ignition-common3 -- found version 3.14.0
[7.779s] -- Searching for dependencies of ignition-common3
[7.781s] -- Looking for dlfcn.h - found
[7.783s] -- Looking for libdl - found
[7.799s] -- Found DL: TRUE  
[7.911s] -- Found tinyobjloader: /usr/lib/x86_64-linux-gnu/cmake/tinyobjloader/tinyobjloader-config.cmake (found version "2.0.0") 
[7.914s] -- Searching for <ignition-common3> component [graphics]
[7.944s] -- Looking for ignition-common3-graphics -- found version 3.14.0
[7.945s] -- Searching for dependencies of ignition-common3-graphics
[7.945s] -- Looking for ignition-math6 -- found version 6.15.1
[7.991s] -- Looking for ignition-fuel_tools4 -- found version 4.4.0
[7.991s] -- Searching for dependencies of ignition-fuel_tools4
[8.421s] -- Found CURL: /usr/lib/x86_64-linux-gnu/libcurl.so (found version "7.81.0")  
[8.458s] -- Checking for module 'jsoncpp'
[8.496s] --   Found jsoncpp, version 1.9.5
[8.678s] -- Found JSONCPP: TRUE  
[8.730s] -- Checking for module 'libzip'
[8.800s] --   Found libzip, version 1.7.3
[8.958s] -- Found ZIP: TRUE  
[8.958s] -- Looking for ignition-common3 -- found version 3.14.0
[8.958s] -- Looking for ignition-math6 -- found version 6.15.1
[8.958s] -- Looking for ignition-msgs5 -- found version 5.8.1
[8.983s] -- Gazebo version: 11.10
[8.984s] -- Checking for module 'tbb'
[9.041s] --   Found tbb, version 2021.5.0
[9.293s] -- Found gazebo_msgs: 3.9.0 (/opt/ros/humble/share/gazebo_msgs/cmake)
[9.668s] -- Found gazebo_ros: 3.9.0 (/opt/ros/humble/share/gazebo_ros/cmake)
[9.734s] -- Found image_transport: 3.1.12 (/opt/ros/humble/share/image_transport/cmake)
[9.922s] -- Found cv_bridge: 3.2.1 (/opt/ros/humble/share/cv_bridge/cmake)
[10.000s] -- Found nav_msgs: 4.9.0 (/opt/ros/humble/share/nav_msgs/cmake)
[10.069s] -- Found std_srvs: 4.9.0 (/opt/ros/humble/share/std_srvs/cmake)
[10.134s] -- Found tf2: 0.25.13 (/opt/ros/humble/share/tf2/cmake)
[10.155s] -- Found tf2_geometry_msgs: 0.25.13 (/opt/ros/humble/share/tf2_geometry_msgs/cmake)
[10.276s] -- Found eigen3_cmake_module: 0.1.1 (/opt/ros/humble/share/eigen3_cmake_module/cmake)
[10.278s] -- Found Eigen3: TRUE (found version "3.4.0") 
[10.278s] -- Ensuring Eigen3 include directory is part of orocos-kdl CMake target
[11.746s] -- Configuring done
[12.812s] -- Generating done
[13.000s] -- Build files have been written to: /home/wellyowo/locobot_sim/locobot_ws/build/gazebo_plugins
[13.211s] Invoked command in '/home/wellyowo/locobot_sim/locobot_ws/build/gazebo_plugins' returned '0': CMAKE_PREFIX_PATH=/opt/ros/humble /usr/bin/cmake /home/wellyowo/locobot_sim/locobot_ws/src/ThirdParty/gazebo_plugins/gazebo_plugins -DBUILD_TESTING=OFF -DCMAKE_PREFIX_PATH= -DAMENT_CMAKE_SYMLINK_INSTALL=1 -DCMAKE_INSTALL_PREFIX=/home/wellyowo/locobot_sim/locobot_ws/install/gazebo_plugins
[13.211s] Invoking command in '/home/wellyowo/locobot_sim/locobot_ws/build/gazebo_plugins': CMAKE_PREFIX_PATH=/opt/ros/humble /usr/bin/cmake --build /home/wellyowo/locobot_sim/locobot_ws/build/gazebo_plugins -- -j16 -l16
[49.198s] [  2%] [32mBuilding CXX object CMakeFiles/gazebo_ros_force.dir/src/gazebo_ros_force.cpp.o[0m
[49.206s] [  4%] [32mBuilding CXX object CMakeFiles/gazebo_ros_gps_sensor.dir/src/gazebo_ros_gps_sensor.cpp.o[0m
[49.207s] [  6%] [32mBuilding CXX object CMakeFiles/gazebo_ros_video.dir/src/gazebo_ros_video.cpp.o[0m
[49.207s] [  8%] [32mBuilding CXX object CMakeFiles/gazebo_ros_imu_sensor.dir/src/gazebo_ros_imu_sensor.cpp.o[0m
[49.207s] [ 10%] [32mBuilding CXX object CMakeFiles/gazebo_ros_joint_state_publisher.dir/src/gazebo_ros_joint_state_publisher.cpp.o[0m
[49.208s] [ 13%] [32mBuilding CXX object CMakeFiles/gazebo_ros_hand_of_god.dir/src/gazebo_ros_hand_of_god.cpp.o[0m
[49.212s] [ 15%] [32mBuilding CXX object CMakeFiles/multi_camera_plugin.dir/src/multi_camera_plugin.cpp.o[0m
[49.212s] [ 17%] [32mBuilding CXX object CMakeFiles/gazebo_ros_tricycle_drive.dir/src/gazebo_ros_tricycle_drive.cpp.o[0m
[49.212s] [ 19%] [32mBuilding CXX object CMakeFiles/gazebo_ros_harness.dir/src/gazebo_ros_harness.cpp.o[0m
[49.213s] [ 21%] [32mBuilding CXX object CMakeFiles/gazebo_ros_p3d.dir/src/gazebo_ros_p3d.cpp.o[0m
[49.213s] [ 23%] [32mBuilding CXX object CMakeFiles/gazebo_ros_ray_sensor.dir/src/gazebo_ros_ray_sensor.cpp.o[0m
[49.213s] [ 26%] [32mBuilding CXX object CMakeFiles/gazebo_ros_ft_sensor.dir/src/gazebo_ros_ft_sensor.cpp.o[0m
[49.213s] [ 28%] [32mBuilding CXX object CMakeFiles/gazebo_ros_bumper.dir/src/gazebo_ros_bumper.cpp.o[0m
[49.213s] [ 30%] [32mBuilding CXX object CMakeFiles/gazebo_ros_ackermann_drive.dir/src/gazebo_ros_ackermann_drive.cpp.o[0m
[49.213s] [ 32%] [32mBuilding CXX object CMakeFiles/gazebo_ros_template.dir/src/gazebo_ros_template.cpp.o[0m
[49.213s] [ 34%] [32mBuilding CXX object CMakeFiles/gazebo_ros_diff_drive.dir/src/gazebo_ros_diff_drive.cpp.o[0m
[94.400s] [ 36%] [32m[1mLinking CXX shared library libgazebo_ros_template.so[0m
[96.947s] [ 36%] Built target gazebo_ros_template
[107.534s] [ 39%] [32m[1mLinking CXX shared library libgazebo_ros_bumper.so[0m
[108.843s] [ 41%] [32m[1mLinking CXX shared library libgazebo_ros_joint_state_publisher.so[0m
[109.726s] [ 41%] Built target gazebo_ros_bumper
[111.392s] [ 41%] Built target gazebo_ros_joint_state_publisher
[111.649s] [ 43%] [32m[1mLinking CXX shared library libgazebo_ros_gps_sensor.so[0m
[112.174s] [ 45%] [32m[1mLinking CXX shared library libgazebo_ros_p3d.so[0m
[113.766s] [ 45%] Built target gazebo_ros_gps_sensor
[113.822s] [ 47%] [32m[1mLinking CXX shared library libgazebo_ros_ft_sensor.so[0m
[115.007s] [ 47%] Built target gazebo_ros_p3d
[115.497s] [ 47%] Built target gazebo_ros_ft_sensor
[117.283s] [ 50%] [32m[1mLinking CXX shared library libgazebo_ros_imu_sensor.so[0m
[117.461s] [ 52%] [32m[1mLinking CXX shared library libgazebo_ros_hand_of_god.so[0m
[119.086s] [ 52%] Built target gazebo_ros_hand_of_god
[120.080s] [ 52%] Built target gazebo_ros_imu_sensor
[123.960s] [ 54%] [32m[1mLinking CXX shared library libgazebo_ros_ackermann_drive.so[0m
[125.371s] [ 56%] [32m[1mLinking CXX shared library libgazebo_ros_force.so[0m
[126.903s] [ 56%] Built target gazebo_ros_ackermann_drive
[127.355s] [ 56%] Built target gazebo_ros_force
[127.369s] [ 58%] [32m[1mLinking CXX shared library libgazebo_ros_diff_drive.so[0m
[127.747s] [ 60%] [32m[1mLinking CXX shared library libgazebo_ros_harness.so[0m
[128.651s] [ 63%] [32m[1mLinking CXX shared library libgazebo_ros_tricycle_drive.so[0m
[130.838s] [ 65%] [32m[1mLinking CXX shared library libgazebo_ros_ray_sensor.so[0m
[130.963s] [ 65%] Built target gazebo_ros_diff_drive
[131.105s] [ 65%] Built target gazebo_ros_harness
[131.702s] [ 65%] Built target gazebo_ros_tricycle_drive
[131.996s] [ 65%] Built target gazebo_ros_ray_sensor
[134.581s] [ 67%] [32m[1mLinking CXX shared library libmulti_camera_plugin.so[0m
[134.975s] [ 67%] Built target multi_camera_plugin
[147.566s] [ 69%] [32m[1mLinking CXX shared library libgazebo_ros_video.so[0m
[148.677s] [ 69%] Built target gazebo_ros_video
[148.697s] [ 71%] [32mBuilding CXX object CMakeFiles/gazebo_ros_camera.dir/src/gazebo_ros_camera.cpp.o[0m
[171.313s] [ 73%] [32m[1mLinking CXX shared library libgazebo_ros_camera.so[0m
[171.943s] [ 73%] Built target gazebo_ros_camera
[171.958s] [ 76%] [32mBuilding CXX object CMakeFiles/gazebo_ros_wheel_slip.dir/src/gazebo_ros_wheel_slip.cpp.o[0m
[186.940s] [ 78%] [32m[1mLinking CXX shared library libgazebo_ros_wheel_slip.so[0m
[187.553s] [ 78%] Built target gazebo_ros_wheel_slip
[187.568s] [ 80%] [32mBuilding CXX object CMakeFiles/gazebo_ros_projector.dir/src/gazebo_ros_projector.cpp.o[0m
[187.568s] [ 86%] [32mBuilding CXX object CMakeFiles/gazebo_ros_elevator.dir/src/gazebo_ros_elevator.cpp.o[0m
[187.568s] [ 86%] [32mBuilding CXX object CMakeFiles/gazebo_ros_vacuum_gripper.dir/src/gazebo_ros_vacuum_gripper.cpp.o[0m
[187.568s] [ 86%] [32mBuilding CXX object CMakeFiles/gazebo_ros_planar_move.dir/src/gazebo_ros_planar_move.cpp.o[0m
[187.574s] [ 89%] [32mBuilding CXX object CMakeFiles/gazebo_ros_joint_pose_trajectory.dir/src/gazebo_ros_joint_pose_trajectory.cpp.o[0m
[204.891s] [ 91%] [32m[1mLinking CXX shared library libgazebo_ros_elevator.so[0m
[205.547s] [ 91%] Built target gazebo_ros_elevator
[206.079s] [ 93%] [32m[1mLinking CXX shared library libgazebo_ros_vacuum_gripper.so[0m
[206.490s] [ 93%] Built target gazebo_ros_vacuum_gripper
[208.722s] [ 95%] [32m[1mLinking CXX shared library libgazebo_ros_planar_move.so[0m
[209.162s] [ 97%] [32m[1mLinking CXX shared library libgazebo_ros_joint_pose_trajectory.so[0m
[209.817s] [ 97%] Built target gazebo_ros_planar_move
[209.909s] [100%] [32m[1mLinking CXX shared library libgazebo_ros_projector.so[0m
[210.026s] [100%] Built target gazebo_ros_joint_pose_trajectory
[210.653s] [100%] Built target gazebo_ros_projector
[210.664s] Invoked command in '/home/wellyowo/locobot_sim/locobot_ws/build/gazebo_plugins' returned '0': CMAKE_PREFIX_PATH=/opt/ros/humble /usr/bin/cmake --build /home/wellyowo/locobot_sim/locobot_ws/build/gazebo_plugins -- -j16 -l16
[210.666s] Invoking command in '/home/wellyowo/locobot_sim/locobot_ws/build/gazebo_plugins': CMAKE_PREFIX_PATH=/opt/ros/humble /usr/bin/cmake --install /home/wellyowo/locobot_sim/locobot_ws/build/gazebo_plugins
[210.672s] -- Install configuration: ""
[210.673s] -- Execute custom install script
[210.673s] -- Symlinking: /home/wellyowo/locobot_sim/locobot_ws/install/gazebo_plugins/share/gazebo_plugins/environment/library_path.sh
[210.681s] -- Symlinking: /home/wellyowo/locobot_sim/locobot_ws/install/gazebo_plugins/share/gazebo_plugins/environment/library_path.dsv
[210.689s] -- Symlinking: /home/wellyowo/locobot_sim/locobot_ws/install/gazebo_plugins/share/gazebo_plugins/environment/gazebo_plugins.sh
[210.697s] -- Symlinking: /home/wellyowo/locobot_sim/locobot_ws/install/gazebo_plugins/share/gazebo_plugins/environment/gazebo_plugins.dsv
[210.706s] -- Symlinking: /home/wellyowo/locobot_sim/locobot_ws/install/gazebo_plugins/share/ament_index/resource_index/package_run_dependencies/gazebo_plugins
[210.715s] -- Symlinking: /home/wellyowo/locobot_sim/locobot_ws/install/gazebo_plugins/share/ament_index/resource_index/parent_prefix_path/gazebo_plugins
[210.723s] -- Symlinking: /home/wellyowo/locobot_sim/locobot_ws/install/gazebo_plugins/share/gazebo_plugins/environment/ament_prefix_path.sh
[210.731s] -- Symlinking: /home/wellyowo/locobot_sim/locobot_ws/install/gazebo_plugins/share/gazebo_plugins/environment/ament_prefix_path.dsv
[210.740s] -- Symlinking: /home/wellyowo/locobot_sim/locobot_ws/install/gazebo_plugins/share/gazebo_plugins/environment/path.sh
[210.748s] -- Symlinking: /home/wellyowo/locobot_sim/locobot_ws/install/gazebo_plugins/share/gazebo_plugins/environment/path.dsv
[210.756s] -- Symlinking: /home/wellyowo/locobot_sim/locobot_ws/install/gazebo_plugins/share/gazebo_plugins/local_setup.bash
[210.764s] -- Symlinking: /home/wellyowo/locobot_sim/locobot_ws/install/gazebo_plugins/share/gazebo_plugins/local_setup.sh
[210.773s] -- Symlinking: /home/wellyowo/locobot_sim/locobot_ws/install/gazebo_plugins/share/gazebo_plugins/local_setup.zsh
[210.781s] -- Symlinking: /home/wellyowo/locobot_sim/locobot_ws/install/gazebo_plugins/share/gazebo_plugins/local_setup.dsv
[210.789s] -- Symlinking: /home/wellyowo/locobot_sim/locobot_ws/install/gazebo_plugins/share/gazebo_plugins/package.dsv
[210.797s] -- Symlinking: /home/wellyowo/locobot_sim/locobot_ws/install/gazebo_plugins/share/ament_index/resource_index/packages/gazebo_plugins
[210.806s] -- Symlinking: /home/wellyowo/locobot_sim/locobot_ws/install/gazebo_plugins/share/gazebo_plugins/cmake/ament_cmake_export_libraries-extras.cmake
[210.814s] -- Symlinking: /home/wellyowo/locobot_sim/locobot_ws/install/gazebo_plugins/share/gazebo_plugins/cmake/ament_cmake_export_include_directories-extras.cmake
[210.822s] -- Symlinking: /home/wellyowo/locobot_sim/locobot_ws/install/gazebo_plugins/share/gazebo_plugins/cmake/ament_cmake_export_dependencies-extras.cmake
[210.831s] -- Symlinking: /home/wellyowo/locobot_sim/locobot_ws/install/gazebo_plugins/share/gazebo_plugins/cmake/gazebo_pluginsConfig.cmake
[210.839s] -- Symlinking: /home/wellyowo/locobot_sim/locobot_ws/install/gazebo_plugins/share/gazebo_plugins/cmake/gazebo_pluginsConfig-version.cmake
[210.848s] -- Symlinking: /home/wellyowo/locobot_sim/locobot_ws/install/gazebo_plugins/share/gazebo_plugins/package.xml
[210.856s] -- Symlinking: /home/wellyowo/locobot_sim/locobot_ws/install/gazebo_plugins/include/gazebo_plugins/gazebo_ros_ackermann_drive.hpp
[210.864s] -- Symlinking: /home/wellyowo/locobot_sim/locobot_ws/install/gazebo_plugins/include/gazebo_plugins/gazebo_ros_bumper.hpp
[210.872s] -- Symlinking: /home/wellyowo/locobot_sim/locobot_ws/install/gazebo_plugins/include/gazebo_plugins/gazebo_ros_camera.hpp
[210.881s] -- Symlinking: /home/wellyowo/locobot_sim/locobot_ws/install/gazebo_plugins/include/gazebo_plugins/gazebo_ros_diff_drive.hpp
[210.890s] -- Symlinking: /home/wellyowo/locobot_sim/locobot_ws/install/gazebo_plugins/include/gazebo_plugins/gazebo_ros_elevator.hpp
[210.898s] -- Symlinking: /home/wellyowo/locobot_sim/locobot_ws/install/gazebo_plugins/include/gazebo_plugins/gazebo_ros_force.hpp
[210.906s] -- Symlinking: /home/wellyowo/locobot_sim/locobot_ws/install/gazebo_plugins/include/gazebo_plugins/gazebo_ros_ft_sensor.hpp
[210.913s] -- Symlinking: /home/wellyowo/locobot_sim/locobot_ws/install/gazebo_plugins/include/gazebo_plugins/gazebo_ros_gps_sensor.hpp
[210.921s] -- Symlinking: /home/wellyowo/locobot_sim/locobot_ws/install/gazebo_plugins/include/gazebo_plugins/gazebo_ros_hand_of_god.hpp
[210.929s] -- Symlinking: /home/wellyowo/locobot_sim/locobot_ws/install/gazebo_plugins/include/gazebo_plugins/gazebo_ros_harness.hpp
[210.937s] -- Symlinking: /home/wellyowo/locobot_sim/locobot_ws/install/gazebo_plugins/include/gazebo_plugins/gazebo_ros_imu_sensor.hpp
[210.945s] -- Symlinking: /home/wellyowo/locobot_sim/locobot_ws/install/gazebo_plugins/include/gazebo_plugins/gazebo_ros_joint_pose_trajectory.hpp
[210.953s] -- Symlinking: /home/wellyowo/locobot_sim/locobot_ws/install/gazebo_plugins/include/gazebo_plugins/gazebo_ros_joint_state_publisher.hpp
[210.961s] -- Symlinking: /home/wellyowo/locobot_sim/locobot_ws/install/gazebo_plugins/include/gazebo_plugins/gazebo_ros_p3d.hpp
[210.969s] -- Symlinking: /home/wellyowo/locobot_sim/locobot_ws/install/gazebo_plugins/include/gazebo_plugins/gazebo_ros_planar_move.hpp
[210.977s] -- Symlinking: /home/wellyowo/locobot_sim/locobot_ws/install/gazebo_plugins/include/gazebo_plugins/gazebo_ros_projector.hpp
[210.985s] -- Symlinking: /home/wellyowo/locobot_sim/locobot_ws/install/gazebo_plugins/include/gazebo_plugins/gazebo_ros_ray_sensor.hpp
[210.993s] -- Symlinking: /home/wellyowo/locobot_sim/locobot_ws/install/gazebo_plugins/include/gazebo_plugins/gazebo_ros_template.hpp
[211.001s] -- Symlinking: /home/wellyowo/locobot_sim/locobot_ws/install/gazebo_plugins/include/gazebo_plugins/gazebo_ros_tricycle_drive.hpp
[211.009s] -- Symlinking: /home/wellyowo/locobot_sim/locobot_ws/install/gazebo_plugins/include/gazebo_plugins/gazebo_ros_vacuum_gripper.hpp
[211.016s] -- Symlinking: /home/wellyowo/locobot_sim/locobot_ws/install/gazebo_plugins/include/gazebo_plugins/gazebo_ros_video.hpp
[211.024s] -- Symlinking: /home/wellyowo/locobot_sim/locobot_ws/install/gazebo_plugins/include/gazebo_plugins/gazebo_ros_wheel_slip.hpp
[211.032s] -- Symlinking: /home/wellyowo/locobot_sim/locobot_ws/install/gazebo_plugins/include/gazebo_plugins/multi_camera_plugin.hpp
[211.040s] -- Symlinking: /home/wellyowo/locobot_sim/locobot_ws/install/gazebo_plugins/lib/libgazebo_ros_ackermann_drive.so
[211.048s] -- Symlinking: /home/wellyowo/locobot_sim/locobot_ws/install/gazebo_plugins/lib/libgazebo_ros_bumper.so
[211.057s] -- Symlinking: /home/wellyowo/locobot_sim/locobot_ws/install/gazebo_plugins/lib/libgazebo_ros_camera.so
[211.065s] -- Symlinking: /home/wellyowo/locobot_sim/locobot_ws/install/gazebo_plugins/lib/libgazebo_ros_diff_drive.so
[211.072s] -- Symlinking: /home/wellyowo/locobot_sim/locobot_ws/install/gazebo_plugins/lib/libgazebo_ros_elevator.so
[211.080s] -- Symlinking: /home/wellyowo/locobot_sim/locobot_ws/install/gazebo_plugins/lib/libgazebo_ros_force.so
[211.087s] -- Symlinking: /home/wellyowo/locobot_sim/locobot_ws/install/gazebo_plugins/lib/libgazebo_ros_ft_sensor.so
[211.095s] -- Symlinking: /home/wellyowo/locobot_sim/locobot_ws/install/gazebo_plugins/lib/libgazebo_ros_hand_of_god.so
[211.103s] -- Symlinking: /home/wellyowo/locobot_sim/locobot_ws/install/gazebo_plugins/lib/libgazebo_ros_harness.so
[211.110s] -- Symlinking: /home/wellyowo/locobot_sim/locobot_ws/install/gazebo_plugins/lib/libgazebo_ros_imu_sensor.so
[211.118s] -- Symlinking: /home/wellyowo/locobot_sim/locobot_ws/install/gazebo_plugins/lib/libgazebo_ros_gps_sensor.so
[211.125s] -- Symlinking: /home/wellyowo/locobot_sim/locobot_ws/install/gazebo_plugins/lib/libgazebo_ros_joint_pose_trajectory.so
[211.132s] -- Symlinking: /home/wellyowo/locobot_sim/locobot_ws/install/gazebo_plugins/lib/libgazebo_ros_joint_state_publisher.so
[211.140s] -- Symlinking: /home/wellyowo/locobot_sim/locobot_ws/install/gazebo_plugins/lib/libgazebo_ros_planar_move.so
[211.147s] -- Symlinking: /home/wellyowo/locobot_sim/locobot_ws/install/gazebo_plugins/lib/libgazebo_ros_projector.so
[211.155s] -- Symlinking: /home/wellyowo/locobot_sim/locobot_ws/install/gazebo_plugins/lib/libgazebo_ros_ray_sensor.so
[211.162s] -- Symlinking: /home/wellyowo/locobot_sim/locobot_ws/install/gazebo_plugins/lib/libgazebo_ros_p3d.so
[211.170s] -- Symlinking: /home/wellyowo/locobot_sim/locobot_ws/install/gazebo_plugins/lib/libgazebo_ros_template.so
[211.179s] -- Symlinking: /home/wellyowo/locobot_sim/locobot_ws/install/gazebo_plugins/lib/libgazebo_ros_tricycle_drive.so
[211.187s] -- Symlinking: /home/wellyowo/locobot_sim/locobot_ws/install/gazebo_plugins/lib/libgazebo_ros_vacuum_gripper.so
[211.195s] -- Symlinking: /home/wellyowo/locobot_sim/locobot_ws/install/gazebo_plugins/lib/libgazebo_ros_video.so
[211.202s] -- Symlinking: /home/wellyowo/locobot_sim/locobot_ws/install/gazebo_plugins/lib/libmulti_camera_plugin.so
[211.210s] -- Symlinking: /home/wellyowo/locobot_sim/locobot_ws/install/gazebo_plugins/lib/libgazebo_ros_wheel_slip.so
[211.218s] -- Symlinking: /home/wellyowo/locobot_sim/locobot_ws/install/gazebo_plugins/lib/gazebo_plugins//wheel_slip_drawbar_pull_publisher.py
[211.227s] -- Symlinking: /home/wellyowo/locobot_sim/locobot_ws/install/gazebo_plugins/share/gazebo_plugins//worlds/gazebo_ros_ackermann_drive_demo.world
[211.235s] -- Symlinking: /home/wellyowo/locobot_sim/locobot_ws/install/gazebo_plugins/share/gazebo_plugins//worlds/gazebo_ros_bumper_demo.world
[211.242s] -- Symlinking: /home/wellyowo/locobot_sim/locobot_ws/install/gazebo_plugins/share/gazebo_plugins//worlds/gazebo_ros_camera_demo.world
[211.250s] -- Symlinking: /home/wellyowo/locobot_sim/locobot_ws/install/gazebo_plugins/share/gazebo_plugins//worlds/gazebo_ros_camera_distortion_barrel_demo.world
[211.258s] -- Symlinking: /home/wellyowo/locobot_sim/locobot_ws/install/gazebo_plugins/share/gazebo_plugins//worlds/gazebo_ros_camera_distortion_pincushion_demo.world
[211.266s] -- Symlinking: /home/wellyowo/locobot_sim/locobot_ws/install/gazebo_plugins/share/gazebo_plugins//worlds/gazebo_ros_camera_triggered_demo.world
[211.274s] -- Symlinking: /home/wellyowo/locobot_sim/locobot_ws/install/gazebo_plugins/share/gazebo_plugins//worlds/gazebo_ros_depth_camera_demo.world
[211.282s] -- Symlinking: /home/wellyowo/locobot_sim/locobot_ws/install/gazebo_plugins/share/gazebo_plugins//worlds/gazebo_ros_diff_drive_demo.world
[211.292s] -- Symlinking: /home/wellyowo/locobot_sim/locobot_ws/install/gazebo_plugins/share/gazebo_plugins//worlds/gazebo_ros_elevator_demo.world
[211.301s] -- Symlinking: /home/wellyowo/locobot_sim/locobot_ws/install/gazebo_plugins/share/gazebo_plugins//worlds/gazebo_ros_force_demo.world
[211.308s] -- Symlinking: /home/wellyowo/locobot_sim/locobot_ws/install/gazebo_plugins/share/gazebo_plugins//worlds/gazebo_ros_ft_sensor_demo.world
[211.316s] -- Symlinking: /home/wellyowo/locobot_sim/locobot_ws/install/gazebo_plugins/share/gazebo_plugins//worlds/gazebo_ros_gps_sensor_demo.world
[211.324s] -- Symlinking: /home/wellyowo/locobot_sim/locobot_ws/install/gazebo_plugins/share/gazebo_plugins//worlds/gazebo_ros_hand_of_god_demo.world
[211.332s] -- Symlinking: /home/wellyowo/locobot_sim/locobot_ws/install/gazebo_plugins/share/gazebo_plugins//worlds/gazebo_ros_harness_demo.world
[211.340s] -- Symlinking: /home/wellyowo/locobot_sim/locobot_ws/install/gazebo_plugins/share/gazebo_plugins//worlds/gazebo_ros_joint_pose_trajectory_demo.world
[211.348s] -- Symlinking: /home/wellyowo/locobot_sim/locobot_ws/install/gazebo_plugins/share/gazebo_plugins//worlds/gazebo_ros_joint_state_publisher_demo.world
[211.357s] -- Symlinking: /home/wellyowo/locobot_sim/locobot_ws/install/gazebo_plugins/share/gazebo_plugins//worlds/gazebo_ros_multi_camera_demo.world
[211.364s] -- Symlinking: /home/wellyowo/locobot_sim/locobot_ws/install/gazebo_plugins/share/gazebo_plugins//worlds/gazebo_ros_multicamera_demo.world
[211.372s] -- Symlinking: /home/wellyowo/locobot_sim/locobot_ws/install/gazebo_plugins/share/gazebo_plugins//worlds/gazebo_ros_p3d_demo.world
[211.380s] -- Symlinking: /home/wellyowo/locobot_sim/locobot_ws/install/gazebo_plugins/share/gazebo_plugins//worlds/gazebo_ros_planar_move_demo.world
[211.388s] -- Symlinking: /home/wellyowo/locobot_sim/locobot_ws/install/gazebo_plugins/share/gazebo_plugins//worlds/gazebo_ros_projector_demo.world
[211.396s] -- Symlinking: /home/wellyowo/locobot_sim/locobot_ws/install/gazebo_plugins/share/gazebo_plugins//worlds/gazebo_ros_ray_sensor_demo.world
[211.404s] -- Symlinking: /home/wellyowo/locobot_sim/locobot_ws/install/gazebo_plugins/share/gazebo_plugins//worlds/gazebo_ros_skid_steer_drive_demo.world
[211.412s] -- Symlinking: /home/wellyowo/locobot_sim/locobot_ws/install/gazebo_plugins/share/gazebo_plugins//worlds/gazebo_ros_template_demo.world
[211.420s] -- Symlinking: /home/wellyowo/locobot_sim/locobot_ws/install/gazebo_plugins/share/gazebo_plugins//worlds/gazebo_ros_tricycle_drive_demo.world
[211.428s] -- Symlinking: /home/wellyowo/locobot_sim/locobot_ws/install/gazebo_plugins/share/gazebo_plugins//worlds/gazebo_ros_vacuum_gripper_demo.world
[211.436s] -- Symlinking: /home/wellyowo/locobot_sim/locobot_ws/install/gazebo_plugins/share/gazebo_plugins//worlds/gazebo_ros_video_demo.world
[211.445s] -- Symlinking: /home/wellyowo/locobot_sim/locobot_ws/install/gazebo_plugins/share/gazebo_plugins//worlds/gazebo_ros_wheel_slip_demo.world
[211.452s] -- Symlinking: /home/wellyowo/locobot_sim/locobot_ws/install/gazebo_plugins/share/gazebo_plugins//worlds/gazebo_ros_wheel_slip_drawbar_pull_demo.world
[211.462s] Invoked command in '/home/wellyowo/locobot_sim/locobot_ws/build/gazebo_plugins' returned '0': CMAKE_PREFIX_PATH=/opt/ros/humble /usr/bin/cmake --install /home/wellyowo/locobot_sim/locobot_ws/build/gazebo_plugins
