[0.254s] Invoking command in '/home/wellyowo/locobot_sim/locobot_ws/src/build/rplidar_ros': CMAKE_PREFIX_PATH=/opt/ros/humble /usr/bin/cmake --build /home/wellyowo/locobot_sim/locobot_ws/src/build/rplidar_ros -- -j16 -l16
[0.292s] [35m[1mConsolidate compiler generated dependencies of target rplidar_client[0m
[0.315s] [35m[1mConsolidate compiler generated dependencies of target rplidar_node[0m
[0.323s] [35m[1mConsolidate compiler generated dependencies of target rplidar_composition[0m
[0.342s] [  5%] Built target rplidar_client
[0.370s] [ 52%] Built target rplidar_composition
[0.385s] [100%] Built target rplidar_node
[0.656s] Invoked command in '/home/wellyowo/locobot_sim/locobot_ws/src/build/rplidar_ros' returned '0': CMAKE_PREFIX_PATH=/opt/ros/humble /usr/bin/cmake --build /home/wellyowo/locobot_sim/locobot_ws/src/build/rplidar_ros -- -j16 -l16
[0.659s] Invoking command in '/home/wellyowo/locobot_sim/locobot_ws/src/build/rplidar_ros': CMAKE_PREFIX_PATH=/opt/ros/humble /usr/bin/cmake --install /home/wellyowo/locobot_sim/locobot_ws/src/build/rplidar_ros
[0.779s] -- Install configuration: ""
[0.780s] -- Up-to-date: /home/wellyowo/locobot_sim/locobot_ws/src/install/rplidar_ros/share/rplidar_ros/launch
[0.780s] -- Up-to-date: /home/wellyowo/locobot_sim/locobot_ws/src/install/rplidar_ros/share/rplidar_ros/launch/rplidar_a2m12_launch.py
[0.780s] -- Up-to-date: /home/wellyowo/locobot_sim/locobot_ws/src/install/rplidar_ros/share/rplidar_ros/launch/view_rplidar_s1_launch.py
[0.780s] -- Up-to-date: /home/wellyowo/locobot_sim/locobot_ws/src/install/rplidar_ros/share/rplidar_ros/launch/view_rplidar_s1_tcp_launch.py
[0.782s] -- Up-to-date: /home/wellyowo/locobot_sim/locobot_ws/src/install/rplidar_ros/share/rplidar_ros/launch/rplidar_t1_launch.py
[0.783s] -- Up-to-date: /home/wellyowo/locobot_sim/locobot_ws/src/install/rplidar_ros/share/rplidar_ros/launch/view_rplidar_s2_launch.py
[0.783s] -- Up-to-date: /home/wellyowo/locobot_sim/locobot_ws/src/install/rplidar_ros/share/rplidar_ros/launch/rplidar_a2m8_launch.py
[0.783s] -- Up-to-date: /home/wellyowo/locobot_sim/locobot_ws/src/install/rplidar_ros/share/rplidar_ros/launch/rplidar_s2_launch.py
[0.783s] -- Up-to-date: /home/wellyowo/locobot_sim/locobot_ws/src/install/rplidar_ros/share/rplidar_ros/launch/rplidar_s1_launch.py
[0.783s] -- Up-to-date: /home/wellyowo/locobot_sim/locobot_ws/src/install/rplidar_ros/share/rplidar_ros/launch/rplidar_a2m7_launch.py
[0.783s] -- Up-to-date: /home/wellyowo/locobot_sim/locobot_ws/src/install/rplidar_ros/share/rplidar_ros/launch/rplidar_a1_launch.py
[0.783s] -- Up-to-date: /home/wellyowo/locobot_sim/locobot_ws/src/install/rplidar_ros/share/rplidar_ros/launch/rplidar_a3_launch.py
[0.783s] -- Up-to-date: /home/wellyowo/locobot_sim/locobot_ws/src/install/rplidar_ros/share/rplidar_ros/launch/view_rplidar_s3_launch.py
[0.783s] -- Up-to-date: /home/wellyowo/locobot_sim/locobot_ws/src/install/rplidar_ros/share/rplidar_ros/launch/view_rplidar_a1_launch.py
[0.784s] -- Up-to-date: /home/wellyowo/locobot_sim/locobot_ws/src/install/rplidar_ros/share/rplidar_ros/launch/rplidar_s2e_launch.py
[0.784s] -- Up-to-date: /home/wellyowo/locobot_sim/locobot_ws/src/install/rplidar_ros/share/rplidar_ros/launch/view_rplidar_t1_launch.py
[0.784s] -- Up-to-date: /home/wellyowo/locobot_sim/locobot_ws/src/install/rplidar_ros/share/rplidar_ros/launch/view_rplidar_c1_launch.py
[0.784s] -- Up-to-date: /home/wellyowo/locobot_sim/locobot_ws/src/install/rplidar_ros/share/rplidar_ros/launch/rplidar_s1_tcp_launch.py
[0.784s] -- Up-to-date: /home/wellyowo/locobot_sim/locobot_ws/src/install/rplidar_ros/share/rplidar_ros/launch/rplidar_s3_launch.py
[0.784s] -- Up-to-date: /home/wellyowo/locobot_sim/locobot_ws/src/install/rplidar_ros/share/rplidar_ros/launch/rplidar_c1_launch.py
[0.784s] -- Up-to-date: /home/wellyowo/locobot_sim/locobot_ws/src/install/rplidar_ros/share/rplidar_ros/launch/view_rplidar_s2e_launch.py
[0.784s] -- Up-to-date: /home/wellyowo/locobot_sim/locobot_ws/src/install/rplidar_ros/share/rplidar_ros/launch/view_rplidar_a2m8_launch.py
[0.784s] -- Up-to-date: /home/wellyowo/locobot_sim/locobot_ws/src/install/rplidar_ros/share/rplidar_ros/launch/view_rplidar_a3_launch.py
[0.785s] -- Up-to-date: /home/wellyowo/locobot_sim/locobot_ws/src/install/rplidar_ros/share/rplidar_ros/launch/view_rplidar_a2m7_launch.py
[0.785s] -- Up-to-date: /home/wellyowo/locobot_sim/locobot_ws/src/install/rplidar_ros/share/rplidar_ros/launch/view_rplidar_a2m12_launch.py
[0.785s] -- Up-to-date: /home/wellyowo/locobot_sim/locobot_ws/src/install/rplidar_ros/share/rplidar_ros/rviz
[0.785s] -- Up-to-date: /home/wellyowo/locobot_sim/locobot_ws/src/install/rplidar_ros/share/rplidar_ros/rviz/rplidar_ros.rviz
[0.785s] -- Up-to-date: /home/wellyowo/locobot_sim/locobot_ws/src/install/rplidar_ros/lib/rplidar_ros/rplidar_node
[0.785s] -- Up-to-date: /home/wellyowo/locobot_sim/locobot_ws/src/install/rplidar_ros/lib/rplidar_ros/rplidar_composition
[0.785s] -- Up-to-date: /home/wellyowo/locobot_sim/locobot_ws/src/install/rplidar_ros/lib/rplidar_ros/rplidar_client
[0.792s] -- Up-to-date: /home/wellyowo/locobot_sim/locobot_ws/src/install/rplidar_ros/share/ament_index/resource_index/package_run_dependencies/rplidar_ros
[0.794s] -- Up-to-date: /home/wellyowo/locobot_sim/locobot_ws/src/install/rplidar_ros/share/ament_index/resource_index/parent_prefix_path/rplidar_ros
[0.794s] -- Up-to-date: /home/wellyowo/locobot_sim/locobot_ws/src/install/rplidar_ros/share/rplidar_ros/environment/ament_prefix_path.sh
[0.794s] -- Up-to-date: /home/wellyowo/locobot_sim/locobot_ws/src/install/rplidar_ros/share/rplidar_ros/environment/ament_prefix_path.dsv
[0.795s] -- Up-to-date: /home/wellyowo/locobot_sim/locobot_ws/src/install/rplidar_ros/share/rplidar_ros/environment/path.sh
[0.795s] -- Up-to-date: /home/wellyowo/locobot_sim/locobot_ws/src/install/rplidar_ros/share/rplidar_ros/environment/path.dsv
[0.795s] -- Up-to-date: /home/wellyowo/locobot_sim/locobot_ws/src/install/rplidar_ros/share/rplidar_ros/local_setup.bash
[0.795s] -- Up-to-date: /home/wellyowo/locobot_sim/locobot_ws/src/install/rplidar_ros/share/rplidar_ros/local_setup.sh
[0.795s] -- Up-to-date: /home/wellyowo/locobot_sim/locobot_ws/src/install/rplidar_ros/share/rplidar_ros/local_setup.zsh
[0.795s] -- Up-to-date: /home/wellyowo/locobot_sim/locobot_ws/src/install/rplidar_ros/share/rplidar_ros/local_setup.dsv
[0.795s] -- Installing: /home/wellyowo/locobot_sim/locobot_ws/src/install/rplidar_ros/share/rplidar_ros/package.dsv
[0.795s] -- Up-to-date: /home/wellyowo/locobot_sim/locobot_ws/src/install/rplidar_ros/share/ament_index/resource_index/packages/rplidar_ros
[0.795s] -- Up-to-date: /home/wellyowo/locobot_sim/locobot_ws/src/install/rplidar_ros/share/rplidar_ros/cmake/ament_cmake_export_dependencies-extras.cmake
[0.795s] -- Up-to-date: /home/wellyowo/locobot_sim/locobot_ws/src/install/rplidar_ros/share/rplidar_ros/cmake/ament_cmake_export_include_directories-extras.cmake
[0.795s] -- Up-to-date: /home/wellyowo/locobot_sim/locobot_ws/src/install/rplidar_ros/share/rplidar_ros/cmake/rplidar_rosConfig.cmake
[0.795s] -- Up-to-date: /home/wellyowo/locobot_sim/locobot_ws/src/install/rplidar_ros/share/rplidar_ros/cmake/rplidar_rosConfig-version.cmake
[0.795s] -- Up-to-date: /home/wellyowo/locobot_sim/locobot_ws/src/install/rplidar_ros/share/rplidar_ros/package.xml
[0.941s] Invoked command in '/home/wellyowo/locobot_sim/locobot_ws/src/build/rplidar_ros' returned '0': CMAKE_PREFIX_PATH=/opt/ros/humble /usr/bin/cmake --install /home/wellyowo/locobot_sim/locobot_ws/src/build/rplidar_ros
