-- The C compiler identification is GNU 11.4.0
-- The CXX compiler identification is GNU 11.4.0
-- Detecting C compiler ABI info
-- Detecting C compiler ABI info - done
-- Check for working C compiler: /usr/bin/cc - skipped
-- Detecting C compile features
-- Detecting C compile features - done
-- Detecting CXX compiler ABI info
-- Detecting CXX compiler ABI info - done
-- Check for working CXX compiler: /usr/bin/c++ - skipped
-- Detecting CXX compile features
-- Detecting CXX compile features - done
-- Found ament_cmake_ros: 0.10.0 (/opt/ros/humble/share/ament_cmake_ros/cmake)
-- Found Python3: /usr/bin/python3 (found version "3.10.12") found components: Interpreter 
-- Override CMake install command with custom implementation using symlinks instead of copying resources
-- Found ecl_build: 1.0.3 (/opt/ros/humble/share/ecl_build/cmake)
-- Found ecl_concepts: 1.2.1 (/home/wellyowo/locobot_sim/locobot_ws/install/ecl_concepts/share/ecl_concepts/cmake)
-- Configuring done
-- Generating done
-- Build files have been written to: /home/wellyowo/locobot_sim/locobot_ws/build/ecl_utilities
[ 50%] [32mBuilding CXX object src/examples/CMakeFiles/ecl_demo_constructors.dir/constructors.cpp.o[0m
[100%] [32m[1mLinking CXX executable demo_constructors[0m
[100%] Built target ecl_demo_constructors
-- Install configuration: ""
-- Execute custom install script
-- Symlinking: /home/wellyowo/locobot_sim/locobot_ws/install/ecl_utilities/include/ecl/utilities/blueprints.hpp
-- Symlinking: /home/wellyowo/locobot_sim/locobot_ws/install/ecl_utilities/include/ecl/utilities/flags.hpp
-- Symlinking: /home/wellyowo/locobot_sim/locobot_ws/install/ecl_utilities/include/ecl/utilities/function_objects.hpp
-- Symlinking: /home/wellyowo/locobot_sim/locobot_ws/install/ecl_utilities/include/ecl/utilities/parameter.hpp
-- Symlinking: /home/wellyowo/locobot_sim/locobot_ws/install/ecl_utilities/include/ecl/utilities/references.hpp
-- Symlinking: /home/wellyowo/locobot_sim/locobot_ws/install/ecl_utilities/include/ecl/utilities/singleton.hpp
-- Symlinking: /home/wellyowo/locobot_sim/locobot_ws/install/ecl_utilities/include/ecl/utilities/void.hpp
-- Symlinking: /home/wellyowo/locobot_sim/locobot_ws/install/ecl_utilities/include/ecl/utilities.hpp
-- Symlinking: /home/wellyowo/locobot_sim/locobot_ws/install/ecl_utilities/lib/ecl_utilities/demo_constructors
-- Symlinking: /home/wellyowo/locobot_sim/locobot_ws/install/ecl_utilities/share/ament_index/resource_index/package_run_dependencies/ecl_utilities
-- Symlinking: /home/wellyowo/locobot_sim/locobot_ws/install/ecl_utilities/share/ament_index/resource_index/parent_prefix_path/ecl_utilities
-- Symlinking: /home/wellyowo/locobot_sim/locobot_ws/install/ecl_utilities/share/ecl_utilities/environment/ament_prefix_path.sh
-- Symlinking: /home/wellyowo/locobot_sim/locobot_ws/install/ecl_utilities/share/ecl_utilities/environment/ament_prefix_path.dsv
-- Symlinking: /home/wellyowo/locobot_sim/locobot_ws/install/ecl_utilities/share/ecl_utilities/environment/path.sh
-- Symlinking: /home/wellyowo/locobot_sim/locobot_ws/install/ecl_utilities/share/ecl_utilities/environment/path.dsv
-- Symlinking: /home/wellyowo/locobot_sim/locobot_ws/install/ecl_utilities/share/ecl_utilities/local_setup.bash
-- Symlinking: /home/wellyowo/locobot_sim/locobot_ws/install/ecl_utilities/share/ecl_utilities/local_setup.sh
-- Symlinking: /home/wellyowo/locobot_sim/locobot_ws/install/ecl_utilities/share/ecl_utilities/local_setup.zsh
-- Symlinking: /home/wellyowo/locobot_sim/locobot_ws/install/ecl_utilities/share/ecl_utilities/local_setup.dsv
-- Symlinking: /home/wellyowo/locobot_sim/locobot_ws/install/ecl_utilities/share/ecl_utilities/package.dsv
-- Symlinking: /home/wellyowo/locobot_sim/locobot_ws/install/ecl_utilities/share/ament_index/resource_index/packages/ecl_utilities
-- Symlinking: /home/wellyowo/locobot_sim/locobot_ws/install/ecl_utilities/share/ecl_utilities/cmake/ament_cmake_export_targets-extras.cmake
-- Symlinking: /home/wellyowo/locobot_sim/locobot_ws/install/ecl_utilities/share/ecl_utilities/cmake/ament_cmake_export_include_directories-extras.cmake
-- Symlinking: /home/wellyowo/locobot_sim/locobot_ws/install/ecl_utilities/share/ecl_utilities/cmake/ament_cmake_export_dependencies-extras.cmake
-- Symlinking: /home/wellyowo/locobot_sim/locobot_ws/install/ecl_utilities/share/ecl_utilities/cmake/ecl_utilitiesConfig.cmake
-- Symlinking: /home/wellyowo/locobot_sim/locobot_ws/install/ecl_utilities/share/ecl_utilities/cmake/ecl_utilitiesConfig-version.cmake
-- Symlinking: /home/wellyowo/locobot_sim/locobot_ws/install/ecl_utilities/share/ecl_utilities/package.xml
-- Installing: /home/wellyowo/locobot_sim/locobot_ws/install/ecl_utilities/share/ecl_utilities/cmake/ecl_utilitiesExport.cmake
