[0.105s] Invoking command in '/home/wellyowo/locobot_sim/locobot_ws/build/ecl_utilities': AMENT_PREFIX_PATH=/home/wellyowo/locobot_sim/locobot_ws/install/ecl_concepts:/home/wellyowo/locobot_sim/locobot_ws/install/ecl_type_traits:/home/wellyowo/locobot_sim/locobot_ws/install/ecl_mpl:/home/wellyowo/locobot_sim/locobot_ws/install/ecl_config:${AMENT_PREFIX_PATH} CMAKE_PREFIX_PATH=/home/wellyowo/locobot_sim/locobot_ws/install/ecl_concepts:/home/wellyowo/locobot_sim/locobot_ws/install/ecl_type_traits:/home/wellyowo/locobot_sim/locobot_ws/install/ecl_mpl:/home/wellyowo/locobot_sim/locobot_ws/install/ecl_config:/opt/ros/humble LD_LIBRARY_PATH=/home/wellyowo/locobot_sim/locobot_ws/install/ecl_type_traits/lib:${LD_LIBRARY_PATH} PATH=/home/wellyowo/locobot_sim/locobot_ws/install/ecl_type_traits/bin:/home/wellyowo/locobot_sim/locobot_ws/install/ecl_config/bin:${PATH} /usr/bin/cmake /home/wellyowo/locobot_sim/locobot_ws/src/ThirdParty/ecl/ecl_core/ecl_utilities -DBUILD_TESTING=OFF -DCMAKE_PREFIX_PATH= -DAMENT_CMAKE_SYMLINK_INSTALL=1 -DCMAKE_INSTALL_PREFIX=/home/wellyowo/locobot_sim/locobot_ws/install/ecl_utilities
[2.135s] -- The C compiler identification is GNU 11.4.0
[2.139s] -- The CXX compiler identification is GNU 11.4.0
[2.139s] -- Detecting C compiler ABI info
[2.140s] -- Detecting C compiler ABI info - done
[2.140s] -- Check for working C compiler: /usr/bin/cc - skipped
[2.140s] -- Detecting C compile features
[2.140s] -- Detecting C compile features - done
[2.140s] -- Detecting CXX compiler ABI info
[2.140s] -- Detecting CXX compiler ABI info - done
[2.141s] -- Check for working CXX compiler: /usr/bin/c++ - skipped
[2.141s] -- Detecting CXX compile features
[2.141s] -- Detecting CXX compile features - done
[2.141s] -- Found ament_cmake_ros: 0.10.0 (/opt/ros/humble/share/ament_cmake_ros/cmake)
[2.141s] -- Found Python3: /usr/bin/python3 (found version "3.10.12") found components: Interpreter 
[2.151s] -- Override CMake install command with custom implementation using symlinks instead of copying resources
[2.277s] -- Found ecl_build: 1.0.3 (/opt/ros/humble/share/ecl_build/cmake)
[2.304s] -- Found ecl_concepts: 1.2.1 (/home/wellyowo/locobot_sim/locobot_ws/install/ecl_concepts/share/ecl_concepts/cmake)
[2.619s] -- Configuring done
[2.668s] -- Generating done
[2.687s] -- Build files have been written to: /home/wellyowo/locobot_sim/locobot_ws/build/ecl_utilities
[2.763s] Invoked command in '/home/wellyowo/locobot_sim/locobot_ws/build/ecl_utilities' returned '0': AMENT_PREFIX_PATH=/home/wellyowo/locobot_sim/locobot_ws/install/ecl_concepts:/home/wellyowo/locobot_sim/locobot_ws/install/ecl_type_traits:/home/wellyowo/locobot_sim/locobot_ws/install/ecl_mpl:/home/wellyowo/locobot_sim/locobot_ws/install/ecl_config:${AMENT_PREFIX_PATH} CMAKE_PREFIX_PATH=/home/wellyowo/locobot_sim/locobot_ws/install/ecl_concepts:/home/wellyowo/locobot_sim/locobot_ws/install/ecl_type_traits:/home/wellyowo/locobot_sim/locobot_ws/install/ecl_mpl:/home/wellyowo/locobot_sim/locobot_ws/install/ecl_config:/opt/ros/humble LD_LIBRARY_PATH=/home/wellyowo/locobot_sim/locobot_ws/install/ecl_type_traits/lib:${LD_LIBRARY_PATH} PATH=/home/wellyowo/locobot_sim/locobot_ws/install/ecl_type_traits/bin:/home/wellyowo/locobot_sim/locobot_ws/install/ecl_config/bin:${PATH} /usr/bin/cmake /home/wellyowo/locobot_sim/locobot_ws/src/ThirdParty/ecl/ecl_core/ecl_utilities -DBUILD_TESTING=OFF -DCMAKE_PREFIX_PATH= -DAMENT_CMAKE_SYMLINK_INSTALL=1 -DCMAKE_INSTALL_PREFIX=/home/wellyowo/locobot_sim/locobot_ws/install/ecl_utilities
[2.763s] Invoking command in '/home/wellyowo/locobot_sim/locobot_ws/build/ecl_utilities': AMENT_PREFIX_PATH=/home/wellyowo/locobot_sim/locobot_ws/install/ecl_concepts:/home/wellyowo/locobot_sim/locobot_ws/install/ecl_type_traits:/home/wellyowo/locobot_sim/locobot_ws/install/ecl_mpl:/home/wellyowo/locobot_sim/locobot_ws/install/ecl_config:${AMENT_PREFIX_PATH} CMAKE_PREFIX_PATH=/home/wellyowo/locobot_sim/locobot_ws/install/ecl_concepts:/home/wellyowo/locobot_sim/locobot_ws/install/ecl_type_traits:/home/wellyowo/locobot_sim/locobot_ws/install/ecl_mpl:/home/wellyowo/locobot_sim/locobot_ws/install/ecl_config:/opt/ros/humble LD_LIBRARY_PATH=/home/wellyowo/locobot_sim/locobot_ws/install/ecl_type_traits/lib:${LD_LIBRARY_PATH} PATH=/home/wellyowo/locobot_sim/locobot_ws/install/ecl_type_traits/bin:/home/wellyowo/locobot_sim/locobot_ws/install/ecl_config/bin:${PATH} /usr/bin/cmake --build /home/wellyowo/locobot_sim/locobot_ws/build/ecl_utilities -- -j16 -l16
[3.027s] [ 50%] [32mBuilding CXX object src/examples/CMakeFiles/ecl_demo_constructors.dir/constructors.cpp.o[0m
[3.313s] [100%] [32m[1mLinking CXX executable demo_constructors[0m
[3.536s] [100%] Built target ecl_demo_constructors
[3.599s] Invoked command in '/home/wellyowo/locobot_sim/locobot_ws/build/ecl_utilities' returned '0': AMENT_PREFIX_PATH=/home/wellyowo/locobot_sim/locobot_ws/install/ecl_concepts:/home/wellyowo/locobot_sim/locobot_ws/install/ecl_type_traits:/home/wellyowo/locobot_sim/locobot_ws/install/ecl_mpl:/home/wellyowo/locobot_sim/locobot_ws/install/ecl_config:${AMENT_PREFIX_PATH} CMAKE_PREFIX_PATH=/home/wellyowo/locobot_sim/locobot_ws/install/ecl_concepts:/home/wellyowo/locobot_sim/locobot_ws/install/ecl_type_traits:/home/wellyowo/locobot_sim/locobot_ws/install/ecl_mpl:/home/wellyowo/locobot_sim/locobot_ws/install/ecl_config:/opt/ros/humble LD_LIBRARY_PATH=/home/wellyowo/locobot_sim/locobot_ws/install/ecl_type_traits/lib:${LD_LIBRARY_PATH} PATH=/home/wellyowo/locobot_sim/locobot_ws/install/ecl_type_traits/bin:/home/wellyowo/locobot_sim/locobot_ws/install/ecl_config/bin:${PATH} /usr/bin/cmake --build /home/wellyowo/locobot_sim/locobot_ws/build/ecl_utilities -- -j16 -l16
[3.600s] Invoking command in '/home/wellyowo/locobot_sim/locobot_ws/build/ecl_utilities': AMENT_PREFIX_PATH=/home/wellyowo/locobot_sim/locobot_ws/install/ecl_concepts:/home/wellyowo/locobot_sim/locobot_ws/install/ecl_type_traits:/home/wellyowo/locobot_sim/locobot_ws/install/ecl_mpl:/home/wellyowo/locobot_sim/locobot_ws/install/ecl_config:${AMENT_PREFIX_PATH} CMAKE_PREFIX_PATH=/home/wellyowo/locobot_sim/locobot_ws/install/ecl_concepts:/home/wellyowo/locobot_sim/locobot_ws/install/ecl_type_traits:/home/wellyowo/locobot_sim/locobot_ws/install/ecl_mpl:/home/wellyowo/locobot_sim/locobot_ws/install/ecl_config:/opt/ros/humble LD_LIBRARY_PATH=/home/wellyowo/locobot_sim/locobot_ws/install/ecl_type_traits/lib:${LD_LIBRARY_PATH} PATH=/home/wellyowo/locobot_sim/locobot_ws/install/ecl_type_traits/bin:/home/wellyowo/locobot_sim/locobot_ws/install/ecl_config/bin:${PATH} /usr/bin/cmake --install /home/wellyowo/locobot_sim/locobot_ws/build/ecl_utilities
[4.812s] -- Install configuration: ""
[4.825s] -- Execute custom install script
[4.825s] -- Symlinking: /home/wellyowo/locobot_sim/locobot_ws/install/ecl_utilities/include/ecl/utilities/blueprints.hpp
[4.825s] -- Symlinking: /home/wellyowo/locobot_sim/locobot_ws/install/ecl_utilities/include/ecl/utilities/flags.hpp
[4.825s] -- Symlinking: /home/wellyowo/locobot_sim/locobot_ws/install/ecl_utilities/include/ecl/utilities/function_objects.hpp
[4.825s] -- Symlinking: /home/wellyowo/locobot_sim/locobot_ws/install/ecl_utilities/include/ecl/utilities/parameter.hpp
[4.825s] -- Symlinking: /home/wellyowo/locobot_sim/locobot_ws/install/ecl_utilities/include/ecl/utilities/references.hpp
[4.825s] -- Symlinking: /home/wellyowo/locobot_sim/locobot_ws/install/ecl_utilities/include/ecl/utilities/singleton.hpp
[4.825s] -- Symlinking: /home/wellyowo/locobot_sim/locobot_ws/install/ecl_utilities/include/ecl/utilities/void.hpp
[4.825s] -- Symlinking: /home/wellyowo/locobot_sim/locobot_ws/install/ecl_utilities/include/ecl/utilities.hpp
[4.826s] -- Symlinking: /home/wellyowo/locobot_sim/locobot_ws/install/ecl_utilities/lib/ecl_utilities/demo_constructors
[4.826s] -- Symlinking: /home/wellyowo/locobot_sim/locobot_ws/install/ecl_utilities/share/ament_index/resource_index/package_run_dependencies/ecl_utilities
[4.826s] -- Symlinking: /home/wellyowo/locobot_sim/locobot_ws/install/ecl_utilities/share/ament_index/resource_index/parent_prefix_path/ecl_utilities
[4.826s] -- Symlinking: /home/wellyowo/locobot_sim/locobot_ws/install/ecl_utilities/share/ecl_utilities/environment/ament_prefix_path.sh
[4.826s] -- Symlinking: /home/wellyowo/locobot_sim/locobot_ws/install/ecl_utilities/share/ecl_utilities/environment/ament_prefix_path.dsv
[4.826s] -- Symlinking: /home/wellyowo/locobot_sim/locobot_ws/install/ecl_utilities/share/ecl_utilities/environment/path.sh
[4.826s] -- Symlinking: /home/wellyowo/locobot_sim/locobot_ws/install/ecl_utilities/share/ecl_utilities/environment/path.dsv
[4.826s] -- Symlinking: /home/wellyowo/locobot_sim/locobot_ws/install/ecl_utilities/share/ecl_utilities/local_setup.bash
[4.826s] -- Symlinking: /home/wellyowo/locobot_sim/locobot_ws/install/ecl_utilities/share/ecl_utilities/local_setup.sh
[4.826s] -- Symlinking: /home/wellyowo/locobot_sim/locobot_ws/install/ecl_utilities/share/ecl_utilities/local_setup.zsh
[4.826s] -- Symlinking: /home/wellyowo/locobot_sim/locobot_ws/install/ecl_utilities/share/ecl_utilities/local_setup.dsv
[4.826s] -- Symlinking: /home/wellyowo/locobot_sim/locobot_ws/install/ecl_utilities/share/ecl_utilities/package.dsv
[4.826s] -- Symlinking: /home/wellyowo/locobot_sim/locobot_ws/install/ecl_utilities/share/ament_index/resource_index/packages/ecl_utilities
[4.826s] -- Symlinking: /home/wellyowo/locobot_sim/locobot_ws/install/ecl_utilities/share/ecl_utilities/cmake/ament_cmake_export_targets-extras.cmake
[4.827s] -- Symlinking: /home/wellyowo/locobot_sim/locobot_ws/install/ecl_utilities/share/ecl_utilities/cmake/ament_cmake_export_include_directories-extras.cmake
[4.827s] -- Symlinking: /home/wellyowo/locobot_sim/locobot_ws/install/ecl_utilities/share/ecl_utilities/cmake/ament_cmake_export_dependencies-extras.cmake
[4.827s] -- Symlinking: /home/wellyowo/locobot_sim/locobot_ws/install/ecl_utilities/share/ecl_utilities/cmake/ecl_utilitiesConfig.cmake
[4.827s] -- Symlinking: /home/wellyowo/locobot_sim/locobot_ws/install/ecl_utilities/share/ecl_utilities/cmake/ecl_utilitiesConfig-version.cmake
[4.827s] -- Symlinking: /home/wellyowo/locobot_sim/locobot_ws/install/ecl_utilities/share/ecl_utilities/package.xml
[4.827s] -- Installing: /home/wellyowo/locobot_sim/locobot_ws/install/ecl_utilities/share/ecl_utilities/cmake/ecl_utilitiesExport.cmake
[4.828s] Invoked command in '/home/wellyowo/locobot_sim/locobot_ws/build/ecl_utilities' returned '0': AMENT_PREFIX_PATH=/home/wellyowo/locobot_sim/locobot_ws/install/ecl_concepts:/home/wellyowo/locobot_sim/locobot_ws/install/ecl_type_traits:/home/wellyowo/locobot_sim/locobot_ws/install/ecl_mpl:/home/wellyowo/locobot_sim/locobot_ws/install/ecl_config:${AMENT_PREFIX_PATH} CMAKE_PREFIX_PATH=/home/wellyowo/locobot_sim/locobot_ws/install/ecl_concepts:/home/wellyowo/locobot_sim/locobot_ws/install/ecl_type_traits:/home/wellyowo/locobot_sim/locobot_ws/install/ecl_mpl:/home/wellyowo/locobot_sim/locobot_ws/install/ecl_config:/opt/ros/humble LD_LIBRARY_PATH=/home/wellyowo/locobot_sim/locobot_ws/install/ecl_type_traits/lib:${LD_LIBRARY_PATH} PATH=/home/wellyowo/locobot_sim/locobot_ws/install/ecl_type_traits/bin:/home/wellyowo/locobot_sim/locobot_ws/install/ecl_config/bin:${PATH} /usr/bin/cmake --install /home/wellyowo/locobot_sim/locobot_ws/build/ecl_utilities
