[0.031s] Invoking command in '/home/wellyowo/locobot_sim/locobot_ws/build/kobuki': AMENT_PREFIX_PATH=/home/wellyowo/locobot_sim/locobot_ws/install/kobuki_description:${AMENT_PREFIX_PATH} CMAKE_PREFIX_PATH=/home/wellyowo/locobot_sim/locobot_ws/install/kobuki_description:/opt/ros/humble /usr/bin/cmake /home/wellyowo/locobot_sim/locobot_ws/src/kobuki -DBUILD_TESTING=OFF -DCMAKE_PREFIX_PATH= -DAMENT_CMAKE_SYMLINK_INSTALL=1 -DCMAKE_INSTALL_PREFIX=/home/wellyowo/locobot_sim/locobot_ws/install/kobuki
[4.266s] -- The C compiler identification is GNU 11.4.0
[4.267s] -- The CXX compiler identification is GNU 11.4.0
[4.267s] -- Detecting C compiler ABI info
[4.267s] -- Detecting C compiler ABI info - done
[4.267s] -- Check for working C compiler: /usr/bin/cc - skipped
[4.268s] -- Detecting C compile features
[4.268s] -- Detecting C compile features - done
[4.268s] -- Detecting CXX compiler ABI info
[4.268s] -- Detecting CXX compiler ABI info - done
[4.268s] -- Check for working CXX compiler: /usr/bin/c++ - skipped
[4.268s] -- Detecting CXX compile features
[4.269s] -- Detecting CXX compile features - done
[4.269s] -- Found ament_cmake: 1.3.11 (/opt/ros/humble/share/ament_cmake/cmake)
[4.269s] -- Found Python3: /usr/bin/python3 (found version "3.10.12") found components: Interpreter 
[4.269s] -- Override CMake install command with custom implementation using symlinks instead of copying resources
[4.269s] -- Found rclcpp: 16.0.12 (/opt/ros/humble/share/rclcpp/cmake)
[4.269s] -- Found rosidl_generator_c: 3.1.6 (/opt/ros/humble/share/rosidl_generator_c/cmake)
[4.269s] -- Found rosidl_adapter: 3.1.6 (/opt/ros/humble/share/rosidl_adapter/cmake)
[4.269s] -- Found rosidl_generator_cpp: 3.1.6 (/opt/ros/humble/share/rosidl_generator_cpp/cmake)
[4.269s] -- Using all available rosidl_typesupport_c: rosidl_typesupport_fastrtps_c;rosidl_typesupport_introspection_c
[4.269s] -- Using all available rosidl_typesupport_cpp: rosidl_typesupport_fastrtps_cpp;rosidl_typesupport_introspection_cpp
[4.269s] -- Found rmw_implementation_cmake: 6.1.2 (/opt/ros/humble/share/rmw_implementation_cmake/cmake)
[4.269s] -- Found rmw_fastrtps_cpp: 6.2.7 (/opt/ros/humble/share/rmw_fastrtps_cpp/cmake)
[4.269s] -- Found OpenSSL: /usr/lib/x86_64-linux-gnu/libcrypto.so (found version "3.0.2")  
[4.269s] -- Found FastRTPS: /opt/ros/humble/include  
[4.269s] -- Using RMW implementation 'rmw_fastrtps_cpp' as default
[4.270s] -- Looking for pthread.h
[4.270s] -- Looking for pthread.h - found
[4.270s] -- Performing Test CMAKE_HAVE_LIBC_PTHREAD
[4.270s] -- Performing Test CMAKE_HAVE_LIBC_PTHREAD - Success
[4.270s] -- Found Threads: TRUE  
[4.347s] -- Found sensor_msgs: 4.9.0 (/opt/ros/humble/share/sensor_msgs/cmake)
[4.402s] -- Found kobuki_ros_interfaces: 1.0.0 (/opt/ros/humble/share/kobuki_ros_interfaces/cmake)
[4.793s] -- Configuring done
[4.856s] -- Generating done
[4.888s] -- Build files have been written to: /home/wellyowo/locobot_sim/locobot_ws/build/kobuki
[5.046s] Invoked command in '/home/wellyowo/locobot_sim/locobot_ws/build/kobuki' returned '0': AMENT_PREFIX_PATH=/home/wellyowo/locobot_sim/locobot_ws/install/kobuki_description:${AMENT_PREFIX_PATH} CMAKE_PREFIX_PATH=/home/wellyowo/locobot_sim/locobot_ws/install/kobuki_description:/opt/ros/humble /usr/bin/cmake /home/wellyowo/locobot_sim/locobot_ws/src/kobuki -DBUILD_TESTING=OFF -DCMAKE_PREFIX_PATH= -DAMENT_CMAKE_SYMLINK_INSTALL=1 -DCMAKE_INSTALL_PREFIX=/home/wellyowo/locobot_sim/locobot_ws/install/kobuki
[5.047s] Invoking command in '/home/wellyowo/locobot_sim/locobot_ws/build/kobuki': AMENT_PREFIX_PATH=/home/wellyowo/locobot_sim/locobot_ws/install/kobuki_description:${AMENT_PREFIX_PATH} CMAKE_PREFIX_PATH=/home/wellyowo/locobot_sim/locobot_ws/install/kobuki_description:/opt/ros/humble /usr/bin/cmake --build /home/wellyowo/locobot_sim/locobot_ws/build/kobuki -- -j16 -l16
[21.277s] [ 25%] [32mBuilding CXX object CMakeFiles/kobuki.dir/src/kobuki/FakeBumper.cpp.o[0m
[77.098s] [ 50%] [32m[1mLinking CXX shared library libkobuki.so[0m
[79.704s] [ 50%] Built target kobuki
[79.815s] [ 75%] [32mBuilding CXX object CMakeFiles/fake_bumer_node.dir/src/fake_bumper_node.cpp.o[0m
[96.785s] [100%] [32m[1mLinking CXX executable fake_bumer_node[0m
[97.684s] [100%] Built target fake_bumer_node
[97.720s] Invoked command in '/home/wellyowo/locobot_sim/locobot_ws/build/kobuki' returned '0': AMENT_PREFIX_PATH=/home/wellyowo/locobot_sim/locobot_ws/install/kobuki_description:${AMENT_PREFIX_PATH} CMAKE_PREFIX_PATH=/home/wellyowo/locobot_sim/locobot_ws/install/kobuki_description:/opt/ros/humble /usr/bin/cmake --build /home/wellyowo/locobot_sim/locobot_ws/build/kobuki -- -j16 -l16
[97.722s] Invoking command in '/home/wellyowo/locobot_sim/locobot_ws/build/kobuki': AMENT_PREFIX_PATH=/home/wellyowo/locobot_sim/locobot_ws/install/kobuki_description:${AMENT_PREFIX_PATH} CMAKE_PREFIX_PATH=/home/wellyowo/locobot_sim/locobot_ws/install/kobuki_description:/opt/ros/humble /usr/bin/cmake --install /home/wellyowo/locobot_sim/locobot_ws/build/kobuki
[99.304s] -- Install configuration: ""
[99.305s] -- Execute custom install script
[99.305s] -- Symlinking: /home/wellyowo/locobot_sim/locobot_ws/install/kobuki/lib/kobuki/fake_bumer_node
[99.305s] -- Symlinking: /home/wellyowo/locobot_sim/locobot_ws/install/kobuki/share/kobuki/launch/kobuki.launch.py
[99.305s] -- Symlinking: /home/wellyowo/locobot_sim/locobot_ws/install/kobuki/share/kobuki/launch/navigation.launch.py
[99.305s] -- Symlinking: /home/wellyowo/locobot_sim/locobot_ws/install/kobuki/share/kobuki/launch/navigation_sim.launch.py
[99.305s] -- Symlinking: /home/wellyowo/locobot_sim/locobot_ws/install/kobuki/share/kobuki/launch/simulation.launch.py
[99.306s] -- Symlinking: /home/wellyowo/locobot_sim/locobot_ws/install/kobuki/share/kobuki/config/footprint_filter.yaml
[99.306s] -- Symlinking: /home/wellyowo/locobot_sim/locobot_ws/install/kobuki/share/kobuki/config/kobuki_nav_params.yaml
[99.306s] -- Symlinking: /home/wellyowo/locobot_sim/locobot_ws/install/kobuki/share/kobuki/config/kobuki_node_params.yaml
[99.307s] -- Symlinking: /home/wellyowo/locobot_sim/locobot_ws/install/kobuki/share/kobuki/config/kobuki_sim_nav_params.yaml
[99.307s] -- Symlinking: /home/wellyowo/locobot_sim/locobot_ws/install/kobuki/share/kobuki/maps/aws_bookstore.pgm
[99.307s] -- Symlinking: /home/wellyowo/locobot_sim/locobot_ws/install/kobuki/share/kobuki/maps/aws_bookstore.yaml
[99.315s] -- Symlinking: /home/wellyowo/locobot_sim/locobot_ws/install/kobuki/share/kobuki/maps/aws_hospital.pgm
[99.315s] -- Symlinking: /home/wellyowo/locobot_sim/locobot_ws/install/kobuki/share/kobuki/maps/aws_hospital.yaml
[99.315s] -- Symlinking: /home/wellyowo/locobot_sim/locobot_ws/install/kobuki/share/kobuki/maps/aws_house.pgm
[99.315s] -- Symlinking: /home/wellyowo/locobot_sim/locobot_ws/install/kobuki/share/kobuki/maps/aws_house.yaml
[99.316s] -- Symlinking: /home/wellyowo/locobot_sim/locobot_ws/install/kobuki/share/kobuki/maps/aws_house_keep.pgm
[99.316s] -- Symlinking: /home/wellyowo/locobot_sim/locobot_ws/install/kobuki/share/kobuki/maps/aws_house_keep.yaml
[99.316s] -- Symlinking: /home/wellyowo/locobot_sim/locobot_ws/install/kobuki/share/kobuki/maps/aws_warehouse.pgm
[99.316s] -- Symlinking: /home/wellyowo/locobot_sim/locobot_ws/install/kobuki/share/kobuki/maps/aws_warehouse.yaml
[99.316s] -- Symlinking: /home/wellyowo/locobot_sim/locobot_ws/install/kobuki/share/kobuki/maps/dmarce_map.pgm
[99.316s] -- Symlinking: /home/wellyowo/locobot_sim/locobot_ws/install/kobuki/share/kobuki/maps/dmarce_map.yaml
[99.316s] -- Symlinking: /home/wellyowo/locobot_sim/locobot_ws/install/kobuki/share/kobuki/maps/lab.pgm
[99.316s] -- Symlinking: /home/wellyowo/locobot_sim/locobot_ws/install/kobuki/share/kobuki/maps/lab.yaml
[99.316s] -- Symlinking: /home/wellyowo/locobot_sim/locobot_ws/install/kobuki/share/kobuki/maps/lab_robocup.pgm
[99.316s] -- Symlinking: /home/wellyowo/locobot_sim/locobot_ws/install/kobuki/share/kobuki/maps/lab_robocup.yaml
[99.316s] -- Symlinking: /home/wellyowo/locobot_sim/locobot_ws/install/kobuki/share/kobuki/maps/map_1704984627.pgm
[99.316s] -- Symlinking: /home/wellyowo/locobot_sim/locobot_ws/install/kobuki/share/kobuki/maps/map_1704984627.yaml
[99.317s] -- Symlinking: /home/wellyowo/locobot_sim/locobot_ws/install/kobuki/share/kobuki/maps/mapa_uni.pgm
[99.317s] -- Symlinking: /home/wellyowo/locobot_sim/locobot_ws/install/kobuki/share/kobuki/maps/mapa_uni.yaml
[99.317s] -- Symlinking: /home/wellyowo/locobot_sim/locobot_ws/install/kobuki/include//kobuki/FakeBumper.hpp
[99.317s] -- Symlinking: /home/wellyowo/locobot_sim/locobot_ws/install/kobuki/share/ament_index/resource_index/package_run_dependencies/kobuki
[99.317s] -- Symlinking: /home/wellyowo/locobot_sim/locobot_ws/install/kobuki/share/ament_index/resource_index/parent_prefix_path/kobuki
[99.317s] -- Symlinking: /home/wellyowo/locobot_sim/locobot_ws/install/kobuki/share/kobuki/environment/ament_prefix_path.sh
[99.317s] -- Symlinking: /home/wellyowo/locobot_sim/locobot_ws/install/kobuki/share/kobuki/environment/ament_prefix_path.dsv
[99.317s] -- Symlinking: /home/wellyowo/locobot_sim/locobot_ws/install/kobuki/share/kobuki/environment/path.sh
[99.317s] -- Symlinking: /home/wellyowo/locobot_sim/locobot_ws/install/kobuki/share/kobuki/environment/path.dsv
[99.317s] -- Symlinking: /home/wellyowo/locobot_sim/locobot_ws/install/kobuki/share/kobuki/local_setup.bash
[99.317s] -- Symlinking: /home/wellyowo/locobot_sim/locobot_ws/install/kobuki/share/kobuki/local_setup.sh
[99.317s] -- Symlinking: /home/wellyowo/locobot_sim/locobot_ws/install/kobuki/share/kobuki/local_setup.zsh
[99.317s] -- Symlinking: /home/wellyowo/locobot_sim/locobot_ws/install/kobuki/share/kobuki/local_setup.dsv
[99.318s] -- Symlinking: /home/wellyowo/locobot_sim/locobot_ws/install/kobuki/share/kobuki/package.dsv
[99.322s] -- Symlinking: /home/wellyowo/locobot_sim/locobot_ws/install/kobuki/share/ament_index/resource_index/packages/kobuki
[99.322s] -- Symlinking: /home/wellyowo/locobot_sim/locobot_ws/install/kobuki/share/kobuki/cmake/ament_cmake_export_include_directories-extras.cmake
[99.326s] -- Symlinking: /home/wellyowo/locobot_sim/locobot_ws/install/kobuki/share/kobuki/cmake/ament_cmake_export_dependencies-extras.cmake
[99.326s] -- Symlinking: /home/wellyowo/locobot_sim/locobot_ws/install/kobuki/share/kobuki/cmake/kobukiConfig.cmake
[99.327s] -- Symlinking: /home/wellyowo/locobot_sim/locobot_ws/install/kobuki/share/kobuki/cmake/kobukiConfig-version.cmake
[99.327s] -- Symlinking: /home/wellyowo/locobot_sim/locobot_ws/install/kobuki/share/kobuki/package.xml
[99.327s] Invoked command in '/home/wellyowo/locobot_sim/locobot_ws/build/kobuki' returned '0': AMENT_PREFIX_PATH=/home/wellyowo/locobot_sim/locobot_ws/install/kobuki_description:${AMENT_PREFIX_PATH} CMAKE_PREFIX_PATH=/home/wellyowo/locobot_sim/locobot_ws/install/kobuki_description:/opt/ros/humble /usr/bin/cmake --install /home/wellyowo/locobot_sim/locobot_ws/build/kobuki
