[0.030s] Invoking command in '/home/wellyowo/locobot_sim/locobot_ws/build/ecl_streams': AMENT_PREFIX_PATH=/home/wellyowo/locobot_sim/locobot_ws/install/ecl_devices:/home/wellyowo/locobot_sim/locobot_ws/install/ecl_containers:/home/wellyowo/locobot_sim/locobot_ws/install/ecl_threads:/home/wellyowo/locobot_sim/locobot_ws/install/ecl_formatters:/home/wellyowo/locobot_sim/locobot_ws/install/ecl_utilities:/home/wellyowo/locobot_sim/locobot_ws/install/ecl_time:/home/wellyowo/locobot_sim/locobot_ws/install/ecl_converters:/home/wellyowo/locobot_sim/locobot_ws/install/ecl_time_lite:/home/wellyowo/locobot_sim/locobot_ws/install/ecl_exceptions:/home/wellyowo/locobot_sim/locobot_ws/install/ecl_concepts:/home/wellyowo/locobot_sim/locobot_ws/install/ecl_type_traits:/home/wellyowo/locobot_sim/locobot_ws/install/ecl_errors:/home/wellyowo/locobot_sim/locobot_ws/install/ecl_mpl:/home/wellyowo/locobot_sim/locobot_ws/install/ecl_config:${AMENT_PREFIX_PATH} CMAKE_PREFIX_PATH=/home/wellyowo/locobot_sim/locobot_ws/install/ecl_devices:/home/wellyowo/locobot_sim/locobot_ws/install/ecl_containers:/home/wellyowo/locobot_sim/locobot_ws/install/ecl_threads:/home/wellyowo/locobot_sim/locobot_ws/install/ecl_formatters:/home/wellyowo/locobot_sim/locobot_ws/install/ecl_utilities:/home/wellyowo/locobot_sim/locobot_ws/install/ecl_time:/home/wellyowo/locobot_sim/locobot_ws/install/ecl_converters:/home/wellyowo/locobot_sim/locobot_ws/install/ecl_time_lite:/home/wellyowo/locobot_sim/locobot_ws/install/ecl_exceptions:/home/wellyowo/locobot_sim/locobot_ws/install/ecl_concepts:/home/wellyowo/locobot_sim/locobot_ws/install/ecl_type_traits:/home/wellyowo/locobot_sim/locobot_ws/install/ecl_errors:/home/wellyowo/locobot_sim/locobot_ws/install/ecl_mpl:/home/wellyowo/locobot_sim/locobot_ws/install/ecl_config:/opt/ros/humble LD_LIBRARY_PATH=/home/wellyowo/locobot_sim/locobot_ws/install/ecl_devices/lib:/home/wellyowo/locobot_sim/locobot_ws/install/ecl_threads/lib:/home/wellyowo/locobot_sim/locobot_ws/install/ecl_formatters/lib:/home/wellyowo/locobot_sim/locobot_ws/install/ecl_time/lib:/home/wellyowo/locobot_sim/locobot_ws/install/ecl_time_lite/lib:/home/wellyowo/locobot_sim/locobot_ws/install/ecl_exceptions/lib:/home/wellyowo/locobot_sim/locobot_ws/install/ecl_type_traits/lib:/home/wellyowo/locobot_sim/locobot_ws/install/ecl_errors/lib:/opt/ros/humble/opt/rviz_ogre_vendor/lib:/opt/ros/humble/lib/x86_64-linux-gnu:/opt/ros/humble/lib:/usr/local/nvidia/lib:/usr/local/nvidia/lib64:/usr/lib/x86_64-linux-gnu/gazebo-11/plugins PATH=/home/wellyowo/locobot_sim/locobot_ws/install/ecl_type_traits/bin:/home/wellyowo/locobot_sim/locobot_ws/install/ecl_config/bin:${PATH} /usr/bin/cmake /home/wellyowo/locobot_sim/locobot_ws/src/ThirdParty/ecl/ecl_core/ecl_streams -DBUILD_TESTING=OFF -DCMAKE_PREFIX_PATH= -DAMENT_CMAKE_SYMLINK_INSTALL=1 -DCMAKE_INSTALL_PREFIX=/home/wellyowo/locobot_sim/locobot_ws/install/ecl_streams
[0.091s] -- The C compiler identification is GNU 11.4.0
[0.171s] -- The CXX compiler identification is GNU 11.4.0
[0.181s] -- Detecting C compiler ABI info
[0.264s] -- Detecting C compiler ABI info - done
[0.275s] -- Check for working C compiler: /usr/bin/cc - skipped
[0.275s] -- Detecting C compile features
[0.276s] -- Detecting C compile features - done
[0.280s] -- Detecting CXX compiler ABI info
[0.403s] -- Detecting CXX compiler ABI info - done
[0.414s] -- Check for working CXX compiler: /usr/bin/c++ - skipped
[0.414s] -- Detecting CXX compile features
[0.415s] -- Detecting CXX compile features - done
[0.420s] -- Found ament_cmake_ros: 0.10.0 (/opt/ros/humble/share/ament_cmake_ros/cmake)
[0.624s] -- Found Python3: /usr/bin/python3 (found version "3.10.12") found components: Interpreter 
[0.729s] -- Override CMake install command with custom implementation using symlinks instead of copying resources
[0.798s] -- Found ecl_build: 1.0.3 (/opt/ros/humble/share/ecl_build/cmake)
[0.808s] -- Found ecl_concepts: 1.2.1 (/home/wellyowo/locobot_sim/locobot_ws/install/ecl_concepts/share/ecl_concepts/cmake)
[0.823s] -- Found ecl_converters: 1.2.1 (/home/wellyowo/locobot_sim/locobot_ws/install/ecl_converters/share/ecl_converters/cmake)
[0.835s] -- Found ecl_devices: 1.2.1 (/home/wellyowo/locobot_sim/locobot_ws/install/ecl_devices/share/ecl_devices/cmake)
[0.852s] -- Looking for pthread.h
[0.970s] -- Looking for pthread.h - found
[0.970s] -- Performing Test CMAKE_HAVE_LIBC_PTHREAD
[1.074s] -- Performing Test CMAKE_HAVE_LIBC_PTHREAD - Success
[1.076s] [33mCMake Warning (dev) at /usr/share/cmake-3.22/Modules/FindPackageHandleStandardArgs.cmake:438 (message):
[1.076s]   The package name passed to `find_package_handle_standard_args` (Threads)
[1.076s]   does not match the name of the calling package (ecl_threads).  This can
[1.076s]   lead to problems in calling code that expects `find_package` result
[1.076s]   variables (e.g., `_FOUND`) to follow a certain pattern.
[1.076s] Call Stack (most recent call first):
[1.076s]   /usr/share/cmake-3.22/Modules/FindThreads.cmake:238 (FIND_PACKAGE_HANDLE_STANDARD_ARGS)
[1.076s]   /opt/ros/humble/share/ecl_build/cmake/ecl_platform_detection.cmake:225 (include)
[1.076s]   /home/wellyowo/locobot_sim/locobot_ws/install/ecl_threads/share/ecl_threads/cmake/ecl_threads-extras.cmake:4 (ecl_detect_threads)
[1.076s]   /home/wellyowo/locobot_sim/locobot_ws/install/ecl_threads/share/ecl_threads/cmake/ecl_threadsConfig.cmake:41 (include)
[1.076s]   /home/wellyowo/locobot_sim/locobot_ws/install/ecl_devices/share/ecl_devices/cmake/ament_cmake_export_dependencies-extras.cmake:21 (find_package)
[1.076s]   /home/wellyowo/locobot_sim/locobot_ws/install/ecl_devices/share/ecl_devices/cmake/ecl_devicesConfig.cmake:41 (include)
[1.076s]   CMakeLists.txt:20 (find_package)
[1.076s] This warning is for project developers.  Use -Wno-dev to suppress it.
[1.077s] [0m
[1.077s] -- Found Threads: TRUE  
[1.214s] -- Configuring done
[1.232s] -- Generating done
[1.239s] -- Build files have been written to: /home/wellyowo/locobot_sim/locobot_ws/build/ecl_streams
[1.249s] Invoked command in '/home/wellyowo/locobot_sim/locobot_ws/build/ecl_streams' returned '0': AMENT_PREFIX_PATH=/home/wellyowo/locobot_sim/locobot_ws/install/ecl_devices:/home/wellyowo/locobot_sim/locobot_ws/install/ecl_containers:/home/wellyowo/locobot_sim/locobot_ws/install/ecl_threads:/home/wellyowo/locobot_sim/locobot_ws/install/ecl_formatters:/home/wellyowo/locobot_sim/locobot_ws/install/ecl_utilities:/home/wellyowo/locobot_sim/locobot_ws/install/ecl_time:/home/wellyowo/locobot_sim/locobot_ws/install/ecl_converters:/home/wellyowo/locobot_sim/locobot_ws/install/ecl_time_lite:/home/wellyowo/locobot_sim/locobot_ws/install/ecl_exceptions:/home/wellyowo/locobot_sim/locobot_ws/install/ecl_concepts:/home/wellyowo/locobot_sim/locobot_ws/install/ecl_type_traits:/home/wellyowo/locobot_sim/locobot_ws/install/ecl_errors:/home/wellyowo/locobot_sim/locobot_ws/install/ecl_mpl:/home/wellyowo/locobot_sim/locobot_ws/install/ecl_config:${AMENT_PREFIX_PATH} CMAKE_PREFIX_PATH=/home/wellyowo/locobot_sim/locobot_ws/install/ecl_devices:/home/wellyowo/locobot_sim/locobot_ws/install/ecl_containers:/home/wellyowo/locobot_sim/locobot_ws/install/ecl_threads:/home/wellyowo/locobot_sim/locobot_ws/install/ecl_formatters:/home/wellyowo/locobot_sim/locobot_ws/install/ecl_utilities:/home/wellyowo/locobot_sim/locobot_ws/install/ecl_time:/home/wellyowo/locobot_sim/locobot_ws/install/ecl_converters:/home/wellyowo/locobot_sim/locobot_ws/install/ecl_time_lite:/home/wellyowo/locobot_sim/locobot_ws/install/ecl_exceptions:/home/wellyowo/locobot_sim/locobot_ws/install/ecl_concepts:/home/wellyowo/locobot_sim/locobot_ws/install/ecl_type_traits:/home/wellyowo/locobot_sim/locobot_ws/install/ecl_errors:/home/wellyowo/locobot_sim/locobot_ws/install/ecl_mpl:/home/wellyowo/locobot_sim/locobot_ws/install/ecl_config:/opt/ros/humble LD_LIBRARY_PATH=/home/wellyowo/locobot_sim/locobot_ws/install/ecl_devices/lib:/home/wellyowo/locobot_sim/locobot_ws/install/ecl_threads/lib:/home/wellyowo/locobot_sim/locobot_ws/install/ecl_formatters/lib:/home/wellyowo/locobot_sim/locobot_ws/install/ecl_time/lib:/home/wellyowo/locobot_sim/locobot_ws/install/ecl_time_lite/lib:/home/wellyowo/locobot_sim/locobot_ws/install/ecl_exceptions/lib:/home/wellyowo/locobot_sim/locobot_ws/install/ecl_type_traits/lib:/home/wellyowo/locobot_sim/locobot_ws/install/ecl_errors/lib:/opt/ros/humble/opt/rviz_ogre_vendor/lib:/opt/ros/humble/lib/x86_64-linux-gnu:/opt/ros/humble/lib:/usr/local/nvidia/lib:/usr/local/nvidia/lib64:/usr/lib/x86_64-linux-gnu/gazebo-11/plugins PATH=/home/wellyowo/locobot_sim/locobot_ws/install/ecl_type_traits/bin:/home/wellyowo/locobot_sim/locobot_ws/install/ecl_config/bin:${PATH} /usr/bin/cmake /home/wellyowo/locobot_sim/locobot_ws/src/ThirdParty/ecl/ecl_core/ecl_streams -DBUILD_TESTING=OFF -DCMAKE_PREFIX_PATH= -DAMENT_CMAKE_SYMLINK_INSTALL=1 -DCMAKE_INSTALL_PREFIX=/home/wellyowo/locobot_sim/locobot_ws/install/ecl_streams
[1.251s] Invoking command in '/home/wellyowo/locobot_sim/locobot_ws/build/ecl_streams': AMENT_PREFIX_PATH=/home/wellyowo/locobot_sim/locobot_ws/install/ecl_devices:/home/wellyowo/locobot_sim/locobot_ws/install/ecl_containers:/home/wellyowo/locobot_sim/locobot_ws/install/ecl_threads:/home/wellyowo/locobot_sim/locobot_ws/install/ecl_formatters:/home/wellyowo/locobot_sim/locobot_ws/install/ecl_utilities:/home/wellyowo/locobot_sim/locobot_ws/install/ecl_time:/home/wellyowo/locobot_sim/locobot_ws/install/ecl_converters:/home/wellyowo/locobot_sim/locobot_ws/install/ecl_time_lite:/home/wellyowo/locobot_sim/locobot_ws/install/ecl_exceptions:/home/wellyowo/locobot_sim/locobot_ws/install/ecl_concepts:/home/wellyowo/locobot_sim/locobot_ws/install/ecl_type_traits:/home/wellyowo/locobot_sim/locobot_ws/install/ecl_errors:/home/wellyowo/locobot_sim/locobot_ws/install/ecl_mpl:/home/wellyowo/locobot_sim/locobot_ws/install/ecl_config:${AMENT_PREFIX_PATH} CMAKE_PREFIX_PATH=/home/wellyowo/locobot_sim/locobot_ws/install/ecl_devices:/home/wellyowo/locobot_sim/locobot_ws/install/ecl_containers:/home/wellyowo/locobot_sim/locobot_ws/install/ecl_threads:/home/wellyowo/locobot_sim/locobot_ws/install/ecl_formatters:/home/wellyowo/locobot_sim/locobot_ws/install/ecl_utilities:/home/wellyowo/locobot_sim/locobot_ws/install/ecl_time:/home/wellyowo/locobot_sim/locobot_ws/install/ecl_converters:/home/wellyowo/locobot_sim/locobot_ws/install/ecl_time_lite:/home/wellyowo/locobot_sim/locobot_ws/install/ecl_exceptions:/home/wellyowo/locobot_sim/locobot_ws/install/ecl_concepts:/home/wellyowo/locobot_sim/locobot_ws/install/ecl_type_traits:/home/wellyowo/locobot_sim/locobot_ws/install/ecl_errors:/home/wellyowo/locobot_sim/locobot_ws/install/ecl_mpl:/home/wellyowo/locobot_sim/locobot_ws/install/ecl_config:/opt/ros/humble LD_LIBRARY_PATH=/home/wellyowo/locobot_sim/locobot_ws/install/ecl_devices/lib:/home/wellyowo/locobot_sim/locobot_ws/install/ecl_threads/lib:/home/wellyowo/locobot_sim/locobot_ws/install/ecl_formatters/lib:/home/wellyowo/locobot_sim/locobot_ws/install/ecl_time/lib:/home/wellyowo/locobot_sim/locobot_ws/install/ecl_time_lite/lib:/home/wellyowo/locobot_sim/locobot_ws/install/ecl_exceptions/lib:/home/wellyowo/locobot_sim/locobot_ws/install/ecl_type_traits/lib:/home/wellyowo/locobot_sim/locobot_ws/install/ecl_errors/lib:/opt/ros/humble/opt/rviz_ogre_vendor/lib:/opt/ros/humble/lib/x86_64-linux-gnu:/opt/ros/humble/lib:/usr/local/nvidia/lib:/usr/local/nvidia/lib64:/usr/lib/x86_64-linux-gnu/gazebo-11/plugins PATH=/home/wellyowo/locobot_sim/locobot_ws/install/ecl_type_traits/bin:/home/wellyowo/locobot_sim/locobot_ws/install/ecl_config/bin:${PATH} /usr/bin/cmake --build /home/wellyowo/locobot_sim/locobot_ws/build/ecl_streams -- -j16 -l16
[1.325s] [ 14%] [32mBuilding CXX object src/lib/CMakeFiles/ecl_streams.dir/log_stream.cpp.o[0m
[1.844s] [ 28%] [32mBuilding CXX object src/lib/CMakeFiles/ecl_streams.dir/manipulators.cpp.o[0m
[2.129s] [ 42%] [32m[1mLinking CXX shared library libecl_streams.so[0m
[2.237s] [ 42%] Built target ecl_streams
[2.260s] [ 57%] [32mBuilding CXX object src/examples/CMakeFiles/ecl_time_example_console_streams.dir/console_streams.cpp.o[0m
[2.668s] [ 71%] [32m[1mLinking CXX executable demo_console_streams[0m
[2.784s] [ 71%] Built target ecl_time_example_console_streams
[2.806s] [ 85%] [32mBuilding CXX object src/examples/CMakeFiles/ecl_time_example_log_streams.dir/log_streams.cpp.o[0m
[3.226s] [100%] [32m[1mLinking CXX executable demo_log_streams[0m
[3.321s] [100%] Built target ecl_time_example_log_streams
[3.334s] Invoked command in '/home/wellyowo/locobot_sim/locobot_ws/build/ecl_streams' returned '0': AMENT_PREFIX_PATH=/home/wellyowo/locobot_sim/locobot_ws/install/ecl_devices:/home/wellyowo/locobot_sim/locobot_ws/install/ecl_containers:/home/wellyowo/locobot_sim/locobot_ws/install/ecl_threads:/home/wellyowo/locobot_sim/locobot_ws/install/ecl_formatters:/home/wellyowo/locobot_sim/locobot_ws/install/ecl_utilities:/home/wellyowo/locobot_sim/locobot_ws/install/ecl_time:/home/wellyowo/locobot_sim/locobot_ws/install/ecl_converters:/home/wellyowo/locobot_sim/locobot_ws/install/ecl_time_lite:/home/wellyowo/locobot_sim/locobot_ws/install/ecl_exceptions:/home/wellyowo/locobot_sim/locobot_ws/install/ecl_concepts:/home/wellyowo/locobot_sim/locobot_ws/install/ecl_type_traits:/home/wellyowo/locobot_sim/locobot_ws/install/ecl_errors:/home/wellyowo/locobot_sim/locobot_ws/install/ecl_mpl:/home/wellyowo/locobot_sim/locobot_ws/install/ecl_config:${AMENT_PREFIX_PATH} CMAKE_PREFIX_PATH=/home/wellyowo/locobot_sim/locobot_ws/install/ecl_devices:/home/wellyowo/locobot_sim/locobot_ws/install/ecl_containers:/home/wellyowo/locobot_sim/locobot_ws/install/ecl_threads:/home/wellyowo/locobot_sim/locobot_ws/install/ecl_formatters:/home/wellyowo/locobot_sim/locobot_ws/install/ecl_utilities:/home/wellyowo/locobot_sim/locobot_ws/install/ecl_time:/home/wellyowo/locobot_sim/locobot_ws/install/ecl_converters:/home/wellyowo/locobot_sim/locobot_ws/install/ecl_time_lite:/home/wellyowo/locobot_sim/locobot_ws/install/ecl_exceptions:/home/wellyowo/locobot_sim/locobot_ws/install/ecl_concepts:/home/wellyowo/locobot_sim/locobot_ws/install/ecl_type_traits:/home/wellyowo/locobot_sim/locobot_ws/install/ecl_errors:/home/wellyowo/locobot_sim/locobot_ws/install/ecl_mpl:/home/wellyowo/locobot_sim/locobot_ws/install/ecl_config:/opt/ros/humble LD_LIBRARY_PATH=/home/wellyowo/locobot_sim/locobot_ws/install/ecl_devices/lib:/home/wellyowo/locobot_sim/locobot_ws/install/ecl_threads/lib:/home/wellyowo/locobot_sim/locobot_ws/install/ecl_formatters/lib:/home/wellyowo/locobot_sim/locobot_ws/install/ecl_time/lib:/home/wellyowo/locobot_sim/locobot_ws/install/ecl_time_lite/lib:/home/wellyowo/locobot_sim/locobot_ws/install/ecl_exceptions/lib:/home/wellyowo/locobot_sim/locobot_ws/install/ecl_type_traits/lib:/home/wellyowo/locobot_sim/locobot_ws/install/ecl_errors/lib:/opt/ros/humble/opt/rviz_ogre_vendor/lib:/opt/ros/humble/lib/x86_64-linux-gnu:/opt/ros/humble/lib:/usr/local/nvidia/lib:/usr/local/nvidia/lib64:/usr/lib/x86_64-linux-gnu/gazebo-11/plugins PATH=/home/wellyowo/locobot_sim/locobot_ws/install/ecl_type_traits/bin:/home/wellyowo/locobot_sim/locobot_ws/install/ecl_config/bin:${PATH} /usr/bin/cmake --build /home/wellyowo/locobot_sim/locobot_ws/build/ecl_streams -- -j16 -l16
[3.337s] Invoking command in '/home/wellyowo/locobot_sim/locobot_ws/build/ecl_streams': AMENT_PREFIX_PATH=/home/wellyowo/locobot_sim/locobot_ws/install/ecl_devices:/home/wellyowo/locobot_sim/locobot_ws/install/ecl_containers:/home/wellyowo/locobot_sim/locobot_ws/install/ecl_threads:/home/wellyowo/locobot_sim/locobot_ws/install/ecl_formatters:/home/wellyowo/locobot_sim/locobot_ws/install/ecl_utilities:/home/wellyowo/locobot_sim/locobot_ws/install/ecl_time:/home/wellyowo/locobot_sim/locobot_ws/install/ecl_converters:/home/wellyowo/locobot_sim/locobot_ws/install/ecl_time_lite:/home/wellyowo/locobot_sim/locobot_ws/install/ecl_exceptions:/home/wellyowo/locobot_sim/locobot_ws/install/ecl_concepts:/home/wellyowo/locobot_sim/locobot_ws/install/ecl_type_traits:/home/wellyowo/locobot_sim/locobot_ws/install/ecl_errors:/home/wellyowo/locobot_sim/locobot_ws/install/ecl_mpl:/home/wellyowo/locobot_sim/locobot_ws/install/ecl_config:${AMENT_PREFIX_PATH} CMAKE_PREFIX_PATH=/home/wellyowo/locobot_sim/locobot_ws/install/ecl_devices:/home/wellyowo/locobot_sim/locobot_ws/install/ecl_containers:/home/wellyowo/locobot_sim/locobot_ws/install/ecl_threads:/home/wellyowo/locobot_sim/locobot_ws/install/ecl_formatters:/home/wellyowo/locobot_sim/locobot_ws/install/ecl_utilities:/home/wellyowo/locobot_sim/locobot_ws/install/ecl_time:/home/wellyowo/locobot_sim/locobot_ws/install/ecl_converters:/home/wellyowo/locobot_sim/locobot_ws/install/ecl_time_lite:/home/wellyowo/locobot_sim/locobot_ws/install/ecl_exceptions:/home/wellyowo/locobot_sim/locobot_ws/install/ecl_concepts:/home/wellyowo/locobot_sim/locobot_ws/install/ecl_type_traits:/home/wellyowo/locobot_sim/locobot_ws/install/ecl_errors:/home/wellyowo/locobot_sim/locobot_ws/install/ecl_mpl:/home/wellyowo/locobot_sim/locobot_ws/install/ecl_config:/opt/ros/humble LD_LIBRARY_PATH=/home/wellyowo/locobot_sim/locobot_ws/install/ecl_devices/lib:/home/wellyowo/locobot_sim/locobot_ws/install/ecl_threads/lib:/home/wellyowo/locobot_sim/locobot_ws/install/ecl_formatters/lib:/home/wellyowo/locobot_sim/locobot_ws/install/ecl_time/lib:/home/wellyowo/locobot_sim/locobot_ws/install/ecl_time_lite/lib:/home/wellyowo/locobot_sim/locobot_ws/install/ecl_exceptions/lib:/home/wellyowo/locobot_sim/locobot_ws/install/ecl_type_traits/lib:/home/wellyowo/locobot_sim/locobot_ws/install/ecl_errors/lib:/opt/ros/humble/opt/rviz_ogre_vendor/lib:/opt/ros/humble/lib/x86_64-linux-gnu:/opt/ros/humble/lib:/usr/local/nvidia/lib:/usr/local/nvidia/lib64:/usr/lib/x86_64-linux-gnu/gazebo-11/plugins PATH=/home/wellyowo/locobot_sim/locobot_ws/install/ecl_type_traits/bin:/home/wellyowo/locobot_sim/locobot_ws/install/ecl_config/bin:${PATH} /usr/bin/cmake --install /home/wellyowo/locobot_sim/locobot_ws/build/ecl_streams
[3.345s] -- Install configuration: ""
[3.345s] -- Execute custom install script
[3.346s] -- Symlinking: /home/wellyowo/locobot_sim/locobot_ws/install/ecl_streams/include/ecl/streams/manipulators/clear_screen.hpp
[3.356s] -- Symlinking: /home/wellyowo/locobot_sim/locobot_ws/install/ecl_streams/include/ecl/streams/manipulators/end_of_line.hpp
[3.367s] -- Symlinking: /home/wellyowo/locobot_sim/locobot_ws/install/ecl_streams/include/ecl/streams/manipulators/manipulator.hpp
[3.378s] -- Symlinking: /home/wellyowo/locobot_sim/locobot_ws/install/ecl_streams/include/ecl/streams/text_streams/base_text_stream.hpp
[3.387s] -- Symlinking: /home/wellyowo/locobot_sim/locobot_ws/install/ecl_streams/include/ecl/streams/text_streams/input_text_stream.hpp
[3.401s] -- Symlinking: /home/wellyowo/locobot_sim/locobot_ws/install/ecl_streams/include/ecl/streams/text_streams/output_text_stream.hpp
[3.411s] -- Symlinking: /home/wellyowo/locobot_sim/locobot_ws/install/ecl_streams/include/ecl/streams/console_streams.hpp
[3.419s] -- Symlinking: /home/wellyowo/locobot_sim/locobot_ws/install/ecl_streams/include/ecl/streams/file_streams.hpp
[3.427s] -- Symlinking: /home/wellyowo/locobot_sim/locobot_ws/install/ecl_streams/include/ecl/streams/log_stream.hpp
[3.437s] -- Symlinking: /home/wellyowo/locobot_sim/locobot_ws/install/ecl_streams/include/ecl/streams/macros.hpp
[3.448s] -- Symlinking: /home/wellyowo/locobot_sim/locobot_ws/install/ecl_streams/include/ecl/streams/manipulators.hpp
[3.457s] -- Symlinking: /home/wellyowo/locobot_sim/locobot_ws/install/ecl_streams/include/ecl/streams/serial_stream.hpp
[3.468s] -- Symlinking: /home/wellyowo/locobot_sim/locobot_ws/install/ecl_streams/include/ecl/streams/shared_file_stream.hpp
[3.476s] -- Symlinking: /home/wellyowo/locobot_sim/locobot_ws/install/ecl_streams/include/ecl/streams/socket_streams.hpp
[3.485s] -- Symlinking: /home/wellyowo/locobot_sim/locobot_ws/install/ecl_streams/include/ecl/streams/string_stream.hpp
[3.494s] -- Symlinking: /home/wellyowo/locobot_sim/locobot_ws/install/ecl_streams/include/ecl/streams/text_stream.hpp
[3.503s] -- Symlinking: /home/wellyowo/locobot_sim/locobot_ws/install/ecl_streams/include/ecl/streams.hpp
[3.512s] -- Symlinking: /home/wellyowo/locobot_sim/locobot_ws/install/ecl_streams/lib/ecl_streams/demo_console_streams
[3.520s] -- Symlinking: /home/wellyowo/locobot_sim/locobot_ws/install/ecl_streams/lib/ecl_streams/demo_log_streams
[3.528s] -- Symlinking: /home/wellyowo/locobot_sim/locobot_ws/install/ecl_streams/share/ecl_streams/environment/library_path.sh
[3.537s] -- Symlinking: /home/wellyowo/locobot_sim/locobot_ws/install/ecl_streams/share/ecl_streams/environment/library_path.dsv
[3.546s] -- Symlinking: /home/wellyowo/locobot_sim/locobot_ws/install/ecl_streams/share/ament_index/resource_index/package_run_dependencies/ecl_streams
[3.554s] -- Symlinking: /home/wellyowo/locobot_sim/locobot_ws/install/ecl_streams/share/ament_index/resource_index/parent_prefix_path/ecl_streams
[3.563s] -- Symlinking: /home/wellyowo/locobot_sim/locobot_ws/install/ecl_streams/share/ecl_streams/environment/ament_prefix_path.sh
[3.572s] -- Symlinking: /home/wellyowo/locobot_sim/locobot_ws/install/ecl_streams/share/ecl_streams/environment/ament_prefix_path.dsv
[3.580s] -- Symlinking: /home/wellyowo/locobot_sim/locobot_ws/install/ecl_streams/share/ecl_streams/environment/path.sh
[3.589s] -- Symlinking: /home/wellyowo/locobot_sim/locobot_ws/install/ecl_streams/share/ecl_streams/environment/path.dsv
[3.598s] -- Symlinking: /home/wellyowo/locobot_sim/locobot_ws/install/ecl_streams/share/ecl_streams/local_setup.bash
[3.607s] -- Symlinking: /home/wellyowo/locobot_sim/locobot_ws/install/ecl_streams/share/ecl_streams/local_setup.sh
[3.616s] -- Symlinking: /home/wellyowo/locobot_sim/locobot_ws/install/ecl_streams/share/ecl_streams/local_setup.zsh
[3.624s] -- Symlinking: /home/wellyowo/locobot_sim/locobot_ws/install/ecl_streams/share/ecl_streams/local_setup.dsv
[3.633s] -- Symlinking: /home/wellyowo/locobot_sim/locobot_ws/install/ecl_streams/share/ecl_streams/package.dsv
[3.642s] -- Symlinking: /home/wellyowo/locobot_sim/locobot_ws/install/ecl_streams/share/ament_index/resource_index/packages/ecl_streams
[3.650s] -- Symlinking: /home/wellyowo/locobot_sim/locobot_ws/install/ecl_streams/share/ecl_streams/cmake/ament_cmake_export_targets-extras.cmake
[3.659s] -- Symlinking: /home/wellyowo/locobot_sim/locobot_ws/install/ecl_streams/share/ecl_streams/cmake/ament_cmake_export_include_directories-extras.cmake
[3.667s] -- Symlinking: /home/wellyowo/locobot_sim/locobot_ws/install/ecl_streams/share/ecl_streams/cmake/ament_cmake_export_libraries-extras.cmake
[3.676s] -- Symlinking: /home/wellyowo/locobot_sim/locobot_ws/install/ecl_streams/share/ecl_streams/cmake/ament_cmake_export_dependencies-extras.cmake
[3.685s] -- Symlinking: /home/wellyowo/locobot_sim/locobot_ws/install/ecl_streams/share/ecl_streams/cmake/ecl_streamsConfig.cmake
[3.693s] -- Symlinking: /home/wellyowo/locobot_sim/locobot_ws/install/ecl_streams/share/ecl_streams/cmake/ecl_streamsConfig-version.cmake
[3.703s] -- Symlinking: /home/wellyowo/locobot_sim/locobot_ws/install/ecl_streams/share/ecl_streams/package.xml
[3.711s] -- Installing: /home/wellyowo/locobot_sim/locobot_ws/install/ecl_streams/share/ecl_streams/cmake/ecl_streamsExport.cmake
[3.711s] -- Installing: /home/wellyowo/locobot_sim/locobot_ws/install/ecl_streams/share/ecl_streams/cmake/ecl_streamsExport-noconfig.cmake
[3.712s] -- Installing: /home/wellyowo/locobot_sim/locobot_ws/install/ecl_streams/lib/libecl_streams.so.1.2.1
[3.713s] -- Set runtime path of "/home/wellyowo/locobot_sim/locobot_ws/install/ecl_streams/lib/libecl_streams.so.1.2.1" to ""
[3.713s] -- Installing: /home/wellyowo/locobot_sim/locobot_ws/install/ecl_streams/lib/libecl_streams.so
[3.716s] Invoked command in '/home/wellyowo/locobot_sim/locobot_ws/build/ecl_streams' returned '0': AMENT_PREFIX_PATH=/home/wellyowo/locobot_sim/locobot_ws/install/ecl_devices:/home/wellyowo/locobot_sim/locobot_ws/install/ecl_containers:/home/wellyowo/locobot_sim/locobot_ws/install/ecl_threads:/home/wellyowo/locobot_sim/locobot_ws/install/ecl_formatters:/home/wellyowo/locobot_sim/locobot_ws/install/ecl_utilities:/home/wellyowo/locobot_sim/locobot_ws/install/ecl_time:/home/wellyowo/locobot_sim/locobot_ws/install/ecl_converters:/home/wellyowo/locobot_sim/locobot_ws/install/ecl_time_lite:/home/wellyowo/locobot_sim/locobot_ws/install/ecl_exceptions:/home/wellyowo/locobot_sim/locobot_ws/install/ecl_concepts:/home/wellyowo/locobot_sim/locobot_ws/install/ecl_type_traits:/home/wellyowo/locobot_sim/locobot_ws/install/ecl_errors:/home/wellyowo/locobot_sim/locobot_ws/install/ecl_mpl:/home/wellyowo/locobot_sim/locobot_ws/install/ecl_config:${AMENT_PREFIX_PATH} CMAKE_PREFIX_PATH=/home/wellyowo/locobot_sim/locobot_ws/install/ecl_devices:/home/wellyowo/locobot_sim/locobot_ws/install/ecl_containers:/home/wellyowo/locobot_sim/locobot_ws/install/ecl_threads:/home/wellyowo/locobot_sim/locobot_ws/install/ecl_formatters:/home/wellyowo/locobot_sim/locobot_ws/install/ecl_utilities:/home/wellyowo/locobot_sim/locobot_ws/install/ecl_time:/home/wellyowo/locobot_sim/locobot_ws/install/ecl_converters:/home/wellyowo/locobot_sim/locobot_ws/install/ecl_time_lite:/home/wellyowo/locobot_sim/locobot_ws/install/ecl_exceptions:/home/wellyowo/locobot_sim/locobot_ws/install/ecl_concepts:/home/wellyowo/locobot_sim/locobot_ws/install/ecl_type_traits:/home/wellyowo/locobot_sim/locobot_ws/install/ecl_errors:/home/wellyowo/locobot_sim/locobot_ws/install/ecl_mpl:/home/wellyowo/locobot_sim/locobot_ws/install/ecl_config:/opt/ros/humble LD_LIBRARY_PATH=/home/wellyowo/locobot_sim/locobot_ws/install/ecl_devices/lib:/home/wellyowo/locobot_sim/locobot_ws/install/ecl_threads/lib:/home/wellyowo/locobot_sim/locobot_ws/install/ecl_formatters/lib:/home/wellyowo/locobot_sim/locobot_ws/install/ecl_time/lib:/home/wellyowo/locobot_sim/locobot_ws/install/ecl_time_lite/lib:/home/wellyowo/locobot_sim/locobot_ws/install/ecl_exceptions/lib:/home/wellyowo/locobot_sim/locobot_ws/install/ecl_type_traits/lib:/home/wellyowo/locobot_sim/locobot_ws/install/ecl_errors/lib:/opt/ros/humble/opt/rviz_ogre_vendor/lib:/opt/ros/humble/lib/x86_64-linux-gnu:/opt/ros/humble/lib:/usr/local/nvidia/lib:/usr/local/nvidia/lib64:/usr/lib/x86_64-linux-gnu/gazebo-11/plugins PATH=/home/wellyowo/locobot_sim/locobot_ws/install/ecl_type_traits/bin:/home/wellyowo/locobot_sim/locobot_ws/install/ecl_config/bin:${PATH} /usr/bin/cmake --install /home/wellyowo/locobot_sim/locobot_ws/build/ecl_streams
