[35m[1mConsolidate compiler generated dependencies of target test_common[0m
[35m[1mConsolidate compiler generated dependencies of target test_so2[0m
[35m[1mConsolidate compiler generated dependencies of target test_se2[0m
[35m[1mConsolidate compiler generated dependencies of target test_rxso2[0m
[35m[1mConsolidate compiler generated dependencies of target test_sim2[0m
[35m[1mConsolidate compiler generated dependencies of target test_se3[0m
[35m[1mConsolidate compiler generated dependencies of target test_velocities[0m
[35m[1mConsolidate compiler generated dependencies of target test_sim3[0m
[35m[1mConsolidate compiler generated dependencies of target HelloSO3[0m
[  4%] [32mBuilding CXX object test/core/CMakeFiles/test_so3.dir/test_so3.cpp.o[0m
[ 12%] Built target test_common
[35m[1mConsolidate compiler generated dependencies of target test_geometry[0m
[ 20%] Built target test_so2
[ 29%] Built target test_rxso2
[ 37%] Built target test_velocities
[ 45%] Built target test_se3
[ 54%] Built target test_se2
[ 58%] [32mBuilding CXX object test/core/CMakeFiles/test_rxso3.dir/test_rxso3.cpp.o[0m
[ 66%] Built target test_sim3
[ 75%] Built target test_sim2
[ 83%] Built target HelloSO3
[ 91%] Built target test_geometry
gmake[2]: *** [test/core/CMakeFiles/test_so3.dir/build.make:76: test/core/CMakeFiles/test_so3.dir/test_so3.cpp.o] Interrupt
gmake[2]: *** [test/core/CMakeFiles/test_rxso3.dir/build.make:76: test/core/CMakeFiles/test_rxso3.dir/test_rxso3.cpp.o] Interrupt
gmake[1]: *** [CMakeFiles/Makefile2:326: test/core/CMakeFiles/test_so3.dir/all] Interrupt
gmake[1]: *** [CMakeFiles/Makefile2:378: test/core/CMakeFiles/test_rxso3.dir/all] Interrupt
gmake: *** [Makefile:146: all] Interrupt
