[0.092s] Invoking command in '/home/wellyowo/locobot_sim/locobot_ws/build/ecl_converters': AMENT_PREFIX_PATH=/home/wellyowo/locobot_sim/locobot_ws/install/ecl_exceptions:/home/wellyowo/locobot_sim/locobot_ws/install/ecl_concepts:/home/wellyowo/locobot_sim/locobot_ws/install/ecl_type_traits:/home/wellyowo/locobot_sim/locobot_ws/install/ecl_errors:/home/wellyowo/locobot_sim/locobot_ws/install/ecl_mpl:/home/wellyowo/locobot_sim/locobot_ws/install/ecl_config:${AMENT_PREFIX_PATH} CMAKE_PREFIX_PATH=/home/wellyowo/locobot_sim/locobot_ws/install/ecl_exceptions:/home/wellyowo/locobot_sim/locobot_ws/install/ecl_concepts:/home/wellyowo/locobot_sim/locobot_ws/install/ecl_type_traits:/home/wellyowo/locobot_sim/locobot_ws/install/ecl_errors:/home/wellyowo/locobot_sim/locobot_ws/install/ecl_mpl:/home/wellyowo/locobot_sim/locobot_ws/install/ecl_config:/opt/ros/humble LD_LIBRARY_PATH=/home/wellyowo/locobot_sim/locobot_ws/install/ecl_exceptions/lib:/home/wellyowo/locobot_sim/locobot_ws/install/ecl_type_traits/lib:/home/wellyowo/locobot_sim/locobot_ws/install/ecl_errors/lib:/opt/ros/humble/opt/rviz_ogre_vendor/lib:/opt/ros/humble/lib/x86_64-linux-gnu:/opt/ros/humble/lib:/usr/local/nvidia/lib:/usr/local/nvidia/lib64:/usr/lib/x86_64-linux-gnu/gazebo-11/plugins PATH=/home/wellyowo/locobot_sim/locobot_ws/install/ecl_type_traits/bin:/home/wellyowo/locobot_sim/locobot_ws/install/ecl_config/bin:${PATH} /usr/bin/cmake /home/wellyowo/locobot_sim/locobot_ws/src/ThirdParty/ecl/ecl_core/ecl_converters -DBUILD_TESTING=OFF -DCMAKE_PREFIX_PATH= -DAMENT_CMAKE_SYMLINK_INSTALL=1 -DCMAKE_INSTALL_PREFIX=/home/wellyowo/locobot_sim/locobot_ws/install/ecl_converters
[1.837s] -- The C compiler identification is GNU 11.4.0
[1.837s] -- The CXX compiler identification is GNU 11.4.0
[1.837s] -- Detecting C compiler ABI info
[1.838s] -- Detecting C compiler ABI info - done
[1.843s] -- Check for working C compiler: /usr/bin/cc - skipped
[1.844s] -- Detecting C compile features
[1.844s] -- Detecting C compile features - done
[1.844s] -- Detecting CXX compiler ABI info
[1.844s] -- Detecting CXX compiler ABI info - done
[1.844s] -- Check for working CXX compiler: /usr/bin/c++ - skipped
[1.844s] -- Detecting CXX compile features
[1.845s] -- Detecting CXX compile features - done
[1.845s] -- Found ament_cmake_ros: 0.10.0 (/opt/ros/humble/share/ament_cmake_ros/cmake)
[1.845s] -- Found Python3: /usr/bin/python3 (found version "3.10.12") found components: Interpreter 
[1.845s] -- Override CMake install command with custom implementation using symlinks instead of copying resources
[1.895s] -- Found ecl_build: 1.0.3 (/opt/ros/humble/share/ecl_build/cmake)
[1.896s] -- Found ecl_config: 1.2.0 (/home/wellyowo/locobot_sim/locobot_ws/install/ecl_config/share/ecl_config/cmake)
[1.901s] -- Found ecl_concepts: 1.2.1 (/home/wellyowo/locobot_sim/locobot_ws/install/ecl_concepts/share/ecl_concepts/cmake)
[1.924s] -- Found ecl_errors: 1.2.0 (/home/wellyowo/locobot_sim/locobot_ws/install/ecl_errors/share/ecl_errors/cmake)
[1.969s] -- Found ecl_exceptions: 1.2.1 (/home/wellyowo/locobot_sim/locobot_ws/install/ecl_exceptions/share/ecl_exceptions/cmake)
[2.472s] -- Configuring done
[2.521s] -- Generating done
[2.542s] -- Build files have been written to: /home/wellyowo/locobot_sim/locobot_ws/build/ecl_converters
[2.579s] Invoked command in '/home/wellyowo/locobot_sim/locobot_ws/build/ecl_converters' returned '0': AMENT_PREFIX_PATH=/home/wellyowo/locobot_sim/locobot_ws/install/ecl_exceptions:/home/wellyowo/locobot_sim/locobot_ws/install/ecl_concepts:/home/wellyowo/locobot_sim/locobot_ws/install/ecl_type_traits:/home/wellyowo/locobot_sim/locobot_ws/install/ecl_errors:/home/wellyowo/locobot_sim/locobot_ws/install/ecl_mpl:/home/wellyowo/locobot_sim/locobot_ws/install/ecl_config:${AMENT_PREFIX_PATH} CMAKE_PREFIX_PATH=/home/wellyowo/locobot_sim/locobot_ws/install/ecl_exceptions:/home/wellyowo/locobot_sim/locobot_ws/install/ecl_concepts:/home/wellyowo/locobot_sim/locobot_ws/install/ecl_type_traits:/home/wellyowo/locobot_sim/locobot_ws/install/ecl_errors:/home/wellyowo/locobot_sim/locobot_ws/install/ecl_mpl:/home/wellyowo/locobot_sim/locobot_ws/install/ecl_config:/opt/ros/humble LD_LIBRARY_PATH=/home/wellyowo/locobot_sim/locobot_ws/install/ecl_exceptions/lib:/home/wellyowo/locobot_sim/locobot_ws/install/ecl_type_traits/lib:/home/wellyowo/locobot_sim/locobot_ws/install/ecl_errors/lib:/opt/ros/humble/opt/rviz_ogre_vendor/lib:/opt/ros/humble/lib/x86_64-linux-gnu:/opt/ros/humble/lib:/usr/local/nvidia/lib:/usr/local/nvidia/lib64:/usr/lib/x86_64-linux-gnu/gazebo-11/plugins PATH=/home/wellyowo/locobot_sim/locobot_ws/install/ecl_type_traits/bin:/home/wellyowo/locobot_sim/locobot_ws/install/ecl_config/bin:${PATH} /usr/bin/cmake /home/wellyowo/locobot_sim/locobot_ws/src/ThirdParty/ecl/ecl_core/ecl_converters -DBUILD_TESTING=OFF -DCMAKE_PREFIX_PATH= -DAMENT_CMAKE_SYMLINK_INSTALL=1 -DCMAKE_INSTALL_PREFIX=/home/wellyowo/locobot_sim/locobot_ws/install/ecl_converters
[2.590s] Invoking command in '/home/wellyowo/locobot_sim/locobot_ws/build/ecl_converters': AMENT_PREFIX_PATH=/home/wellyowo/locobot_sim/locobot_ws/install/ecl_exceptions:/home/wellyowo/locobot_sim/locobot_ws/install/ecl_concepts:/home/wellyowo/locobot_sim/locobot_ws/install/ecl_type_traits:/home/wellyowo/locobot_sim/locobot_ws/install/ecl_errors:/home/wellyowo/locobot_sim/locobot_ws/install/ecl_mpl:/home/wellyowo/locobot_sim/locobot_ws/install/ecl_config:${AMENT_PREFIX_PATH} CMAKE_PREFIX_PATH=/home/wellyowo/locobot_sim/locobot_ws/install/ecl_exceptions:/home/wellyowo/locobot_sim/locobot_ws/install/ecl_concepts:/home/wellyowo/locobot_sim/locobot_ws/install/ecl_type_traits:/home/wellyowo/locobot_sim/locobot_ws/install/ecl_errors:/home/wellyowo/locobot_sim/locobot_ws/install/ecl_mpl:/home/wellyowo/locobot_sim/locobot_ws/install/ecl_config:/opt/ros/humble LD_LIBRARY_PATH=/home/wellyowo/locobot_sim/locobot_ws/install/ecl_exceptions/lib:/home/wellyowo/locobot_sim/locobot_ws/install/ecl_type_traits/lib:/home/wellyowo/locobot_sim/locobot_ws/install/ecl_errors/lib:/opt/ros/humble/opt/rviz_ogre_vendor/lib:/opt/ros/humble/lib/x86_64-linux-gnu:/opt/ros/humble/lib:/usr/local/nvidia/lib:/usr/local/nvidia/lib64:/usr/lib/x86_64-linux-gnu/gazebo-11/plugins PATH=/home/wellyowo/locobot_sim/locobot_ws/install/ecl_type_traits/bin:/home/wellyowo/locobot_sim/locobot_ws/install/ecl_config/bin:${PATH} /usr/bin/cmake --build /home/wellyowo/locobot_sim/locobot_ws/build/ecl_converters -- -j16 -l16
[4.012s] [ 50%] [32mBuilding CXX object src/examples/CMakeFiles/demo_float_converters.dir/float_converters.cpp.o[0m
[4.012s] [100%] [32m[1mLinking CXX executable demo_float_converters[0m
[4.012s] [100%] Built target demo_float_converters
[4.012s] Invoked command in '/home/wellyowo/locobot_sim/locobot_ws/build/ecl_converters' returned '0': AMENT_PREFIX_PATH=/home/wellyowo/locobot_sim/locobot_ws/install/ecl_exceptions:/home/wellyowo/locobot_sim/locobot_ws/install/ecl_concepts:/home/wellyowo/locobot_sim/locobot_ws/install/ecl_type_traits:/home/wellyowo/locobot_sim/locobot_ws/install/ecl_errors:/home/wellyowo/locobot_sim/locobot_ws/install/ecl_mpl:/home/wellyowo/locobot_sim/locobot_ws/install/ecl_config:${AMENT_PREFIX_PATH} CMAKE_PREFIX_PATH=/home/wellyowo/locobot_sim/locobot_ws/install/ecl_exceptions:/home/wellyowo/locobot_sim/locobot_ws/install/ecl_concepts:/home/wellyowo/locobot_sim/locobot_ws/install/ecl_type_traits:/home/wellyowo/locobot_sim/locobot_ws/install/ecl_errors:/home/wellyowo/locobot_sim/locobot_ws/install/ecl_mpl:/home/wellyowo/locobot_sim/locobot_ws/install/ecl_config:/opt/ros/humble LD_LIBRARY_PATH=/home/wellyowo/locobot_sim/locobot_ws/install/ecl_exceptions/lib:/home/wellyowo/locobot_sim/locobot_ws/install/ecl_type_traits/lib:/home/wellyowo/locobot_sim/locobot_ws/install/ecl_errors/lib:/opt/ros/humble/opt/rviz_ogre_vendor/lib:/opt/ros/humble/lib/x86_64-linux-gnu:/opt/ros/humble/lib:/usr/local/nvidia/lib:/usr/local/nvidia/lib64:/usr/lib/x86_64-linux-gnu/gazebo-11/plugins PATH=/home/wellyowo/locobot_sim/locobot_ws/install/ecl_type_traits/bin:/home/wellyowo/locobot_sim/locobot_ws/install/ecl_config/bin:${PATH} /usr/bin/cmake --build /home/wellyowo/locobot_sim/locobot_ws/build/ecl_converters -- -j16 -l16
[4.013s] Invoking command in '/home/wellyowo/locobot_sim/locobot_ws/build/ecl_converters': AMENT_PREFIX_PATH=/home/wellyowo/locobot_sim/locobot_ws/install/ecl_exceptions:/home/wellyowo/locobot_sim/locobot_ws/install/ecl_concepts:/home/wellyowo/locobot_sim/locobot_ws/install/ecl_type_traits:/home/wellyowo/locobot_sim/locobot_ws/install/ecl_errors:/home/wellyowo/locobot_sim/locobot_ws/install/ecl_mpl:/home/wellyowo/locobot_sim/locobot_ws/install/ecl_config:${AMENT_PREFIX_PATH} CMAKE_PREFIX_PATH=/home/wellyowo/locobot_sim/locobot_ws/install/ecl_exceptions:/home/wellyowo/locobot_sim/locobot_ws/install/ecl_concepts:/home/wellyowo/locobot_sim/locobot_ws/install/ecl_type_traits:/home/wellyowo/locobot_sim/locobot_ws/install/ecl_errors:/home/wellyowo/locobot_sim/locobot_ws/install/ecl_mpl:/home/wellyowo/locobot_sim/locobot_ws/install/ecl_config:/opt/ros/humble LD_LIBRARY_PATH=/home/wellyowo/locobot_sim/locobot_ws/install/ecl_exceptions/lib:/home/wellyowo/locobot_sim/locobot_ws/install/ecl_type_traits/lib:/home/wellyowo/locobot_sim/locobot_ws/install/ecl_errors/lib:/opt/ros/humble/opt/rviz_ogre_vendor/lib:/opt/ros/humble/lib/x86_64-linux-gnu:/opt/ros/humble/lib:/usr/local/nvidia/lib:/usr/local/nvidia/lib64:/usr/lib/x86_64-linux-gnu/gazebo-11/plugins PATH=/home/wellyowo/locobot_sim/locobot_ws/install/ecl_type_traits/bin:/home/wellyowo/locobot_sim/locobot_ws/install/ecl_config/bin:${PATH} /usr/bin/cmake --install /home/wellyowo/locobot_sim/locobot_ws/build/ecl_converters
[4.781s] -- Install configuration: ""
[4.782s] -- Execute custom install script
[4.782s] -- Symlinking: /home/wellyowo/locobot_sim/locobot_ws/install/ecl_converters/include/ecl/converters/char.hpp
[4.782s] -- Symlinking: /home/wellyowo/locobot_sim/locobot_ws/install/ecl_converters/include/ecl/converters/char_strings.hpp
[4.782s] -- Symlinking: /home/wellyowo/locobot_sim/locobot_ws/install/ecl_converters/include/ecl/converters/converter.hpp
[4.782s] -- Symlinking: /home/wellyowo/locobot_sim/locobot_ws/install/ecl_converters/include/ecl/converters/from_byte_array.hpp
[4.782s] -- Symlinking: /home/wellyowo/locobot_sim/locobot_ws/install/ecl_converters/include/ecl/converters/integers.hpp
[4.782s] -- Symlinking: /home/wellyowo/locobot_sim/locobot_ws/install/ecl_converters/include/ecl/converters/string.hpp
[4.783s] -- Symlinking: /home/wellyowo/locobot_sim/locobot_ws/install/ecl_converters/include/ecl/converters/to_byte_array.hpp
[4.783s] -- Symlinking: /home/wellyowo/locobot_sim/locobot_ws/install/ecl_converters/include/ecl/converters.hpp
[4.783s] -- Symlinking: /home/wellyowo/locobot_sim/locobot_ws/install/ecl_converters/lib/ecl_converters/demo_float_converters
[4.783s] -- Symlinking: /home/wellyowo/locobot_sim/locobot_ws/install/ecl_converters/share/ament_index/resource_index/package_run_dependencies/ecl_converters
[4.783s] -- Symlinking: /home/wellyowo/locobot_sim/locobot_ws/install/ecl_converters/share/ament_index/resource_index/parent_prefix_path/ecl_converters
[4.783s] -- Symlinking: /home/wellyowo/locobot_sim/locobot_ws/install/ecl_converters/share/ecl_converters/environment/ament_prefix_path.sh
[4.786s] -- Symlinking: /home/wellyowo/locobot_sim/locobot_ws/install/ecl_converters/share/ecl_converters/environment/ament_prefix_path.dsv
[4.786s] -- Symlinking: /home/wellyowo/locobot_sim/locobot_ws/install/ecl_converters/share/ecl_converters/environment/path.sh
[4.786s] -- Symlinking: /home/wellyowo/locobot_sim/locobot_ws/install/ecl_converters/share/ecl_converters/environment/path.dsv
[4.786s] -- Symlinking: /home/wellyowo/locobot_sim/locobot_ws/install/ecl_converters/share/ecl_converters/local_setup.bash
[4.786s] -- Symlinking: /home/wellyowo/locobot_sim/locobot_ws/install/ecl_converters/share/ecl_converters/local_setup.sh
[4.786s] -- Symlinking: /home/wellyowo/locobot_sim/locobot_ws/install/ecl_converters/share/ecl_converters/local_setup.zsh
[4.787s] -- Symlinking: /home/wellyowo/locobot_sim/locobot_ws/install/ecl_converters/share/ecl_converters/local_setup.dsv
[4.787s] -- Symlinking: /home/wellyowo/locobot_sim/locobot_ws/install/ecl_converters/share/ecl_converters/package.dsv
[4.787s] -- Symlinking: /home/wellyowo/locobot_sim/locobot_ws/install/ecl_converters/share/ament_index/resource_index/packages/ecl_converters
[4.787s] -- Symlinking: /home/wellyowo/locobot_sim/locobot_ws/install/ecl_converters/share/ecl_converters/cmake/ament_cmake_export_targets-extras.cmake
[4.787s] -- Symlinking: /home/wellyowo/locobot_sim/locobot_ws/install/ecl_converters/share/ecl_converters/cmake/ament_cmake_export_include_directories-extras.cmake
[4.804s] -- Symlinking: /home/wellyowo/locobot_sim/locobot_ws/install/ecl_converters/share/ecl_converters/cmake/ament_cmake_export_dependencies-extras.cmake
[4.859s] -- Symlinking: /home/wellyowo/locobot_sim/locobot_ws/install/ecl_converters/share/ecl_converters/cmake/ecl_convertersConfig.cmake
[4.893s] -- Symlinking: /home/wellyowo/locobot_sim/locobot_ws/install/ecl_converters/share/ecl_converters/cmake/ecl_convertersConfig-version.cmake
[4.924s] -- Symlinking: /home/wellyowo/locobot_sim/locobot_ws/install/ecl_converters/share/ecl_converters/package.xml
[4.964s] -- Installing: /home/wellyowo/locobot_sim/locobot_ws/install/ecl_converters/share/ecl_converters/cmake/ecl_convertersExport.cmake
[4.976s] Invoked command in '/home/wellyowo/locobot_sim/locobot_ws/build/ecl_converters' returned '0': AMENT_PREFIX_PATH=/home/wellyowo/locobot_sim/locobot_ws/install/ecl_exceptions:/home/wellyowo/locobot_sim/locobot_ws/install/ecl_concepts:/home/wellyowo/locobot_sim/locobot_ws/install/ecl_type_traits:/home/wellyowo/locobot_sim/locobot_ws/install/ecl_errors:/home/wellyowo/locobot_sim/locobot_ws/install/ecl_mpl:/home/wellyowo/locobot_sim/locobot_ws/install/ecl_config:${AMENT_PREFIX_PATH} CMAKE_PREFIX_PATH=/home/wellyowo/locobot_sim/locobot_ws/install/ecl_exceptions:/home/wellyowo/locobot_sim/locobot_ws/install/ecl_concepts:/home/wellyowo/locobot_sim/locobot_ws/install/ecl_type_traits:/home/wellyowo/locobot_sim/locobot_ws/install/ecl_errors:/home/wellyowo/locobot_sim/locobot_ws/install/ecl_mpl:/home/wellyowo/locobot_sim/locobot_ws/install/ecl_config:/opt/ros/humble LD_LIBRARY_PATH=/home/wellyowo/locobot_sim/locobot_ws/install/ecl_exceptions/lib:/home/wellyowo/locobot_sim/locobot_ws/install/ecl_type_traits/lib:/home/wellyowo/locobot_sim/locobot_ws/install/ecl_errors/lib:/opt/ros/humble/opt/rviz_ogre_vendor/lib:/opt/ros/humble/lib/x86_64-linux-gnu:/opt/ros/humble/lib:/usr/local/nvidia/lib:/usr/local/nvidia/lib64:/usr/lib/x86_64-linux-gnu/gazebo-11/plugins PATH=/home/wellyowo/locobot_sim/locobot_ws/install/ecl_type_traits/bin:/home/wellyowo/locobot_sim/locobot_ws/install/ecl_config/bin:${PATH} /usr/bin/cmake --install /home/wellyowo/locobot_sim/locobot_ws/build/ecl_converters
