-- The C compiler identification is GNU 11.4.0
-- The CXX compiler identification is GNU 11.4.0
-- Detecting C compiler ABI info
-- Detecting C compiler ABI info - done
-- Check for working C compiler: /usr/bin/cc - skipped
-- Detecting C compile features
-- Detecting C compile features - done
-- Detecting CXX compiler ABI info
-- Detecting CXX compiler ABI info - done
-- Check for working CXX compiler: /usr/bin/c++ - skipped
-- Detecting CXX compile features
-- Detecting CXX compile features - done
-- Found ament_cmake_ros: 0.10.0 (/opt/ros/humble/share/ament_cmake_ros/cmake)
-- Found Python3: /usr/bin/python3 (found version "3.10.12") found components: Interpreter 
-- Override CMake install command with custom implementation using symlinks instead of copying resources
-- Found ecl_build: 1.0.3 (/opt/ros/humble/share/ecl_build/cmake)
-- Found ecl_config: 1.2.0 (/home/wellyowo/locobot_sim/locobot_ws/install/ecl_config/share/ecl_config/cmake)
-- Found ecl_errors: 1.2.0 (/home/wellyowo/locobot_sim/locobot_ws/install/ecl_errors/share/ecl_errors/cmake)
-- Configuring done
-- Generating done
-- Build files have been written to: /home/wellyowo/locobot_sim/locobot_ws/build/ecl_exceptions
[ 16%] [32mBuilding CXX object src/lib/CMakeFiles/ecl_exceptions.dir/standard_exception.cpp.o[0m
[ 33%] [32m[1mLinking CXX shared library libecl_exceptions.so[0m
[ 33%] Built target ecl_exceptions
[ 50%] [32mBuilding CXX object src/examples/CMakeFiles/ecl_demo_exceptions.dir/exceptions.cpp.o[0m
[ 66%] [32m[1mLinking CXX executable demo_exceptions[0m
[ 66%] Built target ecl_demo_exceptions
[ 83%] [32mBuilding CXX object src/examples/CMakeFiles/ecl_demo_exception_tracer.dir/exception_tracer.cpp.o[0m
[100%] [32m[1mLinking CXX executable demo_exception_tracer[0m
[100%] Built target ecl_demo_exception_tracer
-- Install configuration: ""
-- Execute custom install script
-- Symlinking: /home/wellyowo/locobot_sim/locobot_ws/install/ecl_exceptions/include/ecl/exceptions/data_exception.hpp
-- Symlinking: /home/wellyowo/locobot_sim/locobot_ws/install/ecl_exceptions/include/ecl/exceptions/exception.hpp
-- Symlinking: /home/wellyowo/locobot_sim/locobot_ws/install/ecl_exceptions/include/ecl/exceptions/macros.hpp
-- Symlinking: /home/wellyowo/locobot_sim/locobot_ws/install/ecl_exceptions/include/ecl/exceptions/posix_error_handler.hpp
-- Symlinking: /home/wellyowo/locobot_sim/locobot_ws/install/ecl_exceptions/include/ecl/exceptions/standard_exception.hpp
-- Symlinking: /home/wellyowo/locobot_sim/locobot_ws/install/ecl_exceptions/include/ecl/exceptions.hpp
-- Symlinking: /home/wellyowo/locobot_sim/locobot_ws/install/ecl_exceptions/lib/ecl_exceptions/demo_exceptions
-- Symlinking: /home/wellyowo/locobot_sim/locobot_ws/install/ecl_exceptions/lib/ecl_exceptions/demo_exception_tracer
-- Symlinking: /home/wellyowo/locobot_sim/locobot_ws/install/ecl_exceptions/share/ecl_exceptions/environment/library_path.sh
-- Symlinking: /home/wellyowo/locobot_sim/locobot_ws/install/ecl_exceptions/share/ecl_exceptions/environment/library_path.dsv
-- Symlinking: /home/wellyowo/locobot_sim/locobot_ws/install/ecl_exceptions/share/ament_index/resource_index/package_run_dependencies/ecl_exceptions
-- Symlinking: /home/wellyowo/locobot_sim/locobot_ws/install/ecl_exceptions/share/ament_index/resource_index/parent_prefix_path/ecl_exceptions
-- Symlinking: /home/wellyowo/locobot_sim/locobot_ws/install/ecl_exceptions/share/ecl_exceptions/environment/ament_prefix_path.sh
-- Symlinking: /home/wellyowo/locobot_sim/locobot_ws/install/ecl_exceptions/share/ecl_exceptions/environment/ament_prefix_path.dsv
-- Symlinking: /home/wellyowo/locobot_sim/locobot_ws/install/ecl_exceptions/share/ecl_exceptions/environment/path.sh
-- Symlinking: /home/wellyowo/locobot_sim/locobot_ws/install/ecl_exceptions/share/ecl_exceptions/environment/path.dsv
-- Symlinking: /home/wellyowo/locobot_sim/locobot_ws/install/ecl_exceptions/share/ecl_exceptions/local_setup.bash
-- Symlinking: /home/wellyowo/locobot_sim/locobot_ws/install/ecl_exceptions/share/ecl_exceptions/local_setup.sh
-- Symlinking: /home/wellyowo/locobot_sim/locobot_ws/install/ecl_exceptions/share/ecl_exceptions/local_setup.zsh
-- Symlinking: /home/wellyowo/locobot_sim/locobot_ws/install/ecl_exceptions/share/ecl_exceptions/local_setup.dsv
-- Symlinking: /home/wellyowo/locobot_sim/locobot_ws/install/ecl_exceptions/share/ecl_exceptions/package.dsv
-- Symlinking: /home/wellyowo/locobot_sim/locobot_ws/install/ecl_exceptions/share/ament_index/resource_index/packages/ecl_exceptions
-- Symlinking: /home/wellyowo/locobot_sim/locobot_ws/install/ecl_exceptions/share/ecl_exceptions/cmake/ament_cmake_export_targets-extras.cmake
-- Symlinking: /home/wellyowo/locobot_sim/locobot_ws/install/ecl_exceptions/share/ecl_exceptions/cmake/ament_cmake_export_include_directories-extras.cmake
-- Symlinking: /home/wellyowo/locobot_sim/locobot_ws/install/ecl_exceptions/share/ecl_exceptions/cmake/ament_cmake_export_libraries-extras.cmake
-- Symlinking: /home/wellyowo/locobot_sim/locobot_ws/install/ecl_exceptions/share/ecl_exceptions/cmake/ament_cmake_export_dependencies-extras.cmake
-- Symlinking: /home/wellyowo/locobot_sim/locobot_ws/install/ecl_exceptions/share/ecl_exceptions/cmake/ecl_exceptionsConfig.cmake
-- Symlinking: /home/wellyowo/locobot_sim/locobot_ws/install/ecl_exceptions/share/ecl_exceptions/cmake/ecl_exceptionsConfig-version.cmake
-- Symlinking: /home/wellyowo/locobot_sim/locobot_ws/install/ecl_exceptions/share/ecl_exceptions/package.xml
-- Installing: /home/wellyowo/locobot_sim/locobot_ws/install/ecl_exceptions/share/ecl_exceptions/cmake/ecl_exceptionsExport.cmake
-- Installing: /home/wellyowo/locobot_sim/locobot_ws/install/ecl_exceptions/share/ecl_exceptions/cmake/ecl_exceptionsExport-noconfig.cmake
-- Installing: /home/wellyowo/locobot_sim/locobot_ws/install/ecl_exceptions/lib/libecl_exceptions.so.1.2.1
-- Set runtime path of "/home/wellyowo/locobot_sim/locobot_ws/install/ecl_exceptions/lib/libecl_exceptions.so.1.2.1" to ""
-- Installing: /home/wellyowo/locobot_sim/locobot_ws/install/ecl_exceptions/lib/libecl_exceptions.so
