[0.436s] Invoking command in '/home/wellyowo/locobot_sim/locobot_ws/build/ecl_exceptions': AMENT_PREFIX_PATH=/home/wellyowo/locobot_sim/locobot_ws/install/ecl_errors:/home/wellyowo/locobot_sim/locobot_ws/install/ecl_config:${AMENT_PREFIX_PATH} CMAKE_PREFIX_PATH=/home/wellyowo/locobot_sim/locobot_ws/install/ecl_errors:/home/wellyowo/locobot_sim/locobot_ws/install/ecl_config:/opt/ros/humble LD_LIBRARY_PATH=/home/wellyowo/locobot_sim/locobot_ws/install/ecl_errors/lib:${LD_LIBRARY_PATH} PATH=/home/wellyowo/locobot_sim/locobot_ws/install/ecl_config/bin:${PATH} /usr/bin/cmake /home/wellyowo/locobot_sim/locobot_ws/src/ThirdParty/ecl/ecl_core/ecl_exceptions -DBUILD_TESTING=OFF -DCMAKE_PREFIX_PATH= -DAMENT_CMAKE_SYMLINK_INSTALL=1 -DCMAKE_INSTALL_PREFIX=/home/wellyowo/locobot_sim/locobot_ws/install/ecl_exceptions
[0.619s] -- The C compiler identification is GNU 11.4.0
[0.758s] -- The CXX compiler identification is GNU 11.4.0
[0.777s] -- Detecting C compiler ABI info
[1.035s] -- Detecting C compiler ABI info - done
[1.060s] -- Check for working C compiler: /usr/bin/cc - skipped
[1.074s] -- Detecting C compile features
[1.075s] -- Detecting C compile features - done
[1.075s] -- Detecting CXX compiler ABI info
[1.489s] -- Detecting CXX compiler ABI info - done
[1.512s] -- Check for working CXX compiler: /usr/bin/c++ - skipped
[1.514s] -- Detecting CXX compile features
[1.514s] -- Detecting CXX compile features - done
[1.515s] -- Found ament_cmake_ros: 0.10.0 (/opt/ros/humble/share/ament_cmake_ros/cmake)
[1.975s] -- Found Python3: /usr/bin/python3 (found version "3.10.12") found components: Interpreter 
[2.374s] -- Override CMake install command with custom implementation using symlinks instead of copying resources
[2.509s] -- Found ecl_build: 1.0.3 (/opt/ros/humble/share/ecl_build/cmake)
[2.528s] -- Found ecl_config: 1.2.0 (/home/wellyowo/locobot_sim/locobot_ws/install/ecl_config/share/ecl_config/cmake)
[2.542s] -- Found ecl_errors: 1.2.0 (/home/wellyowo/locobot_sim/locobot_ws/install/ecl_errors/share/ecl_errors/cmake)
[2.825s] -- Configuring done
[2.894s] -- Generating done
[2.905s] -- Build files have been written to: /home/wellyowo/locobot_sim/locobot_ws/build/ecl_exceptions
[2.973s] Invoked command in '/home/wellyowo/locobot_sim/locobot_ws/build/ecl_exceptions' returned '0': AMENT_PREFIX_PATH=/home/wellyowo/locobot_sim/locobot_ws/install/ecl_errors:/home/wellyowo/locobot_sim/locobot_ws/install/ecl_config:${AMENT_PREFIX_PATH} CMAKE_PREFIX_PATH=/home/wellyowo/locobot_sim/locobot_ws/install/ecl_errors:/home/wellyowo/locobot_sim/locobot_ws/install/ecl_config:/opt/ros/humble LD_LIBRARY_PATH=/home/wellyowo/locobot_sim/locobot_ws/install/ecl_errors/lib:${LD_LIBRARY_PATH} PATH=/home/wellyowo/locobot_sim/locobot_ws/install/ecl_config/bin:${PATH} /usr/bin/cmake /home/wellyowo/locobot_sim/locobot_ws/src/ThirdParty/ecl/ecl_core/ecl_exceptions -DBUILD_TESTING=OFF -DCMAKE_PREFIX_PATH= -DAMENT_CMAKE_SYMLINK_INSTALL=1 -DCMAKE_INSTALL_PREFIX=/home/wellyowo/locobot_sim/locobot_ws/install/ecl_exceptions
[2.973s] Invoking command in '/home/wellyowo/locobot_sim/locobot_ws/build/ecl_exceptions': AMENT_PREFIX_PATH=/home/wellyowo/locobot_sim/locobot_ws/install/ecl_errors:/home/wellyowo/locobot_sim/locobot_ws/install/ecl_config:${AMENT_PREFIX_PATH} CMAKE_PREFIX_PATH=/home/wellyowo/locobot_sim/locobot_ws/install/ecl_errors:/home/wellyowo/locobot_sim/locobot_ws/install/ecl_config:/opt/ros/humble LD_LIBRARY_PATH=/home/wellyowo/locobot_sim/locobot_ws/install/ecl_errors/lib:${LD_LIBRARY_PATH} PATH=/home/wellyowo/locobot_sim/locobot_ws/install/ecl_config/bin:${PATH} /usr/bin/cmake --build /home/wellyowo/locobot_sim/locobot_ws/build/ecl_exceptions -- -j16 -l16
[6.700s] [ 16%] [32mBuilding CXX object src/lib/CMakeFiles/ecl_exceptions.dir/standard_exception.cpp.o[0m
[6.704s] [ 33%] [32m[1mLinking CXX shared library libecl_exceptions.so[0m
[6.707s] [ 33%] Built target ecl_exceptions
[6.707s] [ 50%] [32mBuilding CXX object src/examples/CMakeFiles/ecl_demo_exceptions.dir/exceptions.cpp.o[0m
[6.707s] [ 66%] [32m[1mLinking CXX executable demo_exceptions[0m
[6.708s] [ 66%] Built target ecl_demo_exceptions
[6.708s] [ 83%] [32mBuilding CXX object src/examples/CMakeFiles/ecl_demo_exception_tracer.dir/exception_tracer.cpp.o[0m
[6.708s] [100%] [32m[1mLinking CXX executable demo_exception_tracer[0m
[6.805s] [100%] Built target ecl_demo_exception_tracer
[6.870s] Invoked command in '/home/wellyowo/locobot_sim/locobot_ws/build/ecl_exceptions' returned '0': AMENT_PREFIX_PATH=/home/wellyowo/locobot_sim/locobot_ws/install/ecl_errors:/home/wellyowo/locobot_sim/locobot_ws/install/ecl_config:${AMENT_PREFIX_PATH} CMAKE_PREFIX_PATH=/home/wellyowo/locobot_sim/locobot_ws/install/ecl_errors:/home/wellyowo/locobot_sim/locobot_ws/install/ecl_config:/opt/ros/humble LD_LIBRARY_PATH=/home/wellyowo/locobot_sim/locobot_ws/install/ecl_errors/lib:${LD_LIBRARY_PATH} PATH=/home/wellyowo/locobot_sim/locobot_ws/install/ecl_config/bin:${PATH} /usr/bin/cmake --build /home/wellyowo/locobot_sim/locobot_ws/build/ecl_exceptions -- -j16 -l16
[6.871s] Invoking command in '/home/wellyowo/locobot_sim/locobot_ws/build/ecl_exceptions': AMENT_PREFIX_PATH=/home/wellyowo/locobot_sim/locobot_ws/install/ecl_errors:/home/wellyowo/locobot_sim/locobot_ws/install/ecl_config:${AMENT_PREFIX_PATH} CMAKE_PREFIX_PATH=/home/wellyowo/locobot_sim/locobot_ws/install/ecl_errors:/home/wellyowo/locobot_sim/locobot_ws/install/ecl_config:/opt/ros/humble LD_LIBRARY_PATH=/home/wellyowo/locobot_sim/locobot_ws/install/ecl_errors/lib:${LD_LIBRARY_PATH} PATH=/home/wellyowo/locobot_sim/locobot_ws/install/ecl_config/bin:${PATH} /usr/bin/cmake --install /home/wellyowo/locobot_sim/locobot_ws/build/ecl_exceptions
[9.853s] -- Install configuration: ""
[9.853s] -- Execute custom install script
[9.853s] -- Symlinking: /home/wellyowo/locobot_sim/locobot_ws/install/ecl_exceptions/include/ecl/exceptions/data_exception.hpp
[9.853s] -- Symlinking: /home/wellyowo/locobot_sim/locobot_ws/install/ecl_exceptions/include/ecl/exceptions/exception.hpp
[9.853s] -- Symlinking: /home/wellyowo/locobot_sim/locobot_ws/install/ecl_exceptions/include/ecl/exceptions/macros.hpp
[9.854s] -- Symlinking: /home/wellyowo/locobot_sim/locobot_ws/install/ecl_exceptions/include/ecl/exceptions/posix_error_handler.hpp
[9.854s] -- Symlinking: /home/wellyowo/locobot_sim/locobot_ws/install/ecl_exceptions/include/ecl/exceptions/standard_exception.hpp
[9.854s] -- Symlinking: /home/wellyowo/locobot_sim/locobot_ws/install/ecl_exceptions/include/ecl/exceptions.hpp
[9.854s] -- Symlinking: /home/wellyowo/locobot_sim/locobot_ws/install/ecl_exceptions/lib/ecl_exceptions/demo_exceptions
[9.854s] -- Symlinking: /home/wellyowo/locobot_sim/locobot_ws/install/ecl_exceptions/lib/ecl_exceptions/demo_exception_tracer
[9.854s] -- Symlinking: /home/wellyowo/locobot_sim/locobot_ws/install/ecl_exceptions/share/ecl_exceptions/environment/library_path.sh
[9.854s] -- Symlinking: /home/wellyowo/locobot_sim/locobot_ws/install/ecl_exceptions/share/ecl_exceptions/environment/library_path.dsv
[9.854s] -- Symlinking: /home/wellyowo/locobot_sim/locobot_ws/install/ecl_exceptions/share/ament_index/resource_index/package_run_dependencies/ecl_exceptions
[9.855s] -- Symlinking: /home/wellyowo/locobot_sim/locobot_ws/install/ecl_exceptions/share/ament_index/resource_index/parent_prefix_path/ecl_exceptions
[9.855s] -- Symlinking: /home/wellyowo/locobot_sim/locobot_ws/install/ecl_exceptions/share/ecl_exceptions/environment/ament_prefix_path.sh
[9.855s] -- Symlinking: /home/wellyowo/locobot_sim/locobot_ws/install/ecl_exceptions/share/ecl_exceptions/environment/ament_prefix_path.dsv
[9.855s] -- Symlinking: /home/wellyowo/locobot_sim/locobot_ws/install/ecl_exceptions/share/ecl_exceptions/environment/path.sh
[9.855s] -- Symlinking: /home/wellyowo/locobot_sim/locobot_ws/install/ecl_exceptions/share/ecl_exceptions/environment/path.dsv
[9.858s] -- Symlinking: /home/wellyowo/locobot_sim/locobot_ws/install/ecl_exceptions/share/ecl_exceptions/local_setup.bash
[9.858s] -- Symlinking: /home/wellyowo/locobot_sim/locobot_ws/install/ecl_exceptions/share/ecl_exceptions/local_setup.sh
[9.858s] -- Symlinking: /home/wellyowo/locobot_sim/locobot_ws/install/ecl_exceptions/share/ecl_exceptions/local_setup.zsh
[9.858s] -- Symlinking: /home/wellyowo/locobot_sim/locobot_ws/install/ecl_exceptions/share/ecl_exceptions/local_setup.dsv
[9.858s] -- Symlinking: /home/wellyowo/locobot_sim/locobot_ws/install/ecl_exceptions/share/ecl_exceptions/package.dsv
[9.859s] -- Symlinking: /home/wellyowo/locobot_sim/locobot_ws/install/ecl_exceptions/share/ament_index/resource_index/packages/ecl_exceptions
[9.859s] -- Symlinking: /home/wellyowo/locobot_sim/locobot_ws/install/ecl_exceptions/share/ecl_exceptions/cmake/ament_cmake_export_targets-extras.cmake
[9.860s] -- Symlinking: /home/wellyowo/locobot_sim/locobot_ws/install/ecl_exceptions/share/ecl_exceptions/cmake/ament_cmake_export_include_directories-extras.cmake
[9.860s] -- Symlinking: /home/wellyowo/locobot_sim/locobot_ws/install/ecl_exceptions/share/ecl_exceptions/cmake/ament_cmake_export_libraries-extras.cmake
[9.860s] -- Symlinking: /home/wellyowo/locobot_sim/locobot_ws/install/ecl_exceptions/share/ecl_exceptions/cmake/ament_cmake_export_dependencies-extras.cmake
[9.860s] -- Symlinking: /home/wellyowo/locobot_sim/locobot_ws/install/ecl_exceptions/share/ecl_exceptions/cmake/ecl_exceptionsConfig.cmake
[9.860s] -- Symlinking: /home/wellyowo/locobot_sim/locobot_ws/install/ecl_exceptions/share/ecl_exceptions/cmake/ecl_exceptionsConfig-version.cmake
[9.862s] -- Symlinking: /home/wellyowo/locobot_sim/locobot_ws/install/ecl_exceptions/share/ecl_exceptions/package.xml
[9.862s] -- Installing: /home/wellyowo/locobot_sim/locobot_ws/install/ecl_exceptions/share/ecl_exceptions/cmake/ecl_exceptionsExport.cmake
[9.862s] -- Installing: /home/wellyowo/locobot_sim/locobot_ws/install/ecl_exceptions/share/ecl_exceptions/cmake/ecl_exceptionsExport-noconfig.cmake
[9.862s] -- Installing: /home/wellyowo/locobot_sim/locobot_ws/install/ecl_exceptions/lib/libecl_exceptions.so.1.2.1
[9.862s] -- Set runtime path of "/home/wellyowo/locobot_sim/locobot_ws/install/ecl_exceptions/lib/libecl_exceptions.so.1.2.1" to ""
[9.862s] -- Installing: /home/wellyowo/locobot_sim/locobot_ws/install/ecl_exceptions/lib/libecl_exceptions.so
[9.900s] Invoked command in '/home/wellyowo/locobot_sim/locobot_ws/build/ecl_exceptions' returned '0': AMENT_PREFIX_PATH=/home/wellyowo/locobot_sim/locobot_ws/install/ecl_errors:/home/wellyowo/locobot_sim/locobot_ws/install/ecl_config:${AMENT_PREFIX_PATH} CMAKE_PREFIX_PATH=/home/wellyowo/locobot_sim/locobot_ws/install/ecl_errors:/home/wellyowo/locobot_sim/locobot_ws/install/ecl_config:/opt/ros/humble LD_LIBRARY_PATH=/home/wellyowo/locobot_sim/locobot_ws/install/ecl_errors/lib:${LD_LIBRARY_PATH} PATH=/home/wellyowo/locobot_sim/locobot_ws/install/ecl_config/bin:${PATH} /usr/bin/cmake --install /home/wellyowo/locobot_sim/locobot_ws/build/ecl_exceptions
