[0.039s] Invoking command in '/home/wellyowo/locobot_sim/locobot_ws/build/interbotix_moveit_interface_msgs': CMAKE_PREFIX_PATH=/opt/ros/humble /usr/bin/cmake /home/wellyowo/locobot_sim/locobot_ws/src/interbotix_ros_toolboxes/interbotix_common_toolbox/interbotix_moveit_interface_msgs -DBUILD_TESTING=OFF -DCMAKE_PREFIX_PATH= -DAMENT_CMAKE_SYMLINK_INSTALL=1 -DCMAKE_INSTALL_PREFIX=/home/wellyowo/locobot_sim/locobot_ws/install/interbotix_moveit_interface_msgs
[2.542s] -- The C compiler identification is GNU 11.4.0
[2.543s] -- The CXX compiler identification is GNU 11.4.0
[2.543s] -- Detecting C compiler ABI info
[2.543s] -- Detecting C compiler ABI info - done
[2.543s] -- Check for working C compiler: /usr/bin/cc - skipped
[2.543s] -- Detecting C compile features
[2.544s] -- Detecting C compile features - done
[2.545s] -- Detecting CXX compiler ABI info
[2.545s] -- Detecting CXX compiler ABI info - done
[2.545s] -- Check for working CXX compiler: /usr/bin/c++ - skipped
[2.546s] -- Detecting CXX compile features
[2.546s] -- Detecting CXX compile features - done
[2.546s] -- Found rosidl_default_generators: 1.2.0 (/opt/ros/humble/share/rosidl_default_generators/cmake)
[2.546s] -- Found ament_cmake_core: 1.3.11 (/opt/ros/humble/share/ament_cmake_core/cmake)
[2.546s] -- Found Python3: /usr/bin/python3 (found version "3.10.12") found components: Interpreter 
[2.550s] -- Override CMake install command with custom implementation using symlinks instead of copying resources
[2.550s] -- Using all available rosidl_typesupport_c: rosidl_typesupport_fastrtps_c;rosidl_typesupport_introspection_c
[2.550s] -- Found rosidl_adapter: 3.1.6 (/opt/ros/humble/share/rosidl_adapter/cmake)
[2.550s] -- Using all available rosidl_typesupport_cpp: rosidl_typesupport_fastrtps_cpp;rosidl_typesupport_introspection_cpp
[2.597s] -- Found std_msgs: 4.9.0 (/opt/ros/humble/share/std_msgs/cmake)
[2.670s] -- Found geometry_msgs: 4.9.0 (/opt/ros/humble/share/geometry_msgs/cmake)
[4.341s] -- Found ament_cmake_ros: 0.10.0 (/opt/ros/humble/share/ament_cmake_ros/cmake)
[5.157s] -- Using all available rosidl_typesupport_c: rosidl_typesupport_fastrtps_c;rosidl_typesupport_introspection_c
[6.049s] -- Using all available rosidl_typesupport_cpp: rosidl_typesupport_fastrtps_cpp;rosidl_typesupport_introspection_cpp
[6.303s] -- Found PythonInterp: /usr/bin/python3 (found suitable version "3.10.12", minimum required is "3.6") 
[6.315s] -- Found python_cmake_module: 0.10.0 (/opt/ros/humble/share/python_cmake_module/cmake)
[6.419s] -- Found PythonLibs: /usr/lib/x86_64-linux-gnu/libpython3.10.so (found suitable version "3.10.12", minimum required is "3.5") 
[6.420s] -- Using PYTHON_EXECUTABLE: /usr/bin/python3
[6.422s] -- Using PYTHON_INCLUDE_DIRS: /usr/include/python3.10
[6.422s] -- Using PYTHON_LIBRARIES: /usr/lib/x86_64-linux-gnu/libpython3.10.so
[6.519s] -- Found PythonExtra: .so  
[6.732s] -- Configuring done
[6.840s] -- Generating done
[6.895s] -- Build files have been written to: /home/wellyowo/locobot_sim/locobot_ws/build/interbotix_moveit_interface_msgs
[6.933s] Invoked command in '/home/wellyowo/locobot_sim/locobot_ws/build/interbotix_moveit_interface_msgs' returned '0': CMAKE_PREFIX_PATH=/opt/ros/humble /usr/bin/cmake /home/wellyowo/locobot_sim/locobot_ws/src/interbotix_ros_toolboxes/interbotix_common_toolbox/interbotix_moveit_interface_msgs -DBUILD_TESTING=OFF -DCMAKE_PREFIX_PATH= -DAMENT_CMAKE_SYMLINK_INSTALL=1 -DCMAKE_INSTALL_PREFIX=/home/wellyowo/locobot_sim/locobot_ws/install/interbotix_moveit_interface_msgs
[6.933s] Invoking command in '/home/wellyowo/locobot_sim/locobot_ws/build/interbotix_moveit_interface_msgs': CMAKE_PREFIX_PATH=/opt/ros/humble /usr/bin/cmake --build /home/wellyowo/locobot_sim/locobot_ws/build/interbotix_moveit_interface_msgs -- -j16 -l16
[7.877s] [  3%] [34m[1mGenerating C code for ROS interfaces[0m
[7.878s] [  6%] [34m[1mGenerating C++ code for ROS interfaces[0m
[7.878s] [  6%] Built target ament_cmake_python_symlink_interbotix_moveit_interface_msgs
[8.784s] [  9%] [32mBuilding C object CMakeFiles/interbotix_moveit_interface_msgs__rosidl_generator_c.dir/rosidl_generator_c/interbotix_moveit_interface_msgs/srv/detail/move_it_plan__functions.c.o[0m
[8.923s] [  9%] Built target interbotix_moveit_interface_msgs__cpp
[8.957s] [ 12%] [34m[1mGenerating C++ introspection for ROS interfaces[0m
[8.987s] [ 16%] [34m[1mGenerating C++ type support dispatch for ROS interfaces[0m
[9.013s] [ 19%] [34m[1mGenerating C++ type support for eProsima Fast-RTPS[0m
[9.059s] running egg_info
[9.072s] creating interbotix_moveit_interface_msgs.egg-info
[9.080s] writing interbotix_moveit_interface_msgs.egg-info/PKG-INFO
[9.080s] writing dependency_links to interbotix_moveit_interface_msgs.egg-info/dependency_links.txt
[9.080s] writing top-level names to interbotix_moveit_interface_msgs.egg-info/top_level.txt
[9.101s] writing manifest file 'interbotix_moveit_interface_msgs.egg-info/SOURCES.txt'
[9.119s] reading manifest file 'interbotix_moveit_interface_msgs.egg-info/SOURCES.txt'
[9.129s] writing manifest file 'interbotix_moveit_interface_msgs.egg-info/SOURCES.txt'
[9.270s] [ 22%] [32m[1mLinking C shared library libinterbotix_moveit_interface_msgs__rosidl_generator_c.so[0m
[9.638s] [ 22%] Built target ament_cmake_python_build_interbotix_moveit_interface_msgs_egg
[9.651s] [ 22%] Built target interbotix_moveit_interface_msgs__rosidl_generator_c
[9.702s] [ 25%] [34m[1mGenerating C introspection for ROS interfaces[0m
[9.705s] [ 29%] [34m[1mGenerating C type support dispatch for ROS interfaces[0m
[9.740s] [ 32%] [34m[1mGenerating C type support for eProsima Fast-RTPS[0m
[10.493s] [ 35%] [32mBuilding CXX object CMakeFiles/interbotix_moveit_interface_msgs__rosidl_typesupport_introspection_cpp.dir/rosidl_typesupport_introspection_cpp/interbotix_moveit_interface_msgs/srv/detail/move_it_plan__type_support.cpp.o[0m
[10.839s] [ 38%] [32mBuilding C object CMakeFiles/interbotix_moveit_interface_msgs__rosidl_typesupport_introspection_c.dir/rosidl_typesupport_introspection_c/interbotix_moveit_interface_msgs/srv/detail/move_it_plan__type_support.c.o[0m
[11.232s] [ 41%] [32m[1mLinking C shared library libinterbotix_moveit_interface_msgs__rosidl_typesupport_introspection_c.so[0m
[11.359s] [ 41%] Built target interbotix_moveit_interface_msgs__rosidl_typesupport_introspection_c
[11.819s] [ 45%] [32mBuilding CXX object CMakeFiles/interbotix_moveit_interface_msgs__rosidl_typesupport_c.dir/rosidl_typesupport_c/interbotix_moveit_interface_msgs/srv/move_it_plan__type_support.cpp.o[0m
[11.928s] [ 48%] [32mBuilding CXX object CMakeFiles/interbotix_moveit_interface_msgs__rosidl_typesupport_cpp.dir/rosidl_typesupport_cpp/interbotix_moveit_interface_msgs/srv/move_it_plan__type_support.cpp.o[0m
[11.972s] [ 51%] [32m[1mLinking CXX shared library libinterbotix_moveit_interface_msgs__rosidl_typesupport_c.so[0m
[12.138s] [ 54%] [32mBuilding CXX object CMakeFiles/interbotix_moveit_interface_msgs__rosidl_typesupport_fastrtps_c.dir/rosidl_typesupport_fastrtps_c/interbotix_moveit_interface_msgs/srv/detail/move_it_plan__type_support_c.cpp.o[0m
[12.235s] [ 54%] Built target interbotix_moveit_interface_msgs__rosidl_typesupport_c
[12.906s] [ 58%] [32mBuilding CXX object CMakeFiles/interbotix_moveit_interface_msgs__rosidl_typesupport_fastrtps_cpp.dir/rosidl_typesupport_fastrtps_cpp/interbotix_moveit_interface_msgs/srv/detail/dds_fastrtps/move_it_plan__type_support.cpp.o[0m
[13.019s] [ 61%] [32m[1mLinking CXX shared library libinterbotix_moveit_interface_msgs__rosidl_typesupport_cpp.so[0m
[13.182s] [ 61%] Built target interbotix_moveit_interface_msgs__rosidl_typesupport_cpp
[14.940s] [ 64%] [32m[1mLinking CXX shared library libinterbotix_moveit_interface_msgs__rosidl_typesupport_fastrtps_c.so[0m
[15.338s] [ 67%] [32m[1mLinking CXX shared library libinterbotix_moveit_interface_msgs__rosidl_typesupport_introspection_cpp.so[0m
[15.619s] [ 67%] Built target interbotix_moveit_interface_msgs__rosidl_typesupport_introspection_cpp
[15.744s] [ 67%] Built target interbotix_moveit_interface_msgs__rosidl_typesupport_fastrtps_c
[17.358s] [ 70%] [32m[1mLinking CXX shared library libinterbotix_moveit_interface_msgs__rosidl_typesupport_fastrtps_cpp.so[0m
[17.691s] [ 70%] Built target interbotix_moveit_interface_msgs__rosidl_typesupport_fastrtps_cpp
[17.837s] [ 70%] Built target interbotix_moveit_interface_msgs
[17.922s] [ 74%] [34m[1mGenerating Python code for ROS interfaces[0m
[21.027s] [ 74%] Built target interbotix_moveit_interface_msgs__py
[21.123s] [ 77%] [32mBuilding C object CMakeFiles/interbotix_moveit_interface_msgs__rosidl_generator_py.dir/rosidl_generator_py/interbotix_moveit_interface_msgs/srv/_move_it_plan_s.c.o[0m
[21.664s] [ 80%] [32m[1mLinking C shared library rosidl_generator_py/interbotix_moveit_interface_msgs/libinterbotix_moveit_interface_msgs__rosidl_generator_py.so[0m
[21.825s] [ 80%] Built target interbotix_moveit_interface_msgs__rosidl_generator_py
[21.907s] [ 83%] [32mBuilding C object CMakeFiles/interbotix_moveit_interface_msgs__rosidl_typesupport_fastrtps_c__pyext.dir/rosidl_generator_py/interbotix_moveit_interface_msgs/_interbotix_moveit_interface_msgs_s.ep.rosidl_typesupport_fastrtps_c.c.o[0m
[22.688s] [ 87%] [32m[1mLinking C shared library rosidl_generator_py/interbotix_moveit_interface_msgs/interbotix_moveit_interface_msgs_s__rosidl_typesupport_fastrtps_c.cpython-310-x86_64-linux-gnu.so[0m
[22.847s] [ 87%] Built target interbotix_moveit_interface_msgs__rosidl_typesupport_fastrtps_c__pyext
[22.901s] [ 90%] [32mBuilding C object CMakeFiles/interbotix_moveit_interface_msgs__rosidl_typesupport_c__pyext.dir/rosidl_generator_py/interbotix_moveit_interface_msgs/_interbotix_moveit_interface_msgs_s.ep.rosidl_typesupport_c.c.o[0m
[23.165s] [ 93%] [32m[1mLinking C shared library rosidl_generator_py/interbotix_moveit_interface_msgs/interbotix_moveit_interface_msgs_s__rosidl_typesupport_c.cpython-310-x86_64-linux-gnu.so[0m
[23.306s] [ 93%] Built target interbotix_moveit_interface_msgs__rosidl_typesupport_c__pyext
[23.385s] [ 96%] [32mBuilding C object CMakeFiles/interbotix_moveit_interface_msgs__rosidl_typesupport_introspection_c__pyext.dir/rosidl_generator_py/interbotix_moveit_interface_msgs/_interbotix_moveit_interface_msgs_s.ep.rosidl_typesupport_introspection_c.c.o[0m
[23.751s] [100%] [32m[1mLinking C shared library rosidl_generator_py/interbotix_moveit_interface_msgs/interbotix_moveit_interface_msgs_s__rosidl_typesupport_introspection_c.cpython-310-x86_64-linux-gnu.so[0m
[24.043s] [100%] Built target interbotix_moveit_interface_msgs__rosidl_typesupport_introspection_c__pyext
[24.117s] Invoked command in '/home/wellyowo/locobot_sim/locobot_ws/build/interbotix_moveit_interface_msgs' returned '0': CMAKE_PREFIX_PATH=/opt/ros/humble /usr/bin/cmake --build /home/wellyowo/locobot_sim/locobot_ws/build/interbotix_moveit_interface_msgs -- -j16 -l16
[24.144s] Invoking command in '/home/wellyowo/locobot_sim/locobot_ws/build/interbotix_moveit_interface_msgs': CMAKE_PREFIX_PATH=/opt/ros/humble /usr/bin/cmake --install /home/wellyowo/locobot_sim/locobot_ws/build/interbotix_moveit_interface_msgs
[74.070s] -- Install configuration: ""
[74.070s] -- Execute custom install script
[74.070s] -- Symlinking: /home/wellyowo/locobot_sim/locobot_ws/install/interbotix_moveit_interface_msgs/share/ament_index/resource_index/rosidl_interfaces/interbotix_moveit_interface_msgs
[74.070s] -- Symlinking: /home/wellyowo/locobot_sim/locobot_ws/install/interbotix_moveit_interface_msgs/include/interbotix_moveit_interface_msgs/interbotix_moveit_interface_msgs/msg/rosidl_generator_c__visibility_control.h
[74.070s] -- Symlinking: /home/wellyowo/locobot_sim/locobot_ws/install/interbotix_moveit_interface_msgs/include/interbotix_moveit_interface_msgs/interbotix_moveit_interface_msgs/srv/detail/move_it_plan__functions.h
[74.070s] -- Symlinking: /home/wellyowo/locobot_sim/locobot_ws/install/interbotix_moveit_interface_msgs/include/interbotix_moveit_interface_msgs/interbotix_moveit_interface_msgs/srv/detail/move_it_plan__struct.h
[74.070s] -- Symlinking: /home/wellyowo/locobot_sim/locobot_ws/install/interbotix_moveit_interface_msgs/include/interbotix_moveit_interface_msgs/interbotix_moveit_interface_msgs/srv/detail/move_it_plan__type_support.h
[74.070s] -- Symlinking: /home/wellyowo/locobot_sim/locobot_ws/install/interbotix_moveit_interface_msgs/include/interbotix_moveit_interface_msgs/interbotix_moveit_interface_msgs/srv/move_it_plan.h
[74.070s] -- Symlinking: /home/wellyowo/locobot_sim/locobot_ws/install/interbotix_moveit_interface_msgs/share/interbotix_moveit_interface_msgs/environment/library_path.sh
[74.070s] -- Symlinking: /home/wellyowo/locobot_sim/locobot_ws/install/interbotix_moveit_interface_msgs/share/interbotix_moveit_interface_msgs/environment/library_path.dsv
[74.070s] -- Symlinking: /home/wellyowo/locobot_sim/locobot_ws/install/interbotix_moveit_interface_msgs/include/interbotix_moveit_interface_msgs/interbotix_moveit_interface_msgs/msg/rosidl_typesupport_fastrtps_c__visibility_control.h
[74.071s] -- Symlinking: /home/wellyowo/locobot_sim/locobot_ws/install/interbotix_moveit_interface_msgs/include/interbotix_moveit_interface_msgs/interbotix_moveit_interface_msgs/srv/detail/move_it_plan__rosidl_typesupport_fastrtps_c.h
[74.074s] -- Symlinking: /home/wellyowo/locobot_sim/locobot_ws/install/interbotix_moveit_interface_msgs/include/interbotix_moveit_interface_msgs/interbotix_moveit_interface_msgs/msg/rosidl_typesupport_introspection_c__visibility_control.h
[74.074s] -- Symlinking: /home/wellyowo/locobot_sim/locobot_ws/install/interbotix_moveit_interface_msgs/include/interbotix_moveit_interface_msgs/interbotix_moveit_interface_msgs/srv/detail/move_it_plan__rosidl_typesupport_introspection_c.h
[74.074s] -- Symlinking: /home/wellyowo/locobot_sim/locobot_ws/install/interbotix_moveit_interface_msgs/include/interbotix_moveit_interface_msgs/interbotix_moveit_interface_msgs/msg/rosidl_generator_cpp__visibility_control.hpp
[74.075s] -- Symlinking: /home/wellyowo/locobot_sim/locobot_ws/install/interbotix_moveit_interface_msgs/include/interbotix_moveit_interface_msgs/interbotix_moveit_interface_msgs/srv/detail/move_it_plan__builder.hpp
[74.075s] -- Symlinking: /home/wellyowo/locobot_sim/locobot_ws/install/interbotix_moveit_interface_msgs/include/interbotix_moveit_interface_msgs/interbotix_moveit_interface_msgs/srv/detail/move_it_plan__struct.hpp
[74.075s] -- Symlinking: /home/wellyowo/locobot_sim/locobot_ws/install/interbotix_moveit_interface_msgs/include/interbotix_moveit_interface_msgs/interbotix_moveit_interface_msgs/srv/detail/move_it_plan__traits.hpp
[74.075s] -- Symlinking: /home/wellyowo/locobot_sim/locobot_ws/install/interbotix_moveit_interface_msgs/include/interbotix_moveit_interface_msgs/interbotix_moveit_interface_msgs/srv/detail/move_it_plan__type_support.hpp
[74.075s] -- Symlinking: /home/wellyowo/locobot_sim/locobot_ws/install/interbotix_moveit_interface_msgs/include/interbotix_moveit_interface_msgs/interbotix_moveit_interface_msgs/srv/move_it_plan.hpp
[74.075s] -- Symlinking: /home/wellyowo/locobot_sim/locobot_ws/install/interbotix_moveit_interface_msgs/include/interbotix_moveit_interface_msgs/interbotix_moveit_interface_msgs/msg/rosidl_typesupport_fastrtps_cpp__visibility_control.h
[74.076s] -- Symlinking: /home/wellyowo/locobot_sim/locobot_ws/install/interbotix_moveit_interface_msgs/include/interbotix_moveit_interface_msgs/interbotix_moveit_interface_msgs/srv/detail/move_it_plan__rosidl_typesupport_fastrtps_cpp.hpp
[74.076s] -- Symlinking: /home/wellyowo/locobot_sim/locobot_ws/install/interbotix_moveit_interface_msgs/include/interbotix_moveit_interface_msgs/interbotix_moveit_interface_msgs/srv/detail/move_it_plan__rosidl_typesupport_introspection_cpp.hpp
[74.085s] -- Symlinking: /home/wellyowo/locobot_sim/locobot_ws/install/interbotix_moveit_interface_msgs/share/interbotix_moveit_interface_msgs/environment/pythonpath.sh
[74.085s] -- Symlinking: /home/wellyowo/locobot_sim/locobot_ws/install/interbotix_moveit_interface_msgs/share/interbotix_moveit_interface_msgs/environment/pythonpath.dsv
[74.085s] -- Symlinking: /home/wellyowo/locobot_sim/locobot_ws/install/interbotix_moveit_interface_msgs/local/lib/python3.10/dist-packages/interbotix_moveit_interface_msgs-0.0.0-py3.10.egg-info/PKG-INFO
[74.085s] -- Symlinking: /home/wellyowo/locobot_sim/locobot_ws/install/interbotix_moveit_interface_msgs/local/lib/python3.10/dist-packages/interbotix_moveit_interface_msgs-0.0.0-py3.10.egg-info/SOURCES.txt
[74.086s] -- Symlinking: /home/wellyowo/locobot_sim/locobot_ws/install/interbotix_moveit_interface_msgs/local/lib/python3.10/dist-packages/interbotix_moveit_interface_msgs-0.0.0-py3.10.egg-info/dependency_links.txt
[74.086s] -- Symlinking: /home/wellyowo/locobot_sim/locobot_ws/install/interbotix_moveit_interface_msgs/local/lib/python3.10/dist-packages/interbotix_moveit_interface_msgs-0.0.0-py3.10.egg-info/top_level.txt
[74.086s] -- Symlinking: /home/wellyowo/locobot_sim/locobot_ws/install/interbotix_moveit_interface_msgs/local/lib/python3.10/dist-packages/interbotix_moveit_interface_msgs/__init__.py
[74.086s] -- Symlinking: /home/wellyowo/locobot_sim/locobot_ws/install/interbotix_moveit_interface_msgs/local/lib/python3.10/dist-packages/interbotix_moveit_interface_msgs/_interbotix_moveit_interface_msgs_s.ep.rosidl_typesupport_c.c
[74.090s] -- Symlinking: /home/wellyowo/locobot_sim/locobot_ws/install/interbotix_moveit_interface_msgs/local/lib/python3.10/dist-packages/interbotix_moveit_interface_msgs/_interbotix_moveit_interface_msgs_s.ep.rosidl_typesupport_fastrtps_c.c
[74.090s] -- Symlinking: /home/wellyowo/locobot_sim/locobot_ws/install/interbotix_moveit_interface_msgs/local/lib/python3.10/dist-packages/interbotix_moveit_interface_msgs/_interbotix_moveit_interface_msgs_s.ep.rosidl_typesupport_introspection_c.c
[74.090s] -- Symlinking: /home/wellyowo/locobot_sim/locobot_ws/install/interbotix_moveit_interface_msgs/local/lib/python3.10/dist-packages/interbotix_moveit_interface_msgs/interbotix_moveit_interface_msgs_s__rosidl_typesupport_c.cpython-310-x86_64-linux-gnu.so
[74.090s] -- Symlinking: /home/wellyowo/locobot_sim/locobot_ws/install/interbotix_moveit_interface_msgs/local/lib/python3.10/dist-packages/interbotix_moveit_interface_msgs/interbotix_moveit_interface_msgs_s__rosidl_typesupport_fastrtps_c.cpython-310-x86_64-linux-gnu.so
[74.090s] -- Symlinking: /home/wellyowo/locobot_sim/locobot_ws/install/interbotix_moveit_interface_msgs/local/lib/python3.10/dist-packages/interbotix_moveit_interface_msgs/interbotix_moveit_interface_msgs_s__rosidl_typesupport_introspection_c.cpython-310-x86_64-linux-gnu.so
[74.090s] -- Symlinking: /home/wellyowo/locobot_sim/locobot_ws/install/interbotix_moveit_interface_msgs/local/lib/python3.10/dist-packages/interbotix_moveit_interface_msgs/libinterbotix_moveit_interface_msgs__rosidl_generator_py.so
[74.090s] -- Symlinking: /home/wellyowo/locobot_sim/locobot_ws/install/interbotix_moveit_interface_msgs/local/lib/python3.10/dist-packages/interbotix_moveit_interface_msgs/srv/__init__.py
[74.090s] -- Symlinking: /home/wellyowo/locobot_sim/locobot_ws/install/interbotix_moveit_interface_msgs/local/lib/python3.10/dist-packages/interbotix_moveit_interface_msgs/srv/_move_it_plan.py
[74.090s] -- Symlinking: /home/wellyowo/locobot_sim/locobot_ws/install/interbotix_moveit_interface_msgs/local/lib/python3.10/dist-packages/interbotix_moveit_interface_msgs/srv/_move_it_plan_s.c
[74.091s] -- Up-to-date symlink: /home/wellyowo/locobot_sim/locobot_ws/install/interbotix_moveit_interface_msgs/local/lib/python3.10/dist-packages/interbotix_moveit_interface_msgs/interbotix_moveit_interface_msgs_s__rosidl_typesupport_fastrtps_c.cpython-310-x86_64-linux-gnu.so
[74.091s] -- Up-to-date symlink: /home/wellyowo/locobot_sim/locobot_ws/install/interbotix_moveit_interface_msgs/local/lib/python3.10/dist-packages/interbotix_moveit_interface_msgs/interbotix_moveit_interface_msgs_s__rosidl_typesupport_introspection_c.cpython-310-x86_64-linux-gnu.so
[74.091s] -- Up-to-date symlink: /home/wellyowo/locobot_sim/locobot_ws/install/interbotix_moveit_interface_msgs/local/lib/python3.10/dist-packages/interbotix_moveit_interface_msgs/interbotix_moveit_interface_msgs_s__rosidl_typesupport_c.cpython-310-x86_64-linux-gnu.so
[74.091s] -- Symlinking: /home/wellyowo/locobot_sim/locobot_ws/install/interbotix_moveit_interface_msgs/share/interbotix_moveit_interface_msgs/srv/MoveItPlan.idl
[74.091s] -- Symlinking: /home/wellyowo/locobot_sim/locobot_ws/install/interbotix_moveit_interface_msgs/share/interbotix_moveit_interface_msgs/srv/MoveItPlan.srv
[74.091s] -- Symlinking: /home/wellyowo/locobot_sim/locobot_ws/install/interbotix_moveit_interface_msgs/share/interbotix_moveit_interface_msgs/srv/MoveItPlan_Request.msg
[74.109s] -- Symlinking: /home/wellyowo/locobot_sim/locobot_ws/install/interbotix_moveit_interface_msgs/share/interbotix_moveit_interface_msgs/srv/MoveItPlan_Response.msg
[74.109s] -- Symlinking: /home/wellyowo/locobot_sim/locobot_ws/install/interbotix_moveit_interface_msgs/share/ament_index/resource_index/package_run_dependencies/interbotix_moveit_interface_msgs
[74.109s] -- Symlinking: /home/wellyowo/locobot_sim/locobot_ws/install/interbotix_moveit_interface_msgs/share/ament_index/resource_index/parent_prefix_path/interbotix_moveit_interface_msgs
[74.109s] -- Symlinking: /home/wellyowo/locobot_sim/locobot_ws/install/interbotix_moveit_interface_msgs/share/interbotix_moveit_interface_msgs/environment/ament_prefix_path.sh
[74.110s] -- Symlinking: /home/wellyowo/locobot_sim/locobot_ws/install/interbotix_moveit_interface_msgs/share/interbotix_moveit_interface_msgs/environment/ament_prefix_path.dsv
[74.110s] -- Symlinking: /home/wellyowo/locobot_sim/locobot_ws/install/interbotix_moveit_interface_msgs/share/interbotix_moveit_interface_msgs/environment/path.sh
[74.110s] -- Symlinking: /home/wellyowo/locobot_sim/locobot_ws/install/interbotix_moveit_interface_msgs/share/interbotix_moveit_interface_msgs/environment/path.dsv
[74.113s] -- Symlinking: /home/wellyowo/locobot_sim/locobot_ws/install/interbotix_moveit_interface_msgs/share/interbotix_moveit_interface_msgs/local_setup.bash
[74.114s] -- Symlinking: /home/wellyowo/locobot_sim/locobot_ws/install/interbotix_moveit_interface_msgs/share/interbotix_moveit_interface_msgs/local_setup.sh
[74.114s] -- Symlinking: /home/wellyowo/locobot_sim/locobot_ws/install/interbotix_moveit_interface_msgs/share/interbotix_moveit_interface_msgs/local_setup.zsh
[74.114s] -- Symlinking: /home/wellyowo/locobot_sim/locobot_ws/install/interbotix_moveit_interface_msgs/share/interbotix_moveit_interface_msgs/local_setup.dsv
[74.115s] -- Symlinking: /home/wellyowo/locobot_sim/locobot_ws/install/interbotix_moveit_interface_msgs/share/interbotix_moveit_interface_msgs/package.dsv
[74.115s] -- Symlinking: /home/wellyowo/locobot_sim/locobot_ws/install/interbotix_moveit_interface_msgs/share/ament_index/resource_index/packages/interbotix_moveit_interface_msgs
[74.117s] -- Symlinking: /home/wellyowo/locobot_sim/locobot_ws/install/interbotix_moveit_interface_msgs/share/interbotix_moveit_interface_msgs/cmake/rosidl_cmake-extras.cmake
[74.117s] -- Symlinking: /home/wellyowo/locobot_sim/locobot_ws/install/interbotix_moveit_interface_msgs/share/interbotix_moveit_interface_msgs/cmake/ament_cmake_export_dependencies-extras.cmake
[74.117s] -- Symlinking: /home/wellyowo/locobot_sim/locobot_ws/install/interbotix_moveit_interface_msgs/share/interbotix_moveit_interface_msgs/cmake/ament_cmake_export_include_directories-extras.cmake
[74.117s] -- Symlinking: /home/wellyowo/locobot_sim/locobot_ws/install/interbotix_moveit_interface_msgs/share/interbotix_moveit_interface_msgs/cmake/ament_cmake_export_libraries-extras.cmake
[74.117s] -- Symlinking: /home/wellyowo/locobot_sim/locobot_ws/install/interbotix_moveit_interface_msgs/share/interbotix_moveit_interface_msgs/cmake/ament_cmake_export_targets-extras.cmake
[74.117s] -- Symlinking: /home/wellyowo/locobot_sim/locobot_ws/install/interbotix_moveit_interface_msgs/share/interbotix_moveit_interface_msgs/cmake/rosidl_cmake_export_typesupport_targets-extras.cmake
[74.117s] -- Symlinking: /home/wellyowo/locobot_sim/locobot_ws/install/interbotix_moveit_interface_msgs/share/interbotix_moveit_interface_msgs/cmake/rosidl_cmake_export_typesupport_libraries-extras.cmake
[74.117s] -- Symlinking: /home/wellyowo/locobot_sim/locobot_ws/install/interbotix_moveit_interface_msgs/share/interbotix_moveit_interface_msgs/cmake/interbotix_moveit_interface_msgsConfig.cmake
[74.118s] -- Symlinking: /home/wellyowo/locobot_sim/locobot_ws/install/interbotix_moveit_interface_msgs/share/interbotix_moveit_interface_msgs/cmake/interbotix_moveit_interface_msgsConfig-version.cmake
[74.118s] -- Symlinking: /home/wellyowo/locobot_sim/locobot_ws/install/interbotix_moveit_interface_msgs/share/interbotix_moveit_interface_msgs/package.xml
[74.133s] -- Installing: /home/wellyowo/locobot_sim/locobot_ws/install/interbotix_moveit_interface_msgs/lib/libinterbotix_moveit_interface_msgs__rosidl_generator_c.so
[74.133s] -- Set runtime path of "/home/wellyowo/locobot_sim/locobot_ws/install/interbotix_moveit_interface_msgs/lib/libinterbotix_moveit_interface_msgs__rosidl_generator_c.so" to ""
[74.133s] -- Installing: /home/wellyowo/locobot_sim/locobot_ws/install/interbotix_moveit_interface_msgs/lib/libinterbotix_moveit_interface_msgs__rosidl_typesupport_fastrtps_c.so
[74.133s] -- Set runtime path of "/home/wellyowo/locobot_sim/locobot_ws/install/interbotix_moveit_interface_msgs/lib/libinterbotix_moveit_interface_msgs__rosidl_typesupport_fastrtps_c.so" to ""
[74.133s] -- Installing: /home/wellyowo/locobot_sim/locobot_ws/install/interbotix_moveit_interface_msgs/lib/libinterbotix_moveit_interface_msgs__rosidl_typesupport_introspection_c.so
[74.133s] -- Set runtime path of "/home/wellyowo/locobot_sim/locobot_ws/install/interbotix_moveit_interface_msgs/lib/libinterbotix_moveit_interface_msgs__rosidl_typesupport_introspection_c.so" to ""
[74.133s] -- Installing: /home/wellyowo/locobot_sim/locobot_ws/install/interbotix_moveit_interface_msgs/lib/libinterbotix_moveit_interface_msgs__rosidl_typesupport_c.so
[74.134s] -- Set runtime path of "/home/wellyowo/locobot_sim/locobot_ws/install/interbotix_moveit_interface_msgs/lib/libinterbotix_moveit_interface_msgs__rosidl_typesupport_c.so" to ""
[74.134s] -- Installing: /home/wellyowo/locobot_sim/locobot_ws/install/interbotix_moveit_interface_msgs/lib/libinterbotix_moveit_interface_msgs__rosidl_typesupport_fastrtps_cpp.so
[74.134s] -- Set runtime path of "/home/wellyowo/locobot_sim/locobot_ws/install/interbotix_moveit_interface_msgs/lib/libinterbotix_moveit_interface_msgs__rosidl_typesupport_fastrtps_cpp.so" to ""
[74.134s] -- Installing: /home/wellyowo/locobot_sim/locobot_ws/install/interbotix_moveit_interface_msgs/lib/libinterbotix_moveit_interface_msgs__rosidl_typesupport_introspection_cpp.so
[74.134s] -- Set runtime path of "/home/wellyowo/locobot_sim/locobot_ws/install/interbotix_moveit_interface_msgs/lib/libinterbotix_moveit_interface_msgs__rosidl_typesupport_introspection_cpp.so" to ""
[74.135s] -- Installing: /home/wellyowo/locobot_sim/locobot_ws/install/interbotix_moveit_interface_msgs/lib/libinterbotix_moveit_interface_msgs__rosidl_typesupport_cpp.so
[74.135s] -- Set runtime path of "/home/wellyowo/locobot_sim/locobot_ws/install/interbotix_moveit_interface_msgs/lib/libinterbotix_moveit_interface_msgs__rosidl_typesupport_cpp.so" to ""
[74.135s] Listing '/home/wellyowo/locobot_sim/locobot_ws/install/interbotix_moveit_interface_msgs/local/lib/python3.10/dist-packages/interbotix_moveit_interface_msgs'...
[74.135s] Compiling '/home/wellyowo/locobot_sim/locobot_ws/install/interbotix_moveit_interface_msgs/local/lib/python3.10/dist-packages/interbotix_moveit_interface_msgs/__init__.py'...
[74.135s] Listing '/home/wellyowo/locobot_sim/locobot_ws/install/interbotix_moveit_interface_msgs/local/lib/python3.10/dist-packages/interbotix_moveit_interface_msgs/srv'...
[74.135s] Compiling '/home/wellyowo/locobot_sim/locobot_ws/install/interbotix_moveit_interface_msgs/local/lib/python3.10/dist-packages/interbotix_moveit_interface_msgs/srv/__init__.py'...
[74.135s] Compiling '/home/wellyowo/locobot_sim/locobot_ws/install/interbotix_moveit_interface_msgs/local/lib/python3.10/dist-packages/interbotix_moveit_interface_msgs/srv/_move_it_plan.py'...
[74.135s] -- Installing: /home/wellyowo/locobot_sim/locobot_ws/install/interbotix_moveit_interface_msgs/lib/libinterbotix_moveit_interface_msgs__rosidl_generator_py.so
[74.136s] -- Set runtime path of "/home/wellyowo/locobot_sim/locobot_ws/install/interbotix_moveit_interface_msgs/lib/libinterbotix_moveit_interface_msgs__rosidl_generator_py.so" to ""
[74.136s] -- Installing: /home/wellyowo/locobot_sim/locobot_ws/install/interbotix_moveit_interface_msgs/share/interbotix_moveit_interface_msgs/cmake/export_interbotix_moveit_interface_msgs__rosidl_generator_cExport.cmake
[74.136s] -- Installing: /home/wellyowo/locobot_sim/locobot_ws/install/interbotix_moveit_interface_msgs/share/interbotix_moveit_interface_msgs/cmake/export_interbotix_moveit_interface_msgs__rosidl_generator_cExport-noconfig.cmake
[74.136s] -- Installing: /home/wellyowo/locobot_sim/locobot_ws/install/interbotix_moveit_interface_msgs/share/interbotix_moveit_interface_msgs/cmake/export_interbotix_moveit_interface_msgs__rosidl_typesupport_fastrtps_cExport.cmake
[74.136s] -- Installing: /home/wellyowo/locobot_sim/locobot_ws/install/interbotix_moveit_interface_msgs/share/interbotix_moveit_interface_msgs/cmake/export_interbotix_moveit_interface_msgs__rosidl_typesupport_fastrtps_cExport-noconfig.cmake
[74.137s] -- Installing: /home/wellyowo/locobot_sim/locobot_ws/install/interbotix_moveit_interface_msgs/share/interbotix_moveit_interface_msgs/cmake/interbotix_moveit_interface_msgs__rosidl_typesupport_introspection_cExport.cmake
[74.137s] -- Installing: /home/wellyowo/locobot_sim/locobot_ws/install/interbotix_moveit_interface_msgs/share/interbotix_moveit_interface_msgs/cmake/interbotix_moveit_interface_msgs__rosidl_typesupport_introspection_cExport-noconfig.cmake
[74.137s] -- Installing: /home/wellyowo/locobot_sim/locobot_ws/install/interbotix_moveit_interface_msgs/share/interbotix_moveit_interface_msgs/cmake/interbotix_moveit_interface_msgs__rosidl_typesupport_cExport.cmake
[74.146s] -- Installing: /home/wellyowo/locobot_sim/locobot_ws/install/interbotix_moveit_interface_msgs/share/interbotix_moveit_interface_msgs/cmake/interbotix_moveit_interface_msgs__rosidl_typesupport_cExport-noconfig.cmake
[74.146s] -- Installing: /home/wellyowo/locobot_sim/locobot_ws/install/interbotix_moveit_interface_msgs/share/interbotix_moveit_interface_msgs/cmake/export_interbotix_moveit_interface_msgs__rosidl_generator_cppExport.cmake
[74.146s] -- Installing: /home/wellyowo/locobot_sim/locobot_ws/install/interbotix_moveit_interface_msgs/share/interbotix_moveit_interface_msgs/cmake/export_interbotix_moveit_interface_msgs__rosidl_typesupport_fastrtps_cppExport.cmake
[74.146s] -- Installing: /home/wellyowo/locobot_sim/locobot_ws/install/interbotix_moveit_interface_msgs/share/interbotix_moveit_interface_msgs/cmake/export_interbotix_moveit_interface_msgs__rosidl_typesupport_fastrtps_cppExport-noconfig.cmake
[74.146s] -- Installing: /home/wellyowo/locobot_sim/locobot_ws/install/interbotix_moveit_interface_msgs/share/interbotix_moveit_interface_msgs/cmake/interbotix_moveit_interface_msgs__rosidl_typesupport_introspection_cppExport.cmake
[74.168s] -- Installing: /home/wellyowo/locobot_sim/locobot_ws/install/interbotix_moveit_interface_msgs/share/interbotix_moveit_interface_msgs/cmake/interbotix_moveit_interface_msgs__rosidl_typesupport_introspection_cppExport-noconfig.cmake
[74.168s] -- Installing: /home/wellyowo/locobot_sim/locobot_ws/install/interbotix_moveit_interface_msgs/share/interbotix_moveit_interface_msgs/cmake/interbotix_moveit_interface_msgs__rosidl_typesupport_cppExport.cmake
[74.168s] -- Installing: /home/wellyowo/locobot_sim/locobot_ws/install/interbotix_moveit_interface_msgs/share/interbotix_moveit_interface_msgs/cmake/interbotix_moveit_interface_msgs__rosidl_typesupport_cppExport-noconfig.cmake
[74.168s] -- Installing: /home/wellyowo/locobot_sim/locobot_ws/install/interbotix_moveit_interface_msgs/share/interbotix_moveit_interface_msgs/cmake/export_interbotix_moveit_interface_msgs__rosidl_generator_pyExport.cmake
[74.168s] -- Installing: /home/wellyowo/locobot_sim/locobot_ws/install/interbotix_moveit_interface_msgs/share/interbotix_moveit_interface_msgs/cmake/export_interbotix_moveit_interface_msgs__rosidl_generator_pyExport-noconfig.cmake
[74.232s] Invoked command in '/home/wellyowo/locobot_sim/locobot_ws/build/interbotix_moveit_interface_msgs' returned '0': CMAKE_PREFIX_PATH=/opt/ros/humble /usr/bin/cmake --install /home/wellyowo/locobot_sim/locobot_ws/build/interbotix_moveit_interface_msgs
