[0.165s] Invoking command in '/home/wellyowo/locobot_sim/locobot_ws/build/interbotix_moveit_interface_msgs': CMAKE_PREFIX_PATH=/opt/ros/humble /usr/bin/cmake /home/wellyowo/locobot_sim/locobot_ws/src/interbotix_ros_toolboxes/interbotix_common_toolbox/interbotix_moveit_interface_msgs -DBUILD_TESTING=OFF -DCMAKE_PREFIX_PATH= -DAMENT_CMAKE_SYMLINK_INSTALL=1 -DCMAKE_INSTALL_PREFIX=/home/wellyowo/locobot_sim/locobot_ws/install/interbotix_moveit_interface_msgs
[0.872s] -- The C compiler identification is GNU 11.4.0
[0.873s] -- The CXX compiler identification is GNU 11.4.0
[0.873s] -- Detecting C compiler ABI info
[0.873s] -- Detecting C compiler ABI info - done
[0.873s] -- Check for working C compiler: /usr/bin/cc - skipped
[0.873s] -- Detecting C compile features
[0.873s] -- Detecting C compile features - done
[0.874s] -- Detecting CXX compiler ABI info
[0.874s] -- Detecting CXX compiler ABI info - done
[0.874s] -- Check for working CXX compiler: /usr/bin/c++ - skipped
[0.874s] -- Detecting CXX compile features
[0.874s] -- Detecting CXX compile features - done
[0.874s] -- Found rosidl_default_generators: 1.2.0 (/opt/ros/humble/share/rosidl_default_generators/cmake)
[0.874s] -- Found ament_cmake_core: 1.3.11 (/opt/ros/humble/share/ament_cmake_core/cmake)
[0.874s] -- Found Python3: /usr/bin/python3 (found version "3.10.12") found components: Interpreter 
[0.953s] -- Override CMake install command with custom implementation using symlinks instead of copying resources
[0.961s] -- Using all available rosidl_typesupport_c: rosidl_typesupport_fastrtps_c;rosidl_typesupport_introspection_c
[0.972s] -- Found rosidl_adapter: 3.1.6 (/opt/ros/humble/share/rosidl_adapter/cmake)
[1.343s] -- Using all available rosidl_typesupport_cpp: rosidl_typesupport_fastrtps_cpp;rosidl_typesupport_introspection_cpp
[1.624s] -- Found std_msgs: 4.9.0 (/opt/ros/humble/share/std_msgs/cmake)
[1.686s] -- Found geometry_msgs: 4.9.0 (/opt/ros/humble/share/geometry_msgs/cmake)
[2.515s] -- Found ament_cmake_ros: 0.10.0 (/opt/ros/humble/share/ament_cmake_ros/cmake)
[3.263s] -- Using all available rosidl_typesupport_c: rosidl_typesupport_fastrtps_c;rosidl_typesupport_introspection_c
[4.145s] -- Using all available rosidl_typesupport_cpp: rosidl_typesupport_fastrtps_cpp;rosidl_typesupport_introspection_cpp
[4.201s] -- Found PythonInterp: /usr/bin/python3 (found suitable version "3.10.12", minimum required is "3.6") 
[4.210s] -- Found python_cmake_module: 0.10.0 (/opt/ros/humble/share/python_cmake_module/cmake)
[4.367s] -- Found PythonLibs: /usr/lib/x86_64-linux-gnu/libpython3.10.so (found suitable version "3.10.12", minimum required is "3.5") 
[4.367s] -- Using PYTHON_EXECUTABLE: /usr/bin/python3
[4.368s] -- Using PYTHON_INCLUDE_DIRS: /usr/include/python3.10
[4.371s] -- Using PYTHON_LIBRARIES: /usr/lib/x86_64-linux-gnu/libpython3.10.so
[4.413s] -- Found PythonExtra: .so  
[4.944s] -- Configuring done
[5.413s] -- Generating done
[5.558s] -- Build files have been written to: /home/wellyowo/locobot_sim/locobot_ws/build/interbotix_moveit_interface_msgs
[5.859s] Invoked command in '/home/wellyowo/locobot_sim/locobot_ws/build/interbotix_moveit_interface_msgs' returned '0': CMAKE_PREFIX_PATH=/opt/ros/humble /usr/bin/cmake /home/wellyowo/locobot_sim/locobot_ws/src/interbotix_ros_toolboxes/interbotix_common_toolbox/interbotix_moveit_interface_msgs -DBUILD_TESTING=OFF -DCMAKE_PREFIX_PATH= -DAMENT_CMAKE_SYMLINK_INSTALL=1 -DCMAKE_INSTALL_PREFIX=/home/wellyowo/locobot_sim/locobot_ws/install/interbotix_moveit_interface_msgs
[5.860s] Invoking command in '/home/wellyowo/locobot_sim/locobot_ws/build/interbotix_moveit_interface_msgs': CMAKE_PREFIX_PATH=/opt/ros/humble /usr/bin/cmake --build /home/wellyowo/locobot_sim/locobot_ws/build/interbotix_moveit_interface_msgs -- -j16 -l16
[7.858s] [  3%] [34m[1mGenerating C code for ROS interfaces[0m
[7.865s] [  6%] [34m[1mGenerating C++ code for ROS interfaces[0m
[7.866s] [  6%] Built target ament_cmake_python_symlink_interbotix_moveit_interface_msgs
[7.866s] running egg_info
[7.866s] creating interbotix_moveit_interface_msgs.egg-info
[7.866s] writing interbotix_moveit_interface_msgs.egg-info/PKG-INFO
[7.866s] writing dependency_links to interbotix_moveit_interface_msgs.egg-info/dependency_links.txt
[7.866s] writing top-level names to interbotix_moveit_interface_msgs.egg-info/top_level.txt
[7.866s] writing manifest file 'interbotix_moveit_interface_msgs.egg-info/SOURCES.txt'
[7.866s] reading manifest file 'interbotix_moveit_interface_msgs.egg-info/SOURCES.txt'
[7.866s] writing manifest file 'interbotix_moveit_interface_msgs.egg-info/SOURCES.txt'
[7.943s] [  6%] Built target ament_cmake_python_build_interbotix_moveit_interface_msgs_egg
[8.084s] [  6%] Built target interbotix_moveit_interface_msgs__cpp
[8.130s] [  9%] [34m[1mGenerating C++ type support dispatch for ROS interfaces[0m
[8.131s] [ 16%] [34m[1mGenerating C++ type support for eProsima Fast-RTPS[0m
[8.131s] [ 16%] [34m[1mGenerating C++ introspection for ROS interfaces[0m
[8.621s] [ 19%] [32mBuilding C object CMakeFiles/interbotix_moveit_interface_msgs__rosidl_generator_c.dir/rosidl_generator_c/interbotix_moveit_interface_msgs/srv/detail/move_it_plan__functions.c.o[0m
[9.087s] [ 22%] [32mBuilding CXX object CMakeFiles/interbotix_moveit_interface_msgs__rosidl_typesupport_fastrtps_cpp.dir/rosidl_typesupport_fastrtps_cpp/interbotix_moveit_interface_msgs/srv/detail/dds_fastrtps/move_it_plan__type_support.cpp.o[0m
[9.139s] [ 25%] [32m[1mLinking C shared library libinterbotix_moveit_interface_msgs__rosidl_generator_c.so[0m
[9.340s] [ 25%] Built target interbotix_moveit_interface_msgs__rosidl_generator_c
[9.378s] [ 29%] [34m[1mGenerating C type support for eProsima Fast-RTPS[0m
[9.394s] [ 32%] [34m[1mGenerating C type support dispatch for ROS interfaces[0m
[9.426s] [ 35%] [34m[1mGenerating C introspection for ROS interfaces[0m
[10.199s] [ 38%] [32mBuilding CXX object CMakeFiles/interbotix_moveit_interface_msgs__rosidl_typesupport_introspection_cpp.dir/rosidl_typesupport_introspection_cpp/interbotix_moveit_interface_msgs/srv/detail/move_it_plan__type_support.cpp.o[0m
[10.891s] [ 41%] [32mBuilding CXX object CMakeFiles/interbotix_moveit_interface_msgs__rosidl_typesupport_cpp.dir/rosidl_typesupport_cpp/interbotix_moveit_interface_msgs/srv/move_it_plan__type_support.cpp.o[0m
[11.203s] [ 45%] [32mBuilding CXX object CMakeFiles/interbotix_moveit_interface_msgs__rosidl_typesupport_fastrtps_c.dir/rosidl_typesupport_fastrtps_c/interbotix_moveit_interface_msgs/srv/detail/move_it_plan__type_support_c.cpp.o[0m
[11.403s] [ 48%] [32m[1mLinking CXX shared library libinterbotix_moveit_interface_msgs__rosidl_typesupport_fastrtps_cpp.so[0m
[11.936s] [ 51%] [32m[1mLinking CXX shared library libinterbotix_moveit_interface_msgs__rosidl_typesupport_cpp.so[0m
[12.052s] [ 54%] [32m[1mLinking CXX shared library libinterbotix_moveit_interface_msgs__rosidl_typesupport_fastrtps_c.so[0m
[12.053s] [ 58%] [32mBuilding CXX object CMakeFiles/interbotix_moveit_interface_msgs__rosidl_typesupport_c.dir/rosidl_typesupport_c/interbotix_moveit_interface_msgs/srv/move_it_plan__type_support.cpp.o[0m
[12.091s] [ 58%] Built target interbotix_moveit_interface_msgs__rosidl_typesupport_cpp
[12.154s] [ 61%] [32m[1mLinking CXX shared library libinterbotix_moveit_interface_msgs__rosidl_typesupport_c.so[0m
[12.299s] [ 64%] [32mBuilding C object CMakeFiles/interbotix_moveit_interface_msgs__rosidl_typesupport_introspection_c.dir/rosidl_typesupport_introspection_c/interbotix_moveit_interface_msgs/srv/detail/move_it_plan__type_support.c.o[0m
[12.342s] [ 64%] Built target interbotix_moveit_interface_msgs__rosidl_typesupport_c
[12.417s] [ 67%] [32m[1mLinking C shared library libinterbotix_moveit_interface_msgs__rosidl_typesupport_introspection_c.so[0m
[12.514s] [ 67%] Built target interbotix_moveit_interface_msgs__rosidl_typesupport_introspection_c
[12.699s] [ 67%] Built target interbotix_moveit_interface_msgs__rosidl_typesupport_fastrtps_cpp
[12.704s] [ 67%] Built target interbotix_moveit_interface_msgs__rosidl_typesupport_fastrtps_c
[14.156s] [ 70%] [32m[1mLinking CXX shared library libinterbotix_moveit_interface_msgs__rosidl_typesupport_introspection_cpp.so[0m
[14.373s] [ 70%] Built target interbotix_moveit_interface_msgs__rosidl_typesupport_introspection_cpp
[14.419s] [ 70%] Built target interbotix_moveit_interface_msgs
[14.484s] [ 74%] [34m[1mGenerating Python code for ROS interfaces[0m
[18.625s] [ 74%] Built target interbotix_moveit_interface_msgs__py
[18.716s] [ 77%] [32mBuilding C object CMakeFiles/interbotix_moveit_interface_msgs__rosidl_generator_py.dir/rosidl_generator_py/interbotix_moveit_interface_msgs/srv/_move_it_plan_s.c.o[0m
[19.199s] [ 80%] [32m[1mLinking C shared library rosidl_generator_py/interbotix_moveit_interface_msgs/libinterbotix_moveit_interface_msgs__rosidl_generator_py.so[0m
[19.409s] [ 80%] Built target interbotix_moveit_interface_msgs__rosidl_generator_py
[19.500s] [ 83%] [32mBuilding C object CMakeFiles/interbotix_moveit_interface_msgs__rosidl_typesupport_c__pyext.dir/rosidl_generator_py/interbotix_moveit_interface_msgs/_interbotix_moveit_interface_msgs_s.ep.rosidl_typesupport_c.c.o[0m
[19.507s] [ 87%] [32mBuilding C object CMakeFiles/interbotix_moveit_interface_msgs__rosidl_typesupport_introspection_c__pyext.dir/rosidl_generator_py/interbotix_moveit_interface_msgs/_interbotix_moveit_interface_msgs_s.ep.rosidl_typesupport_introspection_c.c.o[0m
[19.523s] [ 90%] [32mBuilding C object CMakeFiles/interbotix_moveit_interface_msgs__rosidl_typesupport_fastrtps_c__pyext.dir/rosidl_generator_py/interbotix_moveit_interface_msgs/_interbotix_moveit_interface_msgs_s.ep.rosidl_typesupport_fastrtps_c.c.o[0m
[19.862s] [ 93%] [32m[1mLinking C shared library rosidl_generator_py/interbotix_moveit_interface_msgs/interbotix_moveit_interface_msgs_s__rosidl_typesupport_c.cpython-310-x86_64-linux-gnu.so[0m
[19.869s] [ 96%] [32m[1mLinking C shared library rosidl_generator_py/interbotix_moveit_interface_msgs/interbotix_moveit_interface_msgs_s__rosidl_typesupport_introspection_c.cpython-310-x86_64-linux-gnu.so[0m
[20.035s] [ 96%] Built target interbotix_moveit_interface_msgs__rosidl_typesupport_c__pyext
[20.035s] [100%] [32m[1mLinking C shared library rosidl_generator_py/interbotix_moveit_interface_msgs/interbotix_moveit_interface_msgs_s__rosidl_typesupport_fastrtps_c.cpython-310-x86_64-linux-gnu.so[0m
[20.071s] [100%] Built target interbotix_moveit_interface_msgs__rosidl_typesupport_introspection_c__pyext
[20.172s] [100%] Built target interbotix_moveit_interface_msgs__rosidl_typesupport_fastrtps_c__pyext
[20.218s] Invoked command in '/home/wellyowo/locobot_sim/locobot_ws/build/interbotix_moveit_interface_msgs' returned '0': CMAKE_PREFIX_PATH=/opt/ros/humble /usr/bin/cmake --build /home/wellyowo/locobot_sim/locobot_ws/build/interbotix_moveit_interface_msgs -- -j16 -l16
[20.224s] Invoking command in '/home/wellyowo/locobot_sim/locobot_ws/build/interbotix_moveit_interface_msgs': CMAKE_PREFIX_PATH=/opt/ros/humble /usr/bin/cmake --install /home/wellyowo/locobot_sim/locobot_ws/build/interbotix_moveit_interface_msgs
[58.181s] -- Install configuration: ""
[58.185s] -- Execute custom install script
[58.186s] -- Symlinking: /home/wellyowo/locobot_sim/locobot_ws/install/interbotix_moveit_interface_msgs/share/ament_index/resource_index/rosidl_interfaces/interbotix_moveit_interface_msgs
[58.190s] -- Symlinking: /home/wellyowo/locobot_sim/locobot_ws/install/interbotix_moveit_interface_msgs/include/interbotix_moveit_interface_msgs/interbotix_moveit_interface_msgs/msg/rosidl_generator_c__visibility_control.h
[58.192s] -- Symlinking: /home/wellyowo/locobot_sim/locobot_ws/install/interbotix_moveit_interface_msgs/include/interbotix_moveit_interface_msgs/interbotix_moveit_interface_msgs/srv/detail/move_it_plan__functions.h
[58.192s] -- Symlinking: /home/wellyowo/locobot_sim/locobot_ws/install/interbotix_moveit_interface_msgs/include/interbotix_moveit_interface_msgs/interbotix_moveit_interface_msgs/srv/detail/move_it_plan__struct.h
[58.192s] -- Symlinking: /home/wellyowo/locobot_sim/locobot_ws/install/interbotix_moveit_interface_msgs/include/interbotix_moveit_interface_msgs/interbotix_moveit_interface_msgs/srv/detail/move_it_plan__type_support.h
[58.192s] -- Symlinking: /home/wellyowo/locobot_sim/locobot_ws/install/interbotix_moveit_interface_msgs/include/interbotix_moveit_interface_msgs/interbotix_moveit_interface_msgs/srv/move_it_plan.h
[58.192s] -- Symlinking: /home/wellyowo/locobot_sim/locobot_ws/install/interbotix_moveit_interface_msgs/share/interbotix_moveit_interface_msgs/environment/library_path.sh
[58.193s] -- Symlinking: /home/wellyowo/locobot_sim/locobot_ws/install/interbotix_moveit_interface_msgs/share/interbotix_moveit_interface_msgs/environment/library_path.dsv
[58.193s] -- Symlinking: /home/wellyowo/locobot_sim/locobot_ws/install/interbotix_moveit_interface_msgs/include/interbotix_moveit_interface_msgs/interbotix_moveit_interface_msgs/msg/rosidl_typesupport_fastrtps_c__visibility_control.h
[58.197s] -- Symlinking: /home/wellyowo/locobot_sim/locobot_ws/install/interbotix_moveit_interface_msgs/include/interbotix_moveit_interface_msgs/interbotix_moveit_interface_msgs/srv/detail/move_it_plan__rosidl_typesupport_fastrtps_c.h
[58.198s] -- Symlinking: /home/wellyowo/locobot_sim/locobot_ws/install/interbotix_moveit_interface_msgs/include/interbotix_moveit_interface_msgs/interbotix_moveit_interface_msgs/msg/rosidl_typesupport_introspection_c__visibility_control.h
[58.198s] -- Symlinking: /home/wellyowo/locobot_sim/locobot_ws/install/interbotix_moveit_interface_msgs/include/interbotix_moveit_interface_msgs/interbotix_moveit_interface_msgs/srv/detail/move_it_plan__rosidl_typesupport_introspection_c.h
[58.218s] -- Symlinking: /home/wellyowo/locobot_sim/locobot_ws/install/interbotix_moveit_interface_msgs/include/interbotix_moveit_interface_msgs/interbotix_moveit_interface_msgs/msg/rosidl_generator_cpp__visibility_control.hpp
[58.218s] -- Symlinking: /home/wellyowo/locobot_sim/locobot_ws/install/interbotix_moveit_interface_msgs/include/interbotix_moveit_interface_msgs/interbotix_moveit_interface_msgs/srv/detail/move_it_plan__builder.hpp
[58.218s] -- Symlinking: /home/wellyowo/locobot_sim/locobot_ws/install/interbotix_moveit_interface_msgs/include/interbotix_moveit_interface_msgs/interbotix_moveit_interface_msgs/srv/detail/move_it_plan__struct.hpp
[58.218s] -- Symlinking: /home/wellyowo/locobot_sim/locobot_ws/install/interbotix_moveit_interface_msgs/include/interbotix_moveit_interface_msgs/interbotix_moveit_interface_msgs/srv/detail/move_it_plan__traits.hpp
[58.218s] -- Symlinking: /home/wellyowo/locobot_sim/locobot_ws/install/interbotix_moveit_interface_msgs/include/interbotix_moveit_interface_msgs/interbotix_moveit_interface_msgs/srv/detail/move_it_plan__type_support.hpp
[58.218s] -- Symlinking: /home/wellyowo/locobot_sim/locobot_ws/install/interbotix_moveit_interface_msgs/include/interbotix_moveit_interface_msgs/interbotix_moveit_interface_msgs/srv/move_it_plan.hpp
[58.218s] -- Symlinking: /home/wellyowo/locobot_sim/locobot_ws/install/interbotix_moveit_interface_msgs/include/interbotix_moveit_interface_msgs/interbotix_moveit_interface_msgs/msg/rosidl_typesupport_fastrtps_cpp__visibility_control.h
[58.219s] -- Symlinking: /home/wellyowo/locobot_sim/locobot_ws/install/interbotix_moveit_interface_msgs/include/interbotix_moveit_interface_msgs/interbotix_moveit_interface_msgs/srv/detail/move_it_plan__rosidl_typesupport_fastrtps_cpp.hpp
[58.219s] -- Symlinking: /home/wellyowo/locobot_sim/locobot_ws/install/interbotix_moveit_interface_msgs/include/interbotix_moveit_interface_msgs/interbotix_moveit_interface_msgs/srv/detail/move_it_plan__rosidl_typesupport_introspection_cpp.hpp
[58.219s] -- Symlinking: /home/wellyowo/locobot_sim/locobot_ws/install/interbotix_moveit_interface_msgs/share/interbotix_moveit_interface_msgs/environment/pythonpath.sh
[58.219s] -- Symlinking: /home/wellyowo/locobot_sim/locobot_ws/install/interbotix_moveit_interface_msgs/share/interbotix_moveit_interface_msgs/environment/pythonpath.dsv
[58.228s] -- Symlinking: /home/wellyowo/locobot_sim/locobot_ws/install/interbotix_moveit_interface_msgs/local/lib/python3.10/dist-packages/interbotix_moveit_interface_msgs-0.0.0-py3.10.egg-info/PKG-INFO
[58.230s] -- Symlinking: /home/wellyowo/locobot_sim/locobot_ws/install/interbotix_moveit_interface_msgs/local/lib/python3.10/dist-packages/interbotix_moveit_interface_msgs-0.0.0-py3.10.egg-info/SOURCES.txt
[58.231s] -- Symlinking: /home/wellyowo/locobot_sim/locobot_ws/install/interbotix_moveit_interface_msgs/local/lib/python3.10/dist-packages/interbotix_moveit_interface_msgs-0.0.0-py3.10.egg-info/dependency_links.txt
[58.231s] -- Symlinking: /home/wellyowo/locobot_sim/locobot_ws/install/interbotix_moveit_interface_msgs/local/lib/python3.10/dist-packages/interbotix_moveit_interface_msgs-0.0.0-py3.10.egg-info/top_level.txt
[58.232s] -- Symlinking: /home/wellyowo/locobot_sim/locobot_ws/install/interbotix_moveit_interface_msgs/local/lib/python3.10/dist-packages/interbotix_moveit_interface_msgs/__init__.py
[58.232s] -- Symlinking: /home/wellyowo/locobot_sim/locobot_ws/install/interbotix_moveit_interface_msgs/local/lib/python3.10/dist-packages/interbotix_moveit_interface_msgs/_interbotix_moveit_interface_msgs_s.ep.rosidl_typesupport_c.c
[58.232s] -- Symlinking: /home/wellyowo/locobot_sim/locobot_ws/install/interbotix_moveit_interface_msgs/local/lib/python3.10/dist-packages/interbotix_moveit_interface_msgs/_interbotix_moveit_interface_msgs_s.ep.rosidl_typesupport_fastrtps_c.c
[58.232s] -- Symlinking: /home/wellyowo/locobot_sim/locobot_ws/install/interbotix_moveit_interface_msgs/local/lib/python3.10/dist-packages/interbotix_moveit_interface_msgs/_interbotix_moveit_interface_msgs_s.ep.rosidl_typesupport_introspection_c.c
[58.232s] -- Symlinking: /home/wellyowo/locobot_sim/locobot_ws/install/interbotix_moveit_interface_msgs/local/lib/python3.10/dist-packages/interbotix_moveit_interface_msgs/interbotix_moveit_interface_msgs_s__rosidl_typesupport_c.cpython-310-x86_64-linux-gnu.so
[58.232s] -- Symlinking: /home/wellyowo/locobot_sim/locobot_ws/install/interbotix_moveit_interface_msgs/local/lib/python3.10/dist-packages/interbotix_moveit_interface_msgs/interbotix_moveit_interface_msgs_s__rosidl_typesupport_fastrtps_c.cpython-310-x86_64-linux-gnu.so
[58.232s] -- Symlinking: /home/wellyowo/locobot_sim/locobot_ws/install/interbotix_moveit_interface_msgs/local/lib/python3.10/dist-packages/interbotix_moveit_interface_msgs/interbotix_moveit_interface_msgs_s__rosidl_typesupport_introspection_c.cpython-310-x86_64-linux-gnu.so
[58.232s] -- Symlinking: /home/wellyowo/locobot_sim/locobot_ws/install/interbotix_moveit_interface_msgs/local/lib/python3.10/dist-packages/interbotix_moveit_interface_msgs/libinterbotix_moveit_interface_msgs__rosidl_generator_py.so
[58.232s] -- Symlinking: /home/wellyowo/locobot_sim/locobot_ws/install/interbotix_moveit_interface_msgs/local/lib/python3.10/dist-packages/interbotix_moveit_interface_msgs/srv/__init__.py
[58.236s] -- Symlinking: /home/wellyowo/locobot_sim/locobot_ws/install/interbotix_moveit_interface_msgs/local/lib/python3.10/dist-packages/interbotix_moveit_interface_msgs/srv/_move_it_plan.py
[58.237s] -- Symlinking: /home/wellyowo/locobot_sim/locobot_ws/install/interbotix_moveit_interface_msgs/local/lib/python3.10/dist-packages/interbotix_moveit_interface_msgs/srv/_move_it_plan_s.c
[58.237s] -- Up-to-date symlink: /home/wellyowo/locobot_sim/locobot_ws/install/interbotix_moveit_interface_msgs/local/lib/python3.10/dist-packages/interbotix_moveit_interface_msgs/interbotix_moveit_interface_msgs_s__rosidl_typesupport_fastrtps_c.cpython-310-x86_64-linux-gnu.so
[58.237s] -- Up-to-date symlink: /home/wellyowo/locobot_sim/locobot_ws/install/interbotix_moveit_interface_msgs/local/lib/python3.10/dist-packages/interbotix_moveit_interface_msgs/interbotix_moveit_interface_msgs_s__rosidl_typesupport_introspection_c.cpython-310-x86_64-linux-gnu.so
[58.237s] -- Up-to-date symlink: /home/wellyowo/locobot_sim/locobot_ws/install/interbotix_moveit_interface_msgs/local/lib/python3.10/dist-packages/interbotix_moveit_interface_msgs/interbotix_moveit_interface_msgs_s__rosidl_typesupport_c.cpython-310-x86_64-linux-gnu.so
[58.237s] -- Symlinking: /home/wellyowo/locobot_sim/locobot_ws/install/interbotix_moveit_interface_msgs/share/interbotix_moveit_interface_msgs/srv/MoveItPlan.idl
[58.237s] -- Symlinking: /home/wellyowo/locobot_sim/locobot_ws/install/interbotix_moveit_interface_msgs/share/interbotix_moveit_interface_msgs/srv/MoveItPlan.srv
[58.237s] -- Symlinking: /home/wellyowo/locobot_sim/locobot_ws/install/interbotix_moveit_interface_msgs/share/interbotix_moveit_interface_msgs/srv/MoveItPlan_Request.msg
[58.237s] -- Symlinking: /home/wellyowo/locobot_sim/locobot_ws/install/interbotix_moveit_interface_msgs/share/interbotix_moveit_interface_msgs/srv/MoveItPlan_Response.msg
[58.237s] -- Symlinking: /home/wellyowo/locobot_sim/locobot_ws/install/interbotix_moveit_interface_msgs/share/ament_index/resource_index/package_run_dependencies/interbotix_moveit_interface_msgs
[58.237s] -- Symlinking: /home/wellyowo/locobot_sim/locobot_ws/install/interbotix_moveit_interface_msgs/share/ament_index/resource_index/parent_prefix_path/interbotix_moveit_interface_msgs
[58.237s] -- Symlinking: /home/wellyowo/locobot_sim/locobot_ws/install/interbotix_moveit_interface_msgs/share/interbotix_moveit_interface_msgs/environment/ament_prefix_path.sh
[58.237s] -- Symlinking: /home/wellyowo/locobot_sim/locobot_ws/install/interbotix_moveit_interface_msgs/share/interbotix_moveit_interface_msgs/environment/ament_prefix_path.dsv
[58.237s] -- Symlinking: /home/wellyowo/locobot_sim/locobot_ws/install/interbotix_moveit_interface_msgs/share/interbotix_moveit_interface_msgs/environment/path.sh
[58.238s] -- Symlinking: /home/wellyowo/locobot_sim/locobot_ws/install/interbotix_moveit_interface_msgs/share/interbotix_moveit_interface_msgs/environment/path.dsv
[58.238s] -- Symlinking: /home/wellyowo/locobot_sim/locobot_ws/install/interbotix_moveit_interface_msgs/share/interbotix_moveit_interface_msgs/local_setup.bash
[58.238s] -- Symlinking: /home/wellyowo/locobot_sim/locobot_ws/install/interbotix_moveit_interface_msgs/share/interbotix_moveit_interface_msgs/local_setup.sh
[58.238s] -- Symlinking: /home/wellyowo/locobot_sim/locobot_ws/install/interbotix_moveit_interface_msgs/share/interbotix_moveit_interface_msgs/local_setup.zsh
[58.238s] -- Symlinking: /home/wellyowo/locobot_sim/locobot_ws/install/interbotix_moveit_interface_msgs/share/interbotix_moveit_interface_msgs/local_setup.dsv
[58.238s] -- Symlinking: /home/wellyowo/locobot_sim/locobot_ws/install/interbotix_moveit_interface_msgs/share/interbotix_moveit_interface_msgs/package.dsv
[58.238s] -- Symlinking: /home/wellyowo/locobot_sim/locobot_ws/install/interbotix_moveit_interface_msgs/share/ament_index/resource_index/packages/interbotix_moveit_interface_msgs
[58.238s] -- Symlinking: /home/wellyowo/locobot_sim/locobot_ws/install/interbotix_moveit_interface_msgs/share/interbotix_moveit_interface_msgs/cmake/rosidl_cmake-extras.cmake
[58.242s] -- Symlinking: /home/wellyowo/locobot_sim/locobot_ws/install/interbotix_moveit_interface_msgs/share/interbotix_moveit_interface_msgs/cmake/ament_cmake_export_dependencies-extras.cmake
[58.243s] -- Symlinking: /home/wellyowo/locobot_sim/locobot_ws/install/interbotix_moveit_interface_msgs/share/interbotix_moveit_interface_msgs/cmake/ament_cmake_export_include_directories-extras.cmake
[58.243s] -- Symlinking: /home/wellyowo/locobot_sim/locobot_ws/install/interbotix_moveit_interface_msgs/share/interbotix_moveit_interface_msgs/cmake/ament_cmake_export_libraries-extras.cmake
[58.243s] -- Symlinking: /home/wellyowo/locobot_sim/locobot_ws/install/interbotix_moveit_interface_msgs/share/interbotix_moveit_interface_msgs/cmake/ament_cmake_export_targets-extras.cmake
[58.243s] -- Symlinking: /home/wellyowo/locobot_sim/locobot_ws/install/interbotix_moveit_interface_msgs/share/interbotix_moveit_interface_msgs/cmake/rosidl_cmake_export_typesupport_targets-extras.cmake
[58.243s] -- Symlinking: /home/wellyowo/locobot_sim/locobot_ws/install/interbotix_moveit_interface_msgs/share/interbotix_moveit_interface_msgs/cmake/rosidl_cmake_export_typesupport_libraries-extras.cmake
[58.243s] -- Symlinking: /home/wellyowo/locobot_sim/locobot_ws/install/interbotix_moveit_interface_msgs/share/interbotix_moveit_interface_msgs/cmake/interbotix_moveit_interface_msgsConfig.cmake
[58.243s] -- Symlinking: /home/wellyowo/locobot_sim/locobot_ws/install/interbotix_moveit_interface_msgs/share/interbotix_moveit_interface_msgs/cmake/interbotix_moveit_interface_msgsConfig-version.cmake
[58.244s] -- Symlinking: /home/wellyowo/locobot_sim/locobot_ws/install/interbotix_moveit_interface_msgs/share/interbotix_moveit_interface_msgs/package.xml
[58.244s] -- Installing: /home/wellyowo/locobot_sim/locobot_ws/install/interbotix_moveit_interface_msgs/lib/libinterbotix_moveit_interface_msgs__rosidl_generator_c.so
[58.244s] -- Set runtime path of "/home/wellyowo/locobot_sim/locobot_ws/install/interbotix_moveit_interface_msgs/lib/libinterbotix_moveit_interface_msgs__rosidl_generator_c.so" to ""
[58.244s] -- Installing: /home/wellyowo/locobot_sim/locobot_ws/install/interbotix_moveit_interface_msgs/lib/libinterbotix_moveit_interface_msgs__rosidl_typesupport_fastrtps_c.so
[58.244s] -- Set runtime path of "/home/wellyowo/locobot_sim/locobot_ws/install/interbotix_moveit_interface_msgs/lib/libinterbotix_moveit_interface_msgs__rosidl_typesupport_fastrtps_c.so" to ""
[58.244s] -- Installing: /home/wellyowo/locobot_sim/locobot_ws/install/interbotix_moveit_interface_msgs/lib/libinterbotix_moveit_interface_msgs__rosidl_typesupport_introspection_c.so
[58.244s] -- Set runtime path of "/home/wellyowo/locobot_sim/locobot_ws/install/interbotix_moveit_interface_msgs/lib/libinterbotix_moveit_interface_msgs__rosidl_typesupport_introspection_c.so" to ""
[58.244s] -- Installing: /home/wellyowo/locobot_sim/locobot_ws/install/interbotix_moveit_interface_msgs/lib/libinterbotix_moveit_interface_msgs__rosidl_typesupport_c.so
[58.244s] -- Set runtime path of "/home/wellyowo/locobot_sim/locobot_ws/install/interbotix_moveit_interface_msgs/lib/libinterbotix_moveit_interface_msgs__rosidl_typesupport_c.so" to ""
[58.244s] -- Installing: /home/wellyowo/locobot_sim/locobot_ws/install/interbotix_moveit_interface_msgs/lib/libinterbotix_moveit_interface_msgs__rosidl_typesupport_fastrtps_cpp.so
[58.244s] -- Set runtime path of "/home/wellyowo/locobot_sim/locobot_ws/install/interbotix_moveit_interface_msgs/lib/libinterbotix_moveit_interface_msgs__rosidl_typesupport_fastrtps_cpp.so" to ""
[58.244s] -- Installing: /home/wellyowo/locobot_sim/locobot_ws/install/interbotix_moveit_interface_msgs/lib/libinterbotix_moveit_interface_msgs__rosidl_typesupport_introspection_cpp.so
[58.244s] -- Set runtime path of "/home/wellyowo/locobot_sim/locobot_ws/install/interbotix_moveit_interface_msgs/lib/libinterbotix_moveit_interface_msgs__rosidl_typesupport_introspection_cpp.so" to ""
[58.244s] -- Installing: /home/wellyowo/locobot_sim/locobot_ws/install/interbotix_moveit_interface_msgs/lib/libinterbotix_moveit_interface_msgs__rosidl_typesupport_cpp.so
[58.244s] -- Set runtime path of "/home/wellyowo/locobot_sim/locobot_ws/install/interbotix_moveit_interface_msgs/lib/libinterbotix_moveit_interface_msgs__rosidl_typesupport_cpp.so" to ""
[58.244s] Listing '/home/wellyowo/locobot_sim/locobot_ws/install/interbotix_moveit_interface_msgs/local/lib/python3.10/dist-packages/interbotix_moveit_interface_msgs'...
[58.244s] Compiling '/home/wellyowo/locobot_sim/locobot_ws/install/interbotix_moveit_interface_msgs/local/lib/python3.10/dist-packages/interbotix_moveit_interface_msgs/__init__.py'...
[58.244s] Listing '/home/wellyowo/locobot_sim/locobot_ws/install/interbotix_moveit_interface_msgs/local/lib/python3.10/dist-packages/interbotix_moveit_interface_msgs/srv'...
[58.244s] Compiling '/home/wellyowo/locobot_sim/locobot_ws/install/interbotix_moveit_interface_msgs/local/lib/python3.10/dist-packages/interbotix_moveit_interface_msgs/srv/__init__.py'...
[58.245s] Compiling '/home/wellyowo/locobot_sim/locobot_ws/install/interbotix_moveit_interface_msgs/local/lib/python3.10/dist-packages/interbotix_moveit_interface_msgs/srv/_move_it_plan.py'...
[58.245s] -- Installing: /home/wellyowo/locobot_sim/locobot_ws/install/interbotix_moveit_interface_msgs/lib/libinterbotix_moveit_interface_msgs__rosidl_generator_py.so
[58.245s] -- Set runtime path of "/home/wellyowo/locobot_sim/locobot_ws/install/interbotix_moveit_interface_msgs/lib/libinterbotix_moveit_interface_msgs__rosidl_generator_py.so" to ""
[58.245s] -- Installing: /home/wellyowo/locobot_sim/locobot_ws/install/interbotix_moveit_interface_msgs/share/interbotix_moveit_interface_msgs/cmake/export_interbotix_moveit_interface_msgs__rosidl_generator_cExport.cmake
[58.245s] -- Installing: /home/wellyowo/locobot_sim/locobot_ws/install/interbotix_moveit_interface_msgs/share/interbotix_moveit_interface_msgs/cmake/export_interbotix_moveit_interface_msgs__rosidl_generator_cExport-noconfig.cmake
[58.245s] -- Installing: /home/wellyowo/locobot_sim/locobot_ws/install/interbotix_moveit_interface_msgs/share/interbotix_moveit_interface_msgs/cmake/export_interbotix_moveit_interface_msgs__rosidl_typesupport_fastrtps_cExport.cmake
[58.245s] -- Installing: /home/wellyowo/locobot_sim/locobot_ws/install/interbotix_moveit_interface_msgs/share/interbotix_moveit_interface_msgs/cmake/export_interbotix_moveit_interface_msgs__rosidl_typesupport_fastrtps_cExport-noconfig.cmake
[58.245s] -- Installing: /home/wellyowo/locobot_sim/locobot_ws/install/interbotix_moveit_interface_msgs/share/interbotix_moveit_interface_msgs/cmake/interbotix_moveit_interface_msgs__rosidl_typesupport_introspection_cExport.cmake
[58.258s] -- Installing: /home/wellyowo/locobot_sim/locobot_ws/install/interbotix_moveit_interface_msgs/share/interbotix_moveit_interface_msgs/cmake/interbotix_moveit_interface_msgs__rosidl_typesupport_introspection_cExport-noconfig.cmake
[58.258s] -- Installing: /home/wellyowo/locobot_sim/locobot_ws/install/interbotix_moveit_interface_msgs/share/interbotix_moveit_interface_msgs/cmake/interbotix_moveit_interface_msgs__rosidl_typesupport_cExport.cmake
[58.258s] -- Installing: /home/wellyowo/locobot_sim/locobot_ws/install/interbotix_moveit_interface_msgs/share/interbotix_moveit_interface_msgs/cmake/interbotix_moveit_interface_msgs__rosidl_typesupport_cExport-noconfig.cmake
[58.259s] -- Installing: /home/wellyowo/locobot_sim/locobot_ws/install/interbotix_moveit_interface_msgs/share/interbotix_moveit_interface_msgs/cmake/export_interbotix_moveit_interface_msgs__rosidl_generator_cppExport.cmake
[58.259s] -- Installing: /home/wellyowo/locobot_sim/locobot_ws/install/interbotix_moveit_interface_msgs/share/interbotix_moveit_interface_msgs/cmake/export_interbotix_moveit_interface_msgs__rosidl_typesupport_fastrtps_cppExport.cmake
[58.259s] -- Installing: /home/wellyowo/locobot_sim/locobot_ws/install/interbotix_moveit_interface_msgs/share/interbotix_moveit_interface_msgs/cmake/export_interbotix_moveit_interface_msgs__rosidl_typesupport_fastrtps_cppExport-noconfig.cmake
[58.259s] -- Installing: /home/wellyowo/locobot_sim/locobot_ws/install/interbotix_moveit_interface_msgs/share/interbotix_moveit_interface_msgs/cmake/interbotix_moveit_interface_msgs__rosidl_typesupport_introspection_cppExport.cmake
[58.259s] -- Installing: /home/wellyowo/locobot_sim/locobot_ws/install/interbotix_moveit_interface_msgs/share/interbotix_moveit_interface_msgs/cmake/interbotix_moveit_interface_msgs__rosidl_typesupport_introspection_cppExport-noconfig.cmake
[58.259s] -- Installing: /home/wellyowo/locobot_sim/locobot_ws/install/interbotix_moveit_interface_msgs/share/interbotix_moveit_interface_msgs/cmake/interbotix_moveit_interface_msgs__rosidl_typesupport_cppExport.cmake
[58.259s] -- Installing: /home/wellyowo/locobot_sim/locobot_ws/install/interbotix_moveit_interface_msgs/share/interbotix_moveit_interface_msgs/cmake/interbotix_moveit_interface_msgs__rosidl_typesupport_cppExport-noconfig.cmake
[58.259s] -- Installing: /home/wellyowo/locobot_sim/locobot_ws/install/interbotix_moveit_interface_msgs/share/interbotix_moveit_interface_msgs/cmake/export_interbotix_moveit_interface_msgs__rosidl_generator_pyExport.cmake
[58.259s] -- Installing: /home/wellyowo/locobot_sim/locobot_ws/install/interbotix_moveit_interface_msgs/share/interbotix_moveit_interface_msgs/cmake/export_interbotix_moveit_interface_msgs__rosidl_generator_pyExport-noconfig.cmake
[58.260s] Invoked command in '/home/wellyowo/locobot_sim/locobot_ws/build/interbotix_moveit_interface_msgs' returned '0': CMAKE_PREFIX_PATH=/opt/ros/humble /usr/bin/cmake --install /home/wellyowo/locobot_sim/locobot_ws/build/interbotix_moveit_interface_msgs
