[0.037s] Invoking command in '/home/wellyowo/locobot_sim/locobot_ws/src/build/ecl_mpl': CMAKE_PREFIX_PATH=/opt/ros/humble /usr/bin/cmake /home/wellyowo/locobot_sim/locobot_ws/src/ThirdParty/ecl/ecl_core/ecl_mpl -DCMAKE_INSTALL_PREFIX=/home/wellyowo/locobot_sim/locobot_ws/src/install/ecl_mpl
[0.230s] -- The C compiler identification is GNU 11.4.0
[0.231s] -- The CXX compiler identification is GNU 11.4.0
[0.231s] -- Detecting C compiler ABI info
[0.231s] -- Detecting C compiler ABI info - done
[0.231s] -- Check for working C compiler: /usr/bin/cc - skipped
[0.231s] -- Detecting C compile features
[0.231s] -- Detecting C compile features - done
[0.231s] -- Detecting CXX compiler ABI info
[0.232s] -- Detecting CXX compiler ABI info - done
[0.235s] -- Check for working CXX compiler: /usr/bin/c++ - skipped
[0.235s] -- Detecting CXX compile features
[0.235s] -- Detecting CXX compile features - done
[0.239s] -- Found ament_cmake_ros: 0.10.0 (/opt/ros/humble/share/ament_cmake_ros/cmake)
[0.450s] -- Found Python3: /usr/bin/python3 (found version "3.10.12") found components: Interpreter 
[0.698s] -- Found ecl_build: 1.0.3 (/opt/ros/humble/share/ecl_build/cmake)
[0.731s] -- Found ament_lint_auto: 0.12.12 (/opt/ros/humble/share/ament_lint_auto/cmake)
[1.022s] -- Found gtest sources under '/opt/ros/humble/src/gtest_vendor': C++ tests using 'Google Test' will be built
[1.031s] -- Looking for pthread.h
[1.273s] -- Looking for pthread.h - found
[1.274s] -- Performing Test CMAKE_HAVE_LIBC_PTHREAD
[1.558s] -- Performing Test CMAKE_HAVE_LIBC_PTHREAD - Success
[1.559s] -- Found Threads: TRUE  
[1.744s] -- Configuring done
[1.758s] -- Generating done
[1.765s] -- Build files have been written to: /home/wellyowo/locobot_sim/locobot_ws/src/build/ecl_mpl
[1.783s] Invoked command in '/home/wellyowo/locobot_sim/locobot_ws/src/build/ecl_mpl' returned '0': CMAKE_PREFIX_PATH=/opt/ros/humble /usr/bin/cmake /home/wellyowo/locobot_sim/locobot_ws/src/ThirdParty/ecl/ecl_core/ecl_mpl -DCMAKE_INSTALL_PREFIX=/home/wellyowo/locobot_sim/locobot_ws/src/install/ecl_mpl
[1.784s] Invoking command in '/home/wellyowo/locobot_sim/locobot_ws/src/build/ecl_mpl': CMAKE_PREFIX_PATH=/opt/ros/humble /usr/bin/cmake --build /home/wellyowo/locobot_sim/locobot_ws/src/build/ecl_mpl -- -j16 -l16
[4.459s] [ 16%] [32mBuilding CXX object gtest/CMakeFiles/gtest.dir/src/gtest-all.cc.o[0m
[4.459s] [ 33%] [32mBuilding CXX object gtest/CMakeFiles/gtest_main.dir/src/gtest_main.cc.o[0m
[4.459s] [ 50%] [32m[1mLinking CXX static library libgtest_main.a[0m
[4.459s] [ 50%] Built target gtest_main
[16.935s] [ 66%] [32m[1mLinking CXX static library libgtest.a[0m
[17.133s] [ 66%] Built target gtest
[17.193s] [ 83%] [32mBuilding CXX object src/test/CMakeFiles/test_enable_if.dir/enable_if.cpp.o[0m
[22.118s] [100%] [32m[1mLinking CXX executable test_enable_if[0m
[22.824s] [100%] Built target test_enable_if
[22.901s] Invoked command in '/home/wellyowo/locobot_sim/locobot_ws/src/build/ecl_mpl' returned '0': CMAKE_PREFIX_PATH=/opt/ros/humble /usr/bin/cmake --build /home/wellyowo/locobot_sim/locobot_ws/src/build/ecl_mpl -- -j16 -l16
[22.903s] Invoking command in '/home/wellyowo/locobot_sim/locobot_ws/src/build/ecl_mpl': CMAKE_PREFIX_PATH=/opt/ros/humble /usr/bin/cmake --install /home/wellyowo/locobot_sim/locobot_ws/src/build/ecl_mpl
[62.722s] -- Install configuration: ""
[62.722s] -- Installing: /home/wellyowo/locobot_sim/locobot_ws/src/install/ecl_mpl/share/ament_index/resource_index/package_run_dependencies/ecl_mpl
[62.723s] -- Installing: /home/wellyowo/locobot_sim/locobot_ws/src/install/ecl_mpl/share/ament_index/resource_index/parent_prefix_path/ecl_mpl
[62.723s] -- Installing: /home/wellyowo/locobot_sim/locobot_ws/src/install/ecl_mpl/share/ecl_mpl/environment/ament_prefix_path.sh
[62.723s] -- Installing: /home/wellyowo/locobot_sim/locobot_ws/src/install/ecl_mpl/share/ecl_mpl/environment/ament_prefix_path.dsv
[62.723s] -- Installing: /home/wellyowo/locobot_sim/locobot_ws/src/install/ecl_mpl/share/ecl_mpl/environment/path.sh
[62.723s] -- Installing: /home/wellyowo/locobot_sim/locobot_ws/src/install/ecl_mpl/share/ecl_mpl/environment/path.dsv
[62.723s] -- Installing: /home/wellyowo/locobot_sim/locobot_ws/src/install/ecl_mpl/share/ecl_mpl/local_setup.bash
[62.723s] -- Installing: /home/wellyowo/locobot_sim/locobot_ws/src/install/ecl_mpl/share/ecl_mpl/local_setup.sh
[62.728s] -- Installing: /home/wellyowo/locobot_sim/locobot_ws/src/install/ecl_mpl/share/ecl_mpl/local_setup.zsh
[62.729s] -- Installing: /home/wellyowo/locobot_sim/locobot_ws/src/install/ecl_mpl/share/ecl_mpl/local_setup.dsv
[62.729s] -- Installing: /home/wellyowo/locobot_sim/locobot_ws/src/install/ecl_mpl/share/ecl_mpl/package.dsv
[62.729s] -- Installing: /home/wellyowo/locobot_sim/locobot_ws/src/install/ecl_mpl/share/ament_index/resource_index/packages/ecl_mpl
[62.729s] -- Installing: /home/wellyowo/locobot_sim/locobot_ws/src/install/ecl_mpl/share/ecl_mpl/cmake/ecl_mplExport.cmake
[62.729s] -- Installing: /home/wellyowo/locobot_sim/locobot_ws/src/install/ecl_mpl/share/ecl_mpl/cmake/ament_cmake_export_targets-extras.cmake
[62.729s] -- Installing: /home/wellyowo/locobot_sim/locobot_ws/src/install/ecl_mpl/share/ecl_mpl/cmake/ament_cmake_export_include_directories-extras.cmake
[62.729s] -- Installing: /home/wellyowo/locobot_sim/locobot_ws/src/install/ecl_mpl/share/ecl_mpl/cmake/ecl_mplConfig.cmake
[62.729s] -- Installing: /home/wellyowo/locobot_sim/locobot_ws/src/install/ecl_mpl/share/ecl_mpl/cmake/ecl_mplConfig-version.cmake
[62.729s] -- Installing: /home/wellyowo/locobot_sim/locobot_ws/src/install/ecl_mpl/share/ecl_mpl/package.xml
[62.729s] -- Installing: /home/wellyowo/locobot_sim/locobot_ws/src/install/ecl_mpl/include/ecl/mpl.hpp
[62.729s] -- Installing: /home/wellyowo/locobot_sim/locobot_ws/src/install/ecl_mpl/include/ecl/mpl/bool.hpp
[62.729s] -- Installing: /home/wellyowo/locobot_sim/locobot_ws/src/install/ecl_mpl/include/ecl/mpl/converters.hpp
[62.729s] -- Installing: /home/wellyowo/locobot_sim/locobot_ws/src/install/ecl_mpl/include/ecl/mpl/enable_if.hpp
[62.730s] -- Installing: /home/wellyowo/locobot_sim/locobot_ws/src/install/ecl_mpl/include/ecl/mpl/failed_object.hpp
[62.730s] -- Installing: /home/wellyowo/locobot_sim/locobot_ws/src/install/ecl_mpl/include/ecl/mpl/if.hpp
[62.736s] Invoked command in '/home/wellyowo/locobot_sim/locobot_ws/src/build/ecl_mpl' returned '0': CMAKE_PREFIX_PATH=/opt/ros/humble /usr/bin/cmake --install /home/wellyowo/locobot_sim/locobot_ws/src/build/ecl_mpl
