[0.016s] Invoking command in '/home/wellyowo/locobot_sim/locobot_ws/build/interbotix_xslocobot_descriptions': AMENT_PREFIX_PATH=/home/wellyowo/locobot_sim/locobot_ws/install/interbotix_xs_rviz:/home/wellyowo/locobot_sim/locobot_ws/install/interbotix_xs_modules:/home/wellyowo/locobot_sim/locobot_ws/install/interbotix_xs_sdk:/home/wellyowo/locobot_sim/locobot_ws/install/interbotix_xs_driver:/home/wellyowo/locobot_sim/locobot_ws/install/interbotix_xs_msgs:/home/wellyowo/locobot_sim/locobot_ws/install/interbotix_common_sim:/home/wellyowo/locobot_sim/locobot_ws/install/interbotix_common_modules:/home/wellyowo/locobot_sim/locobot_ws/install/dynamixel_workbench_toolbox:${AMENT_PREFIX_PATH} CMAKE_PREFIX_PATH=/home/wellyowo/locobot_sim/locobot_ws/install/interbotix_xs_rviz:/home/wellyowo/locobot_sim/locobot_ws/install/interbotix_xs_sdk:/home/wellyowo/locobot_sim/locobot_ws/install/interbotix_xs_driver:/home/wellyowo/locobot_sim/locobot_ws/install/interbotix_xs_msgs:/home/wellyowo/locobot_sim/locobot_ws/install/interbotix_common_sim:/home/wellyowo/locobot_sim/locobot_ws/install/dynamixel_workbench_toolbox:/opt/ros/humble LD_LIBRARY_PATH=/home/wellyowo/locobot_sim/locobot_ws/install/interbotix_xs_rviz/lib:/home/wellyowo/locobot_sim/locobot_ws/install/interbotix_xs_driver/lib:/home/wellyowo/locobot_sim/locobot_ws/install/interbotix_xs_msgs/lib:/home/wellyowo/locobot_sim/locobot_ws/install/dynamixel_workbench_toolbox/lib:${LD_LIBRARY_PATH} PYTHONPATH=/home/wellyowo/locobot_sim/locobot_ws/build/interbotix_xs_modules:/home/wellyowo/locobot_sim/locobot_ws/install/interbotix_xs_modules/lib/python3.10/site-packages:/home/wellyowo/locobot_sim/locobot_ws/install/interbotix_xs_msgs/local/lib/python3.10/dist-packages:/home/wellyowo/locobot_sim/locobot_ws/build/interbotix_common_modules:/home/wellyowo/locobot_sim/locobot_ws/install/interbotix_common_modules/lib/python3.10/site-packages:${PYTHONPATH} /usr/bin/cmake /home/wellyowo/locobot_sim/locobot_ws/src/interbotix_ros_rovers/interbotix_ros_xslocobots/interbotix_xslocobot_descriptions -DBUILD_TESTING=OFF -DCMAKE_PREFIX_PATH= -DAMENT_CMAKE_SYMLINK_INSTALL=1 -DCMAKE_INSTALL_PREFIX=/home/wellyowo/locobot_sim/locobot_ws/install/interbotix_xslocobot_descriptions
[0.059s] -- The C compiler identification is GNU 11.4.0
[0.104s] -- The CXX compiler identification is GNU 11.4.0
[0.111s] -- Detecting C compiler ABI info
[0.163s] -- Detecting C compiler ABI info - done
[0.168s] -- Check for working C compiler: /usr/bin/cc - skipped
[0.168s] -- Detecting C compile features
[0.168s] -- Detecting C compile features - done
[0.171s] -- Detecting CXX compiler ABI info
[0.231s] -- Detecting CXX compiler ABI info - done
[0.237s] -- Check for working CXX compiler: /usr/bin/c++ - skipped
[0.237s] -- Detecting CXX compile features
[0.237s] -- Detecting CXX compile features - done
[0.240s] -- Found ament_cmake: 1.3.11 (/opt/ros/humble/share/ament_cmake/cmake)
[0.342s] -- Found Python3: /usr/bin/python3 (found version "3.10.12") found components: Interpreter 
[0.397s] -- Override CMake install command with custom implementation using symlinks instead of copying resources
[0.486s] -- Configuring done
[0.488s] -- Generating done
[0.489s] -- Build files have been written to: /home/wellyowo/locobot_sim/locobot_ws/build/interbotix_xslocobot_descriptions
[0.493s] Invoked command in '/home/wellyowo/locobot_sim/locobot_ws/build/interbotix_xslocobot_descriptions' returned '0': AMENT_PREFIX_PATH=/home/wellyowo/locobot_sim/locobot_ws/install/interbotix_xs_rviz:/home/wellyowo/locobot_sim/locobot_ws/install/interbotix_xs_modules:/home/wellyowo/locobot_sim/locobot_ws/install/interbotix_xs_sdk:/home/wellyowo/locobot_sim/locobot_ws/install/interbotix_xs_driver:/home/wellyowo/locobot_sim/locobot_ws/install/interbotix_xs_msgs:/home/wellyowo/locobot_sim/locobot_ws/install/interbotix_common_sim:/home/wellyowo/locobot_sim/locobot_ws/install/interbotix_common_modules:/home/wellyowo/locobot_sim/locobot_ws/install/dynamixel_workbench_toolbox:${AMENT_PREFIX_PATH} CMAKE_PREFIX_PATH=/home/wellyowo/locobot_sim/locobot_ws/install/interbotix_xs_rviz:/home/wellyowo/locobot_sim/locobot_ws/install/interbotix_xs_sdk:/home/wellyowo/locobot_sim/locobot_ws/install/interbotix_xs_driver:/home/wellyowo/locobot_sim/locobot_ws/install/interbotix_xs_msgs:/home/wellyowo/locobot_sim/locobot_ws/install/interbotix_common_sim:/home/wellyowo/locobot_sim/locobot_ws/install/dynamixel_workbench_toolbox:/opt/ros/humble LD_LIBRARY_PATH=/home/wellyowo/locobot_sim/locobot_ws/install/interbotix_xs_rviz/lib:/home/wellyowo/locobot_sim/locobot_ws/install/interbotix_xs_driver/lib:/home/wellyowo/locobot_sim/locobot_ws/install/interbotix_xs_msgs/lib:/home/wellyowo/locobot_sim/locobot_ws/install/dynamixel_workbench_toolbox/lib:${LD_LIBRARY_PATH} PYTHONPATH=/home/wellyowo/locobot_sim/locobot_ws/build/interbotix_xs_modules:/home/wellyowo/locobot_sim/locobot_ws/install/interbotix_xs_modules/lib/python3.10/site-packages:/home/wellyowo/locobot_sim/locobot_ws/install/interbotix_xs_msgs/local/lib/python3.10/dist-packages:/home/wellyowo/locobot_sim/locobot_ws/build/interbotix_common_modules:/home/wellyowo/locobot_sim/locobot_ws/install/interbotix_common_modules/lib/python3.10/site-packages:${PYTHONPATH} /usr/bin/cmake /home/wellyowo/locobot_sim/locobot_ws/src/interbotix_ros_rovers/interbotix_ros_xslocobots/interbotix_xslocobot_descriptions -DBUILD_TESTING=OFF -DCMAKE_PREFIX_PATH= -DAMENT_CMAKE_SYMLINK_INSTALL=1 -DCMAKE_INSTALL_PREFIX=/home/wellyowo/locobot_sim/locobot_ws/install/interbotix_xslocobot_descriptions
[0.493s] Invoking command in '/home/wellyowo/locobot_sim/locobot_ws/build/interbotix_xslocobot_descriptions': AMENT_PREFIX_PATH=/home/wellyowo/locobot_sim/locobot_ws/install/interbotix_xs_rviz:/home/wellyowo/locobot_sim/locobot_ws/install/interbotix_xs_modules:/home/wellyowo/locobot_sim/locobot_ws/install/interbotix_xs_sdk:/home/wellyowo/locobot_sim/locobot_ws/install/interbotix_xs_driver:/home/wellyowo/locobot_sim/locobot_ws/install/interbotix_xs_msgs:/home/wellyowo/locobot_sim/locobot_ws/install/interbotix_common_sim:/home/wellyowo/locobot_sim/locobot_ws/install/interbotix_common_modules:/home/wellyowo/locobot_sim/locobot_ws/install/dynamixel_workbench_toolbox:${AMENT_PREFIX_PATH} CMAKE_PREFIX_PATH=/home/wellyowo/locobot_sim/locobot_ws/install/interbotix_xs_rviz:/home/wellyowo/locobot_sim/locobot_ws/install/interbotix_xs_sdk:/home/wellyowo/locobot_sim/locobot_ws/install/interbotix_xs_driver:/home/wellyowo/locobot_sim/locobot_ws/install/interbotix_xs_msgs:/home/wellyowo/locobot_sim/locobot_ws/install/interbotix_common_sim:/home/wellyowo/locobot_sim/locobot_ws/install/dynamixel_workbench_toolbox:/opt/ros/humble LD_LIBRARY_PATH=/home/wellyowo/locobot_sim/locobot_ws/install/interbotix_xs_rviz/lib:/home/wellyowo/locobot_sim/locobot_ws/install/interbotix_xs_driver/lib:/home/wellyowo/locobot_sim/locobot_ws/install/interbotix_xs_msgs/lib:/home/wellyowo/locobot_sim/locobot_ws/install/dynamixel_workbench_toolbox/lib:${LD_LIBRARY_PATH} PYTHONPATH=/home/wellyowo/locobot_sim/locobot_ws/build/interbotix_xs_modules:/home/wellyowo/locobot_sim/locobot_ws/install/interbotix_xs_modules/lib/python3.10/site-packages:/home/wellyowo/locobot_sim/locobot_ws/install/interbotix_xs_msgs/local/lib/python3.10/dist-packages:/home/wellyowo/locobot_sim/locobot_ws/build/interbotix_common_modules:/home/wellyowo/locobot_sim/locobot_ws/install/interbotix_common_modules/lib/python3.10/site-packages:${PYTHONPATH} /usr/bin/cmake --build /home/wellyowo/locobot_sim/locobot_ws/build/interbotix_xslocobot_descriptions -- -j16 -l16
[0.522s] Invoked command in '/home/wellyowo/locobot_sim/locobot_ws/build/interbotix_xslocobot_descriptions' returned '0': AMENT_PREFIX_PATH=/home/wellyowo/locobot_sim/locobot_ws/install/interbotix_xs_rviz:/home/wellyowo/locobot_sim/locobot_ws/install/interbotix_xs_modules:/home/wellyowo/locobot_sim/locobot_ws/install/interbotix_xs_sdk:/home/wellyowo/locobot_sim/locobot_ws/install/interbotix_xs_driver:/home/wellyowo/locobot_sim/locobot_ws/install/interbotix_xs_msgs:/home/wellyowo/locobot_sim/locobot_ws/install/interbotix_common_sim:/home/wellyowo/locobot_sim/locobot_ws/install/interbotix_common_modules:/home/wellyowo/locobot_sim/locobot_ws/install/dynamixel_workbench_toolbox:${AMENT_PREFIX_PATH} CMAKE_PREFIX_PATH=/home/wellyowo/locobot_sim/locobot_ws/install/interbotix_xs_rviz:/home/wellyowo/locobot_sim/locobot_ws/install/interbotix_xs_sdk:/home/wellyowo/locobot_sim/locobot_ws/install/interbotix_xs_driver:/home/wellyowo/locobot_sim/locobot_ws/install/interbotix_xs_msgs:/home/wellyowo/locobot_sim/locobot_ws/install/interbotix_common_sim:/home/wellyowo/locobot_sim/locobot_ws/install/dynamixel_workbench_toolbox:/opt/ros/humble LD_LIBRARY_PATH=/home/wellyowo/locobot_sim/locobot_ws/install/interbotix_xs_rviz/lib:/home/wellyowo/locobot_sim/locobot_ws/install/interbotix_xs_driver/lib:/home/wellyowo/locobot_sim/locobot_ws/install/interbotix_xs_msgs/lib:/home/wellyowo/locobot_sim/locobot_ws/install/dynamixel_workbench_toolbox/lib:${LD_LIBRARY_PATH} PYTHONPATH=/home/wellyowo/locobot_sim/locobot_ws/build/interbotix_xs_modules:/home/wellyowo/locobot_sim/locobot_ws/install/interbotix_xs_modules/lib/python3.10/site-packages:/home/wellyowo/locobot_sim/locobot_ws/install/interbotix_xs_msgs/local/lib/python3.10/dist-packages:/home/wellyowo/locobot_sim/locobot_ws/build/interbotix_common_modules:/home/wellyowo/locobot_sim/locobot_ws/install/interbotix_common_modules/lib/python3.10/site-packages:${PYTHONPATH} /usr/bin/cmake --build /home/wellyowo/locobot_sim/locobot_ws/build/interbotix_xslocobot_descriptions -- -j16 -l16
[0.524s] Invoking command in '/home/wellyowo/locobot_sim/locobot_ws/build/interbotix_xslocobot_descriptions': AMENT_PREFIX_PATH=/home/wellyowo/locobot_sim/locobot_ws/install/interbotix_xs_rviz:/home/wellyowo/locobot_sim/locobot_ws/install/interbotix_xs_modules:/home/wellyowo/locobot_sim/locobot_ws/install/interbotix_xs_sdk:/home/wellyowo/locobot_sim/locobot_ws/install/interbotix_xs_driver:/home/wellyowo/locobot_sim/locobot_ws/install/interbotix_xs_msgs:/home/wellyowo/locobot_sim/locobot_ws/install/interbotix_common_sim:/home/wellyowo/locobot_sim/locobot_ws/install/interbotix_common_modules:/home/wellyowo/locobot_sim/locobot_ws/install/dynamixel_workbench_toolbox:${AMENT_PREFIX_PATH} CMAKE_PREFIX_PATH=/home/wellyowo/locobot_sim/locobot_ws/install/interbotix_xs_rviz:/home/wellyowo/locobot_sim/locobot_ws/install/interbotix_xs_sdk:/home/wellyowo/locobot_sim/locobot_ws/install/interbotix_xs_driver:/home/wellyowo/locobot_sim/locobot_ws/install/interbotix_xs_msgs:/home/wellyowo/locobot_sim/locobot_ws/install/interbotix_common_sim:/home/wellyowo/locobot_sim/locobot_ws/install/dynamixel_workbench_toolbox:/opt/ros/humble LD_LIBRARY_PATH=/home/wellyowo/locobot_sim/locobot_ws/install/interbotix_xs_rviz/lib:/home/wellyowo/locobot_sim/locobot_ws/install/interbotix_xs_driver/lib:/home/wellyowo/locobot_sim/locobot_ws/install/interbotix_xs_msgs/lib:/home/wellyowo/locobot_sim/locobot_ws/install/dynamixel_workbench_toolbox/lib:${LD_LIBRARY_PATH} PYTHONPATH=/home/wellyowo/locobot_sim/locobot_ws/build/interbotix_xs_modules:/home/wellyowo/locobot_sim/locobot_ws/install/interbotix_xs_modules/lib/python3.10/site-packages:/home/wellyowo/locobot_sim/locobot_ws/install/interbotix_xs_msgs/local/lib/python3.10/dist-packages:/home/wellyowo/locobot_sim/locobot_ws/build/interbotix_common_modules:/home/wellyowo/locobot_sim/locobot_ws/install/interbotix_common_modules/lib/python3.10/site-packages:${PYTHONPATH} /usr/bin/cmake --install /home/wellyowo/locobot_sim/locobot_ws/build/interbotix_xslocobot_descriptions
[0.530s] -- Install configuration: ""
[0.530s] -- Execute custom install script
[0.531s] -- Symlinking: /home/wellyowo/locobot_sim/locobot_ws/install/interbotix_xslocobot_descriptions/share/interbotix_xslocobot_descriptions//urdf/arm_cradle.urdf.xacro
[0.538s] -- Symlinking: /home/wellyowo/locobot_sim/locobot_ws/install/interbotix_xslocobot_descriptions/share/interbotix_xslocobot_descriptions//urdf/arms/ar_tag.urdf.xacro
[0.545s] -- Symlinking: /home/wellyowo/locobot_sim/locobot_ws/install/interbotix_xslocobot_descriptions/share/interbotix_xslocobot_descriptions//urdf/arms/arm_control.urdf.xacro
[0.552s] -- Symlinking: /home/wellyowo/locobot_sim/locobot_ws/install/interbotix_xslocobot_descriptions/share/interbotix_xslocobot_descriptions//urdf/arms/mobile_arm.urdf.xacro
[0.558s] -- Symlinking: /home/wellyowo/locobot_sim/locobot_ws/install/interbotix_xslocobot_descriptions/share/interbotix_xslocobot_descriptions//urdf/arms/mobile_px100.urdf.xacro
[0.564s] -- Symlinking: /home/wellyowo/locobot_sim/locobot_ws/install/interbotix_xslocobot_descriptions/share/interbotix_xslocobot_descriptions//urdf/arms/mobile_wx200.urdf.xacro
[0.570s] -- Symlinking: /home/wellyowo/locobot_sim/locobot_ws/install/interbotix_xslocobot_descriptions/share/interbotix_xslocobot_descriptions//urdf/arms/mobile_wx250s.urdf.xacro
[0.576s] -- Symlinking: /home/wellyowo/locobot_sim/locobot_ws/install/interbotix_xslocobot_descriptions/share/interbotix_xslocobot_descriptions//urdf/battery.urdf.xacro
[0.583s] -- Symlinking: /home/wellyowo/locobot_sim/locobot_ws/install/interbotix_xslocobot_descriptions/share/interbotix_xslocobot_descriptions//urdf/camera_tower.urdf.xacro
[0.590s] -- Symlinking: /home/wellyowo/locobot_sim/locobot_ws/install/interbotix_xslocobot_descriptions/share/interbotix_xslocobot_descriptions//urdf/create3_version/README.md
[0.597s] -- Symlinking: /home/wellyowo/locobot_sim/locobot_ws/install/interbotix_xslocobot_descriptions/share/interbotix_xslocobot_descriptions//urdf/create3_version/bump_caster.urdf.xacro
[0.605s] -- Symlinking: /home/wellyowo/locobot_sim/locobot_ws/install/interbotix_xslocobot_descriptions/share/interbotix_xslocobot_descriptions//urdf/create3_version/bumper.urdf.xacro
[0.613s] -- Symlinking: /home/wellyowo/locobot_sim/locobot_ws/install/interbotix_xslocobot_descriptions/share/interbotix_xslocobot_descriptions//urdf/create3_version/button.urdf.xacro
[0.623s] -- Symlinking: /home/wellyowo/locobot_sim/locobot_ws/install/interbotix_xslocobot_descriptions/share/interbotix_xslocobot_descriptions//urdf/create3_version/caster.urdf.xacro
[0.632s] -- Symlinking: /home/wellyowo/locobot_sim/locobot_ws/install/interbotix_xslocobot_descriptions/share/interbotix_xslocobot_descriptions//urdf/create3_version/common_properties.urdf.xacro
[0.640s] -- Symlinking: /home/wellyowo/locobot_sim/locobot_ws/install/interbotix_xslocobot_descriptions/share/interbotix_xslocobot_descriptions//urdf/create3_version/dock/ir_emitter.urdf.xacro
[0.647s] -- Symlinking: /home/wellyowo/locobot_sim/locobot_ws/install/interbotix_xslocobot_descriptions/share/interbotix_xslocobot_descriptions//urdf/create3_version/dock/standard_dock.urdf.xacro
[0.655s] -- Symlinking: /home/wellyowo/locobot_sim/locobot_ws/install/interbotix_xslocobot_descriptions/share/interbotix_xslocobot_descriptions//urdf/create3_version/locobot_create3.urdf.xacro
[0.663s] -- Symlinking: /home/wellyowo/locobot_sim/locobot_ws/install/interbotix_xslocobot_descriptions/share/interbotix_xslocobot_descriptions//urdf/create3_version/sensors/cliff_sensor.urdf.xacro
[0.671s] -- Symlinking: /home/wellyowo/locobot_sim/locobot_ws/install/interbotix_xslocobot_descriptions/share/interbotix_xslocobot_descriptions//urdf/create3_version/sensors/imu.urdf.xacro
[0.678s] -- Symlinking: /home/wellyowo/locobot_sim/locobot_ws/install/interbotix_xslocobot_descriptions/share/interbotix_xslocobot_descriptions//urdf/create3_version/sensors/ir_intensity.urdf.xacro
[0.685s] -- Symlinking: /home/wellyowo/locobot_sim/locobot_ws/install/interbotix_xslocobot_descriptions/share/interbotix_xslocobot_descriptions//urdf/create3_version/sensors/ir_opcode_receivers.urdf.xacro
[0.692s] -- Symlinking: /home/wellyowo/locobot_sim/locobot_ws/install/interbotix_xslocobot_descriptions/share/interbotix_xslocobot_descriptions//urdf/create3_version/sensors/optical_mouse.urdf.xacro
[0.699s] -- Symlinking: /home/wellyowo/locobot_sim/locobot_ws/install/interbotix_xslocobot_descriptions/share/interbotix_xslocobot_descriptions//urdf/create3_version/wheel.urdf.xacro
[0.706s] -- Symlinking: /home/wellyowo/locobot_sim/locobot_ws/install/interbotix_xslocobot_descriptions/share/interbotix_xslocobot_descriptions//urdf/create3_version/wheel_drop.urdf.xacro
[0.713s] -- Symlinking: /home/wellyowo/locobot_sim/locobot_ws/install/interbotix_xslocobot_descriptions/share/interbotix_xslocobot_descriptions//urdf/create3_version/wheel_with_wheeldrop.urdf.xacro
[0.721s] -- Symlinking: /home/wellyowo/locobot_sim/locobot_ws/install/interbotix_xslocobot_descriptions/share/interbotix_xslocobot_descriptions//urdf/kobuki_version/locobot_kobuki.urdf.xacro
[0.728s] -- Symlinking: /home/wellyowo/locobot_sim/locobot_ws/install/interbotix_xslocobot_descriptions/share/interbotix_xslocobot_descriptions//urdf/lidar.urdf.xacro
[0.734s] -- Symlinking: /home/wellyowo/locobot_sim/locobot_ws/install/interbotix_xslocobot_descriptions/share/interbotix_xslocobot_descriptions//urdf/locobot.urdf.xacro
[0.743s] -- Symlinking: /home/wellyowo/locobot_sim/locobot_ws/install/interbotix_xslocobot_descriptions/share/interbotix_xslocobot_descriptions//urdf/pan_and_tilt.urdf.xacro
[0.750s] -- Symlinking: /home/wellyowo/locobot_sim/locobot_ws/install/interbotix_xslocobot_descriptions/share/interbotix_xslocobot_descriptions//urdf/plate.urdf.xacro
[0.758s] -- Symlinking: /home/wellyowo/locobot_sim/locobot_ws/install/interbotix_xslocobot_descriptions/share/interbotix_xslocobot_descriptions//launch/remote_view.launch.py
[0.765s] -- Symlinking: /home/wellyowo/locobot_sim/locobot_ws/install/interbotix_xslocobot_descriptions/share/interbotix_xslocobot_descriptions//launch/xslocobot_description.launch.py
[0.773s] -- Symlinking: /home/wellyowo/locobot_sim/locobot_ws/install/interbotix_xslocobot_descriptions/share/interbotix_xslocobot_descriptions//meshes/ar_tag.stl
[0.780s] -- Symlinking: /home/wellyowo/locobot_sim/locobot_ws/install/interbotix_xslocobot_descriptions/share/interbotix_xslocobot_descriptions//meshes/interbotix_black.png
[0.788s] -- Symlinking: /home/wellyowo/locobot_sim/locobot_ws/install/interbotix_xslocobot_descriptions/share/interbotix_xslocobot_descriptions//meshes/locobot_meshes/create3_version/body_visual.dae
[0.795s] -- Symlinking: /home/wellyowo/locobot_sim/locobot_ws/install/interbotix_xslocobot_descriptions/share/interbotix_xslocobot_descriptions//meshes/locobot_meshes/create3_version/bump_caster.stl
[0.801s] -- Symlinking: /home/wellyowo/locobot_sim/locobot_ws/install/interbotix_xslocobot_descriptions/share/interbotix_xslocobot_descriptions//meshes/locobot_meshes/create3_version/bumper_collision.dae
[0.808s] -- Symlinking: /home/wellyowo/locobot_sim/locobot_ws/install/interbotix_xslocobot_descriptions/share/interbotix_xslocobot_descriptions//meshes/locobot_meshes/create3_version/bumper_visual.dae
[0.815s] -- Symlinking: /home/wellyowo/locobot_sim/locobot_ws/install/interbotix_xslocobot_descriptions/share/interbotix_xslocobot_descriptions//meshes/locobot_meshes/create3_version/dock/visual.dae
[0.822s] -- Symlinking: /home/wellyowo/locobot_sim/locobot_ws/install/interbotix_xslocobot_descriptions/share/interbotix_xslocobot_descriptions//meshes/locobot_meshes/create3_version/locobot_arm_stand.stl
[0.830s] -- Symlinking: /home/wellyowo/locobot_sim/locobot_ws/install/interbotix_xslocobot_descriptions/share/interbotix_xslocobot_descriptions//meshes/locobot_meshes/create3_version/locobot_base_plate.stl
[0.836s] -- Symlinking: /home/wellyowo/locobot_sim/locobot_ws/install/interbotix_xslocobot_descriptions/share/interbotix_xslocobot_descriptions//meshes/locobot_meshes/create3_version/locobot_camera_tower_large.stl
[0.843s] -- Symlinking: /home/wellyowo/locobot_sim/locobot_ws/install/interbotix_xslocobot_descriptions/share/interbotix_xslocobot_descriptions//meshes/locobot_meshes/create3_version/locobot_camera_tower_large_simple.stl
[0.849s] -- Symlinking: /home/wellyowo/locobot_sim/locobot_ws/install/interbotix_xslocobot_descriptions/share/interbotix_xslocobot_descriptions//meshes/locobot_meshes/create3_version/locobot_camera_tower_small.stl
[0.856s] -- Symlinking: /home/wellyowo/locobot_sim/locobot_ws/install/interbotix_xslocobot_descriptions/share/interbotix_xslocobot_descriptions//meshes/locobot_meshes/create3_version/locobot_camera_tower_small_simple.stl
[0.863s] -- Symlinking: /home/wellyowo/locobot_sim/locobot_ws/install/interbotix_xslocobot_descriptions/share/interbotix_xslocobot_descriptions//meshes/locobot_meshes/images/main_body.jpg
[0.869s] -- Symlinking: /home/wellyowo/locobot_sim/locobot_ws/install/interbotix_xslocobot_descriptions/share/interbotix_xslocobot_descriptions//meshes/locobot_meshes/images/wheel.jpg
[0.876s] -- Symlinking: /home/wellyowo/locobot_sim/locobot_ws/install/interbotix_xslocobot_descriptions/share/interbotix_xslocobot_descriptions//meshes/locobot_meshes/kobuki_version/images/main_body.jpg
[0.884s] -- Symlinking: /home/wellyowo/locobot_sim/locobot_ws/install/interbotix_xslocobot_descriptions/share/interbotix_xslocobot_descriptions//meshes/locobot_meshes/kobuki_version/images/wheel.jpg
[0.891s] -- Symlinking: /home/wellyowo/locobot_sim/locobot_ws/install/interbotix_xslocobot_descriptions/share/interbotix_xslocobot_descriptions//meshes/locobot_meshes/kobuki_version/kobuki.dae
[0.898s] -- Symlinking: /home/wellyowo/locobot_sim/locobot_ws/install/interbotix_xslocobot_descriptions/share/interbotix_xslocobot_descriptions//meshes/locobot_meshes/kobuki_version/kobuki_wheel.dae
[0.905s] -- Symlinking: /home/wellyowo/locobot_sim/locobot_ws/install/interbotix_xslocobot_descriptions/share/interbotix_xslocobot_descriptions//meshes/locobot_meshes/kobuki_version/locobot_base_plate.stl
[0.912s] -- Symlinking: /home/wellyowo/locobot_sim/locobot_ws/install/interbotix_xslocobot_descriptions/share/interbotix_xslocobot_descriptions//meshes/locobot_meshes/kobuki_version/locobot_camera_tower_large.stl
[0.920s] -- Symlinking: /home/wellyowo/locobot_sim/locobot_ws/install/interbotix_xslocobot_descriptions/share/interbotix_xslocobot_descriptions//meshes/locobot_meshes/kobuki_version/locobot_camera_tower_large_simple.stl
[0.927s] -- Symlinking: /home/wellyowo/locobot_sim/locobot_ws/install/interbotix_xslocobot_descriptions/share/interbotix_xslocobot_descriptions//meshes/locobot_meshes/kobuki_version/locobot_camera_tower_small.stl
[0.934s] -- Symlinking: /home/wellyowo/locobot_sim/locobot_ws/install/interbotix_xslocobot_descriptions/share/interbotix_xslocobot_descriptions//meshes/locobot_meshes/kobuki_version/locobot_camera_tower_small_simple.stl
[0.940s] -- Symlinking: /home/wellyowo/locobot_sim/locobot_ws/install/interbotix_xslocobot_descriptions/share/interbotix_xslocobot_descriptions//meshes/locobot_meshes/locobot_arm_cradle.stl
[0.947s] -- Symlinking: /home/wellyowo/locobot_sim/locobot_ws/install/interbotix_xslocobot_descriptions/share/interbotix_xslocobot_descriptions//meshes/locobot_meshes/locobot_base_plate.stl
[0.953s] -- Symlinking: /home/wellyowo/locobot_sim/locobot_ws/install/interbotix_xslocobot_descriptions/share/interbotix_xslocobot_descriptions//meshes/locobot_meshes/locobot_battery.stl
[0.960s] -- Symlinking: /home/wellyowo/locobot_sim/locobot_ws/install/interbotix_xslocobot_descriptions/share/interbotix_xslocobot_descriptions//meshes/locobot_meshes/locobot_camera.stl
[0.966s] -- Symlinking: /home/wellyowo/locobot_sim/locobot_ws/install/interbotix_xslocobot_descriptions/share/interbotix_xslocobot_descriptions//meshes/locobot_meshes/locobot_camera_tower_large.stl
[0.972s] -- Symlinking: /home/wellyowo/locobot_sim/locobot_ws/install/interbotix_xslocobot_descriptions/share/interbotix_xslocobot_descriptions//meshes/locobot_meshes/locobot_camera_tower_large_simple.stl
[0.978s] -- Symlinking: /home/wellyowo/locobot_sim/locobot_ws/install/interbotix_xslocobot_descriptions/share/interbotix_xslocobot_descriptions//meshes/locobot_meshes/locobot_camera_tower_small.stl
[0.985s] -- Symlinking: /home/wellyowo/locobot_sim/locobot_ws/install/interbotix_xslocobot_descriptions/share/interbotix_xslocobot_descriptions//meshes/locobot_meshes/locobot_camera_tower_small_simple.stl
[0.993s] -- Symlinking: /home/wellyowo/locobot_sim/locobot_ws/install/interbotix_xslocobot_descriptions/share/interbotix_xslocobot_descriptions//meshes/locobot_meshes/locobot_lidar.stl
[1.000s] -- Symlinking: /home/wellyowo/locobot_sim/locobot_ws/install/interbotix_xslocobot_descriptions/share/interbotix_xslocobot_descriptions//meshes/locobot_meshes/locobot_lidar_tower.stl
[1.006s] -- Symlinking: /home/wellyowo/locobot_sim/locobot_ws/install/interbotix_xslocobot_descriptions/share/interbotix_xslocobot_descriptions//meshes/locobot_meshes/locobot_lidar_tower_simple.stl
[1.012s] -- Symlinking: /home/wellyowo/locobot_sim/locobot_ws/install/interbotix_xslocobot_descriptions/share/interbotix_xslocobot_descriptions//meshes/locobot_meshes/locobot_main_body.dae
[1.018s] -- Symlinking: /home/wellyowo/locobot_sim/locobot_ws/install/interbotix_xslocobot_descriptions/share/interbotix_xslocobot_descriptions//meshes/locobot_meshes/locobot_pan.stl
[1.025s] -- Symlinking: /home/wellyowo/locobot_sim/locobot_ws/install/interbotix_xslocobot_descriptions/share/interbotix_xslocobot_descriptions//meshes/locobot_meshes/locobot_tilt.stl
[1.031s] -- Symlinking: /home/wellyowo/locobot_sim/locobot_ws/install/interbotix_xslocobot_descriptions/share/interbotix_xslocobot_descriptions//meshes/locobot_meshes/locobot_wheel.dae
[1.038s] -- Symlinking: /home/wellyowo/locobot_sim/locobot_ws/install/interbotix_xslocobot_descriptions/share/interbotix_xslocobot_descriptions//meshes/mobile_px100_meshes/base.stl
[1.045s] -- Symlinking: /home/wellyowo/locobot_sim/locobot_ws/install/interbotix_xslocobot_descriptions/share/interbotix_xslocobot_descriptions//meshes/mobile_px100_meshes/forearm.stl
[1.051s] -- Symlinking: /home/wellyowo/locobot_sim/locobot_ws/install/interbotix_xslocobot_descriptions/share/interbotix_xslocobot_descriptions//meshes/mobile_px100_meshes/gripper.stl
[1.057s] -- Symlinking: /home/wellyowo/locobot_sim/locobot_ws/install/interbotix_xslocobot_descriptions/share/interbotix_xslocobot_descriptions//meshes/mobile_px100_meshes/gripper_bar.stl
[1.063s] -- Symlinking: /home/wellyowo/locobot_sim/locobot_ws/install/interbotix_xslocobot_descriptions/share/interbotix_xslocobot_descriptions//meshes/mobile_px100_meshes/gripper_finger.stl
[1.069s] -- Symlinking: /home/wellyowo/locobot_sim/locobot_ws/install/interbotix_xslocobot_descriptions/share/interbotix_xslocobot_descriptions//meshes/mobile_px100_meshes/gripper_prop.stl
[1.075s] -- Symlinking: /home/wellyowo/locobot_sim/locobot_ws/install/interbotix_xslocobot_descriptions/share/interbotix_xslocobot_descriptions//meshes/mobile_px100_meshes/shoulder.stl
[1.081s] -- Symlinking: /home/wellyowo/locobot_sim/locobot_ws/install/interbotix_xslocobot_descriptions/share/interbotix_xslocobot_descriptions//meshes/mobile_px100_meshes/upper_arm.stl
[1.087s] -- Symlinking: /home/wellyowo/locobot_sim/locobot_ws/install/interbotix_xslocobot_descriptions/share/interbotix_xslocobot_descriptions//meshes/mobile_wx200_meshes/base.stl
[1.093s] -- Symlinking: /home/wellyowo/locobot_sim/locobot_ws/install/interbotix_xslocobot_descriptions/share/interbotix_xslocobot_descriptions//meshes/mobile_wx200_meshes/forearm.stl
[1.099s] -- Symlinking: /home/wellyowo/locobot_sim/locobot_ws/install/interbotix_xslocobot_descriptions/share/interbotix_xslocobot_descriptions//meshes/mobile_wx200_meshes/gripper.stl
[1.106s] -- Symlinking: /home/wellyowo/locobot_sim/locobot_ws/install/interbotix_xslocobot_descriptions/share/interbotix_xslocobot_descriptions//meshes/mobile_wx200_meshes/gripper_bar.stl
[1.112s] -- Symlinking: /home/wellyowo/locobot_sim/locobot_ws/install/interbotix_xslocobot_descriptions/share/interbotix_xslocobot_descriptions//meshes/mobile_wx200_meshes/gripper_finger.stl
[1.118s] -- Symlinking: /home/wellyowo/locobot_sim/locobot_ws/install/interbotix_xslocobot_descriptions/share/interbotix_xslocobot_descriptions//meshes/mobile_wx200_meshes/gripper_prop.stl
[1.124s] -- Symlinking: /home/wellyowo/locobot_sim/locobot_ws/install/interbotix_xslocobot_descriptions/share/interbotix_xslocobot_descriptions//meshes/mobile_wx200_meshes/shoulder.stl
[1.131s] -- Symlinking: /home/wellyowo/locobot_sim/locobot_ws/install/interbotix_xslocobot_descriptions/share/interbotix_xslocobot_descriptions//meshes/mobile_wx200_meshes/upper_arm.stl
[1.138s] -- Symlinking: /home/wellyowo/locobot_sim/locobot_ws/install/interbotix_xslocobot_descriptions/share/interbotix_xslocobot_descriptions//meshes/mobile_wx200_meshes/wrist.stl
[1.145s] -- Symlinking: /home/wellyowo/locobot_sim/locobot_ws/install/interbotix_xslocobot_descriptions/share/interbotix_xslocobot_descriptions//meshes/mobile_wx250s_meshes/base.stl
[1.151s] -- Symlinking: /home/wellyowo/locobot_sim/locobot_ws/install/interbotix_xslocobot_descriptions/share/interbotix_xslocobot_descriptions//meshes/mobile_wx250s_meshes/gripper.stl
[1.158s] -- Symlinking: /home/wellyowo/locobot_sim/locobot_ws/install/interbotix_xslocobot_descriptions/share/interbotix_xslocobot_descriptions//meshes/mobile_wx250s_meshes/gripper_bar.stl
[1.165s] -- Symlinking: /home/wellyowo/locobot_sim/locobot_ws/install/interbotix_xslocobot_descriptions/share/interbotix_xslocobot_descriptions//meshes/mobile_wx250s_meshes/gripper_finger.stl
[1.171s] -- Symlinking: /home/wellyowo/locobot_sim/locobot_ws/install/interbotix_xslocobot_descriptions/share/interbotix_xslocobot_descriptions//meshes/mobile_wx250s_meshes/gripper_prop.stl
[1.178s] -- Symlinking: /home/wellyowo/locobot_sim/locobot_ws/install/interbotix_xslocobot_descriptions/share/interbotix_xslocobot_descriptions//meshes/mobile_wx250s_meshes/lower_forearm.stl
[1.184s] -- Symlinking: /home/wellyowo/locobot_sim/locobot_ws/install/interbotix_xslocobot_descriptions/share/interbotix_xslocobot_descriptions//meshes/mobile_wx250s_meshes/shoulder.stl
[1.191s] -- Symlinking: /home/wellyowo/locobot_sim/locobot_ws/install/interbotix_xslocobot_descriptions/share/interbotix_xslocobot_descriptions//meshes/mobile_wx250s_meshes/upper_arm.stl
[1.198s] -- Symlinking: /home/wellyowo/locobot_sim/locobot_ws/install/interbotix_xslocobot_descriptions/share/interbotix_xslocobot_descriptions//meshes/mobile_wx250s_meshes/upper_forearm.stl
[1.204s] -- Symlinking: /home/wellyowo/locobot_sim/locobot_ws/install/interbotix_xslocobot_descriptions/share/interbotix_xslocobot_descriptions//meshes/mobile_wx250s_meshes/wrist.stl
[1.210s] -- Symlinking: /home/wellyowo/locobot_sim/locobot_ws/install/interbotix_xslocobot_descriptions/share/interbotix_xslocobot_descriptions//rviz/xslocobot_description.rviz
[1.217s] -- Symlinking: /home/wellyowo/locobot_sim/locobot_ws/install/interbotix_xslocobot_descriptions/share/ament_index/resource_index/package_run_dependencies/interbotix_xslocobot_descriptions
[1.223s] -- Symlinking: /home/wellyowo/locobot_sim/locobot_ws/install/interbotix_xslocobot_descriptions/share/ament_index/resource_index/parent_prefix_path/interbotix_xslocobot_descriptions
[1.229s] -- Symlinking: /home/wellyowo/locobot_sim/locobot_ws/install/interbotix_xslocobot_descriptions/share/interbotix_xslocobot_descriptions/environment/ament_prefix_path.sh
[1.236s] -- Symlinking: /home/wellyowo/locobot_sim/locobot_ws/install/interbotix_xslocobot_descriptions/share/interbotix_xslocobot_descriptions/environment/ament_prefix_path.dsv
[1.242s] -- Symlinking: /home/wellyowo/locobot_sim/locobot_ws/install/interbotix_xslocobot_descriptions/share/interbotix_xslocobot_descriptions/environment/path.sh
[1.248s] -- Symlinking: /home/wellyowo/locobot_sim/locobot_ws/install/interbotix_xslocobot_descriptions/share/interbotix_xslocobot_descriptions/environment/path.dsv
[1.254s] -- Symlinking: /home/wellyowo/locobot_sim/locobot_ws/install/interbotix_xslocobot_descriptions/share/interbotix_xslocobot_descriptions/local_setup.bash
[1.260s] -- Symlinking: /home/wellyowo/locobot_sim/locobot_ws/install/interbotix_xslocobot_descriptions/share/interbotix_xslocobot_descriptions/local_setup.sh
[1.267s] -- Symlinking: /home/wellyowo/locobot_sim/locobot_ws/install/interbotix_xslocobot_descriptions/share/interbotix_xslocobot_descriptions/local_setup.zsh
[1.273s] -- Symlinking: /home/wellyowo/locobot_sim/locobot_ws/install/interbotix_xslocobot_descriptions/share/interbotix_xslocobot_descriptions/local_setup.dsv
[1.279s] -- Symlinking: /home/wellyowo/locobot_sim/locobot_ws/install/interbotix_xslocobot_descriptions/share/interbotix_xslocobot_descriptions/package.dsv
[1.285s] -- Symlinking: /home/wellyowo/locobot_sim/locobot_ws/install/interbotix_xslocobot_descriptions/share/ament_index/resource_index/packages/interbotix_xslocobot_descriptions
[1.291s] -- Symlinking: /home/wellyowo/locobot_sim/locobot_ws/install/interbotix_xslocobot_descriptions/share/interbotix_xslocobot_descriptions/cmake/interbotix_xslocobot_descriptionsConfig.cmake
[1.298s] -- Symlinking: /home/wellyowo/locobot_sim/locobot_ws/install/interbotix_xslocobot_descriptions/share/interbotix_xslocobot_descriptions/cmake/interbotix_xslocobot_descriptionsConfig-version.cmake
[1.304s] -- Symlinking: /home/wellyowo/locobot_sim/locobot_ws/install/interbotix_xslocobot_descriptions/share/interbotix_xslocobot_descriptions/package.xml
[1.312s] Invoked command in '/home/wellyowo/locobot_sim/locobot_ws/build/interbotix_xslocobot_descriptions' returned '0': AMENT_PREFIX_PATH=/home/wellyowo/locobot_sim/locobot_ws/install/interbotix_xs_rviz:/home/wellyowo/locobot_sim/locobot_ws/install/interbotix_xs_modules:/home/wellyowo/locobot_sim/locobot_ws/install/interbotix_xs_sdk:/home/wellyowo/locobot_sim/locobot_ws/install/interbotix_xs_driver:/home/wellyowo/locobot_sim/locobot_ws/install/interbotix_xs_msgs:/home/wellyowo/locobot_sim/locobot_ws/install/interbotix_common_sim:/home/wellyowo/locobot_sim/locobot_ws/install/interbotix_common_modules:/home/wellyowo/locobot_sim/locobot_ws/install/dynamixel_workbench_toolbox:${AMENT_PREFIX_PATH} CMAKE_PREFIX_PATH=/home/wellyowo/locobot_sim/locobot_ws/install/interbotix_xs_rviz:/home/wellyowo/locobot_sim/locobot_ws/install/interbotix_xs_sdk:/home/wellyowo/locobot_sim/locobot_ws/install/interbotix_xs_driver:/home/wellyowo/locobot_sim/locobot_ws/install/interbotix_xs_msgs:/home/wellyowo/locobot_sim/locobot_ws/install/interbotix_common_sim:/home/wellyowo/locobot_sim/locobot_ws/install/dynamixel_workbench_toolbox:/opt/ros/humble LD_LIBRARY_PATH=/home/wellyowo/locobot_sim/locobot_ws/install/interbotix_xs_rviz/lib:/home/wellyowo/locobot_sim/locobot_ws/install/interbotix_xs_driver/lib:/home/wellyowo/locobot_sim/locobot_ws/install/interbotix_xs_msgs/lib:/home/wellyowo/locobot_sim/locobot_ws/install/dynamixel_workbench_toolbox/lib:${LD_LIBRARY_PATH} PYTHONPATH=/home/wellyowo/locobot_sim/locobot_ws/build/interbotix_xs_modules:/home/wellyowo/locobot_sim/locobot_ws/install/interbotix_xs_modules/lib/python3.10/site-packages:/home/wellyowo/locobot_sim/locobot_ws/install/interbotix_xs_msgs/local/lib/python3.10/dist-packages:/home/wellyowo/locobot_sim/locobot_ws/build/interbotix_common_modules:/home/wellyowo/locobot_sim/locobot_ws/install/interbotix_common_modules/lib/python3.10/site-packages:${PYTHONPATH} /usr/bin/cmake --install /home/wellyowo/locobot_sim/locobot_ws/build/interbotix_xslocobot_descriptions
