-- The C compiler identification is GNU 11.4.0
-- The CXX compiler identification is GNU 11.4.0
-- Detecting C compiler ABI info
-- Detecting C compiler ABI info - done
-- Check for working C compiler: /usr/bin/cc - skipped
-- Detecting C compile features
-- Detecting C compile features - done
-- Detecting CXX compiler ABI info
-- Detecting CXX compiler ABI info - done
-- Check for working CXX compiler: /usr/bin/c++ - skipped
-- Detecting CXX compile features
-- Detecting CXX compile features - done
-- Found ament_cmake_ros: 0.10.0 (/opt/ros/humble/share/ament_cmake_ros/cmake)
-- Found Python3: /usr/bin/python3 (found version "3.10.12") found components: Interpreter 
-- Override CMake install command with custom implementation using symlinks instead of copying resources
-- Found ecl_build: 1.0.3 (/opt/ros/humble/share/ecl_build/cmake)
-- Looking for _POSIX_VERSION
-- Looking for _POSIX_VERSION - found
-- Looking for realpath in rt
-- Looking for realpath in rt - found
-- Looking for clock_nanosleep in rt
-- Looking for clock_nanosleep in rt - found
-- Looking for clock_gettime in rt
-- Looking for clock_gettime in rt - found
-- Looking for pthread_mutex_timedlock in pthread
-- Looking for pthread_mutex_timedlock in pthread - found
-- Looking for nanosleep in pthread
-- Looking for nanosleep in pthread - found
-- Looking for shm_open in rt
-- Looking for shm_open in rt - found
-- Looking for sched_setscheduler in pthread
-- Looking for sched_setscheduler in pthread - found
-- Looking for sem_timedwait in pthread
-- Looking for sem_timedwait in pthread - found
-- Looking for sem_init in pthread
-- Looking for sem_init in pthread - found
-- Looking for CLOCK_MONOTONIC
-- Looking for CLOCK_MONOTONIC - found
-- Looking for CLOCK_PROCESS_CPUTIME_ID
-- Looking for CLOCK_PROCESS_CPUTIME_ID - found
-- Looking for pthread.h
-- Looking for pthread.h - found
-- Performing Test CMAKE_HAVE_LIBC_PTHREAD
-- Performing Test CMAKE_HAVE_LIBC_PTHREAD - Success
-- Found Threads: TRUE  
-- Looking for sys/types.h
-- Looking for sys/types.h - found
-- Looking for stdint.h
-- Looking for stdint.h - found
-- Looking for stddef.h
-- Looking for stddef.h - found
-- Check size of char
-- Check size of char - done
-- Check size of short
-- Check size of short - done
-- Check size of int
-- Check size of int - done
-- Check size of long
-- Check size of long - done
-- Check size of long long
-- Check size of long long - done
-- Check size of float
-- Check size of float - done
-- Check size of double
-- Check size of double - done
-- Check size of long double
-- Check size of long double - done
-- -------------------------------------------------------------------
-- Platform Summary
-- -------------------------------------------------------------------
-- 
-- System type.....................posix
-- Operating System................Linux-6.8.0-60-generic
-- Timer model.....................real-time
-- Thread model....................posix
-- Size of char....................1
-- Size of short...................2
-- Size of int.....................4
-- Size of long....................8
-- Size of long long...............8
-- Size of float...................4
-- Size of double..................8
-- Size of long double.............16
-- Size of pointer.................64-bit
-- Endianness......................little-endian
-- 
-- -------------------------------------------------------------------
-- Posix Specifications
-- -------------------------------------------------------------------
-- 
-- Clock selection.................yes
-- Monotonic clock.................yes
-- Priority scheduling.............yes
-- Semaphores......................yes
-- Shared memory objects...........yes
-- Timers..........................yes
-- Timeouts........................yes
--  - clock_gettime................yes
--  - clock_nanosleep..............yes
--  - nanosleep....................yes
--  - pthread_mutex_timedlock......yes
--  - sched_setscheduler...........yes
--  - sem_init.....................yes
--  - sem_timedwait................yes
--  - shm_open.....................yes
-- 
-- -------------------------------------------------------------------
-- Build Environment
-- -------------------------------------------------------------------
-- 
-- Compiler......................../usr/bin/c++
--  - version......................c++ (Ubuntu 11.4.0-1ubuntu1~22.04) 11.4.0
Copyright (C) 2021 Free Software Foundation, Inc.
This is free software see the source for copying conditions.  There is NO
warranty not even for MERCHANTABILITY or FITNESS FOR A PARTICULAR PURPOSE.


-- 
-- Configuring done
-- Generating done
-- Build files have been written to: /home/wellyowo/locobot_sim/locobot_ws/build/ecl_config
[ 25%] [32mBuilding CXX object src/utilities/CMakeFiles/ecl_detect_endian.dir/detect_endian.cpp.o[0m
[ 50%] [32mBuilding CXX object src/utilities/CMakeFiles/ecl_detect_posix.dir/detect_posix.cpp.o[0m
[ 75%] [32m[1mLinking CXX executable bin/ecl_detect_endian[0m
[ 75%] Built target ecl_detect_endian
[100%] [32m[1mLinking CXX executable bin/ecl_detect_posix[0m
[100%] Built target ecl_detect_posix
-- Install configuration: ""
-- Execute custom install script
-- Symlinking: /home/wellyowo/locobot_sim/locobot_ws/install/ecl_config/include/ecl/config/ecl.hpp
-- Symlinking: /home/wellyowo/locobot_sim/locobot_ws/install/ecl_config/include/ecl/config/char_sign.hpp
-- Symlinking: /home/wellyowo/locobot_sim/locobot_ws/install/ecl_config/include/ecl/config/ecl_unknown.hpp
-- Symlinking: /home/wellyowo/locobot_sim/locobot_ws/install/ecl_config/include/ecl/config/endianness.hpp
-- Symlinking: /home/wellyowo/locobot_sim/locobot_ws/install/ecl_config/include/ecl/config/macros.hpp
-- Symlinking: /home/wellyowo/locobot_sim/locobot_ws/install/ecl_config/include/ecl/config/portable_types.hpp
-- Symlinking: /home/wellyowo/locobot_sim/locobot_ws/install/ecl_config/include/ecl/config/windows.hpp
-- Symlinking: /home/wellyowo/locobot_sim/locobot_ws/install/ecl_config/include/ecl/config.hpp
-- Symlinking: /home/wellyowo/locobot_sim/locobot_ws/install/ecl_config/bin/ecl_detect_endian
-- Symlinking: /home/wellyowo/locobot_sim/locobot_ws/install/ecl_config/bin/ecl_detect_posix
-- Symlinking: /home/wellyowo/locobot_sim/locobot_ws/install/ecl_config/share/ament_index/resource_index/package_run_dependencies/ecl_config
-- Symlinking: /home/wellyowo/locobot_sim/locobot_ws/install/ecl_config/share/ament_index/resource_index/parent_prefix_path/ecl_config
-- Symlinking: /home/wellyowo/locobot_sim/locobot_ws/install/ecl_config/share/ecl_config/environment/ament_prefix_path.sh
-- Symlinking: /home/wellyowo/locobot_sim/locobot_ws/install/ecl_config/share/ecl_config/environment/ament_prefix_path.dsv
-- Symlinking: /home/wellyowo/locobot_sim/locobot_ws/install/ecl_config/share/ecl_config/environment/path.sh
-- Symlinking: /home/wellyowo/locobot_sim/locobot_ws/install/ecl_config/share/ecl_config/environment/path.dsv
-- Symlinking: /home/wellyowo/locobot_sim/locobot_ws/install/ecl_config/share/ecl_config/local_setup.bash
-- Symlinking: /home/wellyowo/locobot_sim/locobot_ws/install/ecl_config/share/ecl_config/local_setup.sh
-- Symlinking: /home/wellyowo/locobot_sim/locobot_ws/install/ecl_config/share/ecl_config/local_setup.zsh
-- Symlinking: /home/wellyowo/locobot_sim/locobot_ws/install/ecl_config/share/ecl_config/local_setup.dsv
-- Symlinking: /home/wellyowo/locobot_sim/locobot_ws/install/ecl_config/share/ecl_config/package.dsv
-- Symlinking: /home/wellyowo/locobot_sim/locobot_ws/install/ecl_config/share/ament_index/resource_index/packages/ecl_config
-- Symlinking: /home/wellyowo/locobot_sim/locobot_ws/install/ecl_config/share/ecl_config/cmake/ament_cmake_export_targets-extras.cmake
-- Symlinking: /home/wellyowo/locobot_sim/locobot_ws/install/ecl_config/share/ecl_config/cmake/ament_cmake_export_include_directories-extras.cmake
-- Symlinking: /home/wellyowo/locobot_sim/locobot_ws/install/ecl_config/share/ecl_config/cmake/ecl_configConfig.cmake
-- Symlinking: /home/wellyowo/locobot_sim/locobot_ws/install/ecl_config/share/ecl_config/cmake/ecl_configConfig-version.cmake
-- Symlinking: /home/wellyowo/locobot_sim/locobot_ws/install/ecl_config/share/ecl_config/package.xml
-- Installing: /home/wellyowo/locobot_sim/locobot_ws/install/ecl_config/share/ecl_config/cmake/ecl_configExport.cmake
