[0.033s] Invoking command in '/home/wellyowo/locobot_sim/locobot_ws/build/ecl_config': CMAKE_PREFIX_PATH=/opt/ros/humble /usr/bin/cmake /home/wellyowo/locobot_sim/locobot_ws/src/ThirdParty/ecl/ecl_lite/ecl_config -DBUILD_TESTING=OFF -DCMAKE_PREFIX_PATH= -DAMENT_CMAKE_SYMLINK_INSTALL=1 -DCMAKE_INSTALL_PREFIX=/home/wellyowo/locobot_sim/locobot_ws/install/ecl_config
[0.198s] -- The C compiler identification is GNU 11.4.0
[0.199s] -- The CXX compiler identification is GNU 11.4.0
[0.199s] -- Detecting C compiler ABI info
[0.200s] -- Detecting C compiler ABI info - done
[0.200s] -- Check for working C compiler: /usr/bin/cc - skipped
[0.204s] -- Detecting C compile features
[0.204s] -- Detecting C compile features - done
[0.204s] -- Detecting CXX compiler ABI info
[0.290s] -- Detecting CXX compiler ABI info - done
[0.300s] -- Check for working CXX compiler: /usr/bin/c++ - skipped
[0.301s] -- Detecting CXX compile features
[0.301s] -- Detecting CXX compile features - done
[0.302s] -- Found ament_cmake_ros: 0.10.0 (/opt/ros/humble/share/ament_cmake_ros/cmake)
[0.514s] -- Found Python3: /usr/bin/python3 (found version "3.10.12") found components: Interpreter 
[0.620s] -- Override CMake install command with custom implementation using symlinks instead of copying resources
[0.713s] -- Found ecl_build: 1.0.3 (/opt/ros/humble/share/ecl_build/cmake)
[0.729s] -- Looking for _POSIX_VERSION
[0.898s] -- Looking for _POSIX_VERSION - found
[0.898s] -- Looking for realpath in rt
[1.129s] -- Looking for realpath in rt - found
[1.129s] -- Looking for clock_nanosleep in rt
[1.264s] -- Looking for clock_nanosleep in rt - found
[1.264s] -- Looking for clock_gettime in rt
[1.494s] -- Looking for clock_gettime in rt - found
[1.495s] -- Looking for pthread_mutex_timedlock in pthread
[1.716s] -- Looking for pthread_mutex_timedlock in pthread - found
[1.716s] -- Looking for nanosleep in pthread
[1.926s] -- Looking for nanosleep in pthread - found
[1.929s] -- Looking for shm_open in rt
[2.094s] -- Looking for shm_open in rt - found
[2.094s] -- Looking for sched_setscheduler in pthread
[2.289s] -- Looking for sched_setscheduler in pthread - found
[2.290s] -- Looking for sem_timedwait in pthread
[2.499s] -- Looking for sem_timedwait in pthread - found
[2.499s] -- Looking for sem_init in pthread
[2.769s] -- Looking for sem_init in pthread - found
[2.773s] -- Looking for CLOCK_MONOTONIC
[2.978s] -- Looking for CLOCK_MONOTONIC - found
[2.989s] -- Looking for CLOCK_PROCESS_CPUTIME_ID
[3.270s] -- Looking for CLOCK_PROCESS_CPUTIME_ID - found
[3.271s] -- Looking for pthread.h
[3.463s] -- Looking for pthread.h - found
[3.463s] -- Performing Test CMAKE_HAVE_LIBC_PTHREAD
[3.702s] -- Performing Test CMAKE_HAVE_LIBC_PTHREAD - Success
[3.704s] -- Found Threads: TRUE  
[3.711s] -- Looking for sys/types.h
[4.019s] -- Looking for sys/types.h - found
[4.019s] -- Looking for stdint.h
[4.386s] -- Looking for stdint.h - found
[4.386s] -- Looking for stddef.h
[4.600s] -- Looking for stddef.h - found
[4.601s] -- Check size of char
[4.920s] -- Check size of char - done
[4.921s] -- Check size of short
[5.252s] -- Check size of short - done
[5.273s] -- Check size of int
[5.629s] -- Check size of int - done
[5.630s] -- Check size of long
[6.014s] -- Check size of long - done
[6.014s] -- Check size of long long
[6.314s] -- Check size of long long - done
[6.315s] -- Check size of float
[6.525s] -- Check size of float - done
[6.544s] -- Check size of double
[6.885s] -- Check size of double - done
[6.890s] -- Check size of long double
[7.241s] -- Check size of long double - done
[7.257s] -- -------------------------------------------------------------------
[7.259s] -- Platform Summary
[7.259s] -- -------------------------------------------------------------------
[7.263s] -- 
[7.263s] -- System type.....................posix
[7.263s] -- Operating System................Linux-6.8.0-60-generic
[7.263s] -- Timer model.....................real-time
[7.263s] -- Thread model....................posix
[7.264s] -- Size of char....................1
[7.264s] -- Size of short...................2
[7.264s] -- Size of int.....................4
[7.264s] -- Size of long....................8
[7.264s] -- Size of long long...............8
[7.264s] -- Size of float...................4
[7.264s] -- Size of double..................8
[7.264s] -- Size of long double.............16
[7.267s] -- Size of pointer.................64-bit
[7.273s] -- Endianness......................little-endian
[7.273s] -- 
[7.273s] -- -------------------------------------------------------------------
[7.273s] -- Posix Specifications
[7.273s] -- -------------------------------------------------------------------
[7.278s] -- 
[7.278s] -- Clock selection.................yes
[7.278s] -- Monotonic clock.................yes
[7.278s] -- Priority scheduling.............yes
[7.278s] -- Semaphores......................yes
[7.279s] -- Shared memory objects...........yes
[7.279s] -- Timers..........................yes
[7.279s] -- Timeouts........................yes
[7.279s] --  - clock_gettime................yes
[7.283s] --  - clock_nanosleep..............yes
[7.287s] --  - nanosleep....................yes
[7.287s] --  - pthread_mutex_timedlock......yes
[7.287s] --  - sched_setscheduler...........yes
[7.288s] --  - sem_init.....................yes
[7.288s] --  - sem_timedwait................yes
[7.288s] --  - shm_open.....................yes
[7.288s] -- 
[7.288s] -- -------------------------------------------------------------------
[7.288s] -- Build Environment
[7.288s] -- -------------------------------------------------------------------
[7.288s] -- 
[7.289s] -- Compiler......................../usr/bin/c++
[7.289s] --  - version......................c++ (Ubuntu 11.4.0-1ubuntu1~22.04) 11.4.0
[7.289s] Copyright (C) 2021 Free Software Foundation, Inc.
[7.293s] This is free software see the source for copying conditions.  There is NO
[7.293s] warranty not even for MERCHANTABILITY or FITNESS FOR A PARTICULAR PURPOSE.
[7.294s] 
[7.294s] 
[7.294s] -- 
[7.798s] -- Configuring done
[7.832s] -- Generating done
[7.847s] -- Build files have been written to: /home/wellyowo/locobot_sim/locobot_ws/build/ecl_config
[7.959s] Invoked command in '/home/wellyowo/locobot_sim/locobot_ws/build/ecl_config' returned '0': CMAKE_PREFIX_PATH=/opt/ros/humble /usr/bin/cmake /home/wellyowo/locobot_sim/locobot_ws/src/ThirdParty/ecl/ecl_lite/ecl_config -DBUILD_TESTING=OFF -DCMAKE_PREFIX_PATH= -DAMENT_CMAKE_SYMLINK_INSTALL=1 -DCMAKE_INSTALL_PREFIX=/home/wellyowo/locobot_sim/locobot_ws/install/ecl_config
[7.964s] Invoking command in '/home/wellyowo/locobot_sim/locobot_ws/build/ecl_config': CMAKE_PREFIX_PATH=/opt/ros/humble /usr/bin/cmake --build /home/wellyowo/locobot_sim/locobot_ws/build/ecl_config -- -j16 -l16
[14.127s] [ 25%] [32mBuilding CXX object src/utilities/CMakeFiles/ecl_detect_endian.dir/detect_endian.cpp.o[0m
[14.128s] [ 50%] [32mBuilding CXX object src/utilities/CMakeFiles/ecl_detect_posix.dir/detect_posix.cpp.o[0m
[14.128s] [ 75%] [32m[1mLinking CXX executable bin/ecl_detect_endian[0m
[14.128s] [ 75%] Built target ecl_detect_endian
[14.128s] [100%] [32m[1mLinking CXX executable bin/ecl_detect_posix[0m
[14.128s] [100%] Built target ecl_detect_posix
[14.150s] Invoked command in '/home/wellyowo/locobot_sim/locobot_ws/build/ecl_config' returned '0': CMAKE_PREFIX_PATH=/opt/ros/humble /usr/bin/cmake --build /home/wellyowo/locobot_sim/locobot_ws/build/ecl_config -- -j16 -l16
[14.154s] Invoking command in '/home/wellyowo/locobot_sim/locobot_ws/build/ecl_config': CMAKE_PREFIX_PATH=/opt/ros/humble /usr/bin/cmake --install /home/wellyowo/locobot_sim/locobot_ws/build/ecl_config
[34.108s] -- Install configuration: ""
[34.109s] -- Execute custom install script
[34.114s] -- Symlinking: /home/wellyowo/locobot_sim/locobot_ws/install/ecl_config/include/ecl/config/ecl.hpp
[34.114s] -- Symlinking: /home/wellyowo/locobot_sim/locobot_ws/install/ecl_config/include/ecl/config/char_sign.hpp
[34.119s] -- Symlinking: /home/wellyowo/locobot_sim/locobot_ws/install/ecl_config/include/ecl/config/ecl_unknown.hpp
[34.120s] -- Symlinking: /home/wellyowo/locobot_sim/locobot_ws/install/ecl_config/include/ecl/config/endianness.hpp
[34.120s] -- Symlinking: /home/wellyowo/locobot_sim/locobot_ws/install/ecl_config/include/ecl/config/macros.hpp
[34.120s] -- Symlinking: /home/wellyowo/locobot_sim/locobot_ws/install/ecl_config/include/ecl/config/portable_types.hpp
[34.120s] -- Symlinking: /home/wellyowo/locobot_sim/locobot_ws/install/ecl_config/include/ecl/config/windows.hpp
[34.124s] -- Symlinking: /home/wellyowo/locobot_sim/locobot_ws/install/ecl_config/include/ecl/config.hpp
[34.124s] -- Symlinking: /home/wellyowo/locobot_sim/locobot_ws/install/ecl_config/bin/ecl_detect_endian
[34.125s] -- Symlinking: /home/wellyowo/locobot_sim/locobot_ws/install/ecl_config/bin/ecl_detect_posix
[34.128s] -- Symlinking: /home/wellyowo/locobot_sim/locobot_ws/install/ecl_config/share/ament_index/resource_index/package_run_dependencies/ecl_config
[34.128s] -- Symlinking: /home/wellyowo/locobot_sim/locobot_ws/install/ecl_config/share/ament_index/resource_index/parent_prefix_path/ecl_config
[34.134s] -- Symlinking: /home/wellyowo/locobot_sim/locobot_ws/install/ecl_config/share/ecl_config/environment/ament_prefix_path.sh
[34.134s] -- Symlinking: /home/wellyowo/locobot_sim/locobot_ws/install/ecl_config/share/ecl_config/environment/ament_prefix_path.dsv
[34.134s] -- Symlinking: /home/wellyowo/locobot_sim/locobot_ws/install/ecl_config/share/ecl_config/environment/path.sh
[34.134s] -- Symlinking: /home/wellyowo/locobot_sim/locobot_ws/install/ecl_config/share/ecl_config/environment/path.dsv
[34.134s] -- Symlinking: /home/wellyowo/locobot_sim/locobot_ws/install/ecl_config/share/ecl_config/local_setup.bash
[34.134s] -- Symlinking: /home/wellyowo/locobot_sim/locobot_ws/install/ecl_config/share/ecl_config/local_setup.sh
[34.135s] -- Symlinking: /home/wellyowo/locobot_sim/locobot_ws/install/ecl_config/share/ecl_config/local_setup.zsh
[34.135s] -- Symlinking: /home/wellyowo/locobot_sim/locobot_ws/install/ecl_config/share/ecl_config/local_setup.dsv
[34.135s] -- Symlinking: /home/wellyowo/locobot_sim/locobot_ws/install/ecl_config/share/ecl_config/package.dsv
[34.135s] -- Symlinking: /home/wellyowo/locobot_sim/locobot_ws/install/ecl_config/share/ament_index/resource_index/packages/ecl_config
[34.135s] -- Symlinking: /home/wellyowo/locobot_sim/locobot_ws/install/ecl_config/share/ecl_config/cmake/ament_cmake_export_targets-extras.cmake
[34.135s] -- Symlinking: /home/wellyowo/locobot_sim/locobot_ws/install/ecl_config/share/ecl_config/cmake/ament_cmake_export_include_directories-extras.cmake
[34.135s] -- Symlinking: /home/wellyowo/locobot_sim/locobot_ws/install/ecl_config/share/ecl_config/cmake/ecl_configConfig.cmake
[34.135s] -- Symlinking: /home/wellyowo/locobot_sim/locobot_ws/install/ecl_config/share/ecl_config/cmake/ecl_configConfig-version.cmake
[34.136s] -- Symlinking: /home/wellyowo/locobot_sim/locobot_ws/install/ecl_config/share/ecl_config/package.xml
[34.136s] -- Installing: /home/wellyowo/locobot_sim/locobot_ws/install/ecl_config/share/ecl_config/cmake/ecl_configExport.cmake
[34.150s] Invoked command in '/home/wellyowo/locobot_sim/locobot_ws/build/ecl_config' returned '0': CMAKE_PREFIX_PATH=/opt/ros/humble /usr/bin/cmake --install /home/wellyowo/locobot_sim/locobot_ws/build/ecl_config
