[0.137s] Invoking command in '/home/wellyowo/locobot_sim/locobot_ws/build/ecl_lite': AMENT_PREFIX_PATH=/home/wellyowo/locobot_sim/locobot_ws/install/ecl_time_lite:/home/wellyowo/locobot_sim/locobot_ws/install/ecl_sigslots_lite:/home/wellyowo/locobot_sim/locobot_ws/install/ecl_io:/home/wellyowo/locobot_sim/locobot_ws/install/ecl_errors:/home/wellyowo/locobot_sim/locobot_ws/install/ecl_converters_lite:/home/wellyowo/locobot_sim/locobot_ws/install/ecl_config:${AMENT_PREFIX_PATH} CMAKE_PREFIX_PATH=/home/wellyowo/locobot_sim/locobot_ws/install/ecl_time_lite:/home/wellyowo/locobot_sim/locobot_ws/install/ecl_sigslots_lite:/home/wellyowo/locobot_sim/locobot_ws/install/ecl_io:/home/wellyowo/locobot_sim/locobot_ws/install/ecl_errors:/home/wellyowo/locobot_sim/locobot_ws/install/ecl_converters_lite:/home/wellyowo/locobot_sim/locobot_ws/install/ecl_config:/opt/ros/humble LD_LIBRARY_PATH=/home/wellyowo/locobot_sim/locobot_ws/install/ecl_time_lite/lib:/home/wellyowo/locobot_sim/locobot_ws/install/ecl_io/lib:/home/wellyowo/locobot_sim/locobot_ws/install/ecl_errors/lib:/opt/ros/humble/opt/rviz_ogre_vendor/lib:/opt/ros/humble/lib/x86_64-linux-gnu:/opt/ros/humble/lib:/usr/local/nvidia/lib:/usr/local/nvidia/lib64:/usr/lib/x86_64-linux-gnu/gazebo-11/plugins PATH=/home/wellyowo/locobot_sim/locobot_ws/install/ecl_config/bin:${PATH} /usr/bin/cmake /home/wellyowo/locobot_sim/locobot_ws/src/ThirdParty/ecl/ecl_lite/ecl_lite -DBUILD_TESTING=OFF -DCMAKE_PREFIX_PATH= -DAMENT_CMAKE_SYMLINK_INSTALL=1 -DCMAKE_INSTALL_PREFIX=/home/wellyowo/locobot_sim/locobot_ws/install/ecl_lite
[0.452s] -- The C compiler identification is GNU 11.4.0
[0.589s] -- The CXX compiler identification is GNU 11.4.0
[0.616s] -- Detecting C compiler ABI info
[0.914s] -- Detecting C compiler ABI info - done
[0.951s] -- Check for working C compiler: /usr/bin/cc - skipped
[0.952s] -- Detecting C compile features
[0.952s] -- Detecting C compile features - done
[0.966s] -- Detecting CXX compiler ABI info
[1.282s] -- Detecting CXX compiler ABI info - done
[1.302s] -- Check for working CXX compiler: /usr/bin/c++ - skipped
[1.302s] -- Detecting CXX compile features
[1.309s] -- Detecting CXX compile features - done
[1.322s] -- Found ament_cmake_ros: 0.10.0 (/opt/ros/humble/share/ament_cmake_ros/cmake)
[1.907s] -- Found Python3: /usr/bin/python3 (found version "3.10.12") found components: Interpreter 
[2.079s] -- Override CMake install command with custom implementation using symlinks instead of copying resources
[2.307s] -- Configuring done
[2.323s] -- Generating done
[2.325s] -- Build files have been written to: /home/wellyowo/locobot_sim/locobot_ws/build/ecl_lite
[2.385s] Invoked command in '/home/wellyowo/locobot_sim/locobot_ws/build/ecl_lite' returned '0': AMENT_PREFIX_PATH=/home/wellyowo/locobot_sim/locobot_ws/install/ecl_time_lite:/home/wellyowo/locobot_sim/locobot_ws/install/ecl_sigslots_lite:/home/wellyowo/locobot_sim/locobot_ws/install/ecl_io:/home/wellyowo/locobot_sim/locobot_ws/install/ecl_errors:/home/wellyowo/locobot_sim/locobot_ws/install/ecl_converters_lite:/home/wellyowo/locobot_sim/locobot_ws/install/ecl_config:${AMENT_PREFIX_PATH} CMAKE_PREFIX_PATH=/home/wellyowo/locobot_sim/locobot_ws/install/ecl_time_lite:/home/wellyowo/locobot_sim/locobot_ws/install/ecl_sigslots_lite:/home/wellyowo/locobot_sim/locobot_ws/install/ecl_io:/home/wellyowo/locobot_sim/locobot_ws/install/ecl_errors:/home/wellyowo/locobot_sim/locobot_ws/install/ecl_converters_lite:/home/wellyowo/locobot_sim/locobot_ws/install/ecl_config:/opt/ros/humble LD_LIBRARY_PATH=/home/wellyowo/locobot_sim/locobot_ws/install/ecl_time_lite/lib:/home/wellyowo/locobot_sim/locobot_ws/install/ecl_io/lib:/home/wellyowo/locobot_sim/locobot_ws/install/ecl_errors/lib:/opt/ros/humble/opt/rviz_ogre_vendor/lib:/opt/ros/humble/lib/x86_64-linux-gnu:/opt/ros/humble/lib:/usr/local/nvidia/lib:/usr/local/nvidia/lib64:/usr/lib/x86_64-linux-gnu/gazebo-11/plugins PATH=/home/wellyowo/locobot_sim/locobot_ws/install/ecl_config/bin:${PATH} /usr/bin/cmake /home/wellyowo/locobot_sim/locobot_ws/src/ThirdParty/ecl/ecl_lite/ecl_lite -DBUILD_TESTING=OFF -DCMAKE_PREFIX_PATH= -DAMENT_CMAKE_SYMLINK_INSTALL=1 -DCMAKE_INSTALL_PREFIX=/home/wellyowo/locobot_sim/locobot_ws/install/ecl_lite
[2.386s] Invoking command in '/home/wellyowo/locobot_sim/locobot_ws/build/ecl_lite': AMENT_PREFIX_PATH=/home/wellyowo/locobot_sim/locobot_ws/install/ecl_time_lite:/home/wellyowo/locobot_sim/locobot_ws/install/ecl_sigslots_lite:/home/wellyowo/locobot_sim/locobot_ws/install/ecl_io:/home/wellyowo/locobot_sim/locobot_ws/install/ecl_errors:/home/wellyowo/locobot_sim/locobot_ws/install/ecl_converters_lite:/home/wellyowo/locobot_sim/locobot_ws/install/ecl_config:${AMENT_PREFIX_PATH} CMAKE_PREFIX_PATH=/home/wellyowo/locobot_sim/locobot_ws/install/ecl_time_lite:/home/wellyowo/locobot_sim/locobot_ws/install/ecl_sigslots_lite:/home/wellyowo/locobot_sim/locobot_ws/install/ecl_io:/home/wellyowo/locobot_sim/locobot_ws/install/ecl_errors:/home/wellyowo/locobot_sim/locobot_ws/install/ecl_converters_lite:/home/wellyowo/locobot_sim/locobot_ws/install/ecl_config:/opt/ros/humble LD_LIBRARY_PATH=/home/wellyowo/locobot_sim/locobot_ws/install/ecl_time_lite/lib:/home/wellyowo/locobot_sim/locobot_ws/install/ecl_io/lib:/home/wellyowo/locobot_sim/locobot_ws/install/ecl_errors/lib:/opt/ros/humble/opt/rviz_ogre_vendor/lib:/opt/ros/humble/lib/x86_64-linux-gnu:/opt/ros/humble/lib:/usr/local/nvidia/lib:/usr/local/nvidia/lib64:/usr/lib/x86_64-linux-gnu/gazebo-11/plugins PATH=/home/wellyowo/locobot_sim/locobot_ws/install/ecl_config/bin:${PATH} /usr/bin/cmake --build /home/wellyowo/locobot_sim/locobot_ws/build/ecl_lite -- -j16 -l16
[2.538s] Invoked command in '/home/wellyowo/locobot_sim/locobot_ws/build/ecl_lite' returned '0': AMENT_PREFIX_PATH=/home/wellyowo/locobot_sim/locobot_ws/install/ecl_time_lite:/home/wellyowo/locobot_sim/locobot_ws/install/ecl_sigslots_lite:/home/wellyowo/locobot_sim/locobot_ws/install/ecl_io:/home/wellyowo/locobot_sim/locobot_ws/install/ecl_errors:/home/wellyowo/locobot_sim/locobot_ws/install/ecl_converters_lite:/home/wellyowo/locobot_sim/locobot_ws/install/ecl_config:${AMENT_PREFIX_PATH} CMAKE_PREFIX_PATH=/home/wellyowo/locobot_sim/locobot_ws/install/ecl_time_lite:/home/wellyowo/locobot_sim/locobot_ws/install/ecl_sigslots_lite:/home/wellyowo/locobot_sim/locobot_ws/install/ecl_io:/home/wellyowo/locobot_sim/locobot_ws/install/ecl_errors:/home/wellyowo/locobot_sim/locobot_ws/install/ecl_converters_lite:/home/wellyowo/locobot_sim/locobot_ws/install/ecl_config:/opt/ros/humble LD_LIBRARY_PATH=/home/wellyowo/locobot_sim/locobot_ws/install/ecl_time_lite/lib:/home/wellyowo/locobot_sim/locobot_ws/install/ecl_io/lib:/home/wellyowo/locobot_sim/locobot_ws/install/ecl_errors/lib:/opt/ros/humble/opt/rviz_ogre_vendor/lib:/opt/ros/humble/lib/x86_64-linux-gnu:/opt/ros/humble/lib:/usr/local/nvidia/lib:/usr/local/nvidia/lib64:/usr/lib/x86_64-linux-gnu/gazebo-11/plugins PATH=/home/wellyowo/locobot_sim/locobot_ws/install/ecl_config/bin:${PATH} /usr/bin/cmake --build /home/wellyowo/locobot_sim/locobot_ws/build/ecl_lite -- -j16 -l16
[2.539s] Invoking command in '/home/wellyowo/locobot_sim/locobot_ws/build/ecl_lite': AMENT_PREFIX_PATH=/home/wellyowo/locobot_sim/locobot_ws/install/ecl_time_lite:/home/wellyowo/locobot_sim/locobot_ws/install/ecl_sigslots_lite:/home/wellyowo/locobot_sim/locobot_ws/install/ecl_io:/home/wellyowo/locobot_sim/locobot_ws/install/ecl_errors:/home/wellyowo/locobot_sim/locobot_ws/install/ecl_converters_lite:/home/wellyowo/locobot_sim/locobot_ws/install/ecl_config:${AMENT_PREFIX_PATH} CMAKE_PREFIX_PATH=/home/wellyowo/locobot_sim/locobot_ws/install/ecl_time_lite:/home/wellyowo/locobot_sim/locobot_ws/install/ecl_sigslots_lite:/home/wellyowo/locobot_sim/locobot_ws/install/ecl_io:/home/wellyowo/locobot_sim/locobot_ws/install/ecl_errors:/home/wellyowo/locobot_sim/locobot_ws/install/ecl_converters_lite:/home/wellyowo/locobot_sim/locobot_ws/install/ecl_config:/opt/ros/humble LD_LIBRARY_PATH=/home/wellyowo/locobot_sim/locobot_ws/install/ecl_time_lite/lib:/home/wellyowo/locobot_sim/locobot_ws/install/ecl_io/lib:/home/wellyowo/locobot_sim/locobot_ws/install/ecl_errors/lib:/opt/ros/humble/opt/rviz_ogre_vendor/lib:/opt/ros/humble/lib/x86_64-linux-gnu:/opt/ros/humble/lib:/usr/local/nvidia/lib:/usr/local/nvidia/lib64:/usr/lib/x86_64-linux-gnu/gazebo-11/plugins PATH=/home/wellyowo/locobot_sim/locobot_ws/install/ecl_config/bin:${PATH} /usr/bin/cmake --install /home/wellyowo/locobot_sim/locobot_ws/build/ecl_lite
[2.547s] -- Install configuration: ""
[2.549s] -- Execute custom install script
[2.551s] -- Symlinking: /home/wellyowo/locobot_sim/locobot_ws/install/ecl_lite/share/ament_index/resource_index/package_run_dependencies/ecl_lite
[2.592s] -- Symlinking: /home/wellyowo/locobot_sim/locobot_ws/install/ecl_lite/share/ament_index/resource_index/parent_prefix_path/ecl_lite
[2.632s] -- Symlinking: /home/wellyowo/locobot_sim/locobot_ws/install/ecl_lite/share/ecl_lite/environment/ament_prefix_path.sh
[2.654s] -- Symlinking: /home/wellyowo/locobot_sim/locobot_ws/install/ecl_lite/share/ecl_lite/environment/ament_prefix_path.dsv
[2.712s] -- Symlinking: /home/wellyowo/locobot_sim/locobot_ws/install/ecl_lite/share/ecl_lite/environment/path.sh
[2.801s] -- Symlinking: /home/wellyowo/locobot_sim/locobot_ws/install/ecl_lite/share/ecl_lite/environment/path.dsv
[2.840s] -- Symlinking: /home/wellyowo/locobot_sim/locobot_ws/install/ecl_lite/share/ecl_lite/local_setup.bash
[2.870s] -- Symlinking: /home/wellyowo/locobot_sim/locobot_ws/install/ecl_lite/share/ecl_lite/local_setup.sh
[2.906s] -- Symlinking: /home/wellyowo/locobot_sim/locobot_ws/install/ecl_lite/share/ecl_lite/local_setup.zsh
[2.943s] -- Symlinking: /home/wellyowo/locobot_sim/locobot_ws/install/ecl_lite/share/ecl_lite/local_setup.dsv
[2.982s] -- Symlinking: /home/wellyowo/locobot_sim/locobot_ws/install/ecl_lite/share/ecl_lite/package.dsv
[3.020s] -- Symlinking: /home/wellyowo/locobot_sim/locobot_ws/install/ecl_lite/share/ament_index/resource_index/packages/ecl_lite
[3.061s] -- Symlinking: /home/wellyowo/locobot_sim/locobot_ws/install/ecl_lite/share/ecl_lite/cmake/ecl_liteConfig.cmake
[3.109s] -- Symlinking: /home/wellyowo/locobot_sim/locobot_ws/install/ecl_lite/share/ecl_lite/cmake/ecl_liteConfig-version.cmake
[3.146s] -- Symlinking: /home/wellyowo/locobot_sim/locobot_ws/install/ecl_lite/share/ecl_lite/package.xml
[3.208s] Invoked command in '/home/wellyowo/locobot_sim/locobot_ws/build/ecl_lite' returned '0': AMENT_PREFIX_PATH=/home/wellyowo/locobot_sim/locobot_ws/install/ecl_time_lite:/home/wellyowo/locobot_sim/locobot_ws/install/ecl_sigslots_lite:/home/wellyowo/locobot_sim/locobot_ws/install/ecl_io:/home/wellyowo/locobot_sim/locobot_ws/install/ecl_errors:/home/wellyowo/locobot_sim/locobot_ws/install/ecl_converters_lite:/home/wellyowo/locobot_sim/locobot_ws/install/ecl_config:${AMENT_PREFIX_PATH} CMAKE_PREFIX_PATH=/home/wellyowo/locobot_sim/locobot_ws/install/ecl_time_lite:/home/wellyowo/locobot_sim/locobot_ws/install/ecl_sigslots_lite:/home/wellyowo/locobot_sim/locobot_ws/install/ecl_io:/home/wellyowo/locobot_sim/locobot_ws/install/ecl_errors:/home/wellyowo/locobot_sim/locobot_ws/install/ecl_converters_lite:/home/wellyowo/locobot_sim/locobot_ws/install/ecl_config:/opt/ros/humble LD_LIBRARY_PATH=/home/wellyowo/locobot_sim/locobot_ws/install/ecl_time_lite/lib:/home/wellyowo/locobot_sim/locobot_ws/install/ecl_io/lib:/home/wellyowo/locobot_sim/locobot_ws/install/ecl_errors/lib:/opt/ros/humble/opt/rviz_ogre_vendor/lib:/opt/ros/humble/lib/x86_64-linux-gnu:/opt/ros/humble/lib:/usr/local/nvidia/lib:/usr/local/nvidia/lib64:/usr/lib/x86_64-linux-gnu/gazebo-11/plugins PATH=/home/wellyowo/locobot_sim/locobot_ws/install/ecl_config/bin:${PATH} /usr/bin/cmake --install /home/wellyowo/locobot_sim/locobot_ws/build/ecl_lite
