[0.697s] Invoking command in '/home/wellyowo/locobot_sim/locobot_ws/build/interbotix_common_modules': PYTHONPATH=/home/wellyowo/locobot_sim/locobot_ws/build/interbotix_common_modules/prefix_override:/usr/lib/python3/dist-packages/colcon_core/task/python/colcon_distutils_commands:/home/wellyowo/locobot_sim/locobot_ws/install/interbotix_common_modules/lib/python3.10/site-packages:${PYTHONPATH} /usr/bin/python3 -W ignore:setup.py install is deprecated -W ignore:easy_install command is deprecated setup.py develop --editable --build-directory /home/wellyowo/locobot_sim/locobot_ws/build/interbotix_common_modules/build --no-deps symlink_data
[1.750s] running develop
[1.750s] running egg_info
[1.750s] creating interbotix_common_modules.egg-info
[1.751s] writing interbotix_common_modules.egg-info/PKG-INFO
[1.751s] writing dependency_links to interbotix_common_modules.egg-info/dependency_links.txt
[1.751s] writing entry points to interbotix_common_modules.egg-info/entry_points.txt
[1.751s] writing requirements to interbotix_common_modules.egg-info/requires.txt
[1.751s] writing top-level names to interbotix_common_modules.egg-info/top_level.txt
[1.751s] writing manifest file 'interbotix_common_modules.egg-info/SOURCES.txt'
[1.751s] reading manifest file 'interbotix_common_modules.egg-info/SOURCES.txt'
[1.751s] writing manifest file 'interbotix_common_modules.egg-info/SOURCES.txt'
[1.751s] running build_ext
[1.751s] Creating /home/wellyowo/locobot_sim/locobot_ws/install/interbotix_common_modules/lib/python3.10/site-packages/interbotix-common-modules.egg-link (link to .)
[1.751s] 
[1.751s] Installed /home/wellyowo/locobot_sim/locobot_ws/build/interbotix_common_modules
[1.751s] running symlink_data
[1.752s] creating /home/wellyowo/locobot_sim/locobot_ws/install/interbotix_common_modules/share/ament_index
[1.752s] creating /home/wellyowo/locobot_sim/locobot_ws/install/interbotix_common_modules/share/ament_index/resource_index
[1.752s] creating /home/wellyowo/locobot_sim/locobot_ws/install/interbotix_common_modules/share/ament_index/resource_index/packages
[1.752s] symbolically linking /home/wellyowo/locobot_sim/locobot_ws/build/interbotix_common_modules/resource/interbotix_common_modules -> /home/wellyowo/locobot_sim/locobot_ws/install/interbotix_common_modules/share/ament_index/resource_index/packages
[1.762s] symbolically linking /home/wellyowo/locobot_sim/locobot_ws/build/interbotix_common_modules/package.xml -> /home/wellyowo/locobot_sim/locobot_ws/install/interbotix_common_modules/share/interbotix_common_modules
[1.764s] Invoked command in '/home/wellyowo/locobot_sim/locobot_ws/build/interbotix_common_modules' returned '0': PYTHONPATH=/home/wellyowo/locobot_sim/locobot_ws/build/interbotix_common_modules/prefix_override:/usr/lib/python3/dist-packages/colcon_core/task/python/colcon_distutils_commands:/home/wellyowo/locobot_sim/locobot_ws/install/interbotix_common_modules/lib/python3.10/site-packages:${PYTHONPATH} /usr/bin/python3 -W ignore:setup.py install is deprecated -W ignore:easy_install command is deprecated setup.py develop --editable --build-directory /home/wellyowo/locobot_sim/locobot_ws/build/interbotix_common_modules/build --no-deps symlink_data
