[0.007s] Invoking command in '/home/wellyowo/locobot_sim/locobot_ws/build/interbotix_moveit_interface': AMENT_PREFIX_PATH=/home/wellyowo/locobot_sim/locobot_ws/install/moveit_visual_tools:/home/wellyowo/locobot_sim/locobot_ws/install/interbotix_moveit_interface_msgs:${AMENT_PREFIX_PATH} CMAKE_PREFIX_PATH=/home/wellyowo/locobot_sim/locobot_ws/install/moveit_visual_tools:/home/wellyowo/locobot_sim/locobot_ws/install/interbotix_moveit_interface_msgs:/opt/ros/humble LD_LIBRARY_PATH=/home/wellyowo/locobot_sim/locobot_ws/install/moveit_visual_tools/lib:/home/wellyowo/locobot_sim/locobot_ws/install/interbotix_moveit_interface_msgs/lib:${LD_LIBRARY_PATH} PYTHONPATH=/home/wellyowo/locobot_sim/locobot_ws/install/interbotix_moveit_interface_msgs/local/lib/python3.10/dist-packages:${PYTHONPATH} /usr/bin/cmake /home/wellyowo/locobot_sim/locobot_ws/src/interbotix_ros_toolboxes/interbotix_common_toolbox/interbotix_moveit_interface -DBUILD_TESTING=OFF -DCMAKE_PREFIX_PATH= -DAMENT_CMAKE_SYMLINK_INSTALL=1 -DCMAKE_INSTALL_PREFIX=/home/wellyowo/locobot_sim/locobot_ws/install/interbotix_moveit_interface
[0.045s] -- The C compiler identification is GNU 11.4.0
[0.086s] -- The CXX compiler identification is GNU 11.4.0
[0.092s] -- Detecting C compiler ABI info
[0.146s] -- Detecting C compiler ABI info - done
[0.151s] -- Check for working C compiler: /usr/bin/cc - skipped
[0.151s] -- Detecting C compile features
[0.151s] -- Detecting C compile features - done
[0.154s] -- Detecting CXX compiler ABI info
[0.211s] -- Detecting CXX compiler ABI info - done
[0.217s] -- Check for working CXX compiler: /usr/bin/c++ - skipped
[0.217s] -- Detecting CXX compile features
[0.217s] -- Detecting CXX compile features - done
[0.219s] -- Found ament_cmake: 1.3.11 (/opt/ros/humble/share/ament_cmake/cmake)
[0.314s] -- Found Python3: /usr/bin/python3 (found version "3.10.12") found components: Interpreter 
[0.360s] -- Override CMake install command with custom implementation using symlinks instead of copying resources
[0.379s] -- Found interbotix_moveit_interface_msgs: 0.0.0 (/home/wellyowo/locobot_sim/locobot_ws/install/interbotix_moveit_interface_msgs/share/interbotix_moveit_interface_msgs/cmake)
[0.406s] -- Found rosidl_generator_c: 3.1.6 (/opt/ros/humble/share/rosidl_generator_c/cmake)
[0.410s] -- Found rosidl_adapter: 3.1.6 (/opt/ros/humble/share/rosidl_adapter/cmake)
[0.417s] -- Found rosidl_generator_cpp: 3.1.6 (/opt/ros/humble/share/rosidl_generator_cpp/cmake)
[0.426s] -- Using all available rosidl_typesupport_c: rosidl_typesupport_fastrtps_c;rosidl_typesupport_introspection_c
[0.437s] -- Using all available rosidl_typesupport_cpp: rosidl_typesupport_fastrtps_cpp;rosidl_typesupport_introspection_cpp
[0.476s] -- Found moveit_msgs: 2.2.1 (/opt/ros/humble/share/moveit_msgs/cmake)
[0.577s] -- Found moveit_ros_planning_interface: 2.5.9 (/opt/ros/humble/share/moveit_ros_planning_interface/cmake)
[0.695s] -- Found Boost: /usr/lib/x86_64-linux-gnu/cmake/Boost-1.74.0/BoostConfig.cmake (found version "1.74.0") found components: date_time filesystem program_options system thread 
[0.711s] -- Found Boost: /usr/lib/x86_64-linux-gnu/cmake/Boost-1.74.0/BoostConfig.cmake (found version "1.74.0") found components: chrono date_time filesystem iostreams program_options regex serialization system thread 
[0.745s] -- Found parameter_traits: 0.5.0 (/opt/ros/humble/share/parameter_traits/cmake)
[0.776s] -- Found rmw_implementation_cmake: 6.1.2 (/opt/ros/humble/share/rmw_implementation_cmake/cmake)
[0.778s] -- Found rmw_fastrtps_cpp: 6.2.7 (/opt/ros/humble/share/rmw_fastrtps_cpp/cmake)
[0.840s] -- Found OpenSSL: /usr/lib/x86_64-linux-gnu/libcrypto.so (found version "3.0.2")  
[0.858s] -- Found FastRTPS: /opt/ros/humble/include  
[0.892s] -- Using RMW implementation 'rmw_fastrtps_cpp' as default
[0.899s] -- Found Threads: TRUE  
[0.935s] -- Found rclcpp_lifecycle: 16.0.12 (/opt/ros/humble/share/rclcpp_lifecycle/cmake)
[0.953s] -- Found Boost: /usr/lib/x86_64-linux-gnu/cmake/Boost-1.74.0/BoostConfig.cmake (found version "1.74.0") found components: filesystem 
[1.016s] -- library: /usr/lib/x86_64-linux-gnu/libcurl.so
[1.039s] -- Found Eigen3: TRUE (found version "3.4.0") 
[1.039s] -- Ensuring Eigen3 include directory is part of orocos-kdl CMake target
[1.135s] -- Found Boost: /usr/lib/x86_64-linux-gnu/cmake/Boost-1.74.0/BoostConfig.cmake (found version "1.74.0") found components: system filesystem date_time program_options thread chrono 
[1.158s] -- Found Boost: /usr/lib/x86_64-linux-gnu/cmake/Boost-1.74.0/BoostConfig.cmake (found version "1.74.0") found components: thread system filesystem regex date_time program_options 
[1.175s] -- Found Boost: /usr/lib/x86_64-linux-gnu/cmake/Boost-1.74.0/BoostConfig.cmake (found version "1.74.0") found components: system filesystem date_time program_options thread 
[1.196s] -- Found moveit_visual_tools: 4.1.2 (/home/wellyowo/locobot_sim/locobot_ws/install/moveit_visual_tools/share/moveit_visual_tools/cmake)
[1.234s] -- Setting assimp_DIR to: '/opt/ros/humble/share/rviz_assimp_vendor/cmake/../../../opt/rviz_assimp_vendor/lib/cmake/assimp-4.1'
[1.239s] -- Setting OGRE_DIR to: '/opt/ros/humble/share/rviz_ogre_vendor/cmake/../../../opt/rviz_ogre_vendor/lib/OGRE/cmake'
[1.240s] -- Found OGRE
[1.240s] --   static     : OFF
[1.240s] --   components : HLMS;MeshLodGenerator;Overlay;Paging;Property;RTShaderSystem;Terrain;Volume
[1.240s] --   plugins    : Plugin_BSPSceneManager;Plugin_OctreeSceneManager;Plugin_PCZSceneManager;Plugin_ParticleFX;RenderSystem_GL;RenderSystem_GL3Plus;Codec_STBI
[1.240s] --   media      : /opt/ros/humble/opt/rviz_ogre_vendor/share/OGRE/Media
[1.240s] -- OGRE_LIBRARIES: OgreHLMS;OgreMeshLodGenerator;OgreOverlay;OgrePaging;OgreProperty;OgreRTShaderSystem;OgreTerrain;OgreVolume;OgreMain
[1.240s] -- OGRE_LIBRARY_DIRS: /opt/ros/humble/opt/rviz_ogre_vendor/lib
[1.240s] -- OGRE_PLUGINS: Plugin_BSPSceneManager;Plugin_OctreeSceneManager;Plugin_PCZSceneManager;Plugin_ParticleFX;RenderSystem_GL;RenderSystem_GL3Plus;Codec_STBI
[1.240s] -- OGRE_PLUGIN_DIR: /opt/ros/humble/opt/rviz_ogre_vendor/lib/OGRE
[1.240s] -- rviz_ogre_vendor::OgreOverlay for IMPORTED_LOCATION_RELEASE: /opt/ros/humble/opt/rviz_ogre_vendor/lib/libOgreOverlay.so
[1.241s] -- rviz_ogre_vendor::OgreOverlay for IMPORTED_LOCATION_DEBUG: /opt/ros/humble/opt/rviz_ogre_vendor/lib/libOgreOverlay.so
[1.241s] -- rviz_ogre_vendor::OgreMain for IMPORTED_LOCATION_RELEASE: /opt/ros/humble/opt/rviz_ogre_vendor/lib/libOgreMain.so
[1.241s] -- rviz_ogre_vendor::OgreMain for IMPORTED_LOCATION_DEBUG: /opt/ros/humble/opt/rviz_ogre_vendor/lib/libOgreMain.so
[1.251s] -- Found ZLIB: /usr/lib/x86_64-linux-gnu/libz.so (found version "1.2.11") 
[1.253s] -- Found OpenGL: /usr/lib/x86_64-linux-gnu/libOpenGL.so   
[1.306s] -- Found X11: /usr/include   
[1.307s] -- Looking for XOpenDisplay in /usr/lib/x86_64-linux-gnu/libX11.so;/usr/lib/x86_64-linux-gnu/libXext.so
[1.356s] -- Looking for XOpenDisplay in /usr/lib/x86_64-linux-gnu/libX11.so;/usr/lib/x86_64-linux-gnu/libXext.so - found
[1.356s] -- Looking for gethostbyname
[1.402s] -- Looking for gethostbyname - found
[1.402s] -- Looking for connect
[1.448s] -- Looking for connect - found
[1.448s] -- Looking for remove
[1.494s] -- Looking for remove - found
[1.494s] -- Looking for shmat
[1.541s] -- Looking for shmat - found
[1.541s] -- Looking for IceConnectionNumber in ICE
[1.589s] -- Looking for IceConnectionNumber in ICE - found
[1.704s] -- Configuring done
[1.730s] -- Generating done
[1.737s] -- Build files have been written to: /home/wellyowo/locobot_sim/locobot_ws/build/interbotix_moveit_interface
[1.749s] Invoked command in '/home/wellyowo/locobot_sim/locobot_ws/build/interbotix_moveit_interface' returned '0': AMENT_PREFIX_PATH=/home/wellyowo/locobot_sim/locobot_ws/install/moveit_visual_tools:/home/wellyowo/locobot_sim/locobot_ws/install/interbotix_moveit_interface_msgs:${AMENT_PREFIX_PATH} CMAKE_PREFIX_PATH=/home/wellyowo/locobot_sim/locobot_ws/install/moveit_visual_tools:/home/wellyowo/locobot_sim/locobot_ws/install/interbotix_moveit_interface_msgs:/opt/ros/humble LD_LIBRARY_PATH=/home/wellyowo/locobot_sim/locobot_ws/install/moveit_visual_tools/lib:/home/wellyowo/locobot_sim/locobot_ws/install/interbotix_moveit_interface_msgs/lib:${LD_LIBRARY_PATH} PYTHONPATH=/home/wellyowo/locobot_sim/locobot_ws/install/interbotix_moveit_interface_msgs/local/lib/python3.10/dist-packages:${PYTHONPATH} /usr/bin/cmake /home/wellyowo/locobot_sim/locobot_ws/src/interbotix_ros_toolboxes/interbotix_common_toolbox/interbotix_moveit_interface -DBUILD_TESTING=OFF -DCMAKE_PREFIX_PATH= -DAMENT_CMAKE_SYMLINK_INSTALL=1 -DCMAKE_INSTALL_PREFIX=/home/wellyowo/locobot_sim/locobot_ws/install/interbotix_moveit_interface
[1.749s] Invoking command in '/home/wellyowo/locobot_sim/locobot_ws/build/interbotix_moveit_interface': AMENT_PREFIX_PATH=/home/wellyowo/locobot_sim/locobot_ws/install/moveit_visual_tools:/home/wellyowo/locobot_sim/locobot_ws/install/interbotix_moveit_interface_msgs:${AMENT_PREFIX_PATH} CMAKE_PREFIX_PATH=/home/wellyowo/locobot_sim/locobot_ws/install/moveit_visual_tools:/home/wellyowo/locobot_sim/locobot_ws/install/interbotix_moveit_interface_msgs:/opt/ros/humble LD_LIBRARY_PATH=/home/wellyowo/locobot_sim/locobot_ws/install/moveit_visual_tools/lib:/home/wellyowo/locobot_sim/locobot_ws/install/interbotix_moveit_interface_msgs/lib:${LD_LIBRARY_PATH} PYTHONPATH=/home/wellyowo/locobot_sim/locobot_ws/install/interbotix_moveit_interface_msgs/local/lib/python3.10/dist-packages:${PYTHONPATH} /usr/bin/cmake --build /home/wellyowo/locobot_sim/locobot_ws/build/interbotix_moveit_interface -- -j16 -l16
[1.787s] [ 33%] [32mBuilding CXX object CMakeFiles/moveit_interface.dir/src/moveit_interface.cpp.o[0m
[9.529s] [ 66%] [32mBuilding CXX object CMakeFiles/moveit_interface.dir/src/moveit_interface_obj.cpp.o[0m
[21.441s] [100%] [32m[1mLinking CXX executable moveit_interface[0m
[22.588s] [100%] Built target moveit_interface
[22.619s] Invoked command in '/home/wellyowo/locobot_sim/locobot_ws/build/interbotix_moveit_interface' returned '0': AMENT_PREFIX_PATH=/home/wellyowo/locobot_sim/locobot_ws/install/moveit_visual_tools:/home/wellyowo/locobot_sim/locobot_ws/install/interbotix_moveit_interface_msgs:${AMENT_PREFIX_PATH} CMAKE_PREFIX_PATH=/home/wellyowo/locobot_sim/locobot_ws/install/moveit_visual_tools:/home/wellyowo/locobot_sim/locobot_ws/install/interbotix_moveit_interface_msgs:/opt/ros/humble LD_LIBRARY_PATH=/home/wellyowo/locobot_sim/locobot_ws/install/moveit_visual_tools/lib:/home/wellyowo/locobot_sim/locobot_ws/install/interbotix_moveit_interface_msgs/lib:${LD_LIBRARY_PATH} PYTHONPATH=/home/wellyowo/locobot_sim/locobot_ws/install/interbotix_moveit_interface_msgs/local/lib/python3.10/dist-packages:${PYTHONPATH} /usr/bin/cmake --build /home/wellyowo/locobot_sim/locobot_ws/build/interbotix_moveit_interface -- -j16 -l16
[22.620s] Invoking command in '/home/wellyowo/locobot_sim/locobot_ws/build/interbotix_moveit_interface': AMENT_PREFIX_PATH=/home/wellyowo/locobot_sim/locobot_ws/install/moveit_visual_tools:/home/wellyowo/locobot_sim/locobot_ws/install/interbotix_moveit_interface_msgs:${AMENT_PREFIX_PATH} CMAKE_PREFIX_PATH=/home/wellyowo/locobot_sim/locobot_ws/install/moveit_visual_tools:/home/wellyowo/locobot_sim/locobot_ws/install/interbotix_moveit_interface_msgs:/opt/ros/humble LD_LIBRARY_PATH=/home/wellyowo/locobot_sim/locobot_ws/install/moveit_visual_tools/lib:/home/wellyowo/locobot_sim/locobot_ws/install/interbotix_moveit_interface_msgs/lib:${LD_LIBRARY_PATH} PYTHONPATH=/home/wellyowo/locobot_sim/locobot_ws/install/interbotix_moveit_interface_msgs/local/lib/python3.10/dist-packages:${PYTHONPATH} /usr/bin/cmake --install /home/wellyowo/locobot_sim/locobot_ws/build/interbotix_moveit_interface
[22.630s] -- Install configuration: ""
[22.630s] -- Execute custom install script
[22.630s] -- Symlinking: /home/wellyowo/locobot_sim/locobot_ws/install/interbotix_moveit_interface/lib/interbotix_moveit_interface/moveit_interface
[22.641s] -- Symlinking: /home/wellyowo/locobot_sim/locobot_ws/install/interbotix_moveit_interface/lib/interbotix_moveit_interface/moveit_interface_gui
[22.655s] -- Symlinking: /home/wellyowo/locobot_sim/locobot_ws/install/interbotix_moveit_interface/share/ament_index/resource_index/package_run_dependencies/interbotix_moveit_interface
[22.670s] -- Symlinking: /home/wellyowo/locobot_sim/locobot_ws/install/interbotix_moveit_interface/share/ament_index/resource_index/parent_prefix_path/interbotix_moveit_interface
[22.685s] -- Symlinking: /home/wellyowo/locobot_sim/locobot_ws/install/interbotix_moveit_interface/share/interbotix_moveit_interface/environment/ament_prefix_path.sh
[22.697s] -- Symlinking: /home/wellyowo/locobot_sim/locobot_ws/install/interbotix_moveit_interface/share/interbotix_moveit_interface/environment/ament_prefix_path.dsv
[22.714s] -- Symlinking: /home/wellyowo/locobot_sim/locobot_ws/install/interbotix_moveit_interface/share/interbotix_moveit_interface/environment/path.sh
[22.728s] -- Symlinking: /home/wellyowo/locobot_sim/locobot_ws/install/interbotix_moveit_interface/share/interbotix_moveit_interface/environment/path.dsv
[22.749s] -- Symlinking: /home/wellyowo/locobot_sim/locobot_ws/install/interbotix_moveit_interface/share/interbotix_moveit_interface/local_setup.bash
[22.772s] -- Symlinking: /home/wellyowo/locobot_sim/locobot_ws/install/interbotix_moveit_interface/share/interbotix_moveit_interface/local_setup.sh
[22.816s] -- Symlinking: /home/wellyowo/locobot_sim/locobot_ws/install/interbotix_moveit_interface/share/interbotix_moveit_interface/local_setup.zsh
[22.839s] -- Symlinking: /home/wellyowo/locobot_sim/locobot_ws/install/interbotix_moveit_interface/share/interbotix_moveit_interface/local_setup.dsv
[22.875s] -- Symlinking: /home/wellyowo/locobot_sim/locobot_ws/install/interbotix_moveit_interface/share/interbotix_moveit_interface/package.dsv
[22.914s] -- Symlinking: /home/wellyowo/locobot_sim/locobot_ws/install/interbotix_moveit_interface/share/ament_index/resource_index/packages/interbotix_moveit_interface
[22.950s] -- Symlinking: /home/wellyowo/locobot_sim/locobot_ws/install/interbotix_moveit_interface/share/interbotix_moveit_interface/cmake/interbotix_moveit_interfaceConfig.cmake
[22.970s] -- Symlinking: /home/wellyowo/locobot_sim/locobot_ws/install/interbotix_moveit_interface/share/interbotix_moveit_interface/cmake/interbotix_moveit_interfaceConfig-version.cmake
[22.991s] -- Symlinking: /home/wellyowo/locobot_sim/locobot_ws/install/interbotix_moveit_interface/share/interbotix_moveit_interface/package.xml
[23.022s] Invoked command in '/home/wellyowo/locobot_sim/locobot_ws/build/interbotix_moveit_interface' returned '0': AMENT_PREFIX_PATH=/home/wellyowo/locobot_sim/locobot_ws/install/moveit_visual_tools:/home/wellyowo/locobot_sim/locobot_ws/install/interbotix_moveit_interface_msgs:${AMENT_PREFIX_PATH} CMAKE_PREFIX_PATH=/home/wellyowo/locobot_sim/locobot_ws/install/moveit_visual_tools:/home/wellyowo/locobot_sim/locobot_ws/install/interbotix_moveit_interface_msgs:/opt/ros/humble LD_LIBRARY_PATH=/home/wellyowo/locobot_sim/locobot_ws/install/moveit_visual_tools/lib:/home/wellyowo/locobot_sim/locobot_ws/install/interbotix_moveit_interface_msgs/lib:${LD_LIBRARY_PATH} PYTHONPATH=/home/wellyowo/locobot_sim/locobot_ws/install/interbotix_moveit_interface_msgs/local/lib/python3.10/dist-packages:${PYTHONPATH} /usr/bin/cmake --install /home/wellyowo/locobot_sim/locobot_ws/build/interbotix_moveit_interface
