[0.071s] Invoking command in '/home/wellyowo/locobot_sim/locobot_ws/build/interbotix_xs_driver': AMENT_PREFIX_PATH=/home/wellyowo/locobot_sim/locobot_ws/install/dynamixel_workbench_toolbox:${AMENT_PREFIX_PATH} CMAKE_PREFIX_PATH=/home/wellyowo/locobot_sim/locobot_ws/install/dynamixel_workbench_toolbox:/opt/ros/humble LD_LIBRARY_PATH=/home/wellyowo/locobot_sim/locobot_ws/install/dynamixel_workbench_toolbox/lib:${LD_LIBRARY_PATH} /usr/bin/cmake /home/wellyowo/locobot_sim/locobot_ws/src/interbotix_ros_core/interbotix_ros_xseries/interbotix_xs_driver -DBUILD_TESTING=OFF -DCMAKE_PREFIX_PATH= -DAMENT_CMAKE_SYMLINK_INSTALL=1 -DCMAKE_INSTALL_PREFIX=/home/wellyowo/locobot_sim/locobot_ws/install/interbotix_xs_driver
[4.535s] -- The CXX compiler identification is GNU 11.4.0
[4.536s] -- Detecting CXX compiler ABI info
[4.536s] -- Detecting CXX compiler ABI info - done
[4.537s] -- Check for working CXX compiler: /usr/bin/c++ - skipped
[4.537s] -- Detecting CXX compile features
[4.537s] -- Detecting CXX compile features - done
[4.537s] -- Found dynamixel_workbench_toolbox: 2.2.2 (/home/wellyowo/locobot_sim/locobot_ws/install/dynamixel_workbench_toolbox/share/dynamixel_workbench_toolbox/cmake)
[4.537s] -- Found Python3: /usr/bin/python3 (found version "3.10.12") found components: Interpreter 
[4.537s] -- Override CMake install command with custom implementation using symlinks instead of copying resources
[4.537s] -- Found rosidl_generator_c: 3.1.6 (/opt/ros/humble/share/rosidl_generator_c/cmake)
[4.537s] -- Found rosidl_adapter: 3.1.6 (/opt/ros/humble/share/rosidl_adapter/cmake)
[4.538s] -- Found rosidl_generator_cpp: 3.1.6 (/opt/ros/humble/share/rosidl_generator_cpp/cmake)
[4.538s] -- Using all available rosidl_typesupport_c: rosidl_typesupport_fastrtps_c;rosidl_typesupport_introspection_c
[4.538s] -- Using all available rosidl_typesupport_cpp: rosidl_typesupport_fastrtps_cpp;rosidl_typesupport_introspection_cpp
[4.538s] -- Found rmw_implementation_cmake: 6.1.2 (/opt/ros/humble/share/rmw_implementation_cmake/cmake)
[4.538s] -- Found rmw_fastrtps_cpp: 6.2.7 (/opt/ros/humble/share/rmw_fastrtps_cpp/cmake)
[4.538s] -- Found OpenSSL: /usr/lib/x86_64-linux-gnu/libcrypto.so (found version "3.0.2")  
[4.538s] -- Found FastRTPS: /opt/ros/humble/include  
[4.538s] -- Using RMW implementation 'rmw_fastrtps_cpp' as default
[4.538s] -- Looking for C++ include pthread.h
[4.538s] -- Looking for C++ include pthread.h - found
[4.538s] -- Performing Test CMAKE_HAVE_LIBC_PTHREAD
[4.538s] -- Performing Test CMAKE_HAVE_LIBC_PTHREAD - Success
[4.538s] -- Found Threads: TRUE  
[5.198s] -- Configuring done
[5.265s] -- Generating done
[5.303s] -- Build files have been written to: /home/wellyowo/locobot_sim/locobot_ws/build/interbotix_xs_driver
[5.446s] Invoked command in '/home/wellyowo/locobot_sim/locobot_ws/build/interbotix_xs_driver' returned '0': AMENT_PREFIX_PATH=/home/wellyowo/locobot_sim/locobot_ws/install/dynamixel_workbench_toolbox:${AMENT_PREFIX_PATH} CMAKE_PREFIX_PATH=/home/wellyowo/locobot_sim/locobot_ws/install/dynamixel_workbench_toolbox:/opt/ros/humble LD_LIBRARY_PATH=/home/wellyowo/locobot_sim/locobot_ws/install/dynamixel_workbench_toolbox/lib:${LD_LIBRARY_PATH} /usr/bin/cmake /home/wellyowo/locobot_sim/locobot_ws/src/interbotix_ros_core/interbotix_ros_xseries/interbotix_xs_driver -DBUILD_TESTING=OFF -DCMAKE_PREFIX_PATH= -DAMENT_CMAKE_SYMLINK_INSTALL=1 -DCMAKE_INSTALL_PREFIX=/home/wellyowo/locobot_sim/locobot_ws/install/interbotix_xs_driver
[5.447s] Invoking command in '/home/wellyowo/locobot_sim/locobot_ws/build/interbotix_xs_driver': AMENT_PREFIX_PATH=/home/wellyowo/locobot_sim/locobot_ws/install/dynamixel_workbench_toolbox:${AMENT_PREFIX_PATH} CMAKE_PREFIX_PATH=/home/wellyowo/locobot_sim/locobot_ws/install/dynamixel_workbench_toolbox:/opt/ros/humble LD_LIBRARY_PATH=/home/wellyowo/locobot_sim/locobot_ws/install/dynamixel_workbench_toolbox/lib:${LD_LIBRARY_PATH} /usr/bin/cmake --build /home/wellyowo/locobot_sim/locobot_ws/build/interbotix_xs_driver -- -j16 -l16
[14.395s] [ 33%] [32mBuilding CXX object CMakeFiles/interbotix_xs_driver.dir/src/xs_driver.cpp.o[0m
[14.396s] [ 66%] [32mBuilding CXX object CMakeFiles/interbotix_xs_driver.dir/src/xs_logging.cpp.o[0m
[22.240s] [100%] [32m[1mLinking CXX shared library libinterbotix_xs_driver.so[0m
[22.747s] [100%] Built target interbotix_xs_driver
[22.805s] Invoked command in '/home/wellyowo/locobot_sim/locobot_ws/build/interbotix_xs_driver' returned '0': AMENT_PREFIX_PATH=/home/wellyowo/locobot_sim/locobot_ws/install/dynamixel_workbench_toolbox:${AMENT_PREFIX_PATH} CMAKE_PREFIX_PATH=/home/wellyowo/locobot_sim/locobot_ws/install/dynamixel_workbench_toolbox:/opt/ros/humble LD_LIBRARY_PATH=/home/wellyowo/locobot_sim/locobot_ws/install/dynamixel_workbench_toolbox/lib:${LD_LIBRARY_PATH} /usr/bin/cmake --build /home/wellyowo/locobot_sim/locobot_ws/build/interbotix_xs_driver -- -j16 -l16
[22.805s] Invoking command in '/home/wellyowo/locobot_sim/locobot_ws/build/interbotix_xs_driver': AMENT_PREFIX_PATH=/home/wellyowo/locobot_sim/locobot_ws/install/dynamixel_workbench_toolbox:${AMENT_PREFIX_PATH} CMAKE_PREFIX_PATH=/home/wellyowo/locobot_sim/locobot_ws/install/dynamixel_workbench_toolbox:/opt/ros/humble LD_LIBRARY_PATH=/home/wellyowo/locobot_sim/locobot_ws/install/dynamixel_workbench_toolbox/lib:${LD_LIBRARY_PATH} /usr/bin/cmake --install /home/wellyowo/locobot_sim/locobot_ws/build/interbotix_xs_driver
[55.862s] -- Install configuration: ""
[55.862s] -- Execute custom install script
[55.862s] -- Symlinking: /home/wellyowo/locobot_sim/locobot_ws/install/interbotix_xs_driver/include/interbotix_xs_driver/version.hpp
[55.862s] -- Symlinking: /home/wellyowo/locobot_sim/locobot_ws/install/interbotix_xs_driver/include/interbotix_xs_driver/xs_common.hpp
[55.862s] -- Symlinking: /home/wellyowo/locobot_sim/locobot_ws/install/interbotix_xs_driver/include/interbotix_xs_driver/xs_driver.hpp
[55.862s] -- Symlinking: /home/wellyowo/locobot_sim/locobot_ws/install/interbotix_xs_driver/include/interbotix_xs_driver/xs_logging.hpp
[55.863s] -- Symlinking: /home/wellyowo/locobot_sim/locobot_ws/install/interbotix_xs_driver/share/interbotix_xs_driver/package.xml
[55.863s] -- Symlinking: /home/wellyowo/locobot_sim/locobot_ws/install/interbotix_xs_driver/share/ament_index/resource_index/package_run_dependencies/interbotix_xs_driver
[55.863s] -- Symlinking: /home/wellyowo/locobot_sim/locobot_ws/install/interbotix_xs_driver/share/ament_index/resource_index/parent_prefix_path/interbotix_xs_driver
[55.863s] -- Symlinking: /home/wellyowo/locobot_sim/locobot_ws/install/interbotix_xs_driver/share/interbotix_xs_driver/environment/ament_prefix_path.sh
[55.863s] -- Symlinking: /home/wellyowo/locobot_sim/locobot_ws/install/interbotix_xs_driver/share/interbotix_xs_driver/environment/ament_prefix_path.dsv
[55.863s] -- Symlinking: /home/wellyowo/locobot_sim/locobot_ws/install/interbotix_xs_driver/share/interbotix_xs_driver/environment/path.sh
[55.863s] -- Symlinking: /home/wellyowo/locobot_sim/locobot_ws/install/interbotix_xs_driver/share/interbotix_xs_driver/environment/path.dsv
[55.863s] -- Symlinking: /home/wellyowo/locobot_sim/locobot_ws/install/interbotix_xs_driver/share/interbotix_xs_driver/local_setup.bash
[55.873s] -- Symlinking: /home/wellyowo/locobot_sim/locobot_ws/install/interbotix_xs_driver/share/interbotix_xs_driver/local_setup.sh
[55.873s] -- Symlinking: /home/wellyowo/locobot_sim/locobot_ws/install/interbotix_xs_driver/share/interbotix_xs_driver/local_setup.zsh
[55.873s] -- Symlinking: /home/wellyowo/locobot_sim/locobot_ws/install/interbotix_xs_driver/share/interbotix_xs_driver/local_setup.dsv
[55.874s] -- Symlinking: /home/wellyowo/locobot_sim/locobot_ws/install/interbotix_xs_driver/share/interbotix_xs_driver/package.dsv
[55.874s] -- Symlinking: /home/wellyowo/locobot_sim/locobot_ws/install/interbotix_xs_driver/share/ament_index/resource_index/packages/interbotix_xs_driver
[55.874s] -- Symlinking: /home/wellyowo/locobot_sim/locobot_ws/install/interbotix_xs_driver/share/interbotix_xs_driver/cmake/ament_cmake_export_dependencies-extras.cmake
[55.874s] -- Symlinking: /home/wellyowo/locobot_sim/locobot_ws/install/interbotix_xs_driver/share/interbotix_xs_driver/cmake/ament_cmake_export_targets-extras.cmake
[55.874s] -- Symlinking: /home/wellyowo/locobot_sim/locobot_ws/install/interbotix_xs_driver/share/interbotix_xs_driver/cmake/interbotix_xs_driverConfig.cmake
[55.874s] -- Symlinking: /home/wellyowo/locobot_sim/locobot_ws/install/interbotix_xs_driver/share/interbotix_xs_driver/cmake/interbotix_xs_driverConfig-version.cmake
[55.874s] -- Up-to-date symlink: /home/wellyowo/locobot_sim/locobot_ws/install/interbotix_xs_driver/share/interbotix_xs_driver/package.xml
[55.874s] -- Installing: /home/wellyowo/locobot_sim/locobot_ws/install/interbotix_xs_driver/lib/libinterbotix_xs_driver.so
[55.875s] -- Set runtime path of "/home/wellyowo/locobot_sim/locobot_ws/install/interbotix_xs_driver/lib/libinterbotix_xs_driver.so" to ""
[55.880s] -- Installing: /home/wellyowo/locobot_sim/locobot_ws/install/interbotix_xs_driver/share/interbotix_xs_driver/cmake/export_interbotix_xs_driverExport.cmake
[55.881s] -- Installing: /home/wellyowo/locobot_sim/locobot_ws/install/interbotix_xs_driver/share/interbotix_xs_driver/cmake/export_interbotix_xs_driverExport-noconfig.cmake
[55.896s] Invoked command in '/home/wellyowo/locobot_sim/locobot_ws/build/interbotix_xs_driver' returned '0': AMENT_PREFIX_PATH=/home/wellyowo/locobot_sim/locobot_ws/install/dynamixel_workbench_toolbox:${AMENT_PREFIX_PATH} CMAKE_PREFIX_PATH=/home/wellyowo/locobot_sim/locobot_ws/install/dynamixel_workbench_toolbox:/opt/ros/humble LD_LIBRARY_PATH=/home/wellyowo/locobot_sim/locobot_ws/install/dynamixel_workbench_toolbox/lib:${LD_LIBRARY_PATH} /usr/bin/cmake --install /home/wellyowo/locobot_sim/locobot_ws/build/interbotix_xs_driver
