[0.279s] Invoking command in '/home/wellyowo/locobot_sim/locobot_ws/src/build/ecl_type_traits': AMENT_PREFIX_PATH=/home/wellyowo/locobot_sim/locobot_ws/src/install/ecl_mpl:/home/wellyowo/locobot_sim/locobot_ws/src/install/ecl_config:${AMENT_PREFIX_PATH} CMAKE_PREFIX_PATH=/home/wellyowo/locobot_sim/locobot_ws/src/install/ecl_mpl:/home/wellyowo/locobot_sim/locobot_ws/src/install/ecl_config:/opt/ros/humble PATH=/home/wellyowo/locobot_sim/locobot_ws/src/install/ecl_config/bin:${PATH} /usr/bin/cmake /home/wellyowo/locobot_sim/locobot_ws/src/ThirdParty/ecl/ecl_core/ecl_type_traits -DCMAKE_INSTALL_PREFIX=/home/wellyowo/locobot_sim/locobot_ws/src/install/ecl_type_traits
[2.532s] -- The C compiler identification is GNU 11.4.0
[2.533s] -- The CXX compiler identification is GNU 11.4.0
[2.533s] -- Detecting C compiler ABI info
[2.533s] -- Detecting C compiler ABI info - done
[2.533s] -- Check for working C compiler: /usr/bin/cc - skipped
[2.533s] -- Detecting C compile features
[2.533s] -- Detecting C compile features - done
[2.533s] -- Detecting CXX compiler ABI info
[2.533s] -- Detecting CXX compiler ABI info - done
[2.533s] -- Check for working CXX compiler: /usr/bin/c++ - skipped
[2.533s] -- Detecting CXX compile features
[2.533s] -- Detecting CXX compile features - done
[2.534s] -- Found ament_cmake_ros: 0.10.0 (/opt/ros/humble/share/ament_cmake_ros/cmake)
[2.534s] -- Found Python3: /usr/bin/python3 (found version "3.10.12") found components: Interpreter 
[2.588s] -- Found ecl_build: 1.0.3 (/opt/ros/humble/share/ecl_build/cmake)
[2.605s] -- Found ecl_config: 1.2.0 (/home/wellyowo/locobot_sim/locobot_ws/src/install/ecl_config/share/ecl_config/cmake)
[2.609s] -- Found ecl_mpl: 1.2.1 (/home/wellyowo/locobot_sim/locobot_ws/src/install/ecl_mpl/share/ecl_mpl/cmake)
[2.785s] -- Found ament_lint_auto: 0.12.12 (/opt/ros/humble/share/ament_lint_auto/cmake)
[2.902s] -- Found gtest sources under '/opt/ros/humble/src/gtest_vendor': C++ tests using 'Google Test' will be built
[2.909s] -- Looking for pthread.h
[3.178s] -- Looking for pthread.h - found
[3.179s] -- Performing Test CMAKE_HAVE_LIBC_PTHREAD
[3.432s] -- Performing Test CMAKE_HAVE_LIBC_PTHREAD - Success
[3.432s] -- Found Threads: TRUE  
[3.476s] -- Configuring done
[3.518s] -- Generating done
[3.534s] -- Build files have been written to: /home/wellyowo/locobot_sim/locobot_ws/src/build/ecl_type_traits
[3.570s] Invoked command in '/home/wellyowo/locobot_sim/locobot_ws/src/build/ecl_type_traits' returned '0': AMENT_PREFIX_PATH=/home/wellyowo/locobot_sim/locobot_ws/src/install/ecl_mpl:/home/wellyowo/locobot_sim/locobot_ws/src/install/ecl_config:${AMENT_PREFIX_PATH} CMAKE_PREFIX_PATH=/home/wellyowo/locobot_sim/locobot_ws/src/install/ecl_mpl:/home/wellyowo/locobot_sim/locobot_ws/src/install/ecl_config:/opt/ros/humble PATH=/home/wellyowo/locobot_sim/locobot_ws/src/install/ecl_config/bin:${PATH} /usr/bin/cmake /home/wellyowo/locobot_sim/locobot_ws/src/ThirdParty/ecl/ecl_core/ecl_type_traits -DCMAKE_INSTALL_PREFIX=/home/wellyowo/locobot_sim/locobot_ws/src/install/ecl_type_traits
[3.570s] Invoking command in '/home/wellyowo/locobot_sim/locobot_ws/src/build/ecl_type_traits': AMENT_PREFIX_PATH=/home/wellyowo/locobot_sim/locobot_ws/src/install/ecl_mpl:/home/wellyowo/locobot_sim/locobot_ws/src/install/ecl_config:${AMENT_PREFIX_PATH} CMAKE_PREFIX_PATH=/home/wellyowo/locobot_sim/locobot_ws/src/install/ecl_mpl:/home/wellyowo/locobot_sim/locobot_ws/src/install/ecl_config:/opt/ros/humble PATH=/home/wellyowo/locobot_sim/locobot_ws/src/install/ecl_config/bin:${PATH} /usr/bin/cmake --build /home/wellyowo/locobot_sim/locobot_ws/src/build/ecl_type_traits -- -j16 -l16
[6.191s] [  8%] [32mBuilding CXX object src/lib/CMakeFiles/ecl_type_traits.dir/numeric_limits.cpp.o[0m
[6.191s] [ 16%] [32m[1mLinking CXX shared library libecl_type_traits.so[0m
[6.191s] [ 16%] Built target ecl_type_traits
[6.191s] [ 25%] [32mBuilding CXX object gtest/CMakeFiles/gtest.dir/src/gtest-all.cc.o[0m
[15.167s] [ 33%] [32m[1mLinking CXX static library libgtest.a[0m
[15.405s] [ 33%] Built target gtest
[15.477s] [ 41%] [32mBuilding CXX object src/utils/CMakeFiles/ecl_detect_sizes.dir/detect_sizes.cpp.o[0m
[16.471s] [ 50%] [32m[1mLinking CXX executable bin/ecl_detect_sizes[0m
[16.739s] [ 50%] Built target ecl_detect_sizes
[16.808s] [ 58%] [32mBuilding CXX object gtest/CMakeFiles/gtest_main.dir/src/gtest_main.cc.o[0m
[18.539s] [ 66%] [32m[1mLinking CXX static library libgtest_main.a[0m
[18.640s] [ 66%] Built target gtest_main
[18.760s] [ 75%] [32mBuilding CXX object src/test/CMakeFiles/test_numeric_limits.dir/numeric_limits.cpp.o[0m
[21.810s] [ 83%] [32m[1mLinking CXX executable test_numeric_limits[0m
[22.612s] [ 83%] Built target test_numeric_limits
[22.675s] [ 91%] [32mBuilding CXX object src/test/CMakeFiles/test_fundamental_types.dir/fundamental_types.cpp.o[0m
[24.390s] [100%] [32m[1mLinking CXX executable test_fundamental_types[0m
[24.782s] [100%] Built target test_fundamental_types
