[1.124s] Invoking command in '/home/wellyowo/locobot_sim/locobot_ws/src/interbotix_ros_toolboxes/interbotix_common_toolbox/interbotix_common_modules': PYTHONPATH=/home/wellyowo/locobot_sim/locobot_ws/src/build/interbotix_common_modules/prefix_override:/usr/lib/python3/dist-packages/colcon_core/task/python/colcon_distutils_commands:/home/wellyowo/locobot_sim/locobot_ws/src/install/interbotix_common_modules/lib/python3.10/site-packages:${PYTHONPATH} /usr/bin/python3 -W ignore:setup.py install is deprecated -W ignore:easy_install command is deprecated setup.py egg_info --egg-base ../../../build/interbotix_common_modules build --build-base /home/wellyowo/locobot_sim/locobot_ws/src/build/interbotix_common_modules/build install --record /home/wellyowo/locobot_sim/locobot_ws/src/build/interbotix_common_modules/install.log --single-version-externally-managed install_data
[1.595s] running egg_info
[1.597s] writing ../../../build/interbotix_common_modules/interbotix_common_modules.egg-info/PKG-INFO
[1.597s] writing dependency_links to ../../../build/interbotix_common_modules/interbotix_common_modules.egg-info/dependency_links.txt
[1.597s] writing entry points to ../../../build/interbotix_common_modules/interbotix_common_modules.egg-info/entry_points.txt
[1.602s] writing requirements to ../../../build/interbotix_common_modules/interbotix_common_modules.egg-info/requires.txt
[1.602s] writing top-level names to ../../../build/interbotix_common_modules/interbotix_common_modules.egg-info/top_level.txt
[1.603s] reading manifest file '../../../build/interbotix_common_modules/interbotix_common_modules.egg-info/SOURCES.txt'
[1.604s] writing manifest file '../../../build/interbotix_common_modules/interbotix_common_modules.egg-info/SOURCES.txt'
[1.607s] running build
[1.607s] running build_py
[1.609s] running install
[1.610s] running install_lib
[1.623s] running install_data
[1.623s] running install_egg_info
[1.623s] removing '/home/wellyowo/locobot_sim/locobot_ws/src/install/interbotix_common_modules/lib/python3.10/site-packages/interbotix_common_modules-0.0.0-py3.10.egg-info' (and everything under it)
[1.624s] Copying ../../../build/interbotix_common_modules/interbotix_common_modules.egg-info to /home/wellyowo/locobot_sim/locobot_ws/src/install/interbotix_common_modules/lib/python3.10/site-packages/interbotix_common_modules-0.0.0-py3.10.egg-info
[1.624s] running install_scripts
[1.686s] writing list of installed files to '/home/wellyowo/locobot_sim/locobot_ws/src/build/interbotix_common_modules/install.log'
[1.968s] Invoked command in '/home/wellyowo/locobot_sim/locobot_ws/src/interbotix_ros_toolboxes/interbotix_common_toolbox/interbotix_common_modules' returned '0': PYTHONPATH=/home/wellyowo/locobot_sim/locobot_ws/src/build/interbotix_common_modules/prefix_override:/usr/lib/python3/dist-packages/colcon_core/task/python/colcon_distutils_commands:/home/wellyowo/locobot_sim/locobot_ws/src/install/interbotix_common_modules/lib/python3.10/site-packages:${PYTHONPATH} /usr/bin/python3 -W ignore:setup.py install is deprecated -W ignore:easy_install command is deprecated setup.py egg_info --egg-base ../../../build/interbotix_common_modules build --build-base /home/wellyowo/locobot_sim/locobot_ws/src/build/interbotix_common_modules/build install --record /home/wellyowo/locobot_sim/locobot_ws/src/build/interbotix_common_modules/install.log --single-version-externally-managed install_data
