-- Install configuration: ""
-- Up-to-date: /home/wellyowo/locobot_sim/locobot_ws/src/install/ecl_console/include/ecl
-- Up-to-date: /home/wellyowo/locobot_sim/locobot_ws/src/install/ecl_console/include/ecl/console.hpp
-- Up-to-date: /home/wellyowo/locobot_sim/locobot_ws/src/install/ecl_console/share/ament_index/resource_index/package_run_dependencies/ecl_console
-- Up-to-date: /home/wellyowo/locobot_sim/locobot_ws/src/install/ecl_console/share/ament_index/resource_index/parent_prefix_path/ecl_console
-- Up-to-date: /home/wellyowo/locobot_sim/locobot_ws/src/install/ecl_console/share/ecl_console/environment/ament_prefix_path.sh
-- Up-to-date: /home/wellyowo/locobot_sim/locobot_ws/src/install/ecl_console/share/ecl_console/environment/ament_prefix_path.dsv
-- Up-to-date: /home/wellyowo/locobot_sim/locobot_ws/src/install/ecl_console/share/ecl_console/environment/path.sh
-- Up-to-date: /home/wellyowo/locobot_sim/locobot_ws/src/install/ecl_console/share/ecl_console/environment/path.dsv
-- Up-to-date: /home/wellyowo/locobot_sim/locobot_ws/src/install/ecl_console/share/ecl_console/local_setup.bash
-- Up-to-date: /home/wellyowo/locobot_sim/locobot_ws/src/install/ecl_console/share/ecl_console/local_setup.sh
-- Up-to-date: /home/wellyowo/locobot_sim/locobot_ws/src/install/ecl_console/share/ecl_console/local_setup.zsh
-- Up-to-date: /home/wellyowo/locobot_sim/locobot_ws/src/install/ecl_console/share/ecl_console/local_setup.dsv
-- Installing: /home/wellyowo/locobot_sim/locobot_ws/src/install/ecl_console/share/ecl_console/package.dsv
-- Up-to-date: /home/wellyowo/locobot_sim/locobot_ws/src/install/ecl_console/share/ament_index/resource_index/packages/ecl_console
-- Up-to-date: /home/wellyowo/locobot_sim/locobot_ws/src/install/ecl_console/share/ecl_console/cmake/ecl_consoleExport.cmake
-- Up-to-date: /home/wellyowo/locobot_sim/locobot_ws/src/install/ecl_console/share/ecl_console/cmake/ament_cmake_export_targets-extras.cmake
-- Up-to-date: /home/wellyowo/locobot_sim/locobot_ws/src/install/ecl_console/share/ecl_console/cmake/ament_cmake_export_include_directories-extras.cmake
-- Up-to-date: /home/wellyowo/locobot_sim/locobot_ws/src/install/ecl_console/share/ecl_console/cmake/ament_cmake_export_dependencies-extras.cmake
-- Up-to-date: /home/wellyowo/locobot_sim/locobot_ws/src/install/ecl_console/share/ecl_console/cmake/ecl_consoleConfig.cmake
-- Up-to-date: /home/wellyowo/locobot_sim/locobot_ws/src/install/ecl_console/share/ecl_console/cmake/ecl_consoleConfig-version.cmake
-- Up-to-date: /home/wellyowo/locobot_sim/locobot_ws/src/install/ecl_console/share/ecl_console/package.xml
