[0.291s] Invoking command in '/home/wellyowo/locobot_sim/locobot_ws/src/build/ecl_console': AMENT_PREFIX_PATH=/home/wellyowo/locobot_sim/locobot_ws/src/install/ecl_config:${AMENT_PREFIX_PATH} CMAKE_PREFIX_PATH=/home/wellyowo/locobot_sim/locobot_ws/src/install/ecl_config:/opt/ros/humble PATH=/home/wellyowo/locobot_sim/locobot_ws/src/install/ecl_config/bin:${PATH} /usr/bin/cmake --build /home/wellyowo/locobot_sim/locobot_ws/src/build/ecl_console -- -j16 -l16
[0.495s] Invoked command in '/home/wellyowo/locobot_sim/locobot_ws/src/build/ecl_console' returned '0': AMENT_PREFIX_PATH=/home/wellyowo/locobot_sim/locobot_ws/src/install/ecl_config:${AMENT_PREFIX_PATH} CMAKE_PREFIX_PATH=/home/wellyowo/locobot_sim/locobot_ws/src/install/ecl_config:/opt/ros/humble PATH=/home/wellyowo/locobot_sim/locobot_ws/src/install/ecl_config/bin:${PATH} /usr/bin/cmake --build /home/wellyowo/locobot_sim/locobot_ws/src/build/ecl_console -- -j16 -l16
[0.495s] Invoking command in '/home/wellyowo/locobot_sim/locobot_ws/src/build/ecl_console': AMENT_PREFIX_PATH=/home/wellyowo/locobot_sim/locobot_ws/src/install/ecl_config:${AMENT_PREFIX_PATH} CMAKE_PREFIX_PATH=/home/wellyowo/locobot_sim/locobot_ws/src/install/ecl_config:/opt/ros/humble PATH=/home/wellyowo/locobot_sim/locobot_ws/src/install/ecl_config/bin:${PATH} /usr/bin/cmake --install /home/wellyowo/locobot_sim/locobot_ws/src/build/ecl_console
[0.546s] -- Install configuration: ""
[0.546s] -- Up-to-date: /home/wellyowo/locobot_sim/locobot_ws/src/install/ecl_console/include/ecl
[0.546s] -- Up-to-date: /home/wellyowo/locobot_sim/locobot_ws/src/install/ecl_console/include/ecl/console.hpp
[0.546s] -- Up-to-date: /home/wellyowo/locobot_sim/locobot_ws/src/install/ecl_console/share/ament_index/resource_index/package_run_dependencies/ecl_console
[0.547s] -- Up-to-date: /home/wellyowo/locobot_sim/locobot_ws/src/install/ecl_console/share/ament_index/resource_index/parent_prefix_path/ecl_console
[0.547s] -- Up-to-date: /home/wellyowo/locobot_sim/locobot_ws/src/install/ecl_console/share/ecl_console/environment/ament_prefix_path.sh
[0.547s] -- Up-to-date: /home/wellyowo/locobot_sim/locobot_ws/src/install/ecl_console/share/ecl_console/environment/ament_prefix_path.dsv
[0.547s] -- Up-to-date: /home/wellyowo/locobot_sim/locobot_ws/src/install/ecl_console/share/ecl_console/environment/path.sh
[0.547s] -- Up-to-date: /home/wellyowo/locobot_sim/locobot_ws/src/install/ecl_console/share/ecl_console/environment/path.dsv
[0.547s] -- Up-to-date: /home/wellyowo/locobot_sim/locobot_ws/src/install/ecl_console/share/ecl_console/local_setup.bash
[0.547s] -- Up-to-date: /home/wellyowo/locobot_sim/locobot_ws/src/install/ecl_console/share/ecl_console/local_setup.sh
[0.547s] -- Up-to-date: /home/wellyowo/locobot_sim/locobot_ws/src/install/ecl_console/share/ecl_console/local_setup.zsh
[0.547s] -- Up-to-date: /home/wellyowo/locobot_sim/locobot_ws/src/install/ecl_console/share/ecl_console/local_setup.dsv
[0.547s] -- Installing: /home/wellyowo/locobot_sim/locobot_ws/src/install/ecl_console/share/ecl_console/package.dsv
[0.547s] -- Up-to-date: /home/wellyowo/locobot_sim/locobot_ws/src/install/ecl_console/share/ament_index/resource_index/packages/ecl_console
[0.547s] -- Up-to-date: /home/wellyowo/locobot_sim/locobot_ws/src/install/ecl_console/share/ecl_console/cmake/ecl_consoleExport.cmake
[0.547s] -- Up-to-date: /home/wellyowo/locobot_sim/locobot_ws/src/install/ecl_console/share/ecl_console/cmake/ament_cmake_export_targets-extras.cmake
[0.547s] -- Up-to-date: /home/wellyowo/locobot_sim/locobot_ws/src/install/ecl_console/share/ecl_console/cmake/ament_cmake_export_include_directories-extras.cmake
[0.547s] -- Up-to-date: /home/wellyowo/locobot_sim/locobot_ws/src/install/ecl_console/share/ecl_console/cmake/ament_cmake_export_dependencies-extras.cmake
[0.547s] -- Up-to-date: /home/wellyowo/locobot_sim/locobot_ws/src/install/ecl_console/share/ecl_console/cmake/ecl_consoleConfig.cmake
[0.548s] -- Up-to-date: /home/wellyowo/locobot_sim/locobot_ws/src/install/ecl_console/share/ecl_console/cmake/ecl_consoleConfig-version.cmake
[0.548s] -- Up-to-date: /home/wellyowo/locobot_sim/locobot_ws/src/install/ecl_console/share/ecl_console/package.xml
[0.799s] Invoked command in '/home/wellyowo/locobot_sim/locobot_ws/src/build/ecl_console' returned '0': AMENT_PREFIX_PATH=/home/wellyowo/locobot_sim/locobot_ws/src/install/ecl_config:${AMENT_PREFIX_PATH} CMAKE_PREFIX_PATH=/home/wellyowo/locobot_sim/locobot_ws/src/install/ecl_config:/opt/ros/humble PATH=/home/wellyowo/locobot_sim/locobot_ws/src/install/ecl_config/bin:${PATH} /usr/bin/cmake --install /home/wellyowo/locobot_sim/locobot_ws/src/build/ecl_console
