[0.258s] Invoking command in '/home/wellyowo/locobot_sim/locobot_ws/src/build/kobuki_safety_controller': CMAKE_PREFIX_PATH=/opt/ros/humble /usr/bin/cmake --build /home/wellyowo/locobot_sim/locobot_ws/src/build/kobuki_safety_controller -- -j16 -l16
[0.373s] [35m[1mConsolidate compiler generated dependencies of target kobuki_safety_controller[0m
[0.373s] [35m[1mConsolidate compiler generated dependencies of target kobuki_safety_controller_node[0m
[0.374s] [ 50%] Built target kobuki_safety_controller
[0.374s] [100%] Built target kobuki_safety_controller_node
[0.653s] Invoked command in '/home/wellyowo/locobot_sim/locobot_ws/src/build/kobuki_safety_controller' returned '0': CMAKE_PREFIX_PATH=/opt/ros/humble /usr/bin/cmake --build /home/wellyowo/locobot_sim/locobot_ws/src/build/kobuki_safety_controller -- -j16 -l16
[0.653s] Invoking command in '/home/wellyowo/locobot_sim/locobot_ws/src/build/kobuki_safety_controller': CMAKE_PREFIX_PATH=/opt/ros/humble /usr/bin/cmake --install /home/wellyowo/locobot_sim/locobot_ws/src/build/kobuki_safety_controller
[0.748s] -- Install configuration: ""
[0.748s] -- Installing: /home/wellyowo/locobot_sim/locobot_ws/src/install/kobuki_safety_controller/lib/kobuki_safety_controller/kobuki_safety_controller_node
[0.748s] -- Set runtime path of "/home/wellyowo/locobot_sim/locobot_ws/src/install/kobuki_safety_controller/lib/kobuki_safety_controller/kobuki_safety_controller_node" to ""
[0.748s] -- Installing: /home/wellyowo/locobot_sim/locobot_ws/src/install/kobuki_safety_controller/lib/libkobuki_safety_controller.so
[0.748s] -- Set runtime path of "/home/wellyowo/locobot_sim/locobot_ws/src/install/kobuki_safety_controller/lib/libkobuki_safety_controller.so" to ""
[0.748s] -- Installing: /home/wellyowo/locobot_sim/locobot_ws/src/install/kobuki_safety_controller/include/kobuki_safety_controller
[0.749s] -- Installing: /home/wellyowo/locobot_sim/locobot_ws/src/install/kobuki_safety_controller/include/kobuki_safety_controller/safety_controller.hpp
[0.749s] -- Installing: /home/wellyowo/locobot_sim/locobot_ws/src/install/kobuki_safety_controller/share/kobuki_safety_controller/config
[0.749s] -- Installing: /home/wellyowo/locobot_sim/locobot_ws/src/install/kobuki_safety_controller/share/kobuki_safety_controller/config/safety_controller_params.yaml
[0.749s] -- Installing: /home/wellyowo/locobot_sim/locobot_ws/src/install/kobuki_safety_controller/share/kobuki_safety_controller/launch
[0.749s] -- Installing: /home/wellyowo/locobot_sim/locobot_ws/src/install/kobuki_safety_controller/share/kobuki_safety_controller/launch/safety_controller-composed-launch.py
[0.749s] -- Installing: /home/wellyowo/locobot_sim/locobot_ws/src/install/kobuki_safety_controller/share/kobuki_safety_controller/launch/safety_controller-launch.py
[0.749s] -- Installing: /home/wellyowo/locobot_sim/locobot_ws/src/install/kobuki_safety_controller/share/ament_index/resource_index/package_run_dependencies/kobuki_safety_controller
[0.749s] -- Installing: /home/wellyowo/locobot_sim/locobot_ws/src/install/kobuki_safety_controller/share/ament_index/resource_index/parent_prefix_path/kobuki_safety_controller
[0.749s] -- Installing: /home/wellyowo/locobot_sim/locobot_ws/src/install/kobuki_safety_controller/share/kobuki_safety_controller/environment/ament_prefix_path.sh
[0.749s] -- Installing: /home/wellyowo/locobot_sim/locobot_ws/src/install/kobuki_safety_controller/share/kobuki_safety_controller/environment/ament_prefix_path.dsv
[0.749s] -- Installing: /home/wellyowo/locobot_sim/locobot_ws/src/install/kobuki_safety_controller/share/kobuki_safety_controller/environment/path.sh
[0.749s] -- Installing: /home/wellyowo/locobot_sim/locobot_ws/src/install/kobuki_safety_controller/share/kobuki_safety_controller/environment/path.dsv
[0.749s] -- Installing: /home/wellyowo/locobot_sim/locobot_ws/src/install/kobuki_safety_controller/share/kobuki_safety_controller/local_setup.bash
[0.750s] -- Installing: /home/wellyowo/locobot_sim/locobot_ws/src/install/kobuki_safety_controller/share/kobuki_safety_controller/local_setup.sh
[0.750s] -- Installing: /home/wellyowo/locobot_sim/locobot_ws/src/install/kobuki_safety_controller/share/kobuki_safety_controller/local_setup.zsh
[0.750s] -- Installing: /home/wellyowo/locobot_sim/locobot_ws/src/install/kobuki_safety_controller/share/kobuki_safety_controller/local_setup.dsv
[0.750s] -- Installing: /home/wellyowo/locobot_sim/locobot_ws/src/install/kobuki_safety_controller/share/kobuki_safety_controller/package.dsv
[0.750s] -- Installing: /home/wellyowo/locobot_sim/locobot_ws/src/install/kobuki_safety_controller/share/ament_index/resource_index/packages/kobuki_safety_controller
[0.750s] -- Installing: /home/wellyowo/locobot_sim/locobot_ws/src/install/kobuki_safety_controller/share/ament_index/resource_index/rclcpp_components/kobuki_safety_controller
[0.750s] -- Installing: /home/wellyowo/locobot_sim/locobot_ws/src/install/kobuki_safety_controller/share/kobuki_safety_controller/cmake/kobuki_safety_controllerConfig.cmake
[0.750s] -- Installing: /home/wellyowo/locobot_sim/locobot_ws/src/install/kobuki_safety_controller/share/kobuki_safety_controller/cmake/kobuki_safety_controllerConfig-version.cmake
[0.750s] -- Installing: /home/wellyowo/locobot_sim/locobot_ws/src/install/kobuki_safety_controller/share/kobuki_safety_controller/package.xml
[0.839s] Invoked command in '/home/wellyowo/locobot_sim/locobot_ws/src/build/kobuki_safety_controller' returned '0': CMAKE_PREFIX_PATH=/opt/ros/humble /usr/bin/cmake --install /home/wellyowo/locobot_sim/locobot_ws/src/build/kobuki_safety_controller
