[0.777s] Invoking command in '/home/wellyowo/locobot_sim/locobot_ws/build/interbotix_perception_modules': AMENT_PREFIX_PATH=/home/wellyowo/locobot_sim/locobot_ws/install/interbotix_perception_pipelines:/home/wellyowo/locobot_sim/locobot_ws/install/interbotix_xs_msgs:/home/wellyowo/locobot_sim/locobot_ws/install/interbotix_perception_msgs:/home/wellyowo/locobot_sim/locobot_ws/install/interbotix_common_modules:${AMENT_PREFIX_PATH} CMAKE_PREFIX_PATH=/home/wellyowo/locobot_sim/locobot_ws/install/interbotix_perception_pipelines:/home/wellyowo/locobot_sim/locobot_ws/install/interbotix_xs_msgs:/home/wellyowo/locobot_sim/locobot_ws/install/interbotix_perception_msgs LD_LIBRARY_PATH=/home/wellyowo/locobot_sim/locobot_ws/install/interbotix_xs_msgs/lib:/home/wellyowo/locobot_sim/locobot_ws/install/interbotix_perception_msgs/lib:${LD_LIBRARY_PATH} PYTHONPATH=/home/wellyowo/locobot_sim/locobot_ws/build/interbotix_perception_modules/prefix_override:/usr/lib/python3/dist-packages/colcon_core/task/python/colcon_distutils_commands:/home/wellyowo/locobot_sim/locobot_ws/install/interbotix_perception_modules/lib/python3.10/site-packages:/home/wellyowo/locobot_sim/locobot_ws/install/interbotix_xs_msgs/local/lib/python3.10/dist-packages:/home/wellyowo/locobot_sim/locobot_ws/install/interbotix_perception_msgs/local/lib/python3.10/dist-packages:/home/wellyowo/locobot_sim/locobot_ws/build/interbotix_common_modules:/home/wellyowo/locobot_sim/locobot_ws/install/interbotix_common_modules/lib/python3.10/site-packages:${PYTHONPATH} /usr/bin/python3 -W ignore:setup.py install is deprecated -W ignore:easy_install command is deprecated setup.py develop --editable --build-directory /home/wellyowo/locobot_sim/locobot_ws/build/interbotix_perception_modules/build --no-deps symlink_data
[1.078s] running develop
[1.205s] running egg_info
[1.205s] creating interbotix_perception_modules.egg-info
[1.205s] writing interbotix_perception_modules.egg-info/PKG-INFO
[1.206s] writing dependency_links to interbotix_perception_modules.egg-info/dependency_links.txt
[1.206s] writing entry points to interbotix_perception_modules.egg-info/entry_points.txt
[1.206s] writing requirements to interbotix_perception_modules.egg-info/requires.txt
[1.206s] writing top-level names to interbotix_perception_modules.egg-info/top_level.txt
[1.206s] writing manifest file 'interbotix_perception_modules.egg-info/SOURCES.txt'
[1.209s] reading manifest file 'interbotix_perception_modules.egg-info/SOURCES.txt'
[1.210s] writing manifest file 'interbotix_perception_modules.egg-info/SOURCES.txt'
[1.212s] running build_ext
[1.214s] Creating /home/wellyowo/locobot_sim/locobot_ws/install/interbotix_perception_modules/lib/python3.10/site-packages/interbotix-perception-modules.egg-link (link to .)
[1.214s] Installing armtag_tuner_gui script to /home/wellyowo/locobot_sim/locobot_ws/install/interbotix_perception_modules/lib/interbotix_perception_modules
[1.214s] Installing picture_snapper script to /home/wellyowo/locobot_sim/locobot_ws/install/interbotix_perception_modules/lib/interbotix_perception_modules
[1.215s] Installing pointcloud_tuner_gui script to /home/wellyowo/locobot_sim/locobot_ws/install/interbotix_perception_modules/lib/interbotix_perception_modules
[1.218s] 
[1.218s] Installed /home/wellyowo/locobot_sim/locobot_ws/build/interbotix_perception_modules
[1.218s] running symlink_data
[1.218s] creating /home/wellyowo/locobot_sim/locobot_ws/install/interbotix_perception_modules/share/ament_index
[1.219s] creating /home/wellyowo/locobot_sim/locobot_ws/install/interbotix_perception_modules/share/ament_index/resource_index
[1.219s] creating /home/wellyowo/locobot_sim/locobot_ws/install/interbotix_perception_modules/share/ament_index/resource_index/packages
[1.219s] symbolically linking /home/wellyowo/locobot_sim/locobot_ws/build/interbotix_perception_modules/resource/interbotix_perception_modules -> /home/wellyowo/locobot_sim/locobot_ws/install/interbotix_perception_modules/share/ament_index/resource_index/packages
[1.219s] symbolically linking /home/wellyowo/locobot_sim/locobot_ws/build/interbotix_perception_modules/package.xml -> /home/wellyowo/locobot_sim/locobot_ws/install/interbotix_perception_modules/share/interbotix_perception_modules
[1.219s] creating /home/wellyowo/locobot_sim/locobot_ws/install/interbotix_perception_modules/share/interbotix_perception_modules/launch
[1.219s] symbolically linking /home/wellyowo/locobot_sim/locobot_ws/build/interbotix_perception_modules/launch/picture_snapper.launch.py -> /home/wellyowo/locobot_sim/locobot_ws/install/interbotix_perception_modules/share/interbotix_perception_modules/launch
[1.219s] symbolically linking /home/wellyowo/locobot_sim/locobot_ws/build/interbotix_perception_modules/launch/armtag.launch.py -> /home/wellyowo/locobot_sim/locobot_ws/install/interbotix_perception_modules/share/interbotix_perception_modules/launch
[1.219s] symbolically linking /home/wellyowo/locobot_sim/locobot_ws/build/interbotix_perception_modules/launch/apriltag.launch.py -> /home/wellyowo/locobot_sim/locobot_ws/install/interbotix_perception_modules/share/interbotix_perception_modules/launch
[1.219s] symbolically linking /home/wellyowo/locobot_sim/locobot_ws/build/interbotix_perception_modules/launch/pc_filter.launch.py -> /home/wellyowo/locobot_sim/locobot_ws/install/interbotix_perception_modules/share/interbotix_perception_modules/launch
[1.219s] creating /home/wellyowo/locobot_sim/locobot_ws/install/interbotix_perception_modules/share/interbotix_perception_modules/config
[1.219s] symbolically linking /home/wellyowo/locobot_sim/locobot_ws/build/interbotix_perception_modules/config/tags.yaml -> /home/wellyowo/locobot_sim/locobot_ws/install/interbotix_perception_modules/share/interbotix_perception_modules/config
[1.219s] symbolically linking /home/wellyowo/locobot_sim/locobot_ws/build/interbotix_perception_modules/config/filter_params.yaml -> /home/wellyowo/locobot_sim/locobot_ws/install/interbotix_perception_modules/share/interbotix_perception_modules/config
[1.219s] creating /home/wellyowo/locobot_sim/locobot_ws/install/interbotix_perception_modules/share/interbotix_perception_modules/ui
[1.220s] symbolically linking /home/wellyowo/locobot_sim/locobot_ws/build/interbotix_perception_modules/src/ui/pointcloudtunergui.ui -> /home/wellyowo/locobot_sim/locobot_ws/install/interbotix_perception_modules/share/interbotix_perception_modules/ui
[1.220s] symbolically linking /home/wellyowo/locobot_sim/locobot_ws/build/interbotix_perception_modules/src/ui/armtagtunergui.ui -> /home/wellyowo/locobot_sim/locobot_ws/install/interbotix_perception_modules/share/interbotix_perception_modules/ui
[1.290s] Invoked command in '/home/wellyowo/locobot_sim/locobot_ws/build/interbotix_perception_modules' returned '0': AMENT_PREFIX_PATH=/home/wellyowo/locobot_sim/locobot_ws/install/interbotix_perception_pipelines:/home/wellyowo/locobot_sim/locobot_ws/install/interbotix_xs_msgs:/home/wellyowo/locobot_sim/locobot_ws/install/interbotix_perception_msgs:/home/wellyowo/locobot_sim/locobot_ws/install/interbotix_common_modules:${AMENT_PREFIX_PATH} CMAKE_PREFIX_PATH=/home/wellyowo/locobot_sim/locobot_ws/install/interbotix_perception_pipelines:/home/wellyowo/locobot_sim/locobot_ws/install/interbotix_xs_msgs:/home/wellyowo/locobot_sim/locobot_ws/install/interbotix_perception_msgs LD_LIBRARY_PATH=/home/wellyowo/locobot_sim/locobot_ws/install/interbotix_xs_msgs/lib:/home/wellyowo/locobot_sim/locobot_ws/install/interbotix_perception_msgs/lib:${LD_LIBRARY_PATH} PYTHONPATH=/home/wellyowo/locobot_sim/locobot_ws/build/interbotix_perception_modules/prefix_override:/usr/lib/python3/dist-packages/colcon_core/task/python/colcon_distutils_commands:/home/wellyowo/locobot_sim/locobot_ws/install/interbotix_perception_modules/lib/python3.10/site-packages:/home/wellyowo/locobot_sim/locobot_ws/install/interbotix_xs_msgs/local/lib/python3.10/dist-packages:/home/wellyowo/locobot_sim/locobot_ws/install/interbotix_perception_msgs/local/lib/python3.10/dist-packages:/home/wellyowo/locobot_sim/locobot_ws/build/interbotix_common_modules:/home/wellyowo/locobot_sim/locobot_ws/install/interbotix_common_modules/lib/python3.10/site-packages:${PYTHONPATH} /usr/bin/python3 -W ignore:setup.py install is deprecated -W ignore:easy_install command is deprecated setup.py develop --editable --build-directory /home/wellyowo/locobot_sim/locobot_ws/build/interbotix_perception_modules/build --no-deps symlink_data
