[0.079s] Invoking command in '/home/wellyowo/locobot_sim/locobot_ws/src/build/moveit_visual_tools': CMAKE_PREFIX_PATH=/opt/ros/humble /usr/bin/cmake /home/wellyowo/locobot_sim/locobot_ws/src/moveit_visual_tools -DCMAKE_INSTALL_PREFIX=/home/wellyowo/locobot_sim/locobot_ws/src/install/moveit_visual_tools
[2.660s] -- The C compiler identification is GNU 11.4.0
[2.660s] -- The CXX compiler identification is GNU 11.4.0
[2.660s] -- Detecting C compiler ABI info
[2.660s] -- Detecting C compiler ABI info - done
[2.660s] -- Check for working C compiler: /usr/bin/cc - skipped
[2.660s] -- Detecting C compile features
[2.660s] -- Detecting C compile features - done
[2.660s] -- Detecting CXX compiler ABI info
[2.660s] -- Detecting CXX compiler ABI info - done
[2.668s] -- Check for working CXX compiler: /usr/bin/c++ - skipped
[2.669s] -- Detecting CXX compile features
[2.669s] -- Detecting CXX compile features - done
[2.669s] -- Found moveit_common: 2.5.9 (/opt/ros/humble/share/moveit_common/cmake)
[2.669s] -- Found ament_cmake: 1.3.11 (/opt/ros/humble/share/ament_cmake/cmake)
[2.669s] -- Found Python3: /usr/bin/python3 (found version "3.10.12") found components: Interpreter 
[3.136s] [0mmoveit_visual_tools: You did not request a specific build type: Choosing 'Release' for maximum performance[0m
[3.252s] -- Found Boost: /usr/lib/x86_64-linux-gnu/cmake/Boost-1.74.0/BoostConfig.cmake (found version "1.74.0") found components: system 
[3.326s] -- Found geometry_msgs: 4.9.0 (/opt/ros/humble/share/geometry_msgs/cmake)
[3.705s] -- Found rosidl_generator_c: 3.1.6 (/opt/ros/humble/share/rosidl_generator_c/cmake)
[3.761s] -- Found rosidl_adapter: 3.1.6 (/opt/ros/humble/share/rosidl_adapter/cmake)
[3.852s] -- Found rosidl_generator_cpp: 3.1.6 (/opt/ros/humble/share/rosidl_generator_cpp/cmake)
[3.994s] -- Using all available rosidl_typesupport_c: rosidl_typesupport_fastrtps_c;rosidl_typesupport_introspection_c
[4.153s] -- Using all available rosidl_typesupport_cpp: rosidl_typesupport_fastrtps_cpp;rosidl_typesupport_introspection_cpp
[4.456s] -- Found graph_msgs: 0.2.0 (/opt/ros/humble/share/graph_msgs/cmake)
[4.595s] -- Found moveit_core: 2.5.9 (/opt/ros/humble/share/moveit_core/cmake)
[6.509s] -- Found Boost: /usr/lib/x86_64-linux-gnu/cmake/Boost-1.74.0/BoostConfig.cmake (found version "1.74.0") found components: chrono date_time filesystem iostreams program_options regex serialization system thread 
[6.890s] -- Found parameter_traits: 0.5.0 (/opt/ros/humble/share/parameter_traits/cmake)
[7.215s] -- Found rmw_implementation_cmake: 6.1.2 (/opt/ros/humble/share/rmw_implementation_cmake/cmake)
[7.242s] -- Found rmw_fastrtps_cpp: 6.2.7 (/opt/ros/humble/share/rmw_fastrtps_cpp/cmake)
[7.812s] -- Found OpenSSL: /usr/lib/x86_64-linux-gnu/libcrypto.so (found version "3.0.2")  
[7.891s] -- Found FastRTPS: /opt/ros/humble/include  
[8.047s] -- Using RMW implementation 'rmw_fastrtps_cpp' as default
[8.132s] -- Found Threads: TRUE  
[8.555s] -- Found rclcpp_lifecycle: 16.0.12 (/opt/ros/humble/share/rclcpp_lifecycle/cmake)
[8.823s] -- Found Boost: /usr/lib/x86_64-linux-gnu/cmake/Boost-1.74.0/BoostConfig.cmake (found version "1.74.0") found components: filesystem 
[9.314s] -- library: /usr/lib/x86_64-linux-gnu/libcurl.so
[9.508s] -- Found Eigen3: TRUE (found version "3.4.0") 
[9.508s] -- Ensuring Eigen3 include directory is part of orocos-kdl CMake target
[11.855s] -- Found moveit_ros_planning: 2.5.9 (/opt/ros/humble/share/moveit_ros_planning/cmake)
[11.892s] -- Found Boost: /usr/lib/x86_64-linux-gnu/cmake/Boost-1.74.0/BoostConfig.cmake (found version "1.74.0") found components: system filesystem date_time program_options thread chrono 
[12.198s] -- Found rviz_visual_tools: 4.1.4 (/opt/ros/humble/share/rviz_visual_tools/cmake)
[12.589s] -- Setting assimp_DIR to: '/opt/ros/humble/share/rviz_assimp_vendor/cmake/../../../opt/rviz_assimp_vendor/lib/cmake/assimp-4.1'
[12.688s] -- Setting OGRE_DIR to: '/opt/ros/humble/share/rviz_ogre_vendor/cmake/../../../opt/rviz_ogre_vendor/lib/OGRE/cmake'
[12.700s] -- Found OGRE
[12.700s] --   static     : OFF
[12.701s] --   components : HLMS;MeshLodGenerator;Overlay;Paging;Property;RTShaderSystem;Terrain;Volume
[12.701s] --   plugins    : Plugin_BSPSceneManager;Plugin_OctreeSceneManager;Plugin_PCZSceneManager;Plugin_ParticleFX;RenderSystem_GL;RenderSystem_GL3Plus;Codec_STBI
[12.701s] --   media      : /opt/ros/humble/opt/rviz_ogre_vendor/share/OGRE/Media
[12.701s] -- OGRE_LIBRARIES: OgreHLMS;OgreMeshLodGenerator;OgreOverlay;OgrePaging;OgreProperty;OgreRTShaderSystem;OgreTerrain;OgreVolume;OgreMain
[12.701s] -- OGRE_LIBRARY_DIRS: /opt/ros/humble/opt/rviz_ogre_vendor/lib
[12.701s] -- OGRE_PLUGINS: Plugin_BSPSceneManager;Plugin_OctreeSceneManager;Plugin_PCZSceneManager;Plugin_ParticleFX;RenderSystem_GL;RenderSystem_GL3Plus;Codec_STBI
[12.701s] -- OGRE_PLUGIN_DIR: /opt/ros/humble/opt/rviz_ogre_vendor/lib/OGRE
[12.710s] -- rviz_ogre_vendor::OgreOverlay for IMPORTED_LOCATION_RELEASE: /opt/ros/humble/opt/rviz_ogre_vendor/lib/libOgreOverlay.so
[12.710s] -- rviz_ogre_vendor::OgreOverlay for IMPORTED_LOCATION_DEBUG: /opt/ros/humble/opt/rviz_ogre_vendor/lib/libOgreOverlay.so
[12.717s] -- rviz_ogre_vendor::OgreMain for IMPORTED_LOCATION_RELEASE: /opt/ros/humble/opt/rviz_ogre_vendor/lib/libOgreMain.so
[12.718s] -- rviz_ogre_vendor::OgreMain for IMPORTED_LOCATION_DEBUG: /opt/ros/humble/opt/rviz_ogre_vendor/lib/libOgreMain.so
[12.947s] -- Found ZLIB: /usr/lib/x86_64-linux-gnu/libz.so (found version "1.2.11") 
[13.035s] -- Found OpenGL: /usr/lib/x86_64-linux-gnu/libOpenGL.so   
[14.363s] -- Found X11: /usr/include   
[14.363s] -- Looking for XOpenDisplay in /usr/lib/x86_64-linux-gnu/libX11.so;/usr/lib/x86_64-linux-gnu/libXext.so
[14.943s] -- Looking for XOpenDisplay in /usr/lib/x86_64-linux-gnu/libX11.so;/usr/lib/x86_64-linux-gnu/libXext.so - found
[14.943s] -- Looking for gethostbyname
[15.342s] -- Looking for gethostbyname - found
[15.342s] -- Looking for connect
[15.921s] -- Looking for connect - found
[15.922s] -- Looking for remove
[16.537s] -- Looking for remove - found
[16.537s] -- Looking for shmat
[17.165s] -- Looking for shmat - found
[17.165s] -- Looking for IceConnectionNumber in ICE
[17.983s] -- Looking for IceConnectionNumber in ICE - found
[18.998s] -- Found ament_lint_auto: 0.12.12 (/opt/ros/humble/share/ament_lint_auto/cmake)
[19.118s] -- Added test 'copyright' to check source files copyright and LICENSE
[19.119s] -- Added test 'flake8' to check Python code syntax and style conventions
[19.121s] -- Added test 'lint_cmake' to check CMake code style
[19.121s] -- Added test 'pep257' to check Python code against some of the docstring style conventions in PEP 257
[19.122s] -- Added test 'xmllint' to check XML markup files
[19.132s] -- Configuring done
[19.712s] -- Generating done
[20.041s] -- Build files have been written to: /home/wellyowo/locobot_sim/locobot_ws/src/build/moveit_visual_tools
[20.526s] Invoked command in '/home/wellyowo/locobot_sim/locobot_ws/src/build/moveit_visual_tools' returned '0': CMAKE_PREFIX_PATH=/opt/ros/humble /usr/bin/cmake /home/wellyowo/locobot_sim/locobot_ws/src/moveit_visual_tools -DCMAKE_INSTALL_PREFIX=/home/wellyowo/locobot_sim/locobot_ws/src/install/moveit_visual_tools
[20.526s] Invoking command in '/home/wellyowo/locobot_sim/locobot_ws/src/build/moveit_visual_tools': CMAKE_PREFIX_PATH=/opt/ros/humble /usr/bin/cmake --build /home/wellyowo/locobot_sim/locobot_ws/src/build/moveit_visual_tools -- -j16 -l16
[57.911s] [ 16%] [32mBuilding CXX object CMakeFiles/moveit_visual_tools.dir/src/moveit_visual_tools.cpp.o[0m
[96.439s] [ 33%] [32mBuilding CXX object CMakeFiles/moveit_visual_tools.dir/src/imarker_end_effector.cpp.o[0m
[112.234s] [ 50%] [32mBuilding CXX object CMakeFiles/moveit_visual_tools.dir/src/imarker_robot_state.cpp.o[0m
[120.015s] gmake[2]: *** [CMakeFiles/moveit_visual_tools.dir/build.make:90: CMakeFiles/moveit_visual_tools.dir/src/imarker_robot_state.cpp.o] Interrupt
[120.015s] gmake[1]: *** [CMakeFiles/Makefile2:139: CMakeFiles/moveit_visual_tools.dir/all] Interrupt
[120.015s] gmake: *** [Makefile:146: all] Interrupt
