[0.266s] Invoking command in '/home/wellyowo/locobot_sim/locobot_ws/src/build/ecl_console': AMENT_PREFIX_PATH=/home/wellyowo/locobot_sim/locobot_ws/src/install/ecl_config:${AMENT_PREFIX_PATH} CMAKE_PREFIX_PATH=/home/wellyowo/locobot_sim/locobot_ws/src/install/ecl_config:/opt/ros/humble PATH=/home/wellyowo/locobot_sim/locobot_ws/src/install/ecl_config/bin:${PATH} /usr/bin/cmake /home/wellyowo/locobot_sim/locobot_ws/src/ThirdParty/ecl/ecl_lite/ecl_console -DCMAKE_INSTALL_PREFIX=/home/wellyowo/locobot_sim/locobot_ws/src/install/ecl_console
[3.537s] -- The C compiler identification is GNU 11.4.0
[3.545s] -- The CXX compiler identification is GNU 11.4.0
[3.545s] -- Detecting C compiler ABI info
[3.545s] -- Detecting C compiler ABI info - done
[3.545s] -- Check for working C compiler: /usr/bin/cc - skipped
[3.545s] -- Detecting C compile features
[3.546s] -- Detecting C compile features - done
[3.546s] -- Detecting CXX compiler ABI info
[3.546s] -- Detecting CXX compiler ABI info - done
[3.546s] -- Check for working CXX compiler: /usr/bin/c++ - skipped
[3.546s] -- Detecting CXX compile features
[3.546s] -- Detecting CXX compile features - done
[3.546s] -- Found ament_cmake_ros: 0.10.0 (/opt/ros/humble/share/ament_cmake_ros/cmake)
[3.546s] -- Found Python3: /usr/bin/python3 (found version "3.10.12") found components: Interpreter 
[3.546s] -- Found ecl_build: 1.0.3 (/opt/ros/humble/share/ecl_build/cmake)
[3.546s] -- Found ecl_config: 1.2.0 (/home/wellyowo/locobot_sim/locobot_ws/src/install/ecl_config/share/ecl_config/cmake)
[3.546s] -- Configuring done
[3.546s] -- Generating done
[3.546s] -- Build files have been written to: /home/wellyowo/locobot_sim/locobot_ws/src/build/ecl_console
[3.562s] Invoked command in '/home/wellyowo/locobot_sim/locobot_ws/src/build/ecl_console' returned '0': AMENT_PREFIX_PATH=/home/wellyowo/locobot_sim/locobot_ws/src/install/ecl_config:${AMENT_PREFIX_PATH} CMAKE_PREFIX_PATH=/home/wellyowo/locobot_sim/locobot_ws/src/install/ecl_config:/opt/ros/humble PATH=/home/wellyowo/locobot_sim/locobot_ws/src/install/ecl_config/bin:${PATH} /usr/bin/cmake /home/wellyowo/locobot_sim/locobot_ws/src/ThirdParty/ecl/ecl_lite/ecl_console -DCMAKE_INSTALL_PREFIX=/home/wellyowo/locobot_sim/locobot_ws/src/install/ecl_console
[3.563s] Invoking command in '/home/wellyowo/locobot_sim/locobot_ws/src/build/ecl_console': AMENT_PREFIX_PATH=/home/wellyowo/locobot_sim/locobot_ws/src/install/ecl_config:${AMENT_PREFIX_PATH} CMAKE_PREFIX_PATH=/home/wellyowo/locobot_sim/locobot_ws/src/install/ecl_config:/opt/ros/humble PATH=/home/wellyowo/locobot_sim/locobot_ws/src/install/ecl_config/bin:${PATH} /usr/bin/cmake --build /home/wellyowo/locobot_sim/locobot_ws/src/build/ecl_console -- -j16 -l16
[8.336s] Invoked command in '/home/wellyowo/locobot_sim/locobot_ws/src/build/ecl_console' returned '0': AMENT_PREFIX_PATH=/home/wellyowo/locobot_sim/locobot_ws/src/install/ecl_config:${AMENT_PREFIX_PATH} CMAKE_PREFIX_PATH=/home/wellyowo/locobot_sim/locobot_ws/src/install/ecl_config:/opt/ros/humble PATH=/home/wellyowo/locobot_sim/locobot_ws/src/install/ecl_config/bin:${PATH} /usr/bin/cmake --build /home/wellyowo/locobot_sim/locobot_ws/src/build/ecl_console -- -j16 -l16
[8.337s] Invoking command in '/home/wellyowo/locobot_sim/locobot_ws/src/build/ecl_console': AMENT_PREFIX_PATH=/home/wellyowo/locobot_sim/locobot_ws/src/install/ecl_config:${AMENT_PREFIX_PATH} CMAKE_PREFIX_PATH=/home/wellyowo/locobot_sim/locobot_ws/src/install/ecl_config:/opt/ros/humble PATH=/home/wellyowo/locobot_sim/locobot_ws/src/install/ecl_config/bin:${PATH} /usr/bin/cmake --install /home/wellyowo/locobot_sim/locobot_ws/src/build/ecl_console
[14.025s] -- Install configuration: ""
[14.025s] -- Installing: /home/wellyowo/locobot_sim/locobot_ws/src/install/ecl_console/include/ecl
[14.025s] -- Installing: /home/wellyowo/locobot_sim/locobot_ws/src/install/ecl_console/include/ecl/console.hpp
[14.025s] -- Installing: /home/wellyowo/locobot_sim/locobot_ws/src/install/ecl_console/share/ament_index/resource_index/package_run_dependencies/ecl_console
[14.025s] -- Installing: /home/wellyowo/locobot_sim/locobot_ws/src/install/ecl_console/share/ament_index/resource_index/parent_prefix_path/ecl_console
[14.025s] -- Installing: /home/wellyowo/locobot_sim/locobot_ws/src/install/ecl_console/share/ecl_console/environment/ament_prefix_path.sh
[14.025s] -- Installing: /home/wellyowo/locobot_sim/locobot_ws/src/install/ecl_console/share/ecl_console/environment/ament_prefix_path.dsv
[14.025s] -- Installing: /home/wellyowo/locobot_sim/locobot_ws/src/install/ecl_console/share/ecl_console/environment/path.sh
[14.025s] -- Installing: /home/wellyowo/locobot_sim/locobot_ws/src/install/ecl_console/share/ecl_console/environment/path.dsv
[14.025s] -- Installing: /home/wellyowo/locobot_sim/locobot_ws/src/install/ecl_console/share/ecl_console/local_setup.bash
[14.026s] -- Installing: /home/wellyowo/locobot_sim/locobot_ws/src/install/ecl_console/share/ecl_console/local_setup.sh
[14.026s] -- Installing: /home/wellyowo/locobot_sim/locobot_ws/src/install/ecl_console/share/ecl_console/local_setup.zsh
[14.026s] -- Installing: /home/wellyowo/locobot_sim/locobot_ws/src/install/ecl_console/share/ecl_console/local_setup.dsv
[14.026s] -- Installing: /home/wellyowo/locobot_sim/locobot_ws/src/install/ecl_console/share/ecl_console/package.dsv
[14.026s] -- Installing: /home/wellyowo/locobot_sim/locobot_ws/src/install/ecl_console/share/ament_index/resource_index/packages/ecl_console
[14.026s] -- Installing: /home/wellyowo/locobot_sim/locobot_ws/src/install/ecl_console/share/ecl_console/cmake/ecl_consoleExport.cmake
[14.026s] -- Installing: /home/wellyowo/locobot_sim/locobot_ws/src/install/ecl_console/share/ecl_console/cmake/ament_cmake_export_targets-extras.cmake
[14.026s] -- Installing: /home/wellyowo/locobot_sim/locobot_ws/src/install/ecl_console/share/ecl_console/cmake/ament_cmake_export_include_directories-extras.cmake
[14.026s] -- Installing: /home/wellyowo/locobot_sim/locobot_ws/src/install/ecl_console/share/ecl_console/cmake/ament_cmake_export_dependencies-extras.cmake
[14.026s] -- Installing: /home/wellyowo/locobot_sim/locobot_ws/src/install/ecl_console/share/ecl_console/cmake/ecl_consoleConfig.cmake
[14.026s] -- Installing: /home/wellyowo/locobot_sim/locobot_ws/src/install/ecl_console/share/ecl_console/cmake/ecl_consoleConfig-version.cmake
[14.026s] -- Installing: /home/wellyowo/locobot_sim/locobot_ws/src/install/ecl_console/share/ecl_console/package.xml
[14.163s] Invoked command in '/home/wellyowo/locobot_sim/locobot_ws/src/build/ecl_console' returned '0': AMENT_PREFIX_PATH=/home/wellyowo/locobot_sim/locobot_ws/src/install/ecl_config:${AMENT_PREFIX_PATH} CMAKE_PREFIX_PATH=/home/wellyowo/locobot_sim/locobot_ws/src/install/ecl_config:/opt/ros/humble PATH=/home/wellyowo/locobot_sim/locobot_ws/src/install/ecl_config/bin:${PATH} /usr/bin/cmake --install /home/wellyowo/locobot_sim/locobot_ws/src/build/ecl_console
