[0.220s] Invoking command in '/home/wellyowo/locobot_sim/locobot_ws/build/ecl_concepts': AMENT_PREFIX_PATH=/home/wellyowo/locobot_sim/locobot_ws/install/ecl_type_traits:/home/wellyowo/locobot_sim/locobot_ws/install/ecl_mpl:/home/wellyowo/locobot_sim/locobot_ws/install/ecl_config:${AMENT_PREFIX_PATH} CMAKE_PREFIX_PATH=/home/wellyowo/locobot_sim/locobot_ws/install/ecl_type_traits:/home/wellyowo/locobot_sim/locobot_ws/install/ecl_mpl:/home/wellyowo/locobot_sim/locobot_ws/install/ecl_config:/opt/ros/humble LD_LIBRARY_PATH=/home/wellyowo/locobot_sim/locobot_ws/install/ecl_type_traits/lib:${LD_LIBRARY_PATH} PATH=/home/wellyowo/locobot_sim/locobot_ws/install/ecl_type_traits/bin:/home/wellyowo/locobot_sim/locobot_ws/install/ecl_config/bin:${PATH} /usr/bin/cmake /home/wellyowo/locobot_sim/locobot_ws/src/ThirdParty/ecl/ecl_core/ecl_concepts -DBUILD_TESTING=OFF -DCMAKE_PREFIX_PATH= -DAMENT_CMAKE_SYMLINK_INSTALL=1 -DCMAKE_INSTALL_PREFIX=/home/wellyowo/locobot_sim/locobot_ws/install/ecl_concepts
[6.366s] -- The C compiler identification is GNU 11.4.0
[6.367s] -- The CXX compiler identification is GNU 11.4.0
[6.367s] -- Detecting C compiler ABI info
[6.367s] -- Detecting C compiler ABI info - done
[6.368s] -- Check for working C compiler: /usr/bin/cc - skipped
[6.375s] -- Detecting C compile features
[6.378s] -- Detecting C compile features - done
[6.378s] -- Detecting CXX compiler ABI info
[6.378s] -- Detecting CXX compiler ABI info - done
[6.379s] -- Check for working CXX compiler: /usr/bin/c++ - skipped
[6.379s] -- Detecting CXX compile features
[6.379s] -- Detecting CXX compile features - done
[6.379s] -- Found ament_cmake_ros: 0.10.0 (/opt/ros/humble/share/ament_cmake_ros/cmake)
[6.379s] -- Found Python3: /usr/bin/python3 (found version "3.10.12") found components: Interpreter 
[6.379s] -- Override CMake install command with custom implementation using symlinks instead of copying resources
[6.379s] -- Found ecl_build: 1.0.3 (/opt/ros/humble/share/ecl_build/cmake)
[6.379s] -- Found ecl_config: 1.2.0 (/home/wellyowo/locobot_sim/locobot_ws/install/ecl_config/share/ecl_config/cmake)
[6.379s] -- Found ecl_type_traits: 1.2.1 (/home/wellyowo/locobot_sim/locobot_ws/install/ecl_type_traits/share/ecl_type_traits/cmake)
[6.380s] -- Configuring done
[6.380s] -- Generating done
[6.380s] -- Build files have been written to: /home/wellyowo/locobot_sim/locobot_ws/build/ecl_concepts
[6.477s] Invoked command in '/home/wellyowo/locobot_sim/locobot_ws/build/ecl_concepts' returned '0': AMENT_PREFIX_PATH=/home/wellyowo/locobot_sim/locobot_ws/install/ecl_type_traits:/home/wellyowo/locobot_sim/locobot_ws/install/ecl_mpl:/home/wellyowo/locobot_sim/locobot_ws/install/ecl_config:${AMENT_PREFIX_PATH} CMAKE_PREFIX_PATH=/home/wellyowo/locobot_sim/locobot_ws/install/ecl_type_traits:/home/wellyowo/locobot_sim/locobot_ws/install/ecl_mpl:/home/wellyowo/locobot_sim/locobot_ws/install/ecl_config:/opt/ros/humble LD_LIBRARY_PATH=/home/wellyowo/locobot_sim/locobot_ws/install/ecl_type_traits/lib:${LD_LIBRARY_PATH} PATH=/home/wellyowo/locobot_sim/locobot_ws/install/ecl_type_traits/bin:/home/wellyowo/locobot_sim/locobot_ws/install/ecl_config/bin:${PATH} /usr/bin/cmake /home/wellyowo/locobot_sim/locobot_ws/src/ThirdParty/ecl/ecl_core/ecl_concepts -DBUILD_TESTING=OFF -DCMAKE_PREFIX_PATH= -DAMENT_CMAKE_SYMLINK_INSTALL=1 -DCMAKE_INSTALL_PREFIX=/home/wellyowo/locobot_sim/locobot_ws/install/ecl_concepts
[6.480s] Invoking command in '/home/wellyowo/locobot_sim/locobot_ws/build/ecl_concepts': AMENT_PREFIX_PATH=/home/wellyowo/locobot_sim/locobot_ws/install/ecl_type_traits:/home/wellyowo/locobot_sim/locobot_ws/install/ecl_mpl:/home/wellyowo/locobot_sim/locobot_ws/install/ecl_config:${AMENT_PREFIX_PATH} CMAKE_PREFIX_PATH=/home/wellyowo/locobot_sim/locobot_ws/install/ecl_type_traits:/home/wellyowo/locobot_sim/locobot_ws/install/ecl_mpl:/home/wellyowo/locobot_sim/locobot_ws/install/ecl_config:/opt/ros/humble LD_LIBRARY_PATH=/home/wellyowo/locobot_sim/locobot_ws/install/ecl_type_traits/lib:${LD_LIBRARY_PATH} PATH=/home/wellyowo/locobot_sim/locobot_ws/install/ecl_type_traits/bin:/home/wellyowo/locobot_sim/locobot_ws/install/ecl_config/bin:${PATH} /usr/bin/cmake --build /home/wellyowo/locobot_sim/locobot_ws/build/ecl_concepts -- -j16 -l16
[9.633s] Invoked command in '/home/wellyowo/locobot_sim/locobot_ws/build/ecl_concepts' returned '0': AMENT_PREFIX_PATH=/home/wellyowo/locobot_sim/locobot_ws/install/ecl_type_traits:/home/wellyowo/locobot_sim/locobot_ws/install/ecl_mpl:/home/wellyowo/locobot_sim/locobot_ws/install/ecl_config:${AMENT_PREFIX_PATH} CMAKE_PREFIX_PATH=/home/wellyowo/locobot_sim/locobot_ws/install/ecl_type_traits:/home/wellyowo/locobot_sim/locobot_ws/install/ecl_mpl:/home/wellyowo/locobot_sim/locobot_ws/install/ecl_config:/opt/ros/humble LD_LIBRARY_PATH=/home/wellyowo/locobot_sim/locobot_ws/install/ecl_type_traits/lib:${LD_LIBRARY_PATH} PATH=/home/wellyowo/locobot_sim/locobot_ws/install/ecl_type_traits/bin:/home/wellyowo/locobot_sim/locobot_ws/install/ecl_config/bin:${PATH} /usr/bin/cmake --build /home/wellyowo/locobot_sim/locobot_ws/build/ecl_concepts -- -j16 -l16
[9.634s] Invoking command in '/home/wellyowo/locobot_sim/locobot_ws/build/ecl_concepts': AMENT_PREFIX_PATH=/home/wellyowo/locobot_sim/locobot_ws/install/ecl_type_traits:/home/wellyowo/locobot_sim/locobot_ws/install/ecl_mpl:/home/wellyowo/locobot_sim/locobot_ws/install/ecl_config:${AMENT_PREFIX_PATH} CMAKE_PREFIX_PATH=/home/wellyowo/locobot_sim/locobot_ws/install/ecl_type_traits:/home/wellyowo/locobot_sim/locobot_ws/install/ecl_mpl:/home/wellyowo/locobot_sim/locobot_ws/install/ecl_config:/opt/ros/humble LD_LIBRARY_PATH=/home/wellyowo/locobot_sim/locobot_ws/install/ecl_type_traits/lib:${LD_LIBRARY_PATH} PATH=/home/wellyowo/locobot_sim/locobot_ws/install/ecl_type_traits/bin:/home/wellyowo/locobot_sim/locobot_ws/install/ecl_config/bin:${PATH} /usr/bin/cmake --install /home/wellyowo/locobot_sim/locobot_ws/build/ecl_concepts
[10.547s] -- Install configuration: ""
[10.547s] -- Execute custom install script
[10.547s] -- Symlinking: /home/wellyowo/locobot_sim/locobot_ws/install/ecl_concepts/include/ecl/concepts/blueprints.hpp
[10.548s] -- Symlinking: /home/wellyowo/locobot_sim/locobot_ws/install/ecl_concepts/include/ecl/concepts/containers.hpp
[10.548s] -- Symlinking: /home/wellyowo/locobot_sim/locobot_ws/install/ecl_concepts/include/ecl/concepts/devices.hpp
[10.548s] -- Symlinking: /home/wellyowo/locobot_sim/locobot_ws/install/ecl_concepts/include/ecl/concepts/macros.hpp
[10.548s] -- Symlinking: /home/wellyowo/locobot_sim/locobot_ws/install/ecl_concepts/include/ecl/concepts/nullary_function.hpp
[10.548s] -- Symlinking: /home/wellyowo/locobot_sim/locobot_ws/install/ecl_concepts/include/ecl/concepts/streams.hpp
[10.548s] -- Symlinking: /home/wellyowo/locobot_sim/locobot_ws/install/ecl_concepts/include/ecl/concepts.hpp
[10.548s] -- Symlinking: /home/wellyowo/locobot_sim/locobot_ws/install/ecl_concepts/share/ament_index/resource_index/package_run_dependencies/ecl_concepts
[10.548s] -- Symlinking: /home/wellyowo/locobot_sim/locobot_ws/install/ecl_concepts/share/ament_index/resource_index/parent_prefix_path/ecl_concepts
[10.548s] -- Symlinking: /home/wellyowo/locobot_sim/locobot_ws/install/ecl_concepts/share/ecl_concepts/environment/ament_prefix_path.sh
[10.548s] -- Symlinking: /home/wellyowo/locobot_sim/locobot_ws/install/ecl_concepts/share/ecl_concepts/environment/ament_prefix_path.dsv
[10.548s] -- Symlinking: /home/wellyowo/locobot_sim/locobot_ws/install/ecl_concepts/share/ecl_concepts/environment/path.sh
[10.549s] -- Symlinking: /home/wellyowo/locobot_sim/locobot_ws/install/ecl_concepts/share/ecl_concepts/environment/path.dsv
[10.549s] -- Symlinking: /home/wellyowo/locobot_sim/locobot_ws/install/ecl_concepts/share/ecl_concepts/local_setup.bash
[10.549s] -- Symlinking: /home/wellyowo/locobot_sim/locobot_ws/install/ecl_concepts/share/ecl_concepts/local_setup.sh
[10.549s] -- Symlinking: /home/wellyowo/locobot_sim/locobot_ws/install/ecl_concepts/share/ecl_concepts/local_setup.zsh
[10.549s] -- Symlinking: /home/wellyowo/locobot_sim/locobot_ws/install/ecl_concepts/share/ecl_concepts/local_setup.dsv
[10.549s] -- Symlinking: /home/wellyowo/locobot_sim/locobot_ws/install/ecl_concepts/share/ecl_concepts/package.dsv
[10.549s] -- Symlinking: /home/wellyowo/locobot_sim/locobot_ws/install/ecl_concepts/share/ament_index/resource_index/packages/ecl_concepts
[10.550s] -- Symlinking: /home/wellyowo/locobot_sim/locobot_ws/install/ecl_concepts/share/ecl_concepts/cmake/ament_cmake_export_targets-extras.cmake
[10.550s] -- Symlinking: /home/wellyowo/locobot_sim/locobot_ws/install/ecl_concepts/share/ecl_concepts/cmake/ament_cmake_export_include_directories-extras.cmake
[10.558s] -- Symlinking: /home/wellyowo/locobot_sim/locobot_ws/install/ecl_concepts/share/ecl_concepts/cmake/ament_cmake_export_dependencies-extras.cmake
[10.559s] -- Symlinking: /home/wellyowo/locobot_sim/locobot_ws/install/ecl_concepts/share/ecl_concepts/cmake/ecl_conceptsConfig.cmake
[10.559s] -- Symlinking: /home/wellyowo/locobot_sim/locobot_ws/install/ecl_concepts/share/ecl_concepts/cmake/ecl_conceptsConfig-version.cmake
[10.559s] -- Symlinking: /home/wellyowo/locobot_sim/locobot_ws/install/ecl_concepts/share/ecl_concepts/package.xml
[10.559s] -- Installing: /home/wellyowo/locobot_sim/locobot_ws/install/ecl_concepts/share/ecl_concepts/cmake/ecl_conceptsExport.cmake
[10.743s] Invoked command in '/home/wellyowo/locobot_sim/locobot_ws/build/ecl_concepts' returned '0': AMENT_PREFIX_PATH=/home/wellyowo/locobot_sim/locobot_ws/install/ecl_type_traits:/home/wellyowo/locobot_sim/locobot_ws/install/ecl_mpl:/home/wellyowo/locobot_sim/locobot_ws/install/ecl_config:${AMENT_PREFIX_PATH} CMAKE_PREFIX_PATH=/home/wellyowo/locobot_sim/locobot_ws/install/ecl_type_traits:/home/wellyowo/locobot_sim/locobot_ws/install/ecl_mpl:/home/wellyowo/locobot_sim/locobot_ws/install/ecl_config:/opt/ros/humble LD_LIBRARY_PATH=/home/wellyowo/locobot_sim/locobot_ws/install/ecl_type_traits/lib:${LD_LIBRARY_PATH} PATH=/home/wellyowo/locobot_sim/locobot_ws/install/ecl_type_traits/bin:/home/wellyowo/locobot_sim/locobot_ws/install/ecl_config/bin:${PATH} /usr/bin/cmake --install /home/wellyowo/locobot_sim/locobot_ws/build/ecl_concepts
