[0.225s] Invoking command in '/home/wellyowo/locobot_sim/locobot_ws/build/ecl_sigslots_lite': AMENT_PREFIX_PATH=/home/wellyowo/locobot_sim/locobot_ws/install/ecl_errors:/home/wellyowo/locobot_sim/locobot_ws/install/ecl_config:${AMENT_PREFIX_PATH} CMAKE_PREFIX_PATH=/home/wellyowo/locobot_sim/locobot_ws/install/ecl_errors:/home/wellyowo/locobot_sim/locobot_ws/install/ecl_config:/opt/ros/humble LD_LIBRARY_PATH=/home/wellyowo/locobot_sim/locobot_ws/install/ecl_errors/lib:${LD_LIBRARY_PATH} PATH=/home/wellyowo/locobot_sim/locobot_ws/install/ecl_config/bin:${PATH} /usr/bin/cmake /home/wellyowo/locobot_sim/locobot_ws/src/ThirdParty/ecl/ecl_lite/ecl_sigslots_lite -DBUILD_TESTING=OFF -DCMAKE_PREFIX_PATH= -DAMENT_CMAKE_SYMLINK_INSTALL=1 -DCMAKE_INSTALL_PREFIX=/home/wellyowo/locobot_sim/locobot_ws/install/ecl_sigslots_lite
[6.354s] -- The C compiler identification is GNU 11.4.0
[6.354s] -- The CXX compiler identification is GNU 11.4.0
[6.354s] -- Detecting C compiler ABI info
[6.354s] -- Detecting C compiler ABI info - done
[6.354s] -- Check for working C compiler: /usr/bin/cc - skipped
[6.354s] -- Detecting C compile features
[6.354s] -- Detecting C compile features - done
[6.354s] -- Detecting CXX compiler ABI info
[6.354s] -- Detecting CXX compiler ABI info - done
[6.354s] -- Check for working CXX compiler: /usr/bin/c++ - skipped
[6.355s] -- Detecting CXX compile features
[6.355s] -- Detecting CXX compile features - done
[6.372s] -- Found ament_cmake_ros: 0.10.0 (/opt/ros/humble/share/ament_cmake_ros/cmake)
[6.373s] -- Found Python3: /usr/bin/python3 (found version "3.10.12") found components: Interpreter 
[6.373s] -- Override CMake install command with custom implementation using symlinks instead of copying resources
[6.373s] -- Found ecl_build: 1.0.3 (/opt/ros/humble/share/ecl_build/cmake)
[6.373s] -- Found ecl_config: 1.2.0 (/home/wellyowo/locobot_sim/locobot_ws/install/ecl_config/share/ecl_config/cmake)
[6.373s] -- Found ecl_errors: 1.2.0 (/home/wellyowo/locobot_sim/locobot_ws/install/ecl_errors/share/ecl_errors/cmake)
[6.373s] -- Configuring done
[6.378s] -- Generating done
[6.378s] -- Build files have been written to: /home/wellyowo/locobot_sim/locobot_ws/build/ecl_sigslots_lite
[6.432s] Invoked command in '/home/wellyowo/locobot_sim/locobot_ws/build/ecl_sigslots_lite' returned '0': AMENT_PREFIX_PATH=/home/wellyowo/locobot_sim/locobot_ws/install/ecl_errors:/home/wellyowo/locobot_sim/locobot_ws/install/ecl_config:${AMENT_PREFIX_PATH} CMAKE_PREFIX_PATH=/home/wellyowo/locobot_sim/locobot_ws/install/ecl_errors:/home/wellyowo/locobot_sim/locobot_ws/install/ecl_config:/opt/ros/humble LD_LIBRARY_PATH=/home/wellyowo/locobot_sim/locobot_ws/install/ecl_errors/lib:${LD_LIBRARY_PATH} PATH=/home/wellyowo/locobot_sim/locobot_ws/install/ecl_config/bin:${PATH} /usr/bin/cmake /home/wellyowo/locobot_sim/locobot_ws/src/ThirdParty/ecl/ecl_lite/ecl_sigslots_lite -DBUILD_TESTING=OFF -DCMAKE_PREFIX_PATH= -DAMENT_CMAKE_SYMLINK_INSTALL=1 -DCMAKE_INSTALL_PREFIX=/home/wellyowo/locobot_sim/locobot_ws/install/ecl_sigslots_lite
[6.432s] Invoking command in '/home/wellyowo/locobot_sim/locobot_ws/build/ecl_sigslots_lite': AMENT_PREFIX_PATH=/home/wellyowo/locobot_sim/locobot_ws/install/ecl_errors:/home/wellyowo/locobot_sim/locobot_ws/install/ecl_config:${AMENT_PREFIX_PATH} CMAKE_PREFIX_PATH=/home/wellyowo/locobot_sim/locobot_ws/install/ecl_errors:/home/wellyowo/locobot_sim/locobot_ws/install/ecl_config:/opt/ros/humble LD_LIBRARY_PATH=/home/wellyowo/locobot_sim/locobot_ws/install/ecl_errors/lib:${LD_LIBRARY_PATH} PATH=/home/wellyowo/locobot_sim/locobot_ws/install/ecl_config/bin:${PATH} /usr/bin/cmake --build /home/wellyowo/locobot_sim/locobot_ws/build/ecl_sigslots_lite -- -j16 -l16
[9.557s] [ 50%] [32mBuilding CXX object src/examples/CMakeFiles/demo_sigslots_lite.dir/sigslots.cpp.o[0m
[9.564s] [100%] [32m[1mLinking CXX executable demo_sigslots_lite[0m
[9.565s] [100%] Built target demo_sigslots_lite
[9.769s] Invoked command in '/home/wellyowo/locobot_sim/locobot_ws/build/ecl_sigslots_lite' returned '0': AMENT_PREFIX_PATH=/home/wellyowo/locobot_sim/locobot_ws/install/ecl_errors:/home/wellyowo/locobot_sim/locobot_ws/install/ecl_config:${AMENT_PREFIX_PATH} CMAKE_PREFIX_PATH=/home/wellyowo/locobot_sim/locobot_ws/install/ecl_errors:/home/wellyowo/locobot_sim/locobot_ws/install/ecl_config:/opt/ros/humble LD_LIBRARY_PATH=/home/wellyowo/locobot_sim/locobot_ws/install/ecl_errors/lib:${LD_LIBRARY_PATH} PATH=/home/wellyowo/locobot_sim/locobot_ws/install/ecl_config/bin:${PATH} /usr/bin/cmake --build /home/wellyowo/locobot_sim/locobot_ws/build/ecl_sigslots_lite -- -j16 -l16
[9.770s] Invoking command in '/home/wellyowo/locobot_sim/locobot_ws/build/ecl_sigslots_lite': AMENT_PREFIX_PATH=/home/wellyowo/locobot_sim/locobot_ws/install/ecl_errors:/home/wellyowo/locobot_sim/locobot_ws/install/ecl_config:${AMENT_PREFIX_PATH} CMAKE_PREFIX_PATH=/home/wellyowo/locobot_sim/locobot_ws/install/ecl_errors:/home/wellyowo/locobot_sim/locobot_ws/install/ecl_config:/opt/ros/humble LD_LIBRARY_PATH=/home/wellyowo/locobot_sim/locobot_ws/install/ecl_errors/lib:${LD_LIBRARY_PATH} PATH=/home/wellyowo/locobot_sim/locobot_ws/install/ecl_config/bin:${PATH} /usr/bin/cmake --install /home/wellyowo/locobot_sim/locobot_ws/build/ecl_sigslots_lite
[10.549s] -- Install configuration: ""
[10.562s] -- Execute custom install script
[10.563s] -- Symlinking: /home/wellyowo/locobot_sim/locobot_ws/install/ecl_sigslots_lite/include/ecl/sigslots_lite/connect.hpp
[10.563s] -- Symlinking: /home/wellyowo/locobot_sim/locobot_ws/install/ecl_sigslots_lite/include/ecl/sigslots_lite/errors.hpp
[10.563s] -- Symlinking: /home/wellyowo/locobot_sim/locobot_ws/install/ecl_sigslots_lite/include/ecl/sigslots_lite/managers.hpp
[10.564s] -- Symlinking: /home/wellyowo/locobot_sim/locobot_ws/install/ecl_sigslots_lite/include/ecl/sigslots_lite/signal.hpp
[10.564s] -- Symlinking: /home/wellyowo/locobot_sim/locobot_ws/install/ecl_sigslots_lite/include/ecl/sigslots_lite/slot.hpp
[10.564s] -- Symlinking: /home/wellyowo/locobot_sim/locobot_ws/install/ecl_sigslots_lite/include/ecl/sigslots_lite/utilities.hpp
[10.564s] -- Symlinking: /home/wellyowo/locobot_sim/locobot_ws/install/ecl_sigslots_lite/include/ecl/sigslots_lite.hpp
[10.564s] -- Symlinking: /home/wellyowo/locobot_sim/locobot_ws/install/ecl_sigslots_lite/lib/ecl_sigslots_lite/demo_sigslots_lite
[10.564s] -- Symlinking: /home/wellyowo/locobot_sim/locobot_ws/install/ecl_sigslots_lite/share/ament_index/resource_index/package_run_dependencies/ecl_sigslots_lite
[10.565s] -- Symlinking: /home/wellyowo/locobot_sim/locobot_ws/install/ecl_sigslots_lite/share/ament_index/resource_index/parent_prefix_path/ecl_sigslots_lite
[10.565s] -- Symlinking: /home/wellyowo/locobot_sim/locobot_ws/install/ecl_sigslots_lite/share/ecl_sigslots_lite/environment/ament_prefix_path.sh
[10.565s] -- Symlinking: /home/wellyowo/locobot_sim/locobot_ws/install/ecl_sigslots_lite/share/ecl_sigslots_lite/environment/ament_prefix_path.dsv
[10.565s] -- Symlinking: /home/wellyowo/locobot_sim/locobot_ws/install/ecl_sigslots_lite/share/ecl_sigslots_lite/environment/path.sh
[10.569s] -- Symlinking: /home/wellyowo/locobot_sim/locobot_ws/install/ecl_sigslots_lite/share/ecl_sigslots_lite/environment/path.dsv
[10.569s] -- Symlinking: /home/wellyowo/locobot_sim/locobot_ws/install/ecl_sigslots_lite/share/ecl_sigslots_lite/local_setup.bash
[10.569s] -- Symlinking: /home/wellyowo/locobot_sim/locobot_ws/install/ecl_sigslots_lite/share/ecl_sigslots_lite/local_setup.sh
[10.569s] -- Symlinking: /home/wellyowo/locobot_sim/locobot_ws/install/ecl_sigslots_lite/share/ecl_sigslots_lite/local_setup.zsh
[10.569s] -- Symlinking: /home/wellyowo/locobot_sim/locobot_ws/install/ecl_sigslots_lite/share/ecl_sigslots_lite/local_setup.dsv
[10.570s] -- Symlinking: /home/wellyowo/locobot_sim/locobot_ws/install/ecl_sigslots_lite/share/ecl_sigslots_lite/package.dsv
[10.570s] -- Symlinking: /home/wellyowo/locobot_sim/locobot_ws/install/ecl_sigslots_lite/share/ament_index/resource_index/packages/ecl_sigslots_lite
[10.576s] -- Symlinking: /home/wellyowo/locobot_sim/locobot_ws/install/ecl_sigslots_lite/share/ecl_sigslots_lite/cmake/ament_cmake_export_targets-extras.cmake
[10.576s] -- Symlinking: /home/wellyowo/locobot_sim/locobot_ws/install/ecl_sigslots_lite/share/ecl_sigslots_lite/cmake/ament_cmake_export_include_directories-extras.cmake
[10.576s] -- Symlinking: /home/wellyowo/locobot_sim/locobot_ws/install/ecl_sigslots_lite/share/ecl_sigslots_lite/cmake/ament_cmake_export_dependencies-extras.cmake
[10.576s] -- Symlinking: /home/wellyowo/locobot_sim/locobot_ws/install/ecl_sigslots_lite/share/ecl_sigslots_lite/cmake/ecl_sigslots_liteConfig.cmake
[10.578s] -- Symlinking: /home/wellyowo/locobot_sim/locobot_ws/install/ecl_sigslots_lite/share/ecl_sigslots_lite/cmake/ecl_sigslots_liteConfig-version.cmake
[10.590s] -- Symlinking: /home/wellyowo/locobot_sim/locobot_ws/install/ecl_sigslots_lite/share/ecl_sigslots_lite/package.xml
[10.608s] -- Installing: /home/wellyowo/locobot_sim/locobot_ws/install/ecl_sigslots_lite/share/ecl_sigslots_lite/cmake/ecl_sigslots_liteExport.cmake
[10.811s] Invoked command in '/home/wellyowo/locobot_sim/locobot_ws/build/ecl_sigslots_lite' returned '0': AMENT_PREFIX_PATH=/home/wellyowo/locobot_sim/locobot_ws/install/ecl_errors:/home/wellyowo/locobot_sim/locobot_ws/install/ecl_config:${AMENT_PREFIX_PATH} CMAKE_PREFIX_PATH=/home/wellyowo/locobot_sim/locobot_ws/install/ecl_errors:/home/wellyowo/locobot_sim/locobot_ws/install/ecl_config:/opt/ros/humble LD_LIBRARY_PATH=/home/wellyowo/locobot_sim/locobot_ws/install/ecl_errors/lib:${LD_LIBRARY_PATH} PATH=/home/wellyowo/locobot_sim/locobot_ws/install/ecl_config/bin:${PATH} /usr/bin/cmake --install /home/wellyowo/locobot_sim/locobot_ws/build/ecl_sigslots_lite
