[0.191s] Invoking command in '/home/wellyowo/locobot_sim/locobot_ws/src/build/kobuki_safety_controller': CMAKE_PREFIX_PATH=/opt/ros/humble /usr/bin/cmake /home/wellyowo/locobot_sim/locobot_ws/src/ThirdParty/kobuki_ros/kobuki_safety_controller -DCMAKE_INSTALL_PREFIX=/home/wellyowo/locobot_sim/locobot_ws/src/install/kobuki_safety_controller
[2.159s] -- The C compiler identification is GNU 11.4.0
[2.159s] -- The CXX compiler identification is GNU 11.4.0
[2.159s] -- Detecting C compiler ABI info
[2.159s] -- Detecting C compiler ABI info - done
[2.159s] -- Check for working C compiler: /usr/bin/cc - skipped
[2.159s] -- Detecting C compile features
[2.159s] -- Detecting C compile features - done
[2.163s] -- Detecting CXX compiler ABI info
[2.164s] -- Detecting CXX compiler ABI info - done
[2.164s] -- Check for working CXX compiler: /usr/bin/c++ - skipped
[2.164s] -- Detecting CXX compile features
[2.164s] -- Detecting CXX compile features - done
[2.165s] -- Found ament_cmake_ros: 0.10.0 (/opt/ros/humble/share/ament_cmake_ros/cmake)
[2.165s] -- Found Python3: /usr/bin/python3 (found version "3.10.12") found components: Interpreter 
[2.165s] -- Found ecl_build: 1.0.3 (/opt/ros/humble/share/ecl_build/cmake)
[2.165s] -- Found geometry_msgs: 4.9.0 (/opt/ros/humble/share/geometry_msgs/cmake)
[2.298s] -- Found rosidl_generator_c: 3.1.6 (/opt/ros/humble/share/rosidl_generator_c/cmake)
[2.325s] -- Found rosidl_adapter: 3.1.6 (/opt/ros/humble/share/rosidl_adapter/cmake)
[2.354s] -- Found rosidl_generator_cpp: 3.1.6 (/opt/ros/humble/share/rosidl_generator_cpp/cmake)
[2.461s] -- Using all available rosidl_typesupport_c: rosidl_typesupport_fastrtps_c;rosidl_typesupport_introspection_c
[2.595s] -- Using all available rosidl_typesupport_cpp: rosidl_typesupport_fastrtps_cpp;rosidl_typesupport_introspection_cpp
[2.779s] -- Found kobuki_ros_interfaces: 1.0.0 (/opt/ros/humble/share/kobuki_ros_interfaces/cmake)
[2.923s] -- Found rclcpp: 16.0.12 (/opt/ros/humble/share/rclcpp/cmake)
[3.090s] -- Found rmw_implementation_cmake: 6.1.2 (/opt/ros/humble/share/rmw_implementation_cmake/cmake)
[3.103s] -- Found rmw_fastrtps_cpp: 6.2.7 (/opt/ros/humble/share/rmw_fastrtps_cpp/cmake)
[3.435s] -- Found OpenSSL: /usr/lib/x86_64-linux-gnu/libcrypto.so (found version "3.0.2")  
[3.542s] -- Found FastRTPS: /opt/ros/humble/include  
[3.689s] -- Using RMW implementation 'rmw_fastrtps_cpp' as default
[3.736s] -- Looking for pthread.h
[3.968s] -- Looking for pthread.h - found
[3.969s] -- Performing Test CMAKE_HAVE_LIBC_PTHREAD
[4.164s] -- Performing Test CMAKE_HAVE_LIBC_PTHREAD - Success
[4.170s] -- Found Threads: TRUE  
[4.284s] -- Found rclcpp_components: 16.0.12 (/opt/ros/humble/share/rclcpp_components/cmake)
[4.489s] -- Configuring done
[4.551s] -- Generating done
[4.553s] -- Build files have been written to: /home/wellyowo/locobot_sim/locobot_ws/src/build/kobuki_safety_controller
[4.631s] Invoked command in '/home/wellyowo/locobot_sim/locobot_ws/src/build/kobuki_safety_controller' returned '0': CMAKE_PREFIX_PATH=/opt/ros/humble /usr/bin/cmake /home/wellyowo/locobot_sim/locobot_ws/src/ThirdParty/kobuki_ros/kobuki_safety_controller -DCMAKE_INSTALL_PREFIX=/home/wellyowo/locobot_sim/locobot_ws/src/install/kobuki_safety_controller
[4.631s] Invoking command in '/home/wellyowo/locobot_sim/locobot_ws/src/build/kobuki_safety_controller': CMAKE_PREFIX_PATH=/opt/ros/humble /usr/bin/cmake --build /home/wellyowo/locobot_sim/locobot_ws/src/build/kobuki_safety_controller -- -j16 -l16
[5.124s] [ 25%] [32mBuilding CXX object CMakeFiles/kobuki_safety_controller_node.dir/rclcpp_components/node_main_kobuki_safety_controller_node.cpp.o[0m
[5.124s] [ 50%] [32mBuilding CXX object CMakeFiles/kobuki_safety_controller.dir/src/safety_controller.cpp.o[0m
[30.557s] [ 75%] [32m[1mLinking CXX executable kobuki_safety_controller_node[0m
[31.392s] [ 75%] Built target kobuki_safety_controller_node
[99.844s] [100%] [32m[1mLinking CXX shared library libkobuki_safety_controller.so[0m
[103.891s] [100%] Built target kobuki_safety_controller
