[35m[1mConsolidate compiler generated dependencies of target ecl_errors[0m
[ 50%] Built target ecl_errors
[35m[1mConsolidate compiler generated dependencies of target ecl_errors_example_errors[0m
[100%] Built target ecl_errors_example_errors
-- Install configuration: ""
-- Up-to-date: /home/wellyowo/locobot_sim/locobot_ws/src/install/ecl_errors/share/ecl_errors/environment/library_path.sh
-- Up-to-date: /home/wellyowo/locobot_sim/locobot_ws/src/install/ecl_errors/share/ecl_errors/environment/library_path.dsv
-- Up-to-date: /home/wellyowo/locobot_sim/locobot_ws/src/install/ecl_errors/share/ament_index/resource_index/package_run_dependencies/ecl_errors
-- Up-to-date: /home/wellyowo/locobot_sim/locobot_ws/src/install/ecl_errors/share/ament_index/resource_index/parent_prefix_path/ecl_errors
-- Up-to-date: /home/wellyowo/locobot_sim/locobot_ws/src/install/ecl_errors/share/ecl_errors/environment/ament_prefix_path.sh
-- Up-to-date: /home/wellyowo/locobot_sim/locobot_ws/src/install/ecl_errors/share/ecl_errors/environment/ament_prefix_path.dsv
-- Up-to-date: /home/wellyowo/locobot_sim/locobot_ws/src/install/ecl_errors/share/ecl_errors/environment/path.sh
-- Up-to-date: /home/wellyowo/locobot_sim/locobot_ws/src/install/ecl_errors/share/ecl_errors/environment/path.dsv
-- Up-to-date: /home/wellyowo/locobot_sim/locobot_ws/src/install/ecl_errors/share/ecl_errors/local_setup.bash
-- Up-to-date: /home/wellyowo/locobot_sim/locobot_ws/src/install/ecl_errors/share/ecl_errors/local_setup.sh
-- Up-to-date: /home/wellyowo/locobot_sim/locobot_ws/src/install/ecl_errors/share/ecl_errors/local_setup.zsh
-- Up-to-date: /home/wellyowo/locobot_sim/locobot_ws/src/install/ecl_errors/share/ecl_errors/local_setup.dsv
-- Installing: /home/wellyowo/locobot_sim/locobot_ws/src/install/ecl_errors/share/ecl_errors/package.dsv
-- Up-to-date: /home/wellyowo/locobot_sim/locobot_ws/src/install/ecl_errors/share/ament_index/resource_index/packages/ecl_errors
-- Up-to-date: /home/wellyowo/locobot_sim/locobot_ws/src/install/ecl_errors/share/ecl_errors/cmake/ecl_errorsExport.cmake
-- Up-to-date: /home/wellyowo/locobot_sim/locobot_ws/src/install/ecl_errors/share/ecl_errors/cmake/ecl_errorsExport-noconfig.cmake
-- Up-to-date: /home/wellyowo/locobot_sim/locobot_ws/src/install/ecl_errors/share/ecl_errors/cmake/ament_cmake_export_targets-extras.cmake
-- Up-to-date: /home/wellyowo/locobot_sim/locobot_ws/src/install/ecl_errors/share/ecl_errors/cmake/ament_cmake_export_include_directories-extras.cmake
-- Up-to-date: /home/wellyowo/locobot_sim/locobot_ws/src/install/ecl_errors/share/ecl_errors/cmake/ament_cmake_export_libraries-extras.cmake
-- Up-to-date: /home/wellyowo/locobot_sim/locobot_ws/src/install/ecl_errors/share/ecl_errors/cmake/ament_cmake_export_dependencies-extras.cmake
-- Up-to-date: /home/wellyowo/locobot_sim/locobot_ws/src/install/ecl_errors/share/ecl_errors/cmake/ecl_errorsConfig.cmake
-- Up-to-date: /home/wellyowo/locobot_sim/locobot_ws/src/install/ecl_errors/share/ecl_errors/cmake/ecl_errorsConfig-version.cmake
-- Up-to-date: /home/wellyowo/locobot_sim/locobot_ws/src/install/ecl_errors/share/ecl_errors/package.xml
-- Up-to-date: /home/wellyowo/locobot_sim/locobot_ws/src/install/ecl_errors/include/ecl/errors.hpp
-- Up-to-date: /home/wellyowo/locobot_sim/locobot_ws/src/install/ecl_errors/include/ecl/errors/compile_time_assert.hpp
-- Up-to-date: /home/wellyowo/locobot_sim/locobot_ws/src/install/ecl_errors/include/ecl/errors/flags.hpp
-- Up-to-date: /home/wellyowo/locobot_sim/locobot_ws/src/install/ecl_errors/include/ecl/errors/handlers.hpp
-- Up-to-date: /home/wellyowo/locobot_sim/locobot_ws/src/install/ecl_errors/include/ecl/errors/macros.hpp
-- Up-to-date: /home/wellyowo/locobot_sim/locobot_ws/src/install/ecl_errors/include/ecl/errors/run_time_functions.hpp
-- Up-to-date: /home/wellyowo/locobot_sim/locobot_ws/src/install/ecl_errors/lib/libecl_errors.so.1.2.0
-- Up-to-date: /home/wellyowo/locobot_sim/locobot_ws/src/install/ecl_errors/lib/libecl_errors.so
-- Up-to-date: /home/wellyowo/locobot_sim/locobot_ws/src/install/ecl_errors/lib/ecl_errors/demo_errors
