[0.310s] Invoking command in '/home/wellyowo/locobot_sim/locobot_ws/src/build/ecl_errors': AMENT_PREFIX_PATH=/home/wellyowo/locobot_sim/locobot_ws/src/install/ecl_config:${AMENT_PREFIX_PATH} CMAKE_PREFIX_PATH=/home/wellyowo/locobot_sim/locobot_ws/src/install/ecl_config:/opt/ros/humble PATH=/home/wellyowo/locobot_sim/locobot_ws/src/install/ecl_config/bin:${PATH} /usr/bin/cmake --build /home/wellyowo/locobot_sim/locobot_ws/src/build/ecl_errors -- -j16 -l16
[0.393s] [35m[1mConsolidate compiler generated dependencies of target ecl_errors[0m
[0.413s] [ 50%] Built target ecl_errors
[0.429s] [35m[1mConsolidate compiler generated dependencies of target ecl_errors_example_errors[0m
[0.444s] [100%] Built target ecl_errors_example_errors
[0.581s] Invoked command in '/home/wellyowo/locobot_sim/locobot_ws/src/build/ecl_errors' returned '0': AMENT_PREFIX_PATH=/home/wellyowo/locobot_sim/locobot_ws/src/install/ecl_config:${AMENT_PREFIX_PATH} CMAKE_PREFIX_PATH=/home/wellyowo/locobot_sim/locobot_ws/src/install/ecl_config:/opt/ros/humble PATH=/home/wellyowo/locobot_sim/locobot_ws/src/install/ecl_config/bin:${PATH} /usr/bin/cmake --build /home/wellyowo/locobot_sim/locobot_ws/src/build/ecl_errors -- -j16 -l16
[0.588s] Invoking command in '/home/wellyowo/locobot_sim/locobot_ws/src/build/ecl_errors': AMENT_PREFIX_PATH=/home/wellyowo/locobot_sim/locobot_ws/src/install/ecl_config:${AMENT_PREFIX_PATH} CMAKE_PREFIX_PATH=/home/wellyowo/locobot_sim/locobot_ws/src/install/ecl_config:/opt/ros/humble PATH=/home/wellyowo/locobot_sim/locobot_ws/src/install/ecl_config/bin:${PATH} /usr/bin/cmake --install /home/wellyowo/locobot_sim/locobot_ws/src/build/ecl_errors
[0.668s] -- Install configuration: ""
[0.668s] -- Up-to-date: /home/wellyowo/locobot_sim/locobot_ws/src/install/ecl_errors/share/ecl_errors/environment/library_path.sh
[0.668s] -- Up-to-date: /home/wellyowo/locobot_sim/locobot_ws/src/install/ecl_errors/share/ecl_errors/environment/library_path.dsv
[0.668s] -- Up-to-date: /home/wellyowo/locobot_sim/locobot_ws/src/install/ecl_errors/share/ament_index/resource_index/package_run_dependencies/ecl_errors
[0.668s] -- Up-to-date: /home/wellyowo/locobot_sim/locobot_ws/src/install/ecl_errors/share/ament_index/resource_index/parent_prefix_path/ecl_errors
[0.668s] -- Up-to-date: /home/wellyowo/locobot_sim/locobot_ws/src/install/ecl_errors/share/ecl_errors/environment/ament_prefix_path.sh
[0.668s] -- Up-to-date: /home/wellyowo/locobot_sim/locobot_ws/src/install/ecl_errors/share/ecl_errors/environment/ament_prefix_path.dsv
[0.668s] -- Up-to-date: /home/wellyowo/locobot_sim/locobot_ws/src/install/ecl_errors/share/ecl_errors/environment/path.sh
[0.668s] -- Up-to-date: /home/wellyowo/locobot_sim/locobot_ws/src/install/ecl_errors/share/ecl_errors/environment/path.dsv
[0.668s] -- Up-to-date: /home/wellyowo/locobot_sim/locobot_ws/src/install/ecl_errors/share/ecl_errors/local_setup.bash
[0.668s] -- Up-to-date: /home/wellyowo/locobot_sim/locobot_ws/src/install/ecl_errors/share/ecl_errors/local_setup.sh
[0.668s] -- Up-to-date: /home/wellyowo/locobot_sim/locobot_ws/src/install/ecl_errors/share/ecl_errors/local_setup.zsh
[0.668s] -- Up-to-date: /home/wellyowo/locobot_sim/locobot_ws/src/install/ecl_errors/share/ecl_errors/local_setup.dsv
[0.669s] -- Installing: /home/wellyowo/locobot_sim/locobot_ws/src/install/ecl_errors/share/ecl_errors/package.dsv
[0.669s] -- Up-to-date: /home/wellyowo/locobot_sim/locobot_ws/src/install/ecl_errors/share/ament_index/resource_index/packages/ecl_errors
[0.669s] -- Up-to-date: /home/wellyowo/locobot_sim/locobot_ws/src/install/ecl_errors/share/ecl_errors/cmake/ecl_errorsExport.cmake
[0.669s] -- Up-to-date: /home/wellyowo/locobot_sim/locobot_ws/src/install/ecl_errors/share/ecl_errors/cmake/ecl_errorsExport-noconfig.cmake
[0.669s] -- Up-to-date: /home/wellyowo/locobot_sim/locobot_ws/src/install/ecl_errors/share/ecl_errors/cmake/ament_cmake_export_targets-extras.cmake
[0.669s] -- Up-to-date: /home/wellyowo/locobot_sim/locobot_ws/src/install/ecl_errors/share/ecl_errors/cmake/ament_cmake_export_include_directories-extras.cmake
[0.669s] -- Up-to-date: /home/wellyowo/locobot_sim/locobot_ws/src/install/ecl_errors/share/ecl_errors/cmake/ament_cmake_export_libraries-extras.cmake
[0.669s] -- Up-to-date: /home/wellyowo/locobot_sim/locobot_ws/src/install/ecl_errors/share/ecl_errors/cmake/ament_cmake_export_dependencies-extras.cmake
[0.669s] -- Up-to-date: /home/wellyowo/locobot_sim/locobot_ws/src/install/ecl_errors/share/ecl_errors/cmake/ecl_errorsConfig.cmake
[0.669s] -- Up-to-date: /home/wellyowo/locobot_sim/locobot_ws/src/install/ecl_errors/share/ecl_errors/cmake/ecl_errorsConfig-version.cmake
[0.669s] -- Up-to-date: /home/wellyowo/locobot_sim/locobot_ws/src/install/ecl_errors/share/ecl_errors/package.xml
[0.669s] -- Up-to-date: /home/wellyowo/locobot_sim/locobot_ws/src/install/ecl_errors/include/ecl/errors.hpp
[0.669s] -- Up-to-date: /home/wellyowo/locobot_sim/locobot_ws/src/install/ecl_errors/include/ecl/errors/compile_time_assert.hpp
[0.669s] -- Up-to-date: /home/wellyowo/locobot_sim/locobot_ws/src/install/ecl_errors/include/ecl/errors/flags.hpp
[0.673s] -- Up-to-date: /home/wellyowo/locobot_sim/locobot_ws/src/install/ecl_errors/include/ecl/errors/handlers.hpp
[0.674s] -- Up-to-date: /home/wellyowo/locobot_sim/locobot_ws/src/install/ecl_errors/include/ecl/errors/macros.hpp
[0.674s] -- Up-to-date: /home/wellyowo/locobot_sim/locobot_ws/src/install/ecl_errors/include/ecl/errors/run_time_functions.hpp
[0.674s] -- Up-to-date: /home/wellyowo/locobot_sim/locobot_ws/src/install/ecl_errors/lib/libecl_errors.so.1.2.0
[0.674s] -- Up-to-date: /home/wellyowo/locobot_sim/locobot_ws/src/install/ecl_errors/lib/libecl_errors.so
[0.674s] -- Up-to-date: /home/wellyowo/locobot_sim/locobot_ws/src/install/ecl_errors/lib/ecl_errors/demo_errors
[0.728s] Invoked command in '/home/wellyowo/locobot_sim/locobot_ws/src/build/ecl_errors' returned '0': AMENT_PREFIX_PATH=/home/wellyowo/locobot_sim/locobot_ws/src/install/ecl_config:${AMENT_PREFIX_PATH} CMAKE_PREFIX_PATH=/home/wellyowo/locobot_sim/locobot_ws/src/install/ecl_config:/opt/ros/humble PATH=/home/wellyowo/locobot_sim/locobot_ws/src/install/ecl_config/bin:${PATH} /usr/bin/cmake --install /home/wellyowo/locobot_sim/locobot_ws/src/build/ecl_errors
