[0.047s] Invoking command in '/home/wellyowo/locobot_sim/locobot_ws/build/ecl_errors': AMENT_PREFIX_PATH=/home/wellyowo/locobot_sim/locobot_ws/install/ecl_config:${AMENT_PREFIX_PATH} CMAKE_PREFIX_PATH=/home/wellyowo/locobot_sim/locobot_ws/install/ecl_config:/opt/ros/humble PATH=/home/wellyowo/locobot_sim/locobot_ws/install/ecl_config/bin:${PATH} /usr/bin/cmake /home/wellyowo/locobot_sim/locobot_ws/src/ThirdParty/ecl/ecl_lite/ecl_errors -DBUILD_TESTING=OFF -DCMAKE_PREFIX_PATH= -DAMENT_CMAKE_SYMLINK_INSTALL=1 -DCMAKE_INSTALL_PREFIX=/home/wellyowo/locobot_sim/locobot_ws/install/ecl_errors
[60.431s] -- The C compiler identification is GNU 11.4.0
[60.431s] -- The CXX compiler identification is GNU 11.4.0
[60.431s] -- Detecting C compiler ABI info
[60.431s] -- Detecting C compiler ABI info - done
[60.431s] -- Check for working C compiler: /usr/bin/cc - skipped
[60.431s] -- Detecting C compile features
[60.431s] -- Detecting C compile features - done
[60.431s] -- Detecting CXX compiler ABI info
[60.431s] -- Detecting CXX compiler ABI info - done
[60.465s] -- Check for working CXX compiler: /usr/bin/c++ - skipped
[60.469s] -- Detecting CXX compile features
[60.469s] -- Detecting CXX compile features - done
[60.471s] -- Found ament_cmake_ros: 0.10.0 (/opt/ros/humble/share/ament_cmake_ros/cmake)
[60.477s] -- Found Python3: /usr/bin/python3 (found version "3.10.12") found components: Interpreter 
[60.478s] -- Override CMake install command with custom implementation using symlinks instead of copying resources
[60.478s] -- Found ecl_build: 1.0.3 (/opt/ros/humble/share/ecl_build/cmake)
[60.478s] -- Found ecl_config: 1.2.0 (/home/wellyowo/locobot_sim/locobot_ws/install/ecl_config/share/ecl_config/cmake)
[60.478s] -- Configuring done
[60.478s] -- Generating done
[60.478s] -- Build files have been written to: /home/wellyowo/locobot_sim/locobot_ws/build/ecl_errors
[60.579s] Invoked command in '/home/wellyowo/locobot_sim/locobot_ws/build/ecl_errors' returned '0': AMENT_PREFIX_PATH=/home/wellyowo/locobot_sim/locobot_ws/install/ecl_config:${AMENT_PREFIX_PATH} CMAKE_PREFIX_PATH=/home/wellyowo/locobot_sim/locobot_ws/install/ecl_config:/opt/ros/humble PATH=/home/wellyowo/locobot_sim/locobot_ws/install/ecl_config/bin:${PATH} /usr/bin/cmake /home/wellyowo/locobot_sim/locobot_ws/src/ThirdParty/ecl/ecl_lite/ecl_errors -DBUILD_TESTING=OFF -DCMAKE_PREFIX_PATH= -DAMENT_CMAKE_SYMLINK_INSTALL=1 -DCMAKE_INSTALL_PREFIX=/home/wellyowo/locobot_sim/locobot_ws/install/ecl_errors
[60.579s] Invoking command in '/home/wellyowo/locobot_sim/locobot_ws/build/ecl_errors': AMENT_PREFIX_PATH=/home/wellyowo/locobot_sim/locobot_ws/install/ecl_config:${AMENT_PREFIX_PATH} CMAKE_PREFIX_PATH=/home/wellyowo/locobot_sim/locobot_ws/install/ecl_config:/opt/ros/humble PATH=/home/wellyowo/locobot_sim/locobot_ws/install/ecl_config/bin:${PATH} /usr/bin/cmake --build /home/wellyowo/locobot_sim/locobot_ws/build/ecl_errors -- -j16 -l16
[62.141s] [ 25%] [32mBuilding CXX object src/lib/CMakeFiles/ecl_errors.dir/run_time_functions.cpp.o[0m
[62.141s] [ 50%] [32m[1mLinking CXX shared library libecl_errors.so[0m
[62.333s] [ 50%] Built target ecl_errors
[62.413s] [ 75%] [32mBuilding CXX object src/examples/CMakeFiles/ecl_errors_example_errors.dir/errors.cpp.o[0m
[62.927s] [100%] [32m[1mLinking CXX executable demo_errors[0m
[63.659s] [100%] Built target ecl_errors_example_errors
[63.767s] Invoked command in '/home/wellyowo/locobot_sim/locobot_ws/build/ecl_errors' returned '0': AMENT_PREFIX_PATH=/home/wellyowo/locobot_sim/locobot_ws/install/ecl_config:${AMENT_PREFIX_PATH} CMAKE_PREFIX_PATH=/home/wellyowo/locobot_sim/locobot_ws/install/ecl_config:/opt/ros/humble PATH=/home/wellyowo/locobot_sim/locobot_ws/install/ecl_config/bin:${PATH} /usr/bin/cmake --build /home/wellyowo/locobot_sim/locobot_ws/build/ecl_errors -- -j16 -l16
[63.768s] Invoking command in '/home/wellyowo/locobot_sim/locobot_ws/build/ecl_errors': AMENT_PREFIX_PATH=/home/wellyowo/locobot_sim/locobot_ws/install/ecl_config:${AMENT_PREFIX_PATH} CMAKE_PREFIX_PATH=/home/wellyowo/locobot_sim/locobot_ws/install/ecl_config:/opt/ros/humble PATH=/home/wellyowo/locobot_sim/locobot_ws/install/ecl_config/bin:${PATH} /usr/bin/cmake --install /home/wellyowo/locobot_sim/locobot_ws/build/ecl_errors
[69.787s] -- Install configuration: ""
[69.787s] -- Execute custom install script
[69.789s] -- Symlinking: /home/wellyowo/locobot_sim/locobot_ws/install/ecl_errors/include/ecl/errors/compile_time_assert.hpp
[69.796s] -- Symlinking: /home/wellyowo/locobot_sim/locobot_ws/install/ecl_errors/include/ecl/errors/flags.hpp
[69.797s] -- Symlinking: /home/wellyowo/locobot_sim/locobot_ws/install/ecl_errors/include/ecl/errors/handlers.hpp
[69.797s] -- Symlinking: /home/wellyowo/locobot_sim/locobot_ws/install/ecl_errors/include/ecl/errors/macros.hpp
[69.797s] -- Symlinking: /home/wellyowo/locobot_sim/locobot_ws/install/ecl_errors/include/ecl/errors/run_time_functions.hpp
[69.810s] -- Symlinking: /home/wellyowo/locobot_sim/locobot_ws/install/ecl_errors/include/ecl/errors.hpp
[69.810s] -- Symlinking: /home/wellyowo/locobot_sim/locobot_ws/install/ecl_errors/lib/ecl_errors/demo_errors
[69.810s] -- Symlinking: /home/wellyowo/locobot_sim/locobot_ws/install/ecl_errors/share/ecl_errors/environment/library_path.sh
[69.811s] -- Symlinking: /home/wellyowo/locobot_sim/locobot_ws/install/ecl_errors/share/ecl_errors/environment/library_path.dsv
[69.811s] -- Symlinking: /home/wellyowo/locobot_sim/locobot_ws/install/ecl_errors/share/ament_index/resource_index/package_run_dependencies/ecl_errors
[69.811s] -- Symlinking: /home/wellyowo/locobot_sim/locobot_ws/install/ecl_errors/share/ament_index/resource_index/parent_prefix_path/ecl_errors
[69.811s] -- Symlinking: /home/wellyowo/locobot_sim/locobot_ws/install/ecl_errors/share/ecl_errors/environment/ament_prefix_path.sh
[69.811s] -- Symlinking: /home/wellyowo/locobot_sim/locobot_ws/install/ecl_errors/share/ecl_errors/environment/ament_prefix_path.dsv
[69.811s] -- Symlinking: /home/wellyowo/locobot_sim/locobot_ws/install/ecl_errors/share/ecl_errors/environment/path.sh
[69.811s] -- Symlinking: /home/wellyowo/locobot_sim/locobot_ws/install/ecl_errors/share/ecl_errors/environment/path.dsv
[69.812s] -- Symlinking: /home/wellyowo/locobot_sim/locobot_ws/install/ecl_errors/share/ecl_errors/local_setup.bash
[69.812s] -- Symlinking: /home/wellyowo/locobot_sim/locobot_ws/install/ecl_errors/share/ecl_errors/local_setup.sh
[69.812s] -- Symlinking: /home/wellyowo/locobot_sim/locobot_ws/install/ecl_errors/share/ecl_errors/local_setup.zsh
[69.812s] -- Symlinking: /home/wellyowo/locobot_sim/locobot_ws/install/ecl_errors/share/ecl_errors/local_setup.dsv
[69.816s] -- Symlinking: /home/wellyowo/locobot_sim/locobot_ws/install/ecl_errors/share/ecl_errors/package.dsv
[69.816s] -- Symlinking: /home/wellyowo/locobot_sim/locobot_ws/install/ecl_errors/share/ament_index/resource_index/packages/ecl_errors
[69.817s] -- Symlinking: /home/wellyowo/locobot_sim/locobot_ws/install/ecl_errors/share/ecl_errors/cmake/ament_cmake_export_targets-extras.cmake
[69.830s] -- Symlinking: /home/wellyowo/locobot_sim/locobot_ws/install/ecl_errors/share/ecl_errors/cmake/ament_cmake_export_include_directories-extras.cmake
[69.831s] -- Symlinking: /home/wellyowo/locobot_sim/locobot_ws/install/ecl_errors/share/ecl_errors/cmake/ament_cmake_export_libraries-extras.cmake
[69.831s] -- Symlinking: /home/wellyowo/locobot_sim/locobot_ws/install/ecl_errors/share/ecl_errors/cmake/ament_cmake_export_dependencies-extras.cmake
[69.831s] -- Symlinking: /home/wellyowo/locobot_sim/locobot_ws/install/ecl_errors/share/ecl_errors/cmake/ecl_errorsConfig.cmake
[69.831s] -- Symlinking: /home/wellyowo/locobot_sim/locobot_ws/install/ecl_errors/share/ecl_errors/cmake/ecl_errorsConfig-version.cmake
[69.831s] -- Symlinking: /home/wellyowo/locobot_sim/locobot_ws/install/ecl_errors/share/ecl_errors/package.xml
[69.831s] -- Installing: /home/wellyowo/locobot_sim/locobot_ws/install/ecl_errors/share/ecl_errors/cmake/ecl_errorsExport.cmake
[69.831s] -- Installing: /home/wellyowo/locobot_sim/locobot_ws/install/ecl_errors/share/ecl_errors/cmake/ecl_errorsExport-noconfig.cmake
[69.831s] -- Installing: /home/wellyowo/locobot_sim/locobot_ws/install/ecl_errors/lib/libecl_errors.so.1.2.0
[69.831s] -- Installing: /home/wellyowo/locobot_sim/locobot_ws/install/ecl_errors/lib/libecl_errors.so
[69.945s] Invoked command in '/home/wellyowo/locobot_sim/locobot_ws/build/ecl_errors' returned '0': AMENT_PREFIX_PATH=/home/wellyowo/locobot_sim/locobot_ws/install/ecl_config:${AMENT_PREFIX_PATH} CMAKE_PREFIX_PATH=/home/wellyowo/locobot_sim/locobot_ws/install/ecl_config:/opt/ros/humble PATH=/home/wellyowo/locobot_sim/locobot_ws/install/ecl_config/bin:${PATH} /usr/bin/cmake --install /home/wellyowo/locobot_sim/locobot_ws/build/ecl_errors
