[0.018s] Invoking command in '/home/wellyowo/locobot_sim/locobot_ws/build/interbotix_xs_sdk': AMENT_PREFIX_PATH=/home/wellyowo/locobot_sim/locobot_ws/install/interbotix_xs_driver:/home/wellyowo/locobot_sim/locobot_ws/install/interbotix_xs_msgs:/home/wellyowo/locobot_sim/locobot_ws/install/dynamixel_workbench_toolbox:${AMENT_PREFIX_PATH} CMAKE_PREFIX_PATH=/home/wellyowo/locobot_sim/locobot_ws/install/interbotix_xs_driver:/home/wellyowo/locobot_sim/locobot_ws/install/interbotix_xs_msgs:/home/wellyowo/locobot_sim/locobot_ws/install/dynamixel_workbench_toolbox:/opt/ros/humble LD_LIBRARY_PATH=/home/wellyowo/locobot_sim/locobot_ws/install/interbotix_xs_driver/lib:/home/wellyowo/locobot_sim/locobot_ws/install/interbotix_xs_msgs/lib:/home/wellyowo/locobot_sim/locobot_ws/install/dynamixel_workbench_toolbox/lib:/opt/ros/humble/opt/rviz_ogre_vendor/lib:/opt/ros/humble/lib/x86_64-linux-gnu:/opt/ros/humble/lib:/usr/local/nvidia/lib:/usr/local/nvidia/lib64:/usr/lib/x86_64-linux-gnu/gazebo-11/plugins PYTHONPATH=/home/wellyowo/locobot_sim/locobot_ws/install/interbotix_xs_msgs/local/lib/python3.10/dist-packages:${PYTHONPATH} /usr/bin/cmake /home/wellyowo/locobot_sim/locobot_ws/src/interbotix_ros_core/interbotix_ros_xseries/interbotix_xs_sdk -DBUILD_TESTING=OFF -DCMAKE_PREFIX_PATH= -DAMENT_CMAKE_SYMLINK_INSTALL=1 -DCMAKE_INSTALL_PREFIX=/home/wellyowo/locobot_sim/locobot_ws/install/interbotix_xs_sdk
[0.068s] -- The C compiler identification is GNU 11.4.0
[0.131s] -- The CXX compiler identification is GNU 11.4.0
[0.139s] -- Detecting C compiler ABI info
[0.211s] -- Detecting C compiler ABI info - done
[0.222s] -- Check for working C compiler: /usr/bin/cc - skipped
[0.223s] -- Detecting C compile features
[0.223s] -- Detecting C compile features - done
[0.227s] -- Detecting CXX compiler ABI info
[0.318s] -- Detecting CXX compiler ABI info - done
[0.328s] -- Check for working CXX compiler: /usr/bin/c++ - skipped
[0.328s] -- Detecting CXX compile features
[0.329s] -- Detecting CXX compile features - done
[0.333s] -- Found ament_cmake: 1.3.11 (/opt/ros/humble/share/ament_cmake/cmake)
[0.505s] -- Found Python3: /usr/bin/python3 (found version "3.10.12") found components: Interpreter 
[0.582s] -- Override CMake install command with custom implementation using symlinks instead of copying resources
[0.623s] -- Found ament_index_cpp: 1.4.0 (/opt/ros/humble/share/ament_index_cpp/cmake)
[0.626s] -- Found rclcpp: 16.0.12 (/opt/ros/humble/share/rclcpp/cmake)
[0.674s] -- Found rosidl_generator_c: 3.1.6 (/opt/ros/humble/share/rosidl_generator_c/cmake)
[0.681s] -- Found rosidl_adapter: 3.1.6 (/opt/ros/humble/share/rosidl_adapter/cmake)
[0.689s] -- Found rosidl_generator_cpp: 3.1.6 (/opt/ros/humble/share/rosidl_generator_cpp/cmake)
[0.701s] -- Using all available rosidl_typesupport_c: rosidl_typesupport_fastrtps_c;rosidl_typesupport_introspection_c
[0.721s] -- Using all available rosidl_typesupport_cpp: rosidl_typesupport_fastrtps_cpp;rosidl_typesupport_introspection_cpp
[0.769s] -- Found rmw_implementation_cmake: 6.1.2 (/opt/ros/humble/share/rmw_implementation_cmake/cmake)
[0.771s] -- Found rmw_fastrtps_cpp: 6.2.7 (/opt/ros/humble/share/rmw_fastrtps_cpp/cmake)
[0.854s] -- Found OpenSSL: /usr/lib/x86_64-linux-gnu/libcrypto.so (found version "3.0.2")  
[0.882s] -- Found FastRTPS: /opt/ros/humble/include  
[0.925s] -- Using RMW implementation 'rmw_fastrtps_cpp' as default
[0.934s] -- Looking for pthread.h
[1.013s] -- Looking for pthread.h - found
[1.013s] -- Performing Test CMAKE_HAVE_LIBC_PTHREAD
[1.084s] -- Performing Test CMAKE_HAVE_LIBC_PTHREAD - Success
[1.085s] -- Found Threads: TRUE  
[1.135s] -- Found rclpy: 3.3.16 (/opt/ros/humble/share/rclpy/cmake)
[1.137s] -- Found sensor_msgs: 4.9.0 (/opt/ros/humble/share/sensor_msgs/cmake)
[1.172s] -- Found urdf: 2.6.1 (/opt/ros/humble/share/urdf/cmake)
[1.215s] -- Found interbotix_xs_msgs: 0.0.0 (/home/wellyowo/locobot_sim/locobot_ws/install/interbotix_xs_msgs/share/interbotix_xs_msgs/cmake)
[1.254s] -- Found interbotix_xs_driver: 0.3.7 (/home/wellyowo/locobot_sim/locobot_ws/install/interbotix_xs_driver/share/interbotix_xs_driver/cmake)
[1.361s] -- Configuring done
[1.385s] -- Generating done
[1.392s] -- Build files have been written to: /home/wellyowo/locobot_sim/locobot_ws/build/interbotix_xs_sdk
[1.408s] Invoked command in '/home/wellyowo/locobot_sim/locobot_ws/build/interbotix_xs_sdk' returned '0': AMENT_PREFIX_PATH=/home/wellyowo/locobot_sim/locobot_ws/install/interbotix_xs_driver:/home/wellyowo/locobot_sim/locobot_ws/install/interbotix_xs_msgs:/home/wellyowo/locobot_sim/locobot_ws/install/dynamixel_workbench_toolbox:${AMENT_PREFIX_PATH} CMAKE_PREFIX_PATH=/home/wellyowo/locobot_sim/locobot_ws/install/interbotix_xs_driver:/home/wellyowo/locobot_sim/locobot_ws/install/interbotix_xs_msgs:/home/wellyowo/locobot_sim/locobot_ws/install/dynamixel_workbench_toolbox:/opt/ros/humble LD_LIBRARY_PATH=/home/wellyowo/locobot_sim/locobot_ws/install/interbotix_xs_driver/lib:/home/wellyowo/locobot_sim/locobot_ws/install/interbotix_xs_msgs/lib:/home/wellyowo/locobot_sim/locobot_ws/install/dynamixel_workbench_toolbox/lib:/opt/ros/humble/opt/rviz_ogre_vendor/lib:/opt/ros/humble/lib/x86_64-linux-gnu:/opt/ros/humble/lib:/usr/local/nvidia/lib:/usr/local/nvidia/lib64:/usr/lib/x86_64-linux-gnu/gazebo-11/plugins PYTHONPATH=/home/wellyowo/locobot_sim/locobot_ws/install/interbotix_xs_msgs/local/lib/python3.10/dist-packages:${PYTHONPATH} /usr/bin/cmake /home/wellyowo/locobot_sim/locobot_ws/src/interbotix_ros_core/interbotix_ros_xseries/interbotix_xs_sdk -DBUILD_TESTING=OFF -DCMAKE_PREFIX_PATH= -DAMENT_CMAKE_SYMLINK_INSTALL=1 -DCMAKE_INSTALL_PREFIX=/home/wellyowo/locobot_sim/locobot_ws/install/interbotix_xs_sdk
[1.409s] Invoking command in '/home/wellyowo/locobot_sim/locobot_ws/build/interbotix_xs_sdk': AMENT_PREFIX_PATH=/home/wellyowo/locobot_sim/locobot_ws/install/interbotix_xs_driver:/home/wellyowo/locobot_sim/locobot_ws/install/interbotix_xs_msgs:/home/wellyowo/locobot_sim/locobot_ws/install/dynamixel_workbench_toolbox:${AMENT_PREFIX_PATH} CMAKE_PREFIX_PATH=/home/wellyowo/locobot_sim/locobot_ws/install/interbotix_xs_driver:/home/wellyowo/locobot_sim/locobot_ws/install/interbotix_xs_msgs:/home/wellyowo/locobot_sim/locobot_ws/install/dynamixel_workbench_toolbox:/opt/ros/humble LD_LIBRARY_PATH=/home/wellyowo/locobot_sim/locobot_ws/install/interbotix_xs_driver/lib:/home/wellyowo/locobot_sim/locobot_ws/install/interbotix_xs_msgs/lib:/home/wellyowo/locobot_sim/locobot_ws/install/dynamixel_workbench_toolbox/lib:/opt/ros/humble/opt/rviz_ogre_vendor/lib:/opt/ros/humble/lib/x86_64-linux-gnu:/opt/ros/humble/lib:/usr/local/nvidia/lib:/usr/local/nvidia/lib64:/usr/lib/x86_64-linux-gnu/gazebo-11/plugins PYTHONPATH=/home/wellyowo/locobot_sim/locobot_ws/install/interbotix_xs_msgs/local/lib/python3.10/dist-packages:${PYTHONPATH} /usr/bin/cmake --build /home/wellyowo/locobot_sim/locobot_ws/build/interbotix_xs_sdk -- -j16 -l16
[1.474s] [ 33%] [32mBuilding CXX object CMakeFiles/xs_sdk.dir/src/xs_sdk.cpp.o[0m
[6.363s] [ 66%] [32mBuilding CXX object CMakeFiles/xs_sdk.dir/src/xs_sdk_obj.cpp.o[0m
[24.846s] [100%] [32m[1mLinking CXX executable xs_sdk[0m
[25.782s] [100%] Built target xs_sdk
[25.792s] Invoked command in '/home/wellyowo/locobot_sim/locobot_ws/build/interbotix_xs_sdk' returned '0': AMENT_PREFIX_PATH=/home/wellyowo/locobot_sim/locobot_ws/install/interbotix_xs_driver:/home/wellyowo/locobot_sim/locobot_ws/install/interbotix_xs_msgs:/home/wellyowo/locobot_sim/locobot_ws/install/dynamixel_workbench_toolbox:${AMENT_PREFIX_PATH} CMAKE_PREFIX_PATH=/home/wellyowo/locobot_sim/locobot_ws/install/interbotix_xs_driver:/home/wellyowo/locobot_sim/locobot_ws/install/interbotix_xs_msgs:/home/wellyowo/locobot_sim/locobot_ws/install/dynamixel_workbench_toolbox:/opt/ros/humble LD_LIBRARY_PATH=/home/wellyowo/locobot_sim/locobot_ws/install/interbotix_xs_driver/lib:/home/wellyowo/locobot_sim/locobot_ws/install/interbotix_xs_msgs/lib:/home/wellyowo/locobot_sim/locobot_ws/install/dynamixel_workbench_toolbox/lib:/opt/ros/humble/opt/rviz_ogre_vendor/lib:/opt/ros/humble/lib/x86_64-linux-gnu:/opt/ros/humble/lib:/usr/local/nvidia/lib:/usr/local/nvidia/lib64:/usr/lib/x86_64-linux-gnu/gazebo-11/plugins PYTHONPATH=/home/wellyowo/locobot_sim/locobot_ws/install/interbotix_xs_msgs/local/lib/python3.10/dist-packages:${PYTHONPATH} /usr/bin/cmake --build /home/wellyowo/locobot_sim/locobot_ws/build/interbotix_xs_sdk -- -j16 -l16
[25.793s] Invoking command in '/home/wellyowo/locobot_sim/locobot_ws/build/interbotix_xs_sdk': AMENT_PREFIX_PATH=/home/wellyowo/locobot_sim/locobot_ws/install/interbotix_xs_driver:/home/wellyowo/locobot_sim/locobot_ws/install/interbotix_xs_msgs:/home/wellyowo/locobot_sim/locobot_ws/install/dynamixel_workbench_toolbox:${AMENT_PREFIX_PATH} CMAKE_PREFIX_PATH=/home/wellyowo/locobot_sim/locobot_ws/install/interbotix_xs_driver:/home/wellyowo/locobot_sim/locobot_ws/install/interbotix_xs_msgs:/home/wellyowo/locobot_sim/locobot_ws/install/dynamixel_workbench_toolbox:/opt/ros/humble LD_LIBRARY_PATH=/home/wellyowo/locobot_sim/locobot_ws/install/interbotix_xs_driver/lib:/home/wellyowo/locobot_sim/locobot_ws/install/interbotix_xs_msgs/lib:/home/wellyowo/locobot_sim/locobot_ws/install/dynamixel_workbench_toolbox/lib:/opt/ros/humble/opt/rviz_ogre_vendor/lib:/opt/ros/humble/lib/x86_64-linux-gnu:/opt/ros/humble/lib:/usr/local/nvidia/lib:/usr/local/nvidia/lib64:/usr/lib/x86_64-linux-gnu/gazebo-11/plugins PYTHONPATH=/home/wellyowo/locobot_sim/locobot_ws/install/interbotix_xs_msgs/local/lib/python3.10/dist-packages:${PYTHONPATH} /usr/bin/cmake --install /home/wellyowo/locobot_sim/locobot_ws/build/interbotix_xs_sdk
[25.799s] -- Install configuration: ""
[25.800s] -- Execute custom install script
[25.800s] -- Symlinking: /home/wellyowo/locobot_sim/locobot_ws/install/interbotix_xs_sdk/lib/interbotix_xs_sdk/xs_sdk
[25.807s] -- Symlinking: /home/wellyowo/locobot_sim/locobot_ws/install/interbotix_xs_sdk/lib/interbotix_xs_sdk/xs_sdk_sim.py
[25.814s] -- Symlinking: /home/wellyowo/locobot_sim/locobot_ws/install/interbotix_xs_sdk/share/interbotix_xs_sdk//config/mode_configs_template.yaml
[25.821s] -- Symlinking: /home/wellyowo/locobot_sim/locobot_ws/install/interbotix_xs_sdk/share/interbotix_xs_sdk//config/motor_configs_template.yaml
[25.827s] -- Symlinking: /home/wellyowo/locobot_sim/locobot_ws/install/interbotix_xs_sdk/share/ament_index/resource_index/package_run_dependencies/interbotix_xs_sdk
[25.834s] -- Symlinking: /home/wellyowo/locobot_sim/locobot_ws/install/interbotix_xs_sdk/share/ament_index/resource_index/parent_prefix_path/interbotix_xs_sdk
[25.840s] -- Symlinking: /home/wellyowo/locobot_sim/locobot_ws/install/interbotix_xs_sdk/share/interbotix_xs_sdk/environment/ament_prefix_path.sh
[25.847s] -- Symlinking: /home/wellyowo/locobot_sim/locobot_ws/install/interbotix_xs_sdk/share/interbotix_xs_sdk/environment/ament_prefix_path.dsv
[25.853s] -- Symlinking: /home/wellyowo/locobot_sim/locobot_ws/install/interbotix_xs_sdk/share/interbotix_xs_sdk/environment/path.sh
[25.860s] -- Symlinking: /home/wellyowo/locobot_sim/locobot_ws/install/interbotix_xs_sdk/share/interbotix_xs_sdk/environment/path.dsv
[25.866s] -- Symlinking: /home/wellyowo/locobot_sim/locobot_ws/install/interbotix_xs_sdk/share/interbotix_xs_sdk/local_setup.bash
[25.873s] -- Symlinking: /home/wellyowo/locobot_sim/locobot_ws/install/interbotix_xs_sdk/share/interbotix_xs_sdk/local_setup.sh
[25.879s] -- Symlinking: /home/wellyowo/locobot_sim/locobot_ws/install/interbotix_xs_sdk/share/interbotix_xs_sdk/local_setup.zsh
[25.885s] -- Symlinking: /home/wellyowo/locobot_sim/locobot_ws/install/interbotix_xs_sdk/share/interbotix_xs_sdk/local_setup.dsv
[25.891s] -- Symlinking: /home/wellyowo/locobot_sim/locobot_ws/install/interbotix_xs_sdk/share/interbotix_xs_sdk/package.dsv
[25.898s] -- Symlinking: /home/wellyowo/locobot_sim/locobot_ws/install/interbotix_xs_sdk/share/ament_index/resource_index/packages/interbotix_xs_sdk
[25.905s] -- Symlinking: /home/wellyowo/locobot_sim/locobot_ws/install/interbotix_xs_sdk/share/interbotix_xs_sdk/cmake/interbotix_xs_sdkConfig.cmake
[25.911s] -- Symlinking: /home/wellyowo/locobot_sim/locobot_ws/install/interbotix_xs_sdk/share/interbotix_xs_sdk/cmake/interbotix_xs_sdkConfig-version.cmake
[25.918s] -- Symlinking: /home/wellyowo/locobot_sim/locobot_ws/install/interbotix_xs_sdk/share/interbotix_xs_sdk/package.xml
[25.926s] Invoked command in '/home/wellyowo/locobot_sim/locobot_ws/build/interbotix_xs_sdk' returned '0': AMENT_PREFIX_PATH=/home/wellyowo/locobot_sim/locobot_ws/install/interbotix_xs_driver:/home/wellyowo/locobot_sim/locobot_ws/install/interbotix_xs_msgs:/home/wellyowo/locobot_sim/locobot_ws/install/dynamixel_workbench_toolbox:${AMENT_PREFIX_PATH} CMAKE_PREFIX_PATH=/home/wellyowo/locobot_sim/locobot_ws/install/interbotix_xs_driver:/home/wellyowo/locobot_sim/locobot_ws/install/interbotix_xs_msgs:/home/wellyowo/locobot_sim/locobot_ws/install/dynamixel_workbench_toolbox:/opt/ros/humble LD_LIBRARY_PATH=/home/wellyowo/locobot_sim/locobot_ws/install/interbotix_xs_driver/lib:/home/wellyowo/locobot_sim/locobot_ws/install/interbotix_xs_msgs/lib:/home/wellyowo/locobot_sim/locobot_ws/install/dynamixel_workbench_toolbox/lib:/opt/ros/humble/opt/rviz_ogre_vendor/lib:/opt/ros/humble/lib/x86_64-linux-gnu:/opt/ros/humble/lib:/usr/local/nvidia/lib:/usr/local/nvidia/lib64:/usr/lib/x86_64-linux-gnu/gazebo-11/plugins PYTHONPATH=/home/wellyowo/locobot_sim/locobot_ws/install/interbotix_xs_msgs/local/lib/python3.10/dist-packages:${PYTHONPATH} /usr/bin/cmake --install /home/wellyowo/locobot_sim/locobot_ws/build/interbotix_xs_sdk
