[0.165s] Invoking command in '/home/wellyowo/locobot_sim/locobot_ws/build/kobuki_bumper2pc': CMAKE_PREFIX_PATH=/opt/ros/humble /usr/bin/cmake /home/wellyowo/locobot_sim/locobot_ws/src/ThirdParty/kobuki_ros/kobuki_bumper2pc -DBUILD_TESTING=OFF -DCMAKE_PREFIX_PATH= -DAMENT_CMAKE_SYMLINK_INSTALL=1 -DCMAKE_INSTALL_PREFIX=/home/wellyowo/locobot_sim/locobot_ws/install/kobuki_bumper2pc
[1.426s] -- The C compiler identification is GNU 11.4.0
[1.426s] -- The CXX compiler identification is GNU 11.4.0
[1.426s] -- Detecting C compiler ABI info
[1.426s] -- Detecting C compiler ABI info - done
[1.443s] -- Check for working C compiler: /usr/bin/cc - skipped
[1.443s] -- Detecting C compile features
[1.443s] -- Detecting C compile features - done
[1.444s] -- Detecting CXX compiler ABI info
[1.444s] -- Detecting CXX compiler ABI info - done
[1.444s] -- Check for working CXX compiler: /usr/bin/c++ - skipped
[1.444s] -- Detecting CXX compile features
[1.444s] -- Detecting CXX compile features - done
[1.444s] -- Found ament_cmake_ros: 0.10.0 (/opt/ros/humble/share/ament_cmake_ros/cmake)
[1.444s] -- Found Python3: /usr/bin/python3 (found version "3.10.12") found components: Interpreter 
[1.444s] -- Override CMake install command with custom implementation using symlinks instead of copying resources
[1.444s] -- Found kobuki_ros_interfaces: 1.0.0 (/opt/ros/humble/share/kobuki_ros_interfaces/cmake)
[1.583s] -- Found rosidl_generator_c: 3.1.6 (/opt/ros/humble/share/rosidl_generator_c/cmake)
[1.639s] -- Found rosidl_adapter: 3.1.6 (/opt/ros/humble/share/rosidl_adapter/cmake)
[1.687s] -- Found rosidl_generator_cpp: 3.1.6 (/opt/ros/humble/share/rosidl_generator_cpp/cmake)
[1.748s] -- Using all available rosidl_typesupport_c: rosidl_typesupport_fastrtps_c;rosidl_typesupport_introspection_c
[1.845s] -- Using all available rosidl_typesupport_cpp: rosidl_typesupport_fastrtps_cpp;rosidl_typesupport_introspection_cpp
[2.044s] -- Found rcl_interfaces: 1.2.1 (/opt/ros/humble/share/rcl_interfaces/cmake)
[2.060s] -- Found rclcpp: 16.0.12 (/opt/ros/humble/share/rclcpp/cmake)
[2.115s] -- Found rmw_implementation_cmake: 6.1.2 (/opt/ros/humble/share/rmw_implementation_cmake/cmake)
[2.126s] -- Found rmw_fastrtps_cpp: 6.2.7 (/opt/ros/humble/share/rmw_fastrtps_cpp/cmake)
[2.360s] -- Found OpenSSL: /usr/lib/x86_64-linux-gnu/libcrypto.so (found version "3.0.2")  
[2.470s] -- Found FastRTPS: /opt/ros/humble/include  
[2.649s] -- Using RMW implementation 'rmw_fastrtps_cpp' as default
[2.687s] -- Looking for pthread.h
[2.981s] -- Looking for pthread.h - found
[2.981s] -- Performing Test CMAKE_HAVE_LIBC_PTHREAD
[3.252s] -- Performing Test CMAKE_HAVE_LIBC_PTHREAD - Success
[3.254s] -- Found Threads: TRUE  
[3.468s] -- Found rclcpp_components: 16.0.12 (/opt/ros/humble/share/rclcpp_components/cmake)
[3.576s] -- Found sensor_msgs: 4.9.0 (/opt/ros/humble/share/sensor_msgs/cmake)
[4.144s] -- Configuring done
[4.261s] -- Generating done
[4.365s] -- Build files have been written to: /home/wellyowo/locobot_sim/locobot_ws/build/kobuki_bumper2pc
[4.611s] Invoked command in '/home/wellyowo/locobot_sim/locobot_ws/build/kobuki_bumper2pc' returned '0': CMAKE_PREFIX_PATH=/opt/ros/humble /usr/bin/cmake /home/wellyowo/locobot_sim/locobot_ws/src/ThirdParty/kobuki_ros/kobuki_bumper2pc -DBUILD_TESTING=OFF -DCMAKE_PREFIX_PATH= -DAMENT_CMAKE_SYMLINK_INSTALL=1 -DCMAKE_INSTALL_PREFIX=/home/wellyowo/locobot_sim/locobot_ws/install/kobuki_bumper2pc
[4.612s] Invoking command in '/home/wellyowo/locobot_sim/locobot_ws/build/kobuki_bumper2pc': CMAKE_PREFIX_PATH=/opt/ros/humble /usr/bin/cmake --build /home/wellyowo/locobot_sim/locobot_ws/build/kobuki_bumper2pc -- -j16 -l16
[5.840s] [ 25%] [32mBuilding CXX object CMakeFiles/kobuki_bumper2pc.dir/src/kobuki_bumper2pc.cpp.o[0m
[5.840s] [ 50%] [32mBuilding CXX object CMakeFiles/kobuki_bumper2pc_node.dir/rclcpp_components/node_main_kobuki_bumper2pc_node.cpp.o[0m
[33.187s] [ 75%] [32m[1mLinking CXX executable kobuki_bumper2pc_node[0m
[33.622s] [ 75%] Built target kobuki_bumper2pc_node
[72.214s] [100%] [32m[1mLinking CXX shared library libkobuki_bumper2pc.so[0m
[75.670s] [100%] Built target kobuki_bumper2pc
[75.744s] Invoked command in '/home/wellyowo/locobot_sim/locobot_ws/build/kobuki_bumper2pc' returned '0': CMAKE_PREFIX_PATH=/opt/ros/humble /usr/bin/cmake --build /home/wellyowo/locobot_sim/locobot_ws/build/kobuki_bumper2pc -- -j16 -l16
[75.745s] Invoking command in '/home/wellyowo/locobot_sim/locobot_ws/build/kobuki_bumper2pc': CMAKE_PREFIX_PATH=/opt/ros/humble /usr/bin/cmake --install /home/wellyowo/locobot_sim/locobot_ws/build/kobuki_bumper2pc
[76.519s] -- Install configuration: ""
[76.519s] -- Execute custom install script
[76.520s] -- Symlinking: /home/wellyowo/locobot_sim/locobot_ws/install/kobuki_bumper2pc/lib/kobuki_bumper2pc/kobuki_bumper2pc_node
[76.520s] -- Symlinking: /home/wellyowo/locobot_sim/locobot_ws/install/kobuki_bumper2pc/lib/libkobuki_bumper2pc.so
[76.520s] -- Symlinking: /home/wellyowo/locobot_sim/locobot_ws/install/kobuki_bumper2pc/include/kobuki_bumper2pc/kobuki_bumper2pc.hpp
[76.520s] -- Symlinking: /home/wellyowo/locobot_sim/locobot_ws/install/kobuki_bumper2pc/share/kobuki_bumper2pc/launch/kobuki_bumper2pc-launch.py
[76.521s] -- Symlinking: /home/wellyowo/locobot_sim/locobot_ws/install/kobuki_bumper2pc/share/ament_index/resource_index/package_run_dependencies/kobuki_bumper2pc
[76.521s] -- Symlinking: /home/wellyowo/locobot_sim/locobot_ws/install/kobuki_bumper2pc/share/ament_index/resource_index/parent_prefix_path/kobuki_bumper2pc
[76.521s] -- Symlinking: /home/wellyowo/locobot_sim/locobot_ws/install/kobuki_bumper2pc/share/kobuki_bumper2pc/environment/ament_prefix_path.sh
[76.521s] -- Symlinking: /home/wellyowo/locobot_sim/locobot_ws/install/kobuki_bumper2pc/share/kobuki_bumper2pc/environment/ament_prefix_path.dsv
[76.522s] -- Symlinking: /home/wellyowo/locobot_sim/locobot_ws/install/kobuki_bumper2pc/share/kobuki_bumper2pc/environment/path.sh
[76.522s] -- Symlinking: /home/wellyowo/locobot_sim/locobot_ws/install/kobuki_bumper2pc/share/kobuki_bumper2pc/environment/path.dsv
[76.522s] -- Symlinking: /home/wellyowo/locobot_sim/locobot_ws/install/kobuki_bumper2pc/share/kobuki_bumper2pc/local_setup.bash
[76.522s] -- Symlinking: /home/wellyowo/locobot_sim/locobot_ws/install/kobuki_bumper2pc/share/kobuki_bumper2pc/local_setup.sh
[76.523s] -- Symlinking: /home/wellyowo/locobot_sim/locobot_ws/install/kobuki_bumper2pc/share/kobuki_bumper2pc/local_setup.zsh
[76.523s] -- Symlinking: /home/wellyowo/locobot_sim/locobot_ws/install/kobuki_bumper2pc/share/kobuki_bumper2pc/local_setup.dsv
[76.523s] -- Symlinking: /home/wellyowo/locobot_sim/locobot_ws/install/kobuki_bumper2pc/share/kobuki_bumper2pc/package.dsv
[76.523s] -- Symlinking: /home/wellyowo/locobot_sim/locobot_ws/install/kobuki_bumper2pc/share/ament_index/resource_index/packages/kobuki_bumper2pc
[76.524s] -- Symlinking: /home/wellyowo/locobot_sim/locobot_ws/install/kobuki_bumper2pc/share/ament_index/resource_index/rclcpp_components/kobuki_bumper2pc
[76.524s] -- Symlinking: /home/wellyowo/locobot_sim/locobot_ws/install/kobuki_bumper2pc/share/kobuki_bumper2pc/cmake/kobuki_bumper2pcConfig.cmake
[76.524s] -- Symlinking: /home/wellyowo/locobot_sim/locobot_ws/install/kobuki_bumper2pc/share/kobuki_bumper2pc/cmake/kobuki_bumper2pcConfig-version.cmake
[76.524s] -- Symlinking: /home/wellyowo/locobot_sim/locobot_ws/install/kobuki_bumper2pc/share/kobuki_bumper2pc/package.xml
[76.572s] Invoked command in '/home/wellyowo/locobot_sim/locobot_ws/build/kobuki_bumper2pc' returned '0': CMAKE_PREFIX_PATH=/opt/ros/humble /usr/bin/cmake --install /home/wellyowo/locobot_sim/locobot_ws/build/kobuki_bumper2pc
