[0.058s] Invoking command in '/home/wellyowo/locobot_sim/locobot_ws/src/build/kobuki': AMENT_PREFIX_PATH=/home/wellyowo/locobot_sim/locobot_ws/src/install/kobuki_description:${AMENT_PREFIX_PATH} CMAKE_PREFIX_PATH=/home/wellyowo/locobot_sim/locobot_ws/src/install/kobuki_description:/opt/ros/humble /usr/bin/cmake /home/wellyowo/locobot_sim/locobot_ws/src/kobuki -DCMAKE_INSTALL_PREFIX=/home/wellyowo/locobot_sim/locobot_ws/src/install/kobuki
[7.977s] -- The C compiler identification is GNU 11.4.0
[7.977s] -- The CXX compiler identification is GNU 11.4.0
[7.977s] -- Detecting C compiler ABI info
[7.977s] -- Detecting C compiler ABI info - done
[7.977s] -- Check for working C compiler: /usr/bin/cc - skipped
[7.977s] -- Detecting C compile features
[7.977s] -- Detecting C compile features - done
[7.977s] -- Detecting CXX compiler ABI info
[7.978s] -- Detecting CXX compiler ABI info - done
[7.978s] -- Check for working CXX compiler: /usr/bin/c++ - skipped
[7.978s] -- Detecting CXX compile features
[7.978s] -- Detecting CXX compile features - done
[7.978s] -- Found ament_cmake: 1.3.11 (/opt/ros/humble/share/ament_cmake/cmake)
[7.978s] -- Found Python3: /usr/bin/python3 (found version "3.10.12") found components: Interpreter 
[7.978s] -- Found rclcpp: 16.0.12 (/opt/ros/humble/share/rclcpp/cmake)
[7.978s] -- Found rosidl_generator_c: 3.1.6 (/opt/ros/humble/share/rosidl_generator_c/cmake)
[7.978s] -- Found rosidl_adapter: 3.1.6 (/opt/ros/humble/share/rosidl_adapter/cmake)
[7.978s] -- Found rosidl_generator_cpp: 3.1.6 (/opt/ros/humble/share/rosidl_generator_cpp/cmake)
[7.978s] -- Using all available rosidl_typesupport_c: rosidl_typesupport_fastrtps_c;rosidl_typesupport_introspection_c
[7.978s] -- Using all available rosidl_typesupport_cpp: rosidl_typesupport_fastrtps_cpp;rosidl_typesupport_introspection_cpp
[7.978s] -- Found rmw_implementation_cmake: 6.1.2 (/opt/ros/humble/share/rmw_implementation_cmake/cmake)
[7.978s] -- Found rmw_fastrtps_cpp: 6.2.7 (/opt/ros/humble/share/rmw_fastrtps_cpp/cmake)
[7.978s] -- Found OpenSSL: /usr/lib/x86_64-linux-gnu/libcrypto.so (found version "3.0.2")  
[7.978s] -- Found FastRTPS: /opt/ros/humble/include  
[7.978s] -- Using RMW implementation 'rmw_fastrtps_cpp' as default
[7.979s] -- Looking for pthread.h
[7.979s] -- Looking for pthread.h - found
[7.979s] -- Performing Test CMAKE_HAVE_LIBC_PTHREAD
[7.979s] -- Performing Test CMAKE_HAVE_LIBC_PTHREAD - Success
[7.979s] -- Found Threads: TRUE  
[7.979s] -- Found sensor_msgs: 4.9.0 (/opt/ros/humble/share/sensor_msgs/cmake)
[7.979s] -- Found kobuki_ros_interfaces: 1.0.0 (/opt/ros/humble/share/kobuki_ros_interfaces/cmake)
[7.979s] -- Found ament_lint_auto: 0.12.12 (/opt/ros/humble/share/ament_lint_auto/cmake)
[7.979s] -- Added test 'copyright' to check source files copyright and LICENSE
[7.979s] -- Added test 'cppcheck' to perform static code analysis on C / C++ code
[7.979s] -- Configured cppcheck include dirs: /home/wellyowo/locobot_sim/locobot_ws/src/kobuki/include
[7.979s] -- Configured cppcheck exclude dirs and/or files: 
[7.979s] -- Added test 'cpplint' to check C / C++ code against the Google style
[7.979s] -- Configured cpplint exclude dirs and/or files: 
[7.979s] -- Added test 'flake8' to check Python code syntax and style conventions
[7.979s] -- Added test 'lint_cmake' to check CMake code style
[7.980s] -- Added test 'pep257' to check Python code against some of the docstring style conventions in PEP 257
[7.980s] -- Added test 'uncrustify' to check C / C++ code style
[7.980s] -- Configured uncrustify additional arguments: 
[7.980s] -- Added test 'xmllint' to check XML markup files
[7.980s] -- Configuring done
[7.980s] -- Generating done
[7.980s] -- Build files have been written to: /home/wellyowo/locobot_sim/locobot_ws/src/build/kobuki
[7.980s] Invoked command in '/home/wellyowo/locobot_sim/locobot_ws/src/build/kobuki' returned '0': AMENT_PREFIX_PATH=/home/wellyowo/locobot_sim/locobot_ws/src/install/kobuki_description:${AMENT_PREFIX_PATH} CMAKE_PREFIX_PATH=/home/wellyowo/locobot_sim/locobot_ws/src/install/kobuki_description:/opt/ros/humble /usr/bin/cmake /home/wellyowo/locobot_sim/locobot_ws/src/kobuki -DCMAKE_INSTALL_PREFIX=/home/wellyowo/locobot_sim/locobot_ws/src/install/kobuki
[7.985s] Invoking command in '/home/wellyowo/locobot_sim/locobot_ws/src/build/kobuki': AMENT_PREFIX_PATH=/home/wellyowo/locobot_sim/locobot_ws/src/install/kobuki_description:${AMENT_PREFIX_PATH} CMAKE_PREFIX_PATH=/home/wellyowo/locobot_sim/locobot_ws/src/install/kobuki_description:/opt/ros/humble /usr/bin/cmake --build /home/wellyowo/locobot_sim/locobot_ws/src/build/kobuki -- -j16 -l16
[35.103s] [ 25%] [32mBuilding CXX object CMakeFiles/kobuki.dir/src/kobuki/FakeBumper.cpp.o[0m
[56.435s] [ 50%] [32m[1mLinking CXX shared library libkobuki.so[0m
[57.721s] [ 50%] Built target kobuki
[57.791s] [ 75%] [32mBuilding CXX object CMakeFiles/fake_bumer_node.dir/src/fake_bumper_node.cpp.o[0m
[68.735s] [100%] [32m[1mLinking CXX executable fake_bumer_node[0m
[69.399s] [100%] Built target fake_bumer_node
[69.468s] Invoked command in '/home/wellyowo/locobot_sim/locobot_ws/src/build/kobuki' returned '0': AMENT_PREFIX_PATH=/home/wellyowo/locobot_sim/locobot_ws/src/install/kobuki_description:${AMENT_PREFIX_PATH} CMAKE_PREFIX_PATH=/home/wellyowo/locobot_sim/locobot_ws/src/install/kobuki_description:/opt/ros/humble /usr/bin/cmake --build /home/wellyowo/locobot_sim/locobot_ws/src/build/kobuki -- -j16 -l16
[69.468s] Invoking command in '/home/wellyowo/locobot_sim/locobot_ws/src/build/kobuki': AMENT_PREFIX_PATH=/home/wellyowo/locobot_sim/locobot_ws/src/install/kobuki_description:${AMENT_PREFIX_PATH} CMAKE_PREFIX_PATH=/home/wellyowo/locobot_sim/locobot_ws/src/install/kobuki_description:/opt/ros/humble /usr/bin/cmake --install /home/wellyowo/locobot_sim/locobot_ws/src/build/kobuki
[75.154s] -- Install configuration: ""
[75.154s] -- Installing: /home/wellyowo/locobot_sim/locobot_ws/src/install/kobuki/bin/fake_bumer_node
[75.154s] -- Set runtime path of "/home/wellyowo/locobot_sim/locobot_ws/src/install/kobuki/bin/fake_bumer_node" to ""
[75.163s] -- Installing: /home/wellyowo/locobot_sim/locobot_ws/src/install/kobuki/share/kobuki/launch
[75.163s] -- Installing: /home/wellyowo/locobot_sim/locobot_ws/src/install/kobuki/share/kobuki/launch/navigation.launch.py
[75.163s] -- Installing: /home/wellyowo/locobot_sim/locobot_ws/src/install/kobuki/share/kobuki/launch/kobuki.launch.py
[75.163s] -- Installing: /home/wellyowo/locobot_sim/locobot_ws/src/install/kobuki/share/kobuki/launch/simulation.launch.py
[75.163s] -- Installing: /home/wellyowo/locobot_sim/locobot_ws/src/install/kobuki/share/kobuki/launch/navigation_sim.launch.py
[75.163s] -- Installing: /home/wellyowo/locobot_sim/locobot_ws/src/install/kobuki/share/kobuki/config
[75.164s] -- Installing: /home/wellyowo/locobot_sim/locobot_ws/src/install/kobuki/share/kobuki/config/kobuki_nav_params.yaml
[75.164s] -- Installing: /home/wellyowo/locobot_sim/locobot_ws/src/install/kobuki/share/kobuki/config/footprint_filter.yaml
[75.164s] -- Installing: /home/wellyowo/locobot_sim/locobot_ws/src/install/kobuki/share/kobuki/config/kobuki_node_params.yaml
[75.164s] -- Installing: /home/wellyowo/locobot_sim/locobot_ws/src/install/kobuki/share/kobuki/config/kobuki_sim_nav_params.yaml
[75.164s] -- Installing: /home/wellyowo/locobot_sim/locobot_ws/src/install/kobuki/share/kobuki/maps
[75.164s] -- Installing: /home/wellyowo/locobot_sim/locobot_ws/src/install/kobuki/share/kobuki/maps/aws_house_keep.yaml
[75.164s] -- Installing: /home/wellyowo/locobot_sim/locobot_ws/src/install/kobuki/share/kobuki/maps/lab.pgm
[75.164s] -- Installing: /home/wellyowo/locobot_sim/locobot_ws/src/install/kobuki/share/kobuki/maps/aws_bookstore.pgm
[75.164s] -- Installing: /home/wellyowo/locobot_sim/locobot_ws/src/install/kobuki/share/kobuki/maps/map_1704984627.pgm
[75.164s] -- Installing: /home/wellyowo/locobot_sim/locobot_ws/src/install/kobuki/share/kobuki/maps/aws_bookstore.yaml
[75.164s] -- Installing: /home/wellyowo/locobot_sim/locobot_ws/src/install/kobuki/share/kobuki/maps/lab_robocup.pgm
[75.164s] -- Installing: /home/wellyowo/locobot_sim/locobot_ws/src/install/kobuki/share/kobuki/maps/mapa_uni.yaml
[75.164s] -- Installing: /home/wellyowo/locobot_sim/locobot_ws/src/install/kobuki/share/kobuki/maps/aws_warehouse.pgm
[75.164s] -- Installing: /home/wellyowo/locobot_sim/locobot_ws/src/install/kobuki/share/kobuki/maps/lab_robocup.yaml
[75.165s] -- Installing: /home/wellyowo/locobot_sim/locobot_ws/src/install/kobuki/share/kobuki/maps/aws_house.yaml
[75.165s] -- Installing: /home/wellyowo/locobot_sim/locobot_ws/src/install/kobuki/share/kobuki/maps/aws_hospital.pgm
[75.165s] -- Installing: /home/wellyowo/locobot_sim/locobot_ws/src/install/kobuki/share/kobuki/maps/dmarce_map.yaml
[75.169s] -- Installing: /home/wellyowo/locobot_sim/locobot_ws/src/install/kobuki/share/kobuki/maps/aws_house.pgm
[75.169s] -- Installing: /home/wellyowo/locobot_sim/locobot_ws/src/install/kobuki/share/kobuki/maps/aws_warehouse.yaml
[75.169s] -- Installing: /home/wellyowo/locobot_sim/locobot_ws/src/install/kobuki/share/kobuki/maps/lab.yaml
[75.169s] -- Installing: /home/wellyowo/locobot_sim/locobot_ws/src/install/kobuki/share/kobuki/maps/aws_hospital.yaml
[75.169s] -- Installing: /home/wellyowo/locobot_sim/locobot_ws/src/install/kobuki/share/kobuki/maps/dmarce_map.pgm
[75.169s] -- Installing: /home/wellyowo/locobot_sim/locobot_ws/src/install/kobuki/share/kobuki/maps/map_1704984627.yaml
[75.169s] -- Installing: /home/wellyowo/locobot_sim/locobot_ws/src/install/kobuki/share/kobuki/maps/mapa_uni.pgm
[75.169s] -- Installing: /home/wellyowo/locobot_sim/locobot_ws/src/install/kobuki/share/kobuki/maps/aws_house_keep.pgm
[75.169s] -- Installing: /home/wellyowo/locobot_sim/locobot_ws/src/install/kobuki/include/
[75.169s] -- Installing: /home/wellyowo/locobot_sim/locobot_ws/src/install/kobuki/include//kobuki
[75.169s] -- Installing: /home/wellyowo/locobot_sim/locobot_ws/src/install/kobuki/include//kobuki/FakeBumper.hpp
[75.170s] -- Installing: /home/wellyowo/locobot_sim/locobot_ws/src/install/kobuki/share/ament_index/resource_index/package_run_dependencies/kobuki
[75.170s] -- Installing: /home/wellyowo/locobot_sim/locobot_ws/src/install/kobuki/share/ament_index/resource_index/parent_prefix_path/kobuki
[75.170s] -- Installing: /home/wellyowo/locobot_sim/locobot_ws/src/install/kobuki/share/kobuki/environment/ament_prefix_path.sh
[75.170s] -- Installing: /home/wellyowo/locobot_sim/locobot_ws/src/install/kobuki/share/kobuki/environment/ament_prefix_path.dsv
[75.170s] -- Installing: /home/wellyowo/locobot_sim/locobot_ws/src/install/kobuki/share/kobuki/environment/path.sh
[75.170s] -- Installing: /home/wellyowo/locobot_sim/locobot_ws/src/install/kobuki/share/kobuki/environment/path.dsv
[75.170s] -- Installing: /home/wellyowo/locobot_sim/locobot_ws/src/install/kobuki/share/kobuki/local_setup.bash
[75.170s] -- Installing: /home/wellyowo/locobot_sim/locobot_ws/src/install/kobuki/share/kobuki/local_setup.sh
[75.170s] -- Installing: /home/wellyowo/locobot_sim/locobot_ws/src/install/kobuki/share/kobuki/local_setup.zsh
[75.170s] -- Installing: /home/wellyowo/locobot_sim/locobot_ws/src/install/kobuki/share/kobuki/local_setup.dsv
[75.170s] -- Installing: /home/wellyowo/locobot_sim/locobot_ws/src/install/kobuki/share/kobuki/package.dsv
[75.170s] -- Installing: /home/wellyowo/locobot_sim/locobot_ws/src/install/kobuki/share/ament_index/resource_index/packages/kobuki
[75.170s] -- Installing: /home/wellyowo/locobot_sim/locobot_ws/src/install/kobuki/share/kobuki/cmake/ament_cmake_export_include_directories-extras.cmake
[75.170s] -- Installing: /home/wellyowo/locobot_sim/locobot_ws/src/install/kobuki/share/kobuki/cmake/ament_cmake_export_dependencies-extras.cmake
[75.170s] -- Installing: /home/wellyowo/locobot_sim/locobot_ws/src/install/kobuki/share/kobuki/cmake/kobukiConfig.cmake
[75.174s] -- Installing: /home/wellyowo/locobot_sim/locobot_ws/src/install/kobuki/share/kobuki/cmake/kobukiConfig-version.cmake
[75.174s] -- Installing: /home/wellyowo/locobot_sim/locobot_ws/src/install/kobuki/share/kobuki/package.xml
[75.247s] Invoked command in '/home/wellyowo/locobot_sim/locobot_ws/src/build/kobuki' returned '0': AMENT_PREFIX_PATH=/home/wellyowo/locobot_sim/locobot_ws/src/install/kobuki_description:${AMENT_PREFIX_PATH} CMAKE_PREFIX_PATH=/home/wellyowo/locobot_sim/locobot_ws/src/install/kobuki_description:/opt/ros/humble /usr/bin/cmake --install /home/wellyowo/locobot_sim/locobot_ws/src/build/kobuki
