-- The C compiler identification is GNU 11.4.0
-- The CXX compiler identification is GNU 11.4.0
-- Detecting C compiler ABI info
-- Detecting C compiler ABI info - done
-- Check for working C compiler: /usr/bin/cc - skipped
-- Detecting C compile features
-- Detecting C compile features - done
-- Detecting CXX compiler ABI info
-- Detecting CXX compiler ABI info - done
-- Check for working CXX compiler: /usr/bin/c++ - skipped
-- Detecting CXX compile features
-- Detecting CXX compile features - done
-- Found ament_cmake_ros: 0.10.0 (/opt/ros/humble/share/ament_cmake_ros/cmake)
-- Found Python3: /usr/bin/python3 (found version "3.10.12") found components: Interpreter 
-- Override CMake install command with custom implementation using symlinks instead of copying resources
-- Found ecl_linear_algebra: 1.2.1 (/home/wellyowo/locobot_sim/locobot_ws/install/ecl_linear_algebra/share/ecl_linear_algebra/cmake)
-- Found geometry_msgs: 4.9.0 (/opt/ros/humble/share/geometry_msgs/cmake)
-- Found rosidl_generator_c: 3.1.6 (/opt/ros/humble/share/rosidl_generator_c/cmake)
-- Found rosidl_adapter: 3.1.6 (/opt/ros/humble/share/rosidl_adapter/cmake)
-- Found rosidl_generator_cpp: 3.1.6 (/opt/ros/humble/share/rosidl_generator_cpp/cmake)
-- Using all available rosidl_typesupport_c: rosidl_typesupport_fastrtps_c;rosidl_typesupport_introspection_c
-- Using all available rosidl_typesupport_cpp: rosidl_typesupport_fastrtps_cpp;rosidl_typesupport_introspection_cpp
-- Found kobuki_core: 1.3.1 (/home/wellyowo/locobot_sim/locobot_ws/install/kobuki_core/share/kobuki_core/cmake)
-- Found ecl_build: 1.0.3 (/opt/ros/humble/share/ecl_build/cmake)
-- Looking for pthread.h
-- Looking for pthread.h - found
-- Performing Test CMAKE_HAVE_LIBC_PTHREAD
-- Performing Test CMAKE_HAVE_LIBC_PTHREAD - Success
-- Found Threads: TRUE  
-- Found kobuki_ros_interfaces: 1.0.0 (/opt/ros/humble/share/kobuki_ros_interfaces/cmake)
-- Found message_filters: 4.3.7 (/opt/ros/humble/share/message_filters/cmake)
-- Found rmw_implementation_cmake: 6.1.2 (/opt/ros/humble/share/rmw_implementation_cmake/cmake)
-- Found rmw_fastrtps_cpp: 6.2.7 (/opt/ros/humble/share/rmw_fastrtps_cpp/cmake)
-- Found OpenSSL: /usr/lib/x86_64-linux-gnu/libcrypto.so (found version "3.0.2")  
-- Found FastRTPS: /opt/ros/humble/include  
-- Using RMW implementation 'rmw_fastrtps_cpp' as default
-- Found nav_msgs: 4.9.0 (/opt/ros/humble/share/nav_msgs/cmake)
-- Found rclcpp_components: 16.0.12 (/opt/ros/humble/share/rclcpp_components/cmake)
-- Found rclcpp_action: 16.0.12 (/opt/ros/humble/share/rclcpp_action/cmake)
-- Found tf2_geometry_msgs: 0.25.13 (/opt/ros/humble/share/tf2_geometry_msgs/cmake)
-- Found eigen3_cmake_module: 0.1.1 (/opt/ros/humble/share/eigen3_cmake_module/cmake)
-- Found Eigen3: TRUE (found version "3.4.0") 
-- Ensuring Eigen3 include directory is part of orocos-kdl CMake target
-- Configuring done
-- Generating done
-- Build files have been written to: /home/wellyowo/locobot_sim/locobot_ws/build/kobuki_auto_docking
[ 50%] [32mBuilding CXX object CMakeFiles/kobuki_auto_docking_node.dir/rclcpp_components/node_main_kobuki_auto_docking_node.cpp.o[0m
[ 50%] [32mBuilding CXX object CMakeFiles/kobuki_auto_docking.dir/src/auto_docking_ros.cpp.o[0m
[ 75%] [32m[1mLinking CXX executable kobuki_auto_docking_node[0m
[ 75%] Built target kobuki_auto_docking_node
[100%] [32m[1mLinking CXX shared library libkobuki_auto_docking.so[0m
[100%] Built target kobuki_auto_docking
-- Install configuration: ""
-- Execute custom install script
-- Symlinking: /home/wellyowo/locobot_sim/locobot_ws/install/kobuki_auto_docking/lib/kobuki_auto_docking/kobuki_auto_docking_node
-- Symlinking: /home/wellyowo/locobot_sim/locobot_ws/install/kobuki_auto_docking/lib/libkobuki_auto_docking.so
-- Symlinking: /home/wellyowo/locobot_sim/locobot_ws/install/kobuki_auto_docking/include/kobuki_auto_docking/auto_docking_ros.hpp
-- Symlinking: /home/wellyowo/locobot_sim/locobot_ws/install/kobuki_auto_docking/share/kobuki_auto_docking/launch/compact.launch.py
-- Symlinking: /home/wellyowo/locobot_sim/locobot_ws/install/kobuki_auto_docking/share/kobuki_auto_docking/config/auto_docking.yaml
-- Symlinking: /home/wellyowo/locobot_sim/locobot_ws/install/kobuki_auto_docking/share/kobuki_auto_docking/config/kobuki_node_params.yaml
-- Symlinking: /home/wellyowo/locobot_sim/locobot_ws/install/kobuki_auto_docking/lib/kobuki_auto_docking/activate.sh
-- Symlinking: /home/wellyowo/locobot_sim/locobot_ws/install/kobuki_auto_docking/share/ament_index/resource_index/package_run_dependencies/kobuki_auto_docking
-- Symlinking: /home/wellyowo/locobot_sim/locobot_ws/install/kobuki_auto_docking/share/ament_index/resource_index/parent_prefix_path/kobuki_auto_docking
-- Symlinking: /home/wellyowo/locobot_sim/locobot_ws/install/kobuki_auto_docking/share/kobuki_auto_docking/environment/ament_prefix_path.sh
-- Symlinking: /home/wellyowo/locobot_sim/locobot_ws/install/kobuki_auto_docking/share/kobuki_auto_docking/environment/ament_prefix_path.dsv
-- Symlinking: /home/wellyowo/locobot_sim/locobot_ws/install/kobuki_auto_docking/share/kobuki_auto_docking/environment/path.sh
-- Symlinking: /home/wellyowo/locobot_sim/locobot_ws/install/kobuki_auto_docking/share/kobuki_auto_docking/environment/path.dsv
-- Symlinking: /home/wellyowo/locobot_sim/locobot_ws/install/kobuki_auto_docking/share/kobuki_auto_docking/local_setup.bash
-- Symlinking: /home/wellyowo/locobot_sim/locobot_ws/install/kobuki_auto_docking/share/kobuki_auto_docking/local_setup.sh
-- Symlinking: /home/wellyowo/locobot_sim/locobot_ws/install/kobuki_auto_docking/share/kobuki_auto_docking/local_setup.zsh
-- Symlinking: /home/wellyowo/locobot_sim/locobot_ws/install/kobuki_auto_docking/share/kobuki_auto_docking/local_setup.dsv
-- Symlinking: /home/wellyowo/locobot_sim/locobot_ws/install/kobuki_auto_docking/share/kobuki_auto_docking/package.dsv
-- Symlinking: /home/wellyowo/locobot_sim/locobot_ws/install/kobuki_auto_docking/share/ament_index/resource_index/packages/kobuki_auto_docking
-- Symlinking: /home/wellyowo/locobot_sim/locobot_ws/install/kobuki_auto_docking/share/ament_index/resource_index/rclcpp_components/kobuki_auto_docking
-- Symlinking: /home/wellyowo/locobot_sim/locobot_ws/install/kobuki_auto_docking/share/kobuki_auto_docking/cmake/kobuki_auto_dockingConfig.cmake
-- Symlinking: /home/wellyowo/locobot_sim/locobot_ws/install/kobuki_auto_docking/share/kobuki_auto_docking/cmake/kobuki_auto_dockingConfig-version.cmake
-- Symlinking: /home/wellyowo/locobot_sim/locobot_ws/install/kobuki_auto_docking/share/kobuki_auto_docking/package.xml
