-- The C compiler identification is GNU 11.4.0
-- The CXX compiler identification is GNU 11.4.0
-- Detecting C compiler ABI info
-- Detecting C compiler ABI info - done
-- Check for working C compiler: /usr/bin/cc - skipped
-- Detecting C compile features
-- Detecting C compile features - done
-- Detecting CXX compiler ABI info
-- Detecting CXX compiler ABI info - done
-- Check for working CXX compiler: /usr/bin/c++ - skipped
-- Detecting CXX compile features
-- Detecting CXX compile features - done
-- Found ament_cmake: 1.3.11 (/opt/ros/humble/share/ament_cmake/cmake)
-- Found Python3: /usr/bin/python3 (found version "3.10.12") found components: Interpreter 
-- Override CMake install command with custom implementation using symlinks instead of copying resources
-- Found geometry_msgs: 4.9.0 (/opt/ros/humble/share/geometry_msgs/cmake)
-- Found rosidl_generator_c: 3.1.6 (/opt/ros/humble/share/rosidl_generator_c/cmake)
-- Found rosidl_adapter: 3.1.6 (/opt/ros/humble/share/rosidl_adapter/cmake)
-- Found rosidl_generator_cpp: 3.1.6 (/opt/ros/humble/share/rosidl_generator_cpp/cmake)
-- Using all available rosidl_typesupport_c: rosidl_typesupport_fastrtps_c;rosidl_typesupport_introspection_c
-- Using all available rosidl_typesupport_cpp: rosidl_typesupport_fastrtps_cpp;rosidl_typesupport_introspection_cpp
-- Found rclcpp: 16.0.12 (/opt/ros/humble/share/rclcpp/cmake)
-- Found rmw_implementation_cmake: 6.1.2 (/opt/ros/humble/share/rmw_implementation_cmake/cmake)
-- Found rmw_fastrtps_cpp: 6.2.7 (/opt/ros/humble/share/rmw_fastrtps_cpp/cmake)
-- Found OpenSSL: /usr/lib/x86_64-linux-gnu/libcrypto.so (found version "3.0.2")  
-- Found FastRTPS: /opt/ros/humble/include  
-- Using RMW implementation 'rmw_fastrtps_cpp' as default
-- Looking for pthread.h
-- Looking for pthread.h - found
-- Performing Test CMAKE_HAVE_LIBC_PTHREAD
-- Performing Test CMAKE_HAVE_LIBC_PTHREAD - Success
-- Found Threads: TRUE  
-- Found rclcpp_components: 16.0.12 (/opt/ros/humble/share/rclcpp_components/cmake)
-- Found tf2_msgs: 0.25.13 (/opt/ros/humble/share/tf2_msgs/cmake)
-- Found tf2_ros: 0.25.13 (/opt/ros/humble/share/tf2_ros/cmake)
-- Configuring done
-- Generating done
-- Build files have been written to: /home/wellyowo/locobot_sim/locobot_ws/build/interbotix_tf_tools
[ 50%] [32mBuilding CXX object CMakeFiles/tf_rebroadcaster.dir/src/tf_rebroadcaster.cpp.o[0m
[100%] [32m[1mLinking CXX shared library libtf_rebroadcaster.so[0m
[100%] Built target tf_rebroadcaster
-- Install configuration: ""
-- Execute custom install script
-- Symlinking: /home/wellyowo/locobot_sim/locobot_ws/install/interbotix_tf_tools/lib/libtf_rebroadcaster.so
-- Symlinking: /home/wellyowo/locobot_sim/locobot_ws/install/interbotix_tf_tools/lib/interbotix_tf_tools/static_trans_pub.py
-- Symlinking: /home/wellyowo/locobot_sim/locobot_ws/install/interbotix_tf_tools/share/interbotix_tf_tools//config/tf_rebroadcaster.yaml
-- Symlinking: /home/wellyowo/locobot_sim/locobot_ws/install/interbotix_tf_tools/share/interbotix_tf_tools//launch/static_transform_pub.launch.py
-- Symlinking: /home/wellyowo/locobot_sim/locobot_ws/install/interbotix_tf_tools/share/interbotix_tf_tools//launch/tf_rebroadcaster.launch.py
-- Symlinking: /home/wellyowo/locobot_sim/locobot_ws/install/interbotix_tf_tools/share/ament_index/resource_index/package_run_dependencies/interbotix_tf_tools
-- Symlinking: /home/wellyowo/locobot_sim/locobot_ws/install/interbotix_tf_tools/share/ament_index/resource_index/parent_prefix_path/interbotix_tf_tools
-- Symlinking: /home/wellyowo/locobot_sim/locobot_ws/install/interbotix_tf_tools/share/interbotix_tf_tools/environment/ament_prefix_path.sh
-- Symlinking: /home/wellyowo/locobot_sim/locobot_ws/install/interbotix_tf_tools/share/interbotix_tf_tools/environment/ament_prefix_path.dsv
-- Symlinking: /home/wellyowo/locobot_sim/locobot_ws/install/interbotix_tf_tools/share/interbotix_tf_tools/environment/path.sh
-- Symlinking: /home/wellyowo/locobot_sim/locobot_ws/install/interbotix_tf_tools/share/interbotix_tf_tools/environment/path.dsv
-- Symlinking: /home/wellyowo/locobot_sim/locobot_ws/install/interbotix_tf_tools/share/interbotix_tf_tools/local_setup.bash
-- Symlinking: /home/wellyowo/locobot_sim/locobot_ws/install/interbotix_tf_tools/share/interbotix_tf_tools/local_setup.sh
-- Symlinking: /home/wellyowo/locobot_sim/locobot_ws/install/interbotix_tf_tools/share/interbotix_tf_tools/local_setup.zsh
-- Symlinking: /home/wellyowo/locobot_sim/locobot_ws/install/interbotix_tf_tools/share/interbotix_tf_tools/local_setup.dsv
-- Symlinking: /home/wellyowo/locobot_sim/locobot_ws/install/interbotix_tf_tools/share/interbotix_tf_tools/package.dsv
-- Symlinking: /home/wellyowo/locobot_sim/locobot_ws/install/interbotix_tf_tools/share/ament_index/resource_index/packages/interbotix_tf_tools
-- Symlinking: /home/wellyowo/locobot_sim/locobot_ws/install/interbotix_tf_tools/share/ament_index/resource_index/rclcpp_components/interbotix_tf_tools
-- Symlinking: /home/wellyowo/locobot_sim/locobot_ws/install/interbotix_tf_tools/share/interbotix_tf_tools/cmake/interbotix_tf_toolsConfig.cmake
-- Symlinking: /home/wellyowo/locobot_sim/locobot_ws/install/interbotix_tf_tools/share/interbotix_tf_tools/cmake/interbotix_tf_toolsConfig-version.cmake
-- Symlinking: /home/wellyowo/locobot_sim/locobot_ws/install/interbotix_tf_tools/share/interbotix_tf_tools/package.xml
