[0.042s] Invoking command in '/home/wellyowo/locobot_sim/locobot_ws/build/interbotix_tf_tools': CMAKE_PREFIX_PATH=/opt/ros/humble /usr/bin/cmake /home/wellyowo/locobot_sim/locobot_ws/src/interbotix_ros_toolboxes/interbotix_common_toolbox/interbotix_tf_tools -DBUILD_TESTING=OFF -DCMAKE_PREFIX_PATH= -DAMENT_CMAKE_SYMLINK_INSTALL=1 -DCMAKE_INSTALL_PREFIX=/home/wellyowo/locobot_sim/locobot_ws/install/interbotix_tf_tools
[2.835s] -- The C compiler identification is GNU 11.4.0
[2.835s] -- The CXX compiler identification is GNU 11.4.0
[2.835s] -- Detecting C compiler ABI info
[2.835s] -- Detecting C compiler ABI info - done
[2.835s] -- Check for working C compiler: /usr/bin/cc - skipped
[2.835s] -- Detecting C compile features
[2.835s] -- Detecting C compile features - done
[2.836s] -- Detecting CXX compiler ABI info
[2.836s] -- Detecting CXX compiler ABI info - done
[2.836s] -- Check for working CXX compiler: /usr/bin/c++ - skipped
[2.836s] -- Detecting CXX compile features
[2.836s] -- Detecting CXX compile features - done
[2.851s] -- Found ament_cmake: 1.3.11 (/opt/ros/humble/share/ament_cmake/cmake)
[2.852s] -- Found Python3: /usr/bin/python3 (found version "3.10.12") found components: Interpreter 
[2.852s] -- Override CMake install command with custom implementation using symlinks instead of copying resources
[2.867s] -- Found geometry_msgs: 4.9.0 (/opt/ros/humble/share/geometry_msgs/cmake)
[2.993s] -- Found rosidl_generator_c: 3.1.6 (/opt/ros/humble/share/rosidl_generator_c/cmake)
[3.026s] -- Found rosidl_adapter: 3.1.6 (/opt/ros/humble/share/rosidl_adapter/cmake)
[3.062s] -- Found rosidl_generator_cpp: 3.1.6 (/opt/ros/humble/share/rosidl_generator_cpp/cmake)
[3.133s] -- Using all available rosidl_typesupport_c: rosidl_typesupport_fastrtps_c;rosidl_typesupport_introspection_c
[3.215s] -- Using all available rosidl_typesupport_cpp: rosidl_typesupport_fastrtps_cpp;rosidl_typesupport_introspection_cpp
[3.359s] -- Found rclcpp: 16.0.12 (/opt/ros/humble/share/rclcpp/cmake)
[3.536s] -- Found rmw_implementation_cmake: 6.1.2 (/opt/ros/humble/share/rmw_implementation_cmake/cmake)
[3.559s] -- Found rmw_fastrtps_cpp: 6.2.7 (/opt/ros/humble/share/rmw_fastrtps_cpp/cmake)
[4.033s] -- Found OpenSSL: /usr/lib/x86_64-linux-gnu/libcrypto.so (found version "3.0.2")  
[4.314s] -- Found FastRTPS: /opt/ros/humble/include  
[4.569s] -- Using RMW implementation 'rmw_fastrtps_cpp' as default
[4.598s] -- Looking for pthread.h
[5.057s] -- Looking for pthread.h - found
[5.062s] -- Performing Test CMAKE_HAVE_LIBC_PTHREAD
[5.372s] -- Performing Test CMAKE_HAVE_LIBC_PTHREAD - Success
[5.376s] -- Found Threads: TRUE  
[5.521s] -- Found rclcpp_components: 16.0.12 (/opt/ros/humble/share/rclcpp_components/cmake)
[5.660s] -- Found tf2_msgs: 0.25.13 (/opt/ros/humble/share/tf2_msgs/cmake)
[5.886s] -- Found tf2_ros: 0.25.13 (/opt/ros/humble/share/tf2_ros/cmake)
[6.448s] -- Configuring done
[6.561s] -- Generating done
[6.589s] -- Build files have been written to: /home/wellyowo/locobot_sim/locobot_ws/build/interbotix_tf_tools
[6.650s] Invoked command in '/home/wellyowo/locobot_sim/locobot_ws/build/interbotix_tf_tools' returned '0': CMAKE_PREFIX_PATH=/opt/ros/humble /usr/bin/cmake /home/wellyowo/locobot_sim/locobot_ws/src/interbotix_ros_toolboxes/interbotix_common_toolbox/interbotix_tf_tools -DBUILD_TESTING=OFF -DCMAKE_PREFIX_PATH= -DAMENT_CMAKE_SYMLINK_INSTALL=1 -DCMAKE_INSTALL_PREFIX=/home/wellyowo/locobot_sim/locobot_ws/install/interbotix_tf_tools
[6.650s] Invoking command in '/home/wellyowo/locobot_sim/locobot_ws/build/interbotix_tf_tools': CMAKE_PREFIX_PATH=/opt/ros/humble /usr/bin/cmake --build /home/wellyowo/locobot_sim/locobot_ws/build/interbotix_tf_tools -- -j16 -l16
[18.294s] [ 50%] [32mBuilding CXX object CMakeFiles/tf_rebroadcaster.dir/src/tf_rebroadcaster.cpp.o[0m
[58.667s] [100%] [32m[1mLinking CXX shared library libtf_rebroadcaster.so[0m
[60.229s] [100%] Built target tf_rebroadcaster
[60.287s] Invoked command in '/home/wellyowo/locobot_sim/locobot_ws/build/interbotix_tf_tools' returned '0': CMAKE_PREFIX_PATH=/opt/ros/humble /usr/bin/cmake --build /home/wellyowo/locobot_sim/locobot_ws/build/interbotix_tf_tools -- -j16 -l16
[60.287s] Invoking command in '/home/wellyowo/locobot_sim/locobot_ws/build/interbotix_tf_tools': CMAKE_PREFIX_PATH=/opt/ros/humble /usr/bin/cmake --install /home/wellyowo/locobot_sim/locobot_ws/build/interbotix_tf_tools
[61.022s] -- Install configuration: ""
[61.022s] -- Execute custom install script
[61.022s] -- Symlinking: /home/wellyowo/locobot_sim/locobot_ws/install/interbotix_tf_tools/lib/libtf_rebroadcaster.so
[61.023s] -- Symlinking: /home/wellyowo/locobot_sim/locobot_ws/install/interbotix_tf_tools/lib/interbotix_tf_tools/static_trans_pub.py
[61.023s] -- Symlinking: /home/wellyowo/locobot_sim/locobot_ws/install/interbotix_tf_tools/share/interbotix_tf_tools//config/tf_rebroadcaster.yaml
[61.023s] -- Symlinking: /home/wellyowo/locobot_sim/locobot_ws/install/interbotix_tf_tools/share/interbotix_tf_tools//launch/static_transform_pub.launch.py
[61.023s] -- Symlinking: /home/wellyowo/locobot_sim/locobot_ws/install/interbotix_tf_tools/share/interbotix_tf_tools//launch/tf_rebroadcaster.launch.py
[61.023s] -- Symlinking: /home/wellyowo/locobot_sim/locobot_ws/install/interbotix_tf_tools/share/ament_index/resource_index/package_run_dependencies/interbotix_tf_tools
[61.023s] -- Symlinking: /home/wellyowo/locobot_sim/locobot_ws/install/interbotix_tf_tools/share/ament_index/resource_index/parent_prefix_path/interbotix_tf_tools
[61.023s] -- Symlinking: /home/wellyowo/locobot_sim/locobot_ws/install/interbotix_tf_tools/share/interbotix_tf_tools/environment/ament_prefix_path.sh
[61.023s] -- Symlinking: /home/wellyowo/locobot_sim/locobot_ws/install/interbotix_tf_tools/share/interbotix_tf_tools/environment/ament_prefix_path.dsv
[61.023s] -- Symlinking: /home/wellyowo/locobot_sim/locobot_ws/install/interbotix_tf_tools/share/interbotix_tf_tools/environment/path.sh
[61.023s] -- Symlinking: /home/wellyowo/locobot_sim/locobot_ws/install/interbotix_tf_tools/share/interbotix_tf_tools/environment/path.dsv
[61.023s] -- Symlinking: /home/wellyowo/locobot_sim/locobot_ws/install/interbotix_tf_tools/share/interbotix_tf_tools/local_setup.bash
[61.023s] -- Symlinking: /home/wellyowo/locobot_sim/locobot_ws/install/interbotix_tf_tools/share/interbotix_tf_tools/local_setup.sh
[61.023s] -- Symlinking: /home/wellyowo/locobot_sim/locobot_ws/install/interbotix_tf_tools/share/interbotix_tf_tools/local_setup.zsh
[61.023s] -- Symlinking: /home/wellyowo/locobot_sim/locobot_ws/install/interbotix_tf_tools/share/interbotix_tf_tools/local_setup.dsv
[61.023s] -- Symlinking: /home/wellyowo/locobot_sim/locobot_ws/install/interbotix_tf_tools/share/interbotix_tf_tools/package.dsv
[61.023s] -- Symlinking: /home/wellyowo/locobot_sim/locobot_ws/install/interbotix_tf_tools/share/ament_index/resource_index/packages/interbotix_tf_tools
[61.024s] -- Symlinking: /home/wellyowo/locobot_sim/locobot_ws/install/interbotix_tf_tools/share/ament_index/resource_index/rclcpp_components/interbotix_tf_tools
[61.024s] -- Symlinking: /home/wellyowo/locobot_sim/locobot_ws/install/interbotix_tf_tools/share/interbotix_tf_tools/cmake/interbotix_tf_toolsConfig.cmake
[61.024s] -- Symlinking: /home/wellyowo/locobot_sim/locobot_ws/install/interbotix_tf_tools/share/interbotix_tf_tools/cmake/interbotix_tf_toolsConfig-version.cmake
[61.024s] -- Symlinking: /home/wellyowo/locobot_sim/locobot_ws/install/interbotix_tf_tools/share/interbotix_tf_tools/package.xml
[61.447s] Invoked command in '/home/wellyowo/locobot_sim/locobot_ws/build/interbotix_tf_tools' returned '0': CMAKE_PREFIX_PATH=/opt/ros/humble /usr/bin/cmake --install /home/wellyowo/locobot_sim/locobot_ws/build/interbotix_tf_tools
