-- The C compiler identification is GNU 11.4.0
-- The CXX compiler identification is GNU 11.4.0
-- Detecting C compiler ABI info
-- Detecting C compiler ABI info - done
-- Check for working C compiler: /usr/bin/cc - skipped
-- Detecting C compile features
-- Detecting C compile features - done
-- Detecting CXX compiler ABI info
-- Detecting CXX compiler ABI info - done
-- Check for working CXX compiler: /usr/bin/c++ - skipped
-- Detecting CXX compile features
-- Detecting CXX compile features - done
-- Found ament_cmake_ros: 0.10.0 (/opt/ros/humble/share/ament_cmake_ros/cmake)
-- Found Python3: /usr/bin/python3 (found version "3.10.12") found components: Interpreter 
-- Override CMake install command with custom implementation using symlinks instead of copying resources
-- Found ecl_build: 1.0.3 (/opt/ros/humble/share/ecl_build/cmake)
-- Found ecl_exceptions: 1.2.1 (/home/wellyowo/locobot_sim/locobot_ws/install/ecl_exceptions/share/ecl_exceptions/cmake)
-- Found ecl_formatters: 1.2.1 (/home/wellyowo/locobot_sim/locobot_ws/install/ecl_formatters/share/ecl_formatters/cmake)
-- Found ecl_geometry: 1.2.1 (/home/wellyowo/locobot_sim/locobot_ws/install/ecl_geometry/share/ecl_geometry/cmake)
-- Configuring done
-- Generating done
-- Build files have been written to: /home/wellyowo/locobot_sim/locobot_ws/build/ecl_manipulators
[ 33%] [32mBuilding CXX object src/lib/CMakeFiles/ecl_manipulators.dir/trajectory.cpp.o[0m
[ 66%] [32mBuilding CXX object src/lib/CMakeFiles/ecl_manipulators.dir/waypoint.cpp.o[0m
[100%] [32m[1mLinking CXX shared library libecl_manipulators.so[0m
[100%] Built target ecl_manipulators
-- Install configuration: ""
-- Execute custom install script
-- Symlinking: /home/wellyowo/locobot_sim/locobot_ws/install/ecl_manipulators/include/ecl/manipulators/trajectory.hpp
-- Symlinking: /home/wellyowo/locobot_sim/locobot_ws/install/ecl_manipulators/include/ecl/manipulators/types.hpp
-- Symlinking: /home/wellyowo/locobot_sim/locobot_ws/install/ecl_manipulators/include/ecl/manipulators/waypoint.hpp
-- Symlinking: /home/wellyowo/locobot_sim/locobot_ws/install/ecl_manipulators/include/ecl/manipulators.hpp
-- Symlinking: /home/wellyowo/locobot_sim/locobot_ws/install/ecl_manipulators/share/ecl_manipulators/scripts/Makefile
-- Symlinking: /home/wellyowo/locobot_sim/locobot_ws/install/ecl_manipulators/share/ecl_manipulators/scripts/linear.x11
-- Symlinking: /home/wellyowo/locobot_sim/locobot_ws/install/ecl_manipulators/share/ecl_manipulators/scripts/tension.x11
-- Symlinking: /home/wellyowo/locobot_sim/locobot_ws/install/ecl_manipulators/share/ecl_manipulators/environment/library_path.sh
-- Symlinking: /home/wellyowo/locobot_sim/locobot_ws/install/ecl_manipulators/share/ecl_manipulators/environment/library_path.dsv
-- Symlinking: /home/wellyowo/locobot_sim/locobot_ws/install/ecl_manipulators/share/ament_index/resource_index/package_run_dependencies/ecl_manipulators
-- Symlinking: /home/wellyowo/locobot_sim/locobot_ws/install/ecl_manipulators/share/ament_index/resource_index/parent_prefix_path/ecl_manipulators
-- Symlinking: /home/wellyowo/locobot_sim/locobot_ws/install/ecl_manipulators/share/ecl_manipulators/environment/ament_prefix_path.sh
-- Symlinking: /home/wellyowo/locobot_sim/locobot_ws/install/ecl_manipulators/share/ecl_manipulators/environment/ament_prefix_path.dsv
-- Symlinking: /home/wellyowo/locobot_sim/locobot_ws/install/ecl_manipulators/share/ecl_manipulators/environment/path.sh
-- Symlinking: /home/wellyowo/locobot_sim/locobot_ws/install/ecl_manipulators/share/ecl_manipulators/environment/path.dsv
-- Symlinking: /home/wellyowo/locobot_sim/locobot_ws/install/ecl_manipulators/share/ecl_manipulators/local_setup.bash
-- Symlinking: /home/wellyowo/locobot_sim/locobot_ws/install/ecl_manipulators/share/ecl_manipulators/local_setup.sh
-- Symlinking: /home/wellyowo/locobot_sim/locobot_ws/install/ecl_manipulators/share/ecl_manipulators/local_setup.zsh
-- Symlinking: /home/wellyowo/locobot_sim/locobot_ws/install/ecl_manipulators/share/ecl_manipulators/local_setup.dsv
-- Symlinking: /home/wellyowo/locobot_sim/locobot_ws/install/ecl_manipulators/share/ecl_manipulators/package.dsv
-- Symlinking: /home/wellyowo/locobot_sim/locobot_ws/install/ecl_manipulators/share/ament_index/resource_index/packages/ecl_manipulators
-- Symlinking: /home/wellyowo/locobot_sim/locobot_ws/install/ecl_manipulators/share/ecl_manipulators/cmake/ament_cmake_export_targets-extras.cmake
-- Symlinking: /home/wellyowo/locobot_sim/locobot_ws/install/ecl_manipulators/share/ecl_manipulators/cmake/ament_cmake_export_include_directories-extras.cmake
-- Symlinking: /home/wellyowo/locobot_sim/locobot_ws/install/ecl_manipulators/share/ecl_manipulators/cmake/ament_cmake_export_libraries-extras.cmake
-- Symlinking: /home/wellyowo/locobot_sim/locobot_ws/install/ecl_manipulators/share/ecl_manipulators/cmake/ament_cmake_export_dependencies-extras.cmake
-- Symlinking: /home/wellyowo/locobot_sim/locobot_ws/install/ecl_manipulators/share/ecl_manipulators/cmake/ecl_manipulatorsConfig.cmake
-- Symlinking: /home/wellyowo/locobot_sim/locobot_ws/install/ecl_manipulators/share/ecl_manipulators/cmake/ecl_manipulatorsConfig-version.cmake
-- Symlinking: /home/wellyowo/locobot_sim/locobot_ws/install/ecl_manipulators/share/ecl_manipulators/package.xml
-- Installing: /home/wellyowo/locobot_sim/locobot_ws/install/ecl_manipulators/share/ecl_manipulators/cmake/ecl_manipulatorsExport.cmake
-- Installing: /home/wellyowo/locobot_sim/locobot_ws/install/ecl_manipulators/share/ecl_manipulators/cmake/ecl_manipulatorsExport-noconfig.cmake
-- Installing: /home/wellyowo/locobot_sim/locobot_ws/install/ecl_manipulators/lib/libecl_manipulators.so.1.2.1
-- Set runtime path of "/home/wellyowo/locobot_sim/locobot_ws/install/ecl_manipulators/lib/libecl_manipulators.so.1.2.1" to ""
-- Installing: /home/wellyowo/locobot_sim/locobot_ws/install/ecl_manipulators/lib/libecl_manipulators.so
