[35m[1mConsolidate compiler generated dependencies of target openni2_camera__rosidl_generator_c[0m
[35m[1mConsolidate compiler generated dependencies of target openni2_camera_driver[0m
[35m[1mConsolidate compiler generated dependencies of target openni2_wrapper[0m
[35m[1mConsolidate compiler generated dependencies of target usb_reset[0m
[  2%] Built target openni2_camera__cpp
[  8%] Built target openni2_camera__rosidl_generator_c
[  8%] Built target ament_cmake_python_copy_openni2_camera
[ 12%] Built target usb_reset
[35m[1mConsolidate compiler generated dependencies of target openni2_camera__rosidl_typesupport_fastrtps_c[0m
[35m[1mConsolidate compiler generated dependencies of target openni2_camera__rosidl_typesupport_cpp[0m
[ 16%] Built target openni2_camera_driver
[35m[1mConsolidate compiler generated dependencies of target openni2_camera__rosidl_typesupport_introspection_c[0m
[35m[1mConsolidate compiler generated dependencies of target openni2_camera__rosidl_typesupport_fastrtps_cpp[0m
[35m[1mConsolidate compiler generated dependencies of target openni2_camera__rosidl_typesupport_c[0m
[35m[1mConsolidate compiler generated dependencies of target openni2_camera__rosidl_typesupport_introspection_cpp[0m
[ 22%] Built target openni2_camera__rosidl_typesupport_fastrtps_c
[ 28%] Built target openni2_camera__rosidl_typesupport_cpp
[ 46%] Built target openni2_wrapper
[ 52%] Built target openni2_camera__rosidl_typesupport_introspection_c
[ 58%] Built target openni2_camera__rosidl_typesupport_fastrtps_cpp
[ 64%] Built target openni2_camera__rosidl_typesupport_c
[35m[1mConsolidate compiler generated dependencies of target list_devices[0m
[ 70%] Built target openni2_camera__rosidl_typesupport_introspection_cpp
[35m[1mConsolidate compiler generated dependencies of target openni2_camera_lib[0m
[ 72%] [32mBuilding CXX object CMakeFiles/test_wrapper.dir/test/test_wrapper.cpp.o[0m
[ 76%] Built target list_devices
[ 76%] Built target openni2_camera
[ 78%] [32mBuilding CXX object CMakeFiles/openni2_camera_lib.dir/src/openni2_driver.cpp.o[0m
[ 80%] [34m[1mGenerating Python code for ROS interfaces[0m
running egg_info
writing openni2_camera.egg-info/PKG-INFO
writing dependency_links to openni2_camera.egg-info/dependency_links.txt
writing top-level names to openni2_camera.egg-info/top_level.txt
reading manifest file 'openni2_camera.egg-info/SOURCES.txt'
writing manifest file 'openni2_camera.egg-info/SOURCES.txt'
[ 80%] Built target ament_cmake_python_build_openni2_camera_egg
[ 80%] Built target openni2_camera__py
[ 82%] [32mBuilding C object CMakeFiles/openni2_camera__rosidl_generator_py.dir/rosidl_generator_py/openni2_camera/srv/_get_serial_s.c.o[0m
[ 84%] [32m[1mLinking C shared library rosidl_generator_py/openni2_camera/libopenni2_camera__rosidl_generator_py.so[0m
[ 84%] Built target openni2_camera__rosidl_generator_py
[ 86%] [32mBuilding C object CMakeFiles/openni2_camera__rosidl_typesupport_fastrtps_c__pyext.dir/rosidl_generator_py/openni2_camera/_openni2_camera_s.ep.rosidl_typesupport_fastrtps_c.c.o[0m
[ 88%] [32mBuilding C object CMakeFiles/openni2_camera__rosidl_typesupport_c__pyext.dir/rosidl_generator_py/openni2_camera/_openni2_camera_s.ep.rosidl_typesupport_c.c.o[0m
[ 90%] [32mBuilding C object CMakeFiles/openni2_camera__rosidl_typesupport_introspection_c__pyext.dir/rosidl_generator_py/openni2_camera/_openni2_camera_s.ep.rosidl_typesupport_introspection_c.c.o[0m
[ 92%] [32m[1mLinking C shared library rosidl_generator_py/openni2_camera/openni2_camera_s__rosidl_typesupport_introspection_c.cpython-310-x86_64-linux-gnu.so[0m
[ 92%] Built target openni2_camera__rosidl_typesupport_introspection_c__pyext
[ 94%] [32m[1mLinking C shared library rosidl_generator_py/openni2_camera/openni2_camera_s__rosidl_typesupport_fastrtps_c.cpython-310-x86_64-linux-gnu.so[0m
[ 96%] [32m[1mLinking C shared library rosidl_generator_py/openni2_camera/openni2_camera_s__rosidl_typesupport_c.cpython-310-x86_64-linux-gnu.so[0m
[ 96%] Built target openni2_camera__rosidl_typesupport_fastrtps_c__pyext
[ 96%] Built target openni2_camera__rosidl_typesupport_c__pyext
[ 98%] [32m[1mLinking CXX executable test_wrapper[0m
[ 98%] Built target test_wrapper
[01m[K/home/wellyowo/locobot_sim/locobot_ws/src/ThirdParty/openni2_camera/openni2_camera/src/openni2_driver.cpp:[m[K In member function ‘[01m[Kvoid openni2_wrapper::OpenNI2Driver::advertiseROSTopics()[m[K’:
[01m[K/home/wellyowo/locobot_sim/locobot_ws/src/ThirdParty/openni2_camera/openni2_camera/src/openni2_driver.cpp:162:33:[m[K [01;31m[Kerror: [m[K‘[01m[Kstruct rclcpp::PublisherEventCallbacks[m[K’ has no member named ‘[01m[Kmatched_callback[m[K’
  162 |     pub_options.event_callbacks.[01;31m[Kmatched_callback[m[K =
      |                                 [01;31m[K^~~~~~~~~~~~~~~~[m[K
[01m[K/home/wellyowo/locobot_sim/locobot_ws/src/ThirdParty/openni2_camera/openni2_camera/src/openni2_driver.cpp:163:14:[m[K [01;31m[Kerror: [m[K‘[01m[Krclcpp::MatchedInfo[m[K’ has not been declared
  163 |       [this]([01;31m[Krclcpp[m[K::MatchedInfo&)
      |              [01;31m[K^~~~~~[m[K
[01m[K/home/wellyowo/locobot_sim/locobot_ws/src/ThirdParty/openni2_camera/openni2_camera/src/openni2_driver.cpp:169:58:[m[K [01;31m[Kerror: [m[Ktoo many arguments to function ‘[01m[Kimage_transport::CameraPublisher image_transport::create_camera_publisher(rclcpp::Node*, const string&, rmw_qos_profile_t)[m[K’
  169 |     pub_color_ = [01;31m[Kimage_transport::create_camera_publisher(this, "rgb/image_raw", custom_qos, pub_options)[m[K;
      |                  [01;31m[K~~~~~~~~~~~~~~~~~~~~~~~~~~~~~~~~~~~~~~~~^~~~~~~~~~~~~~~~~~~~~~~~~~~~~~~~~~~~~~~~~~~~~~~~[m[K
In file included from [01m[K/home/wellyowo/locobot_sim/locobot_ws/src/ThirdParty/openni2_camera/openni2_camera/include/openni2_camera/openni2_driver.h:39[m[K,
                 from [01m[K/home/wellyowo/locobot_sim/locobot_ws/src/ThirdParty/openni2_camera/openni2_camera/src/openni2_driver.cpp:32[m[K:
[01m[K/opt/ros/humble/include/image_transport/image_transport/image_transport.hpp:74:17:[m[K [01;36m[Knote: [m[Kdeclared here
   74 | CameraPublisher [01;36m[Kcreate_camera_publisher[m[K(
      |                 [01;36m[K^~~~~~~~~~~~~~~~~~~~~~~[m[K
[01m[K/home/wellyowo/locobot_sim/locobot_ws/src/ThirdParty/openni2_camera/openni2_camera/src/openni2_driver.cpp:176:33:[m[K [01;31m[Kerror: [m[K‘[01m[Kstruct rclcpp::PublisherEventCallbacks[m[K’ has no member named ‘[01m[Kmatched_callback[m[K’
  176 |     pub_options.event_callbacks.[01;31m[Kmatched_callback[m[K =
      |                                 [01;31m[K^~~~~~~~~~~~~~~~[m[K
[01m[K/home/wellyowo/locobot_sim/locobot_ws/src/ThirdParty/openni2_camera/openni2_camera/src/openni2_driver.cpp:177:14:[m[K [01;31m[Kerror: [m[K‘[01m[Krclcpp::MatchedInfo[m[K’ has not been declared
  177 |       [this]([01;31m[Krclcpp[m[K::MatchedInfo&)
      |              [01;31m[K^~~~~~[m[K
[01m[K/home/wellyowo/locobot_sim/locobot_ws/src/ThirdParty/openni2_camera/openni2_camera/src/openni2_driver.cpp:183:55:[m[K [01;31m[Kerror: [m[Ktoo many arguments to function ‘[01m[Kimage_transport::CameraPublisher image_transport::create_camera_publisher(rclcpp::Node*, const string&, rmw_qos_profile_t)[m[K’
  183 |     pub_ir_ = [01;31m[Kimage_transport::create_camera_publisher(this, "ir/image_raw", custom_qos, pub_options)[m[K;
      |               [01;31m[K~~~~~~~~~~~~~~~~~~~~~~~~~~~~~~~~~~~~~~~~^~~~~~~~~~~~~~~~~~~~~~~~~~~~~~~~~~~~~~~~~~~~~~~[m[K
In file included from [01m[K/home/wellyowo/locobot_sim/locobot_ws/src/ThirdParty/openni2_camera/openni2_camera/include/openni2_camera/openni2_driver.h:39[m[K,
                 from [01m[K/home/wellyowo/locobot_sim/locobot_ws/src/ThirdParty/openni2_camera/openni2_camera/src/openni2_driver.cpp:32[m[K:
[01m[K/opt/ros/humble/include/image_transport/image_transport/image_transport.hpp:74:17:[m[K [01;36m[Knote: [m[Kdeclared here
   74 | CameraPublisher [01;36m[Kcreate_camera_publisher[m[K(
      |                 [01;36m[K^~~~~~~~~~~~~~~~~~~~~~~[m[K
[01m[K/home/wellyowo/locobot_sim/locobot_ws/src/ThirdParty/openni2_camera/openni2_camera/src/openni2_driver.cpp:190:33:[m[K [01;31m[Kerror: [m[K‘[01m[Kstruct rclcpp::PublisherEventCallbacks[m[K’ has no member named ‘[01m[Kmatched_callback[m[K’
  190 |     pub_options.event_callbacks.[01;31m[Kmatched_callback[m[K =
      |                                 [01;31m[K^~~~~~~~~~~~~~~~[m[K
[01m[K/home/wellyowo/locobot_sim/locobot_ws/src/ThirdParty/openni2_camera/openni2_camera/src/openni2_driver.cpp:191:14:[m[K [01;31m[Kerror: [m[K‘[01m[Krclcpp::MatchedInfo[m[K’ has not been declared
  191 |       [this]([01;31m[Krclcpp[m[K::MatchedInfo&)
      |              [01;31m[K^~~~~~[m[K
[01m[K/home/wellyowo/locobot_sim/locobot_ws/src/ThirdParty/openni2_camera/openni2_camera/src/openni2_driver.cpp:197:62:[m[K [01;31m[Kerror: [m[Ktoo many arguments to function ‘[01m[Kimage_transport::CameraPublisher image_transport::create_camera_publisher(rclcpp::Node*, const string&, rmw_qos_profile_t)[m[K’
  197 |     pub_depth_raw_ = [01;31m[Kimage_transport::create_camera_publisher(this, "depth_raw/image", custom_qos, pub_options)[m[K;
      |                      [01;31m[K~~~~~~~~~~~~~~~~~~~~~~~~~~~~~~~~~~~~~~~~^~~~~~~~~~~~~~~~~~~~~~~~~~~~~~~~~~~~~~~~~~~~~~~~~~[m[K
In file included from [01m[K/home/wellyowo/locobot_sim/locobot_ws/src/ThirdParty/openni2_camera/openni2_camera/include/openni2_camera/openni2_driver.h:39[m[K,
                 from [01m[K/home/wellyowo/locobot_sim/locobot_ws/src/ThirdParty/openni2_camera/openni2_camera/src/openni2_driver.cpp:32[m[K:
[01m[K/opt/ros/humble/include/image_transport/image_transport/image_transport.hpp:74:17:[m[K [01;36m[Knote: [m[Kdeclared here
   74 | CameraPublisher [01;36m[Kcreate_camera_publisher[m[K(
      |                 [01;36m[K^~~~~~~~~~~~~~~~~~~~~~~[m[K
[01m[K/home/wellyowo/locobot_sim/locobot_ws/src/ThirdParty/openni2_camera/openni2_camera/src/openni2_driver.cpp:198:58:[m[K [01;31m[Kerror: [m[Ktoo many arguments to function ‘[01m[Kimage_transport::CameraPublisher image_transport::create_camera_publisher(rclcpp::Node*, const string&, rmw_qos_profile_t)[m[K’
  198 |     pub_depth_ = [01;31m[Kimage_transport::create_camera_publisher(this, "depth/image", custom_qos, pub_options)[m[K;
      |                  [01;31m[K~~~~~~~~~~~~~~~~~~~~~~~~~~~~~~~~~~~~~~~~^~~~~~~~~~~~~~~~~~~~~~~~~~~~~~~~~~~~~~~~~~~~~~[m[K
In file included from [01m[K/home/wellyowo/locobot_sim/locobot_ws/src/ThirdParty/openni2_camera/openni2_camera/include/openni2_camera/openni2_driver.h:39[m[K,
                 from [01m[K/home/wellyowo/locobot_sim/locobot_ws/src/ThirdParty/openni2_camera/openni2_camera/src/openni2_driver.cpp:32[m[K:
[01m[K/opt/ros/humble/include/image_transport/image_transport/image_transport.hpp:74:17:[m[K [01;36m[Knote: [m[Kdeclared here
   74 | CameraPublisher [01;36m[Kcreate_camera_publisher[m[K(
      |                 [01;36m[K^~~~~~~~~~~~~~~~~~~~~~~[m[K
gmake[2]: *** wait: No child processes.  Stop.
gmake[2]: *** Waiting for unfinished jobs....
gmake[2]: *** wait: No child processes.  Stop.
gmake[1]: *** wait: No child processes.  Stop.
gmake[1]: *** Waiting for unfinished jobs....
gmake[1]: *** wait: No child processes.  Stop.
gmake: *** [Makefile:146: all] Error 2
