[0.303s] Invoking command in '/home/wellyowo/locobot_sim/locobot_ws/src/build/openni2_camera': CMAKE_PREFIX_PATH=/opt/ros/humble /usr/bin/cmake --build /home/wellyowo/locobot_sim/locobot_ws/src/build/openni2_camera -- -j16 -l16
[0.363s] [35m[1mConsolidate compiler generated dependencies of target openni2_camera__rosidl_generator_c[0m
[0.363s] [35m[1mConsolidate compiler generated dependencies of target openni2_camera_driver[0m
[0.364s] [35m[1mConsolidate compiler generated dependencies of target openni2_wrapper[0m
[0.375s] [35m[1mConsolidate compiler generated dependencies of target usb_reset[0m
[0.378s] [  2%] Built target openni2_camera__cpp
[0.378s] [  8%] Built target openni2_camera__rosidl_generator_c
[0.397s] [  8%] Built target ament_cmake_python_copy_openni2_camera
[0.400s] [ 12%] Built target usb_reset
[0.416s] [35m[1mConsolidate compiler generated dependencies of target openni2_camera__rosidl_typesupport_fastrtps_c[0m
[0.416s] [35m[1mConsolidate compiler generated dependencies of target openni2_camera__rosidl_typesupport_cpp[0m
[0.416s] [ 16%] Built target openni2_camera_driver
[0.416s] [35m[1mConsolidate compiler generated dependencies of target openni2_camera__rosidl_typesupport_introspection_c[0m
[0.418s] [35m[1mConsolidate compiler generated dependencies of target openni2_camera__rosidl_typesupport_fastrtps_cpp[0m
[0.434s] [35m[1mConsolidate compiler generated dependencies of target openni2_camera__rosidl_typesupport_c[0m
[0.438s] [35m[1mConsolidate compiler generated dependencies of target openni2_camera__rosidl_typesupport_introspection_cpp[0m
[0.443s] [ 22%] Built target openni2_camera__rosidl_typesupport_fastrtps_c
[0.452s] [ 28%] Built target openni2_camera__rosidl_typesupport_cpp
[0.452s] [ 46%] Built target openni2_wrapper
[0.464s] [ 52%] Built target openni2_camera__rosidl_typesupport_introspection_c
[0.464s] [ 58%] Built target openni2_camera__rosidl_typesupport_fastrtps_cpp
[0.468s] [ 64%] Built target openni2_camera__rosidl_typesupport_c
[0.479s] [35m[1mConsolidate compiler generated dependencies of target list_devices[0m
[0.480s] [ 70%] Built target openni2_camera__rosidl_typesupport_introspection_cpp
[0.495s] [35m[1mConsolidate compiler generated dependencies of target openni2_camera_lib[0m
[0.512s] [ 72%] [32mBuilding CXX object CMakeFiles/test_wrapper.dir/test/test_wrapper.cpp.o[0m
[0.536s] [ 76%] Built target list_devices
[0.552s] [ 76%] Built target openni2_camera
[0.552s] [ 78%] [32mBuilding CXX object CMakeFiles/openni2_camera_lib.dir/src/openni2_driver.cpp.o[0m
[0.621s] [ 80%] [34m[1mGenerating Python code for ROS interfaces[0m
[0.897s] running egg_info
[0.898s] writing openni2_camera.egg-info/PKG-INFO
[0.901s] writing dependency_links to openni2_camera.egg-info/dependency_links.txt
[0.901s] writing top-level names to openni2_camera.egg-info/top_level.txt
[0.916s] reading manifest file 'openni2_camera.egg-info/SOURCES.txt'
[0.917s] writing manifest file 'openni2_camera.egg-info/SOURCES.txt'
[1.015s] [ 80%] Built target ament_cmake_python_build_openni2_camera_egg
[1.596s] [ 80%] Built target openni2_camera__py
[1.663s] [ 82%] [32mBuilding C object CMakeFiles/openni2_camera__rosidl_generator_py.dir/rosidl_generator_py/openni2_camera/srv/_get_serial_s.c.o[0m
[2.296s] [ 84%] [32m[1mLinking C shared library rosidl_generator_py/openni2_camera/libopenni2_camera__rosidl_generator_py.so[0m
[2.602s] [ 84%] Built target openni2_camera__rosidl_generator_py
[2.654s] [ 86%] [32mBuilding C object CMakeFiles/openni2_camera__rosidl_typesupport_fastrtps_c__pyext.dir/rosidl_generator_py/openni2_camera/_openni2_camera_s.ep.rosidl_typesupport_fastrtps_c.c.o[0m
[2.683s] [ 88%] [32mBuilding C object CMakeFiles/openni2_camera__rosidl_typesupport_c__pyext.dir/rosidl_generator_py/openni2_camera/_openni2_camera_s.ep.rosidl_typesupport_c.c.o[0m
[2.698s] [ 90%] [32mBuilding C object CMakeFiles/openni2_camera__rosidl_typesupport_introspection_c__pyext.dir/rosidl_generator_py/openni2_camera/_openni2_camera_s.ep.rosidl_typesupport_introspection_c.c.o[0m
[3.133s] [ 92%] [32m[1mLinking C shared library rosidl_generator_py/openni2_camera/openni2_camera_s__rosidl_typesupport_introspection_c.cpython-310-x86_64-linux-gnu.so[0m
[3.213s] [ 92%] Built target openni2_camera__rosidl_typesupport_introspection_c__pyext
[3.250s] [ 94%] [32m[1mLinking C shared library rosidl_generator_py/openni2_camera/openni2_camera_s__rosidl_typesupport_fastrtps_c.cpython-310-x86_64-linux-gnu.so[0m
[3.272s] [ 96%] [32m[1mLinking C shared library rosidl_generator_py/openni2_camera/openni2_camera_s__rosidl_typesupport_c.cpython-310-x86_64-linux-gnu.so[0m
[3.353s] [ 96%] Built target openni2_camera__rosidl_typesupport_fastrtps_c__pyext
[3.377s] [ 96%] Built target openni2_camera__rosidl_typesupport_c__pyext
[13.799s] [ 98%] [32m[1mLinking CXX executable test_wrapper[0m
[14.662s] [ 98%] Built target test_wrapper
[16.083s] [01m[K/home/wellyowo/locobot_sim/locobot_ws/src/ThirdParty/openni2_camera/openni2_camera/src/openni2_driver.cpp:[m[K In member function ‘[01m[Kvoid openni2_wrapper::OpenNI2Driver::advertiseROSTopics()[m[K’:
[16.083s] [01m[K/home/wellyowo/locobot_sim/locobot_ws/src/ThirdParty/openni2_camera/openni2_camera/src/openni2_driver.cpp:162:33:[m[K [01;31m[Kerror: [m[K‘[01m[Kstruct rclcpp::PublisherEventCallbacks[m[K’ has no member named ‘[01m[Kmatched_callback[m[K’
[16.083s]   162 |     pub_options.event_callbacks.[01;31m[Kmatched_callback[m[K =
[16.083s]       |                                 [01;31m[K^~~~~~~~~~~~~~~~[m[K
[16.084s] [01m[K/home/wellyowo/locobot_sim/locobot_ws/src/ThirdParty/openni2_camera/openni2_camera/src/openni2_driver.cpp:163:14:[m[K [01;31m[Kerror: [m[K‘[01m[Krclcpp::MatchedInfo[m[K’ has not been declared
[16.084s]   163 |       [this]([01;31m[Krclcpp[m[K::MatchedInfo&)
[16.084s]       |              [01;31m[K^~~~~~[m[K
[16.084s] [01m[K/home/wellyowo/locobot_sim/locobot_ws/src/ThirdParty/openni2_camera/openni2_camera/src/openni2_driver.cpp:169:58:[m[K [01;31m[Kerror: [m[Ktoo many arguments to function ‘[01m[Kimage_transport::CameraPublisher image_transport::create_camera_publisher(rclcpp::Node*, const string&, rmw_qos_profile_t)[m[K’
[16.084s]   169 |     pub_color_ = [01;31m[Kimage_transport::create_camera_publisher(this, "rgb/image_raw", custom_qos, pub_options)[m[K;
[16.084s]       |                  [01;31m[K~~~~~~~~~~~~~~~~~~~~~~~~~~~~~~~~~~~~~~~~^~~~~~~~~~~~~~~~~~~~~~~~~~~~~~~~~~~~~~~~~~~~~~~~[m[K
[16.084s] In file included from [01m[K/home/wellyowo/locobot_sim/locobot_ws/src/ThirdParty/openni2_camera/openni2_camera/include/openni2_camera/openni2_driver.h:39[m[K,
[16.084s]                  from [01m[K/home/wellyowo/locobot_sim/locobot_ws/src/ThirdParty/openni2_camera/openni2_camera/src/openni2_driver.cpp:32[m[K:
[16.084s] [01m[K/opt/ros/humble/include/image_transport/image_transport/image_transport.hpp:74:17:[m[K [01;36m[Knote: [m[Kdeclared here
[16.084s]    74 | CameraPublisher [01;36m[Kcreate_camera_publisher[m[K(
[16.084s]       |                 [01;36m[K^~~~~~~~~~~~~~~~~~~~~~~[m[K
[16.084s] [01m[K/home/wellyowo/locobot_sim/locobot_ws/src/ThirdParty/openni2_camera/openni2_camera/src/openni2_driver.cpp:176:33:[m[K [01;31m[Kerror: [m[K‘[01m[Kstruct rclcpp::PublisherEventCallbacks[m[K’ has no member named ‘[01m[Kmatched_callback[m[K’
[16.085s]   176 |     pub_options.event_callbacks.[01;31m[Kmatched_callback[m[K =
[16.085s]       |                                 [01;31m[K^~~~~~~~~~~~~~~~[m[K
[16.085s] [01m[K/home/wellyowo/locobot_sim/locobot_ws/src/ThirdParty/openni2_camera/openni2_camera/src/openni2_driver.cpp:177:14:[m[K [01;31m[Kerror: [m[K‘[01m[Krclcpp::MatchedInfo[m[K’ has not been declared
[16.085s]   177 |       [this]([01;31m[Krclcpp[m[K::MatchedInfo&)
[16.085s]       |              [01;31m[K^~~~~~[m[K
[16.085s] [01m[K/home/wellyowo/locobot_sim/locobot_ws/src/ThirdParty/openni2_camera/openni2_camera/src/openni2_driver.cpp:183:55:[m[K [01;31m[Kerror: [m[Ktoo many arguments to function ‘[01m[Kimage_transport::CameraPublisher image_transport::create_camera_publisher(rclcpp::Node*, const string&, rmw_qos_profile_t)[m[K’
[16.085s]   183 |     pub_ir_ = [01;31m[Kimage_transport::create_camera_publisher(this, "ir/image_raw", custom_qos, pub_options)[m[K;
[16.085s]       |               [01;31m[K~~~~~~~~~~~~~~~~~~~~~~~~~~~~~~~~~~~~~~~~^~~~~~~~~~~~~~~~~~~~~~~~~~~~~~~~~~~~~~~~~~~~~~~[m[K
[16.085s] In file included from [01m[K/home/wellyowo/locobot_sim/locobot_ws/src/ThirdParty/openni2_camera/openni2_camera/include/openni2_camera/openni2_driver.h:39[m[K,
[16.085s]                  from [01m[K/home/wellyowo/locobot_sim/locobot_ws/src/ThirdParty/openni2_camera/openni2_camera/src/openni2_driver.cpp:32[m[K:
[16.085s] [01m[K/opt/ros/humble/include/image_transport/image_transport/image_transport.hpp:74:17:[m[K [01;36m[Knote: [m[Kdeclared here
[16.085s]    74 | CameraPublisher [01;36m[Kcreate_camera_publisher[m[K(
[16.085s]       |                 [01;36m[K^~~~~~~~~~~~~~~~~~~~~~~[m[K
[16.085s] [01m[K/home/wellyowo/locobot_sim/locobot_ws/src/ThirdParty/openni2_camera/openni2_camera/src/openni2_driver.cpp:190:33:[m[K [01;31m[Kerror: [m[K‘[01m[Kstruct rclcpp::PublisherEventCallbacks[m[K’ has no member named ‘[01m[Kmatched_callback[m[K’
[16.085s]   190 |     pub_options.event_callbacks.[01;31m[Kmatched_callback[m[K =
[16.085s]       |                                 [01;31m[K^~~~~~~~~~~~~~~~[m[K
[16.086s] [01m[K/home/wellyowo/locobot_sim/locobot_ws/src/ThirdParty/openni2_camera/openni2_camera/src/openni2_driver.cpp:191:14:[m[K [01;31m[Kerror: [m[K‘[01m[Krclcpp::MatchedInfo[m[K’ has not been declared
[16.086s]   191 |       [this]([01;31m[Krclcpp[m[K::MatchedInfo&)
[16.086s]       |              [01;31m[K^~~~~~[m[K
[16.086s] [01m[K/home/wellyowo/locobot_sim/locobot_ws/src/ThirdParty/openni2_camera/openni2_camera/src/openni2_driver.cpp:197:62:[m[K [01;31m[Kerror: [m[Ktoo many arguments to function ‘[01m[Kimage_transport::CameraPublisher image_transport::create_camera_publisher(rclcpp::Node*, const string&, rmw_qos_profile_t)[m[K’
[16.086s]   197 |     pub_depth_raw_ = [01;31m[Kimage_transport::create_camera_publisher(this, "depth_raw/image", custom_qos, pub_options)[m[K;
[16.086s]       |                      [01;31m[K~~~~~~~~~~~~~~~~~~~~~~~~~~~~~~~~~~~~~~~~^~~~~~~~~~~~~~~~~~~~~~~~~~~~~~~~~~~~~~~~~~~~~~~~~~[m[K
[16.086s] In file included from [01m[K/home/wellyowo/locobot_sim/locobot_ws/src/ThirdParty/openni2_camera/openni2_camera/include/openni2_camera/openni2_driver.h:39[m[K,
[16.086s]                  from [01m[K/home/wellyowo/locobot_sim/locobot_ws/src/ThirdParty/openni2_camera/openni2_camera/src/openni2_driver.cpp:32[m[K:
[16.086s] [01m[K/opt/ros/humble/include/image_transport/image_transport/image_transport.hpp:74:17:[m[K [01;36m[Knote: [m[Kdeclared here
[16.086s]    74 | CameraPublisher [01;36m[Kcreate_camera_publisher[m[K(
[16.086s]       |                 [01;36m[K^~~~~~~~~~~~~~~~~~~~~~~[m[K
[16.086s] [01m[K/home/wellyowo/locobot_sim/locobot_ws/src/ThirdParty/openni2_camera/openni2_camera/src/openni2_driver.cpp:198:58:[m[K [01;31m[Kerror: [m[Ktoo many arguments to function ‘[01m[Kimage_transport::CameraPublisher image_transport::create_camera_publisher(rclcpp::Node*, const string&, rmw_qos_profile_t)[m[K’
[16.086s]   198 |     pub_depth_ = [01;31m[Kimage_transport::create_camera_publisher(this, "depth/image", custom_qos, pub_options)[m[K;
[16.086s]       |                  [01;31m[K~~~~~~~~~~~~~~~~~~~~~~~~~~~~~~~~~~~~~~~~^~~~~~~~~~~~~~~~~~~~~~~~~~~~~~~~~~~~~~~~~~~~~~[m[K
[16.086s] In file included from [01m[K/home/wellyowo/locobot_sim/locobot_ws/src/ThirdParty/openni2_camera/openni2_camera/include/openni2_camera/openni2_driver.h:39[m[K,
[16.086s]                  from [01m[K/home/wellyowo/locobot_sim/locobot_ws/src/ThirdParty/openni2_camera/openni2_camera/src/openni2_driver.cpp:32[m[K:
[16.087s] [01m[K/opt/ros/humble/include/image_transport/image_transport/image_transport.hpp:74:17:[m[K [01;36m[Knote: [m[Kdeclared here
[16.087s]    74 | CameraPublisher [01;36m[Kcreate_camera_publisher[m[K(
[16.087s]       |                 [01;36m[K^~~~~~~~~~~~~~~~~~~~~~~[m[K
[16.614s] gmake[2]: *** wait: No child processes.  Stop.
[16.616s] gmake[2]: *** Waiting for unfinished jobs....
[16.617s] gmake[2]: *** wait: No child processes.  Stop.
[16.622s] gmake[1]: *** wait: No child processes.  Stop.
[16.622s] gmake[1]: *** Waiting for unfinished jobs....
[16.622s] gmake[1]: *** wait: No child processes.  Stop.
[16.623s] gmake: *** [Makefile:146: all] Error 2
