[0.100s] Invoking command in '/home/wellyowo/locobot_sim/locobot_ws/build/ecl_converters': AMENT_PREFIX_PATH=/home/wellyowo/locobot_sim/locobot_ws/install/ecl_exceptions:/home/wellyowo/locobot_sim/locobot_ws/install/ecl_concepts:/home/wellyowo/locobot_sim/locobot_ws/install/ecl_type_traits:/home/wellyowo/locobot_sim/locobot_ws/install/ecl_errors:/home/wellyowo/locobot_sim/locobot_ws/install/ecl_mpl:/home/wellyowo/locobot_sim/locobot_ws/install/ecl_config:${AMENT_PREFIX_PATH} CMAKE_PREFIX_PATH=/home/wellyowo/locobot_sim/locobot_ws/install/ecl_exceptions:/home/wellyowo/locobot_sim/locobot_ws/install/ecl_concepts:/home/wellyowo/locobot_sim/locobot_ws/install/ecl_type_traits:/home/wellyowo/locobot_sim/locobot_ws/install/ecl_errors:/home/wellyowo/locobot_sim/locobot_ws/install/ecl_mpl:/home/wellyowo/locobot_sim/locobot_ws/install/ecl_config:/opt/ros/humble LD_LIBRARY_PATH=/home/wellyowo/locobot_sim/locobot_ws/install/ecl_exceptions/lib:/home/wellyowo/locobot_sim/locobot_ws/install/ecl_type_traits/lib:/home/wellyowo/locobot_sim/locobot_ws/install/ecl_errors/lib:${LD_LIBRARY_PATH} PATH=/home/wellyowo/locobot_sim/locobot_ws/install/ecl_type_traits/bin:/home/wellyowo/locobot_sim/locobot_ws/install/ecl_config/bin:${PATH} /usr/bin/cmake /home/wellyowo/locobot_sim/locobot_ws/src/ThirdParty/ecl/ecl_core/ecl_converters -DBUILD_TESTING=OFF -DCMAKE_PREFIX_PATH= -DAMENT_CMAKE_SYMLINK_INSTALL=1 -DCMAKE_INSTALL_PREFIX=/home/wellyowo/locobot_sim/locobot_ws/install/ecl_converters
[0.598s] -- The C compiler identification is GNU 11.4.0
[0.618s] -- The CXX compiler identification is GNU 11.4.0
[0.643s] -- Detecting C compiler ABI info
[0.999s] -- Detecting C compiler ABI info - done
[1.034s] -- Check for working C compiler: /usr/bin/cc - skipped
[1.035s] -- Detecting C compile features
[1.035s] -- Detecting C compile features - done
[1.045s] -- Detecting CXX compiler ABI info
[1.343s] -- Detecting CXX compiler ABI info - done
[1.364s] -- Check for working CXX compiler: /usr/bin/c++ - skipped
[1.369s] -- Detecting CXX compile features
[1.370s] -- Detecting CXX compile features - done
[1.380s] -- Found ament_cmake_ros: 0.10.0 (/opt/ros/humble/share/ament_cmake_ros/cmake)
[1.982s] -- Found Python3: /usr/bin/python3 (found version "3.10.12") found components: Interpreter 
[2.184s] -- Override CMake install command with custom implementation using symlinks instead of copying resources
[2.347s] -- Found ecl_build: 1.0.3 (/opt/ros/humble/share/ecl_build/cmake)
[2.369s] -- Found ecl_config: 1.2.0 (/home/wellyowo/locobot_sim/locobot_ws/install/ecl_config/share/ecl_config/cmake)
[2.381s] -- Found ecl_concepts: 1.2.1 (/home/wellyowo/locobot_sim/locobot_ws/install/ecl_concepts/share/ecl_concepts/cmake)
[2.410s] -- Found ecl_errors: 1.2.0 (/home/wellyowo/locobot_sim/locobot_ws/install/ecl_errors/share/ecl_errors/cmake)
[2.427s] -- Found ecl_exceptions: 1.2.1 (/home/wellyowo/locobot_sim/locobot_ws/install/ecl_exceptions/share/ecl_exceptions/cmake)
[2.875s] -- Configuring done
[2.914s] -- Generating done
[2.934s] -- Build files have been written to: /home/wellyowo/locobot_sim/locobot_ws/build/ecl_converters
[3.002s] Invoked command in '/home/wellyowo/locobot_sim/locobot_ws/build/ecl_converters' returned '0': AMENT_PREFIX_PATH=/home/wellyowo/locobot_sim/locobot_ws/install/ecl_exceptions:/home/wellyowo/locobot_sim/locobot_ws/install/ecl_concepts:/home/wellyowo/locobot_sim/locobot_ws/install/ecl_type_traits:/home/wellyowo/locobot_sim/locobot_ws/install/ecl_errors:/home/wellyowo/locobot_sim/locobot_ws/install/ecl_mpl:/home/wellyowo/locobot_sim/locobot_ws/install/ecl_config:${AMENT_PREFIX_PATH} CMAKE_PREFIX_PATH=/home/wellyowo/locobot_sim/locobot_ws/install/ecl_exceptions:/home/wellyowo/locobot_sim/locobot_ws/install/ecl_concepts:/home/wellyowo/locobot_sim/locobot_ws/install/ecl_type_traits:/home/wellyowo/locobot_sim/locobot_ws/install/ecl_errors:/home/wellyowo/locobot_sim/locobot_ws/install/ecl_mpl:/home/wellyowo/locobot_sim/locobot_ws/install/ecl_config:/opt/ros/humble LD_LIBRARY_PATH=/home/wellyowo/locobot_sim/locobot_ws/install/ecl_exceptions/lib:/home/wellyowo/locobot_sim/locobot_ws/install/ecl_type_traits/lib:/home/wellyowo/locobot_sim/locobot_ws/install/ecl_errors/lib:${LD_LIBRARY_PATH} PATH=/home/wellyowo/locobot_sim/locobot_ws/install/ecl_type_traits/bin:/home/wellyowo/locobot_sim/locobot_ws/install/ecl_config/bin:${PATH} /usr/bin/cmake /home/wellyowo/locobot_sim/locobot_ws/src/ThirdParty/ecl/ecl_core/ecl_converters -DBUILD_TESTING=OFF -DCMAKE_PREFIX_PATH= -DAMENT_CMAKE_SYMLINK_INSTALL=1 -DCMAKE_INSTALL_PREFIX=/home/wellyowo/locobot_sim/locobot_ws/install/ecl_converters
[3.003s] Invoking command in '/home/wellyowo/locobot_sim/locobot_ws/build/ecl_converters': AMENT_PREFIX_PATH=/home/wellyowo/locobot_sim/locobot_ws/install/ecl_exceptions:/home/wellyowo/locobot_sim/locobot_ws/install/ecl_concepts:/home/wellyowo/locobot_sim/locobot_ws/install/ecl_type_traits:/home/wellyowo/locobot_sim/locobot_ws/install/ecl_errors:/home/wellyowo/locobot_sim/locobot_ws/install/ecl_mpl:/home/wellyowo/locobot_sim/locobot_ws/install/ecl_config:${AMENT_PREFIX_PATH} CMAKE_PREFIX_PATH=/home/wellyowo/locobot_sim/locobot_ws/install/ecl_exceptions:/home/wellyowo/locobot_sim/locobot_ws/install/ecl_concepts:/home/wellyowo/locobot_sim/locobot_ws/install/ecl_type_traits:/home/wellyowo/locobot_sim/locobot_ws/install/ecl_errors:/home/wellyowo/locobot_sim/locobot_ws/install/ecl_mpl:/home/wellyowo/locobot_sim/locobot_ws/install/ecl_config:/opt/ros/humble LD_LIBRARY_PATH=/home/wellyowo/locobot_sim/locobot_ws/install/ecl_exceptions/lib:/home/wellyowo/locobot_sim/locobot_ws/install/ecl_type_traits/lib:/home/wellyowo/locobot_sim/locobot_ws/install/ecl_errors/lib:${LD_LIBRARY_PATH} PATH=/home/wellyowo/locobot_sim/locobot_ws/install/ecl_type_traits/bin:/home/wellyowo/locobot_sim/locobot_ws/install/ecl_config/bin:${PATH} /usr/bin/cmake --build /home/wellyowo/locobot_sim/locobot_ws/build/ecl_converters -- -j16 -l16
[3.243s] [ 50%] [32mBuilding CXX object src/examples/CMakeFiles/demo_float_converters.dir/float_converters.cpp.o[0m
[3.890s] [100%] [32m[1mLinking CXX executable demo_float_converters[0m
[4.441s] [100%] Built target demo_float_converters
[4.505s] Invoked command in '/home/wellyowo/locobot_sim/locobot_ws/build/ecl_converters' returned '0': AMENT_PREFIX_PATH=/home/wellyowo/locobot_sim/locobot_ws/install/ecl_exceptions:/home/wellyowo/locobot_sim/locobot_ws/install/ecl_concepts:/home/wellyowo/locobot_sim/locobot_ws/install/ecl_type_traits:/home/wellyowo/locobot_sim/locobot_ws/install/ecl_errors:/home/wellyowo/locobot_sim/locobot_ws/install/ecl_mpl:/home/wellyowo/locobot_sim/locobot_ws/install/ecl_config:${AMENT_PREFIX_PATH} CMAKE_PREFIX_PATH=/home/wellyowo/locobot_sim/locobot_ws/install/ecl_exceptions:/home/wellyowo/locobot_sim/locobot_ws/install/ecl_concepts:/home/wellyowo/locobot_sim/locobot_ws/install/ecl_type_traits:/home/wellyowo/locobot_sim/locobot_ws/install/ecl_errors:/home/wellyowo/locobot_sim/locobot_ws/install/ecl_mpl:/home/wellyowo/locobot_sim/locobot_ws/install/ecl_config:/opt/ros/humble LD_LIBRARY_PATH=/home/wellyowo/locobot_sim/locobot_ws/install/ecl_exceptions/lib:/home/wellyowo/locobot_sim/locobot_ws/install/ecl_type_traits/lib:/home/wellyowo/locobot_sim/locobot_ws/install/ecl_errors/lib:${LD_LIBRARY_PATH} PATH=/home/wellyowo/locobot_sim/locobot_ws/install/ecl_type_traits/bin:/home/wellyowo/locobot_sim/locobot_ws/install/ecl_config/bin:${PATH} /usr/bin/cmake --build /home/wellyowo/locobot_sim/locobot_ws/build/ecl_converters -- -j16 -l16
[4.505s] Invoking command in '/home/wellyowo/locobot_sim/locobot_ws/build/ecl_converters': AMENT_PREFIX_PATH=/home/wellyowo/locobot_sim/locobot_ws/install/ecl_exceptions:/home/wellyowo/locobot_sim/locobot_ws/install/ecl_concepts:/home/wellyowo/locobot_sim/locobot_ws/install/ecl_type_traits:/home/wellyowo/locobot_sim/locobot_ws/install/ecl_errors:/home/wellyowo/locobot_sim/locobot_ws/install/ecl_mpl:/home/wellyowo/locobot_sim/locobot_ws/install/ecl_config:${AMENT_PREFIX_PATH} CMAKE_PREFIX_PATH=/home/wellyowo/locobot_sim/locobot_ws/install/ecl_exceptions:/home/wellyowo/locobot_sim/locobot_ws/install/ecl_concepts:/home/wellyowo/locobot_sim/locobot_ws/install/ecl_type_traits:/home/wellyowo/locobot_sim/locobot_ws/install/ecl_errors:/home/wellyowo/locobot_sim/locobot_ws/install/ecl_mpl:/home/wellyowo/locobot_sim/locobot_ws/install/ecl_config:/opt/ros/humble LD_LIBRARY_PATH=/home/wellyowo/locobot_sim/locobot_ws/install/ecl_exceptions/lib:/home/wellyowo/locobot_sim/locobot_ws/install/ecl_type_traits/lib:/home/wellyowo/locobot_sim/locobot_ws/install/ecl_errors/lib:${LD_LIBRARY_PATH} PATH=/home/wellyowo/locobot_sim/locobot_ws/install/ecl_type_traits/bin:/home/wellyowo/locobot_sim/locobot_ws/install/ecl_config/bin:${PATH} /usr/bin/cmake --install /home/wellyowo/locobot_sim/locobot_ws/build/ecl_converters
[4.839s] -- Install configuration: ""
[4.839s] -- Execute custom install script
[4.839s] -- Symlinking: /home/wellyowo/locobot_sim/locobot_ws/install/ecl_converters/include/ecl/converters/char.hpp
[4.839s] -- Symlinking: /home/wellyowo/locobot_sim/locobot_ws/install/ecl_converters/include/ecl/converters/char_strings.hpp
[4.839s] -- Symlinking: /home/wellyowo/locobot_sim/locobot_ws/install/ecl_converters/include/ecl/converters/converter.hpp
[4.839s] -- Symlinking: /home/wellyowo/locobot_sim/locobot_ws/install/ecl_converters/include/ecl/converters/from_byte_array.hpp
[4.840s] -- Symlinking: /home/wellyowo/locobot_sim/locobot_ws/install/ecl_converters/include/ecl/converters/integers.hpp
[4.840s] -- Symlinking: /home/wellyowo/locobot_sim/locobot_ws/install/ecl_converters/include/ecl/converters/string.hpp
[4.840s] -- Symlinking: /home/wellyowo/locobot_sim/locobot_ws/install/ecl_converters/include/ecl/converters/to_byte_array.hpp
[4.840s] -- Symlinking: /home/wellyowo/locobot_sim/locobot_ws/install/ecl_converters/include/ecl/converters.hpp
[4.840s] -- Symlinking: /home/wellyowo/locobot_sim/locobot_ws/install/ecl_converters/lib/ecl_converters/demo_float_converters
[4.840s] -- Symlinking: /home/wellyowo/locobot_sim/locobot_ws/install/ecl_converters/share/ament_index/resource_index/package_run_dependencies/ecl_converters
[4.859s] -- Symlinking: /home/wellyowo/locobot_sim/locobot_ws/install/ecl_converters/share/ament_index/resource_index/parent_prefix_path/ecl_converters
[4.884s] -- Symlinking: /home/wellyowo/locobot_sim/locobot_ws/install/ecl_converters/share/ecl_converters/environment/ament_prefix_path.sh
[4.922s] -- Symlinking: /home/wellyowo/locobot_sim/locobot_ws/install/ecl_converters/share/ecl_converters/environment/ament_prefix_path.dsv
[4.972s] -- Symlinking: /home/wellyowo/locobot_sim/locobot_ws/install/ecl_converters/share/ecl_converters/environment/path.sh
[5.001s] -- Symlinking: /home/wellyowo/locobot_sim/locobot_ws/install/ecl_converters/share/ecl_converters/environment/path.dsv
[5.040s] -- Symlinking: /home/wellyowo/locobot_sim/locobot_ws/install/ecl_converters/share/ecl_converters/local_setup.bash
[5.074s] -- Symlinking: /home/wellyowo/locobot_sim/locobot_ws/install/ecl_converters/share/ecl_converters/local_setup.sh
[5.121s] -- Symlinking: /home/wellyowo/locobot_sim/locobot_ws/install/ecl_converters/share/ecl_converters/local_setup.zsh
[5.158s] -- Symlinking: /home/wellyowo/locobot_sim/locobot_ws/install/ecl_converters/share/ecl_converters/local_setup.dsv
[5.186s] -- Symlinking: /home/wellyowo/locobot_sim/locobot_ws/install/ecl_converters/share/ecl_converters/package.dsv
[5.209s] -- Symlinking: /home/wellyowo/locobot_sim/locobot_ws/install/ecl_converters/share/ament_index/resource_index/packages/ecl_converters
[5.230s] -- Symlinking: /home/wellyowo/locobot_sim/locobot_ws/install/ecl_converters/share/ecl_converters/cmake/ament_cmake_export_targets-extras.cmake
[5.273s] -- Symlinking: /home/wellyowo/locobot_sim/locobot_ws/install/ecl_converters/share/ecl_converters/cmake/ament_cmake_export_include_directories-extras.cmake
[5.319s] -- Symlinking: /home/wellyowo/locobot_sim/locobot_ws/install/ecl_converters/share/ecl_converters/cmake/ament_cmake_export_dependencies-extras.cmake
[5.341s] -- Symlinking: /home/wellyowo/locobot_sim/locobot_ws/install/ecl_converters/share/ecl_converters/cmake/ecl_convertersConfig.cmake
[5.391s] -- Symlinking: /home/wellyowo/locobot_sim/locobot_ws/install/ecl_converters/share/ecl_converters/cmake/ecl_convertersConfig-version.cmake
[5.430s] -- Symlinking: /home/wellyowo/locobot_sim/locobot_ws/install/ecl_converters/share/ecl_converters/package.xml
[5.463s] -- Installing: /home/wellyowo/locobot_sim/locobot_ws/install/ecl_converters/share/ecl_converters/cmake/ecl_convertersExport.cmake
[5.481s] Invoked command in '/home/wellyowo/locobot_sim/locobot_ws/build/ecl_converters' returned '0': AMENT_PREFIX_PATH=/home/wellyowo/locobot_sim/locobot_ws/install/ecl_exceptions:/home/wellyowo/locobot_sim/locobot_ws/install/ecl_concepts:/home/wellyowo/locobot_sim/locobot_ws/install/ecl_type_traits:/home/wellyowo/locobot_sim/locobot_ws/install/ecl_errors:/home/wellyowo/locobot_sim/locobot_ws/install/ecl_mpl:/home/wellyowo/locobot_sim/locobot_ws/install/ecl_config:${AMENT_PREFIX_PATH} CMAKE_PREFIX_PATH=/home/wellyowo/locobot_sim/locobot_ws/install/ecl_exceptions:/home/wellyowo/locobot_sim/locobot_ws/install/ecl_concepts:/home/wellyowo/locobot_sim/locobot_ws/install/ecl_type_traits:/home/wellyowo/locobot_sim/locobot_ws/install/ecl_errors:/home/wellyowo/locobot_sim/locobot_ws/install/ecl_mpl:/home/wellyowo/locobot_sim/locobot_ws/install/ecl_config:/opt/ros/humble LD_LIBRARY_PATH=/home/wellyowo/locobot_sim/locobot_ws/install/ecl_exceptions/lib:/home/wellyowo/locobot_sim/locobot_ws/install/ecl_type_traits/lib:/home/wellyowo/locobot_sim/locobot_ws/install/ecl_errors/lib:${LD_LIBRARY_PATH} PATH=/home/wellyowo/locobot_sim/locobot_ws/install/ecl_type_traits/bin:/home/wellyowo/locobot_sim/locobot_ws/install/ecl_config/bin:${PATH} /usr/bin/cmake --install /home/wellyowo/locobot_sim/locobot_ws/build/ecl_converters
