[0.163s] Invoking command in '/home/wellyowo/locobot_sim/locobot_ws/build/interbotix_ros_xseries': AMENT_PREFIX_PATH=/home/wellyowo/locobot_sim/locobot_ws/install/interbotix_xs_sdk:/home/wellyowo/locobot_sim/locobot_ws/install/interbotix_xs_driver:/home/wellyowo/locobot_sim/locobot_ws/install/interbotix_xs_msgs:/home/wellyowo/locobot_sim/locobot_ws/install/dynamixel_workbench_toolbox:${AMENT_PREFIX_PATH} CMAKE_PREFIX_PATH=/home/wellyowo/locobot_sim/locobot_ws/install/interbotix_xs_sdk:/home/wellyowo/locobot_sim/locobot_ws/install/interbotix_xs_driver:/home/wellyowo/locobot_sim/locobot_ws/install/interbotix_xs_msgs:/home/wellyowo/locobot_sim/locobot_ws/install/dynamixel_workbench_toolbox:/opt/ros/humble LD_LIBRARY_PATH=/home/wellyowo/locobot_sim/locobot_ws/install/interbotix_xs_driver/lib:/home/wellyowo/locobot_sim/locobot_ws/install/interbotix_xs_msgs/lib:/home/wellyowo/locobot_sim/locobot_ws/install/dynamixel_workbench_toolbox/lib:${LD_LIBRARY_PATH} PYTHONPATH=/home/wellyowo/locobot_sim/locobot_ws/install/interbotix_xs_msgs/local/lib/python3.10/dist-packages:${PYTHONPATH} /usr/bin/cmake /home/wellyowo/locobot_sim/locobot_ws/src/interbotix_ros_core/interbotix_ros_xseries/interbotix_ros_xseries -DBUILD_TESTING=OFF -DCMAKE_PREFIX_PATH= -DAMENT_CMAKE_SYMLINK_INSTALL=1 -DCMAKE_INSTALL_PREFIX=/home/wellyowo/locobot_sim/locobot_ws/install/interbotix_ros_xseries
[0.202s] -- The C compiler identification is GNU 11.4.0
[0.246s] -- The CXX compiler identification is GNU 11.4.0
[0.252s] -- Detecting C compiler ABI info
[0.305s] -- Detecting C compiler ABI info - done
[0.311s] -- Check for working C compiler: /usr/bin/cc - skipped
[0.311s] -- Detecting C compile features
[0.311s] -- Detecting C compile features - done
[0.313s] -- Detecting CXX compiler ABI info
[0.382s] -- Detecting CXX compiler ABI info - done
[0.388s] -- Check for working CXX compiler: /usr/bin/c++ - skipped
[0.388s] -- Detecting CXX compile features
[0.388s] -- Detecting CXX compile features - done
[0.391s] -- Found ament_cmake: 1.3.11 (/opt/ros/humble/share/ament_cmake/cmake)
[0.501s] -- Found Python3: /usr/bin/python3 (found version "3.10.12") found components: Interpreter 
[0.554s] -- Override CMake install command with custom implementation using symlinks instead of copying resources
[0.635s] -- Configuring done
[0.637s] -- Generating done
[0.639s] -- Build files have been written to: /home/wellyowo/locobot_sim/locobot_ws/build/interbotix_ros_xseries
[0.645s] Invoked command in '/home/wellyowo/locobot_sim/locobot_ws/build/interbotix_ros_xseries' returned '0': AMENT_PREFIX_PATH=/home/wellyowo/locobot_sim/locobot_ws/install/interbotix_xs_sdk:/home/wellyowo/locobot_sim/locobot_ws/install/interbotix_xs_driver:/home/wellyowo/locobot_sim/locobot_ws/install/interbotix_xs_msgs:/home/wellyowo/locobot_sim/locobot_ws/install/dynamixel_workbench_toolbox:${AMENT_PREFIX_PATH} CMAKE_PREFIX_PATH=/home/wellyowo/locobot_sim/locobot_ws/install/interbotix_xs_sdk:/home/wellyowo/locobot_sim/locobot_ws/install/interbotix_xs_driver:/home/wellyowo/locobot_sim/locobot_ws/install/interbotix_xs_msgs:/home/wellyowo/locobot_sim/locobot_ws/install/dynamixel_workbench_toolbox:/opt/ros/humble LD_LIBRARY_PATH=/home/wellyowo/locobot_sim/locobot_ws/install/interbotix_xs_driver/lib:/home/wellyowo/locobot_sim/locobot_ws/install/interbotix_xs_msgs/lib:/home/wellyowo/locobot_sim/locobot_ws/install/dynamixel_workbench_toolbox/lib:${LD_LIBRARY_PATH} PYTHONPATH=/home/wellyowo/locobot_sim/locobot_ws/install/interbotix_xs_msgs/local/lib/python3.10/dist-packages:${PYTHONPATH} /usr/bin/cmake /home/wellyowo/locobot_sim/locobot_ws/src/interbotix_ros_core/interbotix_ros_xseries/interbotix_ros_xseries -DBUILD_TESTING=OFF -DCMAKE_PREFIX_PATH= -DAMENT_CMAKE_SYMLINK_INSTALL=1 -DCMAKE_INSTALL_PREFIX=/home/wellyowo/locobot_sim/locobot_ws/install/interbotix_ros_xseries
[0.646s] Invoking command in '/home/wellyowo/locobot_sim/locobot_ws/build/interbotix_ros_xseries': AMENT_PREFIX_PATH=/home/wellyowo/locobot_sim/locobot_ws/install/interbotix_xs_sdk:/home/wellyowo/locobot_sim/locobot_ws/install/interbotix_xs_driver:/home/wellyowo/locobot_sim/locobot_ws/install/interbotix_xs_msgs:/home/wellyowo/locobot_sim/locobot_ws/install/dynamixel_workbench_toolbox:${AMENT_PREFIX_PATH} CMAKE_PREFIX_PATH=/home/wellyowo/locobot_sim/locobot_ws/install/interbotix_xs_sdk:/home/wellyowo/locobot_sim/locobot_ws/install/interbotix_xs_driver:/home/wellyowo/locobot_sim/locobot_ws/install/interbotix_xs_msgs:/home/wellyowo/locobot_sim/locobot_ws/install/dynamixel_workbench_toolbox:/opt/ros/humble LD_LIBRARY_PATH=/home/wellyowo/locobot_sim/locobot_ws/install/interbotix_xs_driver/lib:/home/wellyowo/locobot_sim/locobot_ws/install/interbotix_xs_msgs/lib:/home/wellyowo/locobot_sim/locobot_ws/install/dynamixel_workbench_toolbox/lib:${LD_LIBRARY_PATH} PYTHONPATH=/home/wellyowo/locobot_sim/locobot_ws/install/interbotix_xs_msgs/local/lib/python3.10/dist-packages:${PYTHONPATH} /usr/bin/cmake --build /home/wellyowo/locobot_sim/locobot_ws/build/interbotix_ros_xseries -- -j16 -l16
[0.676s] Invoked command in '/home/wellyowo/locobot_sim/locobot_ws/build/interbotix_ros_xseries' returned '0': AMENT_PREFIX_PATH=/home/wellyowo/locobot_sim/locobot_ws/install/interbotix_xs_sdk:/home/wellyowo/locobot_sim/locobot_ws/install/interbotix_xs_driver:/home/wellyowo/locobot_sim/locobot_ws/install/interbotix_xs_msgs:/home/wellyowo/locobot_sim/locobot_ws/install/dynamixel_workbench_toolbox:${AMENT_PREFIX_PATH} CMAKE_PREFIX_PATH=/home/wellyowo/locobot_sim/locobot_ws/install/interbotix_xs_sdk:/home/wellyowo/locobot_sim/locobot_ws/install/interbotix_xs_driver:/home/wellyowo/locobot_sim/locobot_ws/install/interbotix_xs_msgs:/home/wellyowo/locobot_sim/locobot_ws/install/dynamixel_workbench_toolbox:/opt/ros/humble LD_LIBRARY_PATH=/home/wellyowo/locobot_sim/locobot_ws/install/interbotix_xs_driver/lib:/home/wellyowo/locobot_sim/locobot_ws/install/interbotix_xs_msgs/lib:/home/wellyowo/locobot_sim/locobot_ws/install/dynamixel_workbench_toolbox/lib:${LD_LIBRARY_PATH} PYTHONPATH=/home/wellyowo/locobot_sim/locobot_ws/install/interbotix_xs_msgs/local/lib/python3.10/dist-packages:${PYTHONPATH} /usr/bin/cmake --build /home/wellyowo/locobot_sim/locobot_ws/build/interbotix_ros_xseries -- -j16 -l16
[0.677s] Invoking command in '/home/wellyowo/locobot_sim/locobot_ws/build/interbotix_ros_xseries': AMENT_PREFIX_PATH=/home/wellyowo/locobot_sim/locobot_ws/install/interbotix_xs_sdk:/home/wellyowo/locobot_sim/locobot_ws/install/interbotix_xs_driver:/home/wellyowo/locobot_sim/locobot_ws/install/interbotix_xs_msgs:/home/wellyowo/locobot_sim/locobot_ws/install/dynamixel_workbench_toolbox:${AMENT_PREFIX_PATH} CMAKE_PREFIX_PATH=/home/wellyowo/locobot_sim/locobot_ws/install/interbotix_xs_sdk:/home/wellyowo/locobot_sim/locobot_ws/install/interbotix_xs_driver:/home/wellyowo/locobot_sim/locobot_ws/install/interbotix_xs_msgs:/home/wellyowo/locobot_sim/locobot_ws/install/dynamixel_workbench_toolbox:/opt/ros/humble LD_LIBRARY_PATH=/home/wellyowo/locobot_sim/locobot_ws/install/interbotix_xs_driver/lib:/home/wellyowo/locobot_sim/locobot_ws/install/interbotix_xs_msgs/lib:/home/wellyowo/locobot_sim/locobot_ws/install/dynamixel_workbench_toolbox/lib:${LD_LIBRARY_PATH} PYTHONPATH=/home/wellyowo/locobot_sim/locobot_ws/install/interbotix_xs_msgs/local/lib/python3.10/dist-packages:${PYTHONPATH} /usr/bin/cmake --install /home/wellyowo/locobot_sim/locobot_ws/build/interbotix_ros_xseries
[0.682s] -- Install configuration: ""
[0.683s] -- Execute custom install script
[0.683s] -- Symlinking: /home/wellyowo/locobot_sim/locobot_ws/install/interbotix_ros_xseries/share/ament_index/resource_index/package_run_dependencies/interbotix_ros_xseries
[0.690s] -- Symlinking: /home/wellyowo/locobot_sim/locobot_ws/install/interbotix_ros_xseries/share/ament_index/resource_index/parent_prefix_path/interbotix_ros_xseries
[0.697s] -- Symlinking: /home/wellyowo/locobot_sim/locobot_ws/install/interbotix_ros_xseries/share/interbotix_ros_xseries/environment/ament_prefix_path.sh
[0.706s] -- Symlinking: /home/wellyowo/locobot_sim/locobot_ws/install/interbotix_ros_xseries/share/interbotix_ros_xseries/environment/ament_prefix_path.dsv
[0.714s] -- Symlinking: /home/wellyowo/locobot_sim/locobot_ws/install/interbotix_ros_xseries/share/interbotix_ros_xseries/environment/path.sh
[0.721s] -- Symlinking: /home/wellyowo/locobot_sim/locobot_ws/install/interbotix_ros_xseries/share/interbotix_ros_xseries/environment/path.dsv
[0.728s] -- Symlinking: /home/wellyowo/locobot_sim/locobot_ws/install/interbotix_ros_xseries/share/interbotix_ros_xseries/local_setup.bash
[0.735s] -- Symlinking: /home/wellyowo/locobot_sim/locobot_ws/install/interbotix_ros_xseries/share/interbotix_ros_xseries/local_setup.sh
[0.742s] -- Symlinking: /home/wellyowo/locobot_sim/locobot_ws/install/interbotix_ros_xseries/share/interbotix_ros_xseries/local_setup.zsh
[0.748s] -- Symlinking: /home/wellyowo/locobot_sim/locobot_ws/install/interbotix_ros_xseries/share/interbotix_ros_xseries/local_setup.dsv
[0.755s] -- Symlinking: /home/wellyowo/locobot_sim/locobot_ws/install/interbotix_ros_xseries/share/interbotix_ros_xseries/package.dsv
[0.762s] -- Symlinking: /home/wellyowo/locobot_sim/locobot_ws/install/interbotix_ros_xseries/share/ament_index/resource_index/packages/interbotix_ros_xseries
[0.769s] -- Symlinking: /home/wellyowo/locobot_sim/locobot_ws/install/interbotix_ros_xseries/share/interbotix_ros_xseries/cmake/interbotix_ros_xseriesConfig.cmake
[0.775s] -- Symlinking: /home/wellyowo/locobot_sim/locobot_ws/install/interbotix_ros_xseries/share/interbotix_ros_xseries/cmake/interbotix_ros_xseriesConfig-version.cmake
[0.782s] -- Symlinking: /home/wellyowo/locobot_sim/locobot_ws/install/interbotix_ros_xseries/share/interbotix_ros_xseries/package.xml
[0.791s] Invoked command in '/home/wellyowo/locobot_sim/locobot_ws/build/interbotix_ros_xseries' returned '0': AMENT_PREFIX_PATH=/home/wellyowo/locobot_sim/locobot_ws/install/interbotix_xs_sdk:/home/wellyowo/locobot_sim/locobot_ws/install/interbotix_xs_driver:/home/wellyowo/locobot_sim/locobot_ws/install/interbotix_xs_msgs:/home/wellyowo/locobot_sim/locobot_ws/install/dynamixel_workbench_toolbox:${AMENT_PREFIX_PATH} CMAKE_PREFIX_PATH=/home/wellyowo/locobot_sim/locobot_ws/install/interbotix_xs_sdk:/home/wellyowo/locobot_sim/locobot_ws/install/interbotix_xs_driver:/home/wellyowo/locobot_sim/locobot_ws/install/interbotix_xs_msgs:/home/wellyowo/locobot_sim/locobot_ws/install/dynamixel_workbench_toolbox:/opt/ros/humble LD_LIBRARY_PATH=/home/wellyowo/locobot_sim/locobot_ws/install/interbotix_xs_driver/lib:/home/wellyowo/locobot_sim/locobot_ws/install/interbotix_xs_msgs/lib:/home/wellyowo/locobot_sim/locobot_ws/install/dynamixel_workbench_toolbox/lib:${LD_LIBRARY_PATH} PYTHONPATH=/home/wellyowo/locobot_sim/locobot_ws/install/interbotix_xs_msgs/local/lib/python3.10/dist-packages:${PYTHONPATH} /usr/bin/cmake --install /home/wellyowo/locobot_sim/locobot_ws/build/interbotix_ros_xseries
