[0.174s] Invoking command in '/home/wellyowo/locobot_sim/locobot_ws/src/build/ecl_sigslots_lite': AMENT_PREFIX_PATH=/home/wellyowo/locobot_sim/locobot_ws/src/install/ecl_errors:/home/wellyowo/locobot_sim/locobot_ws/src/install/ecl_config:${AMENT_PREFIX_PATH} CMAKE_PREFIX_PATH=/home/wellyowo/locobot_sim/locobot_ws/src/install/ecl_errors:/home/wellyowo/locobot_sim/locobot_ws/src/install/ecl_config:/opt/ros/humble LD_LIBRARY_PATH=/home/wellyowo/locobot_sim/locobot_ws/src/install/ecl_errors/lib:${LD_LIBRARY_PATH} PATH=/home/wellyowo/locobot_sim/locobot_ws/src/install/ecl_config/bin:${PATH} /usr/bin/cmake /home/wellyowo/locobot_sim/locobot_ws/src/ThirdParty/ecl/ecl_lite/ecl_sigslots_lite -DCMAKE_INSTALL_PREFIX=/home/wellyowo/locobot_sim/locobot_ws/src/install/ecl_sigslots_lite
[3.809s] -- The C compiler identification is GNU 11.4.0
[3.809s] -- The CXX compiler identification is GNU 11.4.0
[3.809s] -- Detecting C compiler ABI info
[3.809s] -- Detecting C compiler ABI info - done
[3.809s] -- Check for working C compiler: /usr/bin/cc - skipped
[3.809s] -- Detecting C compile features
[3.810s] -- Detecting C compile features - done
[3.810s] -- Detecting CXX compiler ABI info
[3.810s] -- Detecting CXX compiler ABI info - done
[3.810s] -- Check for working CXX compiler: /usr/bin/c++ - skipped
[3.810s] -- Detecting CXX compile features
[3.810s] -- Detecting CXX compile features - done
[3.810s] -- Found ament_cmake_ros: 0.10.0 (/opt/ros/humble/share/ament_cmake_ros/cmake)
[3.817s] -- Found Python3: /usr/bin/python3 (found version "3.10.12") found components: Interpreter 
[3.818s] -- Found ecl_build: 1.0.3 (/opt/ros/humble/share/ecl_build/cmake)
[3.818s] -- Found ecl_config: 1.2.0 (/home/wellyowo/locobot_sim/locobot_ws/src/install/ecl_config/share/ecl_config/cmake)
[3.819s] -- Found ecl_errors: 1.2.0 (/home/wellyowo/locobot_sim/locobot_ws/src/install/ecl_errors/share/ecl_errors/cmake)
[3.819s] -- Configuring done
[3.820s] -- Generating done
[3.820s] -- Build files have been written to: /home/wellyowo/locobot_sim/locobot_ws/src/build/ecl_sigslots_lite
[3.849s] Invoked command in '/home/wellyowo/locobot_sim/locobot_ws/src/build/ecl_sigslots_lite' returned '0': AMENT_PREFIX_PATH=/home/wellyowo/locobot_sim/locobot_ws/src/install/ecl_errors:/home/wellyowo/locobot_sim/locobot_ws/src/install/ecl_config:${AMENT_PREFIX_PATH} CMAKE_PREFIX_PATH=/home/wellyowo/locobot_sim/locobot_ws/src/install/ecl_errors:/home/wellyowo/locobot_sim/locobot_ws/src/install/ecl_config:/opt/ros/humble LD_LIBRARY_PATH=/home/wellyowo/locobot_sim/locobot_ws/src/install/ecl_errors/lib:${LD_LIBRARY_PATH} PATH=/home/wellyowo/locobot_sim/locobot_ws/src/install/ecl_config/bin:${PATH} /usr/bin/cmake /home/wellyowo/locobot_sim/locobot_ws/src/ThirdParty/ecl/ecl_lite/ecl_sigslots_lite -DCMAKE_INSTALL_PREFIX=/home/wellyowo/locobot_sim/locobot_ws/src/install/ecl_sigslots_lite
[3.849s] Invoking command in '/home/wellyowo/locobot_sim/locobot_ws/src/build/ecl_sigslots_lite': AMENT_PREFIX_PATH=/home/wellyowo/locobot_sim/locobot_ws/src/install/ecl_errors:/home/wellyowo/locobot_sim/locobot_ws/src/install/ecl_config:${AMENT_PREFIX_PATH} CMAKE_PREFIX_PATH=/home/wellyowo/locobot_sim/locobot_ws/src/install/ecl_errors:/home/wellyowo/locobot_sim/locobot_ws/src/install/ecl_config:/opt/ros/humble LD_LIBRARY_PATH=/home/wellyowo/locobot_sim/locobot_ws/src/install/ecl_errors/lib:${LD_LIBRARY_PATH} PATH=/home/wellyowo/locobot_sim/locobot_ws/src/install/ecl_config/bin:${PATH} /usr/bin/cmake --build /home/wellyowo/locobot_sim/locobot_ws/src/build/ecl_sigslots_lite -- -j16 -l16
[7.289s] [ 50%] [32mBuilding CXX object src/examples/CMakeFiles/demo_sigslots_lite.dir/sigslots.cpp.o[0m
[7.297s] [100%] [32m[1mLinking CXX executable demo_sigslots_lite[0m
[7.298s] [100%] Built target demo_sigslots_lite
