-- The C compiler identification is GNU 11.4.0
-- The CXX compiler identification is GNU 11.4.0
-- Detecting C compiler ABI info
-- Detecting C compiler ABI info - done
-- Check for working C compiler: /usr/bin/cc - skipped
-- Detecting C compile features
-- Detecting C compile features - done
-- Detecting CXX compiler ABI info
-- Detecting CXX compiler ABI info - done
-- Check for working CXX compiler: /usr/bin/c++ - skipped
-- Detecting CXX compile features
-- Detecting CXX compile features - done
-- Found ament_cmake_ros: 0.10.0 (/opt/ros/humble/share/ament_cmake_ros/cmake)
-- Found Python3: /usr/bin/python3 (found version "3.10.12") found components: Interpreter 
-- Override CMake install command with custom implementation using symlinks instead of copying resources
-- Found ecl_build: 1.0.3 (/opt/ros/humble/share/ecl_build/cmake)
-- Found ecl_config: 1.2.0 (/home/wellyowo/locobot_sim/locobot_ws/install/ecl_config/share/ecl_config/cmake)
-- Found ecl_converters: 1.2.1 (/home/wellyowo/locobot_sim/locobot_ws/install/ecl_converters/share/ecl_converters/cmake)
-- Configuring done
-- Generating done
-- Build files have been written to: /home/wellyowo/locobot_sim/locobot_ws/build/ecl_formatters
[ 25%] [32mBuilding CXX object src/lib/CMakeFiles/ecl_formatters.dir/strings.cpp.o[0m
[ 50%] [32m[1mLinking CXX shared library libecl_formatters.so[0m
[ 50%] Built target ecl_formatters
[ 75%] [32mBuilding CXX object src/examples/CMakeFiles/ecl_demo_formatters.dir/formatters.cpp.o[0m
[100%] [32m[1mLinking CXX executable demo_formatters[0m
[100%] Built target ecl_demo_formatters
-- Install configuration: ""
-- Execute custom install script
-- Symlinking: /home/wellyowo/locobot_sim/locobot_ws/install/ecl_formatters/include/ecl/formatters/common.hpp
-- Symlinking: /home/wellyowo/locobot_sim/locobot_ws/install/ecl_formatters/include/ecl/formatters/floats.hpp
-- Symlinking: /home/wellyowo/locobot_sim/locobot_ws/install/ecl_formatters/include/ecl/formatters/macros.hpp
-- Symlinking: /home/wellyowo/locobot_sim/locobot_ws/install/ecl_formatters/include/ecl/formatters/number.hpp
-- Symlinking: /home/wellyowo/locobot_sim/locobot_ws/install/ecl_formatters/include/ecl/formatters/strings.hpp
-- Symlinking: /home/wellyowo/locobot_sim/locobot_ws/install/ecl_formatters/include/ecl/formatters.hpp
-- Symlinking: /home/wellyowo/locobot_sim/locobot_ws/install/ecl_formatters/lib/ecl_formatters/demo_formatters
-- Symlinking: /home/wellyowo/locobot_sim/locobot_ws/install/ecl_formatters/share/ecl_formatters/environment/library_path.sh
-- Symlinking: /home/wellyowo/locobot_sim/locobot_ws/install/ecl_formatters/share/ecl_formatters/environment/library_path.dsv
-- Symlinking: /home/wellyowo/locobot_sim/locobot_ws/install/ecl_formatters/share/ament_index/resource_index/package_run_dependencies/ecl_formatters
-- Symlinking: /home/wellyowo/locobot_sim/locobot_ws/install/ecl_formatters/share/ament_index/resource_index/parent_prefix_path/ecl_formatters
-- Symlinking: /home/wellyowo/locobot_sim/locobot_ws/install/ecl_formatters/share/ecl_formatters/environment/ament_prefix_path.sh
-- Symlinking: /home/wellyowo/locobot_sim/locobot_ws/install/ecl_formatters/share/ecl_formatters/environment/ament_prefix_path.dsv
-- Symlinking: /home/wellyowo/locobot_sim/locobot_ws/install/ecl_formatters/share/ecl_formatters/environment/path.sh
-- Symlinking: /home/wellyowo/locobot_sim/locobot_ws/install/ecl_formatters/share/ecl_formatters/environment/path.dsv
-- Symlinking: /home/wellyowo/locobot_sim/locobot_ws/install/ecl_formatters/share/ecl_formatters/local_setup.bash
-- Symlinking: /home/wellyowo/locobot_sim/locobot_ws/install/ecl_formatters/share/ecl_formatters/local_setup.sh
-- Symlinking: /home/wellyowo/locobot_sim/locobot_ws/install/ecl_formatters/share/ecl_formatters/local_setup.zsh
-- Symlinking: /home/wellyowo/locobot_sim/locobot_ws/install/ecl_formatters/share/ecl_formatters/local_setup.dsv
-- Symlinking: /home/wellyowo/locobot_sim/locobot_ws/install/ecl_formatters/share/ecl_formatters/package.dsv
-- Symlinking: /home/wellyowo/locobot_sim/locobot_ws/install/ecl_formatters/share/ament_index/resource_index/packages/ecl_formatters
-- Symlinking: /home/wellyowo/locobot_sim/locobot_ws/install/ecl_formatters/share/ecl_formatters/cmake/ament_cmake_export_targets-extras.cmake
-- Symlinking: /home/wellyowo/locobot_sim/locobot_ws/install/ecl_formatters/share/ecl_formatters/cmake/ament_cmake_export_include_directories-extras.cmake
-- Symlinking: /home/wellyowo/locobot_sim/locobot_ws/install/ecl_formatters/share/ecl_formatters/cmake/ament_cmake_export_libraries-extras.cmake
-- Symlinking: /home/wellyowo/locobot_sim/locobot_ws/install/ecl_formatters/share/ecl_formatters/cmake/ament_cmake_export_dependencies-extras.cmake
-- Symlinking: /home/wellyowo/locobot_sim/locobot_ws/install/ecl_formatters/share/ecl_formatters/cmake/ecl_formattersConfig.cmake
-- Symlinking: /home/wellyowo/locobot_sim/locobot_ws/install/ecl_formatters/share/ecl_formatters/cmake/ecl_formattersConfig-version.cmake
-- Symlinking: /home/wellyowo/locobot_sim/locobot_ws/install/ecl_formatters/share/ecl_formatters/package.xml
-- Installing: /home/wellyowo/locobot_sim/locobot_ws/install/ecl_formatters/share/ecl_formatters/cmake/ecl_formattersExport.cmake
-- Installing: /home/wellyowo/locobot_sim/locobot_ws/install/ecl_formatters/share/ecl_formatters/cmake/ecl_formattersExport-noconfig.cmake
-- Installing: /home/wellyowo/locobot_sim/locobot_ws/install/ecl_formatters/lib/libecl_formatters.so.1.2.1
-- Set runtime path of "/home/wellyowo/locobot_sim/locobot_ws/install/ecl_formatters/lib/libecl_formatters.so.1.2.1" to ""
-- Installing: /home/wellyowo/locobot_sim/locobot_ws/install/ecl_formatters/lib/libecl_formatters.so
