-- The C compiler identification is GNU 11.4.0
-- The CXX compiler identification is GNU 11.4.0
-- Detecting C compiler ABI info
-- Detecting C compiler ABI info - done
-- Check for working C compiler: /usr/bin/cc - skipped
-- Detecting C compile features
-- Detecting C compile features - done
-- Detecting CXX compiler ABI info
-- Detecting CXX compiler ABI info - done
-- Check for working CXX compiler: /usr/bin/c++ - skipped
-- Detecting CXX compile features
-- Detecting CXX compile features - done
-- Found ament_cmake_ros: 0.10.0 (/opt/ros/humble/share/ament_cmake_ros/cmake)
-- Found Python3: /usr/bin/python3 (found version "3.10.12") found components: Interpreter 
-- Found ecl_build: 1.0.3 (/opt/ros/humble/share/ecl_build/cmake)
-- Found ecl_config: 1.2.0 (/home/wellyowo/locobot_sim/locobot_ws/src/install/ecl_config/share/ecl_config/cmake)
-- Found ecl_errors: 1.2.0 (/home/wellyowo/locobot_sim/locobot_ws/src/install/ecl_errors/share/ecl_errors/cmake)
-- Configuring done
-- Generating done
-- Build files have been written to: /home/wellyowo/locobot_sim/locobot_ws/src/build/ecl_exceptions
[ 16%] [32mBuilding CXX object src/lib/CMakeFiles/ecl_exceptions.dir/standard_exception.cpp.o[0m
[ 33%] [32m[1mLinking CXX shared library libecl_exceptions.so[0m
[ 33%] Built target ecl_exceptions
[ 50%] [32mBuilding CXX object src/examples/CMakeFiles/ecl_demo_exception_tracer.dir/exception_tracer.cpp.o[0m
[ 66%] [32mBuilding CXX object src/examples/CMakeFiles/ecl_demo_exceptions.dir/exceptions.cpp.o[0m
[ 83%] [32m[1mLinking CXX executable demo_exception_tracer[0m
[ 83%] Built target ecl_demo_exception_tracer
[100%] [32m[1mLinking CXX executable demo_exceptions[0m
[100%] Built target ecl_demo_exceptions
