[0.461s] Invoking command in '/home/wellyowo/locobot_sim/locobot_ws/src/build/ecl_exceptions': AMENT_PREFIX_PATH=/home/wellyowo/locobot_sim/locobot_ws/src/install/ecl_errors:/home/wellyowo/locobot_sim/locobot_ws/src/install/ecl_config:${AMENT_PREFIX_PATH} CMAKE_PREFIX_PATH=/home/wellyowo/locobot_sim/locobot_ws/src/install/ecl_errors:/home/wellyowo/locobot_sim/locobot_ws/src/install/ecl_config:/opt/ros/humble LD_LIBRARY_PATH=/home/wellyowo/locobot_sim/locobot_ws/src/install/ecl_errors/lib:${LD_LIBRARY_PATH} PATH=/home/wellyowo/locobot_sim/locobot_ws/src/install/ecl_config/bin:${PATH} /usr/bin/cmake /home/wellyowo/locobot_sim/locobot_ws/src/ThirdParty/ecl/ecl_core/ecl_exceptions -DCMAKE_INSTALL_PREFIX=/home/wellyowo/locobot_sim/locobot_ws/src/install/ecl_exceptions
[0.677s] -- The C compiler identification is GNU 11.4.0
[0.842s] -- The CXX compiler identification is GNU 11.4.0
[0.864s] -- Detecting C compiler ABI info
[1.146s] -- Detecting C compiler ABI info - done
[1.183s] -- Check for working C compiler: /usr/bin/cc - skipped
[1.183s] -- Detecting C compile features
[1.183s] -- Detecting C compile features - done
[1.204s] -- Detecting CXX compiler ABI info
[1.548s] -- Detecting CXX compiler ABI info - done
[1.581s] -- Check for working CXX compiler: /usr/bin/c++ - skipped
[1.581s] -- Detecting CXX compile features
[1.584s] -- Detecting CXX compile features - done
[1.609s] -- Found ament_cmake_ros: 0.10.0 (/opt/ros/humble/share/ament_cmake_ros/cmake)
[2.519s] -- Found Python3: /usr/bin/python3 (found version "3.10.12") found components: Interpreter 
[3.109s] -- Found ecl_build: 1.0.3 (/opt/ros/humble/share/ecl_build/cmake)
[3.137s] -- Found ecl_config: 1.2.0 (/home/wellyowo/locobot_sim/locobot_ws/src/install/ecl_config/share/ecl_config/cmake)
[3.141s] -- Found ecl_errors: 1.2.0 (/home/wellyowo/locobot_sim/locobot_ws/src/install/ecl_errors/share/ecl_errors/cmake)
[3.525s] -- Configuring done
[3.604s] -- Generating done
[3.622s] -- Build files have been written to: /home/wellyowo/locobot_sim/locobot_ws/src/build/ecl_exceptions
[3.731s] Invoked command in '/home/wellyowo/locobot_sim/locobot_ws/src/build/ecl_exceptions' returned '0': AMENT_PREFIX_PATH=/home/wellyowo/locobot_sim/locobot_ws/src/install/ecl_errors:/home/wellyowo/locobot_sim/locobot_ws/src/install/ecl_config:${AMENT_PREFIX_PATH} CMAKE_PREFIX_PATH=/home/wellyowo/locobot_sim/locobot_ws/src/install/ecl_errors:/home/wellyowo/locobot_sim/locobot_ws/src/install/ecl_config:/opt/ros/humble LD_LIBRARY_PATH=/home/wellyowo/locobot_sim/locobot_ws/src/install/ecl_errors/lib:${LD_LIBRARY_PATH} PATH=/home/wellyowo/locobot_sim/locobot_ws/src/install/ecl_config/bin:${PATH} /usr/bin/cmake /home/wellyowo/locobot_sim/locobot_ws/src/ThirdParty/ecl/ecl_core/ecl_exceptions -DCMAKE_INSTALL_PREFIX=/home/wellyowo/locobot_sim/locobot_ws/src/install/ecl_exceptions
[3.732s] Invoking command in '/home/wellyowo/locobot_sim/locobot_ws/src/build/ecl_exceptions': AMENT_PREFIX_PATH=/home/wellyowo/locobot_sim/locobot_ws/src/install/ecl_errors:/home/wellyowo/locobot_sim/locobot_ws/src/install/ecl_config:${AMENT_PREFIX_PATH} CMAKE_PREFIX_PATH=/home/wellyowo/locobot_sim/locobot_ws/src/install/ecl_errors:/home/wellyowo/locobot_sim/locobot_ws/src/install/ecl_config:/opt/ros/humble LD_LIBRARY_PATH=/home/wellyowo/locobot_sim/locobot_ws/src/install/ecl_errors/lib:${LD_LIBRARY_PATH} PATH=/home/wellyowo/locobot_sim/locobot_ws/src/install/ecl_config/bin:${PATH} /usr/bin/cmake --build /home/wellyowo/locobot_sim/locobot_ws/src/build/ecl_exceptions -- -j16 -l16
[5.526s] [ 16%] [32mBuilding CXX object src/lib/CMakeFiles/ecl_exceptions.dir/standard_exception.cpp.o[0m
[5.535s] [ 33%] [32m[1mLinking CXX shared library libecl_exceptions.so[0m
[5.536s] [ 33%] Built target ecl_exceptions
[5.565s] [ 50%] [32mBuilding CXX object src/examples/CMakeFiles/ecl_demo_exception_tracer.dir/exception_tracer.cpp.o[0m
[5.588s] [ 66%] [32mBuilding CXX object src/examples/CMakeFiles/ecl_demo_exceptions.dir/exceptions.cpp.o[0m
[6.299s] [ 83%] [32m[1mLinking CXX executable demo_exception_tracer[0m
[6.799s] [ 83%] Built target ecl_demo_exception_tracer
[7.294s] [100%] [32m[1mLinking CXX executable demo_exceptions[0m
[7.880s] [100%] Built target ecl_demo_exceptions
