[0.121s] Invoking command in '/home/wellyowo/locobot_sim/locobot_ws/build/ecl_threads': AMENT_PREFIX_PATH=/home/wellyowo/locobot_sim/locobot_ws/install/ecl_utilities:/home/wellyowo/locobot_sim/locobot_ws/install/ecl_time:/home/wellyowo/locobot_sim/locobot_ws/install/ecl_time_lite:/home/wellyowo/locobot_sim/locobot_ws/install/ecl_exceptions:/home/wellyowo/locobot_sim/locobot_ws/install/ecl_concepts:/home/wellyowo/locobot_sim/locobot_ws/install/ecl_type_traits:/home/wellyowo/locobot_sim/locobot_ws/install/ecl_errors:/home/wellyowo/locobot_sim/locobot_ws/install/ecl_mpl:/home/wellyowo/locobot_sim/locobot_ws/install/ecl_config:${AMENT_PREFIX_PATH} CMAKE_PREFIX_PATH=/home/wellyowo/locobot_sim/locobot_ws/install/ecl_utilities:/home/wellyowo/locobot_sim/locobot_ws/install/ecl_time:/home/wellyowo/locobot_sim/locobot_ws/install/ecl_time_lite:/home/wellyowo/locobot_sim/locobot_ws/install/ecl_exceptions:/home/wellyowo/locobot_sim/locobot_ws/install/ecl_concepts:/home/wellyowo/locobot_sim/locobot_ws/install/ecl_type_traits:/home/wellyowo/locobot_sim/locobot_ws/install/ecl_errors:/home/wellyowo/locobot_sim/locobot_ws/install/ecl_mpl:/home/wellyowo/locobot_sim/locobot_ws/install/ecl_config:/opt/ros/humble LD_LIBRARY_PATH=/home/wellyowo/locobot_sim/locobot_ws/install/ecl_time/lib:/home/wellyowo/locobot_sim/locobot_ws/install/ecl_time_lite/lib:/home/wellyowo/locobot_sim/locobot_ws/install/ecl_exceptions/lib:/home/wellyowo/locobot_sim/locobot_ws/install/ecl_type_traits/lib:/home/wellyowo/locobot_sim/locobot_ws/install/ecl_errors/lib:${LD_LIBRARY_PATH} PATH=/home/wellyowo/locobot_sim/locobot_ws/install/ecl_type_traits/bin:/home/wellyowo/locobot_sim/locobot_ws/install/ecl_config/bin:${PATH} /usr/bin/cmake /home/wellyowo/locobot_sim/locobot_ws/src/ThirdParty/ecl/ecl_core/ecl_threads -DBUILD_TESTING=OFF -DCMAKE_PREFIX_PATH= -DAMENT_CMAKE_SYMLINK_INSTALL=1 -DCMAKE_INSTALL_PREFIX=/home/wellyowo/locobot_sim/locobot_ws/install/ecl_threads
[0.354s] -- The C compiler identification is GNU 11.4.0
[0.595s] -- The CXX compiler identification is GNU 11.4.0
[0.627s] -- Detecting C compiler ABI info
[1.011s] -- Detecting C compiler ABI info - done
[1.042s] -- Check for working C compiler: /usr/bin/cc - skipped
[1.047s] -- Detecting C compile features
[1.059s] -- Detecting C compile features - done
[1.069s] -- Detecting CXX compiler ABI info
[1.484s] -- Detecting CXX compiler ABI info - done
[1.517s] -- Check for working CXX compiler: /usr/bin/c++ - skipped
[1.519s] -- Detecting CXX compile features
[1.526s] -- Detecting CXX compile features - done
[1.535s] -- Found ament_cmake_ros: 0.10.0 (/opt/ros/humble/share/ament_cmake_ros/cmake)
[2.149s] -- Found Python3: /usr/bin/python3 (found version "3.10.12") found components: Interpreter 
[2.296s] -- Override CMake install command with custom implementation using symlinks instead of copying resources
[2.363s] -- Found ecl_build: 1.0.3 (/opt/ros/humble/share/ecl_build/cmake)
[2.376s] -- Found ecl_config: 1.2.0 (/home/wellyowo/locobot_sim/locobot_ws/install/ecl_config/share/ecl_config/cmake)
[2.381s] -- Found ecl_errors: 1.2.0 (/home/wellyowo/locobot_sim/locobot_ws/install/ecl_errors/share/ecl_errors/cmake)
[2.389s] -- Found ecl_concepts: 1.2.1 (/home/wellyowo/locobot_sim/locobot_ws/install/ecl_concepts/share/ecl_concepts/cmake)
[2.403s] -- Found ecl_exceptions: 1.2.1 (/home/wellyowo/locobot_sim/locobot_ws/install/ecl_exceptions/share/ecl_exceptions/cmake)
[2.408s] -- Found ecl_time: 1.2.1 (/home/wellyowo/locobot_sim/locobot_ws/install/ecl_time/share/ecl_time/cmake)
[2.418s] -- Found ecl_utilities: 1.2.1 (/home/wellyowo/locobot_sim/locobot_ws/install/ecl_utilities/share/ecl_utilities/cmake)
[2.726s] -- Looking for pthread.h
[3.135s] -- Looking for pthread.h - found
[3.143s] -- Performing Test CMAKE_HAVE_LIBC_PTHREAD
[3.513s] -- Performing Test CMAKE_HAVE_LIBC_PTHREAD - Success
[3.519s] -- Found Threads: TRUE  
[3.584s] -- Configuring done
[3.647s] -- Generating done
[3.674s] -- Build files have been written to: /home/wellyowo/locobot_sim/locobot_ws/build/ecl_threads
[3.716s] Invoked command in '/home/wellyowo/locobot_sim/locobot_ws/build/ecl_threads' returned '0': AMENT_PREFIX_PATH=/home/wellyowo/locobot_sim/locobot_ws/install/ecl_utilities:/home/wellyowo/locobot_sim/locobot_ws/install/ecl_time:/home/wellyowo/locobot_sim/locobot_ws/install/ecl_time_lite:/home/wellyowo/locobot_sim/locobot_ws/install/ecl_exceptions:/home/wellyowo/locobot_sim/locobot_ws/install/ecl_concepts:/home/wellyowo/locobot_sim/locobot_ws/install/ecl_type_traits:/home/wellyowo/locobot_sim/locobot_ws/install/ecl_errors:/home/wellyowo/locobot_sim/locobot_ws/install/ecl_mpl:/home/wellyowo/locobot_sim/locobot_ws/install/ecl_config:${AMENT_PREFIX_PATH} CMAKE_PREFIX_PATH=/home/wellyowo/locobot_sim/locobot_ws/install/ecl_utilities:/home/wellyowo/locobot_sim/locobot_ws/install/ecl_time:/home/wellyowo/locobot_sim/locobot_ws/install/ecl_time_lite:/home/wellyowo/locobot_sim/locobot_ws/install/ecl_exceptions:/home/wellyowo/locobot_sim/locobot_ws/install/ecl_concepts:/home/wellyowo/locobot_sim/locobot_ws/install/ecl_type_traits:/home/wellyowo/locobot_sim/locobot_ws/install/ecl_errors:/home/wellyowo/locobot_sim/locobot_ws/install/ecl_mpl:/home/wellyowo/locobot_sim/locobot_ws/install/ecl_config:/opt/ros/humble LD_LIBRARY_PATH=/home/wellyowo/locobot_sim/locobot_ws/install/ecl_time/lib:/home/wellyowo/locobot_sim/locobot_ws/install/ecl_time_lite/lib:/home/wellyowo/locobot_sim/locobot_ws/install/ecl_exceptions/lib:/home/wellyowo/locobot_sim/locobot_ws/install/ecl_type_traits/lib:/home/wellyowo/locobot_sim/locobot_ws/install/ecl_errors/lib:${LD_LIBRARY_PATH} PATH=/home/wellyowo/locobot_sim/locobot_ws/install/ecl_type_traits/bin:/home/wellyowo/locobot_sim/locobot_ws/install/ecl_config/bin:${PATH} /usr/bin/cmake /home/wellyowo/locobot_sim/locobot_ws/src/ThirdParty/ecl/ecl_core/ecl_threads -DBUILD_TESTING=OFF -DCMAKE_PREFIX_PATH= -DAMENT_CMAKE_SYMLINK_INSTALL=1 -DCMAKE_INSTALL_PREFIX=/home/wellyowo/locobot_sim/locobot_ws/install/ecl_threads
[3.717s] Invoking command in '/home/wellyowo/locobot_sim/locobot_ws/build/ecl_threads': AMENT_PREFIX_PATH=/home/wellyowo/locobot_sim/locobot_ws/install/ecl_utilities:/home/wellyowo/locobot_sim/locobot_ws/install/ecl_time:/home/wellyowo/locobot_sim/locobot_ws/install/ecl_time_lite:/home/wellyowo/locobot_sim/locobot_ws/install/ecl_exceptions:/home/wellyowo/locobot_sim/locobot_ws/install/ecl_concepts:/home/wellyowo/locobot_sim/locobot_ws/install/ecl_type_traits:/home/wellyowo/locobot_sim/locobot_ws/install/ecl_errors:/home/wellyowo/locobot_sim/locobot_ws/install/ecl_mpl:/home/wellyowo/locobot_sim/locobot_ws/install/ecl_config:${AMENT_PREFIX_PATH} CMAKE_PREFIX_PATH=/home/wellyowo/locobot_sim/locobot_ws/install/ecl_utilities:/home/wellyowo/locobot_sim/locobot_ws/install/ecl_time:/home/wellyowo/locobot_sim/locobot_ws/install/ecl_time_lite:/home/wellyowo/locobot_sim/locobot_ws/install/ecl_exceptions:/home/wellyowo/locobot_sim/locobot_ws/install/ecl_concepts:/home/wellyowo/locobot_sim/locobot_ws/install/ecl_type_traits:/home/wellyowo/locobot_sim/locobot_ws/install/ecl_errors:/home/wellyowo/locobot_sim/locobot_ws/install/ecl_mpl:/home/wellyowo/locobot_sim/locobot_ws/install/ecl_config:/opt/ros/humble LD_LIBRARY_PATH=/home/wellyowo/locobot_sim/locobot_ws/install/ecl_time/lib:/home/wellyowo/locobot_sim/locobot_ws/install/ecl_time_lite/lib:/home/wellyowo/locobot_sim/locobot_ws/install/ecl_exceptions/lib:/home/wellyowo/locobot_sim/locobot_ws/install/ecl_type_traits/lib:/home/wellyowo/locobot_sim/locobot_ws/install/ecl_errors/lib:${LD_LIBRARY_PATH} PATH=/home/wellyowo/locobot_sim/locobot_ws/install/ecl_type_traits/bin:/home/wellyowo/locobot_sim/locobot_ws/install/ecl_config/bin:${PATH} /usr/bin/cmake --build /home/wellyowo/locobot_sim/locobot_ws/build/ecl_threads -- -j16 -l16
[3.941s] [  9%] [32mBuilding CXX object src/lib/CMakeFiles/ecl_threads.dir/mutex_pos.cpp.o[0m
[4.626s] [ 18%] [32mBuilding CXX object src/lib/CMakeFiles/ecl_threads.dir/thread_win.cpp.o[0m
[4.703s] [ 27%] [32mBuilding CXX object src/lib/CMakeFiles/ecl_threads.dir/thread_pos.cpp.o[0m
[5.727s] [ 36%] [32mBuilding CXX object src/lib/CMakeFiles/ecl_threads.dir/priority_win.cpp.o[0m
[5.797s] [ 45%] [32mBuilding CXX object src/lib/CMakeFiles/ecl_threads.dir/priority_pos.cpp.o[0m
[6.620s] [ 54%] [32mBuilding CXX object src/lib/CMakeFiles/ecl_threads.dir/mutex_w32.cpp.o[0m
[6.716s] [ 63%] [32m[1mLinking CXX shared library libecl_threads.so[0m
[7.173s] [ 63%] Built target ecl_threads
[7.285s] [ 72%] [32mBuilding CXX object src/examples/CMakeFiles/ecl_demo_thread.dir/thread.cpp.o[0m
[8.251s] [ 81%] [32m[1mLinking CXX executable demo_thread[0m
[8.582s] [ 81%] Built target ecl_demo_thread
[8.680s] [ 90%] [32mBuilding CXX object src/examples/CMakeFiles/ecl_demo_mutex.dir/mutex.cpp.o[0m
[9.490s] [100%] [32m[1mLinking CXX executable demo_mutex[0m
[9.901s] [100%] Built target ecl_demo_mutex
[9.987s] Invoked command in '/home/wellyowo/locobot_sim/locobot_ws/build/ecl_threads' returned '0': AMENT_PREFIX_PATH=/home/wellyowo/locobot_sim/locobot_ws/install/ecl_utilities:/home/wellyowo/locobot_sim/locobot_ws/install/ecl_time:/home/wellyowo/locobot_sim/locobot_ws/install/ecl_time_lite:/home/wellyowo/locobot_sim/locobot_ws/install/ecl_exceptions:/home/wellyowo/locobot_sim/locobot_ws/install/ecl_concepts:/home/wellyowo/locobot_sim/locobot_ws/install/ecl_type_traits:/home/wellyowo/locobot_sim/locobot_ws/install/ecl_errors:/home/wellyowo/locobot_sim/locobot_ws/install/ecl_mpl:/home/wellyowo/locobot_sim/locobot_ws/install/ecl_config:${AMENT_PREFIX_PATH} CMAKE_PREFIX_PATH=/home/wellyowo/locobot_sim/locobot_ws/install/ecl_utilities:/home/wellyowo/locobot_sim/locobot_ws/install/ecl_time:/home/wellyowo/locobot_sim/locobot_ws/install/ecl_time_lite:/home/wellyowo/locobot_sim/locobot_ws/install/ecl_exceptions:/home/wellyowo/locobot_sim/locobot_ws/install/ecl_concepts:/home/wellyowo/locobot_sim/locobot_ws/install/ecl_type_traits:/home/wellyowo/locobot_sim/locobot_ws/install/ecl_errors:/home/wellyowo/locobot_sim/locobot_ws/install/ecl_mpl:/home/wellyowo/locobot_sim/locobot_ws/install/ecl_config:/opt/ros/humble LD_LIBRARY_PATH=/home/wellyowo/locobot_sim/locobot_ws/install/ecl_time/lib:/home/wellyowo/locobot_sim/locobot_ws/install/ecl_time_lite/lib:/home/wellyowo/locobot_sim/locobot_ws/install/ecl_exceptions/lib:/home/wellyowo/locobot_sim/locobot_ws/install/ecl_type_traits/lib:/home/wellyowo/locobot_sim/locobot_ws/install/ecl_errors/lib:${LD_LIBRARY_PATH} PATH=/home/wellyowo/locobot_sim/locobot_ws/install/ecl_type_traits/bin:/home/wellyowo/locobot_sim/locobot_ws/install/ecl_config/bin:${PATH} /usr/bin/cmake --build /home/wellyowo/locobot_sim/locobot_ws/build/ecl_threads -- -j16 -l16
[9.988s] Invoking command in '/home/wellyowo/locobot_sim/locobot_ws/build/ecl_threads': AMENT_PREFIX_PATH=/home/wellyowo/locobot_sim/locobot_ws/install/ecl_utilities:/home/wellyowo/locobot_sim/locobot_ws/install/ecl_time:/home/wellyowo/locobot_sim/locobot_ws/install/ecl_time_lite:/home/wellyowo/locobot_sim/locobot_ws/install/ecl_exceptions:/home/wellyowo/locobot_sim/locobot_ws/install/ecl_concepts:/home/wellyowo/locobot_sim/locobot_ws/install/ecl_type_traits:/home/wellyowo/locobot_sim/locobot_ws/install/ecl_errors:/home/wellyowo/locobot_sim/locobot_ws/install/ecl_mpl:/home/wellyowo/locobot_sim/locobot_ws/install/ecl_config:${AMENT_PREFIX_PATH} CMAKE_PREFIX_PATH=/home/wellyowo/locobot_sim/locobot_ws/install/ecl_utilities:/home/wellyowo/locobot_sim/locobot_ws/install/ecl_time:/home/wellyowo/locobot_sim/locobot_ws/install/ecl_time_lite:/home/wellyowo/locobot_sim/locobot_ws/install/ecl_exceptions:/home/wellyowo/locobot_sim/locobot_ws/install/ecl_concepts:/home/wellyowo/locobot_sim/locobot_ws/install/ecl_type_traits:/home/wellyowo/locobot_sim/locobot_ws/install/ecl_errors:/home/wellyowo/locobot_sim/locobot_ws/install/ecl_mpl:/home/wellyowo/locobot_sim/locobot_ws/install/ecl_config:/opt/ros/humble LD_LIBRARY_PATH=/home/wellyowo/locobot_sim/locobot_ws/install/ecl_time/lib:/home/wellyowo/locobot_sim/locobot_ws/install/ecl_time_lite/lib:/home/wellyowo/locobot_sim/locobot_ws/install/ecl_exceptions/lib:/home/wellyowo/locobot_sim/locobot_ws/install/ecl_type_traits/lib:/home/wellyowo/locobot_sim/locobot_ws/install/ecl_errors/lib:${LD_LIBRARY_PATH} PATH=/home/wellyowo/locobot_sim/locobot_ws/install/ecl_type_traits/bin:/home/wellyowo/locobot_sim/locobot_ws/install/ecl_config/bin:${PATH} /usr/bin/cmake --install /home/wellyowo/locobot_sim/locobot_ws/build/ecl_threads
[10.013s] -- Install configuration: ""
[10.013s] -- Execute custom install script
[10.018s] -- Symlinking: /home/wellyowo/locobot_sim/locobot_ws/install/ecl_threads/include/ecl/threads/macros.hpp
[10.057s] -- Symlinking: /home/wellyowo/locobot_sim/locobot_ws/install/ecl_threads/include/ecl/threads/mutex.hpp
[10.085s] -- Symlinking: /home/wellyowo/locobot_sim/locobot_ws/install/ecl_threads/include/ecl/threads/mutex_pos.hpp
[10.109s] -- Symlinking: /home/wellyowo/locobot_sim/locobot_ws/install/ecl_threads/include/ecl/threads/mutex_w32.hpp
[10.133s] -- Symlinking: /home/wellyowo/locobot_sim/locobot_ws/install/ecl_threads/include/ecl/threads/priority.hpp
[10.152s] -- Symlinking: /home/wellyowo/locobot_sim/locobot_ws/install/ecl_threads/include/ecl/threads/priority_common.hpp
[10.177s] -- Symlinking: /home/wellyowo/locobot_sim/locobot_ws/install/ecl_threads/include/ecl/threads/priority_pos.hpp
[10.203s] -- Symlinking: /home/wellyowo/locobot_sim/locobot_ws/install/ecl_threads/include/ecl/threads/priority_win.hpp
[10.232s] -- Symlinking: /home/wellyowo/locobot_sim/locobot_ws/install/ecl_threads/include/ecl/threads/thread.hpp
[10.253s] -- Symlinking: /home/wellyowo/locobot_sim/locobot_ws/install/ecl_threads/include/ecl/threads/thread_exceptions_pos.hpp
[10.280s] -- Symlinking: /home/wellyowo/locobot_sim/locobot_ws/install/ecl_threads/include/ecl/threads/thread_pos.hpp
[10.316s] -- Symlinking: /home/wellyowo/locobot_sim/locobot_ws/install/ecl_threads/include/ecl/threads/thread_win.hpp
[10.341s] -- Symlinking: /home/wellyowo/locobot_sim/locobot_ws/install/ecl_threads/include/ecl/threads/threadable.hpp
[10.366s] -- Symlinking: /home/wellyowo/locobot_sim/locobot_ws/install/ecl_threads/include/ecl/threads.hpp
[10.394s] -- Symlinking: /home/wellyowo/locobot_sim/locobot_ws/install/ecl_threads/lib/ecl_threads/demo_thread
[10.424s] -- Symlinking: /home/wellyowo/locobot_sim/locobot_ws/install/ecl_threads/lib/ecl_threads/demo_mutex
[10.450s] -- Symlinking: /home/wellyowo/locobot_sim/locobot_ws/install/ecl_threads/share/ecl_threads/environment/library_path.sh
[10.473s] -- Symlinking: /home/wellyowo/locobot_sim/locobot_ws/install/ecl_threads/share/ecl_threads/environment/library_path.dsv
[10.501s] -- Symlinking: /home/wellyowo/locobot_sim/locobot_ws/install/ecl_threads/share/ament_index/resource_index/package_run_dependencies/ecl_threads
[10.533s] -- Symlinking: /home/wellyowo/locobot_sim/locobot_ws/install/ecl_threads/share/ament_index/resource_index/parent_prefix_path/ecl_threads
[10.562s] -- Symlinking: /home/wellyowo/locobot_sim/locobot_ws/install/ecl_threads/share/ecl_threads/environment/ament_prefix_path.sh
[10.591s] -- Symlinking: /home/wellyowo/locobot_sim/locobot_ws/install/ecl_threads/share/ecl_threads/environment/ament_prefix_path.dsv
[10.624s] -- Symlinking: /home/wellyowo/locobot_sim/locobot_ws/install/ecl_threads/share/ecl_threads/environment/path.sh
[10.670s] -- Symlinking: /home/wellyowo/locobot_sim/locobot_ws/install/ecl_threads/share/ecl_threads/environment/path.dsv
[10.694s] -- Symlinking: /home/wellyowo/locobot_sim/locobot_ws/install/ecl_threads/share/ecl_threads/local_setup.bash
[10.722s] -- Symlinking: /home/wellyowo/locobot_sim/locobot_ws/install/ecl_threads/share/ecl_threads/local_setup.sh
[10.750s] -- Symlinking: /home/wellyowo/locobot_sim/locobot_ws/install/ecl_threads/share/ecl_threads/local_setup.zsh
[10.781s] -- Symlinking: /home/wellyowo/locobot_sim/locobot_ws/install/ecl_threads/share/ecl_threads/local_setup.dsv
[10.822s] -- Symlinking: /home/wellyowo/locobot_sim/locobot_ws/install/ecl_threads/share/ecl_threads/package.dsv
[10.857s] -- Symlinking: /home/wellyowo/locobot_sim/locobot_ws/install/ecl_threads/share/ament_index/resource_index/packages/ecl_threads
[10.880s] -- Symlinking: /home/wellyowo/locobot_sim/locobot_ws/install/ecl_threads/share/ecl_threads/cmake/ecl_threads-extras.cmake
[10.909s] -- Symlinking: /home/wellyowo/locobot_sim/locobot_ws/install/ecl_threads/share/ecl_threads/cmake/ament_cmake_export_targets-extras.cmake
[10.934s] -- Symlinking: /home/wellyowo/locobot_sim/locobot_ws/install/ecl_threads/share/ecl_threads/cmake/ament_cmake_export_include_directories-extras.cmake
[10.963s] -- Symlinking: /home/wellyowo/locobot_sim/locobot_ws/install/ecl_threads/share/ecl_threads/cmake/ament_cmake_export_libraries-extras.cmake
[10.998s] -- Symlinking: /home/wellyowo/locobot_sim/locobot_ws/install/ecl_threads/share/ecl_threads/cmake/ament_cmake_export_dependencies-extras.cmake
[11.035s] -- Symlinking: /home/wellyowo/locobot_sim/locobot_ws/install/ecl_threads/share/ecl_threads/cmake/ecl_threadsConfig.cmake
[11.068s] -- Symlinking: /home/wellyowo/locobot_sim/locobot_ws/install/ecl_threads/share/ecl_threads/cmake/ecl_threadsConfig-version.cmake
[11.098s] -- Symlinking: /home/wellyowo/locobot_sim/locobot_ws/install/ecl_threads/share/ecl_threads/package.xml
[11.121s] -- Installing: /home/wellyowo/locobot_sim/locobot_ws/install/ecl_threads/share/ecl_threads/cmake/ecl_threadsExport.cmake
[11.126s] -- Installing: /home/wellyowo/locobot_sim/locobot_ws/install/ecl_threads/share/ecl_threads/cmake/ecl_threadsExport-noconfig.cmake
[11.129s] -- Installing: /home/wellyowo/locobot_sim/locobot_ws/install/ecl_threads/lib/libecl_threads.so.1.2.1
[11.131s] -- Set runtime path of "/home/wellyowo/locobot_sim/locobot_ws/install/ecl_threads/lib/libecl_threads.so.1.2.1" to ""
[11.132s] -- Installing: /home/wellyowo/locobot_sim/locobot_ws/install/ecl_threads/lib/libecl_threads.so
[11.145s] Invoked command in '/home/wellyowo/locobot_sim/locobot_ws/build/ecl_threads' returned '0': AMENT_PREFIX_PATH=/home/wellyowo/locobot_sim/locobot_ws/install/ecl_utilities:/home/wellyowo/locobot_sim/locobot_ws/install/ecl_time:/home/wellyowo/locobot_sim/locobot_ws/install/ecl_time_lite:/home/wellyowo/locobot_sim/locobot_ws/install/ecl_exceptions:/home/wellyowo/locobot_sim/locobot_ws/install/ecl_concepts:/home/wellyowo/locobot_sim/locobot_ws/install/ecl_type_traits:/home/wellyowo/locobot_sim/locobot_ws/install/ecl_errors:/home/wellyowo/locobot_sim/locobot_ws/install/ecl_mpl:/home/wellyowo/locobot_sim/locobot_ws/install/ecl_config:${AMENT_PREFIX_PATH} CMAKE_PREFIX_PATH=/home/wellyowo/locobot_sim/locobot_ws/install/ecl_utilities:/home/wellyowo/locobot_sim/locobot_ws/install/ecl_time:/home/wellyowo/locobot_sim/locobot_ws/install/ecl_time_lite:/home/wellyowo/locobot_sim/locobot_ws/install/ecl_exceptions:/home/wellyowo/locobot_sim/locobot_ws/install/ecl_concepts:/home/wellyowo/locobot_sim/locobot_ws/install/ecl_type_traits:/home/wellyowo/locobot_sim/locobot_ws/install/ecl_errors:/home/wellyowo/locobot_sim/locobot_ws/install/ecl_mpl:/home/wellyowo/locobot_sim/locobot_ws/install/ecl_config:/opt/ros/humble LD_LIBRARY_PATH=/home/wellyowo/locobot_sim/locobot_ws/install/ecl_time/lib:/home/wellyowo/locobot_sim/locobot_ws/install/ecl_time_lite/lib:/home/wellyowo/locobot_sim/locobot_ws/install/ecl_exceptions/lib:/home/wellyowo/locobot_sim/locobot_ws/install/ecl_type_traits/lib:/home/wellyowo/locobot_sim/locobot_ws/install/ecl_errors/lib:${LD_LIBRARY_PATH} PATH=/home/wellyowo/locobot_sim/locobot_ws/install/ecl_type_traits/bin:/home/wellyowo/locobot_sim/locobot_ws/install/ecl_config/bin:${PATH} /usr/bin/cmake --install /home/wellyowo/locobot_sim/locobot_ws/build/ecl_threads
