[0.273s] Invoking command in '/home/wellyowo/locobot_sim/locobot_ws/src/build/ecl_math': AMENT_PREFIX_PATH=/home/wellyowo/locobot_sim/locobot_ws/src/install/ecl_type_traits:/home/wellyowo/locobot_sim/locobot_ws/src/install/ecl_mpl:/home/wellyowo/locobot_sim/locobot_ws/src/install/ecl_config:${AMENT_PREFIX_PATH} CMAKE_PREFIX_PATH=/home/wellyowo/locobot_sim/locobot_ws/src/install/ecl_type_traits:/home/wellyowo/locobot_sim/locobot_ws/src/install/ecl_mpl:/home/wellyowo/locobot_sim/locobot_ws/src/install/ecl_config:/opt/ros/humble LD_LIBRARY_PATH=/home/wellyowo/locobot_sim/locobot_ws/src/install/ecl_type_traits/lib:${LD_LIBRARY_PATH} PATH=/home/wellyowo/locobot_sim/locobot_ws/src/install/ecl_type_traits/bin:/home/wellyowo/locobot_sim/locobot_ws/src/install/ecl_config/bin:${PATH} /usr/bin/cmake /home/wellyowo/locobot_sim/locobot_ws/src/ThirdParty/ecl/ecl_core/ecl_math -DCMAKE_INSTALL_PREFIX=/home/wellyowo/locobot_sim/locobot_ws/src/install/ecl_math
[3.390s] -- The C compiler identification is GNU 11.4.0
[3.390s] -- The CXX compiler identification is GNU 11.4.0
[3.390s] -- Detecting C compiler ABI info
[3.390s] -- Detecting C compiler ABI info - done
[3.390s] -- Check for working C compiler: /usr/bin/cc - skipped
[3.390s] -- Detecting C compile features
[3.390s] -- Detecting C compile features - done
[3.390s] -- Detecting CXX compiler ABI info
[3.391s] -- Detecting CXX compiler ABI info - done
[3.391s] -- Check for working CXX compiler: /usr/bin/c++ - skipped
[3.391s] -- Detecting CXX compile features
[3.391s] -- Detecting CXX compile features - done
[3.391s] -- Found ament_cmake_ros: 0.10.0 (/opt/ros/humble/share/ament_cmake_ros/cmake)
[3.391s] -- Found Python3: /usr/bin/python3 (found version "3.10.12") found components: Interpreter 
[3.391s] -- Found ecl_build: 1.0.3 (/opt/ros/humble/share/ecl_build/cmake)
[3.391s] -- Found ecl_type_traits: 1.2.1 (/home/wellyowo/locobot_sim/locobot_ws/src/install/ecl_type_traits/share/ecl_type_traits/cmake)
[3.391s] -- Found ament_lint_auto: 0.12.12 (/opt/ros/humble/share/ament_lint_auto/cmake)
[3.391s] -- Found gtest sources under '/opt/ros/humble/src/gtest_vendor': C++ tests using 'Google Test' will be built
[3.391s] -- Looking for pthread.h
[3.788s] -- Looking for pthread.h - found
[3.789s] -- Performing Test CMAKE_HAVE_LIBC_PTHREAD
[4.316s] -- Performing Test CMAKE_HAVE_LIBC_PTHREAD - Success
[4.316s] -- Found Threads: TRUE  
[4.876s] -- Configuring done
[4.976s] -- Generating done
[5.024s] -- Build files have been written to: /home/wellyowo/locobot_sim/locobot_ws/src/build/ecl_math
[5.080s] Invoked command in '/home/wellyowo/locobot_sim/locobot_ws/src/build/ecl_math' returned '0': AMENT_PREFIX_PATH=/home/wellyowo/locobot_sim/locobot_ws/src/install/ecl_type_traits:/home/wellyowo/locobot_sim/locobot_ws/src/install/ecl_mpl:/home/wellyowo/locobot_sim/locobot_ws/src/install/ecl_config:${AMENT_PREFIX_PATH} CMAKE_PREFIX_PATH=/home/wellyowo/locobot_sim/locobot_ws/src/install/ecl_type_traits:/home/wellyowo/locobot_sim/locobot_ws/src/install/ecl_mpl:/home/wellyowo/locobot_sim/locobot_ws/src/install/ecl_config:/opt/ros/humble LD_LIBRARY_PATH=/home/wellyowo/locobot_sim/locobot_ws/src/install/ecl_type_traits/lib:${LD_LIBRARY_PATH} PATH=/home/wellyowo/locobot_sim/locobot_ws/src/install/ecl_type_traits/bin:/home/wellyowo/locobot_sim/locobot_ws/src/install/ecl_config/bin:${PATH} /usr/bin/cmake /home/wellyowo/locobot_sim/locobot_ws/src/ThirdParty/ecl/ecl_core/ecl_math -DCMAKE_INSTALL_PREFIX=/home/wellyowo/locobot_sim/locobot_ws/src/install/ecl_math
[5.082s] Invoking command in '/home/wellyowo/locobot_sim/locobot_ws/src/build/ecl_math': AMENT_PREFIX_PATH=/home/wellyowo/locobot_sim/locobot_ws/src/install/ecl_type_traits:/home/wellyowo/locobot_sim/locobot_ws/src/install/ecl_mpl:/home/wellyowo/locobot_sim/locobot_ws/src/install/ecl_config:${AMENT_PREFIX_PATH} CMAKE_PREFIX_PATH=/home/wellyowo/locobot_sim/locobot_ws/src/install/ecl_type_traits:/home/wellyowo/locobot_sim/locobot_ws/src/install/ecl_mpl:/home/wellyowo/locobot_sim/locobot_ws/src/install/ecl_config:/opt/ros/humble LD_LIBRARY_PATH=/home/wellyowo/locobot_sim/locobot_ws/src/install/ecl_type_traits/lib:${LD_LIBRARY_PATH} PATH=/home/wellyowo/locobot_sim/locobot_ws/src/install/ecl_type_traits/bin:/home/wellyowo/locobot_sim/locobot_ws/src/install/ecl_config/bin:${PATH} /usr/bin/cmake --build /home/wellyowo/locobot_sim/locobot_ws/src/build/ecl_math -- -j16 -l16
[7.461s] [  8%] [32mBuilding CXX object gtest/CMakeFiles/gtest_main.dir/src/gtest_main.cc.o[0m
[7.461s] [ 16%] [32mBuilding CXX object gtest/CMakeFiles/gtest.dir/src/gtest-all.cc.o[0m
[7.461s] [ 25%] [32m[1mLinking CXX static library libgtest_main.a[0m
[7.461s] [ 25%] Built target gtest_main
[13.402s] [ 33%] [32m[1mLinking CXX static library libgtest.a[0m
[13.593s] [ 33%] Built target gtest
[13.668s] [ 41%] [32mBuilding CXX object src/test/CMakeFiles/ecl_test_constants.dir/constants.cpp.o[0m
[15.107s] [ 50%] [32m[1mLinking CXX executable ecl_test_constants[0m
[15.449s] [ 50%] Built target ecl_test_constants
[15.478s] [ 58%] [32mBuilding CXX object src/test/CMakeFiles/ecl_test_simple.dir/simple.cpp.o[0m
[15.932s] gmake[2]: *** [src/test/CMakeFiles/ecl_test_simple.dir/build.make:76: src/test/CMakeFiles/ecl_test_simple.dir/simple.cpp.o] Interrupt
[15.934s] gmake[1]: *** [CMakeFiles/Makefile2:321: src/test/CMakeFiles/ecl_test_simple.dir/all] Interrupt
[15.934s] gmake: *** [Makefile:146: all] Interrupt
