[35m[1mConsolidate compiler generated dependencies of target kobuki_random_walker[0m
[35m[1mConsolidate compiler generated dependencies of target kobuki_random_walker_node[0m
[ 50%] Built target kobuki_random_walker
[100%] Built target kobuki_random_walker_node
-- Install configuration: ""
-- Installing: /home/wellyowo/locobot_sim/locobot_ws/src/install/kobuki_random_walker/lib/kobuki_random_walker/kobuki_random_walker_node
-- Set runtime path of "/home/wellyowo/locobot_sim/locobot_ws/src/install/kobuki_random_walker/lib/kobuki_random_walker/kobuki_random_walker_node" to ""
-- Installing: /home/wellyowo/locobot_sim/locobot_ws/src/install/kobuki_random_walker/lib/libkobuki_random_walker.so
-- Set runtime path of "/home/wellyowo/locobot_sim/locobot_ws/src/install/kobuki_random_walker/lib/libkobuki_random_walker.so" to ""
-- Installing: /home/wellyowo/locobot_sim/locobot_ws/src/install/kobuki_random_walker/include/kobuki_random_walker
-- Installing: /home/wellyowo/locobot_sim/locobot_ws/src/install/kobuki_random_walker/include/kobuki_random_walker/random_walker.hpp
-- Installing: /home/wellyowo/locobot_sim/locobot_ws/src/install/kobuki_random_walker/share/kobuki_random_walker/launch
-- Installing: /home/wellyowo/locobot_sim/locobot_ws/src/install/kobuki_random_walker/share/kobuki_random_walker/launch/random_walker_app.launch
-- Installing: /home/wellyowo/locobot_sim/locobot_ws/src/install/kobuki_random_walker/share/kobuki_random_walker/launch/standalone.launch
-- Installing: /home/wellyowo/locobot_sim/locobot_ws/src/install/kobuki_random_walker/share/kobuki_random_walker/launch/safe_random_walker_app.launch
-- Installing: /home/wellyowo/locobot_sim/locobot_ws/src/install/kobuki_random_walker/share/ament_index/resource_index/package_run_dependencies/kobuki_random_walker
-- Installing: /home/wellyowo/locobot_sim/locobot_ws/src/install/kobuki_random_walker/share/ament_index/resource_index/parent_prefix_path/kobuki_random_walker
-- Installing: /home/wellyowo/locobot_sim/locobot_ws/src/install/kobuki_random_walker/share/kobuki_random_walker/environment/ament_prefix_path.sh
-- Installing: /home/wellyowo/locobot_sim/locobot_ws/src/install/kobuki_random_walker/share/kobuki_random_walker/environment/ament_prefix_path.dsv
-- Installing: /home/wellyowo/locobot_sim/locobot_ws/src/install/kobuki_random_walker/share/kobuki_random_walker/environment/path.sh
-- Installing: /home/wellyowo/locobot_sim/locobot_ws/src/install/kobuki_random_walker/share/kobuki_random_walker/environment/path.dsv
-- Installing: /home/wellyowo/locobot_sim/locobot_ws/src/install/kobuki_random_walker/share/kobuki_random_walker/local_setup.bash
-- Installing: /home/wellyowo/locobot_sim/locobot_ws/src/install/kobuki_random_walker/share/kobuki_random_walker/local_setup.sh
-- Installing: /home/wellyowo/locobot_sim/locobot_ws/src/install/kobuki_random_walker/share/kobuki_random_walker/local_setup.zsh
-- Installing: /home/wellyowo/locobot_sim/locobot_ws/src/install/kobuki_random_walker/share/kobuki_random_walker/local_setup.dsv
-- Installing: /home/wellyowo/locobot_sim/locobot_ws/src/install/kobuki_random_walker/share/kobuki_random_walker/package.dsv
-- Installing: /home/wellyowo/locobot_sim/locobot_ws/src/install/kobuki_random_walker/share/ament_index/resource_index/packages/kobuki_random_walker
-- Installing: /home/wellyowo/locobot_sim/locobot_ws/src/install/kobuki_random_walker/share/ament_index/resource_index/rclcpp_components/kobuki_random_walker
-- Installing: /home/wellyowo/locobot_sim/locobot_ws/src/install/kobuki_random_walker/share/kobuki_random_walker/cmake/kobuki_random_walkerConfig.cmake
-- Installing: /home/wellyowo/locobot_sim/locobot_ws/src/install/kobuki_random_walker/share/kobuki_random_walker/cmake/kobuki_random_walkerConfig-version.cmake
-- Installing: /home/wellyowo/locobot_sim/locobot_ws/src/install/kobuki_random_walker/share/kobuki_random_walker/package.xml
