[0.458s] Invoking command in '/home/wellyowo/locobot_sim/locobot_ws/build/interbotix_xs_modules': AMENT_PREFIX_PATH=/home/wellyowo/locobot_sim/locobot_ws/install/interbotix_xs_sdk:/home/wellyowo/locobot_sim/locobot_ws/install/interbotix_xs_driver:/home/wellyowo/locobot_sim/locobot_ws/install/interbotix_xs_msgs:/home/wellyowo/locobot_sim/locobot_ws/install/interbotix_common_modules:/home/wellyowo/locobot_sim/locobot_ws/install/dynamixel_workbench_toolbox:${AMENT_PREFIX_PATH} CMAKE_PREFIX_PATH=/home/wellyowo/locobot_sim/locobot_ws/install/interbotix_xs_sdk:/home/wellyowo/locobot_sim/locobot_ws/install/interbotix_xs_driver:/home/wellyowo/locobot_sim/locobot_ws/install/interbotix_xs_msgs:/home/wellyowo/locobot_sim/locobot_ws/install/dynamixel_workbench_toolbox LD_LIBRARY_PATH=/home/wellyowo/locobot_sim/locobot_ws/install/interbotix_xs_driver/lib:/home/wellyowo/locobot_sim/locobot_ws/install/interbotix_xs_msgs/lib:/home/wellyowo/locobot_sim/locobot_ws/install/dynamixel_workbench_toolbox/lib:${LD_LIBRARY_PATH} PYTHONPATH=/home/wellyowo/locobot_sim/locobot_ws/build/interbotix_xs_modules/prefix_override:/usr/lib/python3/dist-packages/colcon_core/task/python/colcon_distutils_commands:/home/wellyowo/locobot_sim/locobot_ws/install/interbotix_xs_modules/lib/python3.10/site-packages:/home/wellyowo/locobot_sim/locobot_ws/install/interbotix_xs_msgs/local/lib/python3.10/dist-packages:/home/wellyowo/locobot_sim/locobot_ws/build/interbotix_common_modules:/home/wellyowo/locobot_sim/locobot_ws/install/interbotix_common_modules/lib/python3.10/site-packages:${PYTHONPATH} /usr/bin/python3 -W ignore:setup.py install is deprecated -W ignore:easy_install command is deprecated setup.py develop --editable --build-directory /home/wellyowo/locobot_sim/locobot_ws/build/interbotix_xs_modules/build --no-deps symlink_data
[0.624s] running develop
[0.699s] running egg_info
[0.699s] creating interbotix_xs_modules.egg-info
[0.699s] writing interbotix_xs_modules.egg-info/PKG-INFO
[0.699s] writing dependency_links to interbotix_xs_modules.egg-info/dependency_links.txt
[0.699s] writing entry points to interbotix_xs_modules.egg-info/entry_points.txt
[0.699s] writing requirements to interbotix_xs_modules.egg-info/requires.txt
[0.700s] writing top-level names to interbotix_xs_modules.egg-info/top_level.txt
[0.700s] writing manifest file 'interbotix_xs_modules.egg-info/SOURCES.txt'
[0.701s] reading manifest file 'interbotix_xs_modules.egg-info/SOURCES.txt'
[0.702s] writing manifest file 'interbotix_xs_modules.egg-info/SOURCES.txt'
[0.703s] running build_ext
[0.703s] Creating /home/wellyowo/locobot_sim/locobot_ws/install/interbotix_xs_modules/lib/python3.10/site-packages/interbotix-xs-modules.egg-link (link to .)
[0.704s] 
[0.704s] Installed /home/wellyowo/locobot_sim/locobot_ws/build/interbotix_xs_modules
[0.704s] running symlink_data
[0.704s] creating /home/wellyowo/locobot_sim/locobot_ws/install/interbotix_xs_modules/share/ament_index
[0.704s] creating /home/wellyowo/locobot_sim/locobot_ws/install/interbotix_xs_modules/share/ament_index/resource_index
[0.704s] creating /home/wellyowo/locobot_sim/locobot_ws/install/interbotix_xs_modules/share/ament_index/resource_index/packages
[0.704s] symbolically linking /home/wellyowo/locobot_sim/locobot_ws/build/interbotix_xs_modules/resource/interbotix_xs_modules -> /home/wellyowo/locobot_sim/locobot_ws/install/interbotix_xs_modules/share/ament_index/resource_index/packages
[0.704s] symbolically linking /home/wellyowo/locobot_sim/locobot_ws/build/interbotix_xs_modules/package.xml -> /home/wellyowo/locobot_sim/locobot_ws/install/interbotix_xs_modules/share/interbotix_xs_modules
[0.731s] Invoked command in '/home/wellyowo/locobot_sim/locobot_ws/build/interbotix_xs_modules' returned '0': AMENT_PREFIX_PATH=/home/wellyowo/locobot_sim/locobot_ws/install/interbotix_xs_sdk:/home/wellyowo/locobot_sim/locobot_ws/install/interbotix_xs_driver:/home/wellyowo/locobot_sim/locobot_ws/install/interbotix_xs_msgs:/home/wellyowo/locobot_sim/locobot_ws/install/interbotix_common_modules:/home/wellyowo/locobot_sim/locobot_ws/install/dynamixel_workbench_toolbox:${AMENT_PREFIX_PATH} CMAKE_PREFIX_PATH=/home/wellyowo/locobot_sim/locobot_ws/install/interbotix_xs_sdk:/home/wellyowo/locobot_sim/locobot_ws/install/interbotix_xs_driver:/home/wellyowo/locobot_sim/locobot_ws/install/interbotix_xs_msgs:/home/wellyowo/locobot_sim/locobot_ws/install/dynamixel_workbench_toolbox LD_LIBRARY_PATH=/home/wellyowo/locobot_sim/locobot_ws/install/interbotix_xs_driver/lib:/home/wellyowo/locobot_sim/locobot_ws/install/interbotix_xs_msgs/lib:/home/wellyowo/locobot_sim/locobot_ws/install/dynamixel_workbench_toolbox/lib:${LD_LIBRARY_PATH} PYTHONPATH=/home/wellyowo/locobot_sim/locobot_ws/build/interbotix_xs_modules/prefix_override:/usr/lib/python3/dist-packages/colcon_core/task/python/colcon_distutils_commands:/home/wellyowo/locobot_sim/locobot_ws/install/interbotix_xs_modules/lib/python3.10/site-packages:/home/wellyowo/locobot_sim/locobot_ws/install/interbotix_xs_msgs/local/lib/python3.10/dist-packages:/home/wellyowo/locobot_sim/locobot_ws/build/interbotix_common_modules:/home/wellyowo/locobot_sim/locobot_ws/install/interbotix_common_modules/lib/python3.10/site-packages:${PYTHONPATH} /usr/bin/python3 -W ignore:setup.py install is deprecated -W ignore:easy_install command is deprecated setup.py develop --editable --build-directory /home/wellyowo/locobot_sim/locobot_ws/build/interbotix_xs_modules/build --no-deps symlink_data
