[0.191s] Invoking command in '/home/wellyowo/locobot_sim/locobot_ws/src/build/kobuki_random_walker': CMAKE_PREFIX_PATH=/opt/ros/humble /usr/bin/cmake /home/wellyowo/locobot_sim/locobot_ws/src/ThirdParty/kobuki_ros/kobuki_random_walker -DCMAKE_INSTALL_PREFIX=/home/wellyowo/locobot_sim/locobot_ws/src/install/kobuki_random_walker
[1.905s] -- The C compiler identification is GNU 11.4.0
[1.905s] -- The CXX compiler identification is GNU 11.4.0
[1.905s] -- Detecting C compiler ABI info
[1.905s] -- Detecting C compiler ABI info - done
[1.905s] -- Check for working C compiler: /usr/bin/cc - skipped
[1.906s] -- Detecting C compile features
[1.906s] -- Detecting C compile features - done
[1.906s] -- Detecting CXX compiler ABI info
[1.906s] -- Detecting CXX compiler ABI info - done
[1.906s] -- Check for working CXX compiler: /usr/bin/c++ - skipped
[1.906s] -- Detecting CXX compile features
[1.906s] -- Detecting CXX compile features - done
[1.906s] -- Found ament_cmake_ros: 0.10.0 (/opt/ros/humble/share/ament_cmake_ros/cmake)
[1.906s] -- Found Python3: /usr/bin/python3 (found version "3.10.12") found components: Interpreter 
[1.969s] -- Found geometry_msgs: 4.9.0 (/opt/ros/humble/share/geometry_msgs/cmake)
[2.199s] -- Found rosidl_generator_c: 3.1.6 (/opt/ros/humble/share/rosidl_generator_c/cmake)
[2.232s] -- Found rosidl_adapter: 3.1.6 (/opt/ros/humble/share/rosidl_adapter/cmake)
[2.266s] -- Found rosidl_generator_cpp: 3.1.6 (/opt/ros/humble/share/rosidl_generator_cpp/cmake)
[2.336s] -- Using all available rosidl_typesupport_c: rosidl_typesupport_fastrtps_c;rosidl_typesupport_introspection_c
[2.408s] -- Using all available rosidl_typesupport_cpp: rosidl_typesupport_fastrtps_cpp;rosidl_typesupport_introspection_cpp
[2.576s] -- Found kobuki_ros_interfaces: 1.0.0 (/opt/ros/humble/share/kobuki_ros_interfaces/cmake)
[2.740s] -- Found rclcpp: 16.0.12 (/opt/ros/humble/share/rclcpp/cmake)
[2.941s] -- Found rmw_implementation_cmake: 6.1.2 (/opt/ros/humble/share/rmw_implementation_cmake/cmake)
[2.961s] -- Found rmw_fastrtps_cpp: 6.2.7 (/opt/ros/humble/share/rmw_fastrtps_cpp/cmake)
[3.264s] -- Found OpenSSL: /usr/lib/x86_64-linux-gnu/libcrypto.so (found version "3.0.2")  
[3.393s] -- Found FastRTPS: /opt/ros/humble/include  
[3.510s] -- Using RMW implementation 'rmw_fastrtps_cpp' as default
[3.535s] -- Looking for pthread.h
[3.765s] -- Looking for pthread.h - found
[3.765s] -- Performing Test CMAKE_HAVE_LIBC_PTHREAD
[3.990s] -- Performing Test CMAKE_HAVE_LIBC_PTHREAD - Success
[3.996s] -- Found Threads: TRUE  
[4.141s] -- Found rclcpp_components: 16.0.12 (/opt/ros/humble/share/rclcpp_components/cmake)
[4.553s] -- Configuring done
[4.632s] -- Generating done
[4.653s] -- Build files have been written to: /home/wellyowo/locobot_sim/locobot_ws/src/build/kobuki_random_walker
[5.034s] Invoked command in '/home/wellyowo/locobot_sim/locobot_ws/src/build/kobuki_random_walker' returned '0': CMAKE_PREFIX_PATH=/opt/ros/humble /usr/bin/cmake /home/wellyowo/locobot_sim/locobot_ws/src/ThirdParty/kobuki_ros/kobuki_random_walker -DCMAKE_INSTALL_PREFIX=/home/wellyowo/locobot_sim/locobot_ws/src/install/kobuki_random_walker
[5.034s] Invoking command in '/home/wellyowo/locobot_sim/locobot_ws/src/build/kobuki_random_walker': CMAKE_PREFIX_PATH=/opt/ros/humble /usr/bin/cmake --build /home/wellyowo/locobot_sim/locobot_ws/src/build/kobuki_random_walker -- -j16 -l16
[8.157s] [ 50%] [32mBuilding CXX object CMakeFiles/kobuki_random_walker_node.dir/rclcpp_components/node_main_kobuki_random_walker_node.cpp.o[0m
[8.157s] [ 50%] [32mBuilding CXX object CMakeFiles/kobuki_random_walker.dir/src/random_walker.cpp.o[0m
[24.302s] [ 75%] [32m[1mLinking CXX executable kobuki_random_walker_node[0m
[25.315s] [ 75%] Built target kobuki_random_walker_node
[104.577s] [100%] [32m[1mLinking CXX shared library libkobuki_random_walker.so[0m
[106.763s] [100%] Built target kobuki_random_walker
