[0.518s] Invoking command in '/home/wellyowo/locobot_sim/locobot_ws/build/interbotix_xs_modules': AMENT_PREFIX_PATH=/home/wellyowo/locobot_sim/locobot_ws/install/interbotix_xs_sdk:/home/wellyowo/locobot_sim/locobot_ws/install/interbotix_xs_driver:/home/wellyowo/locobot_sim/locobot_ws/install/interbotix_xs_msgs:/home/wellyowo/locobot_sim/locobot_ws/install/interbotix_common_modules:/home/wellyowo/locobot_sim/locobot_ws/install/dynamixel_workbench_toolbox:${AMENT_PREFIX_PATH} CMAKE_PREFIX_PATH=/home/wellyowo/locobot_sim/locobot_ws/install/interbotix_xs_sdk:/home/wellyowo/locobot_sim/locobot_ws/install/interbotix_xs_driver:/home/wellyowo/locobot_sim/locobot_ws/install/interbotix_xs_msgs:/home/wellyowo/locobot_sim/locobot_ws/install/dynamixel_workbench_toolbox LD_LIBRARY_PATH=/home/wellyowo/locobot_sim/locobot_ws/install/interbotix_xs_driver/lib:/home/wellyowo/locobot_sim/locobot_ws/install/interbotix_xs_msgs/lib:/home/wellyowo/locobot_sim/locobot_ws/install/dynamixel_workbench_toolbox/lib:/opt/ros/humble/opt/rviz_ogre_vendor/lib:/opt/ros/humble/lib/x86_64-linux-gnu:/opt/ros/humble/lib:/usr/local/nvidia/lib:/usr/local/nvidia/lib64:/usr/lib/x86_64-linux-gnu/gazebo-11/plugins PYTHONPATH=/home/wellyowo/locobot_sim/locobot_ws/build/interbotix_xs_modules/prefix_override:/usr/lib/python3/dist-packages/colcon_core/task/python/colcon_distutils_commands:/home/wellyowo/locobot_sim/locobot_ws/install/interbotix_xs_modules/lib/python3.10/site-packages:/home/wellyowo/locobot_sim/locobot_ws/install/interbotix_xs_msgs/local/lib/python3.10/dist-packages:/home/wellyowo/locobot_sim/locobot_ws/build/interbotix_common_modules:/home/wellyowo/locobot_sim/locobot_ws/install/interbotix_common_modules/lib/python3.10/site-packages:${PYTHONPATH} /usr/bin/python3 -W ignore:setup.py install is deprecated -W ignore:easy_install command is deprecated setup.py develop --editable --build-directory /home/wellyowo/locobot_sim/locobot_ws/build/interbotix_xs_modules/build --no-deps symlink_data
[0.722s] running develop
[0.829s] running egg_info
[0.829s] creating interbotix_xs_modules.egg-info
[0.829s] writing interbotix_xs_modules.egg-info/PKG-INFO
[0.829s] writing dependency_links to interbotix_xs_modules.egg-info/dependency_links.txt
[0.829s] writing entry points to interbotix_xs_modules.egg-info/entry_points.txt
[0.829s] writing requirements to interbotix_xs_modules.egg-info/requires.txt
[0.829s] writing top-level names to interbotix_xs_modules.egg-info/top_level.txt
[0.829s] writing manifest file 'interbotix_xs_modules.egg-info/SOURCES.txt'
[0.831s] reading manifest file 'interbotix_xs_modules.egg-info/SOURCES.txt'
[0.832s] writing manifest file 'interbotix_xs_modules.egg-info/SOURCES.txt'
[0.833s] running build_ext
[0.833s] Creating /home/wellyowo/locobot_sim/locobot_ws/install/interbotix_xs_modules/lib/python3.10/site-packages/interbotix-xs-modules.egg-link (link to .)
[0.834s] 
[0.834s] Installed /home/wellyowo/locobot_sim/locobot_ws/build/interbotix_xs_modules
[0.834s] running symlink_data
[0.834s] creating /home/wellyowo/locobot_sim/locobot_ws/install/interbotix_xs_modules/share/ament_index
[0.834s] creating /home/wellyowo/locobot_sim/locobot_ws/install/interbotix_xs_modules/share/ament_index/resource_index
[0.834s] creating /home/wellyowo/locobot_sim/locobot_ws/install/interbotix_xs_modules/share/ament_index/resource_index/packages
[0.834s] symbolically linking /home/wellyowo/locobot_sim/locobot_ws/build/interbotix_xs_modules/resource/interbotix_xs_modules -> /home/wellyowo/locobot_sim/locobot_ws/install/interbotix_xs_modules/share/ament_index/resource_index/packages
[0.834s] symbolically linking /home/wellyowo/locobot_sim/locobot_ws/build/interbotix_xs_modules/package.xml -> /home/wellyowo/locobot_sim/locobot_ws/install/interbotix_xs_modules/share/interbotix_xs_modules
[0.862s] Invoked command in '/home/wellyowo/locobot_sim/locobot_ws/build/interbotix_xs_modules' returned '0': AMENT_PREFIX_PATH=/home/wellyowo/locobot_sim/locobot_ws/install/interbotix_xs_sdk:/home/wellyowo/locobot_sim/locobot_ws/install/interbotix_xs_driver:/home/wellyowo/locobot_sim/locobot_ws/install/interbotix_xs_msgs:/home/wellyowo/locobot_sim/locobot_ws/install/interbotix_common_modules:/home/wellyowo/locobot_sim/locobot_ws/install/dynamixel_workbench_toolbox:${AMENT_PREFIX_PATH} CMAKE_PREFIX_PATH=/home/wellyowo/locobot_sim/locobot_ws/install/interbotix_xs_sdk:/home/wellyowo/locobot_sim/locobot_ws/install/interbotix_xs_driver:/home/wellyowo/locobot_sim/locobot_ws/install/interbotix_xs_msgs:/home/wellyowo/locobot_sim/locobot_ws/install/dynamixel_workbench_toolbox LD_LIBRARY_PATH=/home/wellyowo/locobot_sim/locobot_ws/install/interbotix_xs_driver/lib:/home/wellyowo/locobot_sim/locobot_ws/install/interbotix_xs_msgs/lib:/home/wellyowo/locobot_sim/locobot_ws/install/dynamixel_workbench_toolbox/lib:/opt/ros/humble/opt/rviz_ogre_vendor/lib:/opt/ros/humble/lib/x86_64-linux-gnu:/opt/ros/humble/lib:/usr/local/nvidia/lib:/usr/local/nvidia/lib64:/usr/lib/x86_64-linux-gnu/gazebo-11/plugins PYTHONPATH=/home/wellyowo/locobot_sim/locobot_ws/build/interbotix_xs_modules/prefix_override:/usr/lib/python3/dist-packages/colcon_core/task/python/colcon_distutils_commands:/home/wellyowo/locobot_sim/locobot_ws/install/interbotix_xs_modules/lib/python3.10/site-packages:/home/wellyowo/locobot_sim/locobot_ws/install/interbotix_xs_msgs/local/lib/python3.10/dist-packages:/home/wellyowo/locobot_sim/locobot_ws/build/interbotix_common_modules:/home/wellyowo/locobot_sim/locobot_ws/install/interbotix_common_modules/lib/python3.10/site-packages:${PYTHONPATH} /usr/bin/python3 -W ignore:setup.py install is deprecated -W ignore:easy_install command is deprecated setup.py develop --editable --build-directory /home/wellyowo/locobot_sim/locobot_ws/build/interbotix_xs_modules/build --no-deps symlink_data
