[0.010s] Invoking command in '/home/wellyowo/locobot_sim/locobot_ws/build/aws_robomaker_bookstore_world': AMENT_PREFIX_PATH=/home/wellyowo/locobot_sim/locobot_ws/install/gazebo_plugins:${AMENT_PREFIX_PATH} CMAKE_PREFIX_PATH=/home/wellyowo/locobot_sim/locobot_ws/install/gazebo_plugins:/opt/ros/humble LD_LIBRARY_PATH=/usr/lib/x86_64-linux-gnu/gazebo-11/plugins:/home/wellyowo/locobot_sim/locobot_ws/install/gazebo_plugins/lib:${LD_LIBRARY_PATH} /usr/bin/cmake /home/wellyowo/locobot_sim/locobot_ws/src/ThirdParty/aws-robomaker-bookstore-world -DBUILD_TESTING=OFF -DCMAKE_PREFIX_PATH= -DAMENT_CMAKE_SYMLINK_INSTALL=1 -DCMAKE_INSTALL_PREFIX=/home/wellyowo/locobot_sim/locobot_ws/install/aws_robomaker_bookstore_world
[0.054s] -- The C compiler identification is GNU 11.4.0
[0.098s] -- The CXX compiler identification is GNU 11.4.0
[0.103s] -- Detecting C compiler ABI info
[0.159s] -- Detecting C compiler ABI info - done
[0.169s] -- Check for working C compiler: /usr/bin/cc - skipped
[0.169s] -- Detecting C compile features
[0.170s] -- Detecting C compile features - done
[0.173s] -- Detecting CXX compiler ABI info
[0.235s] -- Detecting CXX compiler ABI info - done
[0.241s] -- Check for working CXX compiler: /usr/bin/c++ - skipped
[0.241s] -- Detecting CXX compile features
[0.241s] -- Detecting CXX compile features - done
[0.244s] -- Found ament_cmake: 1.3.11 (/opt/ros/humble/share/ament_cmake/cmake)
[0.344s] -- Found Python3: /usr/bin/python3 (found version "3.10.12") found components: Interpreter 
[0.397s] -- Override CMake install command with custom implementation using symlinks instead of copying resources
[0.424s] -- Found gazebo_ros: 3.9.0 (/opt/ros/humble/share/gazebo_ros/cmake)
[0.462s] -- Found rosidl_generator_c: 3.1.6 (/opt/ros/humble/share/rosidl_generator_c/cmake)
[0.466s] -- Found rosidl_adapter: 3.1.6 (/opt/ros/humble/share/rosidl_adapter/cmake)
[0.473s] -- Found rosidl_generator_cpp: 3.1.6 (/opt/ros/humble/share/rosidl_generator_cpp/cmake)
[0.482s] -- Using all available rosidl_typesupport_c: rosidl_typesupport_fastrtps_c;rosidl_typesupport_introspection_c
[0.495s] -- Using all available rosidl_typesupport_cpp: rosidl_typesupport_fastrtps_cpp;rosidl_typesupport_introspection_cpp
[0.534s] -- Found rmw_implementation_cmake: 6.1.2 (/opt/ros/humble/share/rmw_implementation_cmake/cmake)
[0.537s] -- Found rmw_fastrtps_cpp: 6.2.7 (/opt/ros/humble/share/rmw_fastrtps_cpp/cmake)
[0.600s] -- Found OpenSSL: /usr/lib/x86_64-linux-gnu/libcrypto.so (found version "3.0.2")  
[0.625s] -- Found FastRTPS: /opt/ros/humble/include  
[0.661s] -- Using RMW implementation 'rmw_fastrtps_cpp' as default
[0.667s] -- Looking for pthread.h
[0.716s] -- Looking for pthread.h - found
[0.717s] -- Performing Test CMAKE_HAVE_LIBC_PTHREAD
[0.771s] -- Performing Test CMAKE_HAVE_LIBC_PTHREAD - Success
[0.772s] -- Found Threads: TRUE  
[0.816s] -- Found PkgConfig: /usr/bin/pkg-config (found version "0.29.2") 
[0.817s] -- Checking for module 'bullet>=2.82'
[0.828s] --   Found bullet, version 3.05
[0.919s] -- Found fcl: /usr/include (found suitable version "0.7.0", minimum required is "0.5.0") 
[0.953s] -- Found assimp: /usr/include (found version "5.2.0") 
[0.968s] -- Found DART: /usr/include (Required is at least version "6.6") found components: dart 
[0.991s] -- Found Boost: /usr/lib/x86_64-linux-gnu/cmake/Boost-1.74.0/BoostConfig.cmake (found suitable version "1.74.0", minimum required is "1.40.0") found components: thread system filesystem program_options regex iostreams date_time 
[1.001s] -- Found Protobuf: /usr/lib/x86_64-linux-gnu/libprotobuf.so (found version "3.12.4") 
[1.007s] -- Looking for ignition-math6 -- found version 6.15.1
[1.012s] -- Searching for dependencies of ignition-math6
[1.014s] -- Looking for OGRE...
[1.014s] -- OGRE_PREFIX_WATCH changed.
[1.018s] -- Checking for module 'OGRE'
[1.028s] --   Found OGRE, version 1.9.0
[1.051s] -- Found Ogre Ghadamon (1.9.0)
[1.055s] -- Found OGRE: optimized;/usr/lib/x86_64-linux-gnu/libOgreMain.so;debug;/usr/lib/x86_64-linux-gnu/libOgreMain.so
[1.062s] -- Looking for OGRE_Paging...
[1.065s] -- Found OGRE_Paging: optimized;/usr/lib/x86_64-linux-gnu/libOgrePaging.so;debug;/usr/lib/x86_64-linux-gnu/libOgrePaging.so
[1.065s] -- Looking for OGRE_Terrain...
[1.068s] -- Found OGRE_Terrain: optimized;/usr/lib/x86_64-linux-gnu/libOgreTerrain.so;debug;/usr/lib/x86_64-linux-gnu/libOgreTerrain.so
[1.068s] -- Looking for OGRE_Property...
[1.070s] -- Found OGRE_Property: optimized;/usr/lib/x86_64-linux-gnu/libOgreProperty.so;debug;/usr/lib/x86_64-linux-gnu/libOgreProperty.so
[1.070s] -- Looking for OGRE_RTShaderSystem...
[1.073s] -- Found OGRE_RTShaderSystem: optimized;/usr/lib/x86_64-linux-gnu/libOgreRTShaderSystem.so;debug;/usr/lib/x86_64-linux-gnu/libOgreRTShaderSystem.so
[1.073s] -- Looking for OGRE_Volume...
[1.075s] -- Found OGRE_Volume: optimized;/usr/lib/x86_64-linux-gnu/libOgreVolume.so;debug;/usr/lib/x86_64-linux-gnu/libOgreVolume.so
[1.075s] -- Looking for OGRE_Overlay...
[1.078s] -- Found OGRE_Overlay: optimized;/usr/lib/x86_64-linux-gnu/libOgreOverlay.so;debug;/usr/lib/x86_64-linux-gnu/libOgreOverlay.so
[1.137s] -- Looking for ignition-math6 -- found version 6.15.1
[1.139s] -- Looking for ignition-transport8 -- found version 8.2.1
[1.139s] -- Searching for dependencies of ignition-transport8
[1.154s] -- Found Protobuf: /usr/lib/x86_64-linux-gnu/libprotobuf.so (found suitable version "3.12.4", minimum required is "3") 
[1.164s] -- Config-file not installed for ZeroMQ -- checking for pkg-config
[1.168s] -- Checking for module 'libzmq >= 4'
[1.177s] --   Found libzmq , version 4.3.4
[1.200s] -- Found ZeroMQ: TRUE (Required is at least version "4") 
[1.204s] -- Checking for module 'uuid'
[1.212s] --   Found uuid, version 2.37.2
[1.234s] -- Found UUID: TRUE  
[1.236s] -- Looking for ignition-msgs5 -- found version 5.8.1
[1.236s] -- Searching for dependencies of ignition-msgs5
[1.252s] -- Looking for ignition-math6 -- found version 6.15.1
[1.256s] -- Checking for module 'tinyxml2'
[1.265s] --   Found tinyxml2, version 9.0.0
[1.289s] -- Looking for ignition-msgs5 -- found version 5.8.1
[1.291s] -- Looking for ignition-common3 -- found version 3.14.0
[1.291s] -- Searching for dependencies of ignition-common3
[1.291s] -- Looking for dlfcn.h - found
[1.292s] -- Looking for libdl - found
[1.293s] -- Found DL: TRUE  
[1.302s] -- Found tinyobjloader: /usr/lib/x86_64-linux-gnu/cmake/tinyobjloader/tinyobjloader-config.cmake (found version "2.0.0") 
[1.302s] -- Searching for <ignition-common3> component [graphics]
[1.304s] -- Looking for ignition-common3-graphics -- found version 3.14.0
[1.305s] -- Searching for dependencies of ignition-common3-graphics
[1.305s] -- Looking for ignition-math6 -- found version 6.15.1
[1.307s] -- Looking for ignition-fuel_tools4 -- found version 4.4.0
[1.308s] -- Searching for dependencies of ignition-fuel_tools4
[1.368s] -- Found CURL: /usr/lib/x86_64-linux-gnu/libcurl.so (found version "7.81.0")  
[1.376s] -- Checking for module 'jsoncpp'
[1.385s] --   Found jsoncpp, version 1.9.5
[1.409s] -- Found JSONCPP: TRUE  
[1.414s] -- Checking for module 'libzip'
[1.424s] --   Found libzip, version 1.7.3
[1.447s] -- Found ZIP: TRUE  
[1.448s] -- Looking for ignition-common3 -- found version 3.14.0
[1.448s] -- Looking for ignition-math6 -- found version 6.15.1
[1.448s] -- Looking for ignition-msgs5 -- found version 5.8.1
[1.451s] -- Gazebo version: 11.10
[1.451s] -- Checking for module 'tbb'
[1.460s] --   Found tbb, version 2021.5.0
[1.535s] -- Configuring done
[1.539s] -- Generating done
[1.542s] -- Build files have been written to: /home/wellyowo/locobot_sim/locobot_ws/build/aws_robomaker_bookstore_world
[1.554s] Invoked command in '/home/wellyowo/locobot_sim/locobot_ws/build/aws_robomaker_bookstore_world' returned '0': AMENT_PREFIX_PATH=/home/wellyowo/locobot_sim/locobot_ws/install/gazebo_plugins:${AMENT_PREFIX_PATH} CMAKE_PREFIX_PATH=/home/wellyowo/locobot_sim/locobot_ws/install/gazebo_plugins:/opt/ros/humble LD_LIBRARY_PATH=/usr/lib/x86_64-linux-gnu/gazebo-11/plugins:/home/wellyowo/locobot_sim/locobot_ws/install/gazebo_plugins/lib:${LD_LIBRARY_PATH} /usr/bin/cmake /home/wellyowo/locobot_sim/locobot_ws/src/ThirdParty/aws-robomaker-bookstore-world -DBUILD_TESTING=OFF -DCMAKE_PREFIX_PATH= -DAMENT_CMAKE_SYMLINK_INSTALL=1 -DCMAKE_INSTALL_PREFIX=/home/wellyowo/locobot_sim/locobot_ws/install/aws_robomaker_bookstore_world
[1.555s] Invoking command in '/home/wellyowo/locobot_sim/locobot_ws/build/aws_robomaker_bookstore_world': AMENT_PREFIX_PATH=/home/wellyowo/locobot_sim/locobot_ws/install/gazebo_plugins:${AMENT_PREFIX_PATH} CMAKE_PREFIX_PATH=/home/wellyowo/locobot_sim/locobot_ws/install/gazebo_plugins:/opt/ros/humble LD_LIBRARY_PATH=/usr/lib/x86_64-linux-gnu/gazebo-11/plugins:/home/wellyowo/locobot_sim/locobot_ws/install/gazebo_plugins/lib:${LD_LIBRARY_PATH} /usr/bin/cmake --build /home/wellyowo/locobot_sim/locobot_ws/build/aws_robomaker_bookstore_world -- -j16 -l16
[1.589s] Invoked command in '/home/wellyowo/locobot_sim/locobot_ws/build/aws_robomaker_bookstore_world' returned '0': AMENT_PREFIX_PATH=/home/wellyowo/locobot_sim/locobot_ws/install/gazebo_plugins:${AMENT_PREFIX_PATH} CMAKE_PREFIX_PATH=/home/wellyowo/locobot_sim/locobot_ws/install/gazebo_plugins:/opt/ros/humble LD_LIBRARY_PATH=/usr/lib/x86_64-linux-gnu/gazebo-11/plugins:/home/wellyowo/locobot_sim/locobot_ws/install/gazebo_plugins/lib:${LD_LIBRARY_PATH} /usr/bin/cmake --build /home/wellyowo/locobot_sim/locobot_ws/build/aws_robomaker_bookstore_world -- -j16 -l16
[1.590s] Invoking command in '/home/wellyowo/locobot_sim/locobot_ws/build/aws_robomaker_bookstore_world': AMENT_PREFIX_PATH=/home/wellyowo/locobot_sim/locobot_ws/install/gazebo_plugins:${AMENT_PREFIX_PATH} CMAKE_PREFIX_PATH=/home/wellyowo/locobot_sim/locobot_ws/install/gazebo_plugins:/opt/ros/humble LD_LIBRARY_PATH=/usr/lib/x86_64-linux-gnu/gazebo-11/plugins:/home/wellyowo/locobot_sim/locobot_ws/install/gazebo_plugins/lib:${LD_LIBRARY_PATH} /usr/bin/cmake --install /home/wellyowo/locobot_sim/locobot_ws/build/aws_robomaker_bookstore_world
[1.596s] -- Install configuration: ""
[1.596s] -- Execute custom install script
[1.596s] -- Symlinking: /home/wellyowo/locobot_sim/locobot_ws/install/aws_robomaker_bookstore_world/share/aws_robomaker_bookstore_world/launch/bookstore.launch.py
[1.602s] -- Symlinking: /home/wellyowo/locobot_sim/locobot_ws/install/aws_robomaker_bookstore_world/share/aws_robomaker_bookstore_world/launch/view_bookstore.launch.py
[1.608s] -- Symlinking: /home/wellyowo/locobot_sim/locobot_ws/install/aws_robomaker_bookstore_world/share/aws_robomaker_bookstore_world/maps/turtlebot3_waffle_pi/map.pgm
[1.614s] -- Symlinking: /home/wellyowo/locobot_sim/locobot_ws/install/aws_robomaker_bookstore_world/share/aws_robomaker_bookstore_world/maps/turtlebot3_waffle_pi/map.yaml
[1.623s] -- Symlinking: /home/wellyowo/locobot_sim/locobot_ws/install/aws_robomaker_bookstore_world/share/aws_robomaker_bookstore_world/models/aws_robomaker_retail_AirConditionerC_01/materials/textures/aws_AirConditionerC_01.png
[1.630s] -- Symlinking: /home/wellyowo/locobot_sim/locobot_ws/install/aws_robomaker_bookstore_world/share/aws_robomaker_bookstore_world/models/aws_robomaker_retail_AirConditionerC_01/meshes/aws_AirConditionerC_01_collision.DAE
[1.638s] -- Symlinking: /home/wellyowo/locobot_sim/locobot_ws/install/aws_robomaker_bookstore_world/share/aws_robomaker_bookstore_world/models/aws_robomaker_retail_AirConditionerC_01/meshes/aws_AirConditionerC_01_visual.DAE
[1.643s] -- Symlinking: /home/wellyowo/locobot_sim/locobot_ws/install/aws_robomaker_bookstore_world/share/aws_robomaker_bookstore_world/models/aws_robomaker_retail_AirConditionerC_01/model.config
[1.650s] -- Symlinking: /home/wellyowo/locobot_sim/locobot_ws/install/aws_robomaker_bookstore_world/share/aws_robomaker_bookstore_world/models/aws_robomaker_retail_AirConditionerC_01/model.sdf
[1.655s] -- Symlinking: /home/wellyowo/locobot_sim/locobot_ws/install/aws_robomaker_bookstore_world/share/aws_robomaker_bookstore_world/models/aws_robomaker_retail_Bicycle_01/materials/textures/aws_Bicycle_01.png
[1.661s] -- Symlinking: /home/wellyowo/locobot_sim/locobot_ws/install/aws_robomaker_bookstore_world/share/aws_robomaker_bookstore_world/models/aws_robomaker_retail_Bicycle_01/meshes/aws_Bicycle_01_collision.DAE
[1.667s] -- Symlinking: /home/wellyowo/locobot_sim/locobot_ws/install/aws_robomaker_bookstore_world/share/aws_robomaker_bookstore_world/models/aws_robomaker_retail_Bicycle_01/meshes/aws_Bicycle_01_visual.DAE
[1.674s] -- Symlinking: /home/wellyowo/locobot_sim/locobot_ws/install/aws_robomaker_bookstore_world/share/aws_robomaker_bookstore_world/models/aws_robomaker_retail_Bicycle_01/model.config
[1.680s] -- Symlinking: /home/wellyowo/locobot_sim/locobot_ws/install/aws_robomaker_bookstore_world/share/aws_robomaker_bookstore_world/models/aws_robomaker_retail_Bicycle_01/model.sdf
[1.686s] -- Symlinking: /home/wellyowo/locobot_sim/locobot_ws/install/aws_robomaker_bookstore_world/share/aws_robomaker_bookstore_world/models/aws_robomaker_retail_BookA_01/materials/textures/aws_BookA_01.png
[1.693s] -- Symlinking: /home/wellyowo/locobot_sim/locobot_ws/install/aws_robomaker_bookstore_world/share/aws_robomaker_bookstore_world/models/aws_robomaker_retail_BookA_01/meshes/aws_BookA_01_collision.DAE
[1.699s] -- Symlinking: /home/wellyowo/locobot_sim/locobot_ws/install/aws_robomaker_bookstore_world/share/aws_robomaker_bookstore_world/models/aws_robomaker_retail_BookA_01/meshes/aws_BookA_01_visual.DAE
[1.705s] -- Symlinking: /home/wellyowo/locobot_sim/locobot_ws/install/aws_robomaker_bookstore_world/share/aws_robomaker_bookstore_world/models/aws_robomaker_retail_BookA_01/model.config
[1.712s] -- Symlinking: /home/wellyowo/locobot_sim/locobot_ws/install/aws_robomaker_bookstore_world/share/aws_robomaker_bookstore_world/models/aws_robomaker_retail_BookA_01/model.sdf
[1.718s] -- Symlinking: /home/wellyowo/locobot_sim/locobot_ws/install/aws_robomaker_bookstore_world/share/aws_robomaker_bookstore_world/models/aws_robomaker_retail_BookB_01/materials/textures/aws_BookB_01.png
[1.723s] -- Symlinking: /home/wellyowo/locobot_sim/locobot_ws/install/aws_robomaker_bookstore_world/share/aws_robomaker_bookstore_world/models/aws_robomaker_retail_BookB_01/materials/textures/aws_BookB_02.png
[1.729s] -- Symlinking: /home/wellyowo/locobot_sim/locobot_ws/install/aws_robomaker_bookstore_world/share/aws_robomaker_bookstore_world/models/aws_robomaker_retail_BookB_01/meshes/aws_BookB_01_collision.DAE
[1.735s] -- Symlinking: /home/wellyowo/locobot_sim/locobot_ws/install/aws_robomaker_bookstore_world/share/aws_robomaker_bookstore_world/models/aws_robomaker_retail_BookB_01/meshes/aws_BookB_01_visual.DAE
[1.741s] -- Symlinking: /home/wellyowo/locobot_sim/locobot_ws/install/aws_robomaker_bookstore_world/share/aws_robomaker_bookstore_world/models/aws_robomaker_retail_BookB_01/model.config
[1.748s] -- Symlinking: /home/wellyowo/locobot_sim/locobot_ws/install/aws_robomaker_bookstore_world/share/aws_robomaker_bookstore_world/models/aws_robomaker_retail_BookB_01/model.sdf
[1.757s] -- Symlinking: /home/wellyowo/locobot_sim/locobot_ws/install/aws_robomaker_bookstore_world/share/aws_robomaker_bookstore_world/models/aws_robomaker_retail_BookC_01/materials/textures/aws_BookC_01.png
[1.764s] -- Symlinking: /home/wellyowo/locobot_sim/locobot_ws/install/aws_robomaker_bookstore_world/share/aws_robomaker_bookstore_world/models/aws_robomaker_retail_BookC_01/meshes/aws_BookC_01_collision.DAE
[1.770s] -- Symlinking: /home/wellyowo/locobot_sim/locobot_ws/install/aws_robomaker_bookstore_world/share/aws_robomaker_bookstore_world/models/aws_robomaker_retail_BookC_01/meshes/aws_BookC_01_visual.DAE
[1.776s] -- Symlinking: /home/wellyowo/locobot_sim/locobot_ws/install/aws_robomaker_bookstore_world/share/aws_robomaker_bookstore_world/models/aws_robomaker_retail_BookC_01/model.config
[1.782s] -- Symlinking: /home/wellyowo/locobot_sim/locobot_ws/install/aws_robomaker_bookstore_world/share/aws_robomaker_bookstore_world/models/aws_robomaker_retail_BookC_01/model.sdf
[1.788s] -- Symlinking: /home/wellyowo/locobot_sim/locobot_ws/install/aws_robomaker_bookstore_world/share/aws_robomaker_bookstore_world/models/aws_robomaker_retail_BookD_01/materials/textures/aws_BookD_01.png
[1.794s] -- Symlinking: /home/wellyowo/locobot_sim/locobot_ws/install/aws_robomaker_bookstore_world/share/aws_robomaker_bookstore_world/models/aws_robomaker_retail_BookD_01/meshes/aws_BookD_01_collision.DAE
[1.800s] -- Symlinking: /home/wellyowo/locobot_sim/locobot_ws/install/aws_robomaker_bookstore_world/share/aws_robomaker_bookstore_world/models/aws_robomaker_retail_BookD_01/meshes/aws_BookD_01_visual.DAE
[1.807s] -- Symlinking: /home/wellyowo/locobot_sim/locobot_ws/install/aws_robomaker_bookstore_world/share/aws_robomaker_bookstore_world/models/aws_robomaker_retail_BookD_01/model.config
[1.813s] -- Symlinking: /home/wellyowo/locobot_sim/locobot_ws/install/aws_robomaker_bookstore_world/share/aws_robomaker_bookstore_world/models/aws_robomaker_retail_BookD_01/model.sdf
[1.819s] -- Symlinking: /home/wellyowo/locobot_sim/locobot_ws/install/aws_robomaker_bookstore_world/share/aws_robomaker_bookstore_world/models/aws_robomaker_retail_BookE_01/materials/textures/aws_BookE_01.png
[1.826s] -- Symlinking: /home/wellyowo/locobot_sim/locobot_ws/install/aws_robomaker_bookstore_world/share/aws_robomaker_bookstore_world/models/aws_robomaker_retail_BookE_01/materials/textures/aws_BookE_02.png
[1.833s] -- Symlinking: /home/wellyowo/locobot_sim/locobot_ws/install/aws_robomaker_bookstore_world/share/aws_robomaker_bookstore_world/models/aws_robomaker_retail_BookE_01/meshes/aws_BookE_01_collision.DAE
[1.839s] -- Symlinking: /home/wellyowo/locobot_sim/locobot_ws/install/aws_robomaker_bookstore_world/share/aws_robomaker_bookstore_world/models/aws_robomaker_retail_BookE_01/meshes/aws_BookE_01_visual.DAE
[1.846s] -- Symlinking: /home/wellyowo/locobot_sim/locobot_ws/install/aws_robomaker_bookstore_world/share/aws_robomaker_bookstore_world/models/aws_robomaker_retail_BookE_01/model.config
[1.852s] -- Symlinking: /home/wellyowo/locobot_sim/locobot_ws/install/aws_robomaker_bookstore_world/share/aws_robomaker_bookstore_world/models/aws_robomaker_retail_BookE_01/model.sdf
[1.859s] -- Symlinking: /home/wellyowo/locobot_sim/locobot_ws/install/aws_robomaker_bookstore_world/share/aws_robomaker_bookstore_world/models/aws_robomaker_retail_BookF_01/materials/textures/aws_BookF_01.png
[1.866s] -- Symlinking: /home/wellyowo/locobot_sim/locobot_ws/install/aws_robomaker_bookstore_world/share/aws_robomaker_bookstore_world/models/aws_robomaker_retail_BookF_01/meshes/aws_BookF_01_collision.DAE
[1.872s] -- Symlinking: /home/wellyowo/locobot_sim/locobot_ws/install/aws_robomaker_bookstore_world/share/aws_robomaker_bookstore_world/models/aws_robomaker_retail_BookF_01/meshes/aws_BookF_01_visual.DAE
[1.878s] -- Symlinking: /home/wellyowo/locobot_sim/locobot_ws/install/aws_robomaker_bookstore_world/share/aws_robomaker_bookstore_world/models/aws_robomaker_retail_BookF_01/model.config
[1.885s] -- Symlinking: /home/wellyowo/locobot_sim/locobot_ws/install/aws_robomaker_bookstore_world/share/aws_robomaker_bookstore_world/models/aws_robomaker_retail_BookF_01/model.sdf
[1.895s] -- Symlinking: /home/wellyowo/locobot_sim/locobot_ws/install/aws_robomaker_bookstore_world/share/aws_robomaker_bookstore_world/models/aws_robomaker_retail_BookshelfA_01/materials/textures/aws_BookshelfA_01.png
[1.902s] -- Symlinking: /home/wellyowo/locobot_sim/locobot_ws/install/aws_robomaker_bookstore_world/share/aws_robomaker_bookstore_world/models/aws_robomaker_retail_BookshelfA_01/materials/textures/aws_BookshelfA_02.png
[1.908s] -- Symlinking: /home/wellyowo/locobot_sim/locobot_ws/install/aws_robomaker_bookstore_world/share/aws_robomaker_bookstore_world/models/aws_robomaker_retail_BookshelfA_01/materials/textures/aws_BookshelfA_03.png
[1.915s] -- Symlinking: /home/wellyowo/locobot_sim/locobot_ws/install/aws_robomaker_bookstore_world/share/aws_robomaker_bookstore_world/models/aws_robomaker_retail_BookshelfA_01/meshes/aws_BookshelfA_01_collision.DAE
[1.921s] -- Symlinking: /home/wellyowo/locobot_sim/locobot_ws/install/aws_robomaker_bookstore_world/share/aws_robomaker_bookstore_world/models/aws_robomaker_retail_BookshelfA_01/meshes/aws_BookshelfA_01_visual.DAE
[1.927s] -- Symlinking: /home/wellyowo/locobot_sim/locobot_ws/install/aws_robomaker_bookstore_world/share/aws_robomaker_bookstore_world/models/aws_robomaker_retail_BookshelfA_01/model.config
[1.934s] -- Symlinking: /home/wellyowo/locobot_sim/locobot_ws/install/aws_robomaker_bookstore_world/share/aws_robomaker_bookstore_world/models/aws_robomaker_retail_BookshelfA_01/model.sdf
[1.940s] -- Symlinking: /home/wellyowo/locobot_sim/locobot_ws/install/aws_robomaker_bookstore_world/share/aws_robomaker_bookstore_world/models/aws_robomaker_retail_BookshelfB_01/materials/textures/aws_BookshelfB_01.png
[1.946s] -- Symlinking: /home/wellyowo/locobot_sim/locobot_ws/install/aws_robomaker_bookstore_world/share/aws_robomaker_bookstore_world/models/aws_robomaker_retail_BookshelfB_01/materials/textures/aws_BookshelfB_02.png
[1.953s] -- Symlinking: /home/wellyowo/locobot_sim/locobot_ws/install/aws_robomaker_bookstore_world/share/aws_robomaker_bookstore_world/models/aws_robomaker_retail_BookshelfB_01/meshes/aws_BookshelfB_01_collision.DAE
[1.959s] -- Symlinking: /home/wellyowo/locobot_sim/locobot_ws/install/aws_robomaker_bookstore_world/share/aws_robomaker_bookstore_world/models/aws_robomaker_retail_BookshelfB_01/meshes/aws_BookshelfB_01_visual.DAE
[1.966s] -- Symlinking: /home/wellyowo/locobot_sim/locobot_ws/install/aws_robomaker_bookstore_world/share/aws_robomaker_bookstore_world/models/aws_robomaker_retail_BookshelfB_01/model.config
[1.973s] -- Symlinking: /home/wellyowo/locobot_sim/locobot_ws/install/aws_robomaker_bookstore_world/share/aws_robomaker_bookstore_world/models/aws_robomaker_retail_BookshelfB_01/model.sdf
[1.980s] -- Symlinking: /home/wellyowo/locobot_sim/locobot_ws/install/aws_robomaker_bookstore_world/share/aws_robomaker_bookstore_world/models/aws_robomaker_retail_BookshelfC_01/materials/textures/aws_BookshelfC_01.png
[1.988s] -- Symlinking: /home/wellyowo/locobot_sim/locobot_ws/install/aws_robomaker_bookstore_world/share/aws_robomaker_bookstore_world/models/aws_robomaker_retail_BookshelfC_01/meshes/aws_BookshelfC_01_collision.DAE
[1.994s] -- Symlinking: /home/wellyowo/locobot_sim/locobot_ws/install/aws_robomaker_bookstore_world/share/aws_robomaker_bookstore_world/models/aws_robomaker_retail_BookshelfC_01/meshes/aws_BookshelfC_01_visual.DAE
[2.001s] -- Symlinking: /home/wellyowo/locobot_sim/locobot_ws/install/aws_robomaker_bookstore_world/share/aws_robomaker_bookstore_world/models/aws_robomaker_retail_BookshelfC_01/model.config
[2.008s] -- Symlinking: /home/wellyowo/locobot_sim/locobot_ws/install/aws_robomaker_bookstore_world/share/aws_robomaker_bookstore_world/models/aws_robomaker_retail_BookshelfC_01/model.sdf
[2.015s] -- Symlinking: /home/wellyowo/locobot_sim/locobot_ws/install/aws_robomaker_bookstore_world/share/aws_robomaker_bookstore_world/models/aws_robomaker_retail_BookstoreLogo_01/materials/textures/aws_BookstoreLogo_01.png
[2.021s] -- Symlinking: /home/wellyowo/locobot_sim/locobot_ws/install/aws_robomaker_bookstore_world/share/aws_robomaker_bookstore_world/models/aws_robomaker_retail_BookstoreLogo_01/meshes/aws_BookstoreLogo_01_collision.DAE
[2.028s] -- Symlinking: /home/wellyowo/locobot_sim/locobot_ws/install/aws_robomaker_bookstore_world/share/aws_robomaker_bookstore_world/models/aws_robomaker_retail_BookstoreLogo_01/meshes/aws_BookstoreLogo_01_visual.DAE
[2.034s] -- Symlinking: /home/wellyowo/locobot_sim/locobot_ws/install/aws_robomaker_bookstore_world/share/aws_robomaker_bookstore_world/models/aws_robomaker_retail_BookstoreLogo_01/model.config
[2.040s] -- Symlinking: /home/wellyowo/locobot_sim/locobot_ws/install/aws_robomaker_bookstore_world/share/aws_robomaker_bookstore_world/models/aws_robomaker_retail_BookstoreLogo_01/model.sdf
[2.046s] -- Symlinking: /home/wellyowo/locobot_sim/locobot_ws/install/aws_robomaker_bookstore_world/share/aws_robomaker_bookstore_world/models/aws_robomaker_retail_ChairB_01/materials/textures/aws_ChairB_01.png
[2.051s] -- Symlinking: /home/wellyowo/locobot_sim/locobot_ws/install/aws_robomaker_bookstore_world/share/aws_robomaker_bookstore_world/models/aws_robomaker_retail_ChairB_01/meshes/aws_ChairB_01_collision.DAE
[2.056s] -- Symlinking: /home/wellyowo/locobot_sim/locobot_ws/install/aws_robomaker_bookstore_world/share/aws_robomaker_bookstore_world/models/aws_robomaker_retail_ChairB_01/meshes/aws_ChairB_01_visual.DAE
[2.062s] -- Symlinking: /home/wellyowo/locobot_sim/locobot_ws/install/aws_robomaker_bookstore_world/share/aws_robomaker_bookstore_world/models/aws_robomaker_retail_ChairB_01/model.config
[2.069s] -- Symlinking: /home/wellyowo/locobot_sim/locobot_ws/install/aws_robomaker_bookstore_world/share/aws_robomaker_bookstore_world/models/aws_robomaker_retail_ChairB_01/model.sdf
[2.076s] -- Symlinking: /home/wellyowo/locobot_sim/locobot_ws/install/aws_robomaker_bookstore_world/share/aws_robomaker_bookstore_world/models/aws_robomaker_retail_ColumnA_01/materials/textures/aws_ColumnA_01.png
[2.083s] -- Symlinking: /home/wellyowo/locobot_sim/locobot_ws/install/aws_robomaker_bookstore_world/share/aws_robomaker_bookstore_world/models/aws_robomaker_retail_ColumnA_01/meshes/aws_ColumnA_01_collision.DAE
[2.090s] -- Symlinking: /home/wellyowo/locobot_sim/locobot_ws/install/aws_robomaker_bookstore_world/share/aws_robomaker_bookstore_world/models/aws_robomaker_retail_ColumnA_01/meshes/aws_ColumnA_01_visual.DAE
[2.098s] -- Symlinking: /home/wellyowo/locobot_sim/locobot_ws/install/aws_robomaker_bookstore_world/share/aws_robomaker_bookstore_world/models/aws_robomaker_retail_ColumnA_01/model.config
[2.104s] -- Symlinking: /home/wellyowo/locobot_sim/locobot_ws/install/aws_robomaker_bookstore_world/share/aws_robomaker_bookstore_world/models/aws_robomaker_retail_ColumnA_01/model.sdf
[2.112s] -- Symlinking: /home/wellyowo/locobot_sim/locobot_ws/install/aws_robomaker_bookstore_world/share/aws_robomaker_bookstore_world/models/aws_robomaker_retail_ColumnB_01/materials/textures/aws_ColumnB_01.png
[2.119s] -- Symlinking: /home/wellyowo/locobot_sim/locobot_ws/install/aws_robomaker_bookstore_world/share/aws_robomaker_bookstore_world/models/aws_robomaker_retail_ColumnB_01/meshes/aws_ColumnB_01_collision.DAE
[2.126s] -- Symlinking: /home/wellyowo/locobot_sim/locobot_ws/install/aws_robomaker_bookstore_world/share/aws_robomaker_bookstore_world/models/aws_robomaker_retail_ColumnB_01/meshes/aws_ColumnB_01_visual.DAE
[2.133s] -- Symlinking: /home/wellyowo/locobot_sim/locobot_ws/install/aws_robomaker_bookstore_world/share/aws_robomaker_bookstore_world/models/aws_robomaker_retail_ColumnB_01/model.config
[2.140s] -- Symlinking: /home/wellyowo/locobot_sim/locobot_ws/install/aws_robomaker_bookstore_world/share/aws_robomaker_bookstore_world/models/aws_robomaker_retail_ColumnB_01/model.sdf
[2.147s] -- Symlinking: /home/wellyowo/locobot_sim/locobot_ws/install/aws_robomaker_bookstore_world/share/aws_robomaker_bookstore_world/models/aws_robomaker_retail_Computer_01/materials/textures/aws_Computer_01.png
[2.154s] -- Symlinking: /home/wellyowo/locobot_sim/locobot_ws/install/aws_robomaker_bookstore_world/share/aws_robomaker_bookstore_world/models/aws_robomaker_retail_Computer_01/meshes/aws_Computer_01_collision.DAE
[2.161s] -- Symlinking: /home/wellyowo/locobot_sim/locobot_ws/install/aws_robomaker_bookstore_world/share/aws_robomaker_bookstore_world/models/aws_robomaker_retail_Computer_01/meshes/aws_Computer_01_visual.DAE
[2.168s] -- Symlinking: /home/wellyowo/locobot_sim/locobot_ws/install/aws_robomaker_bookstore_world/share/aws_robomaker_bookstore_world/models/aws_robomaker_retail_Computer_01/model.config
[2.174s] -- Symlinking: /home/wellyowo/locobot_sim/locobot_ws/install/aws_robomaker_bookstore_world/share/aws_robomaker_bookstore_world/models/aws_robomaker_retail_Computer_01/model.sdf
[2.181s] -- Symlinking: /home/wellyowo/locobot_sim/locobot_ws/install/aws_robomaker_bookstore_world/share/aws_robomaker_bookstore_world/models/aws_robomaker_retail_DeskA_01/materials/textures/aws_DeskA_01.png
[2.188s] -- Symlinking: /home/wellyowo/locobot_sim/locobot_ws/install/aws_robomaker_bookstore_world/share/aws_robomaker_bookstore_world/models/aws_robomaker_retail_DeskA_01/materials/textures/aws_DeskA_02.png
[2.196s] -- Symlinking: /home/wellyowo/locobot_sim/locobot_ws/install/aws_robomaker_bookstore_world/share/aws_robomaker_bookstore_world/models/aws_robomaker_retail_DeskA_01/materials/textures/aws_DeskA_03.png
[2.202s] -- Symlinking: /home/wellyowo/locobot_sim/locobot_ws/install/aws_robomaker_bookstore_world/share/aws_robomaker_bookstore_world/models/aws_robomaker_retail_DeskA_01/meshes/aws_DeskA_01_collision.DAE
[2.209s] -- Symlinking: /home/wellyowo/locobot_sim/locobot_ws/install/aws_robomaker_bookstore_world/share/aws_robomaker_bookstore_world/models/aws_robomaker_retail_DeskA_01/meshes/aws_DeskA_01_visual.DAE
[2.216s] -- Symlinking: /home/wellyowo/locobot_sim/locobot_ws/install/aws_robomaker_bookstore_world/share/aws_robomaker_bookstore_world/models/aws_robomaker_retail_DeskA_01/model.config
[2.222s] -- Symlinking: /home/wellyowo/locobot_sim/locobot_ws/install/aws_robomaker_bookstore_world/share/aws_robomaker_bookstore_world/models/aws_robomaker_retail_DeskA_01/model.sdf
[2.229s] -- Symlinking: /home/wellyowo/locobot_sim/locobot_ws/install/aws_robomaker_bookstore_world/share/aws_robomaker_bookstore_world/models/aws_robomaker_retail_DeskB_01/materials/textures/aws_DeskB_01.png
[2.235s] -- Symlinking: /home/wellyowo/locobot_sim/locobot_ws/install/aws_robomaker_bookstore_world/share/aws_robomaker_bookstore_world/models/aws_robomaker_retail_DeskB_01/meshes/aws_DeskB_01_collision.DAE
[2.242s] -- Symlinking: /home/wellyowo/locobot_sim/locobot_ws/install/aws_robomaker_bookstore_world/share/aws_robomaker_bookstore_world/models/aws_robomaker_retail_DeskB_01/meshes/aws_DeskB_01_visual.DAE
[2.248s] -- Symlinking: /home/wellyowo/locobot_sim/locobot_ws/install/aws_robomaker_bookstore_world/share/aws_robomaker_bookstore_world/models/aws_robomaker_retail_DeskB_01/model.config
[2.254s] -- Symlinking: /home/wellyowo/locobot_sim/locobot_ws/install/aws_robomaker_bookstore_world/share/aws_robomaker_bookstore_world/models/aws_robomaker_retail_DeskB_01/model.sdf
[2.260s] -- Symlinking: /home/wellyowo/locobot_sim/locobot_ws/install/aws_robomaker_bookstore_world/share/aws_robomaker_bookstore_world/models/aws_robomaker_retail_DoorB_01/materials/textures/aws_DoorB_01.png
[2.267s] -- Symlinking: /home/wellyowo/locobot_sim/locobot_ws/install/aws_robomaker_bookstore_world/share/aws_robomaker_bookstore_world/models/aws_robomaker_retail_DoorB_01/meshes/aws_DoorB_01_collision.DAE
[2.273s] -- Symlinking: /home/wellyowo/locobot_sim/locobot_ws/install/aws_robomaker_bookstore_world/share/aws_robomaker_bookstore_world/models/aws_robomaker_retail_DoorB_01/meshes/aws_DoorB_01_visual.DAE
[2.279s] -- Symlinking: /home/wellyowo/locobot_sim/locobot_ws/install/aws_robomaker_bookstore_world/share/aws_robomaker_bookstore_world/models/aws_robomaker_retail_DoorB_01/model.config
[2.285s] -- Symlinking: /home/wellyowo/locobot_sim/locobot_ws/install/aws_robomaker_bookstore_world/share/aws_robomaker_bookstore_world/models/aws_robomaker_retail_DoorB_01/model.sdf
[2.292s] -- Symlinking: /home/wellyowo/locobot_sim/locobot_ws/install/aws_robomaker_bookstore_world/share/aws_robomaker_bookstore_world/models/aws_robomaker_retail_Holder_01/materials/textures/aws_Holder_01.png
[2.298s] -- Symlinking: /home/wellyowo/locobot_sim/locobot_ws/install/aws_robomaker_bookstore_world/share/aws_robomaker_bookstore_world/models/aws_robomaker_retail_Holder_01/meshes/aws_Holder_01_collision.DAE
[2.304s] -- Symlinking: /home/wellyowo/locobot_sim/locobot_ws/install/aws_robomaker_bookstore_world/share/aws_robomaker_bookstore_world/models/aws_robomaker_retail_Holder_01/meshes/aws_Holder_01_visual.DAE
[2.311s] -- Symlinking: /home/wellyowo/locobot_sim/locobot_ws/install/aws_robomaker_bookstore_world/share/aws_robomaker_bookstore_world/models/aws_robomaker_retail_Holder_01/model.config
[2.318s] -- Symlinking: /home/wellyowo/locobot_sim/locobot_ws/install/aws_robomaker_bookstore_world/share/aws_robomaker_bookstore_world/models/aws_robomaker_retail_Holder_01/model.sdf
[2.325s] -- Symlinking: /home/wellyowo/locobot_sim/locobot_ws/install/aws_robomaker_bookstore_world/share/aws_robomaker_bookstore_world/models/aws_robomaker_retail_Horologe_01/materials/textures/aws_Horologe_01.png
[2.331s] -- Symlinking: /home/wellyowo/locobot_sim/locobot_ws/install/aws_robomaker_bookstore_world/share/aws_robomaker_bookstore_world/models/aws_robomaker_retail_Horologe_01/meshes/aws_Horologe_01_collision.DAE
[2.338s] -- Symlinking: /home/wellyowo/locobot_sim/locobot_ws/install/aws_robomaker_bookstore_world/share/aws_robomaker_bookstore_world/models/aws_robomaker_retail_Horologe_01/meshes/aws_Horologe_01_visual.DAE
[2.345s] -- Symlinking: /home/wellyowo/locobot_sim/locobot_ws/install/aws_robomaker_bookstore_world/share/aws_robomaker_bookstore_world/models/aws_robomaker_retail_Horologe_01/model.config
[2.352s] -- Symlinking: /home/wellyowo/locobot_sim/locobot_ws/install/aws_robomaker_bookstore_world/share/aws_robomaker_bookstore_world/models/aws_robomaker_retail_Horologe_01/model.sdf
[2.360s] -- Symlinking: /home/wellyowo/locobot_sim/locobot_ws/install/aws_robomaker_bookstore_world/share/aws_robomaker_bookstore_world/models/aws_robomaker_retail_InfoDesk_01/materials/textures/aws_InfoDesk_01.png
[2.367s] -- Symlinking: /home/wellyowo/locobot_sim/locobot_ws/install/aws_robomaker_bookstore_world/share/aws_robomaker_bookstore_world/models/aws_robomaker_retail_InfoDesk_01/meshes/aws_InfoDesk_01_collision.DAE
[2.374s] -- Symlinking: /home/wellyowo/locobot_sim/locobot_ws/install/aws_robomaker_bookstore_world/share/aws_robomaker_bookstore_world/models/aws_robomaker_retail_InfoDesk_01/meshes/aws_InfoDesk_01_visual.DAE
[2.380s] -- Symlinking: /home/wellyowo/locobot_sim/locobot_ws/install/aws_robomaker_bookstore_world/share/aws_robomaker_bookstore_world/models/aws_robomaker_retail_InfoDesk_01/model.config
[2.386s] -- Symlinking: /home/wellyowo/locobot_sim/locobot_ws/install/aws_robomaker_bookstore_world/share/aws_robomaker_bookstore_world/models/aws_robomaker_retail_InfoDesk_01/model.sdf
[2.393s] -- Symlinking: /home/wellyowo/locobot_sim/locobot_ws/install/aws_robomaker_bookstore_world/share/aws_robomaker_bookstore_world/models/aws_robomaker_retail_LightA_01/materials/textures/aws_LightA_01.png
[2.399s] -- Symlinking: /home/wellyowo/locobot_sim/locobot_ws/install/aws_robomaker_bookstore_world/share/aws_robomaker_bookstore_world/models/aws_robomaker_retail_LightA_01/meshes/aws_LightA_01_collision.DAE
[2.406s] -- Symlinking: /home/wellyowo/locobot_sim/locobot_ws/install/aws_robomaker_bookstore_world/share/aws_robomaker_bookstore_world/models/aws_robomaker_retail_LightA_01/meshes/aws_LightA_01_visual.DAE
[2.413s] -- Symlinking: /home/wellyowo/locobot_sim/locobot_ws/install/aws_robomaker_bookstore_world/share/aws_robomaker_bookstore_world/models/aws_robomaker_retail_LightA_01/model.config
[2.420s] -- Symlinking: /home/wellyowo/locobot_sim/locobot_ws/install/aws_robomaker_bookstore_world/share/aws_robomaker_bookstore_world/models/aws_robomaker_retail_LightA_01/model.sdf
[2.427s] -- Symlinking: /home/wellyowo/locobot_sim/locobot_ws/install/aws_robomaker_bookstore_world/share/aws_robomaker_bookstore_world/models/aws_robomaker_retail_MagicCube_01/materials/textures/aws_MagicCube_01.png
[2.434s] -- Symlinking: /home/wellyowo/locobot_sim/locobot_ws/install/aws_robomaker_bookstore_world/share/aws_robomaker_bookstore_world/models/aws_robomaker_retail_MagicCube_01/meshes/aws_MagicCube_01_collision.DAE
[2.441s] -- Symlinking: /home/wellyowo/locobot_sim/locobot_ws/install/aws_robomaker_bookstore_world/share/aws_robomaker_bookstore_world/models/aws_robomaker_retail_MagicCube_01/meshes/aws_MagicCube_01_visual.DAE
[2.447s] -- Symlinking: /home/wellyowo/locobot_sim/locobot_ws/install/aws_robomaker_bookstore_world/share/aws_robomaker_bookstore_world/models/aws_robomaker_retail_MagicCube_01/model.config
[2.453s] -- Symlinking: /home/wellyowo/locobot_sim/locobot_ws/install/aws_robomaker_bookstore_world/share/aws_robomaker_bookstore_world/models/aws_robomaker_retail_MagicCube_01/model.sdf
[2.460s] -- Symlinking: /home/wellyowo/locobot_sim/locobot_ws/install/aws_robomaker_bookstore_world/share/aws_robomaker_bookstore_world/models/aws_robomaker_retail_RetailShopCeiling_01/materials/textures/aws_RetailShopCeiling_01.png
[2.468s] -- Symlinking: /home/wellyowo/locobot_sim/locobot_ws/install/aws_robomaker_bookstore_world/share/aws_robomaker_bookstore_world/models/aws_robomaker_retail_RetailShopCeiling_01/meshes/aws_RetailShopCeiling_01_collision.DAE
[2.474s] -- Symlinking: /home/wellyowo/locobot_sim/locobot_ws/install/aws_robomaker_bookstore_world/share/aws_robomaker_bookstore_world/models/aws_robomaker_retail_RetailShopCeiling_01/meshes/aws_RetailShopCeiling_01_visual.DAE
[2.480s] -- Symlinking: /home/wellyowo/locobot_sim/locobot_ws/install/aws_robomaker_bookstore_world/share/aws_robomaker_bookstore_world/models/aws_robomaker_retail_RetailShopCeiling_01/model.config
[2.487s] -- Symlinking: /home/wellyowo/locobot_sim/locobot_ws/install/aws_robomaker_bookstore_world/share/aws_robomaker_bookstore_world/models/aws_robomaker_retail_RetailShopCeiling_01/model.sdf
[2.494s] -- Symlinking: /home/wellyowo/locobot_sim/locobot_ws/install/aws_robomaker_bookstore_world/share/aws_robomaker_bookstore_world/models/aws_robomaker_retail_RetailShopFloor_01/materials/textures/aws_RetailShopFloor_01.png
[2.500s] -- Symlinking: /home/wellyowo/locobot_sim/locobot_ws/install/aws_robomaker_bookstore_world/share/aws_robomaker_bookstore_world/models/aws_robomaker_retail_RetailShopFloor_01/meshes/aws_RetailShopFloor_01_collision.DAE
[2.508s] -- Symlinking: /home/wellyowo/locobot_sim/locobot_ws/install/aws_robomaker_bookstore_world/share/aws_robomaker_bookstore_world/models/aws_robomaker_retail_RetailShopFloor_01/meshes/aws_RetailShopFloor_01_visual.DAE
[2.515s] -- Symlinking: /home/wellyowo/locobot_sim/locobot_ws/install/aws_robomaker_bookstore_world/share/aws_robomaker_bookstore_world/models/aws_robomaker_retail_RetailShopFloor_01/model.config
[2.522s] -- Symlinking: /home/wellyowo/locobot_sim/locobot_ws/install/aws_robomaker_bookstore_world/share/aws_robomaker_bookstore_world/models/aws_robomaker_retail_RetailShopFloor_01/model.sdf
[2.529s] -- Symlinking: /home/wellyowo/locobot_sim/locobot_ws/install/aws_robomaker_bookstore_world/share/aws_robomaker_bookstore_world/models/aws_robomaker_retail_RetailShopWall_01/materials/textures/aws_RetailShopWall_01.png
[2.535s] -- Symlinking: /home/wellyowo/locobot_sim/locobot_ws/install/aws_robomaker_bookstore_world/share/aws_robomaker_bookstore_world/models/aws_robomaker_retail_RetailShopWall_01/meshes/aws_RetailShopWall_01_collision.DAE
[2.541s] -- Symlinking: /home/wellyowo/locobot_sim/locobot_ws/install/aws_robomaker_bookstore_world/share/aws_robomaker_bookstore_world/models/aws_robomaker_retail_RetailShopWall_01/meshes/aws_RetailShopWall_01_visual.DAE
[2.547s] -- Symlinking: /home/wellyowo/locobot_sim/locobot_ws/install/aws_robomaker_bookstore_world/share/aws_robomaker_bookstore_world/models/aws_robomaker_retail_RetailShopWall_01/model.config
[2.554s] -- Symlinking: /home/wellyowo/locobot_sim/locobot_ws/install/aws_robomaker_bookstore_world/share/aws_robomaker_bookstore_world/models/aws_robomaker_retail_RetailShopWall_01/model.sdf
[2.560s] -- Symlinking: /home/wellyowo/locobot_sim/locobot_ws/install/aws_robomaker_bookstore_world/share/aws_robomaker_bookstore_world/models/aws_robomaker_retail_SecurityCamera_01/materials/textures/aws_SecurityCamera_01.png
[2.566s] -- Symlinking: /home/wellyowo/locobot_sim/locobot_ws/install/aws_robomaker_bookstore_world/share/aws_robomaker_bookstore_world/models/aws_robomaker_retail_SecurityCamera_01/meshes/aws_SecurityCamera_01_collision.DAE
[2.573s] -- Symlinking: /home/wellyowo/locobot_sim/locobot_ws/install/aws_robomaker_bookstore_world/share/aws_robomaker_bookstore_world/models/aws_robomaker_retail_SecurityCamera_01/meshes/aws_SecurityCamera_01_visual.DAE
[2.580s] -- Symlinking: /home/wellyowo/locobot_sim/locobot_ws/install/aws_robomaker_bookstore_world/share/aws_robomaker_bookstore_world/models/aws_robomaker_retail_SecurityCamera_01/model.config
[2.586s] -- Symlinking: /home/wellyowo/locobot_sim/locobot_ws/install/aws_robomaker_bookstore_world/share/aws_robomaker_bookstore_world/models/aws_robomaker_retail_SecurityCamera_01/model.sdf
[2.593s] -- Symlinking: /home/wellyowo/locobot_sim/locobot_ws/install/aws_robomaker_bookstore_world/share/aws_robomaker_bookstore_world/models/aws_robomaker_retail_ShopWindow_01/materials/textures/aws_ShopWindow_01.png
[2.599s] -- Symlinking: /home/wellyowo/locobot_sim/locobot_ws/install/aws_robomaker_bookstore_world/share/aws_robomaker_bookstore_world/models/aws_robomaker_retail_ShopWindow_01/meshes/aws_ShopWindow_01_collision.DAE
[2.606s] -- Symlinking: /home/wellyowo/locobot_sim/locobot_ws/install/aws_robomaker_bookstore_world/share/aws_robomaker_bookstore_world/models/aws_robomaker_retail_ShopWindow_01/meshes/aws_ShopWindow_01_visual.DAE
[2.613s] -- Symlinking: /home/wellyowo/locobot_sim/locobot_ws/install/aws_robomaker_bookstore_world/share/aws_robomaker_bookstore_world/models/aws_robomaker_retail_ShopWindow_01/model.config
[2.619s] -- Symlinking: /home/wellyowo/locobot_sim/locobot_ws/install/aws_robomaker_bookstore_world/share/aws_robomaker_bookstore_world/models/aws_robomaker_retail_ShopWindow_01/model.sdf
[2.626s] -- Symlinking: /home/wellyowo/locobot_sim/locobot_ws/install/aws_robomaker_bookstore_world/share/aws_robomaker_bookstore_world/models/aws_robomaker_retail_SmartSpeakerSmall_01/materials/textures/aws_SmartSpeakerSmall_01.png
[2.632s] -- Symlinking: /home/wellyowo/locobot_sim/locobot_ws/install/aws_robomaker_bookstore_world/share/aws_robomaker_bookstore_world/models/aws_robomaker_retail_SmartSpeakerSmall_01/meshes/aws_SmartSpeakerSmall_01_collision.DAE
[2.638s] -- Symlinking: /home/wellyowo/locobot_sim/locobot_ws/install/aws_robomaker_bookstore_world/share/aws_robomaker_bookstore_world/models/aws_robomaker_retail_SmartSpeakerSmall_01/meshes/aws_SmartSpeakerSmall_01_visual.DAE
[2.644s] -- Symlinking: /home/wellyowo/locobot_sim/locobot_ws/install/aws_robomaker_bookstore_world/share/aws_robomaker_bookstore_world/models/aws_robomaker_retail_SmartSpeakerSmall_01/model.config
[2.650s] -- Symlinking: /home/wellyowo/locobot_sim/locobot_ws/install/aws_robomaker_bookstore_world/share/aws_robomaker_bookstore_world/models/aws_robomaker_retail_SmartSpeakerSmall_01/model.sdf
[2.656s] -- Symlinking: /home/wellyowo/locobot_sim/locobot_ws/install/aws_robomaker_bookstore_world/share/aws_robomaker_bookstore_world/models/aws_robomaker_retail_SmartSpeakerTall_01/materials/textures/aws_SmartSpeakerTall_01.png
[2.662s] -- Symlinking: /home/wellyowo/locobot_sim/locobot_ws/install/aws_robomaker_bookstore_world/share/aws_robomaker_bookstore_world/models/aws_robomaker_retail_SmartSpeakerTall_01/meshes/aws_SmartSpeakerTall_01_collision.DAE
[2.668s] -- Symlinking: /home/wellyowo/locobot_sim/locobot_ws/install/aws_robomaker_bookstore_world/share/aws_robomaker_bookstore_world/models/aws_robomaker_retail_SmartSpeakerTall_01/meshes/aws_SmartSpeakerTall_01_visual.DAE
[2.674s] -- Symlinking: /home/wellyowo/locobot_sim/locobot_ws/install/aws_robomaker_bookstore_world/share/aws_robomaker_bookstore_world/models/aws_robomaker_retail_SmartSpeakerTall_01/model.config
[2.681s] -- Symlinking: /home/wellyowo/locobot_sim/locobot_ws/install/aws_robomaker_bookstore_world/share/aws_robomaker_bookstore_world/models/aws_robomaker_retail_SmartSpeakerTall_01/model.sdf
[2.687s] -- Symlinking: /home/wellyowo/locobot_sim/locobot_ws/install/aws_robomaker_bookstore_world/share/aws_robomaker_bookstore_world/models/aws_robomaker_retail_Spotlight_01/materials/textures/aws_SpotlightDiffuse_01.png
[2.693s] -- Symlinking: /home/wellyowo/locobot_sim/locobot_ws/install/aws_robomaker_bookstore_world/share/aws_robomaker_bookstore_world/models/aws_robomaker_retail_Spotlight_01/meshes/aws_spotlight_01_collision.DAE
[2.699s] -- Symlinking: /home/wellyowo/locobot_sim/locobot_ws/install/aws_robomaker_bookstore_world/share/aws_robomaker_bookstore_world/models/aws_robomaker_retail_Spotlight_01/meshes/aws_spotlight_01_visual.DAE
[2.706s] -- Symlinking: /home/wellyowo/locobot_sim/locobot_ws/install/aws_robomaker_bookstore_world/share/aws_robomaker_bookstore_world/models/aws_robomaker_retail_Spotlight_01/model.config
[2.712s] -- Symlinking: /home/wellyowo/locobot_sim/locobot_ws/install/aws_robomaker_bookstore_world/share/aws_robomaker_bookstore_world/models/aws_robomaker_retail_Spotlight_01/model.sdf
[2.718s] -- Symlinking: /home/wellyowo/locobot_sim/locobot_ws/install/aws_robomaker_bookstore_world/share/aws_robomaker_bookstore_world/models/aws_robomaker_retail_TabletB_01/materials/textures/aws_TabletB_01.png
[2.725s] -- Symlinking: /home/wellyowo/locobot_sim/locobot_ws/install/aws_robomaker_bookstore_world/share/aws_robomaker_bookstore_world/models/aws_robomaker_retail_TabletB_01/meshes/aws_TabletB_01_collision.DAE
[2.732s] -- Symlinking: /home/wellyowo/locobot_sim/locobot_ws/install/aws_robomaker_bookstore_world/share/aws_robomaker_bookstore_world/models/aws_robomaker_retail_TabletB_01/meshes/aws_TabletB_01_visual.DAE
[2.738s] -- Symlinking: /home/wellyowo/locobot_sim/locobot_ws/install/aws_robomaker_bookstore_world/share/aws_robomaker_bookstore_world/models/aws_robomaker_retail_TabletB_01/model.config
[2.744s] -- Symlinking: /home/wellyowo/locobot_sim/locobot_ws/install/aws_robomaker_bookstore_world/share/aws_robomaker_bookstore_world/models/aws_robomaker_retail_TabletB_01/model.sdf
[2.750s] -- Symlinking: /home/wellyowo/locobot_sim/locobot_ws/install/aws_robomaker_bookstore_world/share/aws_robomaker_bookstore_world/models/aws_robomaker_retail_Tablet_01/materials/textures/aws_Tablet_01_nologo.png
[2.757s] -- Symlinking: /home/wellyowo/locobot_sim/locobot_ws/install/aws_robomaker_bookstore_world/share/aws_robomaker_bookstore_world/models/aws_robomaker_retail_Tablet_01/meshes/aws_Tablet_01_collision.DAE
[2.764s] -- Symlinking: /home/wellyowo/locobot_sim/locobot_ws/install/aws_robomaker_bookstore_world/share/aws_robomaker_bookstore_world/models/aws_robomaker_retail_Tablet_01/meshes/aws_Tablet_01_visual.DAE
[2.769s] -- Symlinking: /home/wellyowo/locobot_sim/locobot_ws/install/aws_robomaker_bookstore_world/share/aws_robomaker_bookstore_world/models/aws_robomaker_retail_Tablet_01/model.config
[2.775s] -- Symlinking: /home/wellyowo/locobot_sim/locobot_ws/install/aws_robomaker_bookstore_world/share/aws_robomaker_bookstore_world/models/aws_robomaker_retail_Tablet_01/model.sdf
[2.782s] -- Symlinking: /home/wellyowo/locobot_sim/locobot_ws/install/aws_robomaker_bookstore_world/share/aws_robomaker_bookstore_world/routes/route.yaml
[2.788s] -- Symlinking: /home/wellyowo/locobot_sim/locobot_ws/install/aws_robomaker_bookstore_world/share/aws_robomaker_bookstore_world/param/burger.yaml
[2.793s] -- Symlinking: /home/wellyowo/locobot_sim/locobot_ws/install/aws_robomaker_bookstore_world/share/aws_robomaker_bookstore_world/param/waffle.yaml
[2.799s] -- Symlinking: /home/wellyowo/locobot_sim/locobot_ws/install/aws_robomaker_bookstore_world/share/aws_robomaker_bookstore_world/param/waffle_pi.yaml
[2.805s] -- Symlinking: /home/wellyowo/locobot_sim/locobot_ws/install/aws_robomaker_bookstore_world/share/aws_robomaker_bookstore_world/worlds/bookstore.world
[2.811s] -- Symlinking: /home/wellyowo/locobot_sim/locobot_ws/install/aws_robomaker_bookstore_world/share/ament_index/resource_index/package_run_dependencies/aws_robomaker_bookstore_world
[2.817s] -- Symlinking: /home/wellyowo/locobot_sim/locobot_ws/install/aws_robomaker_bookstore_world/share/ament_index/resource_index/parent_prefix_path/aws_robomaker_bookstore_world
[2.823s] -- Symlinking: /home/wellyowo/locobot_sim/locobot_ws/install/aws_robomaker_bookstore_world/share/aws_robomaker_bookstore_world/environment/ament_prefix_path.sh
[2.829s] -- Symlinking: /home/wellyowo/locobot_sim/locobot_ws/install/aws_robomaker_bookstore_world/share/aws_robomaker_bookstore_world/environment/ament_prefix_path.dsv
[2.834s] -- Symlinking: /home/wellyowo/locobot_sim/locobot_ws/install/aws_robomaker_bookstore_world/share/aws_robomaker_bookstore_world/environment/path.sh
[2.844s] -- Symlinking: /home/wellyowo/locobot_sim/locobot_ws/install/aws_robomaker_bookstore_world/share/aws_robomaker_bookstore_world/environment/path.dsv
[2.850s] -- Symlinking: /home/wellyowo/locobot_sim/locobot_ws/install/aws_robomaker_bookstore_world/share/aws_robomaker_bookstore_world/local_setup.bash
[2.856s] -- Symlinking: /home/wellyowo/locobot_sim/locobot_ws/install/aws_robomaker_bookstore_world/share/aws_robomaker_bookstore_world/local_setup.sh
[2.861s] -- Symlinking: /home/wellyowo/locobot_sim/locobot_ws/install/aws_robomaker_bookstore_world/share/aws_robomaker_bookstore_world/local_setup.zsh
[2.867s] -- Symlinking: /home/wellyowo/locobot_sim/locobot_ws/install/aws_robomaker_bookstore_world/share/aws_robomaker_bookstore_world/local_setup.dsv
[2.873s] -- Symlinking: /home/wellyowo/locobot_sim/locobot_ws/install/aws_robomaker_bookstore_world/share/aws_robomaker_bookstore_world/package.dsv
[2.880s] -- Symlinking: /home/wellyowo/locobot_sim/locobot_ws/install/aws_robomaker_bookstore_world/share/ament_index/resource_index/packages/aws_robomaker_bookstore_world
[2.885s] -- Symlinking: /home/wellyowo/locobot_sim/locobot_ws/install/aws_robomaker_bookstore_world/share/aws_robomaker_bookstore_world/cmake/ament_cmake_export_dependencies-extras.cmake
[2.891s] -- Symlinking: /home/wellyowo/locobot_sim/locobot_ws/install/aws_robomaker_bookstore_world/share/aws_robomaker_bookstore_world/cmake/aws_robomaker_bookstore_worldConfig.cmake
[2.897s] -- Symlinking: /home/wellyowo/locobot_sim/locobot_ws/install/aws_robomaker_bookstore_world/share/aws_robomaker_bookstore_world/cmake/aws_robomaker_bookstore_worldConfig-version.cmake
[2.903s] -- Symlinking: /home/wellyowo/locobot_sim/locobot_ws/install/aws_robomaker_bookstore_world/share/aws_robomaker_bookstore_world/package.xml
[2.910s] Invoked command in '/home/wellyowo/locobot_sim/locobot_ws/build/aws_robomaker_bookstore_world' returned '0': AMENT_PREFIX_PATH=/home/wellyowo/locobot_sim/locobot_ws/install/gazebo_plugins:${AMENT_PREFIX_PATH} CMAKE_PREFIX_PATH=/home/wellyowo/locobot_sim/locobot_ws/install/gazebo_plugins:/opt/ros/humble LD_LIBRARY_PATH=/usr/lib/x86_64-linux-gnu/gazebo-11/plugins:/home/wellyowo/locobot_sim/locobot_ws/install/gazebo_plugins/lib:${LD_LIBRARY_PATH} /usr/bin/cmake --install /home/wellyowo/locobot_sim/locobot_ws/build/aws_robomaker_bookstore_world
