[0.212s] Invoking command in '/home/wellyowo/locobot_sim/locobot_ws/build/interbotix_common_sim': CMAKE_PREFIX_PATH=/opt/ros/humble /usr/bin/cmake /home/wellyowo/locobot_sim/locobot_ws/src/interbotix_ros_toolboxes/interbotix_common_toolbox/interbotix_common_sim -DBUILD_TESTING=OFF -DCMAKE_PREFIX_PATH= -DAMENT_CMAKE_SYMLINK_INSTALL=1 -DCMAKE_INSTALL_PREFIX=/home/wellyowo/locobot_sim/locobot_ws/install/interbotix_common_sim
[0.278s] -- The C compiler identification is GNU 11.4.0
[0.355s] -- The CXX compiler identification is GNU 11.4.0
[0.367s] -- Detecting C compiler ABI info
[0.472s] -- Detecting C compiler ABI info - done
[0.481s] -- Check for working C compiler: /usr/bin/cc - skipped
[0.482s] -- Detecting C compile features
[0.482s] -- Detecting C compile features - done
[0.486s] -- Detecting CXX compiler ABI info
[0.601s] -- Detecting CXX compiler ABI info - done
[0.612s] -- Check for working CXX compiler: /usr/bin/c++ - skipped
[0.613s] -- Detecting CXX compile features
[0.613s] -- Detecting CXX compile features - done
[0.620s] -- Found ament_cmake: 1.3.11 (/opt/ros/humble/share/ament_cmake/cmake)
[0.908s] -- Found Python3: /usr/bin/python3 (found version "3.10.12") found components: Interpreter 
[1.095s] -- Override CMake install command with custom implementation using symlinks instead of copying resources
[1.500s] -- Configuring done
[1.504s] -- Generating done
[1.507s] -- Build files have been written to: /home/wellyowo/locobot_sim/locobot_ws/build/interbotix_common_sim
[1.520s] Invoked command in '/home/wellyowo/locobot_sim/locobot_ws/build/interbotix_common_sim' returned '0': CMAKE_PREFIX_PATH=/opt/ros/humble /usr/bin/cmake /home/wellyowo/locobot_sim/locobot_ws/src/interbotix_ros_toolboxes/interbotix_common_toolbox/interbotix_common_sim -DBUILD_TESTING=OFF -DCMAKE_PREFIX_PATH= -DAMENT_CMAKE_SYMLINK_INSTALL=1 -DCMAKE_INSTALL_PREFIX=/home/wellyowo/locobot_sim/locobot_ws/install/interbotix_common_sim
[1.520s] Invoking command in '/home/wellyowo/locobot_sim/locobot_ws/build/interbotix_common_sim': CMAKE_PREFIX_PATH=/opt/ros/humble /usr/bin/cmake --build /home/wellyowo/locobot_sim/locobot_ws/build/interbotix_common_sim -- -j16 -l16
[3.643s] Invoked command in '/home/wellyowo/locobot_sim/locobot_ws/build/interbotix_common_sim' returned '0': CMAKE_PREFIX_PATH=/opt/ros/humble /usr/bin/cmake --build /home/wellyowo/locobot_sim/locobot_ws/build/interbotix_common_sim -- -j16 -l16
[3.644s] Invoking command in '/home/wellyowo/locobot_sim/locobot_ws/build/interbotix_common_sim': CMAKE_PREFIX_PATH=/opt/ros/humble /usr/bin/cmake --install /home/wellyowo/locobot_sim/locobot_ws/build/interbotix_common_sim
[4.225s] -- Install configuration: ""
[4.225s] -- Execute custom install script
[4.226s] -- Symlinking: /home/wellyowo/locobot_sim/locobot_ws/install/interbotix_common_sim/share/interbotix_common_sim/models/RealSenseD415/RealSenseD415.sdf
[4.226s] -- Symlinking: /home/wellyowo/locobot_sim/locobot_ws/install/interbotix_common_sim/share/interbotix_common_sim/models/RealSenseD415/camera.stl
[4.226s] -- Symlinking: /home/wellyowo/locobot_sim/locobot_ws/install/interbotix_common_sim/share/interbotix_common_sim/models/RealSenseD415/model.config
[4.226s] -- Symlinking: /home/wellyowo/locobot_sim/locobot_ws/install/interbotix_common_sim/share/interbotix_common_sim/models/TrossenRoboticsOfficeBuilding/TrossenRoboticsOfficeBuilding.sdf
[4.227s] -- Symlinking: /home/wellyowo/locobot_sim/locobot_ws/install/interbotix_common_sim/share/interbotix_common_sim/models/TrossenRoboticsOfficeBuilding/model.config
[4.227s] -- Symlinking: /home/wellyowo/locobot_sim/locobot_ws/install/interbotix_common_sim/share/interbotix_common_sim/models/VisionKit/VisionKit.sdf
[4.228s] -- Symlinking: /home/wellyowo/locobot_sim/locobot_ws/install/interbotix_common_sim/share/interbotix_common_sim/models/VisionKit/model.config
[4.232s] -- Symlinking: /home/wellyowo/locobot_sim/locobot_ws/install/interbotix_common_sim/share/interbotix_common_sim/models/VisionKit/stand.stl
[4.232s] -- Symlinking: /home/wellyowo/locobot_sim/locobot_ws/install/interbotix_common_sim/share/interbotix_common_sim/worlds/interbotix.world
[4.232s] -- Symlinking: /home/wellyowo/locobot_sim/locobot_ws/install/interbotix_common_sim/share/interbotix_common_sim/worlds/vision_kit.world
[4.232s] -- Symlinking: /home/wellyowo/locobot_sim/locobot_ws/install/interbotix_common_sim/share/interbotix_common_sim/media/interbotix_black.png
[4.232s] -- Symlinking: /home/wellyowo/locobot_sim/locobot_ws/install/interbotix_common_sim/share/interbotix_common_sim/media/materials/scripts/interbotix_black.material
[4.233s] -- Symlinking: /home/wellyowo/locobot_sim/locobot_ws/install/interbotix_common_sim/share/interbotix_common_sim/media/materials/scripts/interbotix_texture.gazebo
[4.233s] -- Symlinking: /home/wellyowo/locobot_sim/locobot_ws/install/interbotix_common_sim/share/interbotix_common_sim/media/materials/textures/interbotix_black.png
[4.233s] -- Symlinking: /home/wellyowo/locobot_sim/locobot_ws/install/interbotix_common_sim/share/ament_index/resource_index/package_run_dependencies/interbotix_common_sim
[4.233s] -- Symlinking: /home/wellyowo/locobot_sim/locobot_ws/install/interbotix_common_sim/share/ament_index/resource_index/parent_prefix_path/interbotix_common_sim
[4.233s] -- Symlinking: /home/wellyowo/locobot_sim/locobot_ws/install/interbotix_common_sim/share/interbotix_common_sim/environment/ament_prefix_path.sh
[4.262s] -- Symlinking: /home/wellyowo/locobot_sim/locobot_ws/install/interbotix_common_sim/share/interbotix_common_sim/environment/ament_prefix_path.dsv
[4.311s] -- Symlinking: /home/wellyowo/locobot_sim/locobot_ws/install/interbotix_common_sim/share/interbotix_common_sim/environment/path.sh
[4.321s] -- Symlinking: /home/wellyowo/locobot_sim/locobot_ws/install/interbotix_common_sim/share/interbotix_common_sim/environment/path.dsv
[4.380s] -- Symlinking: /home/wellyowo/locobot_sim/locobot_ws/install/interbotix_common_sim/share/interbotix_common_sim/local_setup.bash
[4.457s] -- Symlinking: /home/wellyowo/locobot_sim/locobot_ws/install/interbotix_common_sim/share/interbotix_common_sim/local_setup.sh
[4.513s] -- Symlinking: /home/wellyowo/locobot_sim/locobot_ws/install/interbotix_common_sim/share/interbotix_common_sim/local_setup.zsh
[4.561s] -- Symlinking: /home/wellyowo/locobot_sim/locobot_ws/install/interbotix_common_sim/share/interbotix_common_sim/local_setup.dsv
[4.618s] -- Symlinking: /home/wellyowo/locobot_sim/locobot_ws/install/interbotix_common_sim/share/interbotix_common_sim/package.dsv
[4.658s] -- Symlinking: /home/wellyowo/locobot_sim/locobot_ws/install/interbotix_common_sim/share/ament_index/resource_index/packages/interbotix_common_sim
[4.693s] -- Symlinking: /home/wellyowo/locobot_sim/locobot_ws/install/interbotix_common_sim/share/interbotix_common_sim/cmake/interbotix_common_simConfig.cmake
[4.755s] -- Symlinking: /home/wellyowo/locobot_sim/locobot_ws/install/interbotix_common_sim/share/interbotix_common_sim/cmake/interbotix_common_simConfig-version.cmake
[4.830s] -- Symlinking: /home/wellyowo/locobot_sim/locobot_ws/install/interbotix_common_sim/share/interbotix_common_sim/package.xml
[4.884s] Invoked command in '/home/wellyowo/locobot_sim/locobot_ws/build/interbotix_common_sim' returned '0': CMAKE_PREFIX_PATH=/opt/ros/humble /usr/bin/cmake --install /home/wellyowo/locobot_sim/locobot_ws/build/interbotix_common_sim
