[0.117s] Invoking command in '/home/wellyowo/locobot_sim/locobot_ws/build/ecl_containers': AMENT_PREFIX_PATH=/home/wellyowo/locobot_sim/locobot_ws/install/ecl_formatters:/home/wellyowo/locobot_sim/locobot_ws/install/ecl_utilities:/home/wellyowo/locobot_sim/locobot_ws/install/ecl_converters:/home/wellyowo/locobot_sim/locobot_ws/install/ecl_exceptions:/home/wellyowo/locobot_sim/locobot_ws/install/ecl_concepts:/home/wellyowo/locobot_sim/locobot_ws/install/ecl_type_traits:/home/wellyowo/locobot_sim/locobot_ws/install/ecl_errors:/home/wellyowo/locobot_sim/locobot_ws/install/ecl_mpl:/home/wellyowo/locobot_sim/locobot_ws/install/ecl_config:${AMENT_PREFIX_PATH} CMAKE_PREFIX_PATH=/home/wellyowo/locobot_sim/locobot_ws/install/ecl_formatters:/home/wellyowo/locobot_sim/locobot_ws/install/ecl_utilities:/home/wellyowo/locobot_sim/locobot_ws/install/ecl_converters:/home/wellyowo/locobot_sim/locobot_ws/install/ecl_exceptions:/home/wellyowo/locobot_sim/locobot_ws/install/ecl_concepts:/home/wellyowo/locobot_sim/locobot_ws/install/ecl_type_traits:/home/wellyowo/locobot_sim/locobot_ws/install/ecl_errors:/home/wellyowo/locobot_sim/locobot_ws/install/ecl_mpl:/home/wellyowo/locobot_sim/locobot_ws/install/ecl_config:/opt/ros/humble LD_LIBRARY_PATH=/home/wellyowo/locobot_sim/locobot_ws/install/ecl_formatters/lib:/home/wellyowo/locobot_sim/locobot_ws/install/ecl_exceptions/lib:/home/wellyowo/locobot_sim/locobot_ws/install/ecl_type_traits/lib:/home/wellyowo/locobot_sim/locobot_ws/install/ecl_errors/lib:${LD_LIBRARY_PATH} PATH=/home/wellyowo/locobot_sim/locobot_ws/install/ecl_type_traits/bin:/home/wellyowo/locobot_sim/locobot_ws/install/ecl_config/bin:${PATH} /usr/bin/cmake /home/wellyowo/locobot_sim/locobot_ws/src/ThirdParty/ecl/ecl_core/ecl_containers -DBUILD_TESTING=OFF -DCMAKE_PREFIX_PATH= -DAMENT_CMAKE_SYMLINK_INSTALL=1 -DCMAKE_INSTALL_PREFIX=/home/wellyowo/locobot_sim/locobot_ws/install/ecl_containers
[0.354s] -- The C compiler identification is GNU 11.4.0
[0.770s] -- The CXX compiler identification is GNU 11.4.0
[0.812s] -- Detecting C compiler ABI info
[1.245s] -- Detecting C compiler ABI info - done
[1.271s] -- Check for working C compiler: /usr/bin/cc - skipped
[1.278s] -- Detecting C compile features
[1.278s] -- Detecting C compile features - done
[1.283s] -- Detecting CXX compiler ABI info
[1.625s] -- Detecting CXX compiler ABI info - done
[1.658s] -- Check for working CXX compiler: /usr/bin/c++ - skipped
[1.665s] -- Detecting CXX compile features
[1.668s] -- Detecting CXX compile features - done
[1.668s] -- Found ament_cmake_ros: 0.10.0 (/opt/ros/humble/share/ament_cmake_ros/cmake)
[2.233s] -- Found Python3: /usr/bin/python3 (found version "3.10.12") found components: Interpreter 
[2.661s] -- Override CMake install command with custom implementation using symlinks instead of copying resources
[2.882s] -- Found ecl_build: 1.0.3 (/opt/ros/humble/share/ecl_build/cmake)
[2.905s] -- Found ecl_config: 1.2.0 (/home/wellyowo/locobot_sim/locobot_ws/install/ecl_config/share/ecl_config/cmake)
[2.923s] -- Found ecl_converters: 1.2.1 (/home/wellyowo/locobot_sim/locobot_ws/install/ecl_converters/share/ecl_converters/cmake)
[3.006s] -- Found ecl_formatters: 1.2.1 (/home/wellyowo/locobot_sim/locobot_ws/install/ecl_formatters/share/ecl_formatters/cmake)
[3.024s] -- Found ecl_utilities: 1.2.1 (/home/wellyowo/locobot_sim/locobot_ws/install/ecl_utilities/share/ecl_utilities/cmake)
[3.291s] -- Configuring done
[3.351s] -- Generating done
[3.368s] -- Build files have been written to: /home/wellyowo/locobot_sim/locobot_ws/build/ecl_containers
[3.402s] Invoked command in '/home/wellyowo/locobot_sim/locobot_ws/build/ecl_containers' returned '0': AMENT_PREFIX_PATH=/home/wellyowo/locobot_sim/locobot_ws/install/ecl_formatters:/home/wellyowo/locobot_sim/locobot_ws/install/ecl_utilities:/home/wellyowo/locobot_sim/locobot_ws/install/ecl_converters:/home/wellyowo/locobot_sim/locobot_ws/install/ecl_exceptions:/home/wellyowo/locobot_sim/locobot_ws/install/ecl_concepts:/home/wellyowo/locobot_sim/locobot_ws/install/ecl_type_traits:/home/wellyowo/locobot_sim/locobot_ws/install/ecl_errors:/home/wellyowo/locobot_sim/locobot_ws/install/ecl_mpl:/home/wellyowo/locobot_sim/locobot_ws/install/ecl_config:${AMENT_PREFIX_PATH} CMAKE_PREFIX_PATH=/home/wellyowo/locobot_sim/locobot_ws/install/ecl_formatters:/home/wellyowo/locobot_sim/locobot_ws/install/ecl_utilities:/home/wellyowo/locobot_sim/locobot_ws/install/ecl_converters:/home/wellyowo/locobot_sim/locobot_ws/install/ecl_exceptions:/home/wellyowo/locobot_sim/locobot_ws/install/ecl_concepts:/home/wellyowo/locobot_sim/locobot_ws/install/ecl_type_traits:/home/wellyowo/locobot_sim/locobot_ws/install/ecl_errors:/home/wellyowo/locobot_sim/locobot_ws/install/ecl_mpl:/home/wellyowo/locobot_sim/locobot_ws/install/ecl_config:/opt/ros/humble LD_LIBRARY_PATH=/home/wellyowo/locobot_sim/locobot_ws/install/ecl_formatters/lib:/home/wellyowo/locobot_sim/locobot_ws/install/ecl_exceptions/lib:/home/wellyowo/locobot_sim/locobot_ws/install/ecl_type_traits/lib:/home/wellyowo/locobot_sim/locobot_ws/install/ecl_errors/lib:${LD_LIBRARY_PATH} PATH=/home/wellyowo/locobot_sim/locobot_ws/install/ecl_type_traits/bin:/home/wellyowo/locobot_sim/locobot_ws/install/ecl_config/bin:${PATH} /usr/bin/cmake /home/wellyowo/locobot_sim/locobot_ws/src/ThirdParty/ecl/ecl_core/ecl_containers -DBUILD_TESTING=OFF -DCMAKE_PREFIX_PATH= -DAMENT_CMAKE_SYMLINK_INSTALL=1 -DCMAKE_INSTALL_PREFIX=/home/wellyowo/locobot_sim/locobot_ws/install/ecl_containers
[3.403s] Invoking command in '/home/wellyowo/locobot_sim/locobot_ws/build/ecl_containers': AMENT_PREFIX_PATH=/home/wellyowo/locobot_sim/locobot_ws/install/ecl_formatters:/home/wellyowo/locobot_sim/locobot_ws/install/ecl_utilities:/home/wellyowo/locobot_sim/locobot_ws/install/ecl_converters:/home/wellyowo/locobot_sim/locobot_ws/install/ecl_exceptions:/home/wellyowo/locobot_sim/locobot_ws/install/ecl_concepts:/home/wellyowo/locobot_sim/locobot_ws/install/ecl_type_traits:/home/wellyowo/locobot_sim/locobot_ws/install/ecl_errors:/home/wellyowo/locobot_sim/locobot_ws/install/ecl_mpl:/home/wellyowo/locobot_sim/locobot_ws/install/ecl_config:${AMENT_PREFIX_PATH} CMAKE_PREFIX_PATH=/home/wellyowo/locobot_sim/locobot_ws/install/ecl_formatters:/home/wellyowo/locobot_sim/locobot_ws/install/ecl_utilities:/home/wellyowo/locobot_sim/locobot_ws/install/ecl_converters:/home/wellyowo/locobot_sim/locobot_ws/install/ecl_exceptions:/home/wellyowo/locobot_sim/locobot_ws/install/ecl_concepts:/home/wellyowo/locobot_sim/locobot_ws/install/ecl_type_traits:/home/wellyowo/locobot_sim/locobot_ws/install/ecl_errors:/home/wellyowo/locobot_sim/locobot_ws/install/ecl_mpl:/home/wellyowo/locobot_sim/locobot_ws/install/ecl_config:/opt/ros/humble LD_LIBRARY_PATH=/home/wellyowo/locobot_sim/locobot_ws/install/ecl_formatters/lib:/home/wellyowo/locobot_sim/locobot_ws/install/ecl_exceptions/lib:/home/wellyowo/locobot_sim/locobot_ws/install/ecl_type_traits/lib:/home/wellyowo/locobot_sim/locobot_ws/install/ecl_errors/lib:${LD_LIBRARY_PATH} PATH=/home/wellyowo/locobot_sim/locobot_ws/install/ecl_type_traits/bin:/home/wellyowo/locobot_sim/locobot_ws/install/ecl_config/bin:${PATH} /usr/bin/cmake --build /home/wellyowo/locobot_sim/locobot_ws/build/ecl_containers -- -j16 -l16
[3.642s] [ 50%] [32mBuilding CXX object src/examples/CMakeFiles/ecl_demo_formatters.dir/formatters.cpp.o[0m
[6.234s] [100%] [32m[1mLinking CXX executable demo_formatters[0m
[6.843s] [100%] Built target ecl_demo_formatters
[6.888s] Invoked command in '/home/wellyowo/locobot_sim/locobot_ws/build/ecl_containers' returned '0': AMENT_PREFIX_PATH=/home/wellyowo/locobot_sim/locobot_ws/install/ecl_formatters:/home/wellyowo/locobot_sim/locobot_ws/install/ecl_utilities:/home/wellyowo/locobot_sim/locobot_ws/install/ecl_converters:/home/wellyowo/locobot_sim/locobot_ws/install/ecl_exceptions:/home/wellyowo/locobot_sim/locobot_ws/install/ecl_concepts:/home/wellyowo/locobot_sim/locobot_ws/install/ecl_type_traits:/home/wellyowo/locobot_sim/locobot_ws/install/ecl_errors:/home/wellyowo/locobot_sim/locobot_ws/install/ecl_mpl:/home/wellyowo/locobot_sim/locobot_ws/install/ecl_config:${AMENT_PREFIX_PATH} CMAKE_PREFIX_PATH=/home/wellyowo/locobot_sim/locobot_ws/install/ecl_formatters:/home/wellyowo/locobot_sim/locobot_ws/install/ecl_utilities:/home/wellyowo/locobot_sim/locobot_ws/install/ecl_converters:/home/wellyowo/locobot_sim/locobot_ws/install/ecl_exceptions:/home/wellyowo/locobot_sim/locobot_ws/install/ecl_concepts:/home/wellyowo/locobot_sim/locobot_ws/install/ecl_type_traits:/home/wellyowo/locobot_sim/locobot_ws/install/ecl_errors:/home/wellyowo/locobot_sim/locobot_ws/install/ecl_mpl:/home/wellyowo/locobot_sim/locobot_ws/install/ecl_config:/opt/ros/humble LD_LIBRARY_PATH=/home/wellyowo/locobot_sim/locobot_ws/install/ecl_formatters/lib:/home/wellyowo/locobot_sim/locobot_ws/install/ecl_exceptions/lib:/home/wellyowo/locobot_sim/locobot_ws/install/ecl_type_traits/lib:/home/wellyowo/locobot_sim/locobot_ws/install/ecl_errors/lib:${LD_LIBRARY_PATH} PATH=/home/wellyowo/locobot_sim/locobot_ws/install/ecl_type_traits/bin:/home/wellyowo/locobot_sim/locobot_ws/install/ecl_config/bin:${PATH} /usr/bin/cmake --build /home/wellyowo/locobot_sim/locobot_ws/build/ecl_containers -- -j16 -l16
[6.890s] Invoking command in '/home/wellyowo/locobot_sim/locobot_ws/build/ecl_containers': AMENT_PREFIX_PATH=/home/wellyowo/locobot_sim/locobot_ws/install/ecl_formatters:/home/wellyowo/locobot_sim/locobot_ws/install/ecl_utilities:/home/wellyowo/locobot_sim/locobot_ws/install/ecl_converters:/home/wellyowo/locobot_sim/locobot_ws/install/ecl_exceptions:/home/wellyowo/locobot_sim/locobot_ws/install/ecl_concepts:/home/wellyowo/locobot_sim/locobot_ws/install/ecl_type_traits:/home/wellyowo/locobot_sim/locobot_ws/install/ecl_errors:/home/wellyowo/locobot_sim/locobot_ws/install/ecl_mpl:/home/wellyowo/locobot_sim/locobot_ws/install/ecl_config:${AMENT_PREFIX_PATH} CMAKE_PREFIX_PATH=/home/wellyowo/locobot_sim/locobot_ws/install/ecl_formatters:/home/wellyowo/locobot_sim/locobot_ws/install/ecl_utilities:/home/wellyowo/locobot_sim/locobot_ws/install/ecl_converters:/home/wellyowo/locobot_sim/locobot_ws/install/ecl_exceptions:/home/wellyowo/locobot_sim/locobot_ws/install/ecl_concepts:/home/wellyowo/locobot_sim/locobot_ws/install/ecl_type_traits:/home/wellyowo/locobot_sim/locobot_ws/install/ecl_errors:/home/wellyowo/locobot_sim/locobot_ws/install/ecl_mpl:/home/wellyowo/locobot_sim/locobot_ws/install/ecl_config:/opt/ros/humble LD_LIBRARY_PATH=/home/wellyowo/locobot_sim/locobot_ws/install/ecl_formatters/lib:/home/wellyowo/locobot_sim/locobot_ws/install/ecl_exceptions/lib:/home/wellyowo/locobot_sim/locobot_ws/install/ecl_type_traits/lib:/home/wellyowo/locobot_sim/locobot_ws/install/ecl_errors/lib:${LD_LIBRARY_PATH} PATH=/home/wellyowo/locobot_sim/locobot_ws/install/ecl_type_traits/bin:/home/wellyowo/locobot_sim/locobot_ws/install/ecl_config/bin:${PATH} /usr/bin/cmake --install /home/wellyowo/locobot_sim/locobot_ws/build/ecl_containers
[6.919s] -- Install configuration: ""
[6.926s] -- Execute custom install script
[6.931s] -- Symlinking: /home/wellyowo/locobot_sim/locobot_ws/install/ecl_containers/include/ecl/containers/common/formatters.hpp
[6.958s] -- Symlinking: /home/wellyowo/locobot_sim/locobot_ws/install/ecl_containers/include/ecl/containers/array/array_dynamic_mem_check.hpp
[6.998s] -- Symlinking: /home/wellyowo/locobot_sim/locobot_ws/install/ecl_containers/include/ecl/containers/array/array_dynamic_no_mem_check.hpp
[7.041s] -- Symlinking: /home/wellyowo/locobot_sim/locobot_ws/install/ecl_containers/include/ecl/containers/array/array_mem_check.hpp
[7.075s] -- Symlinking: /home/wellyowo/locobot_sim/locobot_ws/install/ecl_containers/include/ecl/containers/array/array_no_mem_check.hpp
[7.111s] -- Symlinking: /home/wellyowo/locobot_sim/locobot_ws/install/ecl_containers/include/ecl/containers/array/converters.hpp
[7.149s] -- Symlinking: /home/wellyowo/locobot_sim/locobot_ws/install/ecl_containers/include/ecl/containers/array/formatters.hpp
[7.186s] -- Symlinking: /home/wellyowo/locobot_sim/locobot_ws/install/ecl_containers/include/ecl/containers/push_and_pop/formatters.hpp
[7.224s] -- Symlinking: /home/wellyowo/locobot_sim/locobot_ws/install/ecl_containers/include/ecl/containers/push_and_pop/push_and_pop_dynamic.hpp
[7.274s] -- Symlinking: /home/wellyowo/locobot_sim/locobot_ws/install/ecl_containers/include/ecl/containers/push_and_pop/push_and_pop_fixed.hpp
[7.324s] -- Symlinking: /home/wellyowo/locobot_sim/locobot_ws/install/ecl_containers/include/ecl/containers/stencil/converters.hpp
[7.350s] -- Symlinking: /home/wellyowo/locobot_sim/locobot_ws/install/ecl_containers/include/ecl/containers/stencil/formatters.hpp
[7.373s] -- Symlinking: /home/wellyowo/locobot_sim/locobot_ws/install/ecl_containers/include/ecl/containers/stencil/specialisations.hpp
[7.409s] -- Symlinking: /home/wellyowo/locobot_sim/locobot_ws/install/ecl_containers/include/ecl/containers/stencil/stencil.hpp
[7.441s] -- Symlinking: /home/wellyowo/locobot_sim/locobot_ws/install/ecl_containers/include/ecl/containers/array.hpp
[7.460s] -- Symlinking: /home/wellyowo/locobot_sim/locobot_ws/install/ecl_containers/include/ecl/containers/converters.hpp
[7.482s] -- Symlinking: /home/wellyowo/locobot_sim/locobot_ws/install/ecl_containers/include/ecl/containers/definitions.hpp
[7.498s] -- Symlinking: /home/wellyowo/locobot_sim/locobot_ws/install/ecl_containers/include/ecl/containers/fifo.hpp
[7.516s] -- Symlinking: /home/wellyowo/locobot_sim/locobot_ws/install/ecl_containers/include/ecl/containers/initialiser.hpp
[7.548s] -- Symlinking: /home/wellyowo/locobot_sim/locobot_ws/install/ecl_containers/include/ecl/containers/push_and_pop.hpp
[7.570s] -- Symlinking: /home/wellyowo/locobot_sim/locobot_ws/install/ecl_containers/include/ecl/containers/stencil.hpp
[7.605s] -- Symlinking: /home/wellyowo/locobot_sim/locobot_ws/install/ecl_containers/include/ecl/containers.hpp
[7.642s] -- Symlinking: /home/wellyowo/locobot_sim/locobot_ws/install/ecl_containers/lib/ecl_containers/demo_formatters
[7.676s] -- Symlinking: /home/wellyowo/locobot_sim/locobot_ws/install/ecl_containers/share/ament_index/resource_index/package_run_dependencies/ecl_containers
[7.708s] -- Symlinking: /home/wellyowo/locobot_sim/locobot_ws/install/ecl_containers/share/ament_index/resource_index/parent_prefix_path/ecl_containers
[7.750s] -- Symlinking: /home/wellyowo/locobot_sim/locobot_ws/install/ecl_containers/share/ecl_containers/environment/ament_prefix_path.sh
[7.781s] -- Symlinking: /home/wellyowo/locobot_sim/locobot_ws/install/ecl_containers/share/ecl_containers/environment/ament_prefix_path.dsv
[7.819s] -- Symlinking: /home/wellyowo/locobot_sim/locobot_ws/install/ecl_containers/share/ecl_containers/environment/path.sh
[7.859s] -- Symlinking: /home/wellyowo/locobot_sim/locobot_ws/install/ecl_containers/share/ecl_containers/environment/path.dsv
[7.892s] -- Symlinking: /home/wellyowo/locobot_sim/locobot_ws/install/ecl_containers/share/ecl_containers/local_setup.bash
[7.938s] -- Symlinking: /home/wellyowo/locobot_sim/locobot_ws/install/ecl_containers/share/ecl_containers/local_setup.sh
[7.986s] -- Symlinking: /home/wellyowo/locobot_sim/locobot_ws/install/ecl_containers/share/ecl_containers/local_setup.zsh
[8.044s] -- Symlinking: /home/wellyowo/locobot_sim/locobot_ws/install/ecl_containers/share/ecl_containers/local_setup.dsv
[8.092s] -- Symlinking: /home/wellyowo/locobot_sim/locobot_ws/install/ecl_containers/share/ecl_containers/package.dsv
[8.137s] -- Symlinking: /home/wellyowo/locobot_sim/locobot_ws/install/ecl_containers/share/ament_index/resource_index/packages/ecl_containers
[8.176s] -- Symlinking: /home/wellyowo/locobot_sim/locobot_ws/install/ecl_containers/share/ecl_containers/cmake/ament_cmake_export_targets-extras.cmake
[8.204s] -- Symlinking: /home/wellyowo/locobot_sim/locobot_ws/install/ecl_containers/share/ecl_containers/cmake/ament_cmake_export_include_directories-extras.cmake
[8.245s] -- Symlinking: /home/wellyowo/locobot_sim/locobot_ws/install/ecl_containers/share/ecl_containers/cmake/ament_cmake_export_dependencies-extras.cmake
[8.280s] -- Symlinking: /home/wellyowo/locobot_sim/locobot_ws/install/ecl_containers/share/ecl_containers/cmake/ecl_containersConfig.cmake
[8.313s] -- Symlinking: /home/wellyowo/locobot_sim/locobot_ws/install/ecl_containers/share/ecl_containers/cmake/ecl_containersConfig-version.cmake
[8.353s] -- Symlinking: /home/wellyowo/locobot_sim/locobot_ws/install/ecl_containers/share/ecl_containers/package.xml
[8.395s] -- Installing: /home/wellyowo/locobot_sim/locobot_ws/install/ecl_containers/share/ecl_containers/cmake/ecl_containersExport.cmake
[8.412s] Invoked command in '/home/wellyowo/locobot_sim/locobot_ws/build/ecl_containers' returned '0': AMENT_PREFIX_PATH=/home/wellyowo/locobot_sim/locobot_ws/install/ecl_formatters:/home/wellyowo/locobot_sim/locobot_ws/install/ecl_utilities:/home/wellyowo/locobot_sim/locobot_ws/install/ecl_converters:/home/wellyowo/locobot_sim/locobot_ws/install/ecl_exceptions:/home/wellyowo/locobot_sim/locobot_ws/install/ecl_concepts:/home/wellyowo/locobot_sim/locobot_ws/install/ecl_type_traits:/home/wellyowo/locobot_sim/locobot_ws/install/ecl_errors:/home/wellyowo/locobot_sim/locobot_ws/install/ecl_mpl:/home/wellyowo/locobot_sim/locobot_ws/install/ecl_config:${AMENT_PREFIX_PATH} CMAKE_PREFIX_PATH=/home/wellyowo/locobot_sim/locobot_ws/install/ecl_formatters:/home/wellyowo/locobot_sim/locobot_ws/install/ecl_utilities:/home/wellyowo/locobot_sim/locobot_ws/install/ecl_converters:/home/wellyowo/locobot_sim/locobot_ws/install/ecl_exceptions:/home/wellyowo/locobot_sim/locobot_ws/install/ecl_concepts:/home/wellyowo/locobot_sim/locobot_ws/install/ecl_type_traits:/home/wellyowo/locobot_sim/locobot_ws/install/ecl_errors:/home/wellyowo/locobot_sim/locobot_ws/install/ecl_mpl:/home/wellyowo/locobot_sim/locobot_ws/install/ecl_config:/opt/ros/humble LD_LIBRARY_PATH=/home/wellyowo/locobot_sim/locobot_ws/install/ecl_formatters/lib:/home/wellyowo/locobot_sim/locobot_ws/install/ecl_exceptions/lib:/home/wellyowo/locobot_sim/locobot_ws/install/ecl_type_traits/lib:/home/wellyowo/locobot_sim/locobot_ws/install/ecl_errors/lib:${LD_LIBRARY_PATH} PATH=/home/wellyowo/locobot_sim/locobot_ws/install/ecl_type_traits/bin:/home/wellyowo/locobot_sim/locobot_ws/install/ecl_config/bin:${PATH} /usr/bin/cmake --install /home/wellyowo/locobot_sim/locobot_ws/build/ecl_containers
