[0.036s] Invoking command in '/home/wellyowo/locobot_sim/locobot_ws/build/ecl_core_apps': AMENT_PREFIX_PATH=/home/wellyowo/locobot_sim/locobot_ws/install/ecl_streams:/home/wellyowo/locobot_sim/locobot_ws/install/ecl_geometry:/home/wellyowo/locobot_sim/locobot_ws/install/ecl_devices:/home/wellyowo/locobot_sim/locobot_ws/install/ecl_sigslots:/home/wellyowo/locobot_sim/locobot_ws/install/ecl_linear_algebra:/home/wellyowo/locobot_sim/locobot_ws/install/ecl_ipc:/home/wellyowo/locobot_sim/locobot_ws/install/ecl_containers:/home/wellyowo/locobot_sim/locobot_ws/install/ecl_threads:/home/wellyowo/locobot_sim/locobot_ws/install/ecl_formatters:/home/wellyowo/locobot_sim/locobot_ws/install/ecl_utilities:/home/wellyowo/locobot_sim/locobot_ws/install/ecl_time:/home/wellyowo/locobot_sim/locobot_ws/install/ecl_converters:/home/wellyowo/locobot_sim/locobot_ws/install/ecl_time_lite:/home/wellyowo/locobot_sim/locobot_ws/install/ecl_math:/home/wellyowo/locobot_sim/locobot_ws/install/ecl_exceptions:/home/wellyowo/locobot_sim/locobot_ws/install/ecl_concepts:/home/wellyowo/locobot_sim/locobot_ws/install/ecl_type_traits:/home/wellyowo/locobot_sim/locobot_ws/install/ecl_errors:/home/wellyowo/locobot_sim/locobot_ws/install/ecl_mpl:/home/wellyowo/locobot_sim/locobot_ws/install/ecl_eigen:/home/wellyowo/locobot_sim/locobot_ws/install/ecl_config:/home/wellyowo/locobot_sim/locobot_ws/install/ecl_command_line:${AMENT_PREFIX_PATH} CMAKE_PREFIX_PATH=/home/wellyowo/locobot_sim/locobot_ws/install/ecl_streams:/home/wellyowo/locobot_sim/locobot_ws/install/ecl_geometry:/home/wellyowo/locobot_sim/locobot_ws/install/ecl_devices:/home/wellyowo/locobot_sim/locobot_ws/install/ecl_sigslots:/home/wellyowo/locobot_sim/locobot_ws/install/ecl_linear_algebra:/home/wellyowo/locobot_sim/locobot_ws/install/ecl_ipc:/home/wellyowo/locobot_sim/locobot_ws/install/ecl_containers:/home/wellyowo/locobot_sim/locobot_ws/install/ecl_threads:/home/wellyowo/locobot_sim/locobot_ws/install/ecl_formatters:/home/wellyowo/locobot_sim/locobot_ws/install/ecl_utilities:/home/wellyowo/locobot_sim/locobot_ws/install/ecl_time:/home/wellyowo/locobot_sim/locobot_ws/install/ecl_converters:/home/wellyowo/locobot_sim/locobot_ws/install/ecl_time_lite:/home/wellyowo/locobot_sim/locobot_ws/install/ecl_math:/home/wellyowo/locobot_sim/locobot_ws/install/ecl_exceptions:/home/wellyowo/locobot_sim/locobot_ws/install/ecl_concepts:/home/wellyowo/locobot_sim/locobot_ws/install/ecl_type_traits:/home/wellyowo/locobot_sim/locobot_ws/install/ecl_errors:/home/wellyowo/locobot_sim/locobot_ws/install/sophus:/home/wellyowo/locobot_sim/locobot_ws/install/ecl_mpl:/home/wellyowo/locobot_sim/locobot_ws/install/ecl_eigen:/home/wellyowo/locobot_sim/locobot_ws/install/ecl_config:/home/wellyowo/locobot_sim/locobot_ws/install/ecl_command_line:/opt/ros/humble LD_LIBRARY_PATH=/home/wellyowo/locobot_sim/locobot_ws/install/ecl_streams/lib:/home/wellyowo/locobot_sim/locobot_ws/install/ecl_geometry/lib:/home/wellyowo/locobot_sim/locobot_ws/install/ecl_devices/lib:/home/wellyowo/locobot_sim/locobot_ws/install/ecl_linear_algebra/lib:/home/wellyowo/locobot_sim/locobot_ws/install/ecl_ipc/lib:/home/wellyowo/locobot_sim/locobot_ws/install/ecl_threads/lib:/home/wellyowo/locobot_sim/locobot_ws/install/ecl_formatters/lib:/home/wellyowo/locobot_sim/locobot_ws/install/ecl_time/lib:/home/wellyowo/locobot_sim/locobot_ws/install/ecl_time_lite/lib:/home/wellyowo/locobot_sim/locobot_ws/install/ecl_exceptions/lib:/home/wellyowo/locobot_sim/locobot_ws/install/ecl_type_traits/lib:/home/wellyowo/locobot_sim/locobot_ws/install/ecl_errors/lib:${LD_LIBRARY_PATH} PATH=/home/wellyowo/locobot_sim/locobot_ws/install/ecl_type_traits/bin:/home/wellyowo/locobot_sim/locobot_ws/install/ecl_config/bin:${PATH} PKG_CONFIG_PATH=/home/wellyowo/locobot_sim/locobot_ws/install/sophus/lib/x86_64-linux-gnu/pkgconfig:/home/wellyowo/locobot_sim/locobot_ws/install/sophus/lib/pkgconfig /usr/bin/cmake /home/wellyowo/locobot_sim/locobot_ws/src/ThirdParty/ecl/ecl_core/ecl_core_apps -DBUILD_TESTING=OFF -DCMAKE_PREFIX_PATH= -DAMENT_CMAKE_SYMLINK_INSTALL=1 -DCMAKE_INSTALL_PREFIX=/home/wellyowo/locobot_sim/locobot_ws/install/ecl_core_apps
[0.084s] -- The C compiler identification is GNU 11.4.0
[0.129s] -- The CXX compiler identification is GNU 11.4.0
[0.135s] -- Detecting C compiler ABI info
[0.195s] -- Detecting C compiler ABI info - done
[0.200s] -- Check for working C compiler: /usr/bin/cc - skipped
[0.200s] -- Detecting C compile features
[0.201s] -- Detecting C compile features - done
[0.203s] -- Detecting CXX compiler ABI info
[0.282s] -- Detecting CXX compiler ABI info - done
[0.288s] -- Check for working CXX compiler: /usr/bin/c++ - skipped
[0.289s] -- Detecting CXX compile features
[0.289s] -- Detecting CXX compile features - done
[0.292s] -- Found ament_cmake_ros: 0.10.0 (/opt/ros/humble/share/ament_cmake_ros/cmake)
[0.409s] -- Found Python3: /usr/bin/python3 (found version "3.10.12") found components: Interpreter 
[0.463s] -- Override CMake install command with custom implementation using symlinks instead of copying resources
[0.512s] -- Found ecl_build: 1.0.3 (/opt/ros/humble/share/ecl_build/cmake)
[0.521s] -- Found ecl_config: 1.2.0 (/home/wellyowo/locobot_sim/locobot_ws/install/ecl_config/share/ecl_config/cmake)
[0.524s] -- Found ecl_linear_algebra: 1.2.1 (/home/wellyowo/locobot_sim/locobot_ws/install/ecl_linear_algebra/share/ecl_linear_algebra/cmake)
[0.585s] -- Found ecl_command_line: 1.2.1 (/home/wellyowo/locobot_sim/locobot_ws/install/ecl_command_line/share/ecl_command_line/cmake)
[0.588s] -- Found ecl_containers: 1.2.1 (/home/wellyowo/locobot_sim/locobot_ws/install/ecl_containers/share/ecl_containers/cmake)
[0.594s] -- Found ecl_devices: 1.2.1 (/home/wellyowo/locobot_sim/locobot_ws/install/ecl_devices/share/ecl_devices/cmake)
[0.598s] -- Looking for pthread.h
[0.662s] -- Looking for pthread.h - found
[0.662s] -- Performing Test CMAKE_HAVE_LIBC_PTHREAD
[0.729s] -- Performing Test CMAKE_HAVE_LIBC_PTHREAD - Success
[0.730s] [33mCMake Warning (dev) at /usr/share/cmake-3.22/Modules/FindPackageHandleStandardArgs.cmake:438 (message):
[0.730s]   The package name passed to `find_package_handle_standard_args` (Threads)
[0.730s]   does not match the name of the calling package (ecl_threads).  This can
[0.730s]   lead to problems in calling code that expects `find_package` result
[0.730s]   variables (e.g., `_FOUND`) to follow a certain pattern.
[0.730s] Call Stack (most recent call first):
[0.730s]   /usr/share/cmake-3.22/Modules/FindThreads.cmake:238 (FIND_PACKAGE_HANDLE_STANDARD_ARGS)
[0.730s]   /opt/ros/humble/share/ecl_build/cmake/ecl_platform_detection.cmake:225 (include)
[0.730s]   /home/wellyowo/locobot_sim/locobot_ws/install/ecl_threads/share/ecl_threads/cmake/ecl_threads-extras.cmake:4 (ecl_detect_threads)
[0.731s]   /home/wellyowo/locobot_sim/locobot_ws/install/ecl_threads/share/ecl_threads/cmake/ecl_threadsConfig.cmake:41 (include)
[0.731s]   /home/wellyowo/locobot_sim/locobot_ws/install/ecl_devices/share/ecl_devices/cmake/ament_cmake_export_dependencies-extras.cmake:21 (find_package)
[0.731s]   /home/wellyowo/locobot_sim/locobot_ws/install/ecl_devices/share/ecl_devices/cmake/ecl_devicesConfig.cmake:41 (include)
[0.731s]   CMakeLists.txt:26 (find_package)
[0.731s] This warning is for project developers.  Use -Wno-dev to suppress it.
[0.731s] [0m
[0.731s] -- Found Threads: TRUE  
[0.748s] -- Found ecl_geometry: 1.2.1 (/home/wellyowo/locobot_sim/locobot_ws/install/ecl_geometry/share/ecl_geometry/cmake)
[0.753s] -- Found ecl_ipc: 1.2.1 (/home/wellyowo/locobot_sim/locobot_ws/install/ecl_ipc/share/ecl_ipc/cmake)
[0.758s] -- Found ecl_sigslots: 1.2.1 (/home/wellyowo/locobot_sim/locobot_ws/install/ecl_sigslots/share/ecl_sigslots/cmake)
[0.761s] -- Found ecl_streams: 1.2.1 (/home/wellyowo/locobot_sim/locobot_ws/install/ecl_streams/share/ecl_streams/cmake)
[0.840s] -- Configuring done
[0.872s] -- Generating done
[0.896s] -- Build files have been written to: /home/wellyowo/locobot_sim/locobot_ws/build/ecl_core_apps
[0.908s] Invoked command in '/home/wellyowo/locobot_sim/locobot_ws/build/ecl_core_apps' returned '0': AMENT_PREFIX_PATH=/home/wellyowo/locobot_sim/locobot_ws/install/ecl_streams:/home/wellyowo/locobot_sim/locobot_ws/install/ecl_geometry:/home/wellyowo/locobot_sim/locobot_ws/install/ecl_devices:/home/wellyowo/locobot_sim/locobot_ws/install/ecl_sigslots:/home/wellyowo/locobot_sim/locobot_ws/install/ecl_linear_algebra:/home/wellyowo/locobot_sim/locobot_ws/install/ecl_ipc:/home/wellyowo/locobot_sim/locobot_ws/install/ecl_containers:/home/wellyowo/locobot_sim/locobot_ws/install/ecl_threads:/home/wellyowo/locobot_sim/locobot_ws/install/ecl_formatters:/home/wellyowo/locobot_sim/locobot_ws/install/ecl_utilities:/home/wellyowo/locobot_sim/locobot_ws/install/ecl_time:/home/wellyowo/locobot_sim/locobot_ws/install/ecl_converters:/home/wellyowo/locobot_sim/locobot_ws/install/ecl_time_lite:/home/wellyowo/locobot_sim/locobot_ws/install/ecl_math:/home/wellyowo/locobot_sim/locobot_ws/install/ecl_exceptions:/home/wellyowo/locobot_sim/locobot_ws/install/ecl_concepts:/home/wellyowo/locobot_sim/locobot_ws/install/ecl_type_traits:/home/wellyowo/locobot_sim/locobot_ws/install/ecl_errors:/home/wellyowo/locobot_sim/locobot_ws/install/ecl_mpl:/home/wellyowo/locobot_sim/locobot_ws/install/ecl_eigen:/home/wellyowo/locobot_sim/locobot_ws/install/ecl_config:/home/wellyowo/locobot_sim/locobot_ws/install/ecl_command_line:${AMENT_PREFIX_PATH} CMAKE_PREFIX_PATH=/home/wellyowo/locobot_sim/locobot_ws/install/ecl_streams:/home/wellyowo/locobot_sim/locobot_ws/install/ecl_geometry:/home/wellyowo/locobot_sim/locobot_ws/install/ecl_devices:/home/wellyowo/locobot_sim/locobot_ws/install/ecl_sigslots:/home/wellyowo/locobot_sim/locobot_ws/install/ecl_linear_algebra:/home/wellyowo/locobot_sim/locobot_ws/install/ecl_ipc:/home/wellyowo/locobot_sim/locobot_ws/install/ecl_containers:/home/wellyowo/locobot_sim/locobot_ws/install/ecl_threads:/home/wellyowo/locobot_sim/locobot_ws/install/ecl_formatters:/home/wellyowo/locobot_sim/locobot_ws/install/ecl_utilities:/home/wellyowo/locobot_sim/locobot_ws/install/ecl_time:/home/wellyowo/locobot_sim/locobot_ws/install/ecl_converters:/home/wellyowo/locobot_sim/locobot_ws/install/ecl_time_lite:/home/wellyowo/locobot_sim/locobot_ws/install/ecl_math:/home/wellyowo/locobot_sim/locobot_ws/install/ecl_exceptions:/home/wellyowo/locobot_sim/locobot_ws/install/ecl_concepts:/home/wellyowo/locobot_sim/locobot_ws/install/ecl_type_traits:/home/wellyowo/locobot_sim/locobot_ws/install/ecl_errors:/home/wellyowo/locobot_sim/locobot_ws/install/sophus:/home/wellyowo/locobot_sim/locobot_ws/install/ecl_mpl:/home/wellyowo/locobot_sim/locobot_ws/install/ecl_eigen:/home/wellyowo/locobot_sim/locobot_ws/install/ecl_config:/home/wellyowo/locobot_sim/locobot_ws/install/ecl_command_line:/opt/ros/humble LD_LIBRARY_PATH=/home/wellyowo/locobot_sim/locobot_ws/install/ecl_streams/lib:/home/wellyowo/locobot_sim/locobot_ws/install/ecl_geometry/lib:/home/wellyowo/locobot_sim/locobot_ws/install/ecl_devices/lib:/home/wellyowo/locobot_sim/locobot_ws/install/ecl_linear_algebra/lib:/home/wellyowo/locobot_sim/locobot_ws/install/ecl_ipc/lib:/home/wellyowo/locobot_sim/locobot_ws/install/ecl_threads/lib:/home/wellyowo/locobot_sim/locobot_ws/install/ecl_formatters/lib:/home/wellyowo/locobot_sim/locobot_ws/install/ecl_time/lib:/home/wellyowo/locobot_sim/locobot_ws/install/ecl_time_lite/lib:/home/wellyowo/locobot_sim/locobot_ws/install/ecl_exceptions/lib:/home/wellyowo/locobot_sim/locobot_ws/install/ecl_type_traits/lib:/home/wellyowo/locobot_sim/locobot_ws/install/ecl_errors/lib:${LD_LIBRARY_PATH} PATH=/home/wellyowo/locobot_sim/locobot_ws/install/ecl_type_traits/bin:/home/wellyowo/locobot_sim/locobot_ws/install/ecl_config/bin:${PATH} PKG_CONFIG_PATH=/home/wellyowo/locobot_sim/locobot_ws/install/sophus/lib/x86_64-linux-gnu/pkgconfig:/home/wellyowo/locobot_sim/locobot_ws/install/sophus/lib/pkgconfig /usr/bin/cmake /home/wellyowo/locobot_sim/locobot_ws/src/ThirdParty/ecl/ecl_core/ecl_core_apps -DBUILD_TESTING=OFF -DCMAKE_PREFIX_PATH= -DAMENT_CMAKE_SYMLINK_INSTALL=1 -DCMAKE_INSTALL_PREFIX=/home/wellyowo/locobot_sim/locobot_ws/install/ecl_core_apps
[0.910s] Invoking command in '/home/wellyowo/locobot_sim/locobot_ws/build/ecl_core_apps': AMENT_PREFIX_PATH=/home/wellyowo/locobot_sim/locobot_ws/install/ecl_streams:/home/wellyowo/locobot_sim/locobot_ws/install/ecl_geometry:/home/wellyowo/locobot_sim/locobot_ws/install/ecl_devices:/home/wellyowo/locobot_sim/locobot_ws/install/ecl_sigslots:/home/wellyowo/locobot_sim/locobot_ws/install/ecl_linear_algebra:/home/wellyowo/locobot_sim/locobot_ws/install/ecl_ipc:/home/wellyowo/locobot_sim/locobot_ws/install/ecl_containers:/home/wellyowo/locobot_sim/locobot_ws/install/ecl_threads:/home/wellyowo/locobot_sim/locobot_ws/install/ecl_formatters:/home/wellyowo/locobot_sim/locobot_ws/install/ecl_utilities:/home/wellyowo/locobot_sim/locobot_ws/install/ecl_time:/home/wellyowo/locobot_sim/locobot_ws/install/ecl_converters:/home/wellyowo/locobot_sim/locobot_ws/install/ecl_time_lite:/home/wellyowo/locobot_sim/locobot_ws/install/ecl_math:/home/wellyowo/locobot_sim/locobot_ws/install/ecl_exceptions:/home/wellyowo/locobot_sim/locobot_ws/install/ecl_concepts:/home/wellyowo/locobot_sim/locobot_ws/install/ecl_type_traits:/home/wellyowo/locobot_sim/locobot_ws/install/ecl_errors:/home/wellyowo/locobot_sim/locobot_ws/install/ecl_mpl:/home/wellyowo/locobot_sim/locobot_ws/install/ecl_eigen:/home/wellyowo/locobot_sim/locobot_ws/install/ecl_config:/home/wellyowo/locobot_sim/locobot_ws/install/ecl_command_line:${AMENT_PREFIX_PATH} CMAKE_PREFIX_PATH=/home/wellyowo/locobot_sim/locobot_ws/install/ecl_streams:/home/wellyowo/locobot_sim/locobot_ws/install/ecl_geometry:/home/wellyowo/locobot_sim/locobot_ws/install/ecl_devices:/home/wellyowo/locobot_sim/locobot_ws/install/ecl_sigslots:/home/wellyowo/locobot_sim/locobot_ws/install/ecl_linear_algebra:/home/wellyowo/locobot_sim/locobot_ws/install/ecl_ipc:/home/wellyowo/locobot_sim/locobot_ws/install/ecl_containers:/home/wellyowo/locobot_sim/locobot_ws/install/ecl_threads:/home/wellyowo/locobot_sim/locobot_ws/install/ecl_formatters:/home/wellyowo/locobot_sim/locobot_ws/install/ecl_utilities:/home/wellyowo/locobot_sim/locobot_ws/install/ecl_time:/home/wellyowo/locobot_sim/locobot_ws/install/ecl_converters:/home/wellyowo/locobot_sim/locobot_ws/install/ecl_time_lite:/home/wellyowo/locobot_sim/locobot_ws/install/ecl_math:/home/wellyowo/locobot_sim/locobot_ws/install/ecl_exceptions:/home/wellyowo/locobot_sim/locobot_ws/install/ecl_concepts:/home/wellyowo/locobot_sim/locobot_ws/install/ecl_type_traits:/home/wellyowo/locobot_sim/locobot_ws/install/ecl_errors:/home/wellyowo/locobot_sim/locobot_ws/install/sophus:/home/wellyowo/locobot_sim/locobot_ws/install/ecl_mpl:/home/wellyowo/locobot_sim/locobot_ws/install/ecl_eigen:/home/wellyowo/locobot_sim/locobot_ws/install/ecl_config:/home/wellyowo/locobot_sim/locobot_ws/install/ecl_command_line:/opt/ros/humble LD_LIBRARY_PATH=/home/wellyowo/locobot_sim/locobot_ws/install/ecl_streams/lib:/home/wellyowo/locobot_sim/locobot_ws/install/ecl_geometry/lib:/home/wellyowo/locobot_sim/locobot_ws/install/ecl_devices/lib:/home/wellyowo/locobot_sim/locobot_ws/install/ecl_linear_algebra/lib:/home/wellyowo/locobot_sim/locobot_ws/install/ecl_ipc/lib:/home/wellyowo/locobot_sim/locobot_ws/install/ecl_threads/lib:/home/wellyowo/locobot_sim/locobot_ws/install/ecl_formatters/lib:/home/wellyowo/locobot_sim/locobot_ws/install/ecl_time/lib:/home/wellyowo/locobot_sim/locobot_ws/install/ecl_time_lite/lib:/home/wellyowo/locobot_sim/locobot_ws/install/ecl_exceptions/lib:/home/wellyowo/locobot_sim/locobot_ws/install/ecl_type_traits/lib:/home/wellyowo/locobot_sim/locobot_ws/install/ecl_errors/lib:${LD_LIBRARY_PATH} PATH=/home/wellyowo/locobot_sim/locobot_ws/install/ecl_type_traits/bin:/home/wellyowo/locobot_sim/locobot_ws/install/ecl_config/bin:${PATH} PKG_CONFIG_PATH=/home/wellyowo/locobot_sim/locobot_ws/install/sophus/lib/x86_64-linux-gnu/pkgconfig:/home/wellyowo/locobot_sim/locobot_ws/install/sophus/lib/pkgconfig /usr/bin/cmake --build /home/wellyowo/locobot_sim/locobot_ws/build/ecl_core_apps -- -j16 -l16
[0.970s] [  2%] [32mBuilding CXX object src/benchmarks/CMakeFiles/ecl_bench_exceptions.dir/exceptions.cpp.o[0m
[0.971s] [  5%] [32mBuilding CXX object src/benchmarks/CMakeFiles/ecl_bench_containers.dir/containers.cpp.o[0m
[0.971s] [  8%] [32mBuilding CXX object src/benchmarks/CMakeFiles/ecl_bench_snooze.dir/snooze.cpp.o[0m
[0.972s] [ 11%] [32mBuilding CXX object src/benchmarks/CMakeFiles/ecl_bench_flops.dir/flops.cpp.o[0m
[0.975s] [ 14%] [32mBuilding CXX object src/benchmarks/CMakeFiles/ecl_bench_files.dir/files.cpp.o[0m
[1.350s] [ 17%] [32m[1mLinking CXX executable ecl_bench_snooze[0m
[1.405s] [ 20%] [32m[1mLinking CXX executable ecl_bench_exceptions[0m
[1.455s] [ 20%] Built target ecl_bench_snooze
[1.484s] [ 23%] [32mBuilding CXX object src/utils/CMakeFiles/ecl_quaternion2yaw.dir/quaternion2yaw.cpp.o[0m
[1.505s] [ 23%] Built target ecl_bench_exceptions
[1.526s] [ 26%] [32mBuilding CXX object src/utils/CMakeFiles/ecl_yaw2quaternion.dir/yaw2quaternion.cpp.o[0m
[1.628s] [ 29%] [32m[1mLinking CXX executable ecl_bench_containers[0m
[1.766s] [ 32%] [32m[1mLinking CXX executable ecl_bench_files[0m
[1.876s] [ 32%] Built target ecl_bench_containers
[1.919s] [ 41%] [32mBuilding CXX object src/utils/CMakeFiles/ecl_socket_client.dir/socket_client.cpp.o[0m
[1.919s] [ 41%] [32mBuilding CXX object src/utils/CMakeFiles/ecl_socket_server.dir/socket_server.cpp.o[0m
[1.920s] [ 41%] [32mBuilding CXX object src/utils/CMakeFiles/ecl_process_statistics.dir/process_statistics.cpp.o[0m
[2.023s] [ 41%] Built target ecl_bench_files
[2.068s] [ 44%] [32mBuilding CXX object src/utils/CMakeFiles/ecl_serial.dir/serial.cpp.o[0m
[2.280s] [ 47%] [32m[1mLinking CXX executable ecl_bench_flops[0m
[2.298s] [ 50%] [32m[1mLinking CXX executable bin/ecl_process_statistics[0m
[2.468s] [ 50%] Built target ecl_process_statistics
[2.516s] [ 52%] [32mBuilding CXX object src/utils/CMakeFiles/ecl_hex.dir/hex.cpp.o[0m
[2.557s] [ 52%] Built target ecl_bench_flops
[2.595s] [ 55%] [32mBuilding CXX object src/benchmarks/CMakeFiles/ecl_bench_eigen3_transforms.dir/eigen3_transforms.cpp.o[0m
[3.438s] [ 58%] [32m[1mLinking CXX executable ecl_socket_client[0m
[3.478s] [ 61%] [32m[1mLinking CXX executable ecl_socket_server[0m
[3.500s] [ 64%] [32m[1mLinking CXX executable ecl_serial[0m
[3.744s] [ 64%] Built target ecl_socket_client
[3.765s] [ 64%] Built target ecl_socket_server
[3.802s] [ 67%] [32mBuilding CXX object src/benchmarks/CMakeFiles/ecl_bench_eigen3_inverse.dir/eigen3_inverse.cpp.o[0m
[3.813s] [ 70%] [32mBuilding CXX object src/benchmarks/CMakeFiles/ecl_bench_eigen3_decompositions.dir/eigen3_decompositions.cpp.o[0m
[3.820s] [ 73%] [32mBuilding CXX object src/benchmarks/CMakeFiles/ecl_bench_string_conversions.dir/string_conversions.cpp.o[0m
[3.831s] [ 76%] [32mBuilding CXX object src/benchmarks/CMakeFiles/ecl_bench_streams.dir/streams.cpp.o[0m
[3.947s] [ 76%] Built target ecl_serial
[4.192s] [ 79%] [32m[1mLinking CXX executable ecl_hex[0m
[4.358s] [ 82%] [32m[1mLinking CXX executable bin/ecl_quaternion2yaw[0m
[4.673s] [ 85%] [32m[1mLinking CXX executable ecl_bench_string_conversions[0m
[4.680s] [ 85%] Built target ecl_hex
[4.809s] [ 85%] Built target ecl_quaternion2yaw
[4.947s] [ 88%] [32m[1mLinking CXX executable ecl_bench_streams[0m
[4.982s] [ 91%] [32m[1mLinking CXX executable bin/ecl_yaw2quaternion[0m
[5.039s] [ 91%] Built target ecl_bench_string_conversions
[5.265s] [ 91%] Built target ecl_bench_streams
[5.284s] [ 91%] Built target ecl_yaw2quaternion
[11.402s] [ 94%] [32m[1mLinking CXX executable ecl_bench_eigen3_inverse[0m
[11.583s] [ 94%] Built target ecl_bench_eigen3_inverse
[13.469s] [ 97%] [32m[1mLinking CXX executable ecl_bench_eigen3_transforms[0m
[13.734s] [ 97%] Built target ecl_bench_eigen3_transforms
[21.146s] [100%] [32m[1mLinking CXX executable ecl_bench_eigen3_decompositions[0m
[21.448s] [100%] Built target ecl_bench_eigen3_decompositions
[21.461s] Invoked command in '/home/wellyowo/locobot_sim/locobot_ws/build/ecl_core_apps' returned '0': AMENT_PREFIX_PATH=/home/wellyowo/locobot_sim/locobot_ws/install/ecl_streams:/home/wellyowo/locobot_sim/locobot_ws/install/ecl_geometry:/home/wellyowo/locobot_sim/locobot_ws/install/ecl_devices:/home/wellyowo/locobot_sim/locobot_ws/install/ecl_sigslots:/home/wellyowo/locobot_sim/locobot_ws/install/ecl_linear_algebra:/home/wellyowo/locobot_sim/locobot_ws/install/ecl_ipc:/home/wellyowo/locobot_sim/locobot_ws/install/ecl_containers:/home/wellyowo/locobot_sim/locobot_ws/install/ecl_threads:/home/wellyowo/locobot_sim/locobot_ws/install/ecl_formatters:/home/wellyowo/locobot_sim/locobot_ws/install/ecl_utilities:/home/wellyowo/locobot_sim/locobot_ws/install/ecl_time:/home/wellyowo/locobot_sim/locobot_ws/install/ecl_converters:/home/wellyowo/locobot_sim/locobot_ws/install/ecl_time_lite:/home/wellyowo/locobot_sim/locobot_ws/install/ecl_math:/home/wellyowo/locobot_sim/locobot_ws/install/ecl_exceptions:/home/wellyowo/locobot_sim/locobot_ws/install/ecl_concepts:/home/wellyowo/locobot_sim/locobot_ws/install/ecl_type_traits:/home/wellyowo/locobot_sim/locobot_ws/install/ecl_errors:/home/wellyowo/locobot_sim/locobot_ws/install/ecl_mpl:/home/wellyowo/locobot_sim/locobot_ws/install/ecl_eigen:/home/wellyowo/locobot_sim/locobot_ws/install/ecl_config:/home/wellyowo/locobot_sim/locobot_ws/install/ecl_command_line:${AMENT_PREFIX_PATH} CMAKE_PREFIX_PATH=/home/wellyowo/locobot_sim/locobot_ws/install/ecl_streams:/home/wellyowo/locobot_sim/locobot_ws/install/ecl_geometry:/home/wellyowo/locobot_sim/locobot_ws/install/ecl_devices:/home/wellyowo/locobot_sim/locobot_ws/install/ecl_sigslots:/home/wellyowo/locobot_sim/locobot_ws/install/ecl_linear_algebra:/home/wellyowo/locobot_sim/locobot_ws/install/ecl_ipc:/home/wellyowo/locobot_sim/locobot_ws/install/ecl_containers:/home/wellyowo/locobot_sim/locobot_ws/install/ecl_threads:/home/wellyowo/locobot_sim/locobot_ws/install/ecl_formatters:/home/wellyowo/locobot_sim/locobot_ws/install/ecl_utilities:/home/wellyowo/locobot_sim/locobot_ws/install/ecl_time:/home/wellyowo/locobot_sim/locobot_ws/install/ecl_converters:/home/wellyowo/locobot_sim/locobot_ws/install/ecl_time_lite:/home/wellyowo/locobot_sim/locobot_ws/install/ecl_math:/home/wellyowo/locobot_sim/locobot_ws/install/ecl_exceptions:/home/wellyowo/locobot_sim/locobot_ws/install/ecl_concepts:/home/wellyowo/locobot_sim/locobot_ws/install/ecl_type_traits:/home/wellyowo/locobot_sim/locobot_ws/install/ecl_errors:/home/wellyowo/locobot_sim/locobot_ws/install/sophus:/home/wellyowo/locobot_sim/locobot_ws/install/ecl_mpl:/home/wellyowo/locobot_sim/locobot_ws/install/ecl_eigen:/home/wellyowo/locobot_sim/locobot_ws/install/ecl_config:/home/wellyowo/locobot_sim/locobot_ws/install/ecl_command_line:/opt/ros/humble LD_LIBRARY_PATH=/home/wellyowo/locobot_sim/locobot_ws/install/ecl_streams/lib:/home/wellyowo/locobot_sim/locobot_ws/install/ecl_geometry/lib:/home/wellyowo/locobot_sim/locobot_ws/install/ecl_devices/lib:/home/wellyowo/locobot_sim/locobot_ws/install/ecl_linear_algebra/lib:/home/wellyowo/locobot_sim/locobot_ws/install/ecl_ipc/lib:/home/wellyowo/locobot_sim/locobot_ws/install/ecl_threads/lib:/home/wellyowo/locobot_sim/locobot_ws/install/ecl_formatters/lib:/home/wellyowo/locobot_sim/locobot_ws/install/ecl_time/lib:/home/wellyowo/locobot_sim/locobot_ws/install/ecl_time_lite/lib:/home/wellyowo/locobot_sim/locobot_ws/install/ecl_exceptions/lib:/home/wellyowo/locobot_sim/locobot_ws/install/ecl_type_traits/lib:/home/wellyowo/locobot_sim/locobot_ws/install/ecl_errors/lib:${LD_LIBRARY_PATH} PATH=/home/wellyowo/locobot_sim/locobot_ws/install/ecl_type_traits/bin:/home/wellyowo/locobot_sim/locobot_ws/install/ecl_config/bin:${PATH} PKG_CONFIG_PATH=/home/wellyowo/locobot_sim/locobot_ws/install/sophus/lib/x86_64-linux-gnu/pkgconfig:/home/wellyowo/locobot_sim/locobot_ws/install/sophus/lib/pkgconfig /usr/bin/cmake --build /home/wellyowo/locobot_sim/locobot_ws/build/ecl_core_apps -- -j16 -l16
[21.462s] Invoking command in '/home/wellyowo/locobot_sim/locobot_ws/build/ecl_core_apps': AMENT_PREFIX_PATH=/home/wellyowo/locobot_sim/locobot_ws/install/ecl_streams:/home/wellyowo/locobot_sim/locobot_ws/install/ecl_geometry:/home/wellyowo/locobot_sim/locobot_ws/install/ecl_devices:/home/wellyowo/locobot_sim/locobot_ws/install/ecl_sigslots:/home/wellyowo/locobot_sim/locobot_ws/install/ecl_linear_algebra:/home/wellyowo/locobot_sim/locobot_ws/install/ecl_ipc:/home/wellyowo/locobot_sim/locobot_ws/install/ecl_containers:/home/wellyowo/locobot_sim/locobot_ws/install/ecl_threads:/home/wellyowo/locobot_sim/locobot_ws/install/ecl_formatters:/home/wellyowo/locobot_sim/locobot_ws/install/ecl_utilities:/home/wellyowo/locobot_sim/locobot_ws/install/ecl_time:/home/wellyowo/locobot_sim/locobot_ws/install/ecl_converters:/home/wellyowo/locobot_sim/locobot_ws/install/ecl_time_lite:/home/wellyowo/locobot_sim/locobot_ws/install/ecl_math:/home/wellyowo/locobot_sim/locobot_ws/install/ecl_exceptions:/home/wellyowo/locobot_sim/locobot_ws/install/ecl_concepts:/home/wellyowo/locobot_sim/locobot_ws/install/ecl_type_traits:/home/wellyowo/locobot_sim/locobot_ws/install/ecl_errors:/home/wellyowo/locobot_sim/locobot_ws/install/ecl_mpl:/home/wellyowo/locobot_sim/locobot_ws/install/ecl_eigen:/home/wellyowo/locobot_sim/locobot_ws/install/ecl_config:/home/wellyowo/locobot_sim/locobot_ws/install/ecl_command_line:${AMENT_PREFIX_PATH} CMAKE_PREFIX_PATH=/home/wellyowo/locobot_sim/locobot_ws/install/ecl_streams:/home/wellyowo/locobot_sim/locobot_ws/install/ecl_geometry:/home/wellyowo/locobot_sim/locobot_ws/install/ecl_devices:/home/wellyowo/locobot_sim/locobot_ws/install/ecl_sigslots:/home/wellyowo/locobot_sim/locobot_ws/install/ecl_linear_algebra:/home/wellyowo/locobot_sim/locobot_ws/install/ecl_ipc:/home/wellyowo/locobot_sim/locobot_ws/install/ecl_containers:/home/wellyowo/locobot_sim/locobot_ws/install/ecl_threads:/home/wellyowo/locobot_sim/locobot_ws/install/ecl_formatters:/home/wellyowo/locobot_sim/locobot_ws/install/ecl_utilities:/home/wellyowo/locobot_sim/locobot_ws/install/ecl_time:/home/wellyowo/locobot_sim/locobot_ws/install/ecl_converters:/home/wellyowo/locobot_sim/locobot_ws/install/ecl_time_lite:/home/wellyowo/locobot_sim/locobot_ws/install/ecl_math:/home/wellyowo/locobot_sim/locobot_ws/install/ecl_exceptions:/home/wellyowo/locobot_sim/locobot_ws/install/ecl_concepts:/home/wellyowo/locobot_sim/locobot_ws/install/ecl_type_traits:/home/wellyowo/locobot_sim/locobot_ws/install/ecl_errors:/home/wellyowo/locobot_sim/locobot_ws/install/sophus:/home/wellyowo/locobot_sim/locobot_ws/install/ecl_mpl:/home/wellyowo/locobot_sim/locobot_ws/install/ecl_eigen:/home/wellyowo/locobot_sim/locobot_ws/install/ecl_config:/home/wellyowo/locobot_sim/locobot_ws/install/ecl_command_line:/opt/ros/humble LD_LIBRARY_PATH=/home/wellyowo/locobot_sim/locobot_ws/install/ecl_streams/lib:/home/wellyowo/locobot_sim/locobot_ws/install/ecl_geometry/lib:/home/wellyowo/locobot_sim/locobot_ws/install/ecl_devices/lib:/home/wellyowo/locobot_sim/locobot_ws/install/ecl_linear_algebra/lib:/home/wellyowo/locobot_sim/locobot_ws/install/ecl_ipc/lib:/home/wellyowo/locobot_sim/locobot_ws/install/ecl_threads/lib:/home/wellyowo/locobot_sim/locobot_ws/install/ecl_formatters/lib:/home/wellyowo/locobot_sim/locobot_ws/install/ecl_time/lib:/home/wellyowo/locobot_sim/locobot_ws/install/ecl_time_lite/lib:/home/wellyowo/locobot_sim/locobot_ws/install/ecl_exceptions/lib:/home/wellyowo/locobot_sim/locobot_ws/install/ecl_type_traits/lib:/home/wellyowo/locobot_sim/locobot_ws/install/ecl_errors/lib:${LD_LIBRARY_PATH} PATH=/home/wellyowo/locobot_sim/locobot_ws/install/ecl_type_traits/bin:/home/wellyowo/locobot_sim/locobot_ws/install/ecl_config/bin:${PATH} PKG_CONFIG_PATH=/home/wellyowo/locobot_sim/locobot_ws/install/sophus/lib/x86_64-linux-gnu/pkgconfig:/home/wellyowo/locobot_sim/locobot_ws/install/sophus/lib/pkgconfig /usr/bin/cmake --install /home/wellyowo/locobot_sim/locobot_ws/build/ecl_core_apps
[21.469s] -- Install configuration: ""
[21.469s] -- Execute custom install script
[21.469s] -- Symlinking: /home/wellyowo/locobot_sim/locobot_ws/install/ecl_core_apps/bin/ecl_bench_containers
[21.480s] -- Symlinking: /home/wellyowo/locobot_sim/locobot_ws/install/ecl_core_apps/bin/ecl_bench_files
[21.488s] -- Symlinking: /home/wellyowo/locobot_sim/locobot_ws/install/ecl_core_apps/bin/ecl_bench_flops
[21.497s] -- Symlinking: /home/wellyowo/locobot_sim/locobot_ws/install/ecl_core_apps/bin/ecl_bench_exceptions
[21.505s] -- Symlinking: /home/wellyowo/locobot_sim/locobot_ws/install/ecl_core_apps/bin/ecl_bench_snooze
[21.513s] -- Symlinking: /home/wellyowo/locobot_sim/locobot_ws/install/ecl_core_apps/bin/ecl_bench_streams
[21.522s] -- Symlinking: /home/wellyowo/locobot_sim/locobot_ws/install/ecl_core_apps/bin/ecl_bench_string_conversions
[21.532s] -- Symlinking: /home/wellyowo/locobot_sim/locobot_ws/install/ecl_core_apps/bin/ecl_bench_eigen3_inverse
[21.541s] -- Symlinking: /home/wellyowo/locobot_sim/locobot_ws/install/ecl_core_apps/bin/ecl_bench_eigen3_decompositions
[21.556s] -- Symlinking: /home/wellyowo/locobot_sim/locobot_ws/install/ecl_core_apps/bin/ecl_bench_eigen3_transforms
[21.569s] -- Symlinking: /home/wellyowo/locobot_sim/locobot_ws/install/ecl_core_apps/lib/ecl_core_apps/ecl_hex
[21.582s] -- Symlinking: /home/wellyowo/locobot_sim/locobot_ws/install/ecl_core_apps/lib/ecl_core_apps/ecl_serial
[21.597s] -- Symlinking: /home/wellyowo/locobot_sim/locobot_ws/install/ecl_core_apps/lib/ecl_core_apps/ecl_socket_client
[21.608s] -- Symlinking: /home/wellyowo/locobot_sim/locobot_ws/install/ecl_core_apps/lib/ecl_core_apps/ecl_socket_server
[21.619s] -- Symlinking: /home/wellyowo/locobot_sim/locobot_ws/install/ecl_core_apps/bin/ecl_process_statistics
[21.632s] -- Symlinking: /home/wellyowo/locobot_sim/locobot_ws/install/ecl_core_apps/bin/ecl_quaternion2yaw
[21.643s] -- Symlinking: /home/wellyowo/locobot_sim/locobot_ws/install/ecl_core_apps/bin/ecl_yaw2quaternion
[21.652s] -- Symlinking: /home/wellyowo/locobot_sim/locobot_ws/install/ecl_core_apps/share/ament_index/resource_index/package_run_dependencies/ecl_core_apps
[21.662s] -- Symlinking: /home/wellyowo/locobot_sim/locobot_ws/install/ecl_core_apps/share/ament_index/resource_index/parent_prefix_path/ecl_core_apps
[21.671s] -- Symlinking: /home/wellyowo/locobot_sim/locobot_ws/install/ecl_core_apps/share/ecl_core_apps/environment/ament_prefix_path.sh
[21.680s] -- Symlinking: /home/wellyowo/locobot_sim/locobot_ws/install/ecl_core_apps/share/ecl_core_apps/environment/ament_prefix_path.dsv
[21.689s] -- Symlinking: /home/wellyowo/locobot_sim/locobot_ws/install/ecl_core_apps/share/ecl_core_apps/environment/path.sh
[21.698s] -- Symlinking: /home/wellyowo/locobot_sim/locobot_ws/install/ecl_core_apps/share/ecl_core_apps/environment/path.dsv
[21.706s] -- Symlinking: /home/wellyowo/locobot_sim/locobot_ws/install/ecl_core_apps/share/ecl_core_apps/local_setup.bash
[21.714s] -- Symlinking: /home/wellyowo/locobot_sim/locobot_ws/install/ecl_core_apps/share/ecl_core_apps/local_setup.sh
[21.725s] -- Symlinking: /home/wellyowo/locobot_sim/locobot_ws/install/ecl_core_apps/share/ecl_core_apps/local_setup.zsh
[21.735s] -- Symlinking: /home/wellyowo/locobot_sim/locobot_ws/install/ecl_core_apps/share/ecl_core_apps/local_setup.dsv
[21.746s] -- Symlinking: /home/wellyowo/locobot_sim/locobot_ws/install/ecl_core_apps/share/ecl_core_apps/package.dsv
[21.760s] -- Symlinking: /home/wellyowo/locobot_sim/locobot_ws/install/ecl_core_apps/share/ament_index/resource_index/packages/ecl_core_apps
[21.779s] -- Symlinking: /home/wellyowo/locobot_sim/locobot_ws/install/ecl_core_apps/share/ecl_core_apps/cmake/ecl_core_appsConfig.cmake
[21.792s] -- Symlinking: /home/wellyowo/locobot_sim/locobot_ws/install/ecl_core_apps/share/ecl_core_apps/cmake/ecl_core_appsConfig-version.cmake
[21.802s] -- Symlinking: /home/wellyowo/locobot_sim/locobot_ws/install/ecl_core_apps/share/ecl_core_apps/package.xml
[21.818s] Invoked command in '/home/wellyowo/locobot_sim/locobot_ws/build/ecl_core_apps' returned '0': AMENT_PREFIX_PATH=/home/wellyowo/locobot_sim/locobot_ws/install/ecl_streams:/home/wellyowo/locobot_sim/locobot_ws/install/ecl_geometry:/home/wellyowo/locobot_sim/locobot_ws/install/ecl_devices:/home/wellyowo/locobot_sim/locobot_ws/install/ecl_sigslots:/home/wellyowo/locobot_sim/locobot_ws/install/ecl_linear_algebra:/home/wellyowo/locobot_sim/locobot_ws/install/ecl_ipc:/home/wellyowo/locobot_sim/locobot_ws/install/ecl_containers:/home/wellyowo/locobot_sim/locobot_ws/install/ecl_threads:/home/wellyowo/locobot_sim/locobot_ws/install/ecl_formatters:/home/wellyowo/locobot_sim/locobot_ws/install/ecl_utilities:/home/wellyowo/locobot_sim/locobot_ws/install/ecl_time:/home/wellyowo/locobot_sim/locobot_ws/install/ecl_converters:/home/wellyowo/locobot_sim/locobot_ws/install/ecl_time_lite:/home/wellyowo/locobot_sim/locobot_ws/install/ecl_math:/home/wellyowo/locobot_sim/locobot_ws/install/ecl_exceptions:/home/wellyowo/locobot_sim/locobot_ws/install/ecl_concepts:/home/wellyowo/locobot_sim/locobot_ws/install/ecl_type_traits:/home/wellyowo/locobot_sim/locobot_ws/install/ecl_errors:/home/wellyowo/locobot_sim/locobot_ws/install/ecl_mpl:/home/wellyowo/locobot_sim/locobot_ws/install/ecl_eigen:/home/wellyowo/locobot_sim/locobot_ws/install/ecl_config:/home/wellyowo/locobot_sim/locobot_ws/install/ecl_command_line:${AMENT_PREFIX_PATH} CMAKE_PREFIX_PATH=/home/wellyowo/locobot_sim/locobot_ws/install/ecl_streams:/home/wellyowo/locobot_sim/locobot_ws/install/ecl_geometry:/home/wellyowo/locobot_sim/locobot_ws/install/ecl_devices:/home/wellyowo/locobot_sim/locobot_ws/install/ecl_sigslots:/home/wellyowo/locobot_sim/locobot_ws/install/ecl_linear_algebra:/home/wellyowo/locobot_sim/locobot_ws/install/ecl_ipc:/home/wellyowo/locobot_sim/locobot_ws/install/ecl_containers:/home/wellyowo/locobot_sim/locobot_ws/install/ecl_threads:/home/wellyowo/locobot_sim/locobot_ws/install/ecl_formatters:/home/wellyowo/locobot_sim/locobot_ws/install/ecl_utilities:/home/wellyowo/locobot_sim/locobot_ws/install/ecl_time:/home/wellyowo/locobot_sim/locobot_ws/install/ecl_converters:/home/wellyowo/locobot_sim/locobot_ws/install/ecl_time_lite:/home/wellyowo/locobot_sim/locobot_ws/install/ecl_math:/home/wellyowo/locobot_sim/locobot_ws/install/ecl_exceptions:/home/wellyowo/locobot_sim/locobot_ws/install/ecl_concepts:/home/wellyowo/locobot_sim/locobot_ws/install/ecl_type_traits:/home/wellyowo/locobot_sim/locobot_ws/install/ecl_errors:/home/wellyowo/locobot_sim/locobot_ws/install/sophus:/home/wellyowo/locobot_sim/locobot_ws/install/ecl_mpl:/home/wellyowo/locobot_sim/locobot_ws/install/ecl_eigen:/home/wellyowo/locobot_sim/locobot_ws/install/ecl_config:/home/wellyowo/locobot_sim/locobot_ws/install/ecl_command_line:/opt/ros/humble LD_LIBRARY_PATH=/home/wellyowo/locobot_sim/locobot_ws/install/ecl_streams/lib:/home/wellyowo/locobot_sim/locobot_ws/install/ecl_geometry/lib:/home/wellyowo/locobot_sim/locobot_ws/install/ecl_devices/lib:/home/wellyowo/locobot_sim/locobot_ws/install/ecl_linear_algebra/lib:/home/wellyowo/locobot_sim/locobot_ws/install/ecl_ipc/lib:/home/wellyowo/locobot_sim/locobot_ws/install/ecl_threads/lib:/home/wellyowo/locobot_sim/locobot_ws/install/ecl_formatters/lib:/home/wellyowo/locobot_sim/locobot_ws/install/ecl_time/lib:/home/wellyowo/locobot_sim/locobot_ws/install/ecl_time_lite/lib:/home/wellyowo/locobot_sim/locobot_ws/install/ecl_exceptions/lib:/home/wellyowo/locobot_sim/locobot_ws/install/ecl_type_traits/lib:/home/wellyowo/locobot_sim/locobot_ws/install/ecl_errors/lib:${LD_LIBRARY_PATH} PATH=/home/wellyowo/locobot_sim/locobot_ws/install/ecl_type_traits/bin:/home/wellyowo/locobot_sim/locobot_ws/install/ecl_config/bin:${PATH} PKG_CONFIG_PATH=/home/wellyowo/locobot_sim/locobot_ws/install/sophus/lib/x86_64-linux-gnu/pkgconfig:/home/wellyowo/locobot_sim/locobot_ws/install/sophus/lib/pkgconfig /usr/bin/cmake --install /home/wellyowo/locobot_sim/locobot_ws/build/ecl_core_apps
