[0.123s] Invoking command in '/home/wellyowo/locobot_sim/locobot_ws/build/ecl_sigslots': AMENT_PREFIX_PATH=/home/wellyowo/locobot_sim/locobot_ws/install/ecl_threads:/home/wellyowo/locobot_sim/locobot_ws/install/ecl_utilities:/home/wellyowo/locobot_sim/locobot_ws/install/ecl_time:/home/wellyowo/locobot_sim/locobot_ws/install/ecl_time_lite:/home/wellyowo/locobot_sim/locobot_ws/install/ecl_exceptions:/home/wellyowo/locobot_sim/locobot_ws/install/ecl_concepts:/home/wellyowo/locobot_sim/locobot_ws/install/ecl_type_traits:/home/wellyowo/locobot_sim/locobot_ws/install/ecl_errors:/home/wellyowo/locobot_sim/locobot_ws/install/ecl_mpl:/home/wellyowo/locobot_sim/locobot_ws/install/ecl_config:${AMENT_PREFIX_PATH} CMAKE_PREFIX_PATH=/home/wellyowo/locobot_sim/locobot_ws/install/ecl_threads:/home/wellyowo/locobot_sim/locobot_ws/install/ecl_utilities:/home/wellyowo/locobot_sim/locobot_ws/install/ecl_time:/home/wellyowo/locobot_sim/locobot_ws/install/ecl_time_lite:/home/wellyowo/locobot_sim/locobot_ws/install/ecl_exceptions:/home/wellyowo/locobot_sim/locobot_ws/install/ecl_concepts:/home/wellyowo/locobot_sim/locobot_ws/install/ecl_type_traits:/home/wellyowo/locobot_sim/locobot_ws/install/ecl_errors:/home/wellyowo/locobot_sim/locobot_ws/install/ecl_mpl:/home/wellyowo/locobot_sim/locobot_ws/install/ecl_config:/opt/ros/humble LD_LIBRARY_PATH=/home/wellyowo/locobot_sim/locobot_ws/install/ecl_threads/lib:/home/wellyowo/locobot_sim/locobot_ws/install/ecl_time/lib:/home/wellyowo/locobot_sim/locobot_ws/install/ecl_time_lite/lib:/home/wellyowo/locobot_sim/locobot_ws/install/ecl_exceptions/lib:/home/wellyowo/locobot_sim/locobot_ws/install/ecl_type_traits/lib:/home/wellyowo/locobot_sim/locobot_ws/install/ecl_errors/lib:/opt/ros/humble/opt/rviz_ogre_vendor/lib:/opt/ros/humble/lib/x86_64-linux-gnu:/opt/ros/humble/lib:/usr/local/nvidia/lib:/usr/local/nvidia/lib64:/usr/lib/x86_64-linux-gnu/gazebo-11/plugins PATH=/home/wellyowo/locobot_sim/locobot_ws/install/ecl_type_traits/bin:/home/wellyowo/locobot_sim/locobot_ws/install/ecl_config/bin:${PATH} /usr/bin/cmake /home/wellyowo/locobot_sim/locobot_ws/src/ThirdParty/ecl/ecl_core/ecl_sigslots -DBUILD_TESTING=OFF -DCMAKE_PREFIX_PATH= -DAMENT_CMAKE_SYMLINK_INSTALL=1 -DCMAKE_INSTALL_PREFIX=/home/wellyowo/locobot_sim/locobot_ws/install/ecl_sigslots
[0.389s] -- The C compiler identification is GNU 11.4.0
[0.594s] -- The CXX compiler identification is GNU 11.4.0
[0.628s] -- Detecting C compiler ABI info
[0.853s] -- Detecting C compiler ABI info - done
[0.880s] -- Check for working C compiler: /usr/bin/cc - skipped
[0.880s] -- Detecting C compile features
[0.882s] -- Detecting C compile features - done
[0.898s] -- Detecting CXX compiler ABI info
[1.229s] -- Detecting CXX compiler ABI info - done
[1.253s] -- Check for working CXX compiler: /usr/bin/c++ - skipped
[1.253s] -- Detecting CXX compile features
[1.254s] -- Detecting CXX compile features - done
[1.266s] -- Found ament_cmake_ros: 0.10.0 (/opt/ros/humble/share/ament_cmake_ros/cmake)
[1.646s] -- Found Python3: /usr/bin/python3 (found version "3.10.12") found components: Interpreter 
[1.774s] -- Override CMake install command with custom implementation using symlinks instead of copying resources
[1.852s] -- Found ecl_build: 1.0.3 (/opt/ros/humble/share/ecl_build/cmake)
[1.861s] -- Found ecl_config: 1.2.0 (/home/wellyowo/locobot_sim/locobot_ws/install/ecl_config/share/ecl_config/cmake)
[1.866s] -- Found ecl_threads: 1.2.1 (/home/wellyowo/locobot_sim/locobot_ws/install/ecl_threads/share/ecl_threads/cmake)
[1.867s] -- Looking for pthread.h
[2.020s] -- Looking for pthread.h - found
[2.020s] -- Performing Test CMAKE_HAVE_LIBC_PTHREAD
[2.218s] -- Performing Test CMAKE_HAVE_LIBC_PTHREAD - Success
[2.219s] [33mCMake Warning (dev) at /usr/share/cmake-3.22/Modules/FindPackageHandleStandardArgs.cmake:438 (message):
[2.219s]   The package name passed to `find_package_handle_standard_args` (Threads)
[2.219s]   does not match the name of the calling package (ecl_threads).  This can
[2.219s]   lead to problems in calling code that expects `find_package` result
[2.219s]   variables (e.g., `_FOUND`) to follow a certain pattern.
[2.219s] Call Stack (most recent call first):
[2.219s]   /usr/share/cmake-3.22/Modules/FindThreads.cmake:238 (FIND_PACKAGE_HANDLE_STANDARD_ARGS)
[2.219s]   /opt/ros/humble/share/ecl_build/cmake/ecl_platform_detection.cmake:225 (include)
[2.219s]   /home/wellyowo/locobot_sim/locobot_ws/install/ecl_threads/share/ecl_threads/cmake/ecl_threads-extras.cmake:4 (ecl_detect_threads)
[2.219s]   /home/wellyowo/locobot_sim/locobot_ws/install/ecl_threads/share/ecl_threads/cmake/ecl_threadsConfig.cmake:41 (include)
[2.219s]   CMakeLists.txt:19 (find_package)
[2.219s] This warning is for project developers.  Use -Wno-dev to suppress it.
[2.220s] [0m
[2.224s] -- Found Threads: TRUE  
[2.462s] -- Configuring done
[2.479s] -- Generating done
[2.484s] -- Build files have been written to: /home/wellyowo/locobot_sim/locobot_ws/build/ecl_sigslots
[2.510s] Invoked command in '/home/wellyowo/locobot_sim/locobot_ws/build/ecl_sigslots' returned '0': AMENT_PREFIX_PATH=/home/wellyowo/locobot_sim/locobot_ws/install/ecl_threads:/home/wellyowo/locobot_sim/locobot_ws/install/ecl_utilities:/home/wellyowo/locobot_sim/locobot_ws/install/ecl_time:/home/wellyowo/locobot_sim/locobot_ws/install/ecl_time_lite:/home/wellyowo/locobot_sim/locobot_ws/install/ecl_exceptions:/home/wellyowo/locobot_sim/locobot_ws/install/ecl_concepts:/home/wellyowo/locobot_sim/locobot_ws/install/ecl_type_traits:/home/wellyowo/locobot_sim/locobot_ws/install/ecl_errors:/home/wellyowo/locobot_sim/locobot_ws/install/ecl_mpl:/home/wellyowo/locobot_sim/locobot_ws/install/ecl_config:${AMENT_PREFIX_PATH} CMAKE_PREFIX_PATH=/home/wellyowo/locobot_sim/locobot_ws/install/ecl_threads:/home/wellyowo/locobot_sim/locobot_ws/install/ecl_utilities:/home/wellyowo/locobot_sim/locobot_ws/install/ecl_time:/home/wellyowo/locobot_sim/locobot_ws/install/ecl_time_lite:/home/wellyowo/locobot_sim/locobot_ws/install/ecl_exceptions:/home/wellyowo/locobot_sim/locobot_ws/install/ecl_concepts:/home/wellyowo/locobot_sim/locobot_ws/install/ecl_type_traits:/home/wellyowo/locobot_sim/locobot_ws/install/ecl_errors:/home/wellyowo/locobot_sim/locobot_ws/install/ecl_mpl:/home/wellyowo/locobot_sim/locobot_ws/install/ecl_config:/opt/ros/humble LD_LIBRARY_PATH=/home/wellyowo/locobot_sim/locobot_ws/install/ecl_threads/lib:/home/wellyowo/locobot_sim/locobot_ws/install/ecl_time/lib:/home/wellyowo/locobot_sim/locobot_ws/install/ecl_time_lite/lib:/home/wellyowo/locobot_sim/locobot_ws/install/ecl_exceptions/lib:/home/wellyowo/locobot_sim/locobot_ws/install/ecl_type_traits/lib:/home/wellyowo/locobot_sim/locobot_ws/install/ecl_errors/lib:/opt/ros/humble/opt/rviz_ogre_vendor/lib:/opt/ros/humble/lib/x86_64-linux-gnu:/opt/ros/humble/lib:/usr/local/nvidia/lib:/usr/local/nvidia/lib64:/usr/lib/x86_64-linux-gnu/gazebo-11/plugins PATH=/home/wellyowo/locobot_sim/locobot_ws/install/ecl_type_traits/bin:/home/wellyowo/locobot_sim/locobot_ws/install/ecl_config/bin:${PATH} /usr/bin/cmake /home/wellyowo/locobot_sim/locobot_ws/src/ThirdParty/ecl/ecl_core/ecl_sigslots -DBUILD_TESTING=OFF -DCMAKE_PREFIX_PATH= -DAMENT_CMAKE_SYMLINK_INSTALL=1 -DCMAKE_INSTALL_PREFIX=/home/wellyowo/locobot_sim/locobot_ws/install/ecl_sigslots
[2.511s] Invoking command in '/home/wellyowo/locobot_sim/locobot_ws/build/ecl_sigslots': AMENT_PREFIX_PATH=/home/wellyowo/locobot_sim/locobot_ws/install/ecl_threads:/home/wellyowo/locobot_sim/locobot_ws/install/ecl_utilities:/home/wellyowo/locobot_sim/locobot_ws/install/ecl_time:/home/wellyowo/locobot_sim/locobot_ws/install/ecl_time_lite:/home/wellyowo/locobot_sim/locobot_ws/install/ecl_exceptions:/home/wellyowo/locobot_sim/locobot_ws/install/ecl_concepts:/home/wellyowo/locobot_sim/locobot_ws/install/ecl_type_traits:/home/wellyowo/locobot_sim/locobot_ws/install/ecl_errors:/home/wellyowo/locobot_sim/locobot_ws/install/ecl_mpl:/home/wellyowo/locobot_sim/locobot_ws/install/ecl_config:${AMENT_PREFIX_PATH} CMAKE_PREFIX_PATH=/home/wellyowo/locobot_sim/locobot_ws/install/ecl_threads:/home/wellyowo/locobot_sim/locobot_ws/install/ecl_utilities:/home/wellyowo/locobot_sim/locobot_ws/install/ecl_time:/home/wellyowo/locobot_sim/locobot_ws/install/ecl_time_lite:/home/wellyowo/locobot_sim/locobot_ws/install/ecl_exceptions:/home/wellyowo/locobot_sim/locobot_ws/install/ecl_concepts:/home/wellyowo/locobot_sim/locobot_ws/install/ecl_type_traits:/home/wellyowo/locobot_sim/locobot_ws/install/ecl_errors:/home/wellyowo/locobot_sim/locobot_ws/install/ecl_mpl:/home/wellyowo/locobot_sim/locobot_ws/install/ecl_config:/opt/ros/humble LD_LIBRARY_PATH=/home/wellyowo/locobot_sim/locobot_ws/install/ecl_threads/lib:/home/wellyowo/locobot_sim/locobot_ws/install/ecl_time/lib:/home/wellyowo/locobot_sim/locobot_ws/install/ecl_time_lite/lib:/home/wellyowo/locobot_sim/locobot_ws/install/ecl_exceptions/lib:/home/wellyowo/locobot_sim/locobot_ws/install/ecl_type_traits/lib:/home/wellyowo/locobot_sim/locobot_ws/install/ecl_errors/lib:/opt/ros/humble/opt/rviz_ogre_vendor/lib:/opt/ros/humble/lib/x86_64-linux-gnu:/opt/ros/humble/lib:/usr/local/nvidia/lib:/usr/local/nvidia/lib64:/usr/lib/x86_64-linux-gnu/gazebo-11/plugins PATH=/home/wellyowo/locobot_sim/locobot_ws/install/ecl_type_traits/bin:/home/wellyowo/locobot_sim/locobot_ws/install/ecl_config/bin:${PATH} /usr/bin/cmake --build /home/wellyowo/locobot_sim/locobot_ws/build/ecl_sigslots -- -j16 -l16
[2.678s] [ 25%] [32mBuilding CXX object src/examples/CMakeFiles/ecl_demo_sigslots.dir/sigslots.cpp.o[0m
[4.501s] [ 50%] [32m[1mLinking CXX executable demo_sigslots[0m
[4.862s] [ 50%] Built target ecl_demo_sigslots
[4.911s] [ 75%] [32mBuilding CXX object src/examples/CMakeFiles/ecl_demo_sigslots_manager.dir/sigslots_manager.cpp.o[0m
[6.129s] [100%] [32m[1mLinking CXX executable demo_sigslots_manager[0m
[6.322s] [100%] Built target ecl_demo_sigslots_manager
[6.344s] Invoked command in '/home/wellyowo/locobot_sim/locobot_ws/build/ecl_sigslots' returned '0': AMENT_PREFIX_PATH=/home/wellyowo/locobot_sim/locobot_ws/install/ecl_threads:/home/wellyowo/locobot_sim/locobot_ws/install/ecl_utilities:/home/wellyowo/locobot_sim/locobot_ws/install/ecl_time:/home/wellyowo/locobot_sim/locobot_ws/install/ecl_time_lite:/home/wellyowo/locobot_sim/locobot_ws/install/ecl_exceptions:/home/wellyowo/locobot_sim/locobot_ws/install/ecl_concepts:/home/wellyowo/locobot_sim/locobot_ws/install/ecl_type_traits:/home/wellyowo/locobot_sim/locobot_ws/install/ecl_errors:/home/wellyowo/locobot_sim/locobot_ws/install/ecl_mpl:/home/wellyowo/locobot_sim/locobot_ws/install/ecl_config:${AMENT_PREFIX_PATH} CMAKE_PREFIX_PATH=/home/wellyowo/locobot_sim/locobot_ws/install/ecl_threads:/home/wellyowo/locobot_sim/locobot_ws/install/ecl_utilities:/home/wellyowo/locobot_sim/locobot_ws/install/ecl_time:/home/wellyowo/locobot_sim/locobot_ws/install/ecl_time_lite:/home/wellyowo/locobot_sim/locobot_ws/install/ecl_exceptions:/home/wellyowo/locobot_sim/locobot_ws/install/ecl_concepts:/home/wellyowo/locobot_sim/locobot_ws/install/ecl_type_traits:/home/wellyowo/locobot_sim/locobot_ws/install/ecl_errors:/home/wellyowo/locobot_sim/locobot_ws/install/ecl_mpl:/home/wellyowo/locobot_sim/locobot_ws/install/ecl_config:/opt/ros/humble LD_LIBRARY_PATH=/home/wellyowo/locobot_sim/locobot_ws/install/ecl_threads/lib:/home/wellyowo/locobot_sim/locobot_ws/install/ecl_time/lib:/home/wellyowo/locobot_sim/locobot_ws/install/ecl_time_lite/lib:/home/wellyowo/locobot_sim/locobot_ws/install/ecl_exceptions/lib:/home/wellyowo/locobot_sim/locobot_ws/install/ecl_type_traits/lib:/home/wellyowo/locobot_sim/locobot_ws/install/ecl_errors/lib:/opt/ros/humble/opt/rviz_ogre_vendor/lib:/opt/ros/humble/lib/x86_64-linux-gnu:/opt/ros/humble/lib:/usr/local/nvidia/lib:/usr/local/nvidia/lib64:/usr/lib/x86_64-linux-gnu/gazebo-11/plugins PATH=/home/wellyowo/locobot_sim/locobot_ws/install/ecl_type_traits/bin:/home/wellyowo/locobot_sim/locobot_ws/install/ecl_config/bin:${PATH} /usr/bin/cmake --build /home/wellyowo/locobot_sim/locobot_ws/build/ecl_sigslots -- -j16 -l16
[6.347s] Invoking command in '/home/wellyowo/locobot_sim/locobot_ws/build/ecl_sigslots': AMENT_PREFIX_PATH=/home/wellyowo/locobot_sim/locobot_ws/install/ecl_threads:/home/wellyowo/locobot_sim/locobot_ws/install/ecl_utilities:/home/wellyowo/locobot_sim/locobot_ws/install/ecl_time:/home/wellyowo/locobot_sim/locobot_ws/install/ecl_time_lite:/home/wellyowo/locobot_sim/locobot_ws/install/ecl_exceptions:/home/wellyowo/locobot_sim/locobot_ws/install/ecl_concepts:/home/wellyowo/locobot_sim/locobot_ws/install/ecl_type_traits:/home/wellyowo/locobot_sim/locobot_ws/install/ecl_errors:/home/wellyowo/locobot_sim/locobot_ws/install/ecl_mpl:/home/wellyowo/locobot_sim/locobot_ws/install/ecl_config:${AMENT_PREFIX_PATH} CMAKE_PREFIX_PATH=/home/wellyowo/locobot_sim/locobot_ws/install/ecl_threads:/home/wellyowo/locobot_sim/locobot_ws/install/ecl_utilities:/home/wellyowo/locobot_sim/locobot_ws/install/ecl_time:/home/wellyowo/locobot_sim/locobot_ws/install/ecl_time_lite:/home/wellyowo/locobot_sim/locobot_ws/install/ecl_exceptions:/home/wellyowo/locobot_sim/locobot_ws/install/ecl_concepts:/home/wellyowo/locobot_sim/locobot_ws/install/ecl_type_traits:/home/wellyowo/locobot_sim/locobot_ws/install/ecl_errors:/home/wellyowo/locobot_sim/locobot_ws/install/ecl_mpl:/home/wellyowo/locobot_sim/locobot_ws/install/ecl_config:/opt/ros/humble LD_LIBRARY_PATH=/home/wellyowo/locobot_sim/locobot_ws/install/ecl_threads/lib:/home/wellyowo/locobot_sim/locobot_ws/install/ecl_time/lib:/home/wellyowo/locobot_sim/locobot_ws/install/ecl_time_lite/lib:/home/wellyowo/locobot_sim/locobot_ws/install/ecl_exceptions/lib:/home/wellyowo/locobot_sim/locobot_ws/install/ecl_type_traits/lib:/home/wellyowo/locobot_sim/locobot_ws/install/ecl_errors/lib:/opt/ros/humble/opt/rviz_ogre_vendor/lib:/opt/ros/humble/lib/x86_64-linux-gnu:/opt/ros/humble/lib:/usr/local/nvidia/lib:/usr/local/nvidia/lib64:/usr/lib/x86_64-linux-gnu/gazebo-11/plugins PATH=/home/wellyowo/locobot_sim/locobot_ws/install/ecl_type_traits/bin:/home/wellyowo/locobot_sim/locobot_ws/install/ecl_config/bin:${PATH} /usr/bin/cmake --install /home/wellyowo/locobot_sim/locobot_ws/build/ecl_sigslots
[6.361s] -- Install configuration: ""
[6.362s] -- Execute custom install script
[6.362s] -- Symlinking: /home/wellyowo/locobot_sim/locobot_ws/install/ecl_sigslots/include/ecl/sigslots/macros.hpp
[6.379s] -- Symlinking: /home/wellyowo/locobot_sim/locobot_ws/install/ecl_sigslots/include/ecl/sigslots/manager.hpp
[6.391s] -- Symlinking: /home/wellyowo/locobot_sim/locobot_ws/install/ecl_sigslots/include/ecl/sigslots/signal.hpp
[6.407s] -- Symlinking: /home/wellyowo/locobot_sim/locobot_ws/install/ecl_sigslots/include/ecl/sigslots/sigslot.hpp
[6.421s] -- Symlinking: /home/wellyowo/locobot_sim/locobot_ws/install/ecl_sigslots/include/ecl/sigslots/slot.hpp
[6.434s] -- Symlinking: /home/wellyowo/locobot_sim/locobot_ws/install/ecl_sigslots/include/ecl/sigslots/topic.hpp
[6.449s] -- Symlinking: /home/wellyowo/locobot_sim/locobot_ws/install/ecl_sigslots/include/ecl/sigslots.hpp
[6.463s] -- Symlinking: /home/wellyowo/locobot_sim/locobot_ws/install/ecl_sigslots/lib/ecl_sigslots/demo_sigslots
[6.474s] -- Symlinking: /home/wellyowo/locobot_sim/locobot_ws/install/ecl_sigslots/lib/ecl_sigslots/demo_sigslots_manager
[6.488s] -- Symlinking: /home/wellyowo/locobot_sim/locobot_ws/install/ecl_sigslots/share/ament_index/resource_index/package_run_dependencies/ecl_sigslots
[6.502s] -- Symlinking: /home/wellyowo/locobot_sim/locobot_ws/install/ecl_sigslots/share/ament_index/resource_index/parent_prefix_path/ecl_sigslots
[6.516s] -- Symlinking: /home/wellyowo/locobot_sim/locobot_ws/install/ecl_sigslots/share/ecl_sigslots/environment/ament_prefix_path.sh
[6.530s] -- Symlinking: /home/wellyowo/locobot_sim/locobot_ws/install/ecl_sigslots/share/ecl_sigslots/environment/ament_prefix_path.dsv
[6.544s] -- Symlinking: /home/wellyowo/locobot_sim/locobot_ws/install/ecl_sigslots/share/ecl_sigslots/environment/path.sh
[6.555s] -- Symlinking: /home/wellyowo/locobot_sim/locobot_ws/install/ecl_sigslots/share/ecl_sigslots/environment/path.dsv
[6.566s] -- Symlinking: /home/wellyowo/locobot_sim/locobot_ws/install/ecl_sigslots/share/ecl_sigslots/local_setup.bash
[6.576s] -- Symlinking: /home/wellyowo/locobot_sim/locobot_ws/install/ecl_sigslots/share/ecl_sigslots/local_setup.sh
[6.585s] -- Symlinking: /home/wellyowo/locobot_sim/locobot_ws/install/ecl_sigslots/share/ecl_sigslots/local_setup.zsh
[6.594s] -- Symlinking: /home/wellyowo/locobot_sim/locobot_ws/install/ecl_sigslots/share/ecl_sigslots/local_setup.dsv
[6.603s] -- Symlinking: /home/wellyowo/locobot_sim/locobot_ws/install/ecl_sigslots/share/ecl_sigslots/package.dsv
[6.613s] -- Symlinking: /home/wellyowo/locobot_sim/locobot_ws/install/ecl_sigslots/share/ament_index/resource_index/packages/ecl_sigslots
[6.622s] -- Symlinking: /home/wellyowo/locobot_sim/locobot_ws/install/ecl_sigslots/share/ecl_sigslots/cmake/ament_cmake_export_targets-extras.cmake
[6.632s] -- Symlinking: /home/wellyowo/locobot_sim/locobot_ws/install/ecl_sigslots/share/ecl_sigslots/cmake/ament_cmake_export_include_directories-extras.cmake
[6.642s] -- Symlinking: /home/wellyowo/locobot_sim/locobot_ws/install/ecl_sigslots/share/ecl_sigslots/cmake/ament_cmake_export_dependencies-extras.cmake
[6.651s] -- Symlinking: /home/wellyowo/locobot_sim/locobot_ws/install/ecl_sigslots/share/ecl_sigslots/cmake/ecl_sigslotsConfig.cmake
[6.660s] -- Symlinking: /home/wellyowo/locobot_sim/locobot_ws/install/ecl_sigslots/share/ecl_sigslots/cmake/ecl_sigslotsConfig-version.cmake
[6.668s] -- Symlinking: /home/wellyowo/locobot_sim/locobot_ws/install/ecl_sigslots/share/ecl_sigslots/package.xml
[6.678s] -- Installing: /home/wellyowo/locobot_sim/locobot_ws/install/ecl_sigslots/share/ecl_sigslots/cmake/ecl_sigslotsExport.cmake
[6.682s] Invoked command in '/home/wellyowo/locobot_sim/locobot_ws/build/ecl_sigslots' returned '0': AMENT_PREFIX_PATH=/home/wellyowo/locobot_sim/locobot_ws/install/ecl_threads:/home/wellyowo/locobot_sim/locobot_ws/install/ecl_utilities:/home/wellyowo/locobot_sim/locobot_ws/install/ecl_time:/home/wellyowo/locobot_sim/locobot_ws/install/ecl_time_lite:/home/wellyowo/locobot_sim/locobot_ws/install/ecl_exceptions:/home/wellyowo/locobot_sim/locobot_ws/install/ecl_concepts:/home/wellyowo/locobot_sim/locobot_ws/install/ecl_type_traits:/home/wellyowo/locobot_sim/locobot_ws/install/ecl_errors:/home/wellyowo/locobot_sim/locobot_ws/install/ecl_mpl:/home/wellyowo/locobot_sim/locobot_ws/install/ecl_config:${AMENT_PREFIX_PATH} CMAKE_PREFIX_PATH=/home/wellyowo/locobot_sim/locobot_ws/install/ecl_threads:/home/wellyowo/locobot_sim/locobot_ws/install/ecl_utilities:/home/wellyowo/locobot_sim/locobot_ws/install/ecl_time:/home/wellyowo/locobot_sim/locobot_ws/install/ecl_time_lite:/home/wellyowo/locobot_sim/locobot_ws/install/ecl_exceptions:/home/wellyowo/locobot_sim/locobot_ws/install/ecl_concepts:/home/wellyowo/locobot_sim/locobot_ws/install/ecl_type_traits:/home/wellyowo/locobot_sim/locobot_ws/install/ecl_errors:/home/wellyowo/locobot_sim/locobot_ws/install/ecl_mpl:/home/wellyowo/locobot_sim/locobot_ws/install/ecl_config:/opt/ros/humble LD_LIBRARY_PATH=/home/wellyowo/locobot_sim/locobot_ws/install/ecl_threads/lib:/home/wellyowo/locobot_sim/locobot_ws/install/ecl_time/lib:/home/wellyowo/locobot_sim/locobot_ws/install/ecl_time_lite/lib:/home/wellyowo/locobot_sim/locobot_ws/install/ecl_exceptions/lib:/home/wellyowo/locobot_sim/locobot_ws/install/ecl_type_traits/lib:/home/wellyowo/locobot_sim/locobot_ws/install/ecl_errors/lib:/opt/ros/humble/opt/rviz_ogre_vendor/lib:/opt/ros/humble/lib/x86_64-linux-gnu:/opt/ros/humble/lib:/usr/local/nvidia/lib:/usr/local/nvidia/lib64:/usr/lib/x86_64-linux-gnu/gazebo-11/plugins PATH=/home/wellyowo/locobot_sim/locobot_ws/install/ecl_type_traits/bin:/home/wellyowo/locobot_sim/locobot_ws/install/ecl_config/bin:${PATH} /usr/bin/cmake --install /home/wellyowo/locobot_sim/locobot_ws/build/ecl_sigslots
