-- The C compiler identification is GNU 11.4.0
-- The CXX compiler identification is GNU 11.4.0
-- Detecting C compiler ABI info
-- Detecting C compiler ABI info - done
-- Check for working C compiler: /usr/bin/cc - skipped
-- Detecting C compile features
-- Detecting C compile features - done
-- Detecting CXX compiler ABI info
-- Detecting CXX compiler ABI info - done
-- Check for working CXX compiler: /usr/bin/c++ - skipped
-- Detecting CXX compile features
-- Detecting CXX compile features - done
-- Found ament_cmake_ros: 0.10.0 (/opt/ros/humble/share/ament_cmake_ros/cmake)
-- Found Python3: /usr/bin/python3 (found version "3.10.12") found components: Interpreter 
-- Override CMake install command with custom implementation using symlinks instead of copying resources
-- Found ecl_build: 1.0.3 (/opt/ros/humble/share/ecl_build/cmake)
-- Found ecl_config: 1.2.0 (/home/wellyowo/locobot_sim/locobot_ws/install/ecl_config/share/ecl_config/cmake)
-- Found ecl_errors: 1.2.0 (/home/wellyowo/locobot_sim/locobot_ws/install/ecl_errors/share/ecl_errors/cmake)
-- Looking for _POSIX_VERSION
-- Looking for _POSIX_VERSION - found
-- Looking for realpath in rt
-- Looking for realpath in rt - found
-- Looking for clock_nanosleep in rt
-- Looking for clock_nanosleep in rt - found
-- Looking for clock_gettime in rt
-- Looking for clock_gettime in rt - found
-- Looking for pthread_mutex_timedlock in pthread
-- Looking for pthread_mutex_timedlock in pthread - found
-- Looking for nanosleep in pthread
-- Looking for nanosleep in pthread - found
-- Looking for shm_open in rt
-- Looking for shm_open in rt - found
-- Looking for sched_setscheduler in pthread
-- Looking for sched_setscheduler in pthread - found
-- Looking for sem_timedwait in pthread
-- Looking for sem_timedwait in pthread - found
-- Looking for sem_init in pthread
-- Looking for sem_init in pthread - found
-- Looking for CLOCK_MONOTONIC
-- Looking for CLOCK_MONOTONIC - found
-- Looking for CLOCK_PROCESS_CPUTIME_ID
-- Looking for CLOCK_PROCESS_CPUTIME_ID - found
-- Looking for pthread.h
-- Looking for pthread.h - found
-- Performing Test CMAKE_HAVE_LIBC_PTHREAD
-- Performing Test CMAKE_HAVE_LIBC_PTHREAD - Success
-- Found Threads: TRUE  
-- Configuring done
-- Generating done
-- Build files have been written to: /home/wellyowo/locobot_sim/locobot_ws/build/ecl_time_lite
[ 11%] [32mBuilding CXX object src/lib/CMakeFiles/ecl_time_lite.dir/cpu_time.cpp.o[0m
[ 22%] [32mBuilding CXX object src/lib/CMakeFiles/ecl_time_lite.dir/functions_win.cpp.o[0m
[ 33%] [32mBuilding CXX object src/lib/CMakeFiles/ecl_time_lite.dir/functions_rt.cpp.o[0m
[ 44%] [32mBuilding CXX object src/lib/CMakeFiles/ecl_time_lite.dir/functions_pos.cpp.o[0m
[ 55%] [32mBuilding CXX object src/lib/CMakeFiles/ecl_time_lite.dir/functions_mac.cpp.o[0m
[ 66%] [32mBuilding CXX object src/lib/CMakeFiles/ecl_time_lite.dir/date.cpp.o[0m
[ 77%] [32m[1mLinking CXX shared library libecl_time_lite.so[0m
[ 77%] Built target ecl_time_lite
[ 88%] [32mBuilding CXX object src/examples/CMakeFiles/demo_time_functions.dir/time_functions.cpp.o[0m
[100%] [32m[1mLinking CXX executable demo_time_functions[0m
[100%] Built target demo_time_functions
-- Install configuration: ""
-- Execute custom install script
-- Symlinking: /home/wellyowo/locobot_sim/locobot_ws/install/ecl_time_lite/include/ecl/time_lite/cpu_time.hpp
-- Symlinking: /home/wellyowo/locobot_sim/locobot_ws/install/ecl_time_lite/include/ecl/time_lite/date.hpp
-- Symlinking: /home/wellyowo/locobot_sim/locobot_ws/install/ecl_time_lite/include/ecl/time_lite/errors.hpp
-- Symlinking: /home/wellyowo/locobot_sim/locobot_ws/install/ecl_time_lite/include/ecl/time_lite/functions.hpp
-- Symlinking: /home/wellyowo/locobot_sim/locobot_ws/install/ecl_time_lite/include/ecl/time_lite/functions_mac.hpp
-- Symlinking: /home/wellyowo/locobot_sim/locobot_ws/install/ecl_time_lite/include/ecl/time_lite/functions_pos.hpp
-- Symlinking: /home/wellyowo/locobot_sim/locobot_ws/install/ecl_time_lite/include/ecl/time_lite/functions_rt.hpp
-- Symlinking: /home/wellyowo/locobot_sim/locobot_ws/install/ecl_time_lite/include/ecl/time_lite/functions_win.hpp
-- Symlinking: /home/wellyowo/locobot_sim/locobot_ws/install/ecl_time_lite/include/ecl/time_lite/macros.hpp
-- Symlinking: /home/wellyowo/locobot_sim/locobot_ws/install/ecl_time_lite/include/ecl/time_lite/types.hpp
-- Symlinking: /home/wellyowo/locobot_sim/locobot_ws/install/ecl_time_lite/include/ecl/time_lite/types_pos.hpp
-- Symlinking: /home/wellyowo/locobot_sim/locobot_ws/install/ecl_time_lite/include/ecl/time_lite/types_win.hpp
-- Symlinking: /home/wellyowo/locobot_sim/locobot_ws/install/ecl_time_lite/include/ecl/time_lite/config.hpp
-- Symlinking: /home/wellyowo/locobot_sim/locobot_ws/install/ecl_time_lite/include/ecl/time_lite.hpp
-- Symlinking: /home/wellyowo/locobot_sim/locobot_ws/install/ecl_time_lite/lib/ecl_time_lite/demo_time_functions
-- Symlinking: /home/wellyowo/locobot_sim/locobot_ws/install/ecl_time_lite/share/ecl_time_lite/environment/library_path.sh
-- Symlinking: /home/wellyowo/locobot_sim/locobot_ws/install/ecl_time_lite/share/ecl_time_lite/environment/library_path.dsv
-- Symlinking: /home/wellyowo/locobot_sim/locobot_ws/install/ecl_time_lite/share/ament_index/resource_index/package_run_dependencies/ecl_time_lite
-- Symlinking: /home/wellyowo/locobot_sim/locobot_ws/install/ecl_time_lite/share/ament_index/resource_index/parent_prefix_path/ecl_time_lite
-- Symlinking: /home/wellyowo/locobot_sim/locobot_ws/install/ecl_time_lite/share/ecl_time_lite/environment/ament_prefix_path.sh
-- Symlinking: /home/wellyowo/locobot_sim/locobot_ws/install/ecl_time_lite/share/ecl_time_lite/environment/ament_prefix_path.dsv
-- Symlinking: /home/wellyowo/locobot_sim/locobot_ws/install/ecl_time_lite/share/ecl_time_lite/environment/path.sh
-- Symlinking: /home/wellyowo/locobot_sim/locobot_ws/install/ecl_time_lite/share/ecl_time_lite/environment/path.dsv
-- Symlinking: /home/wellyowo/locobot_sim/locobot_ws/install/ecl_time_lite/share/ecl_time_lite/local_setup.bash
-- Symlinking: /home/wellyowo/locobot_sim/locobot_ws/install/ecl_time_lite/share/ecl_time_lite/local_setup.sh
-- Symlinking: /home/wellyowo/locobot_sim/locobot_ws/install/ecl_time_lite/share/ecl_time_lite/local_setup.zsh
-- Symlinking: /home/wellyowo/locobot_sim/locobot_ws/install/ecl_time_lite/share/ecl_time_lite/local_setup.dsv
-- Symlinking: /home/wellyowo/locobot_sim/locobot_ws/install/ecl_time_lite/share/ecl_time_lite/package.dsv
-- Symlinking: /home/wellyowo/locobot_sim/locobot_ws/install/ecl_time_lite/share/ament_index/resource_index/packages/ecl_time_lite
-- Symlinking: /home/wellyowo/locobot_sim/locobot_ws/install/ecl_time_lite/share/ecl_time_lite/cmake/ament_cmake_export_targets-extras.cmake
-- Symlinking: /home/wellyowo/locobot_sim/locobot_ws/install/ecl_time_lite/share/ecl_time_lite/cmake/ament_cmake_export_include_directories-extras.cmake
-- Symlinking: /home/wellyowo/locobot_sim/locobot_ws/install/ecl_time_lite/share/ecl_time_lite/cmake/ament_cmake_export_libraries-extras.cmake
-- Symlinking: /home/wellyowo/locobot_sim/locobot_ws/install/ecl_time_lite/share/ecl_time_lite/cmake/ament_cmake_export_dependencies-extras.cmake
-- Symlinking: /home/wellyowo/locobot_sim/locobot_ws/install/ecl_time_lite/share/ecl_time_lite/cmake/ecl_time_liteConfig.cmake
-- Symlinking: /home/wellyowo/locobot_sim/locobot_ws/install/ecl_time_lite/share/ecl_time_lite/cmake/ecl_time_liteConfig-version.cmake
-- Symlinking: /home/wellyowo/locobot_sim/locobot_ws/install/ecl_time_lite/share/ecl_time_lite/package.xml
-- Installing: /home/wellyowo/locobot_sim/locobot_ws/install/ecl_time_lite/share/ecl_time_lite/cmake/ecl_time_liteExport.cmake
-- Installing: /home/wellyowo/locobot_sim/locobot_ws/install/ecl_time_lite/share/ecl_time_lite/cmake/ecl_time_liteExport-noconfig.cmake
-- Installing: /home/wellyowo/locobot_sim/locobot_ws/install/ecl_time_lite/lib/libecl_time_lite.so.1.2.0
-- Set runtime path of "/home/wellyowo/locobot_sim/locobot_ws/install/ecl_time_lite/lib/libecl_time_lite.so.1.2.0" to ""
-- Installing: /home/wellyowo/locobot_sim/locobot_ws/install/ecl_time_lite/lib/libecl_time_lite.so
