[0.415s] Invoking command in '/home/wellyowo/locobot_sim/locobot_ws/build/ecl_time_lite': AMENT_PREFIX_PATH=/home/wellyowo/locobot_sim/locobot_ws/install/ecl_errors:/home/wellyowo/locobot_sim/locobot_ws/install/ecl_config:${AMENT_PREFIX_PATH} CMAKE_PREFIX_PATH=/home/wellyowo/locobot_sim/locobot_ws/install/ecl_errors:/home/wellyowo/locobot_sim/locobot_ws/install/ecl_config:/opt/ros/humble LD_LIBRARY_PATH=/home/wellyowo/locobot_sim/locobot_ws/install/ecl_errors/lib:${LD_LIBRARY_PATH} PATH=/home/wellyowo/locobot_sim/locobot_ws/install/ecl_config/bin:${PATH} /usr/bin/cmake /home/wellyowo/locobot_sim/locobot_ws/src/ThirdParty/ecl/ecl_lite/ecl_time_lite -DBUILD_TESTING=OFF -DCMAKE_PREFIX_PATH= -DAMENT_CMAKE_SYMLINK_INSTALL=1 -DCMAKE_INSTALL_PREFIX=/home/wellyowo/locobot_sim/locobot_ws/install/ecl_time_lite
[2.924s] -- The C compiler identification is GNU 11.4.0
[2.925s] -- The CXX compiler identification is GNU 11.4.0
[2.925s] -- Detecting C compiler ABI info
[2.925s] -- Detecting C compiler ABI info - done
[2.925s] -- Check for working C compiler: /usr/bin/cc - skipped
[2.925s] -- Detecting C compile features
[2.925s] -- Detecting C compile features - done
[2.925s] -- Detecting CXX compiler ABI info
[2.925s] -- Detecting CXX compiler ABI info - done
[2.925s] -- Check for working CXX compiler: /usr/bin/c++ - skipped
[2.933s] -- Detecting CXX compile features
[2.934s] -- Detecting CXX compile features - done
[2.934s] -- Found ament_cmake_ros: 0.10.0 (/opt/ros/humble/share/ament_cmake_ros/cmake)
[2.935s] -- Found Python3: /usr/bin/python3 (found version "3.10.12") found components: Interpreter 
[2.935s] -- Override CMake install command with custom implementation using symlinks instead of copying resources
[2.937s] -- Found ecl_build: 1.0.3 (/opt/ros/humble/share/ecl_build/cmake)
[2.937s] -- Found ecl_config: 1.2.0 (/home/wellyowo/locobot_sim/locobot_ws/install/ecl_config/share/ecl_config/cmake)
[2.937s] -- Found ecl_errors: 1.2.0 (/home/wellyowo/locobot_sim/locobot_ws/install/ecl_errors/share/ecl_errors/cmake)
[2.937s] -- Looking for _POSIX_VERSION
[2.937s] -- Looking for _POSIX_VERSION - found
[2.937s] -- Looking for realpath in rt
[2.937s] -- Looking for realpath in rt - found
[2.938s] -- Looking for clock_nanosleep in rt
[3.232s] -- Looking for clock_nanosleep in rt - found
[3.242s] -- Looking for clock_gettime in rt
[3.607s] -- Looking for clock_gettime in rt - found
[3.607s] -- Looking for pthread_mutex_timedlock in pthread
[3.898s] -- Looking for pthread_mutex_timedlock in pthread - found
[3.898s] -- Looking for nanosleep in pthread
[4.296s] -- Looking for nanosleep in pthread - found
[4.297s] -- Looking for shm_open in rt
[4.554s] -- Looking for shm_open in rt - found
[4.557s] -- Looking for sched_setscheduler in pthread
[4.825s] -- Looking for sched_setscheduler in pthread - found
[4.826s] -- Looking for sem_timedwait in pthread
[5.013s] -- Looking for sem_timedwait in pthread - found
[5.014s] -- Looking for sem_init in pthread
[5.294s] -- Looking for sem_init in pthread - found
[5.320s] -- Looking for CLOCK_MONOTONIC
[5.586s] -- Looking for CLOCK_MONOTONIC - found
[5.595s] -- Looking for CLOCK_PROCESS_CPUTIME_ID
[5.846s] -- Looking for CLOCK_PROCESS_CPUTIME_ID - found
[5.855s] -- Looking for pthread.h
[6.098s] -- Looking for pthread.h - found
[6.098s] -- Performing Test CMAKE_HAVE_LIBC_PTHREAD
[6.357s] -- Performing Test CMAKE_HAVE_LIBC_PTHREAD - Success
[6.361s] -- Found Threads: TRUE  
[6.454s] -- Configuring done
[6.504s] -- Generating done
[6.527s] -- Build files have been written to: /home/wellyowo/locobot_sim/locobot_ws/build/ecl_time_lite
[6.680s] Invoked command in '/home/wellyowo/locobot_sim/locobot_ws/build/ecl_time_lite' returned '0': AMENT_PREFIX_PATH=/home/wellyowo/locobot_sim/locobot_ws/install/ecl_errors:/home/wellyowo/locobot_sim/locobot_ws/install/ecl_config:${AMENT_PREFIX_PATH} CMAKE_PREFIX_PATH=/home/wellyowo/locobot_sim/locobot_ws/install/ecl_errors:/home/wellyowo/locobot_sim/locobot_ws/install/ecl_config:/opt/ros/humble LD_LIBRARY_PATH=/home/wellyowo/locobot_sim/locobot_ws/install/ecl_errors/lib:${LD_LIBRARY_PATH} PATH=/home/wellyowo/locobot_sim/locobot_ws/install/ecl_config/bin:${PATH} /usr/bin/cmake /home/wellyowo/locobot_sim/locobot_ws/src/ThirdParty/ecl/ecl_lite/ecl_time_lite -DBUILD_TESTING=OFF -DCMAKE_PREFIX_PATH= -DAMENT_CMAKE_SYMLINK_INSTALL=1 -DCMAKE_INSTALL_PREFIX=/home/wellyowo/locobot_sim/locobot_ws/install/ecl_time_lite
[6.684s] Invoking command in '/home/wellyowo/locobot_sim/locobot_ws/build/ecl_time_lite': AMENT_PREFIX_PATH=/home/wellyowo/locobot_sim/locobot_ws/install/ecl_errors:/home/wellyowo/locobot_sim/locobot_ws/install/ecl_config:${AMENT_PREFIX_PATH} CMAKE_PREFIX_PATH=/home/wellyowo/locobot_sim/locobot_ws/install/ecl_errors:/home/wellyowo/locobot_sim/locobot_ws/install/ecl_config:/opt/ros/humble LD_LIBRARY_PATH=/home/wellyowo/locobot_sim/locobot_ws/install/ecl_errors/lib:${LD_LIBRARY_PATH} PATH=/home/wellyowo/locobot_sim/locobot_ws/install/ecl_config/bin:${PATH} /usr/bin/cmake --build /home/wellyowo/locobot_sim/locobot_ws/build/ecl_time_lite -- -j16 -l16
[9.251s] [ 11%] [32mBuilding CXX object src/lib/CMakeFiles/ecl_time_lite.dir/cpu_time.cpp.o[0m
[9.252s] [ 22%] [32mBuilding CXX object src/lib/CMakeFiles/ecl_time_lite.dir/functions_win.cpp.o[0m
[9.252s] [ 33%] [32mBuilding CXX object src/lib/CMakeFiles/ecl_time_lite.dir/functions_rt.cpp.o[0m
[9.252s] [ 44%] [32mBuilding CXX object src/lib/CMakeFiles/ecl_time_lite.dir/functions_pos.cpp.o[0m
[9.255s] [ 55%] [32mBuilding CXX object src/lib/CMakeFiles/ecl_time_lite.dir/functions_mac.cpp.o[0m
[9.256s] [ 66%] [32mBuilding CXX object src/lib/CMakeFiles/ecl_time_lite.dir/date.cpp.o[0m
[9.268s] [ 77%] [32m[1mLinking CXX shared library libecl_time_lite.so[0m
[9.270s] [ 77%] Built target ecl_time_lite
[9.270s] [ 88%] [32mBuilding CXX object src/examples/CMakeFiles/demo_time_functions.dir/time_functions.cpp.o[0m
[9.828s] [100%] [32m[1mLinking CXX executable demo_time_functions[0m
[10.295s] [100%] Built target demo_time_functions
[10.352s] Invoked command in '/home/wellyowo/locobot_sim/locobot_ws/build/ecl_time_lite' returned '0': AMENT_PREFIX_PATH=/home/wellyowo/locobot_sim/locobot_ws/install/ecl_errors:/home/wellyowo/locobot_sim/locobot_ws/install/ecl_config:${AMENT_PREFIX_PATH} CMAKE_PREFIX_PATH=/home/wellyowo/locobot_sim/locobot_ws/install/ecl_errors:/home/wellyowo/locobot_sim/locobot_ws/install/ecl_config:/opt/ros/humble LD_LIBRARY_PATH=/home/wellyowo/locobot_sim/locobot_ws/install/ecl_errors/lib:${LD_LIBRARY_PATH} PATH=/home/wellyowo/locobot_sim/locobot_ws/install/ecl_config/bin:${PATH} /usr/bin/cmake --build /home/wellyowo/locobot_sim/locobot_ws/build/ecl_time_lite -- -j16 -l16
[10.353s] Invoking command in '/home/wellyowo/locobot_sim/locobot_ws/build/ecl_time_lite': AMENT_PREFIX_PATH=/home/wellyowo/locobot_sim/locobot_ws/install/ecl_errors:/home/wellyowo/locobot_sim/locobot_ws/install/ecl_config:${AMENT_PREFIX_PATH} CMAKE_PREFIX_PATH=/home/wellyowo/locobot_sim/locobot_ws/install/ecl_errors:/home/wellyowo/locobot_sim/locobot_ws/install/ecl_config:/opt/ros/humble LD_LIBRARY_PATH=/home/wellyowo/locobot_sim/locobot_ws/install/ecl_errors/lib:${LD_LIBRARY_PATH} PATH=/home/wellyowo/locobot_sim/locobot_ws/install/ecl_config/bin:${PATH} /usr/bin/cmake --install /home/wellyowo/locobot_sim/locobot_ws/build/ecl_time_lite
[11.034s] -- Install configuration: ""
[11.034s] -- Execute custom install script
[11.034s] -- Symlinking: /home/wellyowo/locobot_sim/locobot_ws/install/ecl_time_lite/include/ecl/time_lite/cpu_time.hpp
[11.034s] -- Symlinking: /home/wellyowo/locobot_sim/locobot_ws/install/ecl_time_lite/include/ecl/time_lite/date.hpp
[11.034s] -- Symlinking: /home/wellyowo/locobot_sim/locobot_ws/install/ecl_time_lite/include/ecl/time_lite/errors.hpp
[11.034s] -- Symlinking: /home/wellyowo/locobot_sim/locobot_ws/install/ecl_time_lite/include/ecl/time_lite/functions.hpp
[11.034s] -- Symlinking: /home/wellyowo/locobot_sim/locobot_ws/install/ecl_time_lite/include/ecl/time_lite/functions_mac.hpp
[11.034s] -- Symlinking: /home/wellyowo/locobot_sim/locobot_ws/install/ecl_time_lite/include/ecl/time_lite/functions_pos.hpp
[11.034s] -- Symlinking: /home/wellyowo/locobot_sim/locobot_ws/install/ecl_time_lite/include/ecl/time_lite/functions_rt.hpp
[11.034s] -- Symlinking: /home/wellyowo/locobot_sim/locobot_ws/install/ecl_time_lite/include/ecl/time_lite/functions_win.hpp
[11.035s] -- Symlinking: /home/wellyowo/locobot_sim/locobot_ws/install/ecl_time_lite/include/ecl/time_lite/macros.hpp
[11.035s] -- Symlinking: /home/wellyowo/locobot_sim/locobot_ws/install/ecl_time_lite/include/ecl/time_lite/types.hpp
[11.035s] -- Symlinking: /home/wellyowo/locobot_sim/locobot_ws/install/ecl_time_lite/include/ecl/time_lite/types_pos.hpp
[11.035s] -- Symlinking: /home/wellyowo/locobot_sim/locobot_ws/install/ecl_time_lite/include/ecl/time_lite/types_win.hpp
[11.035s] -- Symlinking: /home/wellyowo/locobot_sim/locobot_ws/install/ecl_time_lite/include/ecl/time_lite/config.hpp
[11.035s] -- Symlinking: /home/wellyowo/locobot_sim/locobot_ws/install/ecl_time_lite/include/ecl/time_lite.hpp
[11.035s] -- Symlinking: /home/wellyowo/locobot_sim/locobot_ws/install/ecl_time_lite/lib/ecl_time_lite/demo_time_functions
[11.035s] -- Symlinking: /home/wellyowo/locobot_sim/locobot_ws/install/ecl_time_lite/share/ecl_time_lite/environment/library_path.sh
[11.035s] -- Symlinking: /home/wellyowo/locobot_sim/locobot_ws/install/ecl_time_lite/share/ecl_time_lite/environment/library_path.dsv
[11.035s] -- Symlinking: /home/wellyowo/locobot_sim/locobot_ws/install/ecl_time_lite/share/ament_index/resource_index/package_run_dependencies/ecl_time_lite
[11.035s] -- Symlinking: /home/wellyowo/locobot_sim/locobot_ws/install/ecl_time_lite/share/ament_index/resource_index/parent_prefix_path/ecl_time_lite
[11.035s] -- Symlinking: /home/wellyowo/locobot_sim/locobot_ws/install/ecl_time_lite/share/ecl_time_lite/environment/ament_prefix_path.sh
[11.035s] -- Symlinking: /home/wellyowo/locobot_sim/locobot_ws/install/ecl_time_lite/share/ecl_time_lite/environment/ament_prefix_path.dsv
[11.044s] -- Symlinking: /home/wellyowo/locobot_sim/locobot_ws/install/ecl_time_lite/share/ecl_time_lite/environment/path.sh
[11.061s] -- Symlinking: /home/wellyowo/locobot_sim/locobot_ws/install/ecl_time_lite/share/ecl_time_lite/environment/path.dsv
[11.085s] -- Symlinking: /home/wellyowo/locobot_sim/locobot_ws/install/ecl_time_lite/share/ecl_time_lite/local_setup.bash
[11.121s] -- Symlinking: /home/wellyowo/locobot_sim/locobot_ws/install/ecl_time_lite/share/ecl_time_lite/local_setup.sh
[11.172s] -- Symlinking: /home/wellyowo/locobot_sim/locobot_ws/install/ecl_time_lite/share/ecl_time_lite/local_setup.zsh
[11.222s] -- Symlinking: /home/wellyowo/locobot_sim/locobot_ws/install/ecl_time_lite/share/ecl_time_lite/local_setup.dsv
[11.252s] -- Symlinking: /home/wellyowo/locobot_sim/locobot_ws/install/ecl_time_lite/share/ecl_time_lite/package.dsv
[11.297s] -- Symlinking: /home/wellyowo/locobot_sim/locobot_ws/install/ecl_time_lite/share/ament_index/resource_index/packages/ecl_time_lite
[11.317s] -- Symlinking: /home/wellyowo/locobot_sim/locobot_ws/install/ecl_time_lite/share/ecl_time_lite/cmake/ament_cmake_export_targets-extras.cmake
[11.388s] -- Symlinking: /home/wellyowo/locobot_sim/locobot_ws/install/ecl_time_lite/share/ecl_time_lite/cmake/ament_cmake_export_include_directories-extras.cmake
[11.414s] -- Symlinking: /home/wellyowo/locobot_sim/locobot_ws/install/ecl_time_lite/share/ecl_time_lite/cmake/ament_cmake_export_libraries-extras.cmake
[11.449s] -- Symlinking: /home/wellyowo/locobot_sim/locobot_ws/install/ecl_time_lite/share/ecl_time_lite/cmake/ament_cmake_export_dependencies-extras.cmake
[11.487s] -- Symlinking: /home/wellyowo/locobot_sim/locobot_ws/install/ecl_time_lite/share/ecl_time_lite/cmake/ecl_time_liteConfig.cmake
[11.536s] -- Symlinking: /home/wellyowo/locobot_sim/locobot_ws/install/ecl_time_lite/share/ecl_time_lite/cmake/ecl_time_liteConfig-version.cmake
[11.573s] -- Symlinking: /home/wellyowo/locobot_sim/locobot_ws/install/ecl_time_lite/share/ecl_time_lite/package.xml
[11.607s] -- Installing: /home/wellyowo/locobot_sim/locobot_ws/install/ecl_time_lite/share/ecl_time_lite/cmake/ecl_time_liteExport.cmake
[11.610s] -- Installing: /home/wellyowo/locobot_sim/locobot_ws/install/ecl_time_lite/share/ecl_time_lite/cmake/ecl_time_liteExport-noconfig.cmake
[11.613s] -- Installing: /home/wellyowo/locobot_sim/locobot_ws/install/ecl_time_lite/lib/libecl_time_lite.so.1.2.0
[11.618s] -- Set runtime path of "/home/wellyowo/locobot_sim/locobot_ws/install/ecl_time_lite/lib/libecl_time_lite.so.1.2.0" to ""
[11.620s] -- Installing: /home/wellyowo/locobot_sim/locobot_ws/install/ecl_time_lite/lib/libecl_time_lite.so
[11.632s] Invoked command in '/home/wellyowo/locobot_sim/locobot_ws/build/ecl_time_lite' returned '0': AMENT_PREFIX_PATH=/home/wellyowo/locobot_sim/locobot_ws/install/ecl_errors:/home/wellyowo/locobot_sim/locobot_ws/install/ecl_config:${AMENT_PREFIX_PATH} CMAKE_PREFIX_PATH=/home/wellyowo/locobot_sim/locobot_ws/install/ecl_errors:/home/wellyowo/locobot_sim/locobot_ws/install/ecl_config:/opt/ros/humble LD_LIBRARY_PATH=/home/wellyowo/locobot_sim/locobot_ws/install/ecl_errors/lib:${LD_LIBRARY_PATH} PATH=/home/wellyowo/locobot_sim/locobot_ws/install/ecl_config/bin:${PATH} /usr/bin/cmake --install /home/wellyowo/locobot_sim/locobot_ws/build/ecl_time_lite
