-- The C compiler identification is GNU 11.4.0
-- The CXX compiler identification is GNU 11.4.0
-- Detecting C compiler ABI info
-- Detecting C compiler ABI info - done
-- Check for working C compiler: /usr/bin/cc - skipped
-- Detecting C compile features
-- Detecting C compile features - done
-- Detecting CXX compiler ABI info
-- Detecting CXX compiler ABI info - done
-- Check for working CXX compiler: /usr/bin/c++ - skipped
-- Detecting CXX compile features
-- Detecting CXX compile features - done
-- Found ament_cmake_ros: 0.10.0 (/opt/ros/humble/share/ament_cmake_ros/cmake)
-- Found Python3: /usr/bin/python3 (found version "3.10.12") found components: Interpreter 
-- Override CMake install command with custom implementation using symlinks instead of copying resources
-- Found ecl_build: 1.0.3 (/opt/ros/humble/share/ecl_build/cmake)
-- Configuring done
-- Generating done
-- Build files have been written to: /home/wellyowo/locobot_sim/locobot_ws/build/ecl_mpl
-- Install configuration: ""
-- Execute custom install script
-- Symlinking: /home/wellyowo/locobot_sim/locobot_ws/install/ecl_mpl/include/ecl/mpl/bool.hpp
-- Symlinking: /home/wellyowo/locobot_sim/locobot_ws/install/ecl_mpl/include/ecl/mpl/converters.hpp
-- Symlinking: /home/wellyowo/locobot_sim/locobot_ws/install/ecl_mpl/include/ecl/mpl/enable_if.hpp
-- Symlinking: /home/wellyowo/locobot_sim/locobot_ws/install/ecl_mpl/include/ecl/mpl/failed_object.hpp
-- Symlinking: /home/wellyowo/locobot_sim/locobot_ws/install/ecl_mpl/include/ecl/mpl/if.hpp
-- Symlinking: /home/wellyowo/locobot_sim/locobot_ws/install/ecl_mpl/include/ecl/mpl.hpp
-- Symlinking: /home/wellyowo/locobot_sim/locobot_ws/install/ecl_mpl/share/ament_index/resource_index/package_run_dependencies/ecl_mpl
-- Symlinking: /home/wellyowo/locobot_sim/locobot_ws/install/ecl_mpl/share/ament_index/resource_index/parent_prefix_path/ecl_mpl
-- Symlinking: /home/wellyowo/locobot_sim/locobot_ws/install/ecl_mpl/share/ecl_mpl/environment/ament_prefix_path.sh
-- Symlinking: /home/wellyowo/locobot_sim/locobot_ws/install/ecl_mpl/share/ecl_mpl/environment/ament_prefix_path.dsv
-- Symlinking: /home/wellyowo/locobot_sim/locobot_ws/install/ecl_mpl/share/ecl_mpl/environment/path.sh
-- Symlinking: /home/wellyowo/locobot_sim/locobot_ws/install/ecl_mpl/share/ecl_mpl/environment/path.dsv
-- Symlinking: /home/wellyowo/locobot_sim/locobot_ws/install/ecl_mpl/share/ecl_mpl/local_setup.bash
-- Symlinking: /home/wellyowo/locobot_sim/locobot_ws/install/ecl_mpl/share/ecl_mpl/local_setup.sh
-- Symlinking: /home/wellyowo/locobot_sim/locobot_ws/install/ecl_mpl/share/ecl_mpl/local_setup.zsh
-- Symlinking: /home/wellyowo/locobot_sim/locobot_ws/install/ecl_mpl/share/ecl_mpl/local_setup.dsv
-- Symlinking: /home/wellyowo/locobot_sim/locobot_ws/install/ecl_mpl/share/ecl_mpl/package.dsv
-- Symlinking: /home/wellyowo/locobot_sim/locobot_ws/install/ecl_mpl/share/ament_index/resource_index/packages/ecl_mpl
-- Symlinking: /home/wellyowo/locobot_sim/locobot_ws/install/ecl_mpl/share/ecl_mpl/cmake/ament_cmake_export_targets-extras.cmake
-- Symlinking: /home/wellyowo/locobot_sim/locobot_ws/install/ecl_mpl/share/ecl_mpl/cmake/ament_cmake_export_include_directories-extras.cmake
-- Symlinking: /home/wellyowo/locobot_sim/locobot_ws/install/ecl_mpl/share/ecl_mpl/cmake/ecl_mplConfig.cmake
-- Symlinking: /home/wellyowo/locobot_sim/locobot_ws/install/ecl_mpl/share/ecl_mpl/cmake/ecl_mplConfig-version.cmake
-- Symlinking: /home/wellyowo/locobot_sim/locobot_ws/install/ecl_mpl/share/ecl_mpl/package.xml
-- Installing: /home/wellyowo/locobot_sim/locobot_ws/install/ecl_mpl/share/ecl_mpl/cmake/ecl_mplExport.cmake
