-- The C compiler identification is GNU 11.4.0
-- The CXX compiler identification is GNU 11.4.0
-- Detecting C compiler ABI info
-- Detecting C compiler ABI info - done
-- Check for working C compiler: /usr/bin/cc - skipped
-- Detecting C compile features
-- Detecting C compile features - done
-- Detecting CXX compiler ABI info
-- Detecting CXX compiler ABI info - done
-- Check for working CXX compiler: /usr/bin/c++ - skipped
-- Detecting CXX compile features
-- Detecting CXX compile features - done
-- Found ament_cmake_ros: 0.10.0 (/opt/ros/humble/share/ament_cmake_ros/cmake)
-- Found Python3: /usr/bin/python3 (found version "3.10.12") found components: Interpreter 
-- Override CMake install command with custom implementation using symlinks instead of copying resources
-- Configuring done
-- Generating done
-- Build files have been written to: /home/wellyowo/locobot_sim/locobot_ws/build/ecl_lite
-- Install configuration: ""
-- Execute custom install script
-- Symlinking: /home/wellyowo/locobot_sim/locobot_ws/install/ecl_lite/share/ament_index/resource_index/package_run_dependencies/ecl_lite
-- Symlinking: /home/wellyowo/locobot_sim/locobot_ws/install/ecl_lite/share/ament_index/resource_index/parent_prefix_path/ecl_lite
-- Symlinking: /home/wellyowo/locobot_sim/locobot_ws/install/ecl_lite/share/ecl_lite/environment/ament_prefix_path.sh
-- Symlinking: /home/wellyowo/locobot_sim/locobot_ws/install/ecl_lite/share/ecl_lite/environment/ament_prefix_path.dsv
-- Symlinking: /home/wellyowo/locobot_sim/locobot_ws/install/ecl_lite/share/ecl_lite/environment/path.sh
-- Symlinking: /home/wellyowo/locobot_sim/locobot_ws/install/ecl_lite/share/ecl_lite/environment/path.dsv
-- Symlinking: /home/wellyowo/locobot_sim/locobot_ws/install/ecl_lite/share/ecl_lite/local_setup.bash
-- Symlinking: /home/wellyowo/locobot_sim/locobot_ws/install/ecl_lite/share/ecl_lite/local_setup.sh
-- Symlinking: /home/wellyowo/locobot_sim/locobot_ws/install/ecl_lite/share/ecl_lite/local_setup.zsh
-- Symlinking: /home/wellyowo/locobot_sim/locobot_ws/install/ecl_lite/share/ecl_lite/local_setup.dsv
-- Symlinking: /home/wellyowo/locobot_sim/locobot_ws/install/ecl_lite/share/ecl_lite/package.dsv
-- Symlinking: /home/wellyowo/locobot_sim/locobot_ws/install/ecl_lite/share/ament_index/resource_index/packages/ecl_lite
-- Symlinking: /home/wellyowo/locobot_sim/locobot_ws/install/ecl_lite/share/ecl_lite/cmake/ecl_liteConfig.cmake
-- Symlinking: /home/wellyowo/locobot_sim/locobot_ws/install/ecl_lite/share/ecl_lite/cmake/ecl_liteConfig-version.cmake
-- Symlinking: /home/wellyowo/locobot_sim/locobot_ws/install/ecl_lite/share/ecl_lite/package.xml
