-- The C compiler identification is GNU 11.4.0
-- The CXX compiler identification is GNU 11.4.0
-- Detecting C compiler ABI info
-- Detecting C compiler ABI info - done
-- Check for working C compiler: /usr/bin/cc - skipped
-- Detecting C compile features
-- Detecting C compile features - done
-- Detecting CXX compiler ABI info
-- Detecting CXX compiler ABI info - done
-- Check for working CXX compiler: /usr/bin/c++ - skipped
-- Detecting CXX compile features
-- Detecting CXX compile features - done
-- Found ament_cmake: 1.3.11 (/opt/ros/humble/share/ament_cmake/cmake)
-- Found Python3: /usr/bin/python3 (found version "3.10.12") found components: Interpreter 
-- Found geometry_msgs: 4.9.0 (/opt/ros/humble/share/geometry_msgs/cmake)
-- Found rosidl_generator_c: 3.1.6 (/opt/ros/humble/share/rosidl_generator_c/cmake)
-- Found rosidl_adapter: 3.1.6 (/opt/ros/humble/share/rosidl_adapter/cmake)
-- Found rosidl_generator_cpp: 3.1.6 (/opt/ros/humble/share/rosidl_generator_cpp/cmake)
-- Using all available rosidl_typesupport_c: rosidl_typesupport_fastrtps_c;rosidl_typesupport_introspection_c
-- Using all available rosidl_typesupport_cpp: rosidl_typesupport_fastrtps_cpp;rosidl_typesupport_introspection_cpp
-- Found rclcpp: 16.0.12 (/opt/ros/humble/share/rclcpp/cmake)
-- Found rmw_implementation_cmake: 6.1.2 (/opt/ros/humble/share/rmw_implementation_cmake/cmake)
-- Found rmw_fastrtps_cpp: 6.2.7 (/opt/ros/humble/share/rmw_fastrtps_cpp/cmake)
-- Found OpenSSL: /usr/lib/x86_64-linux-gnu/libcrypto.so (found version "3.0.2")  
-- Found FastRTPS: /opt/ros/humble/include  
-- Using RMW implementation 'rmw_fastrtps_cpp' as default
-- Looking for pthread.h
-- Looking for pthread.h - found
-- Performing Test CMAKE_HAVE_LIBC_PTHREAD
-- Performing Test CMAKE_HAVE_LIBC_PTHREAD - Success
-- Found Threads: TRUE  
-- Found rclcpp_components: 16.0.12 (/opt/ros/humble/share/rclcpp_components/cmake)
-- Found tf2_msgs: 0.25.13 (/opt/ros/humble/share/tf2_msgs/cmake)
-- Found tf2_ros: 0.25.13 (/opt/ros/humble/share/tf2_ros/cmake)
-- Found ament_lint_auto: 0.12.12 (/opt/ros/humble/share/ament_lint_auto/cmake)
-- Added test 'copyright' to check source files copyright and LICENSE
-- Added test 'cppcheck' to perform static code analysis on C / C++ code
-- Configured cppcheck include dirs: /home/wellyowo/locobot_sim/locobot_ws/src/interbotix_ros_toolboxes/interbotix_common_toolbox/interbotix_tf_tools/include
-- Configured cppcheck exclude dirs and/or files: 
-- Added test 'cpplint' to check C / C++ code against the Google style
-- Configured cpplint exclude dirs and/or files: 
-- Added test 'flake8' to check Python code syntax and style conventions
-- Added test 'lint_cmake' to check CMake code style
-- Added test 'pep257' to check Python code against some of the docstring style conventions in PEP 257
-- Added test 'uncrustify' to check C / C++ code style
-- Configured uncrustify additional arguments: 
-- Added test 'xmllint' to check XML markup files
-- Configuring done
-- Generating done
-- Build files have been written to: /home/wellyowo/locobot_sim/locobot_ws/src/build/interbotix_tf_tools
[ 50%] [32mBuilding CXX object CMakeFiles/tf_rebroadcaster.dir/src/tf_rebroadcaster.cpp.o[0m
[100%] [32m[1mLinking CXX shared library libtf_rebroadcaster.so[0m
[100%] Built target tf_rebroadcaster
-- Install configuration: ""
-- Installing: /home/wellyowo/locobot_sim/locobot_ws/src/install/interbotix_tf_tools/lib/libtf_rebroadcaster.so
-- Set runtime path of "/home/wellyowo/locobot_sim/locobot_ws/src/install/interbotix_tf_tools/lib/libtf_rebroadcaster.so" to ""
-- Installing: /home/wellyowo/locobot_sim/locobot_ws/src/install/interbotix_tf_tools/lib/interbotix_tf_tools/static_trans_pub.py
-- Installing: /home/wellyowo/locobot_sim/locobot_ws/src/install/interbotix_tf_tools/share/interbotix_tf_tools//config
-- Installing: /home/wellyowo/locobot_sim/locobot_ws/src/install/interbotix_tf_tools/share/interbotix_tf_tools//config/tf_rebroadcaster.yaml
-- Installing: /home/wellyowo/locobot_sim/locobot_ws/src/install/interbotix_tf_tools/share/interbotix_tf_tools//launch
-- Installing: /home/wellyowo/locobot_sim/locobot_ws/src/install/interbotix_tf_tools/share/interbotix_tf_tools//launch/static_transform_pub.launch.py
-- Installing: /home/wellyowo/locobot_sim/locobot_ws/src/install/interbotix_tf_tools/share/interbotix_tf_tools//launch/tf_rebroadcaster.launch.py
-- Installing: /home/wellyowo/locobot_sim/locobot_ws/src/install/interbotix_tf_tools/share/ament_index/resource_index/package_run_dependencies/interbotix_tf_tools
-- Installing: /home/wellyowo/locobot_sim/locobot_ws/src/install/interbotix_tf_tools/share/ament_index/resource_index/parent_prefix_path/interbotix_tf_tools
-- Installing: /home/wellyowo/locobot_sim/locobot_ws/src/install/interbotix_tf_tools/share/interbotix_tf_tools/environment/ament_prefix_path.sh
-- Installing: /home/wellyowo/locobot_sim/locobot_ws/src/install/interbotix_tf_tools/share/interbotix_tf_tools/environment/ament_prefix_path.dsv
-- Installing: /home/wellyowo/locobot_sim/locobot_ws/src/install/interbotix_tf_tools/share/interbotix_tf_tools/environment/path.sh
-- Installing: /home/wellyowo/locobot_sim/locobot_ws/src/install/interbotix_tf_tools/share/interbotix_tf_tools/environment/path.dsv
-- Installing: /home/wellyowo/locobot_sim/locobot_ws/src/install/interbotix_tf_tools/share/interbotix_tf_tools/local_setup.bash
-- Installing: /home/wellyowo/locobot_sim/locobot_ws/src/install/interbotix_tf_tools/share/interbotix_tf_tools/local_setup.sh
-- Installing: /home/wellyowo/locobot_sim/locobot_ws/src/install/interbotix_tf_tools/share/interbotix_tf_tools/local_setup.zsh
-- Installing: /home/wellyowo/locobot_sim/locobot_ws/src/install/interbotix_tf_tools/share/interbotix_tf_tools/local_setup.dsv
-- Installing: /home/wellyowo/locobot_sim/locobot_ws/src/install/interbotix_tf_tools/share/interbotix_tf_tools/package.dsv
-- Installing: /home/wellyowo/locobot_sim/locobot_ws/src/install/interbotix_tf_tools/share/ament_index/resource_index/packages/interbotix_tf_tools
-- Installing: /home/wellyowo/locobot_sim/locobot_ws/src/install/interbotix_tf_tools/share/ament_index/resource_index/rclcpp_components/interbotix_tf_tools
-- Installing: /home/wellyowo/locobot_sim/locobot_ws/src/install/interbotix_tf_tools/share/interbotix_tf_tools/cmake/interbotix_tf_toolsConfig.cmake
-- Installing: /home/wellyowo/locobot_sim/locobot_ws/src/install/interbotix_tf_tools/share/interbotix_tf_tools/cmake/interbotix_tf_toolsConfig-version.cmake
-- Installing: /home/wellyowo/locobot_sim/locobot_ws/src/install/interbotix_tf_tools/share/interbotix_tf_tools/package.xml
