[0.101s] Invoking command in '/home/wellyowo/locobot_sim/locobot_ws/src/build/interbotix_tf_tools': CMAKE_PREFIX_PATH=/opt/ros/humble /usr/bin/cmake /home/wellyowo/locobot_sim/locobot_ws/src/interbotix_ros_toolboxes/interbotix_common_toolbox/interbotix_tf_tools -DCMAKE_INSTALL_PREFIX=/home/wellyowo/locobot_sim/locobot_ws/src/install/interbotix_tf_tools
[0.386s] -- The C compiler identification is GNU 11.4.0
[0.540s] -- The CXX compiler identification is GNU 11.4.0
[0.572s] -- Detecting C compiler ABI info
[0.807s] -- Detecting C compiler ABI info - done
[0.844s] -- Check for working C compiler: /usr/bin/cc - skipped
[0.845s] -- Detecting C compile features
[0.845s] -- Detecting C compile features - done
[0.853s] -- Detecting CXX compiler ABI info
[1.233s] -- Detecting CXX compiler ABI info - done
[1.258s] -- Check for working CXX compiler: /usr/bin/c++ - skipped
[1.259s] -- Detecting CXX compile features
[1.259s] -- Detecting CXX compile features - done
[1.274s] -- Found ament_cmake: 1.3.11 (/opt/ros/humble/share/ament_cmake/cmake)
[1.778s] -- Found Python3: /usr/bin/python3 (found version "3.10.12") found components: Interpreter 
[2.326s] -- Found geometry_msgs: 4.9.0 (/opt/ros/humble/share/geometry_msgs/cmake)
[2.642s] -- Found rosidl_generator_c: 3.1.6 (/opt/ros/humble/share/rosidl_generator_c/cmake)
[2.673s] -- Found rosidl_adapter: 3.1.6 (/opt/ros/humble/share/rosidl_adapter/cmake)
[2.746s] -- Found rosidl_generator_cpp: 3.1.6 (/opt/ros/humble/share/rosidl_generator_cpp/cmake)
[2.867s] -- Using all available rosidl_typesupport_c: rosidl_typesupport_fastrtps_c;rosidl_typesupport_introspection_c
[2.960s] -- Using all available rosidl_typesupport_cpp: rosidl_typesupport_fastrtps_cpp;rosidl_typesupport_introspection_cpp
[3.161s] -- Found rclcpp: 16.0.12 (/opt/ros/humble/share/rclcpp/cmake)
[3.456s] -- Found rmw_implementation_cmake: 6.1.2 (/opt/ros/humble/share/rmw_implementation_cmake/cmake)
[3.477s] -- Found rmw_fastrtps_cpp: 6.2.7 (/opt/ros/humble/share/rmw_fastrtps_cpp/cmake)
[4.077s] -- Found OpenSSL: /usr/lib/x86_64-linux-gnu/libcrypto.so (found version "3.0.2")  
[4.233s] -- Found FastRTPS: /opt/ros/humble/include  
[4.508s] -- Using RMW implementation 'rmw_fastrtps_cpp' as default
[4.617s] -- Looking for pthread.h
[4.820s] -- Looking for pthread.h - found
[4.820s] -- Performing Test CMAKE_HAVE_LIBC_PTHREAD
[5.100s] -- Performing Test CMAKE_HAVE_LIBC_PTHREAD - Success
[5.102s] -- Found Threads: TRUE  
[5.286s] -- Found rclcpp_components: 16.0.12 (/opt/ros/humble/share/rclcpp_components/cmake)
[5.444s] -- Found tf2_msgs: 0.25.13 (/opt/ros/humble/share/tf2_msgs/cmake)
[5.612s] -- Found tf2_ros: 0.25.13 (/opt/ros/humble/share/tf2_ros/cmake)
[5.734s] -- Found ament_lint_auto: 0.12.12 (/opt/ros/humble/share/ament_lint_auto/cmake)
[6.159s] -- Added test 'copyright' to check source files copyright and LICENSE
[6.187s] -- Added test 'cppcheck' to perform static code analysis on C / C++ code
[6.187s] -- Configured cppcheck include dirs: /home/wellyowo/locobot_sim/locobot_ws/src/interbotix_ros_toolboxes/interbotix_common_toolbox/interbotix_tf_tools/include
[6.187s] -- Configured cppcheck exclude dirs and/or files: 
[6.188s] -- Added test 'cpplint' to check C / C++ code against the Google style
[6.188s] -- Configured cpplint exclude dirs and/or files: 
[6.190s] -- Added test 'flake8' to check Python code syntax and style conventions
[6.190s] -- Added test 'lint_cmake' to check CMake code style
[6.191s] -- Added test 'pep257' to check Python code against some of the docstring style conventions in PEP 257
[6.204s] -- Added test 'uncrustify' to check C / C++ code style
[6.204s] -- Configured uncrustify additional arguments: 
[6.205s] -- Added test 'xmllint' to check XML markup files
[6.206s] -- Configuring done
[6.351s] -- Generating done
[6.382s] -- Build files have been written to: /home/wellyowo/locobot_sim/locobot_ws/src/build/interbotix_tf_tools
[6.569s] Invoked command in '/home/wellyowo/locobot_sim/locobot_ws/src/build/interbotix_tf_tools' returned '0': CMAKE_PREFIX_PATH=/opt/ros/humble /usr/bin/cmake /home/wellyowo/locobot_sim/locobot_ws/src/interbotix_ros_toolboxes/interbotix_common_toolbox/interbotix_tf_tools -DCMAKE_INSTALL_PREFIX=/home/wellyowo/locobot_sim/locobot_ws/src/install/interbotix_tf_tools
[6.570s] Invoking command in '/home/wellyowo/locobot_sim/locobot_ws/src/build/interbotix_tf_tools': CMAKE_PREFIX_PATH=/opt/ros/humble /usr/bin/cmake --build /home/wellyowo/locobot_sim/locobot_ws/src/build/interbotix_tf_tools -- -j16 -l16
[20.772s] [ 50%] [32mBuilding CXX object CMakeFiles/tf_rebroadcaster.dir/src/tf_rebroadcaster.cpp.o[0m
[59.409s] [100%] [32m[1mLinking CXX shared library libtf_rebroadcaster.so[0m
[61.083s] [100%] Built target tf_rebroadcaster
[61.170s] Invoked command in '/home/wellyowo/locobot_sim/locobot_ws/src/build/interbotix_tf_tools' returned '0': CMAKE_PREFIX_PATH=/opt/ros/humble /usr/bin/cmake --build /home/wellyowo/locobot_sim/locobot_ws/src/build/interbotix_tf_tools -- -j16 -l16
[61.171s] Invoking command in '/home/wellyowo/locobot_sim/locobot_ws/src/build/interbotix_tf_tools': CMAKE_PREFIX_PATH=/opt/ros/humble /usr/bin/cmake --install /home/wellyowo/locobot_sim/locobot_ws/src/build/interbotix_tf_tools
[61.501s] -- Install configuration: ""
[61.501s] -- Installing: /home/wellyowo/locobot_sim/locobot_ws/src/install/interbotix_tf_tools/lib/libtf_rebroadcaster.so
[61.501s] -- Set runtime path of "/home/wellyowo/locobot_sim/locobot_ws/src/install/interbotix_tf_tools/lib/libtf_rebroadcaster.so" to ""
[61.501s] -- Installing: /home/wellyowo/locobot_sim/locobot_ws/src/install/interbotix_tf_tools/lib/interbotix_tf_tools/static_trans_pub.py
[61.501s] -- Installing: /home/wellyowo/locobot_sim/locobot_ws/src/install/interbotix_tf_tools/share/interbotix_tf_tools//config
[61.505s] -- Installing: /home/wellyowo/locobot_sim/locobot_ws/src/install/interbotix_tf_tools/share/interbotix_tf_tools//config/tf_rebroadcaster.yaml
[61.505s] -- Installing: /home/wellyowo/locobot_sim/locobot_ws/src/install/interbotix_tf_tools/share/interbotix_tf_tools//launch
[61.505s] -- Installing: /home/wellyowo/locobot_sim/locobot_ws/src/install/interbotix_tf_tools/share/interbotix_tf_tools//launch/static_transform_pub.launch.py
[61.505s] -- Installing: /home/wellyowo/locobot_sim/locobot_ws/src/install/interbotix_tf_tools/share/interbotix_tf_tools//launch/tf_rebroadcaster.launch.py
[61.505s] -- Installing: /home/wellyowo/locobot_sim/locobot_ws/src/install/interbotix_tf_tools/share/ament_index/resource_index/package_run_dependencies/interbotix_tf_tools
[61.505s] -- Installing: /home/wellyowo/locobot_sim/locobot_ws/src/install/interbotix_tf_tools/share/ament_index/resource_index/parent_prefix_path/interbotix_tf_tools
[61.505s] -- Installing: /home/wellyowo/locobot_sim/locobot_ws/src/install/interbotix_tf_tools/share/interbotix_tf_tools/environment/ament_prefix_path.sh
[61.506s] -- Installing: /home/wellyowo/locobot_sim/locobot_ws/src/install/interbotix_tf_tools/share/interbotix_tf_tools/environment/ament_prefix_path.dsv
[61.506s] -- Installing: /home/wellyowo/locobot_sim/locobot_ws/src/install/interbotix_tf_tools/share/interbotix_tf_tools/environment/path.sh
[61.506s] -- Installing: /home/wellyowo/locobot_sim/locobot_ws/src/install/interbotix_tf_tools/share/interbotix_tf_tools/environment/path.dsv
[61.506s] -- Installing: /home/wellyowo/locobot_sim/locobot_ws/src/install/interbotix_tf_tools/share/interbotix_tf_tools/local_setup.bash
[61.506s] -- Installing: /home/wellyowo/locobot_sim/locobot_ws/src/install/interbotix_tf_tools/share/interbotix_tf_tools/local_setup.sh
[61.506s] -- Installing: /home/wellyowo/locobot_sim/locobot_ws/src/install/interbotix_tf_tools/share/interbotix_tf_tools/local_setup.zsh
[61.506s] -- Installing: /home/wellyowo/locobot_sim/locobot_ws/src/install/interbotix_tf_tools/share/interbotix_tf_tools/local_setup.dsv
[61.506s] -- Installing: /home/wellyowo/locobot_sim/locobot_ws/src/install/interbotix_tf_tools/share/interbotix_tf_tools/package.dsv
[61.506s] -- Installing: /home/wellyowo/locobot_sim/locobot_ws/src/install/interbotix_tf_tools/share/ament_index/resource_index/packages/interbotix_tf_tools
[61.510s] -- Installing: /home/wellyowo/locobot_sim/locobot_ws/src/install/interbotix_tf_tools/share/ament_index/resource_index/rclcpp_components/interbotix_tf_tools
[61.510s] -- Installing: /home/wellyowo/locobot_sim/locobot_ws/src/install/interbotix_tf_tools/share/interbotix_tf_tools/cmake/interbotix_tf_toolsConfig.cmake
[61.510s] -- Installing: /home/wellyowo/locobot_sim/locobot_ws/src/install/interbotix_tf_tools/share/interbotix_tf_tools/cmake/interbotix_tf_toolsConfig-version.cmake
[61.510s] -- Installing: /home/wellyowo/locobot_sim/locobot_ws/src/install/interbotix_tf_tools/share/interbotix_tf_tools/package.xml
[61.852s] Invoked command in '/home/wellyowo/locobot_sim/locobot_ws/src/build/interbotix_tf_tools' returned '0': CMAKE_PREFIX_PATH=/opt/ros/humble /usr/bin/cmake --install /home/wellyowo/locobot_sim/locobot_ws/src/build/interbotix_tf_tools
