[35m[1mConsolidate compiler generated dependencies of target kobuki_keyop[0m
[35m[1mConsolidate compiler generated dependencies of target kobuki_keyop_node[0m
[ 50%] Built target kobuki_keyop_node
[100%] Built target kobuki_keyop
-- Install configuration: ""
-- Up-to-date: /home/wellyowo/locobot_sim/locobot_ws/src/install/kobuki_keyop/lib/kobuki_keyop/kobuki_keyop_node
-- Up-to-date: /home/wellyowo/locobot_sim/locobot_ws/src/install/kobuki_keyop/lib/libkobuki_keyop.so
-- Up-to-date: /home/wellyowo/locobot_sim/locobot_ws/src/install/kobuki_keyop/include/kobuki_keyop
-- Up-to-date: /home/wellyowo/locobot_sim/locobot_ws/src/install/kobuki_keyop/include/kobuki_keyop/keyop.hpp
-- Up-to-date: /home/wellyowo/locobot_sim/locobot_ws/src/install/kobuki_keyop/share/kobuki_keyop/config
-- Up-to-date: /home/wellyowo/locobot_sim/locobot_ws/src/install/kobuki_keyop/share/kobuki_keyop/config/keyop_params.yaml
-- Up-to-date: /home/wellyowo/locobot_sim/locobot_ws/src/install/kobuki_keyop/share/ament_index/resource_index/package_run_dependencies/kobuki_keyop
-- Up-to-date: /home/wellyowo/locobot_sim/locobot_ws/src/install/kobuki_keyop/share/ament_index/resource_index/parent_prefix_path/kobuki_keyop
-- Up-to-date: /home/wellyowo/locobot_sim/locobot_ws/src/install/kobuki_keyop/share/kobuki_keyop/environment/ament_prefix_path.sh
-- Up-to-date: /home/wellyowo/locobot_sim/locobot_ws/src/install/kobuki_keyop/share/kobuki_keyop/environment/ament_prefix_path.dsv
-- Up-to-date: /home/wellyowo/locobot_sim/locobot_ws/src/install/kobuki_keyop/share/kobuki_keyop/environment/path.sh
-- Up-to-date: /home/wellyowo/locobot_sim/locobot_ws/src/install/kobuki_keyop/share/kobuki_keyop/environment/path.dsv
-- Up-to-date: /home/wellyowo/locobot_sim/locobot_ws/src/install/kobuki_keyop/share/kobuki_keyop/local_setup.bash
-- Up-to-date: /home/wellyowo/locobot_sim/locobot_ws/src/install/kobuki_keyop/share/kobuki_keyop/local_setup.sh
-- Up-to-date: /home/wellyowo/locobot_sim/locobot_ws/src/install/kobuki_keyop/share/kobuki_keyop/local_setup.zsh
-- Up-to-date: /home/wellyowo/locobot_sim/locobot_ws/src/install/kobuki_keyop/share/kobuki_keyop/local_setup.dsv
-- Installing: /home/wellyowo/locobot_sim/locobot_ws/src/install/kobuki_keyop/share/kobuki_keyop/package.dsv
-- Up-to-date: /home/wellyowo/locobot_sim/locobot_ws/src/install/kobuki_keyop/share/ament_index/resource_index/packages/kobuki_keyop
-- Up-to-date: /home/wellyowo/locobot_sim/locobot_ws/src/install/kobuki_keyop/share/ament_index/resource_index/rclcpp_components/kobuki_keyop
-- Up-to-date: /home/wellyowo/locobot_sim/locobot_ws/src/install/kobuki_keyop/share/kobuki_keyop/cmake/kobuki_keyopConfig.cmake
-- Up-to-date: /home/wellyowo/locobot_sim/locobot_ws/src/install/kobuki_keyop/share/kobuki_keyop/cmake/kobuki_keyopConfig-version.cmake
-- Up-to-date: /home/wellyowo/locobot_sim/locobot_ws/src/install/kobuki_keyop/share/kobuki_keyop/package.xml
