[0.257s] Invoking command in '/home/wellyowo/locobot_sim/locobot_ws/src/build/kobuki_keyop': CMAKE_PREFIX_PATH=/opt/ros/humble /usr/bin/cmake --build /home/wellyowo/locobot_sim/locobot_ws/src/build/kobuki_keyop -- -j16 -l16
[0.334s] [35m[1mConsolidate compiler generated dependencies of target kobuki_keyop[0m
[0.334s] [35m[1mConsolidate compiler generated dependencies of target kobuki_keyop_node[0m
[0.373s] [ 50%] Built target kobuki_keyop_node
[0.375s] [100%] Built target kobuki_keyop
[0.599s] Invoked command in '/home/wellyowo/locobot_sim/locobot_ws/src/build/kobuki_keyop' returned '0': CMAKE_PREFIX_PATH=/opt/ros/humble /usr/bin/cmake --build /home/wellyowo/locobot_sim/locobot_ws/src/build/kobuki_keyop -- -j16 -l16
[0.600s] Invoking command in '/home/wellyowo/locobot_sim/locobot_ws/src/build/kobuki_keyop': CMAKE_PREFIX_PATH=/opt/ros/humble /usr/bin/cmake --install /home/wellyowo/locobot_sim/locobot_ws/src/build/kobuki_keyop
[0.755s] -- Install configuration: ""
[0.756s] -- Up-to-date: /home/wellyowo/locobot_sim/locobot_ws/src/install/kobuki_keyop/lib/kobuki_keyop/kobuki_keyop_node
[0.756s] -- Up-to-date: /home/wellyowo/locobot_sim/locobot_ws/src/install/kobuki_keyop/lib/libkobuki_keyop.so
[0.756s] -- Up-to-date: /home/wellyowo/locobot_sim/locobot_ws/src/install/kobuki_keyop/include/kobuki_keyop
[0.756s] -- Up-to-date: /home/wellyowo/locobot_sim/locobot_ws/src/install/kobuki_keyop/include/kobuki_keyop/keyop.hpp
[0.756s] -- Up-to-date: /home/wellyowo/locobot_sim/locobot_ws/src/install/kobuki_keyop/share/kobuki_keyop/config
[0.756s] -- Up-to-date: /home/wellyowo/locobot_sim/locobot_ws/src/install/kobuki_keyop/share/kobuki_keyop/config/keyop_params.yaml
[0.756s] -- Up-to-date: /home/wellyowo/locobot_sim/locobot_ws/src/install/kobuki_keyop/share/ament_index/resource_index/package_run_dependencies/kobuki_keyop
[0.756s] -- Up-to-date: /home/wellyowo/locobot_sim/locobot_ws/src/install/kobuki_keyop/share/ament_index/resource_index/parent_prefix_path/kobuki_keyop
[0.756s] -- Up-to-date: /home/wellyowo/locobot_sim/locobot_ws/src/install/kobuki_keyop/share/kobuki_keyop/environment/ament_prefix_path.sh
[0.756s] -- Up-to-date: /home/wellyowo/locobot_sim/locobot_ws/src/install/kobuki_keyop/share/kobuki_keyop/environment/ament_prefix_path.dsv
[0.756s] -- Up-to-date: /home/wellyowo/locobot_sim/locobot_ws/src/install/kobuki_keyop/share/kobuki_keyop/environment/path.sh
[0.756s] -- Up-to-date: /home/wellyowo/locobot_sim/locobot_ws/src/install/kobuki_keyop/share/kobuki_keyop/environment/path.dsv
[0.756s] -- Up-to-date: /home/wellyowo/locobot_sim/locobot_ws/src/install/kobuki_keyop/share/kobuki_keyop/local_setup.bash
[0.756s] -- Up-to-date: /home/wellyowo/locobot_sim/locobot_ws/src/install/kobuki_keyop/share/kobuki_keyop/local_setup.sh
[0.757s] -- Up-to-date: /home/wellyowo/locobot_sim/locobot_ws/src/install/kobuki_keyop/share/kobuki_keyop/local_setup.zsh
[0.757s] -- Up-to-date: /home/wellyowo/locobot_sim/locobot_ws/src/install/kobuki_keyop/share/kobuki_keyop/local_setup.dsv
[0.757s] -- Installing: /home/wellyowo/locobot_sim/locobot_ws/src/install/kobuki_keyop/share/kobuki_keyop/package.dsv
[0.757s] -- Up-to-date: /home/wellyowo/locobot_sim/locobot_ws/src/install/kobuki_keyop/share/ament_index/resource_index/packages/kobuki_keyop
[0.757s] -- Up-to-date: /home/wellyowo/locobot_sim/locobot_ws/src/install/kobuki_keyop/share/ament_index/resource_index/rclcpp_components/kobuki_keyop
[0.757s] -- Up-to-date: /home/wellyowo/locobot_sim/locobot_ws/src/install/kobuki_keyop/share/kobuki_keyop/cmake/kobuki_keyopConfig.cmake
[0.757s] -- Up-to-date: /home/wellyowo/locobot_sim/locobot_ws/src/install/kobuki_keyop/share/kobuki_keyop/cmake/kobuki_keyopConfig-version.cmake
[0.757s] -- Up-to-date: /home/wellyowo/locobot_sim/locobot_ws/src/install/kobuki_keyop/share/kobuki_keyop/package.xml
[0.956s] Invoked command in '/home/wellyowo/locobot_sim/locobot_ws/src/build/kobuki_keyop' returned '0': CMAKE_PREFIX_PATH=/opt/ros/humble /usr/bin/cmake --install /home/wellyowo/locobot_sim/locobot_ws/src/build/kobuki_keyop
