[0.031s] Invoking command in '/home/wellyowo/locobot_sim/locobot_ws/build/ecl_mpl': CMAKE_PREFIX_PATH=/opt/ros/humble /usr/bin/cmake /home/wellyowo/locobot_sim/locobot_ws/src/ThirdParty/ecl/ecl_core/ecl_mpl -DBUILD_TESTING=OFF -DCMAKE_PREFIX_PATH= -DAMENT_CMAKE_SYMLINK_INSTALL=1 -DCMAKE_INSTALL_PREFIX=/home/wellyowo/locobot_sim/locobot_ws/install/ecl_mpl
[0.201s] -- The C compiler identification is GNU 11.4.0
[0.201s] -- The CXX compiler identification is GNU 11.4.0
[0.201s] -- Detecting C compiler ABI info
[0.201s] -- Detecting C compiler ABI info - done
[0.201s] -- Check for working C compiler: /usr/bin/cc - skipped
[0.201s] -- Detecting C compile features
[0.201s] -- Detecting C compile features - done
[0.202s] -- Detecting CXX compiler ABI info
[0.259s] -- Detecting CXX compiler ABI info - done
[0.270s] -- Check for working CXX compiler: /usr/bin/c++ - skipped
[0.271s] -- Detecting CXX compile features
[0.272s] -- Detecting CXX compile features - done
[0.276s] -- Found ament_cmake_ros: 0.10.0 (/opt/ros/humble/share/ament_cmake_ros/cmake)
[0.510s] -- Found Python3: /usr/bin/python3 (found version "3.10.12") found components: Interpreter 
[0.615s] -- Override CMake install command with custom implementation using symlinks instead of copying resources
[0.709s] -- Found ecl_build: 1.0.3 (/opt/ros/humble/share/ecl_build/cmake)
[0.845s] -- Configuring done
[0.861s] -- Generating done
[0.875s] -- Build files have been written to: /home/wellyowo/locobot_sim/locobot_ws/build/ecl_mpl
[0.895s] Invoked command in '/home/wellyowo/locobot_sim/locobot_ws/build/ecl_mpl' returned '0': CMAKE_PREFIX_PATH=/opt/ros/humble /usr/bin/cmake /home/wellyowo/locobot_sim/locobot_ws/src/ThirdParty/ecl/ecl_core/ecl_mpl -DBUILD_TESTING=OFF -DCMAKE_PREFIX_PATH= -DAMENT_CMAKE_SYMLINK_INSTALL=1 -DCMAKE_INSTALL_PREFIX=/home/wellyowo/locobot_sim/locobot_ws/install/ecl_mpl
[0.908s] Invoking command in '/home/wellyowo/locobot_sim/locobot_ws/build/ecl_mpl': CMAKE_PREFIX_PATH=/opt/ros/humble /usr/bin/cmake --build /home/wellyowo/locobot_sim/locobot_ws/build/ecl_mpl -- -j16 -l16
[2.288s] Invoked command in '/home/wellyowo/locobot_sim/locobot_ws/build/ecl_mpl' returned '0': CMAKE_PREFIX_PATH=/opt/ros/humble /usr/bin/cmake --build /home/wellyowo/locobot_sim/locobot_ws/build/ecl_mpl -- -j16 -l16
[2.307s] Invoking command in '/home/wellyowo/locobot_sim/locobot_ws/build/ecl_mpl': CMAKE_PREFIX_PATH=/opt/ros/humble /usr/bin/cmake --install /home/wellyowo/locobot_sim/locobot_ws/build/ecl_mpl
[4.335s] -- Install configuration: ""
[4.335s] -- Execute custom install script
[4.335s] -- Symlinking: /home/wellyowo/locobot_sim/locobot_ws/install/ecl_mpl/include/ecl/mpl/bool.hpp
[4.336s] -- Symlinking: /home/wellyowo/locobot_sim/locobot_ws/install/ecl_mpl/include/ecl/mpl/converters.hpp
[4.336s] -- Symlinking: /home/wellyowo/locobot_sim/locobot_ws/install/ecl_mpl/include/ecl/mpl/enable_if.hpp
[4.336s] -- Symlinking: /home/wellyowo/locobot_sim/locobot_ws/install/ecl_mpl/include/ecl/mpl/failed_object.hpp
[4.336s] -- Symlinking: /home/wellyowo/locobot_sim/locobot_ws/install/ecl_mpl/include/ecl/mpl/if.hpp
[4.336s] -- Symlinking: /home/wellyowo/locobot_sim/locobot_ws/install/ecl_mpl/include/ecl/mpl.hpp
[4.337s] -- Symlinking: /home/wellyowo/locobot_sim/locobot_ws/install/ecl_mpl/share/ament_index/resource_index/package_run_dependencies/ecl_mpl
[4.337s] -- Symlinking: /home/wellyowo/locobot_sim/locobot_ws/install/ecl_mpl/share/ament_index/resource_index/parent_prefix_path/ecl_mpl
[4.337s] -- Symlinking: /home/wellyowo/locobot_sim/locobot_ws/install/ecl_mpl/share/ecl_mpl/environment/ament_prefix_path.sh
[4.337s] -- Symlinking: /home/wellyowo/locobot_sim/locobot_ws/install/ecl_mpl/share/ecl_mpl/environment/ament_prefix_path.dsv
[4.337s] -- Symlinking: /home/wellyowo/locobot_sim/locobot_ws/install/ecl_mpl/share/ecl_mpl/environment/path.sh
[4.337s] -- Symlinking: /home/wellyowo/locobot_sim/locobot_ws/install/ecl_mpl/share/ecl_mpl/environment/path.dsv
[4.345s] -- Symlinking: /home/wellyowo/locobot_sim/locobot_ws/install/ecl_mpl/share/ecl_mpl/local_setup.bash
[4.346s] -- Symlinking: /home/wellyowo/locobot_sim/locobot_ws/install/ecl_mpl/share/ecl_mpl/local_setup.sh
[4.346s] -- Symlinking: /home/wellyowo/locobot_sim/locobot_ws/install/ecl_mpl/share/ecl_mpl/local_setup.zsh
[4.346s] -- Symlinking: /home/wellyowo/locobot_sim/locobot_ws/install/ecl_mpl/share/ecl_mpl/local_setup.dsv
[4.346s] -- Symlinking: /home/wellyowo/locobot_sim/locobot_ws/install/ecl_mpl/share/ecl_mpl/package.dsv
[4.346s] -- Symlinking: /home/wellyowo/locobot_sim/locobot_ws/install/ecl_mpl/share/ament_index/resource_index/packages/ecl_mpl
[4.346s] -- Symlinking: /home/wellyowo/locobot_sim/locobot_ws/install/ecl_mpl/share/ecl_mpl/cmake/ament_cmake_export_targets-extras.cmake
[4.346s] -- Symlinking: /home/wellyowo/locobot_sim/locobot_ws/install/ecl_mpl/share/ecl_mpl/cmake/ament_cmake_export_include_directories-extras.cmake
[4.346s] -- Symlinking: /home/wellyowo/locobot_sim/locobot_ws/install/ecl_mpl/share/ecl_mpl/cmake/ecl_mplConfig.cmake
[4.346s] -- Symlinking: /home/wellyowo/locobot_sim/locobot_ws/install/ecl_mpl/share/ecl_mpl/cmake/ecl_mplConfig-version.cmake
[4.346s] -- Symlinking: /home/wellyowo/locobot_sim/locobot_ws/install/ecl_mpl/share/ecl_mpl/package.xml
[4.346s] -- Installing: /home/wellyowo/locobot_sim/locobot_ws/install/ecl_mpl/share/ecl_mpl/cmake/ecl_mplExport.cmake
[4.383s] Invoked command in '/home/wellyowo/locobot_sim/locobot_ws/build/ecl_mpl' returned '0': CMAKE_PREFIX_PATH=/opt/ros/humble /usr/bin/cmake --install /home/wellyowo/locobot_sim/locobot_ws/build/ecl_mpl
