[0.011s] Invoking command in '/home/wellyowo/locobot_sim/locobot_ws/build/interbotix_moveit_interface': AMENT_PREFIX_PATH=/home/wellyowo/locobot_sim/locobot_ws/install/moveit_visual_tools:/home/wellyowo/locobot_sim/locobot_ws/install/interbotix_moveit_interface_msgs:${AMENT_PREFIX_PATH} CMAKE_PREFIX_PATH=/home/wellyowo/locobot_sim/locobot_ws/install/moveit_visual_tools:/home/wellyowo/locobot_sim/locobot_ws/install/interbotix_moveit_interface_msgs:/opt/ros/humble LD_LIBRARY_PATH=/home/wellyowo/locobot_sim/locobot_ws/install/moveit_visual_tools/lib:/home/wellyowo/locobot_sim/locobot_ws/install/interbotix_moveit_interface_msgs/lib:/opt/ros/humble/opt/rviz_ogre_vendor/lib:/opt/ros/humble/lib/x86_64-linux-gnu:/opt/ros/humble/lib:/usr/local/nvidia/lib:/usr/local/nvidia/lib64:/usr/lib/x86_64-linux-gnu/gazebo-11/plugins PYTHONPATH=/home/wellyowo/locobot_sim/locobot_ws/install/interbotix_moveit_interface_msgs/local/lib/python3.10/dist-packages:${PYTHONPATH} /usr/bin/cmake /home/wellyowo/locobot_sim/locobot_ws/src/interbotix_ros_toolboxes/interbotix_common_toolbox/interbotix_moveit_interface -DBUILD_TESTING=OFF -DCMAKE_PREFIX_PATH= -DAMENT_CMAKE_SYMLINK_INSTALL=1 -DCMAKE_INSTALL_PREFIX=/home/wellyowo/locobot_sim/locobot_ws/install/interbotix_moveit_interface
[0.076s] -- The C compiler identification is GNU 11.4.0
[0.130s] -- The CXX compiler identification is GNU 11.4.0
[0.138s] -- Detecting C compiler ABI info
[0.204s] -- Detecting C compiler ABI info - done
[0.212s] -- Check for working C compiler: /usr/bin/cc - skipped
[0.213s] -- Detecting C compile features
[0.213s] -- Detecting C compile features - done
[0.216s] -- Detecting CXX compiler ABI info
[0.294s] -- Detecting CXX compiler ABI info - done
[0.304s] -- Check for working CXX compiler: /usr/bin/c++ - skipped
[0.304s] -- Detecting CXX compile features
[0.305s] -- Detecting CXX compile features - done
[0.308s] -- Found ament_cmake: 1.3.11 (/opt/ros/humble/share/ament_cmake/cmake)
[0.447s] -- Found Python3: /usr/bin/python3 (found version "3.10.12") found components: Interpreter 
[0.504s] -- Override CMake install command with custom implementation using symlinks instead of copying resources
[0.528s] -- Found interbotix_moveit_interface_msgs: 0.0.0 (/home/wellyowo/locobot_sim/locobot_ws/install/interbotix_moveit_interface_msgs/share/interbotix_moveit_interface_msgs/cmake)
[0.565s] -- Found rosidl_generator_c: 3.1.6 (/opt/ros/humble/share/rosidl_generator_c/cmake)
[0.571s] -- Found rosidl_adapter: 3.1.6 (/opt/ros/humble/share/rosidl_adapter/cmake)
[0.580s] -- Found rosidl_generator_cpp: 3.1.6 (/opt/ros/humble/share/rosidl_generator_cpp/cmake)
[0.594s] -- Using all available rosidl_typesupport_c: rosidl_typesupport_fastrtps_c;rosidl_typesupport_introspection_c
[0.611s] -- Using all available rosidl_typesupport_cpp: rosidl_typesupport_fastrtps_cpp;rosidl_typesupport_introspection_cpp
[0.662s] -- Found moveit_msgs: 2.2.1 (/opt/ros/humble/share/moveit_msgs/cmake)
[0.794s] -- Found moveit_ros_planning_interface: 2.5.9 (/opt/ros/humble/share/moveit_ros_planning_interface/cmake)
[0.958s] -- Found Boost: /usr/lib/x86_64-linux-gnu/cmake/Boost-1.74.0/BoostConfig.cmake (found version "1.74.0") found components: date_time filesystem program_options system thread 
[0.987s] -- Found Boost: /usr/lib/x86_64-linux-gnu/cmake/Boost-1.74.0/BoostConfig.cmake (found version "1.74.0") found components: chrono date_time filesystem iostreams program_options regex serialization system thread 
[1.050s] -- Found parameter_traits: 0.5.0 (/opt/ros/humble/share/parameter_traits/cmake)
[1.087s] -- Found rmw_implementation_cmake: 6.1.2 (/opt/ros/humble/share/rmw_implementation_cmake/cmake)
[1.090s] -- Found rmw_fastrtps_cpp: 6.2.7 (/opt/ros/humble/share/rmw_fastrtps_cpp/cmake)
[1.181s] -- Found OpenSSL: /usr/lib/x86_64-linux-gnu/libcrypto.so (found version "3.0.2")  
[1.213s] -- Found FastRTPS: /opt/ros/humble/include  
[1.258s] -- Using RMW implementation 'rmw_fastrtps_cpp' as default
[1.267s] -- Found Threads: TRUE  
[1.309s] -- Found rclcpp_lifecycle: 16.0.12 (/opt/ros/humble/share/rclcpp_lifecycle/cmake)
[1.333s] -- Found Boost: /usr/lib/x86_64-linux-gnu/cmake/Boost-1.74.0/BoostConfig.cmake (found version "1.74.0") found components: filesystem 
[1.424s] -- library: /usr/lib/x86_64-linux-gnu/libcurl.so
[1.478s] -- Found Eigen3: TRUE (found version "3.4.0") 
[1.478s] -- Ensuring Eigen3 include directory is part of orocos-kdl CMake target
[1.653s] -- Found Boost: /usr/lib/x86_64-linux-gnu/cmake/Boost-1.74.0/BoostConfig.cmake (found version "1.74.0") found components: system filesystem date_time program_options thread chrono 
[1.686s] -- Found Boost: /usr/lib/x86_64-linux-gnu/cmake/Boost-1.74.0/BoostConfig.cmake (found version "1.74.0") found components: thread system filesystem regex date_time program_options 
[1.713s] -- Found Boost: /usr/lib/x86_64-linux-gnu/cmake/Boost-1.74.0/BoostConfig.cmake (found version "1.74.0") found components: system filesystem date_time program_options thread 
[1.752s] -- Found moveit_visual_tools: 4.1.2 (/home/wellyowo/locobot_sim/locobot_ws/install/moveit_visual_tools/share/moveit_visual_tools/cmake)
[1.831s] -- Setting assimp_DIR to: '/opt/ros/humble/share/rviz_assimp_vendor/cmake/../../../opt/rviz_assimp_vendor/lib/cmake/assimp-4.1'
[1.841s] -- Setting OGRE_DIR to: '/opt/ros/humble/share/rviz_ogre_vendor/cmake/../../../opt/rviz_ogre_vendor/lib/OGRE/cmake'
[1.843s] -- Found OGRE
[1.843s] --   static     : OFF
[1.843s] --   components : HLMS;MeshLodGenerator;Overlay;Paging;Property;RTShaderSystem;Terrain;Volume
[1.843s] --   plugins    : Plugin_BSPSceneManager;Plugin_OctreeSceneManager;Plugin_PCZSceneManager;Plugin_ParticleFX;RenderSystem_GL;RenderSystem_GL3Plus;Codec_STBI
[1.843s] --   media      : /opt/ros/humble/opt/rviz_ogre_vendor/share/OGRE/Media
[1.843s] -- OGRE_LIBRARIES: OgreHLMS;OgreMeshLodGenerator;OgreOverlay;OgrePaging;OgreProperty;OgreRTShaderSystem;OgreTerrain;OgreVolume;OgreMain
[1.843s] -- OGRE_LIBRARY_DIRS: /opt/ros/humble/opt/rviz_ogre_vendor/lib
[1.843s] -- OGRE_PLUGINS: Plugin_BSPSceneManager;Plugin_OctreeSceneManager;Plugin_PCZSceneManager;Plugin_ParticleFX;RenderSystem_GL;RenderSystem_GL3Plus;Codec_STBI
[1.844s] -- OGRE_PLUGIN_DIR: /opt/ros/humble/opt/rviz_ogre_vendor/lib/OGRE
[1.844s] -- rviz_ogre_vendor::OgreOverlay for IMPORTED_LOCATION_RELEASE: /opt/ros/humble/opt/rviz_ogre_vendor/lib/libOgreOverlay.so
[1.844s] -- rviz_ogre_vendor::OgreOverlay for IMPORTED_LOCATION_DEBUG: /opt/ros/humble/opt/rviz_ogre_vendor/lib/libOgreOverlay.so
[1.844s] -- rviz_ogre_vendor::OgreMain for IMPORTED_LOCATION_RELEASE: /opt/ros/humble/opt/rviz_ogre_vendor/lib/libOgreMain.so
[1.844s] -- rviz_ogre_vendor::OgreMain for IMPORTED_LOCATION_DEBUG: /opt/ros/humble/opt/rviz_ogre_vendor/lib/libOgreMain.so
[1.861s] -- Found ZLIB: /usr/lib/x86_64-linux-gnu/libz.so (found version "1.2.11") 
[1.865s] -- Found OpenGL: /usr/lib/x86_64-linux-gnu/libOpenGL.so   
[1.950s] -- Found X11: /usr/include   
[1.950s] -- Looking for XOpenDisplay in /usr/lib/x86_64-linux-gnu/libX11.so;/usr/lib/x86_64-linux-gnu/libXext.so
[2.031s] -- Looking for XOpenDisplay in /usr/lib/x86_64-linux-gnu/libX11.so;/usr/lib/x86_64-linux-gnu/libXext.so - found
[2.031s] -- Looking for gethostbyname
[2.115s] -- Looking for gethostbyname - found
[2.115s] -- Looking for connect
[2.198s] -- Looking for connect - found
[2.198s] -- Looking for remove
[2.285s] -- Looking for remove - found
[2.285s] -- Looking for shmat
[2.359s] -- Looking for shmat - found
[2.359s] -- Looking for IceConnectionNumber in ICE
[2.432s] -- Looking for IceConnectionNumber in ICE - found
[2.577s] -- Configuring done
[2.617s] -- Generating done
[2.631s] -- Build files have been written to: /home/wellyowo/locobot_sim/locobot_ws/build/interbotix_moveit_interface
[2.658s] Invoked command in '/home/wellyowo/locobot_sim/locobot_ws/build/interbotix_moveit_interface' returned '0': AMENT_PREFIX_PATH=/home/wellyowo/locobot_sim/locobot_ws/install/moveit_visual_tools:/home/wellyowo/locobot_sim/locobot_ws/install/interbotix_moveit_interface_msgs:${AMENT_PREFIX_PATH} CMAKE_PREFIX_PATH=/home/wellyowo/locobot_sim/locobot_ws/install/moveit_visual_tools:/home/wellyowo/locobot_sim/locobot_ws/install/interbotix_moveit_interface_msgs:/opt/ros/humble LD_LIBRARY_PATH=/home/wellyowo/locobot_sim/locobot_ws/install/moveit_visual_tools/lib:/home/wellyowo/locobot_sim/locobot_ws/install/interbotix_moveit_interface_msgs/lib:/opt/ros/humble/opt/rviz_ogre_vendor/lib:/opt/ros/humble/lib/x86_64-linux-gnu:/opt/ros/humble/lib:/usr/local/nvidia/lib:/usr/local/nvidia/lib64:/usr/lib/x86_64-linux-gnu/gazebo-11/plugins PYTHONPATH=/home/wellyowo/locobot_sim/locobot_ws/install/interbotix_moveit_interface_msgs/local/lib/python3.10/dist-packages:${PYTHONPATH} /usr/bin/cmake /home/wellyowo/locobot_sim/locobot_ws/src/interbotix_ros_toolboxes/interbotix_common_toolbox/interbotix_moveit_interface -DBUILD_TESTING=OFF -DCMAKE_PREFIX_PATH= -DAMENT_CMAKE_SYMLINK_INSTALL=1 -DCMAKE_INSTALL_PREFIX=/home/wellyowo/locobot_sim/locobot_ws/install/interbotix_moveit_interface
[2.661s] Invoking command in '/home/wellyowo/locobot_sim/locobot_ws/build/interbotix_moveit_interface': AMENT_PREFIX_PATH=/home/wellyowo/locobot_sim/locobot_ws/install/moveit_visual_tools:/home/wellyowo/locobot_sim/locobot_ws/install/interbotix_moveit_interface_msgs:${AMENT_PREFIX_PATH} CMAKE_PREFIX_PATH=/home/wellyowo/locobot_sim/locobot_ws/install/moveit_visual_tools:/home/wellyowo/locobot_sim/locobot_ws/install/interbotix_moveit_interface_msgs:/opt/ros/humble LD_LIBRARY_PATH=/home/wellyowo/locobot_sim/locobot_ws/install/moveit_visual_tools/lib:/home/wellyowo/locobot_sim/locobot_ws/install/interbotix_moveit_interface_msgs/lib:/opt/ros/humble/opt/rviz_ogre_vendor/lib:/opt/ros/humble/lib/x86_64-linux-gnu:/opt/ros/humble/lib:/usr/local/nvidia/lib:/usr/local/nvidia/lib64:/usr/lib/x86_64-linux-gnu/gazebo-11/plugins PYTHONPATH=/home/wellyowo/locobot_sim/locobot_ws/install/interbotix_moveit_interface_msgs/local/lib/python3.10/dist-packages:${PYTHONPATH} /usr/bin/cmake --build /home/wellyowo/locobot_sim/locobot_ws/build/interbotix_moveit_interface -- -j16 -l16
[2.719s] [ 33%] [32mBuilding CXX object CMakeFiles/moveit_interface.dir/src/moveit_interface.cpp.o[0m
[12.266s] [ 66%] [32mBuilding CXX object CMakeFiles/moveit_interface.dir/src/moveit_interface_obj.cpp.o[0m
[22.442s] [100%] [32m[1mLinking CXX executable moveit_interface[0m
[22.892s] [100%] Built target moveit_interface
[22.899s] Invoked command in '/home/wellyowo/locobot_sim/locobot_ws/build/interbotix_moveit_interface' returned '0': AMENT_PREFIX_PATH=/home/wellyowo/locobot_sim/locobot_ws/install/moveit_visual_tools:/home/wellyowo/locobot_sim/locobot_ws/install/interbotix_moveit_interface_msgs:${AMENT_PREFIX_PATH} CMAKE_PREFIX_PATH=/home/wellyowo/locobot_sim/locobot_ws/install/moveit_visual_tools:/home/wellyowo/locobot_sim/locobot_ws/install/interbotix_moveit_interface_msgs:/opt/ros/humble LD_LIBRARY_PATH=/home/wellyowo/locobot_sim/locobot_ws/install/moveit_visual_tools/lib:/home/wellyowo/locobot_sim/locobot_ws/install/interbotix_moveit_interface_msgs/lib:/opt/ros/humble/opt/rviz_ogre_vendor/lib:/opt/ros/humble/lib/x86_64-linux-gnu:/opt/ros/humble/lib:/usr/local/nvidia/lib:/usr/local/nvidia/lib64:/usr/lib/x86_64-linux-gnu/gazebo-11/plugins PYTHONPATH=/home/wellyowo/locobot_sim/locobot_ws/install/interbotix_moveit_interface_msgs/local/lib/python3.10/dist-packages:${PYTHONPATH} /usr/bin/cmake --build /home/wellyowo/locobot_sim/locobot_ws/build/interbotix_moveit_interface -- -j16 -l16
[22.901s] Invoking command in '/home/wellyowo/locobot_sim/locobot_ws/build/interbotix_moveit_interface': AMENT_PREFIX_PATH=/home/wellyowo/locobot_sim/locobot_ws/install/moveit_visual_tools:/home/wellyowo/locobot_sim/locobot_ws/install/interbotix_moveit_interface_msgs:${AMENT_PREFIX_PATH} CMAKE_PREFIX_PATH=/home/wellyowo/locobot_sim/locobot_ws/install/moveit_visual_tools:/home/wellyowo/locobot_sim/locobot_ws/install/interbotix_moveit_interface_msgs:/opt/ros/humble LD_LIBRARY_PATH=/home/wellyowo/locobot_sim/locobot_ws/install/moveit_visual_tools/lib:/home/wellyowo/locobot_sim/locobot_ws/install/interbotix_moveit_interface_msgs/lib:/opt/ros/humble/opt/rviz_ogre_vendor/lib:/opt/ros/humble/lib/x86_64-linux-gnu:/opt/ros/humble/lib:/usr/local/nvidia/lib:/usr/local/nvidia/lib64:/usr/lib/x86_64-linux-gnu/gazebo-11/plugins PYTHONPATH=/home/wellyowo/locobot_sim/locobot_ws/install/interbotix_moveit_interface_msgs/local/lib/python3.10/dist-packages:${PYTHONPATH} /usr/bin/cmake --install /home/wellyowo/locobot_sim/locobot_ws/build/interbotix_moveit_interface
[22.906s] -- Install configuration: ""
[22.906s] -- Execute custom install script
[22.907s] -- Symlinking: /home/wellyowo/locobot_sim/locobot_ws/install/interbotix_moveit_interface/lib/interbotix_moveit_interface/moveit_interface
[22.913s] -- Symlinking: /home/wellyowo/locobot_sim/locobot_ws/install/interbotix_moveit_interface/lib/interbotix_moveit_interface/moveit_interface_gui
[22.919s] -- Symlinking: /home/wellyowo/locobot_sim/locobot_ws/install/interbotix_moveit_interface/share/ament_index/resource_index/package_run_dependencies/interbotix_moveit_interface
[22.924s] -- Symlinking: /home/wellyowo/locobot_sim/locobot_ws/install/interbotix_moveit_interface/share/ament_index/resource_index/parent_prefix_path/interbotix_moveit_interface
[22.930s] -- Symlinking: /home/wellyowo/locobot_sim/locobot_ws/install/interbotix_moveit_interface/share/interbotix_moveit_interface/environment/ament_prefix_path.sh
[22.935s] -- Symlinking: /home/wellyowo/locobot_sim/locobot_ws/install/interbotix_moveit_interface/share/interbotix_moveit_interface/environment/ament_prefix_path.dsv
[22.941s] -- Symlinking: /home/wellyowo/locobot_sim/locobot_ws/install/interbotix_moveit_interface/share/interbotix_moveit_interface/environment/path.sh
[22.946s] -- Symlinking: /home/wellyowo/locobot_sim/locobot_ws/install/interbotix_moveit_interface/share/interbotix_moveit_interface/environment/path.dsv
[22.951s] -- Symlinking: /home/wellyowo/locobot_sim/locobot_ws/install/interbotix_moveit_interface/share/interbotix_moveit_interface/local_setup.bash
[22.957s] -- Symlinking: /home/wellyowo/locobot_sim/locobot_ws/install/interbotix_moveit_interface/share/interbotix_moveit_interface/local_setup.sh
[22.962s] -- Symlinking: /home/wellyowo/locobot_sim/locobot_ws/install/interbotix_moveit_interface/share/interbotix_moveit_interface/local_setup.zsh
[22.968s] -- Symlinking: /home/wellyowo/locobot_sim/locobot_ws/install/interbotix_moveit_interface/share/interbotix_moveit_interface/local_setup.dsv
[22.973s] -- Symlinking: /home/wellyowo/locobot_sim/locobot_ws/install/interbotix_moveit_interface/share/interbotix_moveit_interface/package.dsv
[22.979s] -- Symlinking: /home/wellyowo/locobot_sim/locobot_ws/install/interbotix_moveit_interface/share/ament_index/resource_index/packages/interbotix_moveit_interface
[22.985s] -- Symlinking: /home/wellyowo/locobot_sim/locobot_ws/install/interbotix_moveit_interface/share/interbotix_moveit_interface/cmake/interbotix_moveit_interfaceConfig.cmake
[22.991s] -- Symlinking: /home/wellyowo/locobot_sim/locobot_ws/install/interbotix_moveit_interface/share/interbotix_moveit_interface/cmake/interbotix_moveit_interfaceConfig-version.cmake
[22.997s] -- Symlinking: /home/wellyowo/locobot_sim/locobot_ws/install/interbotix_moveit_interface/share/interbotix_moveit_interface/package.xml
[23.005s] Invoked command in '/home/wellyowo/locobot_sim/locobot_ws/build/interbotix_moveit_interface' returned '0': AMENT_PREFIX_PATH=/home/wellyowo/locobot_sim/locobot_ws/install/moveit_visual_tools:/home/wellyowo/locobot_sim/locobot_ws/install/interbotix_moveit_interface_msgs:${AMENT_PREFIX_PATH} CMAKE_PREFIX_PATH=/home/wellyowo/locobot_sim/locobot_ws/install/moveit_visual_tools:/home/wellyowo/locobot_sim/locobot_ws/install/interbotix_moveit_interface_msgs:/opt/ros/humble LD_LIBRARY_PATH=/home/wellyowo/locobot_sim/locobot_ws/install/moveit_visual_tools/lib:/home/wellyowo/locobot_sim/locobot_ws/install/interbotix_moveit_interface_msgs/lib:/opt/ros/humble/opt/rviz_ogre_vendor/lib:/opt/ros/humble/lib/x86_64-linux-gnu:/opt/ros/humble/lib:/usr/local/nvidia/lib:/usr/local/nvidia/lib64:/usr/lib/x86_64-linux-gnu/gazebo-11/plugins PYTHONPATH=/home/wellyowo/locobot_sim/locobot_ws/install/interbotix_moveit_interface_msgs/local/lib/python3.10/dist-packages:${PYTHONPATH} /usr/bin/cmake --install /home/wellyowo/locobot_sim/locobot_ws/build/interbotix_moveit_interface
