[0.235s] Invoking command in '/home/wellyowo/locobot_sim/locobot_ws/src/build/interbotix_xs_ros_control': AMENT_PREFIX_PATH=/home/wellyowo/locobot_sim/locobot_ws/src/install/interbotix_xs_msgs:${AMENT_PREFIX_PATH} CMAKE_PREFIX_PATH=/home/wellyowo/locobot_sim/locobot_ws/src/install/interbotix_xs_msgs:/opt/ros/humble LD_LIBRARY_PATH=/home/wellyowo/locobot_sim/locobot_ws/src/install/interbotix_xs_msgs/lib:${LD_LIBRARY_PATH} PYTHONPATH=/home/wellyowo/locobot_sim/locobot_ws/src/install/interbotix_xs_msgs/local/lib/python3.10/dist-packages:${PYTHONPATH} /usr/bin/cmake /home/wellyowo/locobot_sim/locobot_ws/src/interbotix_ros_toolboxes/interbotix_xs_toolbox/interbotix_xs_ros_control -DCMAKE_INSTALL_PREFIX=/home/wellyowo/locobot_sim/locobot_ws/src/install/interbotix_xs_ros_control
[0.390s] -- The C compiler identification is GNU 11.4.0
[0.529s] -- The CXX compiler identification is GNU 11.4.0
[0.557s] -- Detecting C compiler ABI info
[0.814s] -- Detecting C compiler ABI info - done
[0.849s] -- Check for working C compiler: /usr/bin/cc - skipped
[0.849s] -- Detecting C compile features
[0.849s] -- Detecting C compile features - done
[0.849s] -- Detecting CXX compiler ABI info
[1.154s] -- Detecting CXX compiler ABI info - done
[1.174s] -- Check for working CXX compiler: /usr/bin/c++ - skipped
[1.174s] -- Detecting CXX compile features
[1.178s] -- Detecting CXX compile features - done
[1.202s] -- Found ament_cmake: 1.3.11 (/opt/ros/humble/share/ament_cmake/cmake)
[2.150s] -- Found Python3: /usr/bin/python3 (found version "3.10.12") found components: Interpreter 
[2.977s] -- Found hardware_interface: 2.51.0 (/opt/ros/humble/share/hardware_interface/cmake)
[3.397s] -- Found rosidl_generator_c: 3.1.6 (/opt/ros/humble/share/rosidl_generator_c/cmake)
[3.467s] -- Found rosidl_adapter: 3.1.6 (/opt/ros/humble/share/rosidl_adapter/cmake)
[3.487s] -- Found rosidl_generator_cpp: 3.1.6 (/opt/ros/humble/share/rosidl_generator_cpp/cmake)
[3.562s] -- Using all available rosidl_typesupport_c: rosidl_typesupport_fastrtps_c;rosidl_typesupport_introspection_c
[3.691s] -- Using all available rosidl_typesupport_cpp: rosidl_typesupport_fastrtps_cpp;rosidl_typesupport_introspection_cpp
[5.223s] -- Found rmw_implementation_cmake: 6.1.2 (/opt/ros/humble/share/rmw_implementation_cmake/cmake)
[5.242s] -- Found rmw_fastrtps_cpp: 6.2.7 (/opt/ros/humble/share/rmw_fastrtps_cpp/cmake)
[5.435s] -- Found TinyXML2 via Config file: TinyXML2_DIR-NOTFOUND
[5.820s] -- Found OpenSSL: /usr/lib/x86_64-linux-gnu/libcrypto.so (found version "3.0.2")  
[5.820s] -- Found TinyXML2 via Config file: TinyXML2_DIR-NOTFOUND
[5.864s] -- Found FastRTPS: /opt/ros/humble/include  
[5.874s] -- Found TinyXML2 via Config file: TinyXML2_DIR-NOTFOUND
[5.901s] -- Found TinyXML2 via Config file: TinyXML2_DIR-NOTFOUND
[5.957s] -- Using RMW implementation 'rmw_fastrtps_cpp' as default
[6.012s] -- Looking for pthread.h
[6.325s] -- Looking for pthread.h - found
[6.326s] -- Performing Test CMAKE_HAVE_LIBC_PTHREAD
[6.662s] -- Performing Test CMAKE_HAVE_LIBC_PTHREAD - Success
[6.664s] -- Found Threads: TRUE  
[7.069s] -- Found interbotix_xs_msgs: 0.0.0 (/home/wellyowo/locobot_sim/locobot_ws/src/install/interbotix_xs_msgs/share/interbotix_xs_msgs/cmake)
[7.233s] -- Found ament_lint_auto: 0.12.12 (/opt/ros/humble/share/ament_lint_auto/cmake)
[7.679s] -- Found ros2_control_test_assets: 2.51.0 (/opt/ros/humble/share/ros2_control_test_assets/cmake)
[7.692s] -- Found gmock sources under '/opt/ros/humble/src/gmock_vendor': C++ tests using 'Google Mock' will be built
[7.735s] -- Found ament_cmake_gtest: 1.3.11 (/opt/ros/humble/share/ament_cmake_gtest/cmake)
[7.739s] -- Found gtest sources under '/opt/ros/humble/src/gtest_vendor': C++ tests using 'Google Test' will be built
[7.796s] -- Added test 'copyright' to check source files copyright and LICENSE
[7.800s] -- Added test 'cppcheck' to perform static code analysis on C / C++ code
[7.800s] -- Configured cppcheck include dirs: $<BUILD_INTERFACE:/home/wellyowo/locobot_sim/locobot_ws/src/interbotix_ros_toolboxes/interbotix_xs_toolbox/interbotix_xs_ros_control/include>;/home/wellyowo/locobot_sim/locobot_ws/src/interbotix_ros_toolboxes/interbotix_xs_toolbox/interbotix_xs_ros_control/include
[7.801s] -- Configured cppcheck exclude dirs and/or files: 
[7.802s] -- Added test 'cpplint' to check C / C++ code against the Google style
[7.802s] -- Configured cpplint exclude dirs and/or files: 
[7.805s] -- Added test 'lint_cmake' to check CMake code style
[7.808s] -- Added test 'uncrustify' to check C / C++ code style
[7.808s] -- Configured uncrustify additional arguments: 
[7.809s] -- Added test 'xmllint' to check XML markup files
[7.825s] -- Configuring done
[7.980s] -- Generating done
[8.004s] -- Build files have been written to: /home/wellyowo/locobot_sim/locobot_ws/src/build/interbotix_xs_ros_control
