[0.194s] Invoking command in '/home/wellyowo/locobot_sim/locobot_ws/src/build/ecl_command_line': CMAKE_PREFIX_PATH=/opt/ros/humble /usr/bin/cmake /home/wellyowo/locobot_sim/locobot_ws/src/ThirdParty/ecl/ecl_core/ecl_command_line -DCMAKE_INSTALL_PREFIX=/home/wellyowo/locobot_sim/locobot_ws/src/install/ecl_command_line
[0.249s] -- The C compiler identification is GNU 11.4.0
[0.322s] -- The CXX compiler identification is GNU 11.4.0
[0.332s] -- Detecting C compiler ABI info
[0.444s] -- Detecting C compiler ABI info - done
[0.455s] -- Check for working C compiler: /usr/bin/cc - skipped
[0.455s] -- Detecting C compile features
[0.457s] -- Detecting C compile features - done
[0.461s] -- Detecting CXX compiler ABI info
[0.662s] -- Detecting CXX compiler ABI info - done
[0.683s] -- Check for working CXX compiler: /usr/bin/c++ - skipped
[0.684s] -- Detecting CXX compile features
[0.688s] -- Detecting CXX compile features - done
[0.696s] -- Found ament_cmake_ros: 0.10.0 (/opt/ros/humble/share/ament_cmake_ros/cmake)
[1.368s] -- Found Python3: /usr/bin/python3 (found version "3.10.12") found components: Interpreter 
[1.952s] -- Found ecl_build: 1.0.3 (/opt/ros/humble/share/ecl_build/cmake)
[2.217s] -- Found ament_lint_auto: 0.12.12 (/opt/ros/humble/share/ament_lint_auto/cmake)
[2.425s] -- Configuring done
[2.436s] -- Generating done
[2.440s] -- Build files have been written to: /home/wellyowo/locobot_sim/locobot_ws/src/build/ecl_command_line
[2.458s] Invoked command in '/home/wellyowo/locobot_sim/locobot_ws/src/build/ecl_command_line' returned '0': CMAKE_PREFIX_PATH=/opt/ros/humble /usr/bin/cmake /home/wellyowo/locobot_sim/locobot_ws/src/ThirdParty/ecl/ecl_core/ecl_command_line -DCMAKE_INSTALL_PREFIX=/home/wellyowo/locobot_sim/locobot_ws/src/install/ecl_command_line
[2.459s] Invoking command in '/home/wellyowo/locobot_sim/locobot_ws/src/build/ecl_command_line': CMAKE_PREFIX_PATH=/opt/ros/humble /usr/bin/cmake --build /home/wellyowo/locobot_sim/locobot_ws/src/build/ecl_command_line -- -j16 -l16
[4.568s] [ 50%] [32mBuilding CXX object src/examples/CMakeFiles/ecl_demo_command_line.dir/command_line.cpp.o[0m
[4.569s] [100%] [32m[1mLinking CXX executable demo_command_line[0m
[5.093s] [100%] Built target ecl_demo_command_line
[5.153s] Invoked command in '/home/wellyowo/locobot_sim/locobot_ws/src/build/ecl_command_line' returned '0': CMAKE_PREFIX_PATH=/opt/ros/humble /usr/bin/cmake --build /home/wellyowo/locobot_sim/locobot_ws/src/build/ecl_command_line -- -j16 -l16
[5.153s] Invoking command in '/home/wellyowo/locobot_sim/locobot_ws/src/build/ecl_command_line': CMAKE_PREFIX_PATH=/opt/ros/humble /usr/bin/cmake --install /home/wellyowo/locobot_sim/locobot_ws/src/build/ecl_command_line
[13.064s] -- Install configuration: ""
[13.064s] -- Installing: /home/wellyowo/locobot_sim/locobot_ws/src/install/ecl_command_line/share/ament_index/resource_index/package_run_dependencies/ecl_command_line
[13.064s] -- Installing: /home/wellyowo/locobot_sim/locobot_ws/src/install/ecl_command_line/share/ament_index/resource_index/parent_prefix_path/ecl_command_line
[13.064s] -- Installing: /home/wellyowo/locobot_sim/locobot_ws/src/install/ecl_command_line/share/ecl_command_line/environment/ament_prefix_path.sh
[13.064s] -- Installing: /home/wellyowo/locobot_sim/locobot_ws/src/install/ecl_command_line/share/ecl_command_line/environment/ament_prefix_path.dsv
[13.064s] -- Installing: /home/wellyowo/locobot_sim/locobot_ws/src/install/ecl_command_line/share/ecl_command_line/environment/path.sh
[13.064s] -- Installing: /home/wellyowo/locobot_sim/locobot_ws/src/install/ecl_command_line/share/ecl_command_line/environment/path.dsv
[13.064s] -- Installing: /home/wellyowo/locobot_sim/locobot_ws/src/install/ecl_command_line/share/ecl_command_line/local_setup.bash
[13.064s] -- Installing: /home/wellyowo/locobot_sim/locobot_ws/src/install/ecl_command_line/share/ecl_command_line/local_setup.sh
[13.064s] -- Installing: /home/wellyowo/locobot_sim/locobot_ws/src/install/ecl_command_line/share/ecl_command_line/local_setup.zsh
[13.064s] -- Installing: /home/wellyowo/locobot_sim/locobot_ws/src/install/ecl_command_line/share/ecl_command_line/local_setup.dsv
[13.064s] -- Installing: /home/wellyowo/locobot_sim/locobot_ws/src/install/ecl_command_line/share/ecl_command_line/package.dsv
[13.064s] -- Installing: /home/wellyowo/locobot_sim/locobot_ws/src/install/ecl_command_line/share/ament_index/resource_index/packages/ecl_command_line
[13.064s] -- Installing: /home/wellyowo/locobot_sim/locobot_ws/src/install/ecl_command_line/share/ecl_command_line/cmake/ecl_command_lineExport.cmake
[13.064s] -- Installing: /home/wellyowo/locobot_sim/locobot_ws/src/install/ecl_command_line/share/ecl_command_line/cmake/ament_cmake_export_targets-extras.cmake
[13.064s] -- Installing: /home/wellyowo/locobot_sim/locobot_ws/src/install/ecl_command_line/share/ecl_command_line/cmake/ament_cmake_export_include_directories-extras.cmake
[13.076s] -- Installing: /home/wellyowo/locobot_sim/locobot_ws/src/install/ecl_command_line/share/ecl_command_line/cmake/ecl_command_lineConfig.cmake
[13.076s] -- Installing: /home/wellyowo/locobot_sim/locobot_ws/src/install/ecl_command_line/share/ecl_command_line/cmake/ecl_command_lineConfig-version.cmake
[13.076s] -- Installing: /home/wellyowo/locobot_sim/locobot_ws/src/install/ecl_command_line/share/ecl_command_line/package.xml
[13.076s] -- Installing: /home/wellyowo/locobot_sim/locobot_ws/src/install/ecl_command_line/include/ecl/command_line.hpp
[13.076s] -- Installing: /home/wellyowo/locobot_sim/locobot_ws/src/install/ecl_command_line/include/ecl/command_line/arg.hpp
[13.076s] -- Installing: /home/wellyowo/locobot_sim/locobot_ws/src/install/ecl_command_line/include/ecl/command_line/arg_exception.hpp
[13.076s] -- Installing: /home/wellyowo/locobot_sim/locobot_ws/src/install/ecl_command_line/include/ecl/command_line/cmd_line.hpp
[13.076s] -- Installing: /home/wellyowo/locobot_sim/locobot_ws/src/install/ecl_command_line/include/ecl/command_line/cmd_line_interface.hpp
[13.076s] -- Installing: /home/wellyowo/locobot_sim/locobot_ws/src/install/ecl_command_line/include/ecl/command_line/cmd_line_output.hpp
[13.076s] -- Installing: /home/wellyowo/locobot_sim/locobot_ws/src/install/ecl_command_line/include/ecl/command_line/constraint.hpp
[13.077s] -- Installing: /home/wellyowo/locobot_sim/locobot_ws/src/install/ecl_command_line/include/ecl/command_line/docbook_output.hpp
[13.077s] -- Installing: /home/wellyowo/locobot_sim/locobot_ws/src/install/ecl_command_line/include/ecl/command_line/help_visitor.hpp
[13.077s] -- Installing: /home/wellyowo/locobot_sim/locobot_ws/src/install/ecl_command_line/include/ecl/command_line/ignore_rest_visitor.hpp
[13.077s] -- Installing: /home/wellyowo/locobot_sim/locobot_ws/src/install/ecl_command_line/include/ecl/command_line/multi_arg.hpp
[13.077s] -- Installing: /home/wellyowo/locobot_sim/locobot_ws/src/install/ecl_command_line/include/ecl/command_line/multi_switch_arg.hpp
[13.077s] -- Installing: /home/wellyowo/locobot_sim/locobot_ws/src/install/ecl_command_line/include/ecl/command_line/optional_unlabeled_tracker.hpp
[13.077s] -- Installing: /home/wellyowo/locobot_sim/locobot_ws/src/install/ecl_command_line/include/ecl/command_line/std_output.hpp
[13.077s] -- Installing: /home/wellyowo/locobot_sim/locobot_ws/src/install/ecl_command_line/include/ecl/command_line/switch_arg.hpp
[13.077s] -- Installing: /home/wellyowo/locobot_sim/locobot_ws/src/install/ecl_command_line/include/ecl/command_line/unlabeled_multi_arg.hpp
[13.077s] -- Installing: /home/wellyowo/locobot_sim/locobot_ws/src/install/ecl_command_line/include/ecl/command_line/unlabeled_value_arg.hpp
[13.077s] -- Installing: /home/wellyowo/locobot_sim/locobot_ws/src/install/ecl_command_line/include/ecl/command_line/value_arg.hpp
[13.077s] -- Installing: /home/wellyowo/locobot_sim/locobot_ws/src/install/ecl_command_line/include/ecl/command_line/values_constraint.hpp
[13.077s] -- Installing: /home/wellyowo/locobot_sim/locobot_ws/src/install/ecl_command_line/include/ecl/command_line/version_visitor.hpp
[13.077s] -- Installing: /home/wellyowo/locobot_sim/locobot_ws/src/install/ecl_command_line/include/ecl/command_line/visitor.hpp
[13.077s] -- Installing: /home/wellyowo/locobot_sim/locobot_ws/src/install/ecl_command_line/include/ecl/command_line/xor_handler.hpp
[13.077s] -- Installing: /home/wellyowo/locobot_sim/locobot_ws/src/install/ecl_command_line/lib/ecl_command_line/demo_command_line
[13.106s] Invoked command in '/home/wellyowo/locobot_sim/locobot_ws/src/build/ecl_command_line' returned '0': CMAKE_PREFIX_PATH=/opt/ros/humble /usr/bin/cmake --install /home/wellyowo/locobot_sim/locobot_ws/src/build/ecl_command_line
