[35m[1mConsolidate compiler generated dependencies of target gtest[0m
[35m[1mConsolidate compiler generated dependencies of target gtest_main[0m
[ 33%] Built target gtest_main
[ 66%] Built target gtest
[35m[1mConsolidate compiler generated dependencies of target test_enable_if[0m
[100%] Built target test_enable_if
-- Install configuration: ""
-- Up-to-date: /home/wellyowo/locobot_sim/locobot_ws/src/install/ecl_mpl/share/ament_index/resource_index/package_run_dependencies/ecl_mpl
-- Up-to-date: /home/wellyowo/locobot_sim/locobot_ws/src/install/ecl_mpl/share/ament_index/resource_index/parent_prefix_path/ecl_mpl
-- Up-to-date: /home/wellyowo/locobot_sim/locobot_ws/src/install/ecl_mpl/share/ecl_mpl/environment/ament_prefix_path.sh
-- Up-to-date: /home/wellyowo/locobot_sim/locobot_ws/src/install/ecl_mpl/share/ecl_mpl/environment/ament_prefix_path.dsv
-- Up-to-date: /home/wellyowo/locobot_sim/locobot_ws/src/install/ecl_mpl/share/ecl_mpl/environment/path.sh
-- Up-to-date: /home/wellyowo/locobot_sim/locobot_ws/src/install/ecl_mpl/share/ecl_mpl/environment/path.dsv
-- Up-to-date: /home/wellyowo/locobot_sim/locobot_ws/src/install/ecl_mpl/share/ecl_mpl/local_setup.bash
-- Up-to-date: /home/wellyowo/locobot_sim/locobot_ws/src/install/ecl_mpl/share/ecl_mpl/local_setup.sh
-- Up-to-date: /home/wellyowo/locobot_sim/locobot_ws/src/install/ecl_mpl/share/ecl_mpl/local_setup.zsh
-- Up-to-date: /home/wellyowo/locobot_sim/locobot_ws/src/install/ecl_mpl/share/ecl_mpl/local_setup.dsv
-- Installing: /home/wellyowo/locobot_sim/locobot_ws/src/install/ecl_mpl/share/ecl_mpl/package.dsv
-- Up-to-date: /home/wellyowo/locobot_sim/locobot_ws/src/install/ecl_mpl/share/ament_index/resource_index/packages/ecl_mpl
-- Up-to-date: /home/wellyowo/locobot_sim/locobot_ws/src/install/ecl_mpl/share/ecl_mpl/cmake/ecl_mplExport.cmake
-- Up-to-date: /home/wellyowo/locobot_sim/locobot_ws/src/install/ecl_mpl/share/ecl_mpl/cmake/ament_cmake_export_targets-extras.cmake
-- Up-to-date: /home/wellyowo/locobot_sim/locobot_ws/src/install/ecl_mpl/share/ecl_mpl/cmake/ament_cmake_export_include_directories-extras.cmake
-- Up-to-date: /home/wellyowo/locobot_sim/locobot_ws/src/install/ecl_mpl/share/ecl_mpl/cmake/ecl_mplConfig.cmake
-- Up-to-date: /home/wellyowo/locobot_sim/locobot_ws/src/install/ecl_mpl/share/ecl_mpl/cmake/ecl_mplConfig-version.cmake
-- Up-to-date: /home/wellyowo/locobot_sim/locobot_ws/src/install/ecl_mpl/share/ecl_mpl/package.xml
-- Up-to-date: /home/wellyowo/locobot_sim/locobot_ws/src/install/ecl_mpl/include/ecl/mpl.hpp
-- Up-to-date: /home/wellyowo/locobot_sim/locobot_ws/src/install/ecl_mpl/include/ecl/mpl/bool.hpp
-- Up-to-date: /home/wellyowo/locobot_sim/locobot_ws/src/install/ecl_mpl/include/ecl/mpl/converters.hpp
-- Up-to-date: /home/wellyowo/locobot_sim/locobot_ws/src/install/ecl_mpl/include/ecl/mpl/enable_if.hpp
-- Up-to-date: /home/wellyowo/locobot_sim/locobot_ws/src/install/ecl_mpl/include/ecl/mpl/failed_object.hpp
-- Up-to-date: /home/wellyowo/locobot_sim/locobot_ws/src/install/ecl_mpl/include/ecl/mpl/if.hpp
