[0.040s] Invoking command in '/home/wellyowo/locobot_sim/locobot_ws/src/build/ecl_mpl': CMAKE_PREFIX_PATH=/opt/ros/humble /usr/bin/cmake --build /home/wellyowo/locobot_sim/locobot_ws/src/build/ecl_mpl -- -j16 -l16
[0.294s] [35m[1mConsolidate compiler generated dependencies of target gtest[0m
[0.294s] [35m[1mConsolidate compiler generated dependencies of target gtest_main[0m
[0.294s] [ 33%] Built target gtest_main
[0.294s] [ 66%] Built target gtest
[0.294s] [35m[1mConsolidate compiler generated dependencies of target test_enable_if[0m
[0.294s] [100%] Built target test_enable_if
[0.372s] Invoked command in '/home/wellyowo/locobot_sim/locobot_ws/src/build/ecl_mpl' returned '0': CMAKE_PREFIX_PATH=/opt/ros/humble /usr/bin/cmake --build /home/wellyowo/locobot_sim/locobot_ws/src/build/ecl_mpl -- -j16 -l16
[0.373s] Invoking command in '/home/wellyowo/locobot_sim/locobot_ws/src/build/ecl_mpl': CMAKE_PREFIX_PATH=/opt/ros/humble /usr/bin/cmake --install /home/wellyowo/locobot_sim/locobot_ws/src/build/ecl_mpl
[0.438s] -- Install configuration: ""
[0.438s] -- Up-to-date: /home/wellyowo/locobot_sim/locobot_ws/src/install/ecl_mpl/share/ament_index/resource_index/package_run_dependencies/ecl_mpl
[0.438s] -- Up-to-date: /home/wellyowo/locobot_sim/locobot_ws/src/install/ecl_mpl/share/ament_index/resource_index/parent_prefix_path/ecl_mpl
[0.438s] -- Up-to-date: /home/wellyowo/locobot_sim/locobot_ws/src/install/ecl_mpl/share/ecl_mpl/environment/ament_prefix_path.sh
[0.439s] -- Up-to-date: /home/wellyowo/locobot_sim/locobot_ws/src/install/ecl_mpl/share/ecl_mpl/environment/ament_prefix_path.dsv
[0.439s] -- Up-to-date: /home/wellyowo/locobot_sim/locobot_ws/src/install/ecl_mpl/share/ecl_mpl/environment/path.sh
[0.439s] -- Up-to-date: /home/wellyowo/locobot_sim/locobot_ws/src/install/ecl_mpl/share/ecl_mpl/environment/path.dsv
[0.439s] -- Up-to-date: /home/wellyowo/locobot_sim/locobot_ws/src/install/ecl_mpl/share/ecl_mpl/local_setup.bash
[0.439s] -- Up-to-date: /home/wellyowo/locobot_sim/locobot_ws/src/install/ecl_mpl/share/ecl_mpl/local_setup.sh
[0.439s] -- Up-to-date: /home/wellyowo/locobot_sim/locobot_ws/src/install/ecl_mpl/share/ecl_mpl/local_setup.zsh
[0.439s] -- Up-to-date: /home/wellyowo/locobot_sim/locobot_ws/src/install/ecl_mpl/share/ecl_mpl/local_setup.dsv
[0.439s] -- Installing: /home/wellyowo/locobot_sim/locobot_ws/src/install/ecl_mpl/share/ecl_mpl/package.dsv
[0.439s] -- Up-to-date: /home/wellyowo/locobot_sim/locobot_ws/src/install/ecl_mpl/share/ament_index/resource_index/packages/ecl_mpl
[0.439s] -- Up-to-date: /home/wellyowo/locobot_sim/locobot_ws/src/install/ecl_mpl/share/ecl_mpl/cmake/ecl_mplExport.cmake
[0.439s] -- Up-to-date: /home/wellyowo/locobot_sim/locobot_ws/src/install/ecl_mpl/share/ecl_mpl/cmake/ament_cmake_export_targets-extras.cmake
[0.439s] -- Up-to-date: /home/wellyowo/locobot_sim/locobot_ws/src/install/ecl_mpl/share/ecl_mpl/cmake/ament_cmake_export_include_directories-extras.cmake
[0.439s] -- Up-to-date: /home/wellyowo/locobot_sim/locobot_ws/src/install/ecl_mpl/share/ecl_mpl/cmake/ecl_mplConfig.cmake
[0.439s] -- Up-to-date: /home/wellyowo/locobot_sim/locobot_ws/src/install/ecl_mpl/share/ecl_mpl/cmake/ecl_mplConfig-version.cmake
[0.439s] -- Up-to-date: /home/wellyowo/locobot_sim/locobot_ws/src/install/ecl_mpl/share/ecl_mpl/package.xml
[0.439s] -- Up-to-date: /home/wellyowo/locobot_sim/locobot_ws/src/install/ecl_mpl/include/ecl/mpl.hpp
[0.440s] -- Up-to-date: /home/wellyowo/locobot_sim/locobot_ws/src/install/ecl_mpl/include/ecl/mpl/bool.hpp
[0.440s] -- Up-to-date: /home/wellyowo/locobot_sim/locobot_ws/src/install/ecl_mpl/include/ecl/mpl/converters.hpp
[0.440s] -- Up-to-date: /home/wellyowo/locobot_sim/locobot_ws/src/install/ecl_mpl/include/ecl/mpl/enable_if.hpp
[0.440s] -- Up-to-date: /home/wellyowo/locobot_sim/locobot_ws/src/install/ecl_mpl/include/ecl/mpl/failed_object.hpp
[0.440s] -- Up-to-date: /home/wellyowo/locobot_sim/locobot_ws/src/install/ecl_mpl/include/ecl/mpl/if.hpp
[0.484s] Invoked command in '/home/wellyowo/locobot_sim/locobot_ws/src/build/ecl_mpl' returned '0': CMAKE_PREFIX_PATH=/opt/ros/humble /usr/bin/cmake --install /home/wellyowo/locobot_sim/locobot_ws/src/build/ecl_mpl
