[0.009s] Invoking command in '/home/wellyowo/locobot_sim/locobot_ws/build/interbotix_common_toolbox': AMENT_PREFIX_PATH=/home/wellyowo/locobot_sim/locobot_ws/install/interbotix_gravity_compensation:/home/wellyowo/locobot_sim/locobot_ws/install/interbotix_xs_msgs:/home/wellyowo/locobot_sim/locobot_ws/install/interbotix_common_sim:/home/wellyowo/locobot_sim/locobot_ws/install/interbotix_common_modules:${AMENT_PREFIX_PATH} CMAKE_PREFIX_PATH=/home/wellyowo/locobot_sim/locobot_ws/install/interbotix_gravity_compensation:/home/wellyowo/locobot_sim/locobot_ws/install/interbotix_xs_msgs:/home/wellyowo/locobot_sim/locobot_ws/install/interbotix_common_sim:/opt/ros/humble LD_LIBRARY_PATH=/home/wellyowo/locobot_sim/locobot_ws/install/interbotix_xs_msgs/lib:${LD_LIBRARY_PATH} PYTHONPATH=/home/wellyowo/locobot_sim/locobot_ws/install/interbotix_xs_msgs/local/lib/python3.10/dist-packages:/home/wellyowo/locobot_sim/locobot_ws/build/interbotix_common_modules:/home/wellyowo/locobot_sim/locobot_ws/install/interbotix_common_modules/lib/python3.10/site-packages:${PYTHONPATH} /usr/bin/cmake /home/wellyowo/locobot_sim/locobot_ws/src/interbotix_ros_toolboxes/interbotix_common_toolbox/interbotix_common_toolbox -DBUILD_TESTING=OFF -DCMAKE_PREFIX_PATH= -DAMENT_CMAKE_SYMLINK_INSTALL=1 -DCMAKE_INSTALL_PREFIX=/home/wellyowo/locobot_sim/locobot_ws/install/interbotix_common_toolbox
[0.053s] -- The C compiler identification is GNU 11.4.0
[0.094s] -- The CXX compiler identification is GNU 11.4.0
[0.100s] -- Detecting C compiler ABI info
[0.151s] -- Detecting C compiler ABI info - done
[0.161s] -- Check for working C compiler: /usr/bin/cc - skipped
[0.161s] -- Detecting C compile features
[0.162s] -- Detecting C compile features - done
[0.166s] -- Detecting CXX compiler ABI info
[0.229s] -- Detecting CXX compiler ABI info - done
[0.235s] -- Check for working CXX compiler: /usr/bin/c++ - skipped
[0.235s] -- Detecting CXX compile features
[0.236s] -- Detecting CXX compile features - done
[0.238s] -- Found ament_cmake: 1.3.11 (/opt/ros/humble/share/ament_cmake/cmake)
[0.338s] -- Found Python3: /usr/bin/python3 (found version "3.10.12") found components: Interpreter 
[0.391s] -- Override CMake install command with custom implementation using symlinks instead of copying resources
[0.475s] -- Configuring done
[0.478s] -- Generating done
[0.479s] -- Build files have been written to: /home/wellyowo/locobot_sim/locobot_ws/build/interbotix_common_toolbox
[0.485s] Invoked command in '/home/wellyowo/locobot_sim/locobot_ws/build/interbotix_common_toolbox' returned '0': AMENT_PREFIX_PATH=/home/wellyowo/locobot_sim/locobot_ws/install/interbotix_gravity_compensation:/home/wellyowo/locobot_sim/locobot_ws/install/interbotix_xs_msgs:/home/wellyowo/locobot_sim/locobot_ws/install/interbotix_common_sim:/home/wellyowo/locobot_sim/locobot_ws/install/interbotix_common_modules:${AMENT_PREFIX_PATH} CMAKE_PREFIX_PATH=/home/wellyowo/locobot_sim/locobot_ws/install/interbotix_gravity_compensation:/home/wellyowo/locobot_sim/locobot_ws/install/interbotix_xs_msgs:/home/wellyowo/locobot_sim/locobot_ws/install/interbotix_common_sim:/opt/ros/humble LD_LIBRARY_PATH=/home/wellyowo/locobot_sim/locobot_ws/install/interbotix_xs_msgs/lib:${LD_LIBRARY_PATH} PYTHONPATH=/home/wellyowo/locobot_sim/locobot_ws/install/interbotix_xs_msgs/local/lib/python3.10/dist-packages:/home/wellyowo/locobot_sim/locobot_ws/build/interbotix_common_modules:/home/wellyowo/locobot_sim/locobot_ws/install/interbotix_common_modules/lib/python3.10/site-packages:${PYTHONPATH} /usr/bin/cmake /home/wellyowo/locobot_sim/locobot_ws/src/interbotix_ros_toolboxes/interbotix_common_toolbox/interbotix_common_toolbox -DBUILD_TESTING=OFF -DCMAKE_PREFIX_PATH= -DAMENT_CMAKE_SYMLINK_INSTALL=1 -DCMAKE_INSTALL_PREFIX=/home/wellyowo/locobot_sim/locobot_ws/install/interbotix_common_toolbox
[0.486s] Invoking command in '/home/wellyowo/locobot_sim/locobot_ws/build/interbotix_common_toolbox': AMENT_PREFIX_PATH=/home/wellyowo/locobot_sim/locobot_ws/install/interbotix_gravity_compensation:/home/wellyowo/locobot_sim/locobot_ws/install/interbotix_xs_msgs:/home/wellyowo/locobot_sim/locobot_ws/install/interbotix_common_sim:/home/wellyowo/locobot_sim/locobot_ws/install/interbotix_common_modules:${AMENT_PREFIX_PATH} CMAKE_PREFIX_PATH=/home/wellyowo/locobot_sim/locobot_ws/install/interbotix_gravity_compensation:/home/wellyowo/locobot_sim/locobot_ws/install/interbotix_xs_msgs:/home/wellyowo/locobot_sim/locobot_ws/install/interbotix_common_sim:/opt/ros/humble LD_LIBRARY_PATH=/home/wellyowo/locobot_sim/locobot_ws/install/interbotix_xs_msgs/lib:${LD_LIBRARY_PATH} PYTHONPATH=/home/wellyowo/locobot_sim/locobot_ws/install/interbotix_xs_msgs/local/lib/python3.10/dist-packages:/home/wellyowo/locobot_sim/locobot_ws/build/interbotix_common_modules:/home/wellyowo/locobot_sim/locobot_ws/install/interbotix_common_modules/lib/python3.10/site-packages:${PYTHONPATH} /usr/bin/cmake --build /home/wellyowo/locobot_sim/locobot_ws/build/interbotix_common_toolbox -- -j16 -l16
[0.517s] Invoked command in '/home/wellyowo/locobot_sim/locobot_ws/build/interbotix_common_toolbox' returned '0': AMENT_PREFIX_PATH=/home/wellyowo/locobot_sim/locobot_ws/install/interbotix_gravity_compensation:/home/wellyowo/locobot_sim/locobot_ws/install/interbotix_xs_msgs:/home/wellyowo/locobot_sim/locobot_ws/install/interbotix_common_sim:/home/wellyowo/locobot_sim/locobot_ws/install/interbotix_common_modules:${AMENT_PREFIX_PATH} CMAKE_PREFIX_PATH=/home/wellyowo/locobot_sim/locobot_ws/install/interbotix_gravity_compensation:/home/wellyowo/locobot_sim/locobot_ws/install/interbotix_xs_msgs:/home/wellyowo/locobot_sim/locobot_ws/install/interbotix_common_sim:/opt/ros/humble LD_LIBRARY_PATH=/home/wellyowo/locobot_sim/locobot_ws/install/interbotix_xs_msgs/lib:${LD_LIBRARY_PATH} PYTHONPATH=/home/wellyowo/locobot_sim/locobot_ws/install/interbotix_xs_msgs/local/lib/python3.10/dist-packages:/home/wellyowo/locobot_sim/locobot_ws/build/interbotix_common_modules:/home/wellyowo/locobot_sim/locobot_ws/install/interbotix_common_modules/lib/python3.10/site-packages:${PYTHONPATH} /usr/bin/cmake --build /home/wellyowo/locobot_sim/locobot_ws/build/interbotix_common_toolbox -- -j16 -l16
[0.518s] Invoking command in '/home/wellyowo/locobot_sim/locobot_ws/build/interbotix_common_toolbox': AMENT_PREFIX_PATH=/home/wellyowo/locobot_sim/locobot_ws/install/interbotix_gravity_compensation:/home/wellyowo/locobot_sim/locobot_ws/install/interbotix_xs_msgs:/home/wellyowo/locobot_sim/locobot_ws/install/interbotix_common_sim:/home/wellyowo/locobot_sim/locobot_ws/install/interbotix_common_modules:${AMENT_PREFIX_PATH} CMAKE_PREFIX_PATH=/home/wellyowo/locobot_sim/locobot_ws/install/interbotix_gravity_compensation:/home/wellyowo/locobot_sim/locobot_ws/install/interbotix_xs_msgs:/home/wellyowo/locobot_sim/locobot_ws/install/interbotix_common_sim:/opt/ros/humble LD_LIBRARY_PATH=/home/wellyowo/locobot_sim/locobot_ws/install/interbotix_xs_msgs/lib:${LD_LIBRARY_PATH} PYTHONPATH=/home/wellyowo/locobot_sim/locobot_ws/install/interbotix_xs_msgs/local/lib/python3.10/dist-packages:/home/wellyowo/locobot_sim/locobot_ws/build/interbotix_common_modules:/home/wellyowo/locobot_sim/locobot_ws/install/interbotix_common_modules/lib/python3.10/site-packages:${PYTHONPATH} /usr/bin/cmake --install /home/wellyowo/locobot_sim/locobot_ws/build/interbotix_common_toolbox
[0.525s] -- Install configuration: ""
[0.525s] -- Execute custom install script
[0.526s] -- Symlinking: /home/wellyowo/locobot_sim/locobot_ws/install/interbotix_common_toolbox/share/ament_index/resource_index/package_run_dependencies/interbotix_common_toolbox
[0.532s] -- Symlinking: /home/wellyowo/locobot_sim/locobot_ws/install/interbotix_common_toolbox/share/ament_index/resource_index/parent_prefix_path/interbotix_common_toolbox
[0.539s] -- Symlinking: /home/wellyowo/locobot_sim/locobot_ws/install/interbotix_common_toolbox/share/interbotix_common_toolbox/environment/ament_prefix_path.sh
[0.546s] -- Symlinking: /home/wellyowo/locobot_sim/locobot_ws/install/interbotix_common_toolbox/share/interbotix_common_toolbox/environment/ament_prefix_path.dsv
[0.553s] -- Symlinking: /home/wellyowo/locobot_sim/locobot_ws/install/interbotix_common_toolbox/share/interbotix_common_toolbox/environment/path.sh
[0.560s] -- Symlinking: /home/wellyowo/locobot_sim/locobot_ws/install/interbotix_common_toolbox/share/interbotix_common_toolbox/environment/path.dsv
[0.567s] -- Symlinking: /home/wellyowo/locobot_sim/locobot_ws/install/interbotix_common_toolbox/share/interbotix_common_toolbox/local_setup.bash
[0.573s] -- Symlinking: /home/wellyowo/locobot_sim/locobot_ws/install/interbotix_common_toolbox/share/interbotix_common_toolbox/local_setup.sh
[0.580s] -- Symlinking: /home/wellyowo/locobot_sim/locobot_ws/install/interbotix_common_toolbox/share/interbotix_common_toolbox/local_setup.zsh
[0.586s] -- Symlinking: /home/wellyowo/locobot_sim/locobot_ws/install/interbotix_common_toolbox/share/interbotix_common_toolbox/local_setup.dsv
[0.593s] -- Symlinking: /home/wellyowo/locobot_sim/locobot_ws/install/interbotix_common_toolbox/share/interbotix_common_toolbox/package.dsv
[0.599s] -- Symlinking: /home/wellyowo/locobot_sim/locobot_ws/install/interbotix_common_toolbox/share/ament_index/resource_index/packages/interbotix_common_toolbox
[0.606s] -- Symlinking: /home/wellyowo/locobot_sim/locobot_ws/install/interbotix_common_toolbox/share/interbotix_common_toolbox/cmake/interbotix_common_toolboxConfig.cmake
[0.613s] -- Symlinking: /home/wellyowo/locobot_sim/locobot_ws/install/interbotix_common_toolbox/share/interbotix_common_toolbox/cmake/interbotix_common_toolboxConfig-version.cmake
[0.620s] -- Symlinking: /home/wellyowo/locobot_sim/locobot_ws/install/interbotix_common_toolbox/share/interbotix_common_toolbox/package.xml
[0.630s] Invoked command in '/home/wellyowo/locobot_sim/locobot_ws/build/interbotix_common_toolbox' returned '0': AMENT_PREFIX_PATH=/home/wellyowo/locobot_sim/locobot_ws/install/interbotix_gravity_compensation:/home/wellyowo/locobot_sim/locobot_ws/install/interbotix_xs_msgs:/home/wellyowo/locobot_sim/locobot_ws/install/interbotix_common_sim:/home/wellyowo/locobot_sim/locobot_ws/install/interbotix_common_modules:${AMENT_PREFIX_PATH} CMAKE_PREFIX_PATH=/home/wellyowo/locobot_sim/locobot_ws/install/interbotix_gravity_compensation:/home/wellyowo/locobot_sim/locobot_ws/install/interbotix_xs_msgs:/home/wellyowo/locobot_sim/locobot_ws/install/interbotix_common_sim:/opt/ros/humble LD_LIBRARY_PATH=/home/wellyowo/locobot_sim/locobot_ws/install/interbotix_xs_msgs/lib:${LD_LIBRARY_PATH} PYTHONPATH=/home/wellyowo/locobot_sim/locobot_ws/install/interbotix_xs_msgs/local/lib/python3.10/dist-packages:/home/wellyowo/locobot_sim/locobot_ws/build/interbotix_common_modules:/home/wellyowo/locobot_sim/locobot_ws/install/interbotix_common_modules/lib/python3.10/site-packages:${PYTHONPATH} /usr/bin/cmake --install /home/wellyowo/locobot_sim/locobot_ws/build/interbotix_common_toolbox
