[0.686s] Invoking command in '/home/wellyowo/locobot_sim/locobot_ws/build/interbotix_perception_modules': AMENT_PREFIX_PATH=/home/wellyowo/locobot_sim/locobot_ws/install/interbotix_perception_pipelines:/home/wellyowo/locobot_sim/locobot_ws/install/interbotix_xs_msgs:/home/wellyowo/locobot_sim/locobot_ws/install/interbotix_perception_msgs:/home/wellyowo/locobot_sim/locobot_ws/install/interbotix_common_modules:${AMENT_PREFIX_PATH} CMAKE_PREFIX_PATH=/home/wellyowo/locobot_sim/locobot_ws/install/interbotix_perception_pipelines:/home/wellyowo/locobot_sim/locobot_ws/install/interbotix_xs_msgs:/home/wellyowo/locobot_sim/locobot_ws/install/interbotix_perception_msgs LD_LIBRARY_PATH=/home/wellyowo/locobot_sim/locobot_ws/install/interbotix_xs_msgs/lib:/home/wellyowo/locobot_sim/locobot_ws/install/interbotix_perception_msgs/lib:/opt/ros/humble/opt/rviz_ogre_vendor/lib:/opt/ros/humble/lib/x86_64-linux-gnu:/opt/ros/humble/lib:/usr/local/nvidia/lib:/usr/local/nvidia/lib64:/usr/lib/x86_64-linux-gnu/gazebo-11/plugins PYTHONPATH=/home/wellyowo/locobot_sim/locobot_ws/build/interbotix_perception_modules/prefix_override:/usr/lib/python3/dist-packages/colcon_core/task/python/colcon_distutils_commands:/home/wellyowo/locobot_sim/locobot_ws/install/interbotix_perception_modules/lib/python3.10/site-packages:/home/wellyowo/locobot_sim/locobot_ws/install/interbotix_xs_msgs/local/lib/python3.10/dist-packages:/home/wellyowo/locobot_sim/locobot_ws/install/interbotix_perception_msgs/local/lib/python3.10/dist-packages:/home/wellyowo/locobot_sim/locobot_ws/build/interbotix_common_modules:/home/wellyowo/locobot_sim/locobot_ws/install/interbotix_common_modules/lib/python3.10/site-packages:${PYTHONPATH} /usr/bin/python3 -W ignore:setup.py install is deprecated -W ignore:easy_install command is deprecated setup.py develop --editable --build-directory /home/wellyowo/locobot_sim/locobot_ws/build/interbotix_perception_modules/build --no-deps symlink_data
[0.965s] running develop
[1.094s] running egg_info
[1.094s] creating interbotix_perception_modules.egg-info
[1.094s] writing interbotix_perception_modules.egg-info/PKG-INFO
[1.095s] writing dependency_links to interbotix_perception_modules.egg-info/dependency_links.txt
[1.095s] writing entry points to interbotix_perception_modules.egg-info/entry_points.txt
[1.095s] writing requirements to interbotix_perception_modules.egg-info/requires.txt
[1.095s] writing top-level names to interbotix_perception_modules.egg-info/top_level.txt
[1.095s] writing manifest file 'interbotix_perception_modules.egg-info/SOURCES.txt'
[1.098s] reading manifest file 'interbotix_perception_modules.egg-info/SOURCES.txt'
[1.098s] writing manifest file 'interbotix_perception_modules.egg-info/SOURCES.txt'
[1.100s] running build_ext
[1.100s] Creating /home/wellyowo/locobot_sim/locobot_ws/install/interbotix_perception_modules/lib/python3.10/site-packages/interbotix-perception-modules.egg-link (link to .)
[1.101s] Installing armtag_tuner_gui script to /home/wellyowo/locobot_sim/locobot_ws/install/interbotix_perception_modules/lib/interbotix_perception_modules
[1.101s] Installing picture_snapper script to /home/wellyowo/locobot_sim/locobot_ws/install/interbotix_perception_modules/lib/interbotix_perception_modules
[1.101s] Installing pointcloud_tuner_gui script to /home/wellyowo/locobot_sim/locobot_ws/install/interbotix_perception_modules/lib/interbotix_perception_modules
[1.102s] 
[1.102s] Installed /home/wellyowo/locobot_sim/locobot_ws/build/interbotix_perception_modules
[1.102s] running symlink_data
[1.102s] creating /home/wellyowo/locobot_sim/locobot_ws/install/interbotix_perception_modules/share/ament_index
[1.102s] creating /home/wellyowo/locobot_sim/locobot_ws/install/interbotix_perception_modules/share/ament_index/resource_index
[1.102s] creating /home/wellyowo/locobot_sim/locobot_ws/install/interbotix_perception_modules/share/ament_index/resource_index/packages
[1.102s] symbolically linking /home/wellyowo/locobot_sim/locobot_ws/build/interbotix_perception_modules/resource/interbotix_perception_modules -> /home/wellyowo/locobot_sim/locobot_ws/install/interbotix_perception_modules/share/ament_index/resource_index/packages
[1.102s] symbolically linking /home/wellyowo/locobot_sim/locobot_ws/build/interbotix_perception_modules/package.xml -> /home/wellyowo/locobot_sim/locobot_ws/install/interbotix_perception_modules/share/interbotix_perception_modules
[1.102s] creating /home/wellyowo/locobot_sim/locobot_ws/install/interbotix_perception_modules/share/interbotix_perception_modules/launch
[1.103s] symbolically linking /home/wellyowo/locobot_sim/locobot_ws/build/interbotix_perception_modules/launch/picture_snapper.launch.py -> /home/wellyowo/locobot_sim/locobot_ws/install/interbotix_perception_modules/share/interbotix_perception_modules/launch
[1.103s] symbolically linking /home/wellyowo/locobot_sim/locobot_ws/build/interbotix_perception_modules/launch/armtag.launch.py -> /home/wellyowo/locobot_sim/locobot_ws/install/interbotix_perception_modules/share/interbotix_perception_modules/launch
[1.103s] symbolically linking /home/wellyowo/locobot_sim/locobot_ws/build/interbotix_perception_modules/launch/apriltag.launch.py -> /home/wellyowo/locobot_sim/locobot_ws/install/interbotix_perception_modules/share/interbotix_perception_modules/launch
[1.103s] symbolically linking /home/wellyowo/locobot_sim/locobot_ws/build/interbotix_perception_modules/launch/pc_filter.launch.py -> /home/wellyowo/locobot_sim/locobot_ws/install/interbotix_perception_modules/share/interbotix_perception_modules/launch
[1.103s] creating /home/wellyowo/locobot_sim/locobot_ws/install/interbotix_perception_modules/share/interbotix_perception_modules/config
[1.103s] symbolically linking /home/wellyowo/locobot_sim/locobot_ws/build/interbotix_perception_modules/config/tags.yaml -> /home/wellyowo/locobot_sim/locobot_ws/install/interbotix_perception_modules/share/interbotix_perception_modules/config
[1.103s] symbolically linking /home/wellyowo/locobot_sim/locobot_ws/build/interbotix_perception_modules/config/filter_params.yaml -> /home/wellyowo/locobot_sim/locobot_ws/install/interbotix_perception_modules/share/interbotix_perception_modules/config
[1.103s] creating /home/wellyowo/locobot_sim/locobot_ws/install/interbotix_perception_modules/share/interbotix_perception_modules/ui
[1.103s] symbolically linking /home/wellyowo/locobot_sim/locobot_ws/build/interbotix_perception_modules/src/ui/pointcloudtunergui.ui -> /home/wellyowo/locobot_sim/locobot_ws/install/interbotix_perception_modules/share/interbotix_perception_modules/ui
[1.104s] symbolically linking /home/wellyowo/locobot_sim/locobot_ws/build/interbotix_perception_modules/src/ui/armtagtunergui.ui -> /home/wellyowo/locobot_sim/locobot_ws/install/interbotix_perception_modules/share/interbotix_perception_modules/ui
[1.170s] Invoked command in '/home/wellyowo/locobot_sim/locobot_ws/build/interbotix_perception_modules' returned '0': AMENT_PREFIX_PATH=/home/wellyowo/locobot_sim/locobot_ws/install/interbotix_perception_pipelines:/home/wellyowo/locobot_sim/locobot_ws/install/interbotix_xs_msgs:/home/wellyowo/locobot_sim/locobot_ws/install/interbotix_perception_msgs:/home/wellyowo/locobot_sim/locobot_ws/install/interbotix_common_modules:${AMENT_PREFIX_PATH} CMAKE_PREFIX_PATH=/home/wellyowo/locobot_sim/locobot_ws/install/interbotix_perception_pipelines:/home/wellyowo/locobot_sim/locobot_ws/install/interbotix_xs_msgs:/home/wellyowo/locobot_sim/locobot_ws/install/interbotix_perception_msgs LD_LIBRARY_PATH=/home/wellyowo/locobot_sim/locobot_ws/install/interbotix_xs_msgs/lib:/home/wellyowo/locobot_sim/locobot_ws/install/interbotix_perception_msgs/lib:/opt/ros/humble/opt/rviz_ogre_vendor/lib:/opt/ros/humble/lib/x86_64-linux-gnu:/opt/ros/humble/lib:/usr/local/nvidia/lib:/usr/local/nvidia/lib64:/usr/lib/x86_64-linux-gnu/gazebo-11/plugins PYTHONPATH=/home/wellyowo/locobot_sim/locobot_ws/build/interbotix_perception_modules/prefix_override:/usr/lib/python3/dist-packages/colcon_core/task/python/colcon_distutils_commands:/home/wellyowo/locobot_sim/locobot_ws/install/interbotix_perception_modules/lib/python3.10/site-packages:/home/wellyowo/locobot_sim/locobot_ws/install/interbotix_xs_msgs/local/lib/python3.10/dist-packages:/home/wellyowo/locobot_sim/locobot_ws/install/interbotix_perception_msgs/local/lib/python3.10/dist-packages:/home/wellyowo/locobot_sim/locobot_ws/build/interbotix_common_modules:/home/wellyowo/locobot_sim/locobot_ws/install/interbotix_common_modules/lib/python3.10/site-packages:${PYTHONPATH} /usr/bin/python3 -W ignore:setup.py install is deprecated -W ignore:easy_install command is deprecated setup.py develop --editable --build-directory /home/wellyowo/locobot_sim/locobot_ws/build/interbotix_perception_modules/build --no-deps symlink_data
