[0.211s] Invoking command in '/home/wellyowo/locobot_sim/locobot_ws/build/kobuki_safety_controller': CMAKE_PREFIX_PATH=/opt/ros/humble /usr/bin/cmake /home/wellyowo/locobot_sim/locobot_ws/src/ThirdParty/kobuki_ros/kobuki_safety_controller -DBUILD_TESTING=OFF -DCMAKE_PREFIX_PATH= -DAMENT_CMAKE_SYMLINK_INSTALL=1 -DCMAKE_INSTALL_PREFIX=/home/wellyowo/locobot_sim/locobot_ws/install/kobuki_safety_controller
[1.239s] -- The C compiler identification is GNU 11.4.0
[1.239s] -- The CXX compiler identification is GNU 11.4.0
[1.239s] -- Detecting C compiler ABI info
[1.240s] -- Detecting C compiler ABI info - done
[1.240s] -- Check for working C compiler: /usr/bin/cc - skipped
[1.241s] -- Detecting C compile features
[1.244s] -- Detecting C compile features - done
[1.244s] -- Detecting CXX compiler ABI info
[1.245s] -- Detecting CXX compiler ABI info - done
[1.245s] -- Check for working CXX compiler: /usr/bin/c++ - skipped
[1.246s] -- Detecting CXX compile features
[1.246s] -- Detecting CXX compile features - done
[1.246s] -- Found ament_cmake_ros: 0.10.0 (/opt/ros/humble/share/ament_cmake_ros/cmake)
[1.247s] -- Found Python3: /usr/bin/python3 (found version "3.10.12") found components: Interpreter 
[1.247s] -- Override CMake install command with custom implementation using symlinks instead of copying resources
[1.454s] -- Found ecl_build: 1.0.3 (/opt/ros/humble/share/ecl_build/cmake)
[1.511s] -- Found geometry_msgs: 4.9.0 (/opt/ros/humble/share/geometry_msgs/cmake)
[1.757s] -- Found rosidl_generator_c: 3.1.6 (/opt/ros/humble/share/rosidl_generator_c/cmake)
[1.790s] -- Found rosidl_adapter: 3.1.6 (/opt/ros/humble/share/rosidl_adapter/cmake)
[1.831s] -- Found rosidl_generator_cpp: 3.1.6 (/opt/ros/humble/share/rosidl_generator_cpp/cmake)
[1.895s] -- Using all available rosidl_typesupport_c: rosidl_typesupport_fastrtps_c;rosidl_typesupport_introspection_c
[1.950s] -- Using all available rosidl_typesupport_cpp: rosidl_typesupport_fastrtps_cpp;rosidl_typesupport_introspection_cpp
[2.113s] -- Found kobuki_ros_interfaces: 1.0.0 (/opt/ros/humble/share/kobuki_ros_interfaces/cmake)
[2.283s] -- Found rclcpp: 16.0.12 (/opt/ros/humble/share/rclcpp/cmake)
[2.475s] -- Found rmw_implementation_cmake: 6.1.2 (/opt/ros/humble/share/rmw_implementation_cmake/cmake)
[2.494s] -- Found rmw_fastrtps_cpp: 6.2.7 (/opt/ros/humble/share/rmw_fastrtps_cpp/cmake)
[2.790s] -- Found OpenSSL: /usr/lib/x86_64-linux-gnu/libcrypto.so (found version "3.0.2")  
[2.869s] -- Found FastRTPS: /opt/ros/humble/include  
[3.000s] -- Using RMW implementation 'rmw_fastrtps_cpp' as default
[3.044s] -- Looking for pthread.h
[3.278s] -- Looking for pthread.h - found
[3.278s] -- Performing Test CMAKE_HAVE_LIBC_PTHREAD
[3.450s] -- Performing Test CMAKE_HAVE_LIBC_PTHREAD - Success
[3.450s] -- Found Threads: TRUE  
[3.577s] -- Found rclcpp_components: 16.0.12 (/opt/ros/humble/share/rclcpp_components/cmake)
[4.040s] -- Configuring done
[4.146s] -- Generating done
[4.186s] -- Build files have been written to: /home/wellyowo/locobot_sim/locobot_ws/build/kobuki_safety_controller
[4.300s] Invoked command in '/home/wellyowo/locobot_sim/locobot_ws/build/kobuki_safety_controller' returned '0': CMAKE_PREFIX_PATH=/opt/ros/humble /usr/bin/cmake /home/wellyowo/locobot_sim/locobot_ws/src/ThirdParty/kobuki_ros/kobuki_safety_controller -DBUILD_TESTING=OFF -DCMAKE_PREFIX_PATH= -DAMENT_CMAKE_SYMLINK_INSTALL=1 -DCMAKE_INSTALL_PREFIX=/home/wellyowo/locobot_sim/locobot_ws/install/kobuki_safety_controller
[4.301s] Invoking command in '/home/wellyowo/locobot_sim/locobot_ws/build/kobuki_safety_controller': CMAKE_PREFIX_PATH=/opt/ros/humble /usr/bin/cmake --build /home/wellyowo/locobot_sim/locobot_ws/build/kobuki_safety_controller -- -j16 -l16
[6.824s] [ 25%] [32mBuilding CXX object CMakeFiles/kobuki_safety_controller.dir/src/safety_controller.cpp.o[0m
[6.825s] [ 50%] [32mBuilding CXX object CMakeFiles/kobuki_safety_controller_node.dir/rclcpp_components/node_main_kobuki_safety_controller_node.cpp.o[0m
[44.941s] [ 75%] [32m[1mLinking CXX executable kobuki_safety_controller_node[0m
[45.775s] [ 75%] Built target kobuki_safety_controller_node
[112.220s] [100%] [32m[1mLinking CXX shared library libkobuki_safety_controller.so[0m
[116.913s] [100%] Built target kobuki_safety_controller
[116.959s] Invoked command in '/home/wellyowo/locobot_sim/locobot_ws/build/kobuki_safety_controller' returned '0': CMAKE_PREFIX_PATH=/opt/ros/humble /usr/bin/cmake --build /home/wellyowo/locobot_sim/locobot_ws/build/kobuki_safety_controller -- -j16 -l16
[116.969s] Invoking command in '/home/wellyowo/locobot_sim/locobot_ws/build/kobuki_safety_controller': CMAKE_PREFIX_PATH=/opt/ros/humble /usr/bin/cmake --install /home/wellyowo/locobot_sim/locobot_ws/build/kobuki_safety_controller
[117.006s] -- Install configuration: ""
[117.006s] -- Execute custom install script
[117.006s] -- Symlinking: /home/wellyowo/locobot_sim/locobot_ws/install/kobuki_safety_controller/lib/kobuki_safety_controller/kobuki_safety_controller_node
[117.041s] -- Symlinking: /home/wellyowo/locobot_sim/locobot_ws/install/kobuki_safety_controller/lib/libkobuki_safety_controller.so
[117.094s] -- Symlinking: /home/wellyowo/locobot_sim/locobot_ws/install/kobuki_safety_controller/include/kobuki_safety_controller/safety_controller.hpp
[117.143s] -- Symlinking: /home/wellyowo/locobot_sim/locobot_ws/install/kobuki_safety_controller/share/kobuki_safety_controller/config/safety_controller_params.yaml
[117.191s] -- Symlinking: /home/wellyowo/locobot_sim/locobot_ws/install/kobuki_safety_controller/share/kobuki_safety_controller/launch/safety_controller-composed-launch.py
[117.230s] -- Symlinking: /home/wellyowo/locobot_sim/locobot_ws/install/kobuki_safety_controller/share/kobuki_safety_controller/launch/safety_controller-launch.py
[117.268s] -- Symlinking: /home/wellyowo/locobot_sim/locobot_ws/install/kobuki_safety_controller/share/ament_index/resource_index/package_run_dependencies/kobuki_safety_controller
[117.303s] -- Symlinking: /home/wellyowo/locobot_sim/locobot_ws/install/kobuki_safety_controller/share/ament_index/resource_index/parent_prefix_path/kobuki_safety_controller
[117.334s] -- Symlinking: /home/wellyowo/locobot_sim/locobot_ws/install/kobuki_safety_controller/share/kobuki_safety_controller/environment/ament_prefix_path.sh
[117.379s] -- Symlinking: /home/wellyowo/locobot_sim/locobot_ws/install/kobuki_safety_controller/share/kobuki_safety_controller/environment/ament_prefix_path.dsv
[117.441s] -- Symlinking: /home/wellyowo/locobot_sim/locobot_ws/install/kobuki_safety_controller/share/kobuki_safety_controller/environment/path.sh
[117.475s] -- Symlinking: /home/wellyowo/locobot_sim/locobot_ws/install/kobuki_safety_controller/share/kobuki_safety_controller/environment/path.dsv
[117.502s] -- Symlinking: /home/wellyowo/locobot_sim/locobot_ws/install/kobuki_safety_controller/share/kobuki_safety_controller/local_setup.bash
[117.521s] -- Symlinking: /home/wellyowo/locobot_sim/locobot_ws/install/kobuki_safety_controller/share/kobuki_safety_controller/local_setup.sh
[117.541s] -- Symlinking: /home/wellyowo/locobot_sim/locobot_ws/install/kobuki_safety_controller/share/kobuki_safety_controller/local_setup.zsh
[117.562s] -- Symlinking: /home/wellyowo/locobot_sim/locobot_ws/install/kobuki_safety_controller/share/kobuki_safety_controller/local_setup.dsv
[117.584s] -- Symlinking: /home/wellyowo/locobot_sim/locobot_ws/install/kobuki_safety_controller/share/kobuki_safety_controller/package.dsv
[117.605s] -- Symlinking: /home/wellyowo/locobot_sim/locobot_ws/install/kobuki_safety_controller/share/ament_index/resource_index/packages/kobuki_safety_controller
[117.628s] -- Symlinking: /home/wellyowo/locobot_sim/locobot_ws/install/kobuki_safety_controller/share/ament_index/resource_index/rclcpp_components/kobuki_safety_controller
[117.653s] -- Symlinking: /home/wellyowo/locobot_sim/locobot_ws/install/kobuki_safety_controller/share/kobuki_safety_controller/cmake/kobuki_safety_controllerConfig.cmake
[117.676s] -- Symlinking: /home/wellyowo/locobot_sim/locobot_ws/install/kobuki_safety_controller/share/kobuki_safety_controller/cmake/kobuki_safety_controllerConfig-version.cmake
[117.701s] -- Symlinking: /home/wellyowo/locobot_sim/locobot_ws/install/kobuki_safety_controller/share/kobuki_safety_controller/package.xml
[117.723s] Invoked command in '/home/wellyowo/locobot_sim/locobot_ws/build/kobuki_safety_controller' returned '0': CMAKE_PREFIX_PATH=/opt/ros/humble /usr/bin/cmake --install /home/wellyowo/locobot_sim/locobot_ws/build/kobuki_safety_controller
