[0.119s] Invoking command in '/home/wellyowo/locobot_sim/locobot_ws/build/ecl_io': AMENT_PREFIX_PATH=/home/wellyowo/locobot_sim/locobot_ws/install/ecl_errors:/home/wellyowo/locobot_sim/locobot_ws/install/ecl_config:${AMENT_PREFIX_PATH} CMAKE_PREFIX_PATH=/home/wellyowo/locobot_sim/locobot_ws/install/ecl_errors:/home/wellyowo/locobot_sim/locobot_ws/install/ecl_config:/opt/ros/humble LD_LIBRARY_PATH=/home/wellyowo/locobot_sim/locobot_ws/install/ecl_errors/lib:/opt/ros/humble/opt/rviz_ogre_vendor/lib:/opt/ros/humble/lib/x86_64-linux-gnu:/opt/ros/humble/lib:/usr/local/nvidia/lib:/usr/local/nvidia/lib64:/usr/lib/x86_64-linux-gnu/gazebo-11/plugins PATH=/home/wellyowo/locobot_sim/locobot_ws/install/ecl_config/bin:${PATH} /usr/bin/cmake /home/wellyowo/locobot_sim/locobot_ws/src/ThirdParty/ecl/ecl_lite/ecl_io -DBUILD_TESTING=OFF -DCMAKE_PREFIX_PATH= -DAMENT_CMAKE_SYMLINK_INSTALL=1 -DCMAKE_INSTALL_PREFIX=/home/wellyowo/locobot_sim/locobot_ws/install/ecl_io
[5.483s] -- The C compiler identification is GNU 11.4.0
[5.483s] -- The CXX compiler identification is GNU 11.4.0
[5.483s] -- Detecting C compiler ABI info
[5.483s] -- Detecting C compiler ABI info - done
[5.487s] -- Check for working C compiler: /usr/bin/cc - skipped
[5.488s] -- Detecting C compile features
[5.488s] -- Detecting C compile features - done
[5.488s] -- Detecting CXX compiler ABI info
[5.488s] -- Detecting CXX compiler ABI info - done
[5.488s] -- Check for working CXX compiler: /usr/bin/c++ - skipped
[5.488s] -- Detecting CXX compile features
[5.488s] -- Detecting CXX compile features - done
[5.488s] -- Found ament_cmake_ros: 0.10.0 (/opt/ros/humble/share/ament_cmake_ros/cmake)
[5.488s] -- Found Python3: /usr/bin/python3 (found version "3.10.12") found components: Interpreter 
[5.488s] -- Override CMake install command with custom implementation using symlinks instead of copying resources
[5.488s] -- Found ecl_build: 1.0.3 (/opt/ros/humble/share/ecl_build/cmake)
[5.489s] -- Found ecl_config: 1.2.0 (/home/wellyowo/locobot_sim/locobot_ws/install/ecl_config/share/ecl_config/cmake)
[5.489s] -- Found ecl_errors: 1.2.0 (/home/wellyowo/locobot_sim/locobot_ws/install/ecl_errors/share/ecl_errors/cmake)
[5.489s] -- Configuring done
[5.489s] -- Generating done
[5.489s] -- Build files have been written to: /home/wellyowo/locobot_sim/locobot_ws/build/ecl_io
[5.676s] Invoked command in '/home/wellyowo/locobot_sim/locobot_ws/build/ecl_io' returned '0': AMENT_PREFIX_PATH=/home/wellyowo/locobot_sim/locobot_ws/install/ecl_errors:/home/wellyowo/locobot_sim/locobot_ws/install/ecl_config:${AMENT_PREFIX_PATH} CMAKE_PREFIX_PATH=/home/wellyowo/locobot_sim/locobot_ws/install/ecl_errors:/home/wellyowo/locobot_sim/locobot_ws/install/ecl_config:/opt/ros/humble LD_LIBRARY_PATH=/home/wellyowo/locobot_sim/locobot_ws/install/ecl_errors/lib:/opt/ros/humble/opt/rviz_ogre_vendor/lib:/opt/ros/humble/lib/x86_64-linux-gnu:/opt/ros/humble/lib:/usr/local/nvidia/lib:/usr/local/nvidia/lib64:/usr/lib/x86_64-linux-gnu/gazebo-11/plugins PATH=/home/wellyowo/locobot_sim/locobot_ws/install/ecl_config/bin:${PATH} /usr/bin/cmake /home/wellyowo/locobot_sim/locobot_ws/src/ThirdParty/ecl/ecl_lite/ecl_io -DBUILD_TESTING=OFF -DCMAKE_PREFIX_PATH= -DAMENT_CMAKE_SYMLINK_INSTALL=1 -DCMAKE_INSTALL_PREFIX=/home/wellyowo/locobot_sim/locobot_ws/install/ecl_io
[5.677s] Invoking command in '/home/wellyowo/locobot_sim/locobot_ws/build/ecl_io': AMENT_PREFIX_PATH=/home/wellyowo/locobot_sim/locobot_ws/install/ecl_errors:/home/wellyowo/locobot_sim/locobot_ws/install/ecl_config:${AMENT_PREFIX_PATH} CMAKE_PREFIX_PATH=/home/wellyowo/locobot_sim/locobot_ws/install/ecl_errors:/home/wellyowo/locobot_sim/locobot_ws/install/ecl_config:/opt/ros/humble LD_LIBRARY_PATH=/home/wellyowo/locobot_sim/locobot_ws/install/ecl_errors/lib:/opt/ros/humble/opt/rviz_ogre_vendor/lib:/opt/ros/humble/lib/x86_64-linux-gnu:/opt/ros/humble/lib:/usr/local/nvidia/lib:/usr/local/nvidia/lib64:/usr/lib/x86_64-linux-gnu/gazebo-11/plugins PATH=/home/wellyowo/locobot_sim/locobot_ws/install/ecl_config/bin:${PATH} /usr/bin/cmake --build /home/wellyowo/locobot_sim/locobot_ws/build/ecl_io -- -j16 -l16
[7.234s] [ 10%] [32mBuilding CXX object src/lib/CMakeFiles/ecl_io.dir/poll.cpp.o[0m
[7.234s] [ 20%] [32mBuilding CXX object src/lib/CMakeFiles/ecl_io.dir/sockets.cpp.o[0m
[7.234s] [ 30%] [32mBuilding CXX object src/lib/CMakeFiles/ecl_io.dir/socketpair.cpp.o[0m
[7.432s] [ 40%] [32m[1mLinking CXX shared library libecl_io.so[0m
[7.840s] [ 40%] Built target ecl_io
[7.904s] [ 50%] [32mBuilding CXX object src/examples/CMakeFiles/ecl_io_example_sockets.dir/sockets.cpp.o[0m
[8.482s] [ 60%] [32m[1mLinking CXX executable demo_sockets[0m
[9.238s] [ 60%] Built target ecl_io_example_sockets
[9.345s] [ 70%] [32mBuilding CXX object src/examples/CMakeFiles/ecl_io_example_poll.dir/poll.cpp.o[0m
[11.023s] [ 80%] [32m[1mLinking CXX executable demo_poll[0m
[11.520s] [ 80%] Built target ecl_io_example_poll
[11.579s] [ 90%] [32mBuilding CXX object src/examples/CMakeFiles/ecl_io_example_socketpair.dir/socketpair.cpp.o[0m
[12.788s] [100%] [32m[1mLinking CXX executable demo_socketpair[0m
[12.987s] [100%] Built target ecl_io_example_socketpair
[13.043s] Invoked command in '/home/wellyowo/locobot_sim/locobot_ws/build/ecl_io' returned '0': AMENT_PREFIX_PATH=/home/wellyowo/locobot_sim/locobot_ws/install/ecl_errors:/home/wellyowo/locobot_sim/locobot_ws/install/ecl_config:${AMENT_PREFIX_PATH} CMAKE_PREFIX_PATH=/home/wellyowo/locobot_sim/locobot_ws/install/ecl_errors:/home/wellyowo/locobot_sim/locobot_ws/install/ecl_config:/opt/ros/humble LD_LIBRARY_PATH=/home/wellyowo/locobot_sim/locobot_ws/install/ecl_errors/lib:/opt/ros/humble/opt/rviz_ogre_vendor/lib:/opt/ros/humble/lib/x86_64-linux-gnu:/opt/ros/humble/lib:/usr/local/nvidia/lib:/usr/local/nvidia/lib64:/usr/lib/x86_64-linux-gnu/gazebo-11/plugins PATH=/home/wellyowo/locobot_sim/locobot_ws/install/ecl_config/bin:${PATH} /usr/bin/cmake --build /home/wellyowo/locobot_sim/locobot_ws/build/ecl_io -- -j16 -l16
[13.043s] Invoking command in '/home/wellyowo/locobot_sim/locobot_ws/build/ecl_io': AMENT_PREFIX_PATH=/home/wellyowo/locobot_sim/locobot_ws/install/ecl_errors:/home/wellyowo/locobot_sim/locobot_ws/install/ecl_config:${AMENT_PREFIX_PATH} CMAKE_PREFIX_PATH=/home/wellyowo/locobot_sim/locobot_ws/install/ecl_errors:/home/wellyowo/locobot_sim/locobot_ws/install/ecl_config:/opt/ros/humble LD_LIBRARY_PATH=/home/wellyowo/locobot_sim/locobot_ws/install/ecl_errors/lib:/opt/ros/humble/opt/rviz_ogre_vendor/lib:/opt/ros/humble/lib/x86_64-linux-gnu:/opt/ros/humble/lib:/usr/local/nvidia/lib:/usr/local/nvidia/lib64:/usr/lib/x86_64-linux-gnu/gazebo-11/plugins PATH=/home/wellyowo/locobot_sim/locobot_ws/install/ecl_config/bin:${PATH} /usr/bin/cmake --install /home/wellyowo/locobot_sim/locobot_ws/build/ecl_io
[13.676s] -- Install configuration: ""
[13.676s] -- Execute custom install script
[13.693s] -- Symlinking: /home/wellyowo/locobot_sim/locobot_ws/install/ecl_io/include/ecl/sockets/macros.hpp
[13.693s] -- Symlinking: /home/wellyowo/locobot_sim/locobot_ws/install/ecl_io/include/ecl/sockets/poll.hpp
[13.693s] -- Symlinking: /home/wellyowo/locobot_sim/locobot_ws/install/ecl_io/include/ecl/sockets/socketpair.hpp
[13.693s] -- Symlinking: /home/wellyowo/locobot_sim/locobot_ws/install/ecl_io/include/ecl/sockets/sockets.hpp
[13.693s] -- Symlinking: /home/wellyowo/locobot_sim/locobot_ws/install/ecl_io/include/ecl/io.hpp
[13.693s] -- Symlinking: /home/wellyowo/locobot_sim/locobot_ws/install/ecl_io/lib/ecl_io/demo_sockets
[13.693s] -- Symlinking: /home/wellyowo/locobot_sim/locobot_ws/install/ecl_io/lib/ecl_io/demo_socketpair
[13.693s] -- Symlinking: /home/wellyowo/locobot_sim/locobot_ws/install/ecl_io/lib/ecl_io/demo_poll
[13.694s] -- Symlinking: /home/wellyowo/locobot_sim/locobot_ws/install/ecl_io/share/ecl_io/environment/library_path.sh
[13.694s] -- Symlinking: /home/wellyowo/locobot_sim/locobot_ws/install/ecl_io/share/ecl_io/environment/library_path.dsv
[13.694s] -- Symlinking: /home/wellyowo/locobot_sim/locobot_ws/install/ecl_io/share/ament_index/resource_index/package_run_dependencies/ecl_io
[13.694s] -- Symlinking: /home/wellyowo/locobot_sim/locobot_ws/install/ecl_io/share/ament_index/resource_index/parent_prefix_path/ecl_io
[13.694s] -- Symlinking: /home/wellyowo/locobot_sim/locobot_ws/install/ecl_io/share/ecl_io/environment/ament_prefix_path.sh
[13.694s] -- Symlinking: /home/wellyowo/locobot_sim/locobot_ws/install/ecl_io/share/ecl_io/environment/ament_prefix_path.dsv
[13.694s] -- Symlinking: /home/wellyowo/locobot_sim/locobot_ws/install/ecl_io/share/ecl_io/environment/path.sh
[13.694s] -- Symlinking: /home/wellyowo/locobot_sim/locobot_ws/install/ecl_io/share/ecl_io/environment/path.dsv
[13.694s] -- Symlinking: /home/wellyowo/locobot_sim/locobot_ws/install/ecl_io/share/ecl_io/local_setup.bash
[13.694s] -- Symlinking: /home/wellyowo/locobot_sim/locobot_ws/install/ecl_io/share/ecl_io/local_setup.sh
[13.694s] -- Symlinking: /home/wellyowo/locobot_sim/locobot_ws/install/ecl_io/share/ecl_io/local_setup.zsh
[13.706s] -- Symlinking: /home/wellyowo/locobot_sim/locobot_ws/install/ecl_io/share/ecl_io/local_setup.dsv
[13.736s] -- Symlinking: /home/wellyowo/locobot_sim/locobot_ws/install/ecl_io/share/ecl_io/package.dsv
[13.765s] -- Symlinking: /home/wellyowo/locobot_sim/locobot_ws/install/ecl_io/share/ament_index/resource_index/packages/ecl_io
[13.797s] -- Symlinking: /home/wellyowo/locobot_sim/locobot_ws/install/ecl_io/share/ecl_io/cmake/ament_cmake_export_targets-extras.cmake
[13.833s] -- Symlinking: /home/wellyowo/locobot_sim/locobot_ws/install/ecl_io/share/ecl_io/cmake/ament_cmake_export_include_directories-extras.cmake
[13.872s] -- Symlinking: /home/wellyowo/locobot_sim/locobot_ws/install/ecl_io/share/ecl_io/cmake/ament_cmake_export_libraries-extras.cmake
[13.896s] -- Symlinking: /home/wellyowo/locobot_sim/locobot_ws/install/ecl_io/share/ecl_io/cmake/ament_cmake_export_dependencies-extras.cmake
[13.944s] -- Symlinking: /home/wellyowo/locobot_sim/locobot_ws/install/ecl_io/share/ecl_io/cmake/ecl_ioConfig.cmake
[13.966s] -- Symlinking: /home/wellyowo/locobot_sim/locobot_ws/install/ecl_io/share/ecl_io/cmake/ecl_ioConfig-version.cmake
[13.988s] -- Symlinking: /home/wellyowo/locobot_sim/locobot_ws/install/ecl_io/share/ecl_io/package.xml
[14.078s] -- Installing: /home/wellyowo/locobot_sim/locobot_ws/install/ecl_io/share/ecl_io/cmake/ecl_ioExport.cmake
[14.078s] -- Installing: /home/wellyowo/locobot_sim/locobot_ws/install/ecl_io/share/ecl_io/cmake/ecl_ioExport-noconfig.cmake
[14.079s] -- Installing: /home/wellyowo/locobot_sim/locobot_ws/install/ecl_io/lib/libecl_io.so.1.2.0
[14.079s] -- Set runtime path of "/home/wellyowo/locobot_sim/locobot_ws/install/ecl_io/lib/libecl_io.so.1.2.0" to ""
[14.079s] -- Installing: /home/wellyowo/locobot_sim/locobot_ws/install/ecl_io/lib/libecl_io.so
[14.115s] Invoked command in '/home/wellyowo/locobot_sim/locobot_ws/build/ecl_io' returned '0': AMENT_PREFIX_PATH=/home/wellyowo/locobot_sim/locobot_ws/install/ecl_errors:/home/wellyowo/locobot_sim/locobot_ws/install/ecl_config:${AMENT_PREFIX_PATH} CMAKE_PREFIX_PATH=/home/wellyowo/locobot_sim/locobot_ws/install/ecl_errors:/home/wellyowo/locobot_sim/locobot_ws/install/ecl_config:/opt/ros/humble LD_LIBRARY_PATH=/home/wellyowo/locobot_sim/locobot_ws/install/ecl_errors/lib:/opt/ros/humble/opt/rviz_ogre_vendor/lib:/opt/ros/humble/lib/x86_64-linux-gnu:/opt/ros/humble/lib:/usr/local/nvidia/lib:/usr/local/nvidia/lib64:/usr/lib/x86_64-linux-gnu/gazebo-11/plugins PATH=/home/wellyowo/locobot_sim/locobot_ws/install/ecl_config/bin:${PATH} /usr/bin/cmake --install /home/wellyowo/locobot_sim/locobot_ws/build/ecl_io
