[0.195s] Invoking command in '/home/wellyowo/locobot_sim/locobot_ws/src/build/interbotix_common_sim': CMAKE_PREFIX_PATH=/opt/ros/humble /usr/bin/cmake /home/wellyowo/locobot_sim/locobot_ws/src/interbotix_ros_toolboxes/interbotix_common_toolbox/interbotix_common_sim -DCMAKE_INSTALL_PREFIX=/home/wellyowo/locobot_sim/locobot_ws/src/install/interbotix_common_sim
[0.253s] -- The C compiler identification is GNU 11.4.0
[0.334s] -- The CXX compiler identification is GNU 11.4.0
[0.342s] -- Detecting C compiler ABI info
[0.479s] -- Detecting C compiler ABI info - done
[0.517s] -- Check for working C compiler: /usr/bin/cc - skipped
[0.517s] -- Detecting C compile features
[0.517s] -- Detecting C compile features - done
[0.523s] -- Detecting CXX compiler ABI info
[0.714s] -- Detecting CXX compiler ABI info - done
[0.735s] -- Check for working CXX compiler: /usr/bin/c++ - skipped
[0.735s] -- Detecting CXX compile features
[0.736s] -- Detecting CXX compile features - done
[0.743s] -- Found ament_cmake: 1.3.11 (/opt/ros/humble/share/ament_cmake/cmake)
[1.275s] -- Found Python3: /usr/bin/python3 (found version "3.10.12") found components: Interpreter 
[1.713s] -- Found ament_lint_auto: 0.12.12 (/opt/ros/humble/share/ament_lint_auto/cmake)
[1.890s] -- Configuring done
[1.895s] -- Generating done
[1.897s] -- Build files have been written to: /home/wellyowo/locobot_sim/locobot_ws/src/build/interbotix_common_sim
[1.924s] Invoked command in '/home/wellyowo/locobot_sim/locobot_ws/src/build/interbotix_common_sim' returned '0': CMAKE_PREFIX_PATH=/opt/ros/humble /usr/bin/cmake /home/wellyowo/locobot_sim/locobot_ws/src/interbotix_ros_toolboxes/interbotix_common_toolbox/interbotix_common_sim -DCMAKE_INSTALL_PREFIX=/home/wellyowo/locobot_sim/locobot_ws/src/install/interbotix_common_sim
[1.924s] Invoking command in '/home/wellyowo/locobot_sim/locobot_ws/src/build/interbotix_common_sim': CMAKE_PREFIX_PATH=/opt/ros/humble /usr/bin/cmake --build /home/wellyowo/locobot_sim/locobot_ws/src/build/interbotix_common_sim -- -j16 -l16
[4.601s] Invoked command in '/home/wellyowo/locobot_sim/locobot_ws/src/build/interbotix_common_sim' returned '0': CMAKE_PREFIX_PATH=/opt/ros/humble /usr/bin/cmake --build /home/wellyowo/locobot_sim/locobot_ws/src/build/interbotix_common_sim -- -j16 -l16
[4.601s] Invoking command in '/home/wellyowo/locobot_sim/locobot_ws/src/build/interbotix_common_sim': CMAKE_PREFIX_PATH=/opt/ros/humble /usr/bin/cmake --install /home/wellyowo/locobot_sim/locobot_ws/src/build/interbotix_common_sim
[4.886s] -- Install configuration: ""
[4.886s] -- Installing: /home/wellyowo/locobot_sim/locobot_ws/src/install/interbotix_common_sim/share/interbotix_common_sim/models
[4.887s] -- Installing: /home/wellyowo/locobot_sim/locobot_ws/src/install/interbotix_common_sim/share/interbotix_common_sim/models/VisionKit
[4.887s] -- Installing: /home/wellyowo/locobot_sim/locobot_ws/src/install/interbotix_common_sim/share/interbotix_common_sim/models/VisionKit/model.config
[4.887s] -- Installing: /home/wellyowo/locobot_sim/locobot_ws/src/install/interbotix_common_sim/share/interbotix_common_sim/models/VisionKit/VisionKit.sdf
[4.887s] -- Installing: /home/wellyowo/locobot_sim/locobot_ws/src/install/interbotix_common_sim/share/interbotix_common_sim/models/VisionKit/stand.stl
[4.887s] -- Installing: /home/wellyowo/locobot_sim/locobot_ws/src/install/interbotix_common_sim/share/interbotix_common_sim/models/RealSenseD415
[4.887s] -- Installing: /home/wellyowo/locobot_sim/locobot_ws/src/install/interbotix_common_sim/share/interbotix_common_sim/models/RealSenseD415/camera.stl
[4.887s] -- Installing: /home/wellyowo/locobot_sim/locobot_ws/src/install/interbotix_common_sim/share/interbotix_common_sim/models/RealSenseD415/model.config
[4.887s] -- Installing: /home/wellyowo/locobot_sim/locobot_ws/src/install/interbotix_common_sim/share/interbotix_common_sim/models/RealSenseD415/RealSenseD415.sdf
[4.893s] -- Installing: /home/wellyowo/locobot_sim/locobot_ws/src/install/interbotix_common_sim/share/interbotix_common_sim/models/TrossenRoboticsOfficeBuilding
[4.894s] -- Installing: /home/wellyowo/locobot_sim/locobot_ws/src/install/interbotix_common_sim/share/interbotix_common_sim/models/TrossenRoboticsOfficeBuilding/TrossenRoboticsOfficeBuilding.sdf
[4.894s] -- Installing: /home/wellyowo/locobot_sim/locobot_ws/src/install/interbotix_common_sim/share/interbotix_common_sim/models/TrossenRoboticsOfficeBuilding/model.config
[4.894s] -- Installing: /home/wellyowo/locobot_sim/locobot_ws/src/install/interbotix_common_sim/share/interbotix_common_sim/worlds
[4.894s] -- Installing: /home/wellyowo/locobot_sim/locobot_ws/src/install/interbotix_common_sim/share/interbotix_common_sim/worlds/vision_kit.world
[4.894s] -- Installing: /home/wellyowo/locobot_sim/locobot_ws/src/install/interbotix_common_sim/share/interbotix_common_sim/worlds/interbotix.world
[4.894s] -- Installing: /home/wellyowo/locobot_sim/locobot_ws/src/install/interbotix_common_sim/share/interbotix_common_sim/media
[4.894s] -- Installing: /home/wellyowo/locobot_sim/locobot_ws/src/install/interbotix_common_sim/share/interbotix_common_sim/media/materials
[4.894s] -- Installing: /home/wellyowo/locobot_sim/locobot_ws/src/install/interbotix_common_sim/share/interbotix_common_sim/media/materials/scripts
[4.894s] -- Installing: /home/wellyowo/locobot_sim/locobot_ws/src/install/interbotix_common_sim/share/interbotix_common_sim/media/materials/scripts/interbotix_black.material
[4.894s] -- Installing: /home/wellyowo/locobot_sim/locobot_ws/src/install/interbotix_common_sim/share/interbotix_common_sim/media/materials/scripts/interbotix_texture.gazebo
[4.913s] -- Installing: /home/wellyowo/locobot_sim/locobot_ws/src/install/interbotix_common_sim/share/interbotix_common_sim/media/materials/textures
[4.913s] -- Installing: /home/wellyowo/locobot_sim/locobot_ws/src/install/interbotix_common_sim/share/interbotix_common_sim/media/materials/textures/interbotix_black.png
[4.913s] -- Installing: /home/wellyowo/locobot_sim/locobot_ws/src/install/interbotix_common_sim/share/interbotix_common_sim/media/interbotix_black.png
[4.913s] -- Installing: /home/wellyowo/locobot_sim/locobot_ws/src/install/interbotix_common_sim/share/ament_index/resource_index/package_run_dependencies/interbotix_common_sim
[4.914s] -- Installing: /home/wellyowo/locobot_sim/locobot_ws/src/install/interbotix_common_sim/share/ament_index/resource_index/parent_prefix_path/interbotix_common_sim
[4.914s] -- Installing: /home/wellyowo/locobot_sim/locobot_ws/src/install/interbotix_common_sim/share/interbotix_common_sim/environment/ament_prefix_path.sh
[4.914s] -- Installing: /home/wellyowo/locobot_sim/locobot_ws/src/install/interbotix_common_sim/share/interbotix_common_sim/environment/ament_prefix_path.dsv
[4.914s] -- Installing: /home/wellyowo/locobot_sim/locobot_ws/src/install/interbotix_common_sim/share/interbotix_common_sim/environment/path.sh
[4.914s] -- Installing: /home/wellyowo/locobot_sim/locobot_ws/src/install/interbotix_common_sim/share/interbotix_common_sim/environment/path.dsv
[4.914s] -- Installing: /home/wellyowo/locobot_sim/locobot_ws/src/install/interbotix_common_sim/share/interbotix_common_sim/local_setup.bash
[4.914s] -- Installing: /home/wellyowo/locobot_sim/locobot_ws/src/install/interbotix_common_sim/share/interbotix_common_sim/local_setup.sh
[4.914s] -- Installing: /home/wellyowo/locobot_sim/locobot_ws/src/install/interbotix_common_sim/share/interbotix_common_sim/local_setup.zsh
[4.914s] -- Installing: /home/wellyowo/locobot_sim/locobot_ws/src/install/interbotix_common_sim/share/interbotix_common_sim/local_setup.dsv
[4.914s] -- Installing: /home/wellyowo/locobot_sim/locobot_ws/src/install/interbotix_common_sim/share/interbotix_common_sim/package.dsv
[4.914s] -- Installing: /home/wellyowo/locobot_sim/locobot_ws/src/install/interbotix_common_sim/share/ament_index/resource_index/packages/interbotix_common_sim
[4.914s] -- Installing: /home/wellyowo/locobot_sim/locobot_ws/src/install/interbotix_common_sim/share/interbotix_common_sim/cmake/interbotix_common_simConfig.cmake
[4.914s] -- Installing: /home/wellyowo/locobot_sim/locobot_ws/src/install/interbotix_common_sim/share/interbotix_common_sim/cmake/interbotix_common_simConfig-version.cmake
[4.914s] -- Installing: /home/wellyowo/locobot_sim/locobot_ws/src/install/interbotix_common_sim/share/interbotix_common_sim/package.xml
[4.934s] Invoked command in '/home/wellyowo/locobot_sim/locobot_ws/src/build/interbotix_common_sim' returned '0': CMAKE_PREFIX_PATH=/opt/ros/humble /usr/bin/cmake --install /home/wellyowo/locobot_sim/locobot_ws/src/build/interbotix_common_sim
