[0.110s] Invoking command in '/home/wellyowo/locobot_sim/locobot_ws/build/ecl_filesystem': AMENT_PREFIX_PATH=/home/wellyowo/locobot_sim/locobot_ws/install/ecl_errors:/home/wellyowo/locobot_sim/locobot_ws/install/ecl_config:${AMENT_PREFIX_PATH} CMAKE_PREFIX_PATH=/home/wellyowo/locobot_sim/locobot_ws/install/ecl_errors:/home/wellyowo/locobot_sim/locobot_ws/install/ecl_config:/opt/ros/humble LD_LIBRARY_PATH=/home/wellyowo/locobot_sim/locobot_ws/install/ecl_errors/lib:/opt/ros/humble/opt/rviz_ogre_vendor/lib:/opt/ros/humble/lib/x86_64-linux-gnu:/opt/ros/humble/lib:/usr/local/nvidia/lib:/usr/local/nvidia/lib64:/usr/lib/x86_64-linux-gnu/gazebo-11/plugins PATH=/home/wellyowo/locobot_sim/locobot_ws/install/ecl_config/bin:${PATH} /usr/bin/cmake /home/wellyowo/locobot_sim/locobot_ws/src/ThirdParty/ecl/ecl_core/ecl_filesystem -DBUILD_TESTING=OFF -DCMAKE_PREFIX_PATH= -DAMENT_CMAKE_SYMLINK_INSTALL=1 -DCMAKE_INSTALL_PREFIX=/home/wellyowo/locobot_sim/locobot_ws/install/ecl_filesystem
[3.043s] -- The C compiler identification is GNU 11.4.0
[3.044s] -- The CXX compiler identification is GNU 11.4.0
[3.044s] -- Detecting C compiler ABI info
[3.046s] -- Detecting C compiler ABI info - done
[3.047s] -- Check for working C compiler: /usr/bin/cc - skipped
[3.048s] -- Detecting C compile features
[3.048s] -- Detecting C compile features - done
[3.051s] -- Detecting CXX compiler ABI info
[3.052s] -- Detecting CXX compiler ABI info - done
[3.057s] -- Check for working CXX compiler: /usr/bin/c++ - skipped
[3.057s] -- Detecting CXX compile features
[3.057s] -- Detecting CXX compile features - done
[3.058s] -- Found ament_cmake_ros: 0.10.0 (/opt/ros/humble/share/ament_cmake_ros/cmake)
[3.058s] -- Found Python3: /usr/bin/python3 (found version "3.10.12") found components: Interpreter 
[3.059s] -- Override CMake install command with custom implementation using symlinks instead of copying resources
[3.059s] -- Found ecl_build: 1.0.3 (/opt/ros/humble/share/ecl_build/cmake)
[3.060s] -- Found ecl_config: 1.2.0 (/home/wellyowo/locobot_sim/locobot_ws/install/ecl_config/share/ecl_config/cmake)
[3.060s] -- Found ecl_errors: 1.2.0 (/home/wellyowo/locobot_sim/locobot_ws/install/ecl_errors/share/ecl_errors/cmake)
[3.061s] -- Looking for _POSIX_VERSION
[3.061s] -- Looking for _POSIX_VERSION - found
[3.062s] -- Looking for realpath in rt
[3.062s] -- Looking for realpath in rt - found
[3.062s] -- Looking for clock_nanosleep in rt
[3.164s] -- Looking for clock_nanosleep in rt - found
[3.164s] -- Looking for clock_gettime in rt
[3.367s] -- Looking for clock_gettime in rt - found
[3.368s] -- Looking for pthread_mutex_timedlock in pthread
[3.640s] -- Looking for pthread_mutex_timedlock in pthread - found
[3.647s] -- Looking for nanosleep in pthread
[4.092s] -- Looking for nanosleep in pthread - found
[4.093s] -- Looking for shm_open in rt
[4.359s] -- Looking for shm_open in rt - found
[4.359s] -- Looking for sched_setscheduler in pthread
[4.614s] -- Looking for sched_setscheduler in pthread - found
[4.614s] -- Looking for sem_timedwait in pthread
[4.942s] -- Looking for sem_timedwait in pthread - found
[4.943s] -- Looking for sem_init in pthread
[5.218s] -- Looking for sem_init in pthread - found
[5.219s] -- Looking for CLOCK_MONOTONIC
[5.456s] -- Looking for CLOCK_MONOTONIC - found
[5.457s] -- Looking for CLOCK_PROCESS_CPUTIME_ID
[5.695s] -- Looking for CLOCK_PROCESS_CPUTIME_ID - found
[5.782s] -- Configuring done
[5.833s] -- Generating done
[5.850s] -- Build files have been written to: /home/wellyowo/locobot_sim/locobot_ws/build/ecl_filesystem
[5.896s] Invoked command in '/home/wellyowo/locobot_sim/locobot_ws/build/ecl_filesystem' returned '0': AMENT_PREFIX_PATH=/home/wellyowo/locobot_sim/locobot_ws/install/ecl_errors:/home/wellyowo/locobot_sim/locobot_ws/install/ecl_config:${AMENT_PREFIX_PATH} CMAKE_PREFIX_PATH=/home/wellyowo/locobot_sim/locobot_ws/install/ecl_errors:/home/wellyowo/locobot_sim/locobot_ws/install/ecl_config:/opt/ros/humble LD_LIBRARY_PATH=/home/wellyowo/locobot_sim/locobot_ws/install/ecl_errors/lib:/opt/ros/humble/opt/rviz_ogre_vendor/lib:/opt/ros/humble/lib/x86_64-linux-gnu:/opt/ros/humble/lib:/usr/local/nvidia/lib:/usr/local/nvidia/lib64:/usr/lib/x86_64-linux-gnu/gazebo-11/plugins PATH=/home/wellyowo/locobot_sim/locobot_ws/install/ecl_config/bin:${PATH} /usr/bin/cmake /home/wellyowo/locobot_sim/locobot_ws/src/ThirdParty/ecl/ecl_core/ecl_filesystem -DBUILD_TESTING=OFF -DCMAKE_PREFIX_PATH= -DAMENT_CMAKE_SYMLINK_INSTALL=1 -DCMAKE_INSTALL_PREFIX=/home/wellyowo/locobot_sim/locobot_ws/install/ecl_filesystem
[5.935s] Invoking command in '/home/wellyowo/locobot_sim/locobot_ws/build/ecl_filesystem': AMENT_PREFIX_PATH=/home/wellyowo/locobot_sim/locobot_ws/install/ecl_errors:/home/wellyowo/locobot_sim/locobot_ws/install/ecl_config:${AMENT_PREFIX_PATH} CMAKE_PREFIX_PATH=/home/wellyowo/locobot_sim/locobot_ws/install/ecl_errors:/home/wellyowo/locobot_sim/locobot_ws/install/ecl_config:/opt/ros/humble LD_LIBRARY_PATH=/home/wellyowo/locobot_sim/locobot_ws/install/ecl_errors/lib:/opt/ros/humble/opt/rviz_ogre_vendor/lib:/opt/ros/humble/lib/x86_64-linux-gnu:/opt/ros/humble/lib:/usr/local/nvidia/lib:/usr/local/nvidia/lib64:/usr/lib/x86_64-linux-gnu/gazebo-11/plugins PATH=/home/wellyowo/locobot_sim/locobot_ws/install/ecl_config/bin:${PATH} /usr/bin/cmake --build /home/wellyowo/locobot_sim/locobot_ws/build/ecl_filesystem -- -j16 -l16
[6.677s] [ 50%] [32mBuilding CXX object src/lib/CMakeFiles/ecl_filesystem.dir/realpath.cpp.o[0m
[7.481s] [100%] [32m[1mLinking CXX shared library libecl_filesystem.so[0m
[8.014s] [100%] Built target ecl_filesystem
[8.092s] Invoked command in '/home/wellyowo/locobot_sim/locobot_ws/build/ecl_filesystem' returned '0': AMENT_PREFIX_PATH=/home/wellyowo/locobot_sim/locobot_ws/install/ecl_errors:/home/wellyowo/locobot_sim/locobot_ws/install/ecl_config:${AMENT_PREFIX_PATH} CMAKE_PREFIX_PATH=/home/wellyowo/locobot_sim/locobot_ws/install/ecl_errors:/home/wellyowo/locobot_sim/locobot_ws/install/ecl_config:/opt/ros/humble LD_LIBRARY_PATH=/home/wellyowo/locobot_sim/locobot_ws/install/ecl_errors/lib:/opt/ros/humble/opt/rviz_ogre_vendor/lib:/opt/ros/humble/lib/x86_64-linux-gnu:/opt/ros/humble/lib:/usr/local/nvidia/lib:/usr/local/nvidia/lib64:/usr/lib/x86_64-linux-gnu/gazebo-11/plugins PATH=/home/wellyowo/locobot_sim/locobot_ws/install/ecl_config/bin:${PATH} /usr/bin/cmake --build /home/wellyowo/locobot_sim/locobot_ws/build/ecl_filesystem -- -j16 -l16
[8.111s] Invoking command in '/home/wellyowo/locobot_sim/locobot_ws/build/ecl_filesystem': AMENT_PREFIX_PATH=/home/wellyowo/locobot_sim/locobot_ws/install/ecl_errors:/home/wellyowo/locobot_sim/locobot_ws/install/ecl_config:${AMENT_PREFIX_PATH} CMAKE_PREFIX_PATH=/home/wellyowo/locobot_sim/locobot_ws/install/ecl_errors:/home/wellyowo/locobot_sim/locobot_ws/install/ecl_config:/opt/ros/humble LD_LIBRARY_PATH=/home/wellyowo/locobot_sim/locobot_ws/install/ecl_errors/lib:/opt/ros/humble/opt/rviz_ogre_vendor/lib:/opt/ros/humble/lib/x86_64-linux-gnu:/opt/ros/humble/lib:/usr/local/nvidia/lib:/usr/local/nvidia/lib64:/usr/lib/x86_64-linux-gnu/gazebo-11/plugins PATH=/home/wellyowo/locobot_sim/locobot_ws/install/ecl_config/bin:${PATH} /usr/bin/cmake --install /home/wellyowo/locobot_sim/locobot_ws/build/ecl_filesystem
[8.522s] -- Install configuration: ""
[8.522s] -- Execute custom install script
[8.522s] -- Symlinking: /home/wellyowo/locobot_sim/locobot_ws/install/ecl_filesystem/include/ecl/filesystem/errors.hpp
[8.522s] -- Symlinking: /home/wellyowo/locobot_sim/locobot_ws/install/ecl_filesystem/include/ecl/filesystem/macros.hpp
[8.522s] -- Symlinking: /home/wellyowo/locobot_sim/locobot_ws/install/ecl_filesystem/include/ecl/filesystem/realpath.hpp
[8.522s] -- Symlinking: /home/wellyowo/locobot_sim/locobot_ws/install/ecl_filesystem/include/ecl/filesystem/config.hpp
[8.522s] -- Symlinking: /home/wellyowo/locobot_sim/locobot_ws/install/ecl_filesystem/include/ecl/filesystem.hpp
[8.522s] -- Symlinking: /home/wellyowo/locobot_sim/locobot_ws/install/ecl_filesystem/share/ecl_filesystem/environment/library_path.sh
[8.522s] -- Symlinking: /home/wellyowo/locobot_sim/locobot_ws/install/ecl_filesystem/share/ecl_filesystem/environment/library_path.dsv
[8.523s] -- Symlinking: /home/wellyowo/locobot_sim/locobot_ws/install/ecl_filesystem/share/ament_index/resource_index/package_run_dependencies/ecl_filesystem
[8.523s] -- Symlinking: /home/wellyowo/locobot_sim/locobot_ws/install/ecl_filesystem/share/ament_index/resource_index/parent_prefix_path/ecl_filesystem
[8.523s] -- Symlinking: /home/wellyowo/locobot_sim/locobot_ws/install/ecl_filesystem/share/ecl_filesystem/environment/ament_prefix_path.sh
[8.523s] -- Symlinking: /home/wellyowo/locobot_sim/locobot_ws/install/ecl_filesystem/share/ecl_filesystem/environment/ament_prefix_path.dsv
[8.532s] -- Symlinking: /home/wellyowo/locobot_sim/locobot_ws/install/ecl_filesystem/share/ecl_filesystem/environment/path.sh
[8.553s] -- Symlinking: /home/wellyowo/locobot_sim/locobot_ws/install/ecl_filesystem/share/ecl_filesystem/environment/path.dsv
[8.577s] -- Symlinking: /home/wellyowo/locobot_sim/locobot_ws/install/ecl_filesystem/share/ecl_filesystem/local_setup.bash
[8.627s] -- Symlinking: /home/wellyowo/locobot_sim/locobot_ws/install/ecl_filesystem/share/ecl_filesystem/local_setup.sh
[8.647s] -- Symlinking: /home/wellyowo/locobot_sim/locobot_ws/install/ecl_filesystem/share/ecl_filesystem/local_setup.zsh
[8.682s] -- Symlinking: /home/wellyowo/locobot_sim/locobot_ws/install/ecl_filesystem/share/ecl_filesystem/local_setup.dsv
[8.710s] -- Symlinking: /home/wellyowo/locobot_sim/locobot_ws/install/ecl_filesystem/share/ecl_filesystem/package.dsv
[8.747s] -- Symlinking: /home/wellyowo/locobot_sim/locobot_ws/install/ecl_filesystem/share/ament_index/resource_index/packages/ecl_filesystem
[8.785s] -- Symlinking: /home/wellyowo/locobot_sim/locobot_ws/install/ecl_filesystem/share/ecl_filesystem/cmake/ament_cmake_export_targets-extras.cmake
[8.822s] -- Symlinking: /home/wellyowo/locobot_sim/locobot_ws/install/ecl_filesystem/share/ecl_filesystem/cmake/ament_cmake_export_include_directories-extras.cmake
[8.860s] -- Symlinking: /home/wellyowo/locobot_sim/locobot_ws/install/ecl_filesystem/share/ecl_filesystem/cmake/ament_cmake_export_libraries-extras.cmake
[8.905s] -- Symlinking: /home/wellyowo/locobot_sim/locobot_ws/install/ecl_filesystem/share/ecl_filesystem/cmake/ament_cmake_export_dependencies-extras.cmake
[8.940s] -- Symlinking: /home/wellyowo/locobot_sim/locobot_ws/install/ecl_filesystem/share/ecl_filesystem/cmake/ecl_filesystemConfig.cmake
[9.004s] -- Symlinking: /home/wellyowo/locobot_sim/locobot_ws/install/ecl_filesystem/share/ecl_filesystem/cmake/ecl_filesystemConfig-version.cmake
[9.070s] -- Symlinking: /home/wellyowo/locobot_sim/locobot_ws/install/ecl_filesystem/share/ecl_filesystem/package.xml
[9.102s] -- Installing: /home/wellyowo/locobot_sim/locobot_ws/install/ecl_filesystem/share/ecl_filesystem/cmake/ecl_filesystemExport.cmake
[9.103s] -- Installing: /home/wellyowo/locobot_sim/locobot_ws/install/ecl_filesystem/share/ecl_filesystem/cmake/ecl_filesystemExport-noconfig.cmake
[9.108s] -- Installing: /home/wellyowo/locobot_sim/locobot_ws/install/ecl_filesystem/lib/libecl_filesystem.so.1.2.1
[9.109s] -- Set runtime path of "/home/wellyowo/locobot_sim/locobot_ws/install/ecl_filesystem/lib/libecl_filesystem.so.1.2.1" to ""
[9.109s] -- Installing: /home/wellyowo/locobot_sim/locobot_ws/install/ecl_filesystem/lib/libecl_filesystem.so
[9.162s] Invoked command in '/home/wellyowo/locobot_sim/locobot_ws/build/ecl_filesystem' returned '0': AMENT_PREFIX_PATH=/home/wellyowo/locobot_sim/locobot_ws/install/ecl_errors:/home/wellyowo/locobot_sim/locobot_ws/install/ecl_config:${AMENT_PREFIX_PATH} CMAKE_PREFIX_PATH=/home/wellyowo/locobot_sim/locobot_ws/install/ecl_errors:/home/wellyowo/locobot_sim/locobot_ws/install/ecl_config:/opt/ros/humble LD_LIBRARY_PATH=/home/wellyowo/locobot_sim/locobot_ws/install/ecl_errors/lib:/opt/ros/humble/opt/rviz_ogre_vendor/lib:/opt/ros/humble/lib/x86_64-linux-gnu:/opt/ros/humble/lib:/usr/local/nvidia/lib:/usr/local/nvidia/lib64:/usr/lib/x86_64-linux-gnu/gazebo-11/plugins PATH=/home/wellyowo/locobot_sim/locobot_ws/install/ecl_config/bin:${PATH} /usr/bin/cmake --install /home/wellyowo/locobot_sim/locobot_ws/build/ecl_filesystem
