[0.033s] Invoking command in '/home/wellyowo/locobot_sim/locobot_ws/build/dynamixel_workbench_toolbox': CMAKE_PREFIX_PATH=/opt/ros/humble /usr/bin/cmake /home/wellyowo/locobot_sim/locobot_ws/src/interbotix_ros_core/interbotix_ros_xseries/dynamixel_workbench_toolbox -DBUILD_TESTING=OFF -DCMAKE_PREFIX_PATH= -DAMENT_CMAKE_SYMLINK_INSTALL=1 -DCMAKE_INSTALL_PREFIX=/home/wellyowo/locobot_sim/locobot_ws/install/dynamixel_workbench_toolbox
[0.241s] -- The C compiler identification is GNU 11.4.0
[0.242s] -- The CXX compiler identification is GNU 11.4.0
[0.242s] -- Detecting C compiler ABI info
[0.310s] -- Detecting C compiler ABI info - done
[0.319s] -- Check for working C compiler: /usr/bin/cc - skipped
[0.319s] -- Detecting C compile features
[0.320s] -- Detecting C compile features - done
[0.326s] -- Detecting CXX compiler ABI info
[0.451s] -- Detecting CXX compiler ABI info - done
[0.461s] -- Check for working CXX compiler: /usr/bin/c++ - skipped
[0.461s] -- Detecting CXX compile features
[0.461s] -- Detecting CXX compile features - done
[0.469s] -- Found ament_cmake: 1.3.11 (/opt/ros/humble/share/ament_cmake/cmake)
[0.679s] -- Found Python3: /usr/bin/python3 (found version "3.10.12") found components: Interpreter 
[0.841s] -- Override CMake install command with custom implementation using symlinks instead of copying resources
[0.977s] -- Found dynamixel_sdk: 3.8.4 (/opt/ros/humble/share/dynamixel_sdk/cmake)
[0.996s] -- Found rclcpp: 16.0.12 (/opt/ros/humble/share/rclcpp/cmake)
[1.455s] -- Found rosidl_generator_c: 3.1.6 (/opt/ros/humble/share/rosidl_generator_c/cmake)
[1.525s] -- Found rosidl_adapter: 3.1.6 (/opt/ros/humble/share/rosidl_adapter/cmake)
[1.593s] -- Found rosidl_generator_cpp: 3.1.6 (/opt/ros/humble/share/rosidl_generator_cpp/cmake)
[1.665s] -- Using all available rosidl_typesupport_c: rosidl_typesupport_fastrtps_c;rosidl_typesupport_introspection_c
[1.774s] -- Using all available rosidl_typesupport_cpp: rosidl_typesupport_fastrtps_cpp;rosidl_typesupport_introspection_cpp
[2.047s] -- Found rmw_implementation_cmake: 6.1.2 (/opt/ros/humble/share/rmw_implementation_cmake/cmake)
[2.059s] -- Found rmw_fastrtps_cpp: 6.2.7 (/opt/ros/humble/share/rmw_fastrtps_cpp/cmake)
[2.394s] -- Found OpenSSL: /usr/lib/x86_64-linux-gnu/libcrypto.so (found version "3.0.2")  
[2.512s] -- Found FastRTPS: /opt/ros/humble/include  
[2.620s] -- Using RMW implementation 'rmw_fastrtps_cpp' as default
[2.673s] -- Looking for pthread.h
[2.886s] -- Looking for pthread.h - found
[2.886s] -- Performing Test CMAKE_HAVE_LIBC_PTHREAD
[3.120s] -- Performing Test CMAKE_HAVE_LIBC_PTHREAD - Success
[3.120s] -- Found Threads: TRUE  
[3.517s] -- Configuring done
[3.546s] -- Generating done
[3.551s] -- Build files have been written to: /home/wellyowo/locobot_sim/locobot_ws/build/dynamixel_workbench_toolbox
[3.594s] Invoked command in '/home/wellyowo/locobot_sim/locobot_ws/build/dynamixel_workbench_toolbox' returned '0': CMAKE_PREFIX_PATH=/opt/ros/humble /usr/bin/cmake /home/wellyowo/locobot_sim/locobot_ws/src/interbotix_ros_core/interbotix_ros_xseries/dynamixel_workbench_toolbox -DBUILD_TESTING=OFF -DCMAKE_PREFIX_PATH= -DAMENT_CMAKE_SYMLINK_INSTALL=1 -DCMAKE_INSTALL_PREFIX=/home/wellyowo/locobot_sim/locobot_ws/install/dynamixel_workbench_toolbox
[3.594s] Invoking command in '/home/wellyowo/locobot_sim/locobot_ws/build/dynamixel_workbench_toolbox': CMAKE_PREFIX_PATH=/opt/ros/humble /usr/bin/cmake --build /home/wellyowo/locobot_sim/locobot_ws/build/dynamixel_workbench_toolbox -- -j16 -l16
[3.820s] [ 20%] [32mBuilding CXX object CMakeFiles/dynamixel_workbench_toolbox.dir/src/dynamixel_workbench_toolbox/dynamixel_item.cpp.o[0m
[3.820s] [ 40%] [32mBuilding CXX object CMakeFiles/dynamixel_workbench_toolbox.dir/src/dynamixel_workbench_toolbox/dynamixel_driver.cpp.o[0m
[3.820s] [ 80%] [32mBuilding CXX object CMakeFiles/dynamixel_workbench_toolbox.dir/src/dynamixel_workbench_toolbox/dynamixel_tool.cpp.o[0m
[3.820s] [ 80%] [32mBuilding CXX object CMakeFiles/dynamixel_workbench_toolbox.dir/src/dynamixel_workbench_toolbox/dynamixel_workbench.cpp.o[0m
[4.874s] [01m[K/home/wellyowo/locobot_sim/locobot_ws/src/interbotix_ros_core/interbotix_ros_xseries/dynamixel_workbench_toolbox/src/dynamixel_workbench_toolbox/dynamixel_driver.cpp:[m[K In member function ‘[01m[Kbool DynamixelDriver::readRegister(uint8_t, uint16_t, uint16_t, uint32_t*, const char**)[m[K’:
[4.874s] [01m[K/home/wellyowo/locobot_sim/locobot_ws/src/interbotix_ros_core/interbotix_ros_xseries/dynamixel_workbench_toolbox/src/dynamixel_workbench_toolbox/dynamixel_driver.cpp:776:11:[m[K [01;35m[Kwarning: [m[KISO C++ forbids variable length array ‘[01m[Kdata_read[m[K’ [[01;35m[K-Wvla[m[K]
[4.874s]   776 |   uint8_t [01;35m[Kdata_read[m[K[length];
[4.874s]       |           [01;35m[K^~~~~~~~~[m[K
[4.892s] [01m[K/home/wellyowo/locobot_sim/locobot_ws/src/interbotix_ros_core/interbotix_ros_xseries/dynamixel_workbench_toolbox/src/dynamixel_workbench_toolbox/dynamixel_driver.cpp:[m[K In member function ‘[01m[Kbool DynamixelDriver::syncWrite(uint8_t, uint8_t*, uint8_t, int32_t*, uint8_t, const char**)[m[K’:
[4.892s] [01m[K/home/wellyowo/locobot_sim/locobot_ws/src/interbotix_ros_core/interbotix_ros_xseries/dynamixel_workbench_toolbox/src/dynamixel_workbench_toolbox/dynamixel_driver.cpp:1012:11:[m[K [01;35m[Kwarning: [m[KISO C++ forbids variable length array ‘[01m[Kmulti_parameter[m[K’ [[01;35m[K-Wvla[m[K]
[4.892s]  1012 |   uint8_t [01;35m[Kmulti_parameter[m[K[4*data_num_for_each_id];
[4.892s]       |           [01;35m[K^~~~~~~~~~~~~~~[m[K
[5.965s] [100%] [32m[1mLinking CXX shared library libdynamixel_workbench_toolbox.so[0m
[6.399s] [100%] Built target dynamixel_workbench_toolbox
[6.450s] Invoked command in '/home/wellyowo/locobot_sim/locobot_ws/build/dynamixel_workbench_toolbox' returned '0': CMAKE_PREFIX_PATH=/opt/ros/humble /usr/bin/cmake --build /home/wellyowo/locobot_sim/locobot_ws/build/dynamixel_workbench_toolbox -- -j16 -l16
[6.461s] Invoking command in '/home/wellyowo/locobot_sim/locobot_ws/build/dynamixel_workbench_toolbox': CMAKE_PREFIX_PATH=/opt/ros/humble /usr/bin/cmake --install /home/wellyowo/locobot_sim/locobot_ws/build/dynamixel_workbench_toolbox
[11.426s] -- Install configuration: ""
[11.426s] -- Execute custom install script
[11.426s] -- Symlinking: /home/wellyowo/locobot_sim/locobot_ws/install/dynamixel_workbench_toolbox/lib/libdynamixel_workbench_toolbox.so
[11.426s] -- Symlinking: /home/wellyowo/locobot_sim/locobot_ws/install/dynamixel_workbench_toolbox/include//dynamixel_workbench_toolbox/dynamixel_driver.h
[11.427s] -- Symlinking: /home/wellyowo/locobot_sim/locobot_ws/install/dynamixel_workbench_toolbox/include//dynamixel_workbench_toolbox/dynamixel_item.h
[11.432s] -- Symlinking: /home/wellyowo/locobot_sim/locobot_ws/install/dynamixel_workbench_toolbox/include//dynamixel_workbench_toolbox/dynamixel_tool.h
[11.433s] -- Symlinking: /home/wellyowo/locobot_sim/locobot_ws/install/dynamixel_workbench_toolbox/include//dynamixel_workbench_toolbox/dynamixel_workbench.h
[11.433s] -- Symlinking: /home/wellyowo/locobot_sim/locobot_ws/install/dynamixel_workbench_toolbox/share/dynamixel_workbench_toolbox/environment/library_path.sh
[11.433s] -- Symlinking: /home/wellyowo/locobot_sim/locobot_ws/install/dynamixel_workbench_toolbox/share/dynamixel_workbench_toolbox/environment/library_path.dsv
[11.433s] -- Symlinking: /home/wellyowo/locobot_sim/locobot_ws/install/dynamixel_workbench_toolbox/share/ament_index/resource_index/package_run_dependencies/dynamixel_workbench_toolbox
[11.433s] -- Symlinking: /home/wellyowo/locobot_sim/locobot_ws/install/dynamixel_workbench_toolbox/share/ament_index/resource_index/parent_prefix_path/dynamixel_workbench_toolbox
[11.433s] -- Symlinking: /home/wellyowo/locobot_sim/locobot_ws/install/dynamixel_workbench_toolbox/share/dynamixel_workbench_toolbox/environment/ament_prefix_path.sh
[11.433s] -- Symlinking: /home/wellyowo/locobot_sim/locobot_ws/install/dynamixel_workbench_toolbox/share/dynamixel_workbench_toolbox/environment/ament_prefix_path.dsv
[11.433s] -- Symlinking: /home/wellyowo/locobot_sim/locobot_ws/install/dynamixel_workbench_toolbox/share/dynamixel_workbench_toolbox/environment/path.sh
[11.442s] -- Symlinking: /home/wellyowo/locobot_sim/locobot_ws/install/dynamixel_workbench_toolbox/share/dynamixel_workbench_toolbox/environment/path.dsv
[11.442s] -- Symlinking: /home/wellyowo/locobot_sim/locobot_ws/install/dynamixel_workbench_toolbox/share/dynamixel_workbench_toolbox/local_setup.bash
[11.444s] -- Symlinking: /home/wellyowo/locobot_sim/locobot_ws/install/dynamixel_workbench_toolbox/share/dynamixel_workbench_toolbox/local_setup.sh
[11.444s] -- Symlinking: /home/wellyowo/locobot_sim/locobot_ws/install/dynamixel_workbench_toolbox/share/dynamixel_workbench_toolbox/local_setup.zsh
[11.444s] -- Symlinking: /home/wellyowo/locobot_sim/locobot_ws/install/dynamixel_workbench_toolbox/share/dynamixel_workbench_toolbox/local_setup.dsv
[11.445s] -- Symlinking: /home/wellyowo/locobot_sim/locobot_ws/install/dynamixel_workbench_toolbox/share/dynamixel_workbench_toolbox/package.dsv
[11.445s] -- Symlinking: /home/wellyowo/locobot_sim/locobot_ws/install/dynamixel_workbench_toolbox/share/ament_index/resource_index/packages/dynamixel_workbench_toolbox
[11.445s] -- Symlinking: /home/wellyowo/locobot_sim/locobot_ws/install/dynamixel_workbench_toolbox/share/dynamixel_workbench_toolbox/cmake/ament_cmake_export_include_directories-extras.cmake
[11.446s] -- Symlinking: /home/wellyowo/locobot_sim/locobot_ws/install/dynamixel_workbench_toolbox/share/dynamixel_workbench_toolbox/cmake/ament_cmake_export_dependencies-extras.cmake
[11.446s] -- Symlinking: /home/wellyowo/locobot_sim/locobot_ws/install/dynamixel_workbench_toolbox/share/dynamixel_workbench_toolbox/cmake/ament_cmake_export_libraries-extras.cmake
[11.446s] -- Symlinking: /home/wellyowo/locobot_sim/locobot_ws/install/dynamixel_workbench_toolbox/share/dynamixel_workbench_toolbox/cmake/dynamixel_workbench_toolboxConfig.cmake
[11.446s] -- Symlinking: /home/wellyowo/locobot_sim/locobot_ws/install/dynamixel_workbench_toolbox/share/dynamixel_workbench_toolbox/cmake/dynamixel_workbench_toolboxConfig-version.cmake
[11.446s] -- Symlinking: /home/wellyowo/locobot_sim/locobot_ws/install/dynamixel_workbench_toolbox/share/dynamixel_workbench_toolbox/package.xml
[11.447s] Invoked command in '/home/wellyowo/locobot_sim/locobot_ws/build/dynamixel_workbench_toolbox' returned '0': CMAKE_PREFIX_PATH=/opt/ros/humble /usr/bin/cmake --install /home/wellyowo/locobot_sim/locobot_ws/build/dynamixel_workbench_toolbox
