[01m[K/home/wellyowo/locobot_sim/locobot_ws/src/ThirdParty/ros_astra_camera/astra_camera/src/point_cloud_proc/point_cloud_xyz.cpp:37:10:[m[K [01;31m[Kfatal error: [m[Kimage_geometry/pinhole_camera_model.hpp: No such file or directory
   37 | #include [01;31m[K<image_geometry/pinhole_camera_model.hpp>[m[K
      |          [01;31m[K^~~~~~~~~~~~~~~~~~~~~~~~~~~~~~~~~~~~~~~~~[m[K
compilation terminated.
gmake[2]: *** [CMakeFiles/astra_camera.dir/build.make:76: CMakeFiles/astra_camera.dir/src/point_cloud_proc/point_cloud_xyz.cpp.o] Error 1
gmake[2]: *** Waiting for unfinished jobs....
[01m[K/home/wellyowo/locobot_sim/locobot_ws/src/ThirdParty/ros_astra_camera/astra_camera/src/point_cloud_proc/point_cloud_xyzrgb.cpp:42:10:[m[K [01;31m[Kfatal error: [m[Kimage_geometry/pinhole_camera_model.hpp: No such file or directory
   42 | #include [01;31m[K<image_geometry/pinhole_camera_model.hpp>[m[K
      |          [01;31m[K^~~~~~~~~~~~~~~~~~~~~~~~~~~~~~~~~~~~~~~~~[m[K
compilation terminated.
gmake[2]: *** [CMakeFiles/astra_camera.dir/build.make:90: CMakeFiles/astra_camera.dir/src/point_cloud_proc/point_cloud_xyzrgb.cpp.o] Error 1
In file included from [01m[K/home/wellyowo/locobot_sim/locobot_ws/src/ThirdParty/ros_astra_camera/astra_camera/src/ob_camera_node.cpp:13[m[K:
[01m[K/home/wellyowo/locobot_sim/locobot_ws/src/ThirdParty/ros_astra_camera/astra_camera/include/astra_camera/ob_camera_node.h:20:10:[m[K [01;31m[Kfatal error: [m[Kcv_bridge/cv_bridge.hpp: No such file or directory
   20 | #include [01;31m[K<cv_bridge/cv_bridge.hpp>[m[K
      |          [01;31m[K^~~~~~~~~~~~~~~~~~~~~~~~~[m[K
compilation terminated.
gmake[2]: *** [CMakeFiles/astra_camera.dir/build.make:188: CMakeFiles/astra_camera.dir/src/ob_camera_node.cpp.o] Error 1
In file included from [01m[K/home/wellyowo/locobot_sim/locobot_ws/src/ThirdParty/ros_astra_camera/astra_camera/include/astra_camera/ob_camera_node_factory.h:23[m[K,
                 from [01m[K/home/wellyowo/locobot_sim/locobot_ws/src/ThirdParty/ros_astra_camera/astra_camera/src/ob_camera_node_factory.cpp:15[m[K:
[01m[K/home/wellyowo/locobot_sim/locobot_ws/src/ThirdParty/ros_astra_camera/astra_camera/include/astra_camera/ob_camera_node.h:20:10:[m[K [01;31m[Kfatal error: [m[Kcv_bridge/cv_bridge.hpp: No such file or directory
   20 | #include [01;31m[K<cv_bridge/cv_bridge.hpp>[m[K
      |          [01;31m[K^~~~~~~~~~~~~~~~~~~~~~~~~[m[K
compilation terminated.
gmake[2]: *** [CMakeFiles/astra_camera.dir/build.make:174: CMakeFiles/astra_camera.dir/src/ob_camera_node_factory.cpp.o] Error 1
In file included from [01m[K/home/wellyowo/locobot_sim/locobot_ws/src/ThirdParty/ros_astra_camera/astra_camera/src/ros_service.cpp:19[m[K:
[01m[K/home/wellyowo/locobot_sim/locobot_ws/src/ThirdParty/ros_astra_camera/astra_camera/include/astra_camera/ob_camera_node.h:20:10:[m[K [01;31m[Kfatal error: [m[Kcv_bridge/cv_bridge.hpp: No such file or directory
   20 | #include [01;31m[K<cv_bridge/cv_bridge.hpp>[m[K
      |          [01;31m[K^~~~~~~~~~~~~~~~~~~~~~~~~[m[K
compilation terminated.
gmake[2]: *** [CMakeFiles/astra_camera.dir/build.make:216: CMakeFiles/astra_camera.dir/src/ros_service.cpp.o] Error 1
In file included from [01m[K/home/wellyowo/locobot_sim/locobot_ws/src/ThirdParty/ros_astra_camera/astra_camera/src/ob_camera_info.cpp:18[m[K:
[01m[K/home/wellyowo/locobot_sim/locobot_ws/src/ThirdParty/ros_astra_camera/astra_camera/include/astra_camera/ob_camera_node.h:20:10:[m[K [01;31m[Kfatal error: [m[Kcv_bridge/cv_bridge.hpp: No such file or directory
   20 | #include [01;31m[K<cv_bridge/cv_bridge.hpp>[m[K
      |          [01;31m[K^~~~~~~~~~~~~~~~~~~~~~~~~[m[K
compilation terminated.
gmake[2]: *** [CMakeFiles/astra_camera.dir/build.make:132: CMakeFiles/astra_camera.dir/src/ob_camera_info.cpp.o] Error 1
In file included from [01m[K/home/wellyowo/locobot_sim/locobot_ws/src/ThirdParty/ros_astra_camera/astra_camera/include/astra_camera/dynamic_params.h:16[m[K,
                 from [01m[K/home/wellyowo/locobot_sim/locobot_ws/src/ThirdParty/ros_astra_camera/astra_camera/include/astra_camera/utils.h:29[m[K,
                 from [01m[K/home/wellyowo/locobot_sim/locobot_ws/src/ThirdParty/ros_astra_camera/astra_camera/include/astra_camera/ob_frame_listener.h:23[m[K,
                 from [01m[K/home/wellyowo/locobot_sim/locobot_ws/src/ThirdParty/ros_astra_camera/astra_camera/src/ob_frame_listener.cpp:14[m[K:
[01m[K/home/wellyowo/locobot_sim/locobot_ws/src/ThirdParty/ros_astra_camera/astra_camera/include/astra_camera/ros_param_backend.h:22:7:[m[K [01;31m[Kerror: [m[K‘[01m[Krclcpp::node_interfaces::NodeParametersInterface::OnSetParametersCallbackType[m[K’ has not been declared
   22 |       [01;31m[Krclcpp[m[K::node_interfaces::NodeParametersInterface::OnSetParametersCallbackType callback);
      |       [01;31m[K^~~~~~[m[K
In file included from [01m[K/home/wellyowo/locobot_sim/locobot_ws/src/ThirdParty/ros_astra_camera/astra_camera/include/astra_camera/dynamic_params.h:16[m[K,
                 from [01m[K/home/wellyowo/locobot_sim/locobot_ws/src/ThirdParty/ros_astra_camera/astra_camera/src/dynamic_params.cpp:12[m[K:
[01m[K/home/wellyowo/locobot_sim/locobot_ws/src/ThirdParty/ros_astra_camera/astra_camera/include/astra_camera/ros_param_backend.h:22:7:[m[K [01;31m[Kerror: [m[K‘[01m[Krclcpp::node_interfaces::NodeParametersInterface::OnSetParametersCallbackType[m[K’ has not been declared
   22 |       [01;31m[Krclcpp[m[K::node_interfaces::NodeParametersInterface::OnSetParametersCallbackType callback);
      |       [01;31m[K^~~~~~[m[K
[01m[K/home/wellyowo/locobot_sim/locobot_ws/src/ThirdParty/ros_astra_camera/astra_camera/src/dynamic_params.cpp:[m[K In constructor ‘[01m[Kastra_camera::Parameters::Parameters(rclcpp::Node*)[m[K’:
[01m[K/home/wellyowo/locobot_sim/locobot_ws/src/ThirdParty/ros_astra_camera/astra_camera/src/dynamic_params.cpp:18:45:[m[K [01;31m[Kerror: [m[Kcannot convert ‘[01m[Kastra_camera::Parameters::Parameters(rclcpp::Node*)::<lambda(const std::vector<rclcpp::Parameter>&)>[m[K’ to ‘[01m[Kint[m[K’
   18 |   [01;31m[Kparams_backend_.addOnSetParametersCallback([m[K
      |   [01;31m[K~~~~~~~~~~~~~~~~~~~~~~~~~~~~~~~~~~~~~~~~~~^[m[K
   19 | [01;31m[K      [this](const std::vector<rclcpp::Parameter> &parameters) {[m[K
      |       [01;31m[K~~~~~~~~~~~~~~~~~~~~~~~~~~~~~~~~~~~~~~~~~~~~~~~~~~~~~~~~~~[m[K
   20 | [01;31m[K        for (const auto &parameter : parameters) {[m[K
      |         [01;31m[K~~~~~~~~~~~~~~~~~~~~~~~~~~~~~~~~~~~~~~~~~~[m[K
   21 | [01;31m[K          if (param_functions_.find(parameter.get_name()) != param_functions_.end()) {[m[K
      |           [01;31m[K~~~~~~~~~~~~~~~~~~~~~~~~~~~~~~~~~~~~~~~~~~~~~~~~~~~~~~~~~~~~~~~~~~~~~~~~~~~~[m[K
   22 | [01;31m[K            auto functions = param_functions_[parameter.get_name()];[m[K
      |             [01;31m[K~~~~~~~~~~~~~~~~~~~~~~~~~~~~~~~~~~~~~~~~~~~~~~~~~~~~~~~~[m[K
   23 | [01;31m[K            if (functions.empty()) {[m[K
      |             [01;31m[K~~~~~~~~~~~~~~~~~~~~~~~~[m[K         
   24 | [01;31m[K              RCLCPP_WARN_STREAM(logger_, "Parameter " << parameter.get_name()[m[K
      |               [01;31m[K~~~~~~~~~~~~~~~~~~~~~~~~~~~~~~~~~~~~~~~~~~~~~~~~~~~~~~~~~~~~~~~~[m[K
   25 | [01;31m[K                                                       << " can not be changed in runtime.");[m[K
      |                                                        [01;31m[K~~~~~~~~~~~~~~~~~~~~~~~~~~~~~~~~~~~~~~[m[K
   26 | [01;31m[K            } else {[m[K
      |             [01;31m[K~~~~~~~~[m[K                         
   27 | [01;31m[K              for (const auto &func : param_functions_[parameter.get_name()]) {[m[K
      |               [01;31m[K~~~~~~~~~~~~~~~~~~~~~~~~~~~~~~~~~~~~~~~~~~~~~~~~~~~~~~~~~~~~~~~~~[m[K
   28 | [01;31m[K                func(parameter);[m[K
      |                 [01;31m[K~~~~~~~~~~~~~~~~[m[K             
   29 | [01;31m[K              }[m[K
      |               [01;31m[K~[m[K                              
   30 | [01;31m[K            }[m[K
      |             [01;31m[K~[m[K                                
   31 | [01;31m[K          }[m[K
      |           [01;31m[K~[m[K                                  
   32 | [01;31m[K        }[m[K
      |         [01;31m[K~[m[K                                    
   33 | [01;31m[K        rcl_interfaces::msg::SetParametersResult result;[m[K
      |         [01;31m[K~~~~~~~~~~~~~~~~~~~~~~~~~~~~~~~~~~~~~~~~~~~~~~~~[m[K
   34 | [01;31m[K        result.successful = true;[m[K
      |         [01;31m[K~~~~~~~~~~~~~~~~~~~~~~~~~[m[K            
   35 | [01;31m[K        return result;[m[K
      |         [01;31m[K~~~~~~~~~~~~~~[m[K                       
   36 | [01;31m[K      })[m[K;
      |       [01;31m[K~~[m[K                                     
In file included from [01m[K/home/wellyowo/locobot_sim/locobot_ws/src/ThirdParty/ros_astra_camera/astra_camera/include/astra_camera/dynamic_params.h:16[m[K,
                 from [01m[K/home/wellyowo/locobot_sim/locobot_ws/src/ThirdParty/ros_astra_camera/astra_camera/src/dynamic_params.cpp:12[m[K:
[01m[K/home/wellyowo/locobot_sim/locobot_ws/src/ThirdParty/ros_astra_camera/astra_camera/include/astra_camera/ros_param_backend.h:22:85:[m[K [01;36m[Knote: [m[K  initializing argument 1 of ‘[01m[Kvoid astra_camera::ParametersBackend::addOnSetParametersCallback(int)[m[K’
   22 |       [01;36m[Krclcpp::node_interfaces::NodeParametersInterface::OnSetParametersCallbackType callback[m[K);
      |       [01;36m[K~~~~~~~~~~~~~~~~~~~~~~~~~~~~~~~~~~~~~~~~~~~~~~~~~~~~~~~~~~~~~~~~~~~~~~~~~~~~~~^~~~~~~~[m[K
gmake[2]: *** [CMakeFiles/astra_camera.dir/build.make:146: CMakeFiles/astra_camera.dir/src/ob_frame_listener.cpp.o] Error 1
In file included from [01m[K/home/wellyowo/locobot_sim/locobot_ws/src/ThirdParty/ros_astra_camera/astra_camera/src/ros_param_backend.cpp:13[m[K:
[01m[K/home/wellyowo/locobot_sim/locobot_ws/src/ThirdParty/ros_astra_camera/astra_camera/include/astra_camera/ros_param_backend.h:22:7:[m[K [01;31m[Kerror: [m[K‘[01m[Krclcpp::node_interfaces::NodeParametersInterface::OnSetParametersCallbackType[m[K’ has not been declared
   22 |       [01;31m[Krclcpp[m[K::node_interfaces::NodeParametersInterface::OnSetParametersCallbackType callback);
      |       [01;31m[K^~~~~~[m[K
[01m[K/home/wellyowo/locobot_sim/locobot_ws/src/ThirdParty/ros_astra_camera/astra_camera/src/ros_param_backend.cpp:26:6:[m[K [01;31m[Kerror: [m[Kvariable or field ‘[01m[KaddOnSetParametersCallback[m[K’ declared void
   26 | void [01;31m[KParametersBackend[m[K::addOnSetParametersCallback(
      |      [01;31m[K^~~~~~~~~~~~~~~~~[m[K
[01m[K/home/wellyowo/locobot_sim/locobot_ws/src/ThirdParty/ros_astra_camera/astra_camera/src/ros_param_backend.cpp:27:55:[m[K [01;31m[Kerror: [m[K‘[01m[KOnSetParametersCallbackType[m[K’ is not a member of ‘[01m[Krclcpp::node_interfaces::NodeParametersInterface[m[K’
   27 |     rclcpp::node_interfaces::NodeParametersInterface::[01;31m[KOnSetParametersCallbackType[m[K callback) {
      |                                                       [01;31m[K^~~~~~~~~~~~~~~~~~~~~~~~~~~[m[K
gmake[2]: *** [CMakeFiles/astra_camera.dir/build.make:118: CMakeFiles/astra_camera.dir/src/dynamic_params.cpp.o] Error 1
In file included from [01m[K/home/wellyowo/locobot_sim/locobot_ws/src/ThirdParty/ros_astra_camera/astra_camera/include/astra_camera/dynamic_params.h:16[m[K,
                 from [01m[K/home/wellyowo/locobot_sim/locobot_ws/src/ThirdParty/ros_astra_camera/astra_camera/include/astra_camera/utils.h:29[m[K,
                 from [01m[K/home/wellyowo/locobot_sim/locobot_ws/src/ThirdParty/ros_astra_camera/astra_camera/src/utils.cpp:13[m[K:
[01m[K/home/wellyowo/locobot_sim/locobot_ws/src/ThirdParty/ros_astra_camera/astra_camera/include/astra_camera/ros_param_backend.h:22:7:[m[K [01;31m[Kerror: [m[K‘[01m[Krclcpp::node_interfaces::NodeParametersInterface::OnSetParametersCallbackType[m[K’ has not been declared
   22 |       [01;31m[Krclcpp[m[K::node_interfaces::NodeParametersInterface::OnSetParametersCallbackType callback);
      |       [01;31m[K^~~~~~[m[K
gmake[2]: *** [CMakeFiles/astra_camera.dir/build.make:202: CMakeFiles/astra_camera.dir/src/ros_param_backend.cpp.o] Error 1
gmake[2]: *** [CMakeFiles/astra_camera.dir/build.make:230: CMakeFiles/astra_camera.dir/src/utils.cpp.o] Interrupt
gmake[1]: *** [CMakeFiles/Makefile2:139: CMakeFiles/astra_camera.dir/all] Interrupt
gmake: *** [Makefile:146: all] Interrupt
