[0.183s] Invoking command in '/home/wellyowo/locobot_sim/locobot_ws/src/build/astra_camera': AMENT_PREFIX_PATH=/home/wellyowo/locobot_sim/locobot_ws/src/install/astra_camera_msgs:${AMENT_PREFIX_PATH} CMAKE_PREFIX_PATH=/home/wellyowo/locobot_sim/locobot_ws/src/install/astra_camera_msgs:/opt/ros/humble LD_LIBRARY_PATH=/home/wellyowo/locobot_sim/locobot_ws/src/install/astra_camera_msgs/lib:${LD_LIBRARY_PATH} PYTHONPATH=/home/wellyowo/locobot_sim/locobot_ws/src/install/astra_camera_msgs/local/lib/python3.10/dist-packages:${PYTHONPATH} /usr/bin/cmake --build /home/wellyowo/locobot_sim/locobot_ws/src/build/astra_camera -- -j16 -l16
[3.811s] [  5%] [32mBuilding CXX object CMakeFiles/astra_camera.dir/src/point_cloud_proc/point_cloud_xyz.cpp.o[0m
[3.811s] [ 11%] [32mBuilding CXX object CMakeFiles/astra_camera.dir/src/point_cloud_proc/point_cloud_xyzrgb.cpp.o[0m
[3.811s] [ 16%] [32mBuilding CXX object CMakeFiles/astra_camera.dir/src/device_listener.cpp.o[0m
[3.812s] [ 22%] [32mBuilding CXX object CMakeFiles/astra_camera.dir/src/dynamic_params.cpp.o[0m
[3.812s] [ 27%] [32mBuilding CXX object CMakeFiles/astra_camera.dir/src/ob_camera_info.cpp.o[0m
[3.812s] [ 33%] [32mBuilding CXX object CMakeFiles/astra_camera.dir/src/ob_frame_listener.cpp.o[0m
[3.812s] [ 38%] [32mBuilding CXX object CMakeFiles/astra_camera.dir/src/ob_timer_filter.cpp.o[0m
[3.812s] [ 44%] [32mBuilding CXX object CMakeFiles/astra_camera.dir/src/ob_camera_node.cpp.o[0m
[3.812s] [ 50%] [32mBuilding CXX object CMakeFiles/astra_camera.dir/src/ob_camera_node_factory.cpp.o[0m
[3.812s] [ 55%] [32mBuilding CXX object CMakeFiles/astra_camera.dir/src/ros_service.cpp.o[0m
[3.812s] [ 61%] [32mBuilding CXX object CMakeFiles/astra_camera.dir/src/ros_param_backend.cpp.o[0m
[3.812s] [ 66%] [32mBuilding CXX object CMakeFiles/astra_camera.dir/src/utils.cpp.o[0m
[3.812s] [ 72%] [32mBuilding CXX object CMakeFiles/astra_camera.dir/src/ob_context.cpp.o[0m
[3.812s] [01m[K/home/wellyowo/locobot_sim/locobot_ws/src/ThirdParty/ros_astra_camera/astra_camera/src/point_cloud_proc/point_cloud_xyz.cpp:37:10:[m[K [01;31m[Kfatal error: [m[Kimage_geometry/pinhole_camera_model.hpp: No such file or directory
[3.812s]    37 | #include [01;31m[K<image_geometry/pinhole_camera_model.hpp>[m[K
[3.812s]       |          [01;31m[K^~~~~~~~~~~~~~~~~~~~~~~~~~~~~~~~~~~~~~~~~[m[K
[3.812s] compilation terminated.
[3.813s] gmake[2]: *** [CMakeFiles/astra_camera.dir/build.make:76: CMakeFiles/astra_camera.dir/src/point_cloud_proc/point_cloud_xyz.cpp.o] Error 1
[3.813s] gmake[2]: *** Waiting for unfinished jobs....
[3.813s] [01m[K/home/wellyowo/locobot_sim/locobot_ws/src/ThirdParty/ros_astra_camera/astra_camera/src/point_cloud_proc/point_cloud_xyzrgb.cpp:42:10:[m[K [01;31m[Kfatal error: [m[Kimage_geometry/pinhole_camera_model.hpp: No such file or directory
[3.813s]    42 | #include [01;31m[K<image_geometry/pinhole_camera_model.hpp>[m[K
[3.813s]       |          [01;31m[K^~~~~~~~~~~~~~~~~~~~~~~~~~~~~~~~~~~~~~~~~[m[K
[3.813s] compilation terminated.
[3.813s] gmake[2]: *** [CMakeFiles/astra_camera.dir/build.make:90: CMakeFiles/astra_camera.dir/src/point_cloud_proc/point_cloud_xyzrgb.cpp.o] Error 1
[3.813s] In file included from [01m[K/home/wellyowo/locobot_sim/locobot_ws/src/ThirdParty/ros_astra_camera/astra_camera/src/ob_camera_node.cpp:13[m[K:
[3.825s] [01m[K/home/wellyowo/locobot_sim/locobot_ws/src/ThirdParty/ros_astra_camera/astra_camera/include/astra_camera/ob_camera_node.h:20:10:[m[K [01;31m[Kfatal error: [m[Kcv_bridge/cv_bridge.hpp: No such file or directory
[3.826s]    20 | #include [01;31m[K<cv_bridge/cv_bridge.hpp>[m[K
[3.827s]       |          [01;31m[K^~~~~~~~~~~~~~~~~~~~~~~~~[m[K
[3.827s] compilation terminated.
[3.828s] gmake[2]: *** [CMakeFiles/astra_camera.dir/build.make:188: CMakeFiles/astra_camera.dir/src/ob_camera_node.cpp.o] Error 1
[3.829s] In file included from [01m[K/home/wellyowo/locobot_sim/locobot_ws/src/ThirdParty/ros_astra_camera/astra_camera/include/astra_camera/ob_camera_node_factory.h:23[m[K,
[3.829s]                  from [01m[K/home/wellyowo/locobot_sim/locobot_ws/src/ThirdParty/ros_astra_camera/astra_camera/src/ob_camera_node_factory.cpp:15[m[K:
[3.830s] [01m[K/home/wellyowo/locobot_sim/locobot_ws/src/ThirdParty/ros_astra_camera/astra_camera/include/astra_camera/ob_camera_node.h:20:10:[m[K [01;31m[Kfatal error: [m[Kcv_bridge/cv_bridge.hpp: No such file or directory
[3.830s]    20 | #include [01;31m[K<cv_bridge/cv_bridge.hpp>[m[K
[3.831s]       |          [01;31m[K^~~~~~~~~~~~~~~~~~~~~~~~~[m[K
[3.831s] compilation terminated.
[3.832s] gmake[2]: *** [CMakeFiles/astra_camera.dir/build.make:174: CMakeFiles/astra_camera.dir/src/ob_camera_node_factory.cpp.o] Error 1
[3.833s] In file included from [01m[K/home/wellyowo/locobot_sim/locobot_ws/src/ThirdParty/ros_astra_camera/astra_camera/src/ros_service.cpp:19[m[K:
[3.833s] [01m[K/home/wellyowo/locobot_sim/locobot_ws/src/ThirdParty/ros_astra_camera/astra_camera/include/astra_camera/ob_camera_node.h:20:10:[m[K [01;31m[Kfatal error: [m[Kcv_bridge/cv_bridge.hpp: No such file or directory
[3.834s]    20 | #include [01;31m[K<cv_bridge/cv_bridge.hpp>[m[K
[3.834s]       |          [01;31m[K^~~~~~~~~~~~~~~~~~~~~~~~~[m[K
[3.835s] compilation terminated.
[3.838s] gmake[2]: *** [CMakeFiles/astra_camera.dir/build.make:216: CMakeFiles/astra_camera.dir/src/ros_service.cpp.o] Error 1
[7.365s] In file included from [01m[K/home/wellyowo/locobot_sim/locobot_ws/src/ThirdParty/ros_astra_camera/astra_camera/src/ob_camera_info.cpp:18[m[K:
[7.365s] [01m[K/home/wellyowo/locobot_sim/locobot_ws/src/ThirdParty/ros_astra_camera/astra_camera/include/astra_camera/ob_camera_node.h:20:10:[m[K [01;31m[Kfatal error: [m[Kcv_bridge/cv_bridge.hpp: No such file or directory
[7.365s]    20 | #include [01;31m[K<cv_bridge/cv_bridge.hpp>[m[K
[7.366s]       |          [01;31m[K^~~~~~~~~~~~~~~~~~~~~~~~~[m[K
[7.366s] compilation terminated.
[7.414s] gmake[2]: *** [CMakeFiles/astra_camera.dir/build.make:132: CMakeFiles/astra_camera.dir/src/ob_camera_info.cpp.o] Error 1
[12.707s] In file included from [01m[K/home/wellyowo/locobot_sim/locobot_ws/src/ThirdParty/ros_astra_camera/astra_camera/include/astra_camera/dynamic_params.h:16[m[K,
[12.708s]                  from [01m[K/home/wellyowo/locobot_sim/locobot_ws/src/ThirdParty/ros_astra_camera/astra_camera/include/astra_camera/utils.h:29[m[K,
[12.709s]                  from [01m[K/home/wellyowo/locobot_sim/locobot_ws/src/ThirdParty/ros_astra_camera/astra_camera/include/astra_camera/ob_frame_listener.h:23[m[K,
[12.711s]                  from [01m[K/home/wellyowo/locobot_sim/locobot_ws/src/ThirdParty/ros_astra_camera/astra_camera/src/ob_frame_listener.cpp:14[m[K:
[12.712s] [01m[K/home/wellyowo/locobot_sim/locobot_ws/src/ThirdParty/ros_astra_camera/astra_camera/include/astra_camera/ros_param_backend.h:22:7:[m[K [01;31m[Kerror: [m[K‘[01m[Krclcpp::node_interfaces::NodeParametersInterface::OnSetParametersCallbackType[m[K’ has not been declared
[12.712s]    22 |       [01;31m[Krclcpp[m[K::node_interfaces::NodeParametersInterface::OnSetParametersCallbackType callback);
[12.713s]       |       [01;31m[K^~~~~~[m[K
[12.925s] In file included from [01m[K/home/wellyowo/locobot_sim/locobot_ws/src/ThirdParty/ros_astra_camera/astra_camera/include/astra_camera/dynamic_params.h:16[m[K,
[12.925s]                  from [01m[K/home/wellyowo/locobot_sim/locobot_ws/src/ThirdParty/ros_astra_camera/astra_camera/src/dynamic_params.cpp:12[m[K:
[12.925s] [01m[K/home/wellyowo/locobot_sim/locobot_ws/src/ThirdParty/ros_astra_camera/astra_camera/include/astra_camera/ros_param_backend.h:22:7:[m[K [01;31m[Kerror: [m[K‘[01m[Krclcpp::node_interfaces::NodeParametersInterface::OnSetParametersCallbackType[m[K’ has not been declared
[12.925s]    22 |       [01;31m[Krclcpp[m[K::node_interfaces::NodeParametersInterface::OnSetParametersCallbackType callback);
[12.926s]       |       [01;31m[K^~~~~~[m[K
[12.978s] [01m[K/home/wellyowo/locobot_sim/locobot_ws/src/ThirdParty/ros_astra_camera/astra_camera/src/dynamic_params.cpp:[m[K In constructor ‘[01m[Kastra_camera::Parameters::Parameters(rclcpp::Node*)[m[K’:
[12.978s] [01m[K/home/wellyowo/locobot_sim/locobot_ws/src/ThirdParty/ros_astra_camera/astra_camera/src/dynamic_params.cpp:18:45:[m[K [01;31m[Kerror: [m[Kcannot convert ‘[01m[Kastra_camera::Parameters::Parameters(rclcpp::Node*)::<lambda(const std::vector<rclcpp::Parameter>&)>[m[K’ to ‘[01m[Kint[m[K’
[12.978s]    18 |   [01;31m[Kparams_backend_.addOnSetParametersCallback([m[K
[12.978s]       |   [01;31m[K~~~~~~~~~~~~~~~~~~~~~~~~~~~~~~~~~~~~~~~~~~^[m[K
[12.978s]    19 | [01;31m[K      [this](const std::vector<rclcpp::Parameter> &parameters) {[m[K
[12.978s]       |       [01;31m[K~~~~~~~~~~~~~~~~~~~~~~~~~~~~~~~~~~~~~~~~~~~~~~~~~~~~~~~~~~[m[K
[12.978s]    20 | [01;31m[K        for (const auto &parameter : parameters) {[m[K
[12.978s]       |         [01;31m[K~~~~~~~~~~~~~~~~~~~~~~~~~~~~~~~~~~~~~~~~~~[m[K
[12.978s]    21 | [01;31m[K          if (param_functions_.find(parameter.get_name()) != param_functions_.end()) {[m[K
[12.984s]       |           [01;31m[K~~~~~~~~~~~~~~~~~~~~~~~~~~~~~~~~~~~~~~~~~~~~~~~~~~~~~~~~~~~~~~~~~~~~~~~~~~~~[m[K
[12.984s]    22 | [01;31m[K            auto functions = param_functions_[parameter.get_name()];[m[K
[12.984s]       |             [01;31m[K~~~~~~~~~~~~~~~~~~~~~~~~~~~~~~~~~~~~~~~~~~~~~~~~~~~~~~~~[m[K
[12.985s]    23 | [01;31m[K            if (functions.empty()) {[m[K
[12.985s]       |             [01;31m[K~~~~~~~~~~~~~~~~~~~~~~~~[m[K         
[12.985s]    24 | [01;31m[K              RCLCPP_WARN_STREAM(logger_, "Parameter " << parameter.get_name()[m[K
[12.985s]       |               [01;31m[K~~~~~~~~~~~~~~~~~~~~~~~~~~~~~~~~~~~~~~~~~~~~~~~~~~~~~~~~~~~~~~~~[m[K
[12.985s]    25 | [01;31m[K                                                       << " can not be changed in runtime.");[m[K
[12.985s]       |                                                        [01;31m[K~~~~~~~~~~~~~~~~~~~~~~~~~~~~~~~~~~~~~~[m[K
[12.985s]    26 | [01;31m[K            } else {[m[K
[12.985s]       |             [01;31m[K~~~~~~~~[m[K                         
[12.993s]    27 | [01;31m[K              for (const auto &func : param_functions_[parameter.get_name()]) {[m[K
[12.994s]       |               [01;31m[K~~~~~~~~~~~~~~~~~~~~~~~~~~~~~~~~~~~~~~~~~~~~~~~~~~~~~~~~~~~~~~~~~[m[K
[12.994s]    28 | [01;31m[K                func(parameter);[m[K
[12.994s]       |                 [01;31m[K~~~~~~~~~~~~~~~~[m[K             
[12.994s]    29 | [01;31m[K              }[m[K
[12.994s]       |               [01;31m[K~[m[K                              
[12.994s]    30 | [01;31m[K            }[m[K
[12.998s]       |             [01;31m[K~[m[K                                
[12.998s]    31 | [01;31m[K          }[m[K
[12.998s]       |           [01;31m[K~[m[K                                  
[12.998s]    32 | [01;31m[K        }[m[K
[12.998s]       |         [01;31m[K~[m[K                                    
[12.998s]    33 | [01;31m[K        rcl_interfaces::msg::SetParametersResult result;[m[K
[12.998s]       |         [01;31m[K~~~~~~~~~~~~~~~~~~~~~~~~~~~~~~~~~~~~~~~~~~~~~~~~[m[K
[12.998s]    34 | [01;31m[K        result.successful = true;[m[K
[12.998s]       |         [01;31m[K~~~~~~~~~~~~~~~~~~~~~~~~~[m[K            
[12.998s]    35 | [01;31m[K        return result;[m[K
[12.998s]       |         [01;31m[K~~~~~~~~~~~~~~[m[K                       
[13.006s]    36 | [01;31m[K      })[m[K;
[13.006s]       |       [01;31m[K~~[m[K                                     
[13.006s] In file included from [01m[K/home/wellyowo/locobot_sim/locobot_ws/src/ThirdParty/ros_astra_camera/astra_camera/include/astra_camera/dynamic_params.h:16[m[K,
[13.006s]                  from [01m[K/home/wellyowo/locobot_sim/locobot_ws/src/ThirdParty/ros_astra_camera/astra_camera/src/dynamic_params.cpp:12[m[K:
[13.006s] [01m[K/home/wellyowo/locobot_sim/locobot_ws/src/ThirdParty/ros_astra_camera/astra_camera/include/astra_camera/ros_param_backend.h:22:85:[m[K [01;36m[Knote: [m[K  initializing argument 1 of ‘[01m[Kvoid astra_camera::ParametersBackend::addOnSetParametersCallback(int)[m[K’
[13.006s]    22 |       [01;36m[Krclcpp::node_interfaces::NodeParametersInterface::OnSetParametersCallbackType callback[m[K);
[13.006s]       |       [01;36m[K~~~~~~~~~~~~~~~~~~~~~~~~~~~~~~~~~~~~~~~~~~~~~~~~~~~~~~~~~~~~~~~~~~~~~~~~~~~~~~^~~~~~~~[m[K
[13.874s] gmake[2]: *** [CMakeFiles/astra_camera.dir/build.make:146: CMakeFiles/astra_camera.dir/src/ob_frame_listener.cpp.o] Error 1
[13.894s] In file included from [01m[K/home/wellyowo/locobot_sim/locobot_ws/src/ThirdParty/ros_astra_camera/astra_camera/src/ros_param_backend.cpp:13[m[K:
[13.894s] [01m[K/home/wellyowo/locobot_sim/locobot_ws/src/ThirdParty/ros_astra_camera/astra_camera/include/astra_camera/ros_param_backend.h:22:7:[m[K [01;31m[Kerror: [m[K‘[01m[Krclcpp::node_interfaces::NodeParametersInterface::OnSetParametersCallbackType[m[K’ has not been declared
[13.895s]    22 |       [01;31m[Krclcpp[m[K::node_interfaces::NodeParametersInterface::OnSetParametersCallbackType callback);
[13.896s]       |       [01;31m[K^~~~~~[m[K
[13.896s] [01m[K/home/wellyowo/locobot_sim/locobot_ws/src/ThirdParty/ros_astra_camera/astra_camera/src/ros_param_backend.cpp:26:6:[m[K [01;31m[Kerror: [m[Kvariable or field ‘[01m[KaddOnSetParametersCallback[m[K’ declared void
[13.897s]    26 | void [01;31m[KParametersBackend[m[K::addOnSetParametersCallback(
[13.898s]       |      [01;31m[K^~~~~~~~~~~~~~~~~[m[K
[13.898s] [01m[K/home/wellyowo/locobot_sim/locobot_ws/src/ThirdParty/ros_astra_camera/astra_camera/src/ros_param_backend.cpp:27:55:[m[K [01;31m[Kerror: [m[K‘[01m[KOnSetParametersCallbackType[m[K’ is not a member of ‘[01m[Krclcpp::node_interfaces::NodeParametersInterface[m[K’
[13.899s]    27 |     rclcpp::node_interfaces::NodeParametersInterface::[01;31m[KOnSetParametersCallbackType[m[K callback) {
[13.899s]       |                                                       [01;31m[K^~~~~~~~~~~~~~~~~~~~~~~~~~~[m[K
[14.624s] gmake[2]: *** [CMakeFiles/astra_camera.dir/build.make:118: CMakeFiles/astra_camera.dir/src/dynamic_params.cpp.o] Error 1
[14.963s] In file included from [01m[K/home/wellyowo/locobot_sim/locobot_ws/src/ThirdParty/ros_astra_camera/astra_camera/include/astra_camera/dynamic_params.h:16[m[K,
[14.963s]                  from [01m[K/home/wellyowo/locobot_sim/locobot_ws/src/ThirdParty/ros_astra_camera/astra_camera/include/astra_camera/utils.h:29[m[K,
[14.963s]                  from [01m[K/home/wellyowo/locobot_sim/locobot_ws/src/ThirdParty/ros_astra_camera/astra_camera/src/utils.cpp:13[m[K:
[14.963s] [01m[K/home/wellyowo/locobot_sim/locobot_ws/src/ThirdParty/ros_astra_camera/astra_camera/include/astra_camera/ros_param_backend.h:22:7:[m[K [01;31m[Kerror: [m[K‘[01m[Krclcpp::node_interfaces::NodeParametersInterface::OnSetParametersCallbackType[m[K’ has not been declared
[14.963s]    22 |       [01;31m[Krclcpp[m[K::node_interfaces::NodeParametersInterface::OnSetParametersCallbackType callback);
[14.963s]       |       [01;31m[K^~~~~~[m[K
[14.982s] gmake[2]: *** [CMakeFiles/astra_camera.dir/build.make:202: CMakeFiles/astra_camera.dir/src/ros_param_backend.cpp.o] Error 1
[15.767s] gmake[2]: *** [CMakeFiles/astra_camera.dir/build.make:230: CMakeFiles/astra_camera.dir/src/utils.cpp.o] Interrupt
[15.767s] gmake[1]: *** [CMakeFiles/Makefile2:139: CMakeFiles/astra_camera.dir/all] Interrupt
[15.767s] gmake: *** [Makefile:146: all] Interrupt
