[0.093s] Invoking command in '/home/wellyowo/locobot_sim/locobot_ws/build/ecl_time_lite': AMENT_PREFIX_PATH=/home/wellyowo/locobot_sim/locobot_ws/install/ecl_errors:/home/wellyowo/locobot_sim/locobot_ws/install/ecl_config:${AMENT_PREFIX_PATH} CMAKE_PREFIX_PATH=/home/wellyowo/locobot_sim/locobot_ws/install/ecl_errors:/home/wellyowo/locobot_sim/locobot_ws/install/ecl_config:/opt/ros/humble LD_LIBRARY_PATH=/home/wellyowo/locobot_sim/locobot_ws/install/ecl_errors/lib:/opt/ros/humble/opt/rviz_ogre_vendor/lib:/opt/ros/humble/lib/x86_64-linux-gnu:/opt/ros/humble/lib:/usr/local/nvidia/lib:/usr/local/nvidia/lib64:/usr/lib/x86_64-linux-gnu/gazebo-11/plugins PATH=/home/wellyowo/locobot_sim/locobot_ws/install/ecl_config/bin:${PATH} /usr/bin/cmake /home/wellyowo/locobot_sim/locobot_ws/src/ThirdParty/ecl/ecl_lite/ecl_time_lite -DBUILD_TESTING=OFF -DCMAKE_PREFIX_PATH= -DAMENT_CMAKE_SYMLINK_INSTALL=1 -DCMAKE_INSTALL_PREFIX=/home/wellyowo/locobot_sim/locobot_ws/install/ecl_time_lite
[2.763s] -- The C compiler identification is GNU 11.4.0
[2.763s] -- The CXX compiler identification is GNU 11.4.0
[2.763s] -- Detecting C compiler ABI info
[2.763s] -- Detecting C compiler ABI info - done
[2.763s] -- Check for working C compiler: /usr/bin/cc - skipped
[2.763s] -- Detecting C compile features
[2.764s] -- Detecting C compile features - done
[2.764s] -- Detecting CXX compiler ABI info
[2.764s] -- Detecting CXX compiler ABI info - done
[2.764s] -- Check for working CXX compiler: /usr/bin/c++ - skipped
[2.764s] -- Detecting CXX compile features
[2.764s] -- Detecting CXX compile features - done
[2.764s] -- Found ament_cmake_ros: 0.10.0 (/opt/ros/humble/share/ament_cmake_ros/cmake)
[2.764s] -- Found Python3: /usr/bin/python3 (found version "3.10.12") found components: Interpreter 
[2.764s] -- Override CMake install command with custom implementation using symlinks instead of copying resources
[2.764s] -- Found ecl_build: 1.0.3 (/opt/ros/humble/share/ecl_build/cmake)
[2.765s] -- Found ecl_config: 1.2.0 (/home/wellyowo/locobot_sim/locobot_ws/install/ecl_config/share/ecl_config/cmake)
[2.765s] -- Found ecl_errors: 1.2.0 (/home/wellyowo/locobot_sim/locobot_ws/install/ecl_errors/share/ecl_errors/cmake)
[2.810s] -- Looking for _POSIX_VERSION
[3.083s] -- Looking for _POSIX_VERSION - found
[3.088s] -- Looking for realpath in rt
[3.421s] -- Looking for realpath in rt - found
[3.421s] -- Looking for clock_nanosleep in rt
[3.698s] -- Looking for clock_nanosleep in rt - found
[3.698s] -- Looking for clock_gettime in rt
[4.046s] -- Looking for clock_gettime in rt - found
[4.056s] -- Looking for pthread_mutex_timedlock in pthread
[4.422s] -- Looking for pthread_mutex_timedlock in pthread - found
[4.423s] -- Looking for nanosleep in pthread
[4.732s] -- Looking for nanosleep in pthread - found
[4.733s] -- Looking for shm_open in rt
[4.974s] -- Looking for shm_open in rt - found
[4.974s] -- Looking for sched_setscheduler in pthread
[5.266s] -- Looking for sched_setscheduler in pthread - found
[5.270s] -- Looking for sem_timedwait in pthread
[5.689s] -- Looking for sem_timedwait in pthread - found
[5.695s] -- Looking for sem_init in pthread
[6.058s] -- Looking for sem_init in pthread - found
[6.059s] -- Looking for CLOCK_MONOTONIC
[6.399s] -- Looking for CLOCK_MONOTONIC - found
[6.400s] -- Looking for CLOCK_PROCESS_CPUTIME_ID
[6.650s] -- Looking for CLOCK_PROCESS_CPUTIME_ID - found
[6.653s] -- Looking for pthread.h
[6.977s] -- Looking for pthread.h - found
[6.978s] -- Performing Test CMAKE_HAVE_LIBC_PTHREAD
[7.240s] -- Performing Test CMAKE_HAVE_LIBC_PTHREAD - Success
[7.249s] -- Found Threads: TRUE  
[7.302s] -- Configuring done
[7.368s] -- Generating done
[7.379s] -- Build files have been written to: /home/wellyowo/locobot_sim/locobot_ws/build/ecl_time_lite
[7.574s] Invoked command in '/home/wellyowo/locobot_sim/locobot_ws/build/ecl_time_lite' returned '0': AMENT_PREFIX_PATH=/home/wellyowo/locobot_sim/locobot_ws/install/ecl_errors:/home/wellyowo/locobot_sim/locobot_ws/install/ecl_config:${AMENT_PREFIX_PATH} CMAKE_PREFIX_PATH=/home/wellyowo/locobot_sim/locobot_ws/install/ecl_errors:/home/wellyowo/locobot_sim/locobot_ws/install/ecl_config:/opt/ros/humble LD_LIBRARY_PATH=/home/wellyowo/locobot_sim/locobot_ws/install/ecl_errors/lib:/opt/ros/humble/opt/rviz_ogre_vendor/lib:/opt/ros/humble/lib/x86_64-linux-gnu:/opt/ros/humble/lib:/usr/local/nvidia/lib:/usr/local/nvidia/lib64:/usr/lib/x86_64-linux-gnu/gazebo-11/plugins PATH=/home/wellyowo/locobot_sim/locobot_ws/install/ecl_config/bin:${PATH} /usr/bin/cmake /home/wellyowo/locobot_sim/locobot_ws/src/ThirdParty/ecl/ecl_lite/ecl_time_lite -DBUILD_TESTING=OFF -DCMAKE_PREFIX_PATH= -DAMENT_CMAKE_SYMLINK_INSTALL=1 -DCMAKE_INSTALL_PREFIX=/home/wellyowo/locobot_sim/locobot_ws/install/ecl_time_lite
[7.575s] Invoking command in '/home/wellyowo/locobot_sim/locobot_ws/build/ecl_time_lite': AMENT_PREFIX_PATH=/home/wellyowo/locobot_sim/locobot_ws/install/ecl_errors:/home/wellyowo/locobot_sim/locobot_ws/install/ecl_config:${AMENT_PREFIX_PATH} CMAKE_PREFIX_PATH=/home/wellyowo/locobot_sim/locobot_ws/install/ecl_errors:/home/wellyowo/locobot_sim/locobot_ws/install/ecl_config:/opt/ros/humble LD_LIBRARY_PATH=/home/wellyowo/locobot_sim/locobot_ws/install/ecl_errors/lib:/opt/ros/humble/opt/rviz_ogre_vendor/lib:/opt/ros/humble/lib/x86_64-linux-gnu:/opt/ros/humble/lib:/usr/local/nvidia/lib:/usr/local/nvidia/lib64:/usr/lib/x86_64-linux-gnu/gazebo-11/plugins PATH=/home/wellyowo/locobot_sim/locobot_ws/install/ecl_config/bin:${PATH} /usr/bin/cmake --build /home/wellyowo/locobot_sim/locobot_ws/build/ecl_time_lite -- -j16 -l16
[7.859s] [ 11%] [32mBuilding CXX object src/lib/CMakeFiles/ecl_time_lite.dir/cpu_time.cpp.o[0m
[8.077s] [ 22%] [32mBuilding CXX object src/lib/CMakeFiles/ecl_time_lite.dir/functions_win.cpp.o[0m
[8.239s] [ 33%] [32mBuilding CXX object src/lib/CMakeFiles/ecl_time_lite.dir/functions_rt.cpp.o[0m
[8.419s] [ 44%] [32mBuilding CXX object src/lib/CMakeFiles/ecl_time_lite.dir/functions_pos.cpp.o[0m
[8.534s] [ 55%] [32mBuilding CXX object src/lib/CMakeFiles/ecl_time_lite.dir/functions_mac.cpp.o[0m
[8.601s] [ 66%] [32mBuilding CXX object src/lib/CMakeFiles/ecl_time_lite.dir/date.cpp.o[0m
[8.911s] [ 77%] [32m[1mLinking CXX shared library libecl_time_lite.so[0m
[9.535s] [ 77%] Built target ecl_time_lite
[9.652s] [ 88%] [32mBuilding CXX object src/examples/CMakeFiles/demo_time_functions.dir/time_functions.cpp.o[0m
[10.655s] [100%] [32m[1mLinking CXX executable demo_time_functions[0m
[11.302s] [100%] Built target demo_time_functions
[11.611s] Invoked command in '/home/wellyowo/locobot_sim/locobot_ws/build/ecl_time_lite' returned '0': AMENT_PREFIX_PATH=/home/wellyowo/locobot_sim/locobot_ws/install/ecl_errors:/home/wellyowo/locobot_sim/locobot_ws/install/ecl_config:${AMENT_PREFIX_PATH} CMAKE_PREFIX_PATH=/home/wellyowo/locobot_sim/locobot_ws/install/ecl_errors:/home/wellyowo/locobot_sim/locobot_ws/install/ecl_config:/opt/ros/humble LD_LIBRARY_PATH=/home/wellyowo/locobot_sim/locobot_ws/install/ecl_errors/lib:/opt/ros/humble/opt/rviz_ogre_vendor/lib:/opt/ros/humble/lib/x86_64-linux-gnu:/opt/ros/humble/lib:/usr/local/nvidia/lib:/usr/local/nvidia/lib64:/usr/lib/x86_64-linux-gnu/gazebo-11/plugins PATH=/home/wellyowo/locobot_sim/locobot_ws/install/ecl_config/bin:${PATH} /usr/bin/cmake --build /home/wellyowo/locobot_sim/locobot_ws/build/ecl_time_lite -- -j16 -l16
[11.612s] Invoking command in '/home/wellyowo/locobot_sim/locobot_ws/build/ecl_time_lite': AMENT_PREFIX_PATH=/home/wellyowo/locobot_sim/locobot_ws/install/ecl_errors:/home/wellyowo/locobot_sim/locobot_ws/install/ecl_config:${AMENT_PREFIX_PATH} CMAKE_PREFIX_PATH=/home/wellyowo/locobot_sim/locobot_ws/install/ecl_errors:/home/wellyowo/locobot_sim/locobot_ws/install/ecl_config:/opt/ros/humble LD_LIBRARY_PATH=/home/wellyowo/locobot_sim/locobot_ws/install/ecl_errors/lib:/opt/ros/humble/opt/rviz_ogre_vendor/lib:/opt/ros/humble/lib/x86_64-linux-gnu:/opt/ros/humble/lib:/usr/local/nvidia/lib:/usr/local/nvidia/lib64:/usr/lib/x86_64-linux-gnu/gazebo-11/plugins PATH=/home/wellyowo/locobot_sim/locobot_ws/install/ecl_config/bin:${PATH} /usr/bin/cmake --install /home/wellyowo/locobot_sim/locobot_ws/build/ecl_time_lite
[13.486s] -- Install configuration: ""
[13.486s] -- Execute custom install script
[13.486s] -- Symlinking: /home/wellyowo/locobot_sim/locobot_ws/install/ecl_time_lite/include/ecl/time_lite/cpu_time.hpp
[13.486s] -- Symlinking: /home/wellyowo/locobot_sim/locobot_ws/install/ecl_time_lite/include/ecl/time_lite/date.hpp
[13.487s] -- Symlinking: /home/wellyowo/locobot_sim/locobot_ws/install/ecl_time_lite/include/ecl/time_lite/errors.hpp
[13.487s] -- Symlinking: /home/wellyowo/locobot_sim/locobot_ws/install/ecl_time_lite/include/ecl/time_lite/functions.hpp
[13.487s] -- Symlinking: /home/wellyowo/locobot_sim/locobot_ws/install/ecl_time_lite/include/ecl/time_lite/functions_mac.hpp
[13.487s] -- Symlinking: /home/wellyowo/locobot_sim/locobot_ws/install/ecl_time_lite/include/ecl/time_lite/functions_pos.hpp
[13.487s] -- Symlinking: /home/wellyowo/locobot_sim/locobot_ws/install/ecl_time_lite/include/ecl/time_lite/functions_rt.hpp
[13.487s] -- Symlinking: /home/wellyowo/locobot_sim/locobot_ws/install/ecl_time_lite/include/ecl/time_lite/functions_win.hpp
[13.488s] -- Symlinking: /home/wellyowo/locobot_sim/locobot_ws/install/ecl_time_lite/include/ecl/time_lite/macros.hpp
[13.488s] -- Symlinking: /home/wellyowo/locobot_sim/locobot_ws/install/ecl_time_lite/include/ecl/time_lite/types.hpp
[13.488s] -- Symlinking: /home/wellyowo/locobot_sim/locobot_ws/install/ecl_time_lite/include/ecl/time_lite/types_pos.hpp
[13.488s] -- Symlinking: /home/wellyowo/locobot_sim/locobot_ws/install/ecl_time_lite/include/ecl/time_lite/types_win.hpp
[13.503s] -- Symlinking: /home/wellyowo/locobot_sim/locobot_ws/install/ecl_time_lite/include/ecl/time_lite/config.hpp
[13.503s] -- Symlinking: /home/wellyowo/locobot_sim/locobot_ws/install/ecl_time_lite/include/ecl/time_lite.hpp
[13.503s] -- Symlinking: /home/wellyowo/locobot_sim/locobot_ws/install/ecl_time_lite/lib/ecl_time_lite/demo_time_functions
[13.503s] -- Symlinking: /home/wellyowo/locobot_sim/locobot_ws/install/ecl_time_lite/share/ecl_time_lite/environment/library_path.sh
[13.503s] -- Symlinking: /home/wellyowo/locobot_sim/locobot_ws/install/ecl_time_lite/share/ecl_time_lite/environment/library_path.dsv
[13.503s] -- Symlinking: /home/wellyowo/locobot_sim/locobot_ws/install/ecl_time_lite/share/ament_index/resource_index/package_run_dependencies/ecl_time_lite
[13.504s] -- Symlinking: /home/wellyowo/locobot_sim/locobot_ws/install/ecl_time_lite/share/ament_index/resource_index/parent_prefix_path/ecl_time_lite
[13.504s] -- Symlinking: /home/wellyowo/locobot_sim/locobot_ws/install/ecl_time_lite/share/ecl_time_lite/environment/ament_prefix_path.sh
[13.504s] -- Symlinking: /home/wellyowo/locobot_sim/locobot_ws/install/ecl_time_lite/share/ecl_time_lite/environment/ament_prefix_path.dsv
[13.504s] -- Symlinking: /home/wellyowo/locobot_sim/locobot_ws/install/ecl_time_lite/share/ecl_time_lite/environment/path.sh
[13.504s] -- Symlinking: /home/wellyowo/locobot_sim/locobot_ws/install/ecl_time_lite/share/ecl_time_lite/environment/path.dsv
[13.504s] -- Symlinking: /home/wellyowo/locobot_sim/locobot_ws/install/ecl_time_lite/share/ecl_time_lite/local_setup.bash
[13.504s] -- Symlinking: /home/wellyowo/locobot_sim/locobot_ws/install/ecl_time_lite/share/ecl_time_lite/local_setup.sh
[13.504s] -- Symlinking: /home/wellyowo/locobot_sim/locobot_ws/install/ecl_time_lite/share/ecl_time_lite/local_setup.zsh
[13.505s] -- Symlinking: /home/wellyowo/locobot_sim/locobot_ws/install/ecl_time_lite/share/ecl_time_lite/local_setup.dsv
[13.505s] -- Symlinking: /home/wellyowo/locobot_sim/locobot_ws/install/ecl_time_lite/share/ecl_time_lite/package.dsv
[13.505s] -- Symlinking: /home/wellyowo/locobot_sim/locobot_ws/install/ecl_time_lite/share/ament_index/resource_index/packages/ecl_time_lite
[13.505s] -- Symlinking: /home/wellyowo/locobot_sim/locobot_ws/install/ecl_time_lite/share/ecl_time_lite/cmake/ament_cmake_export_targets-extras.cmake
[13.505s] -- Symlinking: /home/wellyowo/locobot_sim/locobot_ws/install/ecl_time_lite/share/ecl_time_lite/cmake/ament_cmake_export_include_directories-extras.cmake
[13.505s] -- Symlinking: /home/wellyowo/locobot_sim/locobot_ws/install/ecl_time_lite/share/ecl_time_lite/cmake/ament_cmake_export_libraries-extras.cmake
[13.505s] -- Symlinking: /home/wellyowo/locobot_sim/locobot_ws/install/ecl_time_lite/share/ecl_time_lite/cmake/ament_cmake_export_dependencies-extras.cmake
[13.505s] -- Symlinking: /home/wellyowo/locobot_sim/locobot_ws/install/ecl_time_lite/share/ecl_time_lite/cmake/ecl_time_liteConfig.cmake
[13.505s] -- Symlinking: /home/wellyowo/locobot_sim/locobot_ws/install/ecl_time_lite/share/ecl_time_lite/cmake/ecl_time_liteConfig-version.cmake
[13.505s] -- Symlinking: /home/wellyowo/locobot_sim/locobot_ws/install/ecl_time_lite/share/ecl_time_lite/package.xml
[13.505s] -- Installing: /home/wellyowo/locobot_sim/locobot_ws/install/ecl_time_lite/share/ecl_time_lite/cmake/ecl_time_liteExport.cmake
[13.506s] -- Installing: /home/wellyowo/locobot_sim/locobot_ws/install/ecl_time_lite/share/ecl_time_lite/cmake/ecl_time_liteExport-noconfig.cmake
[13.506s] -- Installing: /home/wellyowo/locobot_sim/locobot_ws/install/ecl_time_lite/lib/libecl_time_lite.so.1.2.0
[13.506s] -- Set runtime path of "/home/wellyowo/locobot_sim/locobot_ws/install/ecl_time_lite/lib/libecl_time_lite.so.1.2.0" to ""
[13.506s] -- Installing: /home/wellyowo/locobot_sim/locobot_ws/install/ecl_time_lite/lib/libecl_time_lite.so
[13.586s] Invoked command in '/home/wellyowo/locobot_sim/locobot_ws/build/ecl_time_lite' returned '0': AMENT_PREFIX_PATH=/home/wellyowo/locobot_sim/locobot_ws/install/ecl_errors:/home/wellyowo/locobot_sim/locobot_ws/install/ecl_config:${AMENT_PREFIX_PATH} CMAKE_PREFIX_PATH=/home/wellyowo/locobot_sim/locobot_ws/install/ecl_errors:/home/wellyowo/locobot_sim/locobot_ws/install/ecl_config:/opt/ros/humble LD_LIBRARY_PATH=/home/wellyowo/locobot_sim/locobot_ws/install/ecl_errors/lib:/opt/ros/humble/opt/rviz_ogre_vendor/lib:/opt/ros/humble/lib/x86_64-linux-gnu:/opt/ros/humble/lib:/usr/local/nvidia/lib:/usr/local/nvidia/lib64:/usr/lib/x86_64-linux-gnu/gazebo-11/plugins PATH=/home/wellyowo/locobot_sim/locobot_ws/install/ecl_config/bin:${PATH} /usr/bin/cmake --install /home/wellyowo/locobot_sim/locobot_ws/build/ecl_time_lite
