[35m[1mConsolidate compiler generated dependencies of target kobuki_bumper2pc[0m
[35m[1mConsolidate compiler generated dependencies of target kobuki_bumper2pc_node[0m
[ 50%] Built target kobuki_bumper2pc
[100%] Built target kobuki_bumper2pc_node
-- Install configuration: ""
-- Installing: /home/wellyowo/locobot_sim/locobot_ws/src/install/kobuki_bumper2pc/lib/kobuki_bumper2pc/kobuki_bumper2pc_node
-- Set runtime path of "/home/wellyowo/locobot_sim/locobot_ws/src/install/kobuki_bumper2pc/lib/kobuki_bumper2pc/kobuki_bumper2pc_node" to ""
-- Installing: /home/wellyowo/locobot_sim/locobot_ws/src/install/kobuki_bumper2pc/lib/libkobuki_bumper2pc.so
-- Set runtime path of "/home/wellyowo/locobot_sim/locobot_ws/src/install/kobuki_bumper2pc/lib/libkobuki_bumper2pc.so" to ""
-- Installing: /home/wellyowo/locobot_sim/locobot_ws/src/install/kobuki_bumper2pc/include/kobuki_bumper2pc
-- Installing: /home/wellyowo/locobot_sim/locobot_ws/src/install/kobuki_bumper2pc/include/kobuki_bumper2pc/kobuki_bumper2pc.hpp
-- Installing: /home/wellyowo/locobot_sim/locobot_ws/src/install/kobuki_bumper2pc/share/kobuki_bumper2pc/launch
-- Installing: /home/wellyowo/locobot_sim/locobot_ws/src/install/kobuki_bumper2pc/share/kobuki_bumper2pc/launch/kobuki_bumper2pc-launch.py
-- Installing: /home/wellyowo/locobot_sim/locobot_ws/src/install/kobuki_bumper2pc/share/ament_index/resource_index/package_run_dependencies/kobuki_bumper2pc
-- Installing: /home/wellyowo/locobot_sim/locobot_ws/src/install/kobuki_bumper2pc/share/ament_index/resource_index/parent_prefix_path/kobuki_bumper2pc
-- Installing: /home/wellyowo/locobot_sim/locobot_ws/src/install/kobuki_bumper2pc/share/kobuki_bumper2pc/environment/ament_prefix_path.sh
-- Installing: /home/wellyowo/locobot_sim/locobot_ws/src/install/kobuki_bumper2pc/share/kobuki_bumper2pc/environment/ament_prefix_path.dsv
-- Installing: /home/wellyowo/locobot_sim/locobot_ws/src/install/kobuki_bumper2pc/share/kobuki_bumper2pc/environment/path.sh
-- Installing: /home/wellyowo/locobot_sim/locobot_ws/src/install/kobuki_bumper2pc/share/kobuki_bumper2pc/environment/path.dsv
-- Installing: /home/wellyowo/locobot_sim/locobot_ws/src/install/kobuki_bumper2pc/share/kobuki_bumper2pc/local_setup.bash
-- Installing: /home/wellyowo/locobot_sim/locobot_ws/src/install/kobuki_bumper2pc/share/kobuki_bumper2pc/local_setup.sh
-- Installing: /home/wellyowo/locobot_sim/locobot_ws/src/install/kobuki_bumper2pc/share/kobuki_bumper2pc/local_setup.zsh
-- Installing: /home/wellyowo/locobot_sim/locobot_ws/src/install/kobuki_bumper2pc/share/kobuki_bumper2pc/local_setup.dsv
-- Installing: /home/wellyowo/locobot_sim/locobot_ws/src/install/kobuki_bumper2pc/share/kobuki_bumper2pc/package.dsv
-- Installing: /home/wellyowo/locobot_sim/locobot_ws/src/install/kobuki_bumper2pc/share/ament_index/resource_index/packages/kobuki_bumper2pc
-- Installing: /home/wellyowo/locobot_sim/locobot_ws/src/install/kobuki_bumper2pc/share/ament_index/resource_index/rclcpp_components/kobuki_bumper2pc
-- Installing: /home/wellyowo/locobot_sim/locobot_ws/src/install/kobuki_bumper2pc/share/kobuki_bumper2pc/cmake/kobuki_bumper2pcConfig.cmake
-- Installing: /home/wellyowo/locobot_sim/locobot_ws/src/install/kobuki_bumper2pc/share/kobuki_bumper2pc/cmake/kobuki_bumper2pcConfig-version.cmake
-- Installing: /home/wellyowo/locobot_sim/locobot_ws/src/install/kobuki_bumper2pc/share/kobuki_bumper2pc/package.xml
