[0.043s] Invoking command in '/home/wellyowo/locobot_sim/locobot_ws/build/ecl_converters_lite': AMENT_PREFIX_PATH=/home/wellyowo/locobot_sim/locobot_ws/install/ecl_config:${AMENT_PREFIX_PATH} CMAKE_PREFIX_PATH=/home/wellyowo/locobot_sim/locobot_ws/install/ecl_config:/opt/ros/humble PATH=/home/wellyowo/locobot_sim/locobot_ws/install/ecl_config/bin:${PATH} /usr/bin/cmake /home/wellyowo/locobot_sim/locobot_ws/src/ThirdParty/ecl/ecl_lite/ecl_converters_lite -DBUILD_TESTING=OFF -DCMAKE_PREFIX_PATH= -DAMENT_CMAKE_SYMLINK_INSTALL=1 -DCMAKE_INSTALL_PREFIX=/home/wellyowo/locobot_sim/locobot_ws/install/ecl_converters_lite
[7.470s] -- The C compiler identification is GNU 11.4.0
[7.470s] -- The CXX compiler identification is GNU 11.4.0
[7.470s] -- Detecting C compiler ABI info
[7.470s] -- Detecting C compiler ABI info - done
[7.470s] -- Check for working C compiler: /usr/bin/cc - skipped
[7.470s] -- Detecting C compile features
[7.470s] -- Detecting C compile features - done
[7.470s] -- Detecting CXX compiler ABI info
[7.471s] -- Detecting CXX compiler ABI info - done
[7.471s] -- Check for working CXX compiler: /usr/bin/c++ - skipped
[7.471s] -- Detecting CXX compile features
[7.471s] -- Detecting CXX compile features - done
[7.471s] -- Found ament_cmake_ros: 0.10.0 (/opt/ros/humble/share/ament_cmake_ros/cmake)
[7.471s] -- Found Python3: /usr/bin/python3 (found version "3.10.12") found components: Interpreter 
[7.471s] -- Override CMake install command with custom implementation using symlinks instead of copying resources
[7.471s] -- Found ecl_build: 1.0.3 (/opt/ros/humble/share/ecl_build/cmake)
[7.471s] -- Found ecl_config: 1.2.0 (/home/wellyowo/locobot_sim/locobot_ws/install/ecl_config/share/ecl_config/cmake)
[7.471s] -- Configuring done
[7.471s] -- Generating done
[7.471s] -- Build files have been written to: /home/wellyowo/locobot_sim/locobot_ws/build/ecl_converters_lite
[7.500s] Invoked command in '/home/wellyowo/locobot_sim/locobot_ws/build/ecl_converters_lite' returned '0': AMENT_PREFIX_PATH=/home/wellyowo/locobot_sim/locobot_ws/install/ecl_config:${AMENT_PREFIX_PATH} CMAKE_PREFIX_PATH=/home/wellyowo/locobot_sim/locobot_ws/install/ecl_config:/opt/ros/humble PATH=/home/wellyowo/locobot_sim/locobot_ws/install/ecl_config/bin:${PATH} /usr/bin/cmake /home/wellyowo/locobot_sim/locobot_ws/src/ThirdParty/ecl/ecl_lite/ecl_converters_lite -DBUILD_TESTING=OFF -DCMAKE_PREFIX_PATH= -DAMENT_CMAKE_SYMLINK_INSTALL=1 -DCMAKE_INSTALL_PREFIX=/home/wellyowo/locobot_sim/locobot_ws/install/ecl_converters_lite
[7.500s] Invoking command in '/home/wellyowo/locobot_sim/locobot_ws/build/ecl_converters_lite': AMENT_PREFIX_PATH=/home/wellyowo/locobot_sim/locobot_ws/install/ecl_config:${AMENT_PREFIX_PATH} CMAKE_PREFIX_PATH=/home/wellyowo/locobot_sim/locobot_ws/install/ecl_config:/opt/ros/humble PATH=/home/wellyowo/locobot_sim/locobot_ws/install/ecl_config/bin:${PATH} /usr/bin/cmake --build /home/wellyowo/locobot_sim/locobot_ws/build/ecl_converters_lite -- -j16 -l16
[9.639s] Invoked command in '/home/wellyowo/locobot_sim/locobot_ws/build/ecl_converters_lite' returned '0': AMENT_PREFIX_PATH=/home/wellyowo/locobot_sim/locobot_ws/install/ecl_config:${AMENT_PREFIX_PATH} CMAKE_PREFIX_PATH=/home/wellyowo/locobot_sim/locobot_ws/install/ecl_config:/opt/ros/humble PATH=/home/wellyowo/locobot_sim/locobot_ws/install/ecl_config/bin:${PATH} /usr/bin/cmake --build /home/wellyowo/locobot_sim/locobot_ws/build/ecl_converters_lite -- -j16 -l16
[9.639s] Invoking command in '/home/wellyowo/locobot_sim/locobot_ws/build/ecl_converters_lite': AMENT_PREFIX_PATH=/home/wellyowo/locobot_sim/locobot_ws/install/ecl_config:${AMENT_PREFIX_PATH} CMAKE_PREFIX_PATH=/home/wellyowo/locobot_sim/locobot_ws/install/ecl_config:/opt/ros/humble PATH=/home/wellyowo/locobot_sim/locobot_ws/install/ecl_config/bin:${PATH} /usr/bin/cmake --install /home/wellyowo/locobot_sim/locobot_ws/build/ecl_converters_lite
[15.121s] -- Install configuration: ""
[15.121s] -- Execute custom install script
[15.121s] -- Symlinking: /home/wellyowo/locobot_sim/locobot_ws/install/ecl_converters_lite/include/ecl/converters_lite/byte_array.hpp
[15.121s] -- Symlinking: /home/wellyowo/locobot_sim/locobot_ws/install/ecl_converters_lite/include/ecl/converters_lite.hpp
[15.121s] -- Symlinking: /home/wellyowo/locobot_sim/locobot_ws/install/ecl_converters_lite/share/ament_index/resource_index/package_run_dependencies/ecl_converters_lite
[15.121s] -- Symlinking: /home/wellyowo/locobot_sim/locobot_ws/install/ecl_converters_lite/share/ament_index/resource_index/parent_prefix_path/ecl_converters_lite
[15.121s] -- Symlinking: /home/wellyowo/locobot_sim/locobot_ws/install/ecl_converters_lite/share/ecl_converters_lite/environment/ament_prefix_path.sh
[15.121s] -- Symlinking: /home/wellyowo/locobot_sim/locobot_ws/install/ecl_converters_lite/share/ecl_converters_lite/environment/ament_prefix_path.dsv
[15.121s] -- Symlinking: /home/wellyowo/locobot_sim/locobot_ws/install/ecl_converters_lite/share/ecl_converters_lite/environment/path.sh
[15.121s] -- Symlinking: /home/wellyowo/locobot_sim/locobot_ws/install/ecl_converters_lite/share/ecl_converters_lite/environment/path.dsv
[15.122s] -- Symlinking: /home/wellyowo/locobot_sim/locobot_ws/install/ecl_converters_lite/share/ecl_converters_lite/local_setup.bash
[15.122s] -- Symlinking: /home/wellyowo/locobot_sim/locobot_ws/install/ecl_converters_lite/share/ecl_converters_lite/local_setup.sh
[15.122s] -- Symlinking: /home/wellyowo/locobot_sim/locobot_ws/install/ecl_converters_lite/share/ecl_converters_lite/local_setup.zsh
[15.122s] -- Symlinking: /home/wellyowo/locobot_sim/locobot_ws/install/ecl_converters_lite/share/ecl_converters_lite/local_setup.dsv
[15.122s] -- Symlinking: /home/wellyowo/locobot_sim/locobot_ws/install/ecl_converters_lite/share/ecl_converters_lite/package.dsv
[15.122s] -- Symlinking: /home/wellyowo/locobot_sim/locobot_ws/install/ecl_converters_lite/share/ament_index/resource_index/packages/ecl_converters_lite
[15.122s] -- Symlinking: /home/wellyowo/locobot_sim/locobot_ws/install/ecl_converters_lite/share/ecl_converters_lite/cmake/ament_cmake_export_targets-extras.cmake
[15.122s] -- Symlinking: /home/wellyowo/locobot_sim/locobot_ws/install/ecl_converters_lite/share/ecl_converters_lite/cmake/ament_cmake_export_include_directories-extras.cmake
[15.122s] -- Symlinking: /home/wellyowo/locobot_sim/locobot_ws/install/ecl_converters_lite/share/ecl_converters_lite/cmake/ament_cmake_export_dependencies-extras.cmake
[15.122s] -- Symlinking: /home/wellyowo/locobot_sim/locobot_ws/install/ecl_converters_lite/share/ecl_converters_lite/cmake/ecl_converters_liteConfig.cmake
[15.122s] -- Symlinking: /home/wellyowo/locobot_sim/locobot_ws/install/ecl_converters_lite/share/ecl_converters_lite/cmake/ecl_converters_liteConfig-version.cmake
[15.122s] -- Symlinking: /home/wellyowo/locobot_sim/locobot_ws/install/ecl_converters_lite/share/ecl_converters_lite/package.xml
[15.122s] -- Installing: /home/wellyowo/locobot_sim/locobot_ws/install/ecl_converters_lite/share/ecl_converters_lite/cmake/ecl_converters_liteExport.cmake
[15.181s] Invoked command in '/home/wellyowo/locobot_sim/locobot_ws/build/ecl_converters_lite' returned '0': AMENT_PREFIX_PATH=/home/wellyowo/locobot_sim/locobot_ws/install/ecl_config:${AMENT_PREFIX_PATH} CMAKE_PREFIX_PATH=/home/wellyowo/locobot_sim/locobot_ws/install/ecl_config:/opt/ros/humble PATH=/home/wellyowo/locobot_sim/locobot_ws/install/ecl_config/bin:${PATH} /usr/bin/cmake --install /home/wellyowo/locobot_sim/locobot_ws/build/ecl_converters_lite
