[0.267s] Invoking command in '/home/wellyowo/locobot_sim/locobot_ws/src/build/interbotix_tf_tools': CMAKE_PREFIX_PATH=/opt/ros/humble /usr/bin/cmake --build /home/wellyowo/locobot_sim/locobot_ws/src/build/interbotix_tf_tools -- -j16 -l16
[0.323s] [35m[1mConsolidate compiler generated dependencies of target tf_rebroadcaster[0m
[0.358s] [100%] Built target tf_rebroadcaster
[0.656s] Invoked command in '/home/wellyowo/locobot_sim/locobot_ws/src/build/interbotix_tf_tools' returned '0': CMAKE_PREFIX_PATH=/opt/ros/humble /usr/bin/cmake --build /home/wellyowo/locobot_sim/locobot_ws/src/build/interbotix_tf_tools -- -j16 -l16
[0.658s] Invoking command in '/home/wellyowo/locobot_sim/locobot_ws/src/build/interbotix_tf_tools': CMAKE_PREFIX_PATH=/opt/ros/humble /usr/bin/cmake --install /home/wellyowo/locobot_sim/locobot_ws/src/build/interbotix_tf_tools
[0.726s] -- Install configuration: ""
[0.726s] -- Up-to-date: /home/wellyowo/locobot_sim/locobot_ws/src/install/interbotix_tf_tools/lib/libtf_rebroadcaster.so
[0.726s] -- Up-to-date: /home/wellyowo/locobot_sim/locobot_ws/src/install/interbotix_tf_tools/lib/interbotix_tf_tools/static_trans_pub.py
[0.726s] -- Up-to-date: /home/wellyowo/locobot_sim/locobot_ws/src/install/interbotix_tf_tools/share/interbotix_tf_tools//config
[0.727s] -- Up-to-date: /home/wellyowo/locobot_sim/locobot_ws/src/install/interbotix_tf_tools/share/interbotix_tf_tools//config/tf_rebroadcaster.yaml
[0.727s] -- Up-to-date: /home/wellyowo/locobot_sim/locobot_ws/src/install/interbotix_tf_tools/share/interbotix_tf_tools//launch
[0.727s] -- Up-to-date: /home/wellyowo/locobot_sim/locobot_ws/src/install/interbotix_tf_tools/share/interbotix_tf_tools//launch/static_transform_pub.launch.py
[0.727s] -- Up-to-date: /home/wellyowo/locobot_sim/locobot_ws/src/install/interbotix_tf_tools/share/interbotix_tf_tools//launch/tf_rebroadcaster.launch.py
[0.727s] -- Up-to-date: /home/wellyowo/locobot_sim/locobot_ws/src/install/interbotix_tf_tools/share/ament_index/resource_index/package_run_dependencies/interbotix_tf_tools
[0.727s] -- Up-to-date: /home/wellyowo/locobot_sim/locobot_ws/src/install/interbotix_tf_tools/share/ament_index/resource_index/parent_prefix_path/interbotix_tf_tools
[0.727s] -- Up-to-date: /home/wellyowo/locobot_sim/locobot_ws/src/install/interbotix_tf_tools/share/interbotix_tf_tools/environment/ament_prefix_path.sh
[0.727s] -- Up-to-date: /home/wellyowo/locobot_sim/locobot_ws/src/install/interbotix_tf_tools/share/interbotix_tf_tools/environment/ament_prefix_path.dsv
[0.727s] -- Up-to-date: /home/wellyowo/locobot_sim/locobot_ws/src/install/interbotix_tf_tools/share/interbotix_tf_tools/environment/path.sh
[0.727s] -- Up-to-date: /home/wellyowo/locobot_sim/locobot_ws/src/install/interbotix_tf_tools/share/interbotix_tf_tools/environment/path.dsv
[0.727s] -- Up-to-date: /home/wellyowo/locobot_sim/locobot_ws/src/install/interbotix_tf_tools/share/interbotix_tf_tools/local_setup.bash
[0.727s] -- Up-to-date: /home/wellyowo/locobot_sim/locobot_ws/src/install/interbotix_tf_tools/share/interbotix_tf_tools/local_setup.sh
[0.727s] -- Up-to-date: /home/wellyowo/locobot_sim/locobot_ws/src/install/interbotix_tf_tools/share/interbotix_tf_tools/local_setup.zsh
[0.727s] -- Up-to-date: /home/wellyowo/locobot_sim/locobot_ws/src/install/interbotix_tf_tools/share/interbotix_tf_tools/local_setup.dsv
[0.727s] -- Installing: /home/wellyowo/locobot_sim/locobot_ws/src/install/interbotix_tf_tools/share/interbotix_tf_tools/package.dsv
[0.728s] -- Up-to-date: /home/wellyowo/locobot_sim/locobot_ws/src/install/interbotix_tf_tools/share/ament_index/resource_index/packages/interbotix_tf_tools
[0.728s] -- Up-to-date: /home/wellyowo/locobot_sim/locobot_ws/src/install/interbotix_tf_tools/share/ament_index/resource_index/rclcpp_components/interbotix_tf_tools
[0.732s] -- Up-to-date: /home/wellyowo/locobot_sim/locobot_ws/src/install/interbotix_tf_tools/share/interbotix_tf_tools/cmake/interbotix_tf_toolsConfig.cmake
[0.732s] -- Up-to-date: /home/wellyowo/locobot_sim/locobot_ws/src/install/interbotix_tf_tools/share/interbotix_tf_tools/cmake/interbotix_tf_toolsConfig-version.cmake
[0.732s] -- Up-to-date: /home/wellyowo/locobot_sim/locobot_ws/src/install/interbotix_tf_tools/share/interbotix_tf_tools/package.xml
[0.894s] Invoked command in '/home/wellyowo/locobot_sim/locobot_ws/src/build/interbotix_tf_tools' returned '0': CMAKE_PREFIX_PATH=/opt/ros/humble /usr/bin/cmake --install /home/wellyowo/locobot_sim/locobot_ws/src/build/interbotix_tf_tools
