[0.338s] Invoking command in '/home/wellyowo/locobot_sim/locobot_ws/src/build/interbotix_gravity_compensation': AMENT_PREFIX_PATH=/home/wellyowo/locobot_sim/locobot_ws/src/install/interbotix_xs_msgs:${AMENT_PREFIX_PATH} CMAKE_PREFIX_PATH=/home/wellyowo/locobot_sim/locobot_ws/src/install/interbotix_xs_msgs:/opt/ros/humble LD_LIBRARY_PATH=/home/wellyowo/locobot_sim/locobot_ws/src/install/interbotix_xs_msgs/lib:${LD_LIBRARY_PATH} PYTHONPATH=/home/wellyowo/locobot_sim/locobot_ws/src/install/interbotix_xs_msgs/local/lib/python3.10/dist-packages:${PYTHONPATH} /usr/bin/cmake /home/wellyowo/locobot_sim/locobot_ws/src/interbotix_ros_toolboxes/interbotix_common_toolbox/interbotix_gravity_compensation -DCMAKE_INSTALL_PREFIX=/home/wellyowo/locobot_sim/locobot_ws/src/install/interbotix_gravity_compensation
[0.521s] -- The C compiler identification is GNU 11.4.0
[0.741s] -- The CXX compiler identification is GNU 11.4.0
[0.762s] -- Detecting C compiler ABI info
[0.995s] -- Detecting C compiler ABI info - done
[1.011s] -- Check for working C compiler: /usr/bin/cc - skipped
[1.011s] -- Detecting C compile features
[1.011s] -- Detecting C compile features - done
[1.017s] -- Detecting CXX compiler ABI info
[1.393s] -- Detecting CXX compiler ABI info - done
[1.418s] -- Check for working CXX compiler: /usr/bin/c++ - skipped
[1.419s] -- Detecting CXX compile features
[1.420s] -- Detecting CXX compile features - done
[1.435s] -- Found ament_cmake: 1.3.11 (/opt/ros/humble/share/ament_cmake/cmake)
[2.319s] -- Found Python3: /usr/bin/python3 (found version "3.10.12") found components: Interpreter 
[3.275s] -- Found interbotix_xs_msgs: 0.0.0 (/home/wellyowo/locobot_sim/locobot_ws/src/install/interbotix_xs_msgs/share/interbotix_xs_msgs/cmake)
[3.559s] -- Found rosidl_generator_c: 3.1.6 (/opt/ros/humble/share/rosidl_generator_c/cmake)
[3.575s] -- Found rosidl_adapter: 3.1.6 (/opt/ros/humble/share/rosidl_adapter/cmake)
[3.625s] -- Found rosidl_generator_cpp: 3.1.6 (/opt/ros/humble/share/rosidl_generator_cpp/cmake)
[3.715s] -- Using all available rosidl_typesupport_c: rosidl_typesupport_fastrtps_c;rosidl_typesupport_introspection_c
[3.845s] -- Using all available rosidl_typesupport_cpp: rosidl_typesupport_fastrtps_cpp;rosidl_typesupport_introspection_cpp
[4.498s] -- Found kdl_parser: 2.6.4 (/opt/ros/humble/share/kdl_parser/cmake)
[4.592s] -- Found eigen3_cmake_module: 0.1.1 (/opt/ros/humble/share/eigen3_cmake_module/cmake)
[4.592s] -- Found Eigen3: TRUE (found version "3.4.0") 
[4.592s] -- Ensuring Eigen3 include directory is part of orocos-kdl CMake target
[4.638s] -- Found rclcpp: 16.0.12 (/opt/ros/humble/share/rclcpp/cmake)
[5.027s] -- Found rmw_implementation_cmake: 6.1.2 (/opt/ros/humble/share/rmw_implementation_cmake/cmake)
[5.060s] -- Found rmw_fastrtps_cpp: 6.2.7 (/opt/ros/humble/share/rmw_fastrtps_cpp/cmake)
[5.504s] -- Found OpenSSL: /usr/lib/x86_64-linux-gnu/libcrypto.so (found version "3.0.2")  
[5.641s] -- Found FastRTPS: /opt/ros/humble/include  
[5.884s] -- Using RMW implementation 'rmw_fastrtps_cpp' as default
[5.960s] -- Looking for pthread.h
[6.319s] -- Looking for pthread.h - found
[6.319s] -- Performing Test CMAKE_HAVE_LIBC_PTHREAD
[6.602s] -- Performing Test CMAKE_HAVE_LIBC_PTHREAD - Success
[6.622s] -- Found Threads: TRUE  
[6.788s] -- Found sensor_msgs: 4.9.0 (/opt/ros/humble/share/sensor_msgs/cmake)
[6.854s] -- Found std_srvs: 4.9.0 (/opt/ros/humble/share/std_srvs/cmake)
[6.911s] -- Found yaml_cpp_vendor: 8.0.2 (/opt/ros/humble/share/yaml_cpp_vendor/cmake)
[6.924s] -- Found ament_lint_auto: 0.12.12 (/opt/ros/humble/share/ament_lint_auto/cmake)
[7.428s] -- Added test 'copyright' to check source files copyright and LICENSE
[7.440s] -- Added test 'cppcheck' to perform static code analysis on C / C++ code
[7.447s] -- Configured cppcheck include dirs: /home/wellyowo/locobot_sim/locobot_ws/src/interbotix_ros_toolboxes/interbotix_common_toolbox/interbotix_gravity_compensation/include
[7.447s] -- Configured cppcheck exclude dirs and/or files: 
[7.457s] -- Added test 'cpplint' to check C / C++ code against the Google style
[7.458s] -- Configured cpplint exclude dirs and/or files: 
[7.468s] -- Added test 'lint_cmake' to check CMake code style
[7.469s] -- Added test 'uncrustify' to check C / C++ code style
[7.469s] -- Configured uncrustify additional arguments: 
[7.471s] -- Added test 'xmllint' to check XML markup files
[7.474s] -- Configuring done
[7.510s] -- Generating done
[7.533s] -- Build files have been written to: /home/wellyowo/locobot_sim/locobot_ws/src/build/interbotix_gravity_compensation
