[0.135s] Invoking command in '/home/wellyowo/locobot_sim/locobot_ws/build/ecl_filesystem': AMENT_PREFIX_PATH=/home/wellyowo/locobot_sim/locobot_ws/install/ecl_errors:/home/wellyowo/locobot_sim/locobot_ws/install/ecl_config:${AMENT_PREFIX_PATH} CMAKE_PREFIX_PATH=/home/wellyowo/locobot_sim/locobot_ws/install/ecl_errors:/home/wellyowo/locobot_sim/locobot_ws/install/ecl_config:/opt/ros/humble LD_LIBRARY_PATH=/home/wellyowo/locobot_sim/locobot_ws/install/ecl_errors/lib:${LD_LIBRARY_PATH} PATH=/home/wellyowo/locobot_sim/locobot_ws/install/ecl_config/bin:${PATH} /usr/bin/cmake /home/wellyowo/locobot_sim/locobot_ws/src/ThirdParty/ecl/ecl_core/ecl_filesystem -DBUILD_TESTING=OFF -DCMAKE_PREFIX_PATH= -DAMENT_CMAKE_SYMLINK_INSTALL=1 -DCMAKE_INSTALL_PREFIX=/home/wellyowo/locobot_sim/locobot_ws/install/ecl_filesystem
[6.270s] -- The C compiler identification is GNU 11.4.0
[6.271s] -- The CXX compiler identification is GNU 11.4.0
[6.272s] -- Detecting C compiler ABI info
[6.273s] -- Detecting C compiler ABI info - done
[6.275s] -- Check for working C compiler: /usr/bin/cc - skipped
[6.275s] -- Detecting C compile features
[6.275s] -- Detecting C compile features - done
[6.275s] -- Detecting CXX compiler ABI info
[6.275s] -- Detecting CXX compiler ABI info - done
[6.275s] -- Check for working CXX compiler: /usr/bin/c++ - skipped
[6.275s] -- Detecting CXX compile features
[6.275s] -- Detecting CXX compile features - done
[6.275s] -- Found ament_cmake_ros: 0.10.0 (/opt/ros/humble/share/ament_cmake_ros/cmake)
[6.301s] -- Found Python3: /usr/bin/python3 (found version "3.10.12") found components: Interpreter 
[6.302s] -- Override CMake install command with custom implementation using symlinks instead of copying resources
[6.302s] -- Found ecl_build: 1.0.3 (/opt/ros/humble/share/ecl_build/cmake)
[6.302s] -- Found ecl_config: 1.2.0 (/home/wellyowo/locobot_sim/locobot_ws/install/ecl_config/share/ecl_config/cmake)
[6.302s] -- Found ecl_errors: 1.2.0 (/home/wellyowo/locobot_sim/locobot_ws/install/ecl_errors/share/ecl_errors/cmake)
[6.302s] -- Looking for _POSIX_VERSION
[6.302s] -- Looking for _POSIX_VERSION - found
[6.302s] -- Looking for realpath in rt
[6.302s] -- Looking for realpath in rt - found
[6.302s] -- Looking for clock_nanosleep in rt
[6.302s] -- Looking for clock_nanosleep in rt - found
[6.302s] -- Looking for clock_gettime in rt
[6.302s] -- Looking for clock_gettime in rt - found
[6.303s] -- Looking for pthread_mutex_timedlock in pthread
[6.303s] -- Looking for pthread_mutex_timedlock in pthread - found
[6.303s] -- Looking for nanosleep in pthread
[6.303s] -- Looking for nanosleep in pthread - found
[6.303s] -- Looking for shm_open in rt
[6.303s] -- Looking for shm_open in rt - found
[6.303s] -- Looking for sched_setscheduler in pthread
[6.303s] -- Looking for sched_setscheduler in pthread - found
[6.303s] -- Looking for sem_timedwait in pthread
[6.303s] -- Looking for sem_timedwait in pthread - found
[6.303s] -- Looking for sem_init in pthread
[6.303s] -- Looking for sem_init in pthread - found
[6.303s] -- Looking for CLOCK_MONOTONIC
[6.303s] -- Looking for CLOCK_MONOTONIC - found
[6.304s] -- Looking for CLOCK_PROCESS_CPUTIME_ID
[6.304s] -- Looking for CLOCK_PROCESS_CPUTIME_ID - found
[6.304s] -- Configuring done
[6.304s] -- Generating done
[6.304s] -- Build files have been written to: /home/wellyowo/locobot_sim/locobot_ws/build/ecl_filesystem
[6.332s] Invoked command in '/home/wellyowo/locobot_sim/locobot_ws/build/ecl_filesystem' returned '0': AMENT_PREFIX_PATH=/home/wellyowo/locobot_sim/locobot_ws/install/ecl_errors:/home/wellyowo/locobot_sim/locobot_ws/install/ecl_config:${AMENT_PREFIX_PATH} CMAKE_PREFIX_PATH=/home/wellyowo/locobot_sim/locobot_ws/install/ecl_errors:/home/wellyowo/locobot_sim/locobot_ws/install/ecl_config:/opt/ros/humble LD_LIBRARY_PATH=/home/wellyowo/locobot_sim/locobot_ws/install/ecl_errors/lib:${LD_LIBRARY_PATH} PATH=/home/wellyowo/locobot_sim/locobot_ws/install/ecl_config/bin:${PATH} /usr/bin/cmake /home/wellyowo/locobot_sim/locobot_ws/src/ThirdParty/ecl/ecl_core/ecl_filesystem -DBUILD_TESTING=OFF -DCMAKE_PREFIX_PATH= -DAMENT_CMAKE_SYMLINK_INSTALL=1 -DCMAKE_INSTALL_PREFIX=/home/wellyowo/locobot_sim/locobot_ws/install/ecl_filesystem
[6.336s] Invoking command in '/home/wellyowo/locobot_sim/locobot_ws/build/ecl_filesystem': AMENT_PREFIX_PATH=/home/wellyowo/locobot_sim/locobot_ws/install/ecl_errors:/home/wellyowo/locobot_sim/locobot_ws/install/ecl_config:${AMENT_PREFIX_PATH} CMAKE_PREFIX_PATH=/home/wellyowo/locobot_sim/locobot_ws/install/ecl_errors:/home/wellyowo/locobot_sim/locobot_ws/install/ecl_config:/opt/ros/humble LD_LIBRARY_PATH=/home/wellyowo/locobot_sim/locobot_ws/install/ecl_errors/lib:${LD_LIBRARY_PATH} PATH=/home/wellyowo/locobot_sim/locobot_ws/install/ecl_config/bin:${PATH} /usr/bin/cmake --build /home/wellyowo/locobot_sim/locobot_ws/build/ecl_filesystem -- -j16 -l16
[9.456s] [ 50%] [32mBuilding CXX object src/lib/CMakeFiles/ecl_filesystem.dir/realpath.cpp.o[0m
[9.457s] [100%] [32m[1mLinking CXX shared library libecl_filesystem.so[0m
[9.457s] [100%] Built target ecl_filesystem
[9.479s] Invoked command in '/home/wellyowo/locobot_sim/locobot_ws/build/ecl_filesystem' returned '0': AMENT_PREFIX_PATH=/home/wellyowo/locobot_sim/locobot_ws/install/ecl_errors:/home/wellyowo/locobot_sim/locobot_ws/install/ecl_config:${AMENT_PREFIX_PATH} CMAKE_PREFIX_PATH=/home/wellyowo/locobot_sim/locobot_ws/install/ecl_errors:/home/wellyowo/locobot_sim/locobot_ws/install/ecl_config:/opt/ros/humble LD_LIBRARY_PATH=/home/wellyowo/locobot_sim/locobot_ws/install/ecl_errors/lib:${LD_LIBRARY_PATH} PATH=/home/wellyowo/locobot_sim/locobot_ws/install/ecl_config/bin:${PATH} /usr/bin/cmake --build /home/wellyowo/locobot_sim/locobot_ws/build/ecl_filesystem -- -j16 -l16
[9.480s] Invoking command in '/home/wellyowo/locobot_sim/locobot_ws/build/ecl_filesystem': AMENT_PREFIX_PATH=/home/wellyowo/locobot_sim/locobot_ws/install/ecl_errors:/home/wellyowo/locobot_sim/locobot_ws/install/ecl_config:${AMENT_PREFIX_PATH} CMAKE_PREFIX_PATH=/home/wellyowo/locobot_sim/locobot_ws/install/ecl_errors:/home/wellyowo/locobot_sim/locobot_ws/install/ecl_config:/opt/ros/humble LD_LIBRARY_PATH=/home/wellyowo/locobot_sim/locobot_ws/install/ecl_errors/lib:${LD_LIBRARY_PATH} PATH=/home/wellyowo/locobot_sim/locobot_ws/install/ecl_config/bin:${PATH} /usr/bin/cmake --install /home/wellyowo/locobot_sim/locobot_ws/build/ecl_filesystem
[10.247s] -- Install configuration: ""
[10.247s] -- Execute custom install script
[10.247s] -- Symlinking: /home/wellyowo/locobot_sim/locobot_ws/install/ecl_filesystem/include/ecl/filesystem/errors.hpp
[10.247s] -- Symlinking: /home/wellyowo/locobot_sim/locobot_ws/install/ecl_filesystem/include/ecl/filesystem/macros.hpp
[10.250s] -- Symlinking: /home/wellyowo/locobot_sim/locobot_ws/install/ecl_filesystem/include/ecl/filesystem/realpath.hpp
[10.250s] -- Symlinking: /home/wellyowo/locobot_sim/locobot_ws/install/ecl_filesystem/include/ecl/filesystem/config.hpp
[10.251s] -- Symlinking: /home/wellyowo/locobot_sim/locobot_ws/install/ecl_filesystem/include/ecl/filesystem.hpp
[10.251s] -- Symlinking: /home/wellyowo/locobot_sim/locobot_ws/install/ecl_filesystem/share/ecl_filesystem/environment/library_path.sh
[10.251s] -- Symlinking: /home/wellyowo/locobot_sim/locobot_ws/install/ecl_filesystem/share/ecl_filesystem/environment/library_path.dsv
[10.252s] -- Symlinking: /home/wellyowo/locobot_sim/locobot_ws/install/ecl_filesystem/share/ament_index/resource_index/package_run_dependencies/ecl_filesystem
[10.252s] -- Symlinking: /home/wellyowo/locobot_sim/locobot_ws/install/ecl_filesystem/share/ament_index/resource_index/parent_prefix_path/ecl_filesystem
[10.252s] -- Symlinking: /home/wellyowo/locobot_sim/locobot_ws/install/ecl_filesystem/share/ecl_filesystem/environment/ament_prefix_path.sh
[10.253s] -- Symlinking: /home/wellyowo/locobot_sim/locobot_ws/install/ecl_filesystem/share/ecl_filesystem/environment/ament_prefix_path.dsv
[10.253s] -- Symlinking: /home/wellyowo/locobot_sim/locobot_ws/install/ecl_filesystem/share/ecl_filesystem/environment/path.sh
[10.253s] -- Symlinking: /home/wellyowo/locobot_sim/locobot_ws/install/ecl_filesystem/share/ecl_filesystem/environment/path.dsv
[10.253s] -- Symlinking: /home/wellyowo/locobot_sim/locobot_ws/install/ecl_filesystem/share/ecl_filesystem/local_setup.bash
[10.254s] -- Symlinking: /home/wellyowo/locobot_sim/locobot_ws/install/ecl_filesystem/share/ecl_filesystem/local_setup.sh
[10.254s] -- Symlinking: /home/wellyowo/locobot_sim/locobot_ws/install/ecl_filesystem/share/ecl_filesystem/local_setup.zsh
[10.254s] -- Symlinking: /home/wellyowo/locobot_sim/locobot_ws/install/ecl_filesystem/share/ecl_filesystem/local_setup.dsv
[10.255s] -- Symlinking: /home/wellyowo/locobot_sim/locobot_ws/install/ecl_filesystem/share/ecl_filesystem/package.dsv
[10.255s] -- Symlinking: /home/wellyowo/locobot_sim/locobot_ws/install/ecl_filesystem/share/ament_index/resource_index/packages/ecl_filesystem
[10.256s] -- Symlinking: /home/wellyowo/locobot_sim/locobot_ws/install/ecl_filesystem/share/ecl_filesystem/cmake/ament_cmake_export_targets-extras.cmake
[10.257s] -- Symlinking: /home/wellyowo/locobot_sim/locobot_ws/install/ecl_filesystem/share/ecl_filesystem/cmake/ament_cmake_export_include_directories-extras.cmake
[10.257s] -- Symlinking: /home/wellyowo/locobot_sim/locobot_ws/install/ecl_filesystem/share/ecl_filesystem/cmake/ament_cmake_export_libraries-extras.cmake
[10.284s] -- Symlinking: /home/wellyowo/locobot_sim/locobot_ws/install/ecl_filesystem/share/ecl_filesystem/cmake/ament_cmake_export_dependencies-extras.cmake
[10.309s] -- Symlinking: /home/wellyowo/locobot_sim/locobot_ws/install/ecl_filesystem/share/ecl_filesystem/cmake/ecl_filesystemConfig.cmake
[10.340s] -- Symlinking: /home/wellyowo/locobot_sim/locobot_ws/install/ecl_filesystem/share/ecl_filesystem/cmake/ecl_filesystemConfig-version.cmake
[10.364s] -- Symlinking: /home/wellyowo/locobot_sim/locobot_ws/install/ecl_filesystem/share/ecl_filesystem/package.xml
[10.377s] -- Installing: /home/wellyowo/locobot_sim/locobot_ws/install/ecl_filesystem/share/ecl_filesystem/cmake/ecl_filesystemExport.cmake
[10.380s] -- Installing: /home/wellyowo/locobot_sim/locobot_ws/install/ecl_filesystem/share/ecl_filesystem/cmake/ecl_filesystemExport-noconfig.cmake
[10.384s] -- Installing: /home/wellyowo/locobot_sim/locobot_ws/install/ecl_filesystem/lib/libecl_filesystem.so.1.2.1
[10.389s] -- Set runtime path of "/home/wellyowo/locobot_sim/locobot_ws/install/ecl_filesystem/lib/libecl_filesystem.so.1.2.1" to ""
[10.389s] -- Installing: /home/wellyowo/locobot_sim/locobot_ws/install/ecl_filesystem/lib/libecl_filesystem.so
[10.418s] Invoked command in '/home/wellyowo/locobot_sim/locobot_ws/build/ecl_filesystem' returned '0': AMENT_PREFIX_PATH=/home/wellyowo/locobot_sim/locobot_ws/install/ecl_errors:/home/wellyowo/locobot_sim/locobot_ws/install/ecl_config:${AMENT_PREFIX_PATH} CMAKE_PREFIX_PATH=/home/wellyowo/locobot_sim/locobot_ws/install/ecl_errors:/home/wellyowo/locobot_sim/locobot_ws/install/ecl_config:/opt/ros/humble LD_LIBRARY_PATH=/home/wellyowo/locobot_sim/locobot_ws/install/ecl_errors/lib:${LD_LIBRARY_PATH} PATH=/home/wellyowo/locobot_sim/locobot_ws/install/ecl_config/bin:${PATH} /usr/bin/cmake --install /home/wellyowo/locobot_sim/locobot_ws/build/ecl_filesystem
