[0.014s] Invoking command in '/home/wellyowo/locobot_sim/locobot_ws/build/ecl_linear_algebra': AMENT_PREFIX_PATH=/home/wellyowo/locobot_sim/locobot_ws/install/ecl_formatters:/home/wellyowo/locobot_sim/locobot_ws/install/ecl_converters:/home/wellyowo/locobot_sim/locobot_ws/install/ecl_math:/home/wellyowo/locobot_sim/locobot_ws/install/ecl_exceptions:/home/wellyowo/locobot_sim/locobot_ws/install/ecl_concepts:/home/wellyowo/locobot_sim/locobot_ws/install/ecl_type_traits:/home/wellyowo/locobot_sim/locobot_ws/install/ecl_errors:/home/wellyowo/locobot_sim/locobot_ws/install/ecl_mpl:/home/wellyowo/locobot_sim/locobot_ws/install/ecl_eigen:/home/wellyowo/locobot_sim/locobot_ws/install/ecl_config:${AMENT_PREFIX_PATH} CMAKE_PREFIX_PATH=/home/wellyowo/locobot_sim/locobot_ws/install/ecl_formatters:/home/wellyowo/locobot_sim/locobot_ws/install/ecl_converters:/home/wellyowo/locobot_sim/locobot_ws/install/ecl_math:/home/wellyowo/locobot_sim/locobot_ws/install/ecl_exceptions:/home/wellyowo/locobot_sim/locobot_ws/install/ecl_concepts:/home/wellyowo/locobot_sim/locobot_ws/install/ecl_type_traits:/home/wellyowo/locobot_sim/locobot_ws/install/ecl_errors:/home/wellyowo/locobot_sim/locobot_ws/install/sophus:/home/wellyowo/locobot_sim/locobot_ws/install/ecl_mpl:/home/wellyowo/locobot_sim/locobot_ws/install/ecl_eigen:/home/wellyowo/locobot_sim/locobot_ws/install/ecl_config:/opt/ros/humble LD_LIBRARY_PATH=/home/wellyowo/locobot_sim/locobot_ws/install/ecl_formatters/lib:/home/wellyowo/locobot_sim/locobot_ws/install/ecl_exceptions/lib:/home/wellyowo/locobot_sim/locobot_ws/install/ecl_type_traits/lib:/home/wellyowo/locobot_sim/locobot_ws/install/ecl_errors/lib:${LD_LIBRARY_PATH} PATH=/home/wellyowo/locobot_sim/locobot_ws/install/ecl_type_traits/bin:/home/wellyowo/locobot_sim/locobot_ws/install/ecl_config/bin:${PATH} PKG_CONFIG_PATH=/home/wellyowo/locobot_sim/locobot_ws/install/sophus/lib/x86_64-linux-gnu/pkgconfig:/home/wellyowo/locobot_sim/locobot_ws/install/sophus/lib/pkgconfig /usr/bin/cmake /home/wellyowo/locobot_sim/locobot_ws/src/ThirdParty/ecl/ecl_core/ecl_linear_algebra -DBUILD_TESTING=OFF -DCMAKE_PREFIX_PATH= -DAMENT_CMAKE_SYMLINK_INSTALL=1 -DCMAKE_INSTALL_PREFIX=/home/wellyowo/locobot_sim/locobot_ws/install/ecl_linear_algebra
[0.052s] -- The C compiler identification is GNU 11.4.0
[0.090s] -- The CXX compiler identification is GNU 11.4.0
[0.097s] -- Detecting C compiler ABI info
[0.147s] -- Detecting C compiler ABI info - done
[0.152s] -- Check for working C compiler: /usr/bin/cc - skipped
[0.152s] -- Detecting C compile features
[0.152s] -- Detecting C compile features - done
[0.154s] -- Detecting CXX compiler ABI info
[0.209s] -- Detecting CXX compiler ABI info - done
[0.214s] -- Check for working CXX compiler: /usr/bin/c++ - skipped
[0.214s] -- Detecting CXX compile features
[0.214s] -- Detecting CXX compile features - done
[0.216s] -- Found ament_cmake_ros: 0.10.0 (/opt/ros/humble/share/ament_cmake_ros/cmake)
[0.309s] -- Found Python3: /usr/bin/python3 (found version "3.10.12") found components: Interpreter 
[0.352s] -- Override CMake install command with custom implementation using symlinks instead of copying resources
[0.379s] -- Found ecl_build: 1.0.3 (/opt/ros/humble/share/ecl_build/cmake)
[0.383s] -- Found ecl_eigen: 1.2.1 (/home/wellyowo/locobot_sim/locobot_ws/install/ecl_eigen/share/ecl_eigen/cmake)
[0.390s] -- Found ecl_exceptions: 1.2.1 (/home/wellyowo/locobot_sim/locobot_ws/install/ecl_exceptions/share/ecl_exceptions/cmake)
[0.395s] -- Found ecl_formatters: 1.2.1 (/home/wellyowo/locobot_sim/locobot_ws/install/ecl_formatters/share/ecl_formatters/cmake)
[0.404s] -- Found ecl_math: 1.2.1 (/home/wellyowo/locobot_sim/locobot_ws/install/ecl_math/share/ecl_math/cmake)
[0.456s] -- Configuring done
[0.462s] -- Generating done
[0.465s] -- Build files have been written to: /home/wellyowo/locobot_sim/locobot_ws/build/ecl_linear_algebra
[0.470s] Invoked command in '/home/wellyowo/locobot_sim/locobot_ws/build/ecl_linear_algebra' returned '0': AMENT_PREFIX_PATH=/home/wellyowo/locobot_sim/locobot_ws/install/ecl_formatters:/home/wellyowo/locobot_sim/locobot_ws/install/ecl_converters:/home/wellyowo/locobot_sim/locobot_ws/install/ecl_math:/home/wellyowo/locobot_sim/locobot_ws/install/ecl_exceptions:/home/wellyowo/locobot_sim/locobot_ws/install/ecl_concepts:/home/wellyowo/locobot_sim/locobot_ws/install/ecl_type_traits:/home/wellyowo/locobot_sim/locobot_ws/install/ecl_errors:/home/wellyowo/locobot_sim/locobot_ws/install/ecl_mpl:/home/wellyowo/locobot_sim/locobot_ws/install/ecl_eigen:/home/wellyowo/locobot_sim/locobot_ws/install/ecl_config:${AMENT_PREFIX_PATH} CMAKE_PREFIX_PATH=/home/wellyowo/locobot_sim/locobot_ws/install/ecl_formatters:/home/wellyowo/locobot_sim/locobot_ws/install/ecl_converters:/home/wellyowo/locobot_sim/locobot_ws/install/ecl_math:/home/wellyowo/locobot_sim/locobot_ws/install/ecl_exceptions:/home/wellyowo/locobot_sim/locobot_ws/install/ecl_concepts:/home/wellyowo/locobot_sim/locobot_ws/install/ecl_type_traits:/home/wellyowo/locobot_sim/locobot_ws/install/ecl_errors:/home/wellyowo/locobot_sim/locobot_ws/install/sophus:/home/wellyowo/locobot_sim/locobot_ws/install/ecl_mpl:/home/wellyowo/locobot_sim/locobot_ws/install/ecl_eigen:/home/wellyowo/locobot_sim/locobot_ws/install/ecl_config:/opt/ros/humble LD_LIBRARY_PATH=/home/wellyowo/locobot_sim/locobot_ws/install/ecl_formatters/lib:/home/wellyowo/locobot_sim/locobot_ws/install/ecl_exceptions/lib:/home/wellyowo/locobot_sim/locobot_ws/install/ecl_type_traits/lib:/home/wellyowo/locobot_sim/locobot_ws/install/ecl_errors/lib:${LD_LIBRARY_PATH} PATH=/home/wellyowo/locobot_sim/locobot_ws/install/ecl_type_traits/bin:/home/wellyowo/locobot_sim/locobot_ws/install/ecl_config/bin:${PATH} PKG_CONFIG_PATH=/home/wellyowo/locobot_sim/locobot_ws/install/sophus/lib/x86_64-linux-gnu/pkgconfig:/home/wellyowo/locobot_sim/locobot_ws/install/sophus/lib/pkgconfig /usr/bin/cmake /home/wellyowo/locobot_sim/locobot_ws/src/ThirdParty/ecl/ecl_core/ecl_linear_algebra -DBUILD_TESTING=OFF -DCMAKE_PREFIX_PATH= -DAMENT_CMAKE_SYMLINK_INSTALL=1 -DCMAKE_INSTALL_PREFIX=/home/wellyowo/locobot_sim/locobot_ws/install/ecl_linear_algebra
[0.471s] Invoking command in '/home/wellyowo/locobot_sim/locobot_ws/build/ecl_linear_algebra': AMENT_PREFIX_PATH=/home/wellyowo/locobot_sim/locobot_ws/install/ecl_formatters:/home/wellyowo/locobot_sim/locobot_ws/install/ecl_converters:/home/wellyowo/locobot_sim/locobot_ws/install/ecl_math:/home/wellyowo/locobot_sim/locobot_ws/install/ecl_exceptions:/home/wellyowo/locobot_sim/locobot_ws/install/ecl_concepts:/home/wellyowo/locobot_sim/locobot_ws/install/ecl_type_traits:/home/wellyowo/locobot_sim/locobot_ws/install/ecl_errors:/home/wellyowo/locobot_sim/locobot_ws/install/ecl_mpl:/home/wellyowo/locobot_sim/locobot_ws/install/ecl_eigen:/home/wellyowo/locobot_sim/locobot_ws/install/ecl_config:${AMENT_PREFIX_PATH} CMAKE_PREFIX_PATH=/home/wellyowo/locobot_sim/locobot_ws/install/ecl_formatters:/home/wellyowo/locobot_sim/locobot_ws/install/ecl_converters:/home/wellyowo/locobot_sim/locobot_ws/install/ecl_math:/home/wellyowo/locobot_sim/locobot_ws/install/ecl_exceptions:/home/wellyowo/locobot_sim/locobot_ws/install/ecl_concepts:/home/wellyowo/locobot_sim/locobot_ws/install/ecl_type_traits:/home/wellyowo/locobot_sim/locobot_ws/install/ecl_errors:/home/wellyowo/locobot_sim/locobot_ws/install/sophus:/home/wellyowo/locobot_sim/locobot_ws/install/ecl_mpl:/home/wellyowo/locobot_sim/locobot_ws/install/ecl_eigen:/home/wellyowo/locobot_sim/locobot_ws/install/ecl_config:/opt/ros/humble LD_LIBRARY_PATH=/home/wellyowo/locobot_sim/locobot_ws/install/ecl_formatters/lib:/home/wellyowo/locobot_sim/locobot_ws/install/ecl_exceptions/lib:/home/wellyowo/locobot_sim/locobot_ws/install/ecl_type_traits/lib:/home/wellyowo/locobot_sim/locobot_ws/install/ecl_errors/lib:${LD_LIBRARY_PATH} PATH=/home/wellyowo/locobot_sim/locobot_ws/install/ecl_type_traits/bin:/home/wellyowo/locobot_sim/locobot_ws/install/ecl_config/bin:${PATH} PKG_CONFIG_PATH=/home/wellyowo/locobot_sim/locobot_ws/install/sophus/lib/x86_64-linux-gnu/pkgconfig:/home/wellyowo/locobot_sim/locobot_ws/install/sophus/lib/pkgconfig /usr/bin/cmake --build /home/wellyowo/locobot_sim/locobot_ws/build/ecl_linear_algebra -- -j16 -l16
[0.508s] [ 33%] [32mBuilding CXX object src/lib/CMakeFiles/ecl_linear_algebra.dir/sophus_helpers.cpp.o[0m
[1.922s] [ 66%] [32mBuilding CXX object src/lib/CMakeFiles/ecl_linear_algebra.dir/sophus_interpolators.cpp.o[0m
[4.659s] [100%] [32m[1mLinking CXX shared library libecl_linear_algebra.so[0m
[4.812s] [100%] Built target ecl_linear_algebra
[4.820s] Invoked command in '/home/wellyowo/locobot_sim/locobot_ws/build/ecl_linear_algebra' returned '0': AMENT_PREFIX_PATH=/home/wellyowo/locobot_sim/locobot_ws/install/ecl_formatters:/home/wellyowo/locobot_sim/locobot_ws/install/ecl_converters:/home/wellyowo/locobot_sim/locobot_ws/install/ecl_math:/home/wellyowo/locobot_sim/locobot_ws/install/ecl_exceptions:/home/wellyowo/locobot_sim/locobot_ws/install/ecl_concepts:/home/wellyowo/locobot_sim/locobot_ws/install/ecl_type_traits:/home/wellyowo/locobot_sim/locobot_ws/install/ecl_errors:/home/wellyowo/locobot_sim/locobot_ws/install/ecl_mpl:/home/wellyowo/locobot_sim/locobot_ws/install/ecl_eigen:/home/wellyowo/locobot_sim/locobot_ws/install/ecl_config:${AMENT_PREFIX_PATH} CMAKE_PREFIX_PATH=/home/wellyowo/locobot_sim/locobot_ws/install/ecl_formatters:/home/wellyowo/locobot_sim/locobot_ws/install/ecl_converters:/home/wellyowo/locobot_sim/locobot_ws/install/ecl_math:/home/wellyowo/locobot_sim/locobot_ws/install/ecl_exceptions:/home/wellyowo/locobot_sim/locobot_ws/install/ecl_concepts:/home/wellyowo/locobot_sim/locobot_ws/install/ecl_type_traits:/home/wellyowo/locobot_sim/locobot_ws/install/ecl_errors:/home/wellyowo/locobot_sim/locobot_ws/install/sophus:/home/wellyowo/locobot_sim/locobot_ws/install/ecl_mpl:/home/wellyowo/locobot_sim/locobot_ws/install/ecl_eigen:/home/wellyowo/locobot_sim/locobot_ws/install/ecl_config:/opt/ros/humble LD_LIBRARY_PATH=/home/wellyowo/locobot_sim/locobot_ws/install/ecl_formatters/lib:/home/wellyowo/locobot_sim/locobot_ws/install/ecl_exceptions/lib:/home/wellyowo/locobot_sim/locobot_ws/install/ecl_type_traits/lib:/home/wellyowo/locobot_sim/locobot_ws/install/ecl_errors/lib:${LD_LIBRARY_PATH} PATH=/home/wellyowo/locobot_sim/locobot_ws/install/ecl_type_traits/bin:/home/wellyowo/locobot_sim/locobot_ws/install/ecl_config/bin:${PATH} PKG_CONFIG_PATH=/home/wellyowo/locobot_sim/locobot_ws/install/sophus/lib/x86_64-linux-gnu/pkgconfig:/home/wellyowo/locobot_sim/locobot_ws/install/sophus/lib/pkgconfig /usr/bin/cmake --build /home/wellyowo/locobot_sim/locobot_ws/build/ecl_linear_algebra -- -j16 -l16
[4.821s] Invoking command in '/home/wellyowo/locobot_sim/locobot_ws/build/ecl_linear_algebra': AMENT_PREFIX_PATH=/home/wellyowo/locobot_sim/locobot_ws/install/ecl_formatters:/home/wellyowo/locobot_sim/locobot_ws/install/ecl_converters:/home/wellyowo/locobot_sim/locobot_ws/install/ecl_math:/home/wellyowo/locobot_sim/locobot_ws/install/ecl_exceptions:/home/wellyowo/locobot_sim/locobot_ws/install/ecl_concepts:/home/wellyowo/locobot_sim/locobot_ws/install/ecl_type_traits:/home/wellyowo/locobot_sim/locobot_ws/install/ecl_errors:/home/wellyowo/locobot_sim/locobot_ws/install/ecl_mpl:/home/wellyowo/locobot_sim/locobot_ws/install/ecl_eigen:/home/wellyowo/locobot_sim/locobot_ws/install/ecl_config:${AMENT_PREFIX_PATH} CMAKE_PREFIX_PATH=/home/wellyowo/locobot_sim/locobot_ws/install/ecl_formatters:/home/wellyowo/locobot_sim/locobot_ws/install/ecl_converters:/home/wellyowo/locobot_sim/locobot_ws/install/ecl_math:/home/wellyowo/locobot_sim/locobot_ws/install/ecl_exceptions:/home/wellyowo/locobot_sim/locobot_ws/install/ecl_concepts:/home/wellyowo/locobot_sim/locobot_ws/install/ecl_type_traits:/home/wellyowo/locobot_sim/locobot_ws/install/ecl_errors:/home/wellyowo/locobot_sim/locobot_ws/install/sophus:/home/wellyowo/locobot_sim/locobot_ws/install/ecl_mpl:/home/wellyowo/locobot_sim/locobot_ws/install/ecl_eigen:/home/wellyowo/locobot_sim/locobot_ws/install/ecl_config:/opt/ros/humble LD_LIBRARY_PATH=/home/wellyowo/locobot_sim/locobot_ws/install/ecl_formatters/lib:/home/wellyowo/locobot_sim/locobot_ws/install/ecl_exceptions/lib:/home/wellyowo/locobot_sim/locobot_ws/install/ecl_type_traits/lib:/home/wellyowo/locobot_sim/locobot_ws/install/ecl_errors/lib:${LD_LIBRARY_PATH} PATH=/home/wellyowo/locobot_sim/locobot_ws/install/ecl_type_traits/bin:/home/wellyowo/locobot_sim/locobot_ws/install/ecl_config/bin:${PATH} PKG_CONFIG_PATH=/home/wellyowo/locobot_sim/locobot_ws/install/sophus/lib/x86_64-linux-gnu/pkgconfig:/home/wellyowo/locobot_sim/locobot_ws/install/sophus/lib/pkgconfig /usr/bin/cmake --install /home/wellyowo/locobot_sim/locobot_ws/build/ecl_linear_algebra
[4.827s] -- Install configuration: ""
[4.827s] -- Execute custom install script
[4.828s] -- Symlinking: /home/wellyowo/locobot_sim/locobot_ws/install/ecl_linear_algebra/include/ecl/linear_algebra/eigen/unsupported/nonlinear_optimization.hpp
[4.834s] -- Symlinking: /home/wellyowo/locobot_sim/locobot_ws/install/ecl_linear_algebra/include/ecl/linear_algebra/eigen/unsupported/numerical_diff.hpp
[4.840s] -- Symlinking: /home/wellyowo/locobot_sim/locobot_ws/install/ecl_linear_algebra/include/ecl/linear_algebra/eigen/formatters.hpp
[4.847s] -- Symlinking: /home/wellyowo/locobot_sim/locobot_ws/install/ecl_linear_algebra/include/ecl/linear_algebra/eigen/plugin.hpp
[4.853s] -- Symlinking: /home/wellyowo/locobot_sim/locobot_ws/install/ecl_linear_algebra/include/ecl/linear_algebra/sophus/formatters.hpp
[4.859s] -- Symlinking: /home/wellyowo/locobot_sim/locobot_ws/install/ecl_linear_algebra/include/ecl/linear_algebra/sophus/helpers.hpp
[4.866s] -- Symlinking: /home/wellyowo/locobot_sim/locobot_ws/install/ecl_linear_algebra/include/ecl/linear_algebra/sophus/interpolators.hpp
[4.873s] -- Symlinking: /home/wellyowo/locobot_sim/locobot_ws/install/ecl_linear_algebra/include/ecl/linear_algebra/eigen.hpp
[4.880s] -- Symlinking: /home/wellyowo/locobot_sim/locobot_ws/install/ecl_linear_algebra/include/ecl/linear_algebra/sophus.hpp
[4.886s] -- Symlinking: /home/wellyowo/locobot_sim/locobot_ws/install/ecl_linear_algebra/include/ecl/linear_algebra.hpp
[4.894s] -- Symlinking: /home/wellyowo/locobot_sim/locobot_ws/install/ecl_linear_algebra/share/ecl_linear_algebra/environment/library_path.sh
[4.901s] -- Symlinking: /home/wellyowo/locobot_sim/locobot_ws/install/ecl_linear_algebra/share/ecl_linear_algebra/environment/library_path.dsv
[4.907s] -- Symlinking: /home/wellyowo/locobot_sim/locobot_ws/install/ecl_linear_algebra/share/ament_index/resource_index/package_run_dependencies/ecl_linear_algebra
[4.914s] -- Symlinking: /home/wellyowo/locobot_sim/locobot_ws/install/ecl_linear_algebra/share/ament_index/resource_index/parent_prefix_path/ecl_linear_algebra
[4.921s] -- Symlinking: /home/wellyowo/locobot_sim/locobot_ws/install/ecl_linear_algebra/share/ecl_linear_algebra/environment/ament_prefix_path.sh
[4.927s] -- Symlinking: /home/wellyowo/locobot_sim/locobot_ws/install/ecl_linear_algebra/share/ecl_linear_algebra/environment/ament_prefix_path.dsv
[4.933s] -- Symlinking: /home/wellyowo/locobot_sim/locobot_ws/install/ecl_linear_algebra/share/ecl_linear_algebra/environment/path.sh
[4.938s] -- Symlinking: /home/wellyowo/locobot_sim/locobot_ws/install/ecl_linear_algebra/share/ecl_linear_algebra/environment/path.dsv
[4.943s] -- Symlinking: /home/wellyowo/locobot_sim/locobot_ws/install/ecl_linear_algebra/share/ecl_linear_algebra/local_setup.bash
[4.949s] -- Symlinking: /home/wellyowo/locobot_sim/locobot_ws/install/ecl_linear_algebra/share/ecl_linear_algebra/local_setup.sh
[4.955s] -- Symlinking: /home/wellyowo/locobot_sim/locobot_ws/install/ecl_linear_algebra/share/ecl_linear_algebra/local_setup.zsh
[4.962s] -- Symlinking: /home/wellyowo/locobot_sim/locobot_ws/install/ecl_linear_algebra/share/ecl_linear_algebra/local_setup.dsv
[4.969s] -- Symlinking: /home/wellyowo/locobot_sim/locobot_ws/install/ecl_linear_algebra/share/ecl_linear_algebra/package.dsv
[4.978s] -- Symlinking: /home/wellyowo/locobot_sim/locobot_ws/install/ecl_linear_algebra/share/ament_index/resource_index/packages/ecl_linear_algebra
[4.986s] -- Symlinking: /home/wellyowo/locobot_sim/locobot_ws/install/ecl_linear_algebra/share/ecl_linear_algebra/cmake/ament_cmake_export_targets-extras.cmake
[4.994s] -- Symlinking: /home/wellyowo/locobot_sim/locobot_ws/install/ecl_linear_algebra/share/ecl_linear_algebra/cmake/ament_cmake_export_include_directories-extras.cmake
[5.001s] -- Symlinking: /home/wellyowo/locobot_sim/locobot_ws/install/ecl_linear_algebra/share/ecl_linear_algebra/cmake/ament_cmake_export_libraries-extras.cmake
[5.007s] -- Symlinking: /home/wellyowo/locobot_sim/locobot_ws/install/ecl_linear_algebra/share/ecl_linear_algebra/cmake/ament_cmake_export_dependencies-extras.cmake
[5.012s] -- Symlinking: /home/wellyowo/locobot_sim/locobot_ws/install/ecl_linear_algebra/share/ecl_linear_algebra/cmake/ecl_linear_algebraConfig.cmake
[5.019s] -- Symlinking: /home/wellyowo/locobot_sim/locobot_ws/install/ecl_linear_algebra/share/ecl_linear_algebra/cmake/ecl_linear_algebraConfig-version.cmake
[5.025s] -- Symlinking: /home/wellyowo/locobot_sim/locobot_ws/install/ecl_linear_algebra/share/ecl_linear_algebra/package.xml
[5.031s] -- Installing: /home/wellyowo/locobot_sim/locobot_ws/install/ecl_linear_algebra/share/ecl_linear_algebra/cmake/ecl_linear_algebraExport.cmake
[5.031s] -- Installing: /home/wellyowo/locobot_sim/locobot_ws/install/ecl_linear_algebra/share/ecl_linear_algebra/cmake/ecl_linear_algebraExport-noconfig.cmake
[5.031s] -- Installing: /home/wellyowo/locobot_sim/locobot_ws/install/ecl_linear_algebra/lib/libecl_linear_algebra.so.1.2.1
[5.034s] -- Set runtime path of "/home/wellyowo/locobot_sim/locobot_ws/install/ecl_linear_algebra/lib/libecl_linear_algebra.so.1.2.1" to ""
[5.034s] -- Installing: /home/wellyowo/locobot_sim/locobot_ws/install/ecl_linear_algebra/lib/libecl_linear_algebra.so
[5.035s] Invoked command in '/home/wellyowo/locobot_sim/locobot_ws/build/ecl_linear_algebra' returned '0': AMENT_PREFIX_PATH=/home/wellyowo/locobot_sim/locobot_ws/install/ecl_formatters:/home/wellyowo/locobot_sim/locobot_ws/install/ecl_converters:/home/wellyowo/locobot_sim/locobot_ws/install/ecl_math:/home/wellyowo/locobot_sim/locobot_ws/install/ecl_exceptions:/home/wellyowo/locobot_sim/locobot_ws/install/ecl_concepts:/home/wellyowo/locobot_sim/locobot_ws/install/ecl_type_traits:/home/wellyowo/locobot_sim/locobot_ws/install/ecl_errors:/home/wellyowo/locobot_sim/locobot_ws/install/ecl_mpl:/home/wellyowo/locobot_sim/locobot_ws/install/ecl_eigen:/home/wellyowo/locobot_sim/locobot_ws/install/ecl_config:${AMENT_PREFIX_PATH} CMAKE_PREFIX_PATH=/home/wellyowo/locobot_sim/locobot_ws/install/ecl_formatters:/home/wellyowo/locobot_sim/locobot_ws/install/ecl_converters:/home/wellyowo/locobot_sim/locobot_ws/install/ecl_math:/home/wellyowo/locobot_sim/locobot_ws/install/ecl_exceptions:/home/wellyowo/locobot_sim/locobot_ws/install/ecl_concepts:/home/wellyowo/locobot_sim/locobot_ws/install/ecl_type_traits:/home/wellyowo/locobot_sim/locobot_ws/install/ecl_errors:/home/wellyowo/locobot_sim/locobot_ws/install/sophus:/home/wellyowo/locobot_sim/locobot_ws/install/ecl_mpl:/home/wellyowo/locobot_sim/locobot_ws/install/ecl_eigen:/home/wellyowo/locobot_sim/locobot_ws/install/ecl_config:/opt/ros/humble LD_LIBRARY_PATH=/home/wellyowo/locobot_sim/locobot_ws/install/ecl_formatters/lib:/home/wellyowo/locobot_sim/locobot_ws/install/ecl_exceptions/lib:/home/wellyowo/locobot_sim/locobot_ws/install/ecl_type_traits/lib:/home/wellyowo/locobot_sim/locobot_ws/install/ecl_errors/lib:${LD_LIBRARY_PATH} PATH=/home/wellyowo/locobot_sim/locobot_ws/install/ecl_type_traits/bin:/home/wellyowo/locobot_sim/locobot_ws/install/ecl_config/bin:${PATH} PKG_CONFIG_PATH=/home/wellyowo/locobot_sim/locobot_ws/install/sophus/lib/x86_64-linux-gnu/pkgconfig:/home/wellyowo/locobot_sim/locobot_ws/install/sophus/lib/pkgconfig /usr/bin/cmake --install /home/wellyowo/locobot_sim/locobot_ws/build/ecl_linear_algebra
