[0.099s] Invoking command in '/home/wellyowo/locobot_sim/locobot_ws/src/build/ecl_filesystem': AMENT_PREFIX_PATH=/home/wellyowo/locobot_sim/locobot_ws/src/install/ecl_errors:/home/wellyowo/locobot_sim/locobot_ws/src/install/ecl_config:${AMENT_PREFIX_PATH} CMAKE_PREFIX_PATH=/home/wellyowo/locobot_sim/locobot_ws/src/install/ecl_errors:/home/wellyowo/locobot_sim/locobot_ws/src/install/ecl_config:/opt/ros/humble LD_LIBRARY_PATH=/home/wellyowo/locobot_sim/locobot_ws/src/install/ecl_errors/lib:${LD_LIBRARY_PATH} PATH=/home/wellyowo/locobot_sim/locobot_ws/src/install/ecl_config/bin:${PATH} /usr/bin/cmake /home/wellyowo/locobot_sim/locobot_ws/src/ThirdParty/ecl/ecl_core/ecl_filesystem -DCMAKE_INSTALL_PREFIX=/home/wellyowo/locobot_sim/locobot_ws/src/install/ecl_filesystem
[4.768s] -- The C compiler identification is GNU 11.4.0
[4.768s] -- The CXX compiler identification is GNU 11.4.0
[4.768s] -- Detecting C compiler ABI info
[4.768s] -- Detecting C compiler ABI info - done
[4.768s] -- Check for working C compiler: /usr/bin/cc - skipped
[4.768s] -- Detecting C compile features
[4.769s] -- Detecting C compile features - done
[4.769s] -- Detecting CXX compiler ABI info
[4.769s] -- Detecting CXX compiler ABI info - done
[4.769s] -- Check for working CXX compiler: /usr/bin/c++ - skipped
[4.769s] -- Detecting CXX compile features
[4.769s] -- Detecting CXX compile features - done
[4.769s] -- Found ament_cmake_ros: 0.10.0 (/opt/ros/humble/share/ament_cmake_ros/cmake)
[4.769s] -- Found Python3: /usr/bin/python3 (found version "3.10.12") found components: Interpreter 
[4.769s] -- Found ecl_build: 1.0.3 (/opt/ros/humble/share/ecl_build/cmake)
[4.769s] -- Found ecl_config: 1.2.0 (/home/wellyowo/locobot_sim/locobot_ws/src/install/ecl_config/share/ecl_config/cmake)
[4.769s] -- Found ecl_errors: 1.2.0 (/home/wellyowo/locobot_sim/locobot_ws/src/install/ecl_errors/share/ecl_errors/cmake)
[4.769s] -- Looking for _POSIX_VERSION
[4.769s] -- Looking for _POSIX_VERSION - found
[4.769s] -- Looking for realpath in rt
[4.769s] -- Looking for realpath in rt - found
[4.769s] -- Looking for clock_nanosleep in rt
[4.770s] -- Looking for clock_nanosleep in rt - found
[4.770s] -- Looking for clock_gettime in rt
[4.770s] -- Looking for clock_gettime in rt - found
[4.770s] -- Looking for pthread_mutex_timedlock in pthread
[4.770s] -- Looking for pthread_mutex_timedlock in pthread - found
[4.770s] -- Looking for nanosleep in pthread
[4.770s] -- Looking for nanosleep in pthread - found
[4.770s] -- Looking for shm_open in rt
[4.862s] -- Looking for shm_open in rt - found
[4.863s] -- Looking for sched_setscheduler in pthread
[5.150s] -- Looking for sched_setscheduler in pthread - found
[5.150s] -- Looking for sem_timedwait in pthread
[5.484s] -- Looking for sem_timedwait in pthread - found
[5.484s] -- Looking for sem_init in pthread
[5.744s] -- Looking for sem_init in pthread - found
[5.749s] -- Looking for CLOCK_MONOTONIC
[6.038s] -- Looking for CLOCK_MONOTONIC - found
[6.039s] -- Looking for CLOCK_PROCESS_CPUTIME_ID
[6.329s] -- Looking for CLOCK_PROCESS_CPUTIME_ID - found
[6.370s] -- Found ament_lint_auto: 0.12.12 (/opt/ros/humble/share/ament_lint_auto/cmake)
[6.552s] -- Found gtest sources under '/opt/ros/humble/src/gtest_vendor': C++ tests using 'Google Test' will be built
[6.567s] -- Looking for pthread.h
[6.933s] -- Looking for pthread.h - found
[6.934s] -- Performing Test CMAKE_HAVE_LIBC_PTHREAD
[7.060s] -- Performing Test CMAKE_HAVE_LIBC_PTHREAD - Success
[7.062s] -- Found Threads: TRUE  
[7.073s] -- Configuring done
[7.102s] -- Generating done
[7.115s] -- Build files have been written to: /home/wellyowo/locobot_sim/locobot_ws/src/build/ecl_filesystem
