[01m[K/home/wellyowo/locobot_sim/locobot_ws/src/ThirdParty/openni2_camera/openni2_camera/src/openni2_driver.cpp:[m[K In member function ‘[01m[Kvoid openni2_wrapper::OpenNI2Driver::advertiseROSTopics()[m[K’:
[01m[K/home/wellyowo/locobot_sim/locobot_ws/src/ThirdParty/openni2_camera/openni2_camera/src/openni2_driver.cpp:162:33:[m[K [01;31m[Kerror: [m[K‘[01m[Kstruct rclcpp::PublisherEventCallbacks[m[K’ has no member named ‘[01m[Kmatched_callback[m[K’
  162 |     pub_options.event_callbacks.[01;31m[Kmatched_callback[m[K =
      |                                 [01;31m[K^~~~~~~~~~~~~~~~[m[K
[01m[K/home/wellyowo/locobot_sim/locobot_ws/src/ThirdParty/openni2_camera/openni2_camera/src/openni2_driver.cpp:163:14:[m[K [01;31m[Kerror: [m[K‘[01m[Krclcpp::MatchedInfo[m[K’ has not been declared
  163 |       [this]([01;31m[Krclcpp[m[K::MatchedInfo&)
      |              [01;31m[K^~~~~~[m[K
[01m[K/home/wellyowo/locobot_sim/locobot_ws/src/ThirdParty/openni2_camera/openni2_camera/src/openni2_driver.cpp:169:58:[m[K [01;31m[Kerror: [m[Ktoo many arguments to function ‘[01m[Kimage_transport::CameraPublisher image_transport::create_camera_publisher(rclcpp::Node*, const string&, rmw_qos_profile_t)[m[K’
  169 |     pub_color_ = [01;31m[Kimage_transport::create_camera_publisher(this, "rgb/image_raw", custom_qos, pub_options)[m[K;
      |                  [01;31m[K~~~~~~~~~~~~~~~~~~~~~~~~~~~~~~~~~~~~~~~~^~~~~~~~~~~~~~~~~~~~~~~~~~~~~~~~~~~~~~~~~~~~~~~~[m[K
In file included from [01m[K/home/wellyowo/locobot_sim/locobot_ws/src/ThirdParty/openni2_camera/openni2_camera/include/openni2_camera/openni2_driver.h:39[m[K,
                 from [01m[K/home/wellyowo/locobot_sim/locobot_ws/src/ThirdParty/openni2_camera/openni2_camera/src/openni2_driver.cpp:32[m[K:
[01m[K/opt/ros/humble/include/image_transport/image_transport/image_transport.hpp:74:17:[m[K [01;36m[Knote: [m[Kdeclared here
   74 | CameraPublisher [01;36m[Kcreate_camera_publisher[m[K(
      |                 [01;36m[K^~~~~~~~~~~~~~~~~~~~~~~[m[K
[01m[K/home/wellyowo/locobot_sim/locobot_ws/src/ThirdParty/openni2_camera/openni2_camera/src/openni2_driver.cpp:176:33:[m[K [01;31m[Kerror: [m[K‘[01m[Kstruct rclcpp::PublisherEventCallbacks[m[K’ has no member named ‘[01m[Kmatched_callback[m[K’
  176 |     pub_options.event_callbacks.[01;31m[Kmatched_callback[m[K =
      |                                 [01;31m[K^~~~~~~~~~~~~~~~[m[K
[01m[K/home/wellyowo/locobot_sim/locobot_ws/src/ThirdParty/openni2_camera/openni2_camera/src/openni2_driver.cpp:177:14:[m[K [01;31m[Kerror: [m[K‘[01m[Krclcpp::MatchedInfo[m[K’ has not been declared
  177 |       [this]([01;31m[Krclcpp[m[K::MatchedInfo&)
      |              [01;31m[K^~~~~~[m[K
[01m[K/home/wellyowo/locobot_sim/locobot_ws/src/ThirdParty/openni2_camera/openni2_camera/src/openni2_driver.cpp:183:55:[m[K [01;31m[Kerror: [m[Ktoo many arguments to function ‘[01m[Kimage_transport::CameraPublisher image_transport::create_camera_publisher(rclcpp::Node*, const string&, rmw_qos_profile_t)[m[K’
  183 |     pub_ir_ = [01;31m[Kimage_transport::create_camera_publisher(this, "ir/image_raw", custom_qos, pub_options)[m[K;
      |               [01;31m[K~~~~~~~~~~~~~~~~~~~~~~~~~~~~~~~~~~~~~~~~^~~~~~~~~~~~~~~~~~~~~~~~~~~~~~~~~~~~~~~~~~~~~~~[m[K
In file included from [01m[K/home/wellyowo/locobot_sim/locobot_ws/src/ThirdParty/openni2_camera/openni2_camera/include/openni2_camera/openni2_driver.h:39[m[K,
                 from [01m[K/home/wellyowo/locobot_sim/locobot_ws/src/ThirdParty/openni2_camera/openni2_camera/src/openni2_driver.cpp:32[m[K:
[01m[K/opt/ros/humble/include/image_transport/image_transport/image_transport.hpp:74:17:[m[K [01;36m[Knote: [m[Kdeclared here
   74 | CameraPublisher [01;36m[Kcreate_camera_publisher[m[K(
      |                 [01;36m[K^~~~~~~~~~~~~~~~~~~~~~~[m[K
[01m[K/home/wellyowo/locobot_sim/locobot_ws/src/ThirdParty/openni2_camera/openni2_camera/src/openni2_driver.cpp:190:33:[m[K [01;31m[Kerror: [m[K‘[01m[Kstruct rclcpp::PublisherEventCallbacks[m[K’ has no member named ‘[01m[Kmatched_callback[m[K’
  190 |     pub_options.event_callbacks.[01;31m[Kmatched_callback[m[K =
      |                                 [01;31m[K^~~~~~~~~~~~~~~~[m[K
[01m[K/home/wellyowo/locobot_sim/locobot_ws/src/ThirdParty/openni2_camera/openni2_camera/src/openni2_driver.cpp:191:14:[m[K [01;31m[Kerror: [m[K‘[01m[Krclcpp::MatchedInfo[m[K’ has not been declared
  191 |       [this]([01;31m[Krclcpp[m[K::MatchedInfo&)
      |              [01;31m[K^~~~~~[m[K
[01m[K/home/wellyowo/locobot_sim/locobot_ws/src/ThirdParty/openni2_camera/openni2_camera/src/openni2_driver.cpp:197:62:[m[K [01;31m[Kerror: [m[Ktoo many arguments to function ‘[01m[Kimage_transport::CameraPublisher image_transport::create_camera_publisher(rclcpp::Node*, const string&, rmw_qos_profile_t)[m[K’
  197 |     pub_depth_raw_ = [01;31m[Kimage_transport::create_camera_publisher(this, "depth_raw/image", custom_qos, pub_options)[m[K;
      |                      [01;31m[K~~~~~~~~~~~~~~~~~~~~~~~~~~~~~~~~~~~~~~~~^~~~~~~~~~~~~~~~~~~~~~~~~~~~~~~~~~~~~~~~~~~~~~~~~~[m[K
In file included from [01m[K/home/wellyowo/locobot_sim/locobot_ws/src/ThirdParty/openni2_camera/openni2_camera/include/openni2_camera/openni2_driver.h:39[m[K,
                 from [01m[K/home/wellyowo/locobot_sim/locobot_ws/src/ThirdParty/openni2_camera/openni2_camera/src/openni2_driver.cpp:32[m[K:
[01m[K/opt/ros/humble/include/image_transport/image_transport/image_transport.hpp:74:17:[m[K [01;36m[Knote: [m[Kdeclared here
   74 | CameraPublisher [01;36m[Kcreate_camera_publisher[m[K(
      |                 [01;36m[K^~~~~~~~~~~~~~~~~~~~~~~[m[K
[01m[K/home/wellyowo/locobot_sim/locobot_ws/src/ThirdParty/openni2_camera/openni2_camera/src/openni2_driver.cpp:198:58:[m[K [01;31m[Kerror: [m[Ktoo many arguments to function ‘[01m[Kimage_transport::CameraPublisher image_transport::create_camera_publisher(rclcpp::Node*, const string&, rmw_qos_profile_t)[m[K’
  198 |     pub_depth_ = [01;31m[Kimage_transport::create_camera_publisher(this, "depth/image", custom_qos, pub_options)[m[K;
      |                  [01;31m[K~~~~~~~~~~~~~~~~~~~~~~~~~~~~~~~~~~~~~~~~^~~~~~~~~~~~~~~~~~~~~~~~~~~~~~~~~~~~~~~~~~~~~~[m[K
In file included from [01m[K/home/wellyowo/locobot_sim/locobot_ws/src/ThirdParty/openni2_camera/openni2_camera/include/openni2_camera/openni2_driver.h:39[m[K,
                 from [01m[K/home/wellyowo/locobot_sim/locobot_ws/src/ThirdParty/openni2_camera/openni2_camera/src/openni2_driver.cpp:32[m[K:
[01m[K/opt/ros/humble/include/image_transport/image_transport/image_transport.hpp:74:17:[m[K [01;36m[Knote: [m[Kdeclared here
   74 | CameraPublisher [01;36m[Kcreate_camera_publisher[m[K(
      |                 [01;36m[K^~~~~~~~~~~~~~~~~~~~~~~[m[K
gmake[2]: *** [CMakeFiles/openni2_camera_lib.dir/build.make:76: CMakeFiles/openni2_camera_lib.dir/src/openni2_driver.cpp.o] Error 1
gmake[1]: *** [CMakeFiles/Makefile2:656: CMakeFiles/openni2_camera_lib.dir/all] Error 2
gmake: *** [Makefile:146: all] Error 2
