-- The C compiler identification is GNU 11.4.0
-- The CXX compiler identification is GNU 11.4.0
-- Detecting C compiler ABI info
-- Detecting C compiler ABI info - done
-- Check for working C compiler: /usr/bin/cc - skipped
-- Detecting C compile features
-- Detecting C compile features - done
-- Detecting CXX compiler ABI info
-- Detecting CXX compiler ABI info - done
-- Check for working CXX compiler: /usr/bin/c++ - skipped
-- Detecting CXX compile features
-- Detecting CXX compile features - done
-- Found ament_cmake: 1.3.11 (/opt/ros/humble/share/ament_cmake/cmake)
-- Found Python3: /usr/bin/python3 (found version "3.10.12") found components: Interpreter 
-- Found builtin_interfaces: 1.2.1 (/opt/ros/humble/share/builtin_interfaces/cmake)
-- Found rosidl_generator_c: 3.1.6 (/opt/ros/humble/share/rosidl_generator_c/cmake)
-- Found rosidl_adapter: 3.1.6 (/opt/ros/humble/share/rosidl_adapter/cmake)
-- Found rosidl_generator_cpp: 3.1.6 (/opt/ros/humble/share/rosidl_generator_cpp/cmake)
-- Using all available rosidl_typesupport_c: rosidl_typesupport_fastrtps_c;rosidl_typesupport_introspection_c
-- Using all available rosidl_typesupport_cpp: rosidl_typesupport_fastrtps_cpp;rosidl_typesupport_introspection_cpp
-- Found camera_info_manager: 3.1.12 (/opt/ros/humble/share/camera_info_manager/cmake)
-- Found rmw_implementation_cmake: 6.1.2 (/opt/ros/humble/share/rmw_implementation_cmake/cmake)
-- Found rmw_fastrtps_cpp: 6.2.7 (/opt/ros/humble/share/rmw_fastrtps_cpp/cmake)
-- Found OpenSSL: /usr/lib/x86_64-linux-gnu/libcrypto.so (found version "3.0.2")  
-- Found FastRTPS: /opt/ros/humble/include  
-- Using RMW implementation 'rmw_fastrtps_cpp' as default
-- Looking for pthread.h
-- Looking for pthread.h - found
-- Performing Test CMAKE_HAVE_LIBC_PTHREAD
-- Performing Test CMAKE_HAVE_LIBC_PTHREAD - Success
-- Found Threads: TRUE  
-- Found image_transport: 3.1.12 (/opt/ros/humble/share/image_transport/cmake)
-- Found rclcpp_components: 16.0.12 (/opt/ros/humble/share/rclcpp_components/cmake)
-- Found rosidl_default_generators: 1.2.0 (/opt/ros/humble/share/rosidl_default_generators/cmake)
-- Found PkgConfig: /usr/bin/pkg-config (found version "0.29.2") 
-- Checking for module 'libopenni2'
--   Found libopenni2, version 2.2.0.3
-- Found ament_cmake_ros: 0.10.0 (/opt/ros/humble/share/ament_cmake_ros/cmake)
-- Using all available rosidl_typesupport_c: rosidl_typesupport_fastrtps_c;rosidl_typesupport_introspection_c
-- Using all available rosidl_typesupport_cpp: rosidl_typesupport_fastrtps_cpp;rosidl_typesupport_introspection_cpp
-- Found PythonInterp: /usr/bin/python3 (found suitable version "3.10.12", minimum required is "3.6") 
-- Found python_cmake_module: 0.10.0 (/opt/ros/humble/share/python_cmake_module/cmake)
-- Found PythonLibs: /usr/lib/x86_64-linux-gnu/libpython3.10.so (found suitable version "3.10.12", minimum required is "3.5") 
-- Using PYTHON_EXECUTABLE: /usr/bin/python3
-- Using PYTHON_INCLUDE_DIRS: /usr/include/python3.10
-- Using PYTHON_LIBRARIES: /usr/lib/x86_64-linux-gnu/libpython3.10.so
-- Found PythonExtra: .so  
-- Configuring done
-- Generating done
-- Build files have been written to: /home/wellyowo/locobot_sim/locobot_ws/src/build/openni2_camera
[  2%] [34m[1mGenerating C code for ROS interfaces[0m
[  4%] [34m[1mGenerating C++ code for ROS interfaces[0m
[  6%] [32mBuilding CXX object CMakeFiles/openni2_wrapper.dir/src/openni2_convert.cpp.o[0m
[  6%] Built target ament_cmake_python_copy_openni2_camera
[  8%] [32mBuilding CXX object CMakeFiles/openni2_camera_driver.dir/rclcpp_components/node_main_openni2_camera_driver.cpp.o[0m
[ 10%] [32mBuilding CXX object CMakeFiles/openni2_wrapper.dir/src/openni2_device.cpp.o[0m
[ 12%] [32mBuilding CXX object CMakeFiles/openni2_wrapper.dir/src/openni2_device_info.cpp.o[0m
[ 14%] [32mBuilding CXX object CMakeFiles/openni2_wrapper.dir/src/openni2_timer_filter.cpp.o[0m
[ 16%] [32mBuilding CXX object CMakeFiles/openni2_wrapper.dir/src/openni2_frame_listener.cpp.o[0m
[ 18%] [32mBuilding CXX object CMakeFiles/openni2_wrapper.dir/src/openni2_device_manager.cpp.o[0m
[ 22%] [32mBuilding CXX object CMakeFiles/openni2_wrapper.dir/src/openni2_video_mode.cpp.o[0m
[ 20%] [32mBuilding C object CMakeFiles/usb_reset.dir/src/usb_reset.c.o[0m
[ 24%] [32mBuilding CXX object CMakeFiles/openni2_wrapper.dir/src/openni2_exception.cpp.o[0m
[ 26%] [32m[1mLinking C executable usb_reset[0m
[ 26%] Built target usb_reset
[ 28%] [32mBuilding C object CMakeFiles/openni2_camera__rosidl_generator_c.dir/rosidl_generator_c/openni2_camera/srv/detail/get_serial__functions.c.o[0m
[ 30%] [32m[1mLinking C shared library libopenni2_camera__rosidl_generator_c.so[0m
[ 30%] Built target openni2_camera__rosidl_generator_c
[ 32%] [34m[1mGenerating C type support for eProsima Fast-RTPS[0m
[ 34%] [34m[1mGenerating C introspection for ROS interfaces[0m
[ 36%] [34m[1mGenerating C type support dispatch for ROS interfaces[0m
[ 38%] [32mBuilding CXX object CMakeFiles/openni2_camera__rosidl_typesupport_c.dir/rosidl_typesupport_c/openni2_camera/srv/get_serial__type_support.cpp.o[0m
[ 40%] [32m[1mLinking CXX shared library libopenni2_camera__rosidl_typesupport_c.so[0m
[ 40%] Built target openni2_camera__rosidl_typesupport_c
running egg_info
creating openni2_camera.egg-info
writing openni2_camera.egg-info/PKG-INFO
writing dependency_links to openni2_camera.egg-info/dependency_links.txt
writing top-level names to openni2_camera.egg-info/top_level.txt
writing manifest file 'openni2_camera.egg-info/SOURCES.txt'
reading manifest file 'openni2_camera.egg-info/SOURCES.txt'
writing manifest file 'openni2_camera.egg-info/SOURCES.txt'
[ 40%] Built target openni2_camera__cpp
[ 44%] [34m[1mGenerating C++ type support dispatch for ROS interfaces[0m
[ 44%] [34m[1mGenerating C++ type support for eProsima Fast-RTPS[0m
[ 46%] [34m[1mGenerating C++ introspection for ROS interfaces[0m
[ 48%] [32mBuilding CXX object CMakeFiles/openni2_camera__rosidl_typesupport_fastrtps_c.dir/rosidl_typesupport_fastrtps_c/openni2_camera/srv/detail/get_serial__type_support_c.cpp.o[0m
[ 48%] Built target ament_cmake_python_build_openni2_camera_egg
[ 50%] [32mBuilding C object CMakeFiles/openni2_camera__rosidl_typesupport_introspection_c.dir/rosidl_typesupport_introspection_c/openni2_camera/srv/detail/get_serial__type_support.c.o[0m
[ 52%] [32m[1mLinking C shared library libopenni2_camera__rosidl_typesupport_introspection_c.so[0m
[ 52%] Built target openni2_camera__rosidl_typesupport_introspection_c
[ 54%] [32mBuilding CXX object CMakeFiles/openni2_camera__rosidl_typesupport_fastrtps_cpp.dir/rosidl_typesupport_fastrtps_cpp/openni2_camera/srv/detail/dds_fastrtps/get_serial__type_support.cpp.o[0m
[ 56%] [32mBuilding CXX object CMakeFiles/openni2_camera__rosidl_typesupport_introspection_cpp.dir/rosidl_typesupport_introspection_cpp/openni2_camera/srv/detail/get_serial__type_support.cpp.o[0m
[ 58%] [32mBuilding CXX object CMakeFiles/openni2_camera__rosidl_typesupport_cpp.dir/rosidl_typesupport_cpp/openni2_camera/srv/get_serial__type_support.cpp.o[0m
[ 60%] [32m[1mLinking CXX shared library libopenni2_camera__rosidl_typesupport_fastrtps_c.so[0m
[ 62%] [32m[1mLinking CXX shared library libopenni2_camera__rosidl_typesupport_cpp.so[0m
[ 62%] Built target openni2_camera__rosidl_typesupport_cpp
[ 62%] Built target openni2_camera__rosidl_typesupport_fastrtps_c
[ 64%] [32m[1mLinking CXX shared library libopenni2_camera__rosidl_typesupport_introspection_cpp.so[0m
[ 64%] Built target openni2_camera__rosidl_typesupport_introspection_cpp
[ 66%] [32m[1mLinking CXX shared library libopenni2_camera__rosidl_typesupport_fastrtps_cpp.so[0m
[ 66%] Built target openni2_camera__rosidl_typesupport_fastrtps_cpp
[ 68%] [32m[1mLinking CXX executable openni2_camera_driver[0m
[ 70%] [32m[1mLinking CXX shared library libopenni2_wrapper.so[0m
[ 70%] Built target openni2_wrapper
[ 70%] Built target openni2_camera_driver
[ 72%] [32mBuilding CXX object CMakeFiles/list_devices.dir/src/list_devices.cpp.o[0m
[ 74%] [32m[1mLinking CXX executable list_devices[0m
[ 74%] Built target list_devices
[ 76%] [32mBuilding CXX object CMakeFiles/openni2_camera_lib.dir/src/openni2_driver.cpp.o[0m
