[0.042s] Invoking command in '/home/wellyowo/locobot_sim/locobot_ws/src/build/openni2_camera': CMAKE_PREFIX_PATH=/opt/ros/humble /usr/bin/cmake /home/wellyowo/locobot_sim/locobot_ws/src/ThirdParty/openni2_camera/openni2_camera -DCMAKE_INSTALL_PREFIX=/home/wellyowo/locobot_sim/locobot_ws/src/install/openni2_camera
[6.028s] -- The C compiler identification is GNU 11.4.0
[6.028s] -- The CXX compiler identification is GNU 11.4.0
[6.028s] -- Detecting C compiler ABI info
[6.028s] -- Detecting C compiler ABI info - done
[6.028s] -- Check for working C compiler: /usr/bin/cc - skipped
[6.028s] -- Detecting C compile features
[6.029s] -- Detecting C compile features - done
[6.029s] -- Detecting CXX compiler ABI info
[6.029s] -- Detecting CXX compiler ABI info - done
[6.029s] -- Check for working CXX compiler: /usr/bin/c++ - skipped
[6.029s] -- Detecting CXX compile features
[6.029s] -- Detecting CXX compile features - done
[6.029s] -- Found ament_cmake: 1.3.11 (/opt/ros/humble/share/ament_cmake/cmake)
[6.029s] -- Found Python3: /usr/bin/python3 (found version "3.10.12") found components: Interpreter 
[6.029s] -- Found builtin_interfaces: 1.2.1 (/opt/ros/humble/share/builtin_interfaces/cmake)
[6.029s] -- Found rosidl_generator_c: 3.1.6 (/opt/ros/humble/share/rosidl_generator_c/cmake)
[6.029s] -- Found rosidl_adapter: 3.1.6 (/opt/ros/humble/share/rosidl_adapter/cmake)
[6.029s] -- Found rosidl_generator_cpp: 3.1.6 (/opt/ros/humble/share/rosidl_generator_cpp/cmake)
[6.029s] -- Using all available rosidl_typesupport_c: rosidl_typesupport_fastrtps_c;rosidl_typesupport_introspection_c
[6.029s] -- Using all available rosidl_typesupport_cpp: rosidl_typesupport_fastrtps_cpp;rosidl_typesupport_introspection_cpp
[6.029s] -- Found camera_info_manager: 3.1.12 (/opt/ros/humble/share/camera_info_manager/cmake)
[6.030s] -- Found rmw_implementation_cmake: 6.1.2 (/opt/ros/humble/share/rmw_implementation_cmake/cmake)
[6.030s] -- Found rmw_fastrtps_cpp: 6.2.7 (/opt/ros/humble/share/rmw_fastrtps_cpp/cmake)
[6.030s] -- Found OpenSSL: /usr/lib/x86_64-linux-gnu/libcrypto.so (found version "3.0.2")  
[6.030s] -- Found FastRTPS: /opt/ros/humble/include  
[6.030s] -- Using RMW implementation 'rmw_fastrtps_cpp' as default
[6.030s] -- Looking for pthread.h
[6.030s] -- Looking for pthread.h - found
[6.030s] -- Performing Test CMAKE_HAVE_LIBC_PTHREAD
[6.030s] -- Performing Test CMAKE_HAVE_LIBC_PTHREAD - Success
[6.030s] -- Found Threads: TRUE  
[6.200s] -- Found image_transport: 3.1.12 (/opt/ros/humble/share/image_transport/cmake)
[6.293s] -- Found rclcpp_components: 16.0.12 (/opt/ros/humble/share/rclcpp_components/cmake)
[6.345s] -- Found rosidl_default_generators: 1.2.0 (/opt/ros/humble/share/rosidl_default_generators/cmake)
[6.401s] -- Found PkgConfig: /usr/bin/pkg-config (found version "0.29.2") 
[6.402s] -- Checking for module 'libopenni2'
[6.455s] --   Found libopenni2, version 2.2.0.3
[7.657s] -- Found ament_cmake_ros: 0.10.0 (/opt/ros/humble/share/ament_cmake_ros/cmake)
[8.741s] -- Using all available rosidl_typesupport_c: rosidl_typesupport_fastrtps_c;rosidl_typesupport_introspection_c
[9.002s] -- Using all available rosidl_typesupport_cpp: rosidl_typesupport_fastrtps_cpp;rosidl_typesupport_introspection_cpp
[9.158s] -- Found PythonInterp: /usr/bin/python3 (found suitable version "3.10.12", minimum required is "3.6") 
[9.180s] -- Found python_cmake_module: 0.10.0 (/opt/ros/humble/share/python_cmake_module/cmake)
[9.234s] -- Found PythonLibs: /usr/lib/x86_64-linux-gnu/libpython3.10.so (found suitable version "3.10.12", minimum required is "3.5") 
[9.234s] -- Using PYTHON_EXECUTABLE: /usr/bin/python3
[9.235s] -- Using PYTHON_INCLUDE_DIRS: /usr/include/python3.10
[9.235s] -- Using PYTHON_LIBRARIES: /usr/lib/x86_64-linux-gnu/libpython3.10.so
[9.270s] -- Found PythonExtra: .so  
[9.370s] -- Configuring done
[9.618s] -- Generating done
[9.666s] -- Build files have been written to: /home/wellyowo/locobot_sim/locobot_ws/src/build/openni2_camera
[9.763s] Invoked command in '/home/wellyowo/locobot_sim/locobot_ws/src/build/openni2_camera' returned '0': CMAKE_PREFIX_PATH=/opt/ros/humble /usr/bin/cmake /home/wellyowo/locobot_sim/locobot_ws/src/ThirdParty/openni2_camera/openni2_camera -DCMAKE_INSTALL_PREFIX=/home/wellyowo/locobot_sim/locobot_ws/src/install/openni2_camera
[9.770s] Invoking command in '/home/wellyowo/locobot_sim/locobot_ws/src/build/openni2_camera': CMAKE_PREFIX_PATH=/opt/ros/humble /usr/bin/cmake --build /home/wellyowo/locobot_sim/locobot_ws/src/build/openni2_camera -- -j16 -l16
[54.849s] [  2%] [34m[1mGenerating C code for ROS interfaces[0m
[54.849s] [  4%] [34m[1mGenerating C++ code for ROS interfaces[0m
[54.849s] [  6%] [32mBuilding CXX object CMakeFiles/openni2_wrapper.dir/src/openni2_convert.cpp.o[0m
[54.849s] [  6%] Built target ament_cmake_python_copy_openni2_camera
[54.849s] [  8%] [32mBuilding CXX object CMakeFiles/openni2_camera_driver.dir/rclcpp_components/node_main_openni2_camera_driver.cpp.o[0m
[54.849s] [ 10%] [32mBuilding CXX object CMakeFiles/openni2_wrapper.dir/src/openni2_device.cpp.o[0m
[54.849s] [ 12%] [32mBuilding CXX object CMakeFiles/openni2_wrapper.dir/src/openni2_device_info.cpp.o[0m
[54.849s] [ 14%] [32mBuilding CXX object CMakeFiles/openni2_wrapper.dir/src/openni2_timer_filter.cpp.o[0m
[54.849s] [ 16%] [32mBuilding CXX object CMakeFiles/openni2_wrapper.dir/src/openni2_frame_listener.cpp.o[0m
[54.850s] [ 18%] [32mBuilding CXX object CMakeFiles/openni2_wrapper.dir/src/openni2_device_manager.cpp.o[0m
[54.850s] [ 22%] [32mBuilding CXX object CMakeFiles/openni2_wrapper.dir/src/openni2_video_mode.cpp.o[0m
[54.850s] [ 20%] [32mBuilding C object CMakeFiles/usb_reset.dir/src/usb_reset.c.o[0m
[54.850s] [ 24%] [32mBuilding CXX object CMakeFiles/openni2_wrapper.dir/src/openni2_exception.cpp.o[0m
[54.850s] [ 26%] [32m[1mLinking C executable usb_reset[0m
[54.850s] [ 26%] Built target usb_reset
[54.850s] [ 28%] [32mBuilding C object CMakeFiles/openni2_camera__rosidl_generator_c.dir/rosidl_generator_c/openni2_camera/srv/detail/get_serial__functions.c.o[0m
[54.850s] [ 30%] [32m[1mLinking C shared library libopenni2_camera__rosidl_generator_c.so[0m
[54.850s] [ 30%] Built target openni2_camera__rosidl_generator_c
[54.850s] [ 32%] [34m[1mGenerating C type support for eProsima Fast-RTPS[0m
[54.850s] [ 34%] [34m[1mGenerating C introspection for ROS interfaces[0m
[54.850s] [ 36%] [34m[1mGenerating C type support dispatch for ROS interfaces[0m
[54.850s] [ 38%] [32mBuilding CXX object CMakeFiles/openni2_camera__rosidl_typesupport_c.dir/rosidl_typesupport_c/openni2_camera/srv/get_serial__type_support.cpp.o[0m
[54.850s] [ 40%] [32m[1mLinking CXX shared library libopenni2_camera__rosidl_typesupport_c.so[0m
[54.850s] [ 40%] Built target openni2_camera__rosidl_typesupport_c
[54.850s] running egg_info
[54.851s] creating openni2_camera.egg-info
[54.851s] writing openni2_camera.egg-info/PKG-INFO
[54.851s] writing dependency_links to openni2_camera.egg-info/dependency_links.txt
[54.851s] writing top-level names to openni2_camera.egg-info/top_level.txt
[54.851s] writing manifest file 'openni2_camera.egg-info/SOURCES.txt'
[54.851s] reading manifest file 'openni2_camera.egg-info/SOURCES.txt'
[54.851s] writing manifest file 'openni2_camera.egg-info/SOURCES.txt'
[54.851s] [ 40%] Built target openni2_camera__cpp
[54.851s] [ 44%] [34m[1mGenerating C++ type support dispatch for ROS interfaces[0m
[54.851s] [ 44%] [34m[1mGenerating C++ type support for eProsima Fast-RTPS[0m
[54.851s] [ 46%] [34m[1mGenerating C++ introspection for ROS interfaces[0m
[54.851s] [ 48%] [32mBuilding CXX object CMakeFiles/openni2_camera__rosidl_typesupport_fastrtps_c.dir/rosidl_typesupport_fastrtps_c/openni2_camera/srv/detail/get_serial__type_support_c.cpp.o[0m
[54.851s] [ 48%] Built target ament_cmake_python_build_openni2_camera_egg
[54.851s] [ 50%] [32mBuilding C object CMakeFiles/openni2_camera__rosidl_typesupport_introspection_c.dir/rosidl_typesupport_introspection_c/openni2_camera/srv/detail/get_serial__type_support.c.o[0m
[54.851s] [ 52%] [32m[1mLinking C shared library libopenni2_camera__rosidl_typesupport_introspection_c.so[0m
[54.852s] [ 52%] Built target openni2_camera__rosidl_typesupport_introspection_c
[54.852s] [ 54%] [32mBuilding CXX object CMakeFiles/openni2_camera__rosidl_typesupport_fastrtps_cpp.dir/rosidl_typesupport_fastrtps_cpp/openni2_camera/srv/detail/dds_fastrtps/get_serial__type_support.cpp.o[0m
[54.852s] [ 56%] [32mBuilding CXX object CMakeFiles/openni2_camera__rosidl_typesupport_introspection_cpp.dir/rosidl_typesupport_introspection_cpp/openni2_camera/srv/detail/get_serial__type_support.cpp.o[0m
[54.863s] [ 58%] [32mBuilding CXX object CMakeFiles/openni2_camera__rosidl_typesupport_cpp.dir/rosidl_typesupport_cpp/openni2_camera/srv/get_serial__type_support.cpp.o[0m
[54.864s] [ 60%] [32m[1mLinking CXX shared library libopenni2_camera__rosidl_typesupport_fastrtps_c.so[0m
[54.864s] [ 62%] [32m[1mLinking CXX shared library libopenni2_camera__rosidl_typesupport_cpp.so[0m
[54.864s] [ 62%] Built target openni2_camera__rosidl_typesupport_cpp
[54.864s] [ 62%] Built target openni2_camera__rosidl_typesupport_fastrtps_c
[54.864s] [ 64%] [32m[1mLinking CXX shared library libopenni2_camera__rosidl_typesupport_introspection_cpp.so[0m
[54.864s] [ 64%] Built target openni2_camera__rosidl_typesupport_introspection_cpp
[54.864s] [ 66%] [32m[1mLinking CXX shared library libopenni2_camera__rosidl_typesupport_fastrtps_cpp.so[0m
[54.864s] [ 66%] Built target openni2_camera__rosidl_typesupport_fastrtps_cpp
[54.864s] [ 68%] [32m[1mLinking CXX executable openni2_camera_driver[0m
[54.864s] [ 70%] [32m[1mLinking CXX shared library libopenni2_wrapper.so[0m
[54.864s] [ 70%] Built target openni2_wrapper
[54.864s] [ 70%] Built target openni2_camera_driver
[54.864s] [ 72%] [32mBuilding CXX object CMakeFiles/list_devices.dir/src/list_devices.cpp.o[0m
[58.844s] [ 74%] [32m[1mLinking CXX executable list_devices[0m
[59.360s] [ 74%] Built target list_devices
[59.410s] [ 76%] [32mBuilding CXX object CMakeFiles/openni2_camera_lib.dir/src/openni2_driver.cpp.o[0m
[71.290s] [01m[K/home/wellyowo/locobot_sim/locobot_ws/src/ThirdParty/openni2_camera/openni2_camera/src/openni2_driver.cpp:[m[K In member function ‘[01m[Kvoid openni2_wrapper::OpenNI2Driver::advertiseROSTopics()[m[K’:
[71.290s] [01m[K/home/wellyowo/locobot_sim/locobot_ws/src/ThirdParty/openni2_camera/openni2_camera/src/openni2_driver.cpp:162:33:[m[K [01;31m[Kerror: [m[K‘[01m[Kstruct rclcpp::PublisherEventCallbacks[m[K’ has no member named ‘[01m[Kmatched_callback[m[K’
[71.290s]   162 |     pub_options.event_callbacks.[01;31m[Kmatched_callback[m[K =
[71.290s]       |                                 [01;31m[K^~~~~~~~~~~~~~~~[m[K
[71.290s] [01m[K/home/wellyowo/locobot_sim/locobot_ws/src/ThirdParty/openni2_camera/openni2_camera/src/openni2_driver.cpp:163:14:[m[K [01;31m[Kerror: [m[K‘[01m[Krclcpp::MatchedInfo[m[K’ has not been declared
[71.290s]   163 |       [this]([01;31m[Krclcpp[m[K::MatchedInfo&)
[71.290s]       |              [01;31m[K^~~~~~[m[K
[71.291s] [01m[K/home/wellyowo/locobot_sim/locobot_ws/src/ThirdParty/openni2_camera/openni2_camera/src/openni2_driver.cpp:169:58:[m[K [01;31m[Kerror: [m[Ktoo many arguments to function ‘[01m[Kimage_transport::CameraPublisher image_transport::create_camera_publisher(rclcpp::Node*, const string&, rmw_qos_profile_t)[m[K’
[71.291s]   169 |     pub_color_ = [01;31m[Kimage_transport::create_camera_publisher(this, "rgb/image_raw", custom_qos, pub_options)[m[K;
[71.291s]       |                  [01;31m[K~~~~~~~~~~~~~~~~~~~~~~~~~~~~~~~~~~~~~~~~^~~~~~~~~~~~~~~~~~~~~~~~~~~~~~~~~~~~~~~~~~~~~~~~[m[K
[71.291s] In file included from [01m[K/home/wellyowo/locobot_sim/locobot_ws/src/ThirdParty/openni2_camera/openni2_camera/include/openni2_camera/openni2_driver.h:39[m[K,
[71.291s]                  from [01m[K/home/wellyowo/locobot_sim/locobot_ws/src/ThirdParty/openni2_camera/openni2_camera/src/openni2_driver.cpp:32[m[K:
[71.291s] [01m[K/opt/ros/humble/include/image_transport/image_transport/image_transport.hpp:74:17:[m[K [01;36m[Knote: [m[Kdeclared here
[71.291s]    74 | CameraPublisher [01;36m[Kcreate_camera_publisher[m[K(
[71.291s]       |                 [01;36m[K^~~~~~~~~~~~~~~~~~~~~~~[m[K
[71.292s] [01m[K/home/wellyowo/locobot_sim/locobot_ws/src/ThirdParty/openni2_camera/openni2_camera/src/openni2_driver.cpp:176:33:[m[K [01;31m[Kerror: [m[K‘[01m[Kstruct rclcpp::PublisherEventCallbacks[m[K’ has no member named ‘[01m[Kmatched_callback[m[K’
[71.292s]   176 |     pub_options.event_callbacks.[01;31m[Kmatched_callback[m[K =
[71.292s]       |                                 [01;31m[K^~~~~~~~~~~~~~~~[m[K
[71.292s] [01m[K/home/wellyowo/locobot_sim/locobot_ws/src/ThirdParty/openni2_camera/openni2_camera/src/openni2_driver.cpp:177:14:[m[K [01;31m[Kerror: [m[K‘[01m[Krclcpp::MatchedInfo[m[K’ has not been declared
[71.292s]   177 |       [this]([01;31m[Krclcpp[m[K::MatchedInfo&)
[71.292s]       |              [01;31m[K^~~~~~[m[K
[71.292s] [01m[K/home/wellyowo/locobot_sim/locobot_ws/src/ThirdParty/openni2_camera/openni2_camera/src/openni2_driver.cpp:183:55:[m[K [01;31m[Kerror: [m[Ktoo many arguments to function ‘[01m[Kimage_transport::CameraPublisher image_transport::create_camera_publisher(rclcpp::Node*, const string&, rmw_qos_profile_t)[m[K’
[71.292s]   183 |     pub_ir_ = [01;31m[Kimage_transport::create_camera_publisher(this, "ir/image_raw", custom_qos, pub_options)[m[K;
[71.292s]       |               [01;31m[K~~~~~~~~~~~~~~~~~~~~~~~~~~~~~~~~~~~~~~~~^~~~~~~~~~~~~~~~~~~~~~~~~~~~~~~~~~~~~~~~~~~~~~~[m[K
[71.292s] In file included from [01m[K/home/wellyowo/locobot_sim/locobot_ws/src/ThirdParty/openni2_camera/openni2_camera/include/openni2_camera/openni2_driver.h:39[m[K,
[71.292s]                  from [01m[K/home/wellyowo/locobot_sim/locobot_ws/src/ThirdParty/openni2_camera/openni2_camera/src/openni2_driver.cpp:32[m[K:
[71.292s] [01m[K/opt/ros/humble/include/image_transport/image_transport/image_transport.hpp:74:17:[m[K [01;36m[Knote: [m[Kdeclared here
[71.292s]    74 | CameraPublisher [01;36m[Kcreate_camera_publisher[m[K(
[71.292s]       |                 [01;36m[K^~~~~~~~~~~~~~~~~~~~~~~[m[K
[71.292s] [01m[K/home/wellyowo/locobot_sim/locobot_ws/src/ThirdParty/openni2_camera/openni2_camera/src/openni2_driver.cpp:190:33:[m[K [01;31m[Kerror: [m[K‘[01m[Kstruct rclcpp::PublisherEventCallbacks[m[K’ has no member named ‘[01m[Kmatched_callback[m[K’
[71.292s]   190 |     pub_options.event_callbacks.[01;31m[Kmatched_callback[m[K =
[71.293s]       |                                 [01;31m[K^~~~~~~~~~~~~~~~[m[K
[71.293s] [01m[K/home/wellyowo/locobot_sim/locobot_ws/src/ThirdParty/openni2_camera/openni2_camera/src/openni2_driver.cpp:191:14:[m[K [01;31m[Kerror: [m[K‘[01m[Krclcpp::MatchedInfo[m[K’ has not been declared
[71.293s]   191 |       [this]([01;31m[Krclcpp[m[K::MatchedInfo&)
[71.293s]       |              [01;31m[K^~~~~~[m[K
[71.293s] [01m[K/home/wellyowo/locobot_sim/locobot_ws/src/ThirdParty/openni2_camera/openni2_camera/src/openni2_driver.cpp:197:62:[m[K [01;31m[Kerror: [m[Ktoo many arguments to function ‘[01m[Kimage_transport::CameraPublisher image_transport::create_camera_publisher(rclcpp::Node*, const string&, rmw_qos_profile_t)[m[K’
[71.293s]   197 |     pub_depth_raw_ = [01;31m[Kimage_transport::create_camera_publisher(this, "depth_raw/image", custom_qos, pub_options)[m[K;
[71.293s]       |                      [01;31m[K~~~~~~~~~~~~~~~~~~~~~~~~~~~~~~~~~~~~~~~~^~~~~~~~~~~~~~~~~~~~~~~~~~~~~~~~~~~~~~~~~~~~~~~~~~[m[K
[71.293s] In file included from [01m[K/home/wellyowo/locobot_sim/locobot_ws/src/ThirdParty/openni2_camera/openni2_camera/include/openni2_camera/openni2_driver.h:39[m[K,
[71.293s]                  from [01m[K/home/wellyowo/locobot_sim/locobot_ws/src/ThirdParty/openni2_camera/openni2_camera/src/openni2_driver.cpp:32[m[K:
[71.293s] [01m[K/opt/ros/humble/include/image_transport/image_transport/image_transport.hpp:74:17:[m[K [01;36m[Knote: [m[Kdeclared here
[71.293s]    74 | CameraPublisher [01;36m[Kcreate_camera_publisher[m[K(
[71.293s]       |                 [01;36m[K^~~~~~~~~~~~~~~~~~~~~~~[m[K
[71.293s] [01m[K/home/wellyowo/locobot_sim/locobot_ws/src/ThirdParty/openni2_camera/openni2_camera/src/openni2_driver.cpp:198:58:[m[K [01;31m[Kerror: [m[Ktoo many arguments to function ‘[01m[Kimage_transport::CameraPublisher image_transport::create_camera_publisher(rclcpp::Node*, const string&, rmw_qos_profile_t)[m[K’
[71.293s]   198 |     pub_depth_ = [01;31m[Kimage_transport::create_camera_publisher(this, "depth/image", custom_qos, pub_options)[m[K;
[71.293s]       |                  [01;31m[K~~~~~~~~~~~~~~~~~~~~~~~~~~~~~~~~~~~~~~~~^~~~~~~~~~~~~~~~~~~~~~~~~~~~~~~~~~~~~~~~~~~~~~[m[K
[71.294s] In file included from [01m[K/home/wellyowo/locobot_sim/locobot_ws/src/ThirdParty/openni2_camera/openni2_camera/include/openni2_camera/openni2_driver.h:39[m[K,
[71.294s]                  from [01m[K/home/wellyowo/locobot_sim/locobot_ws/src/ThirdParty/openni2_camera/openni2_camera/src/openni2_driver.cpp:32[m[K:
[71.294s] [01m[K/opt/ros/humble/include/image_transport/image_transport/image_transport.hpp:74:17:[m[K [01;36m[Knote: [m[Kdeclared here
[71.294s]    74 | CameraPublisher [01;36m[Kcreate_camera_publisher[m[K(
[71.294s]       |                 [01;36m[K^~~~~~~~~~~~~~~~~~~~~~~[m[K
[75.132s] gmake[2]: *** [CMakeFiles/openni2_camera_lib.dir/build.make:76: CMakeFiles/openni2_camera_lib.dir/src/openni2_driver.cpp.o] Error 1
[75.137s] gmake[1]: *** [CMakeFiles/Makefile2:656: CMakeFiles/openni2_camera_lib.dir/all] Error 2
[75.138s] gmake: *** [Makefile:146: all] Error 2
