[0.211s] Invoking command in '/home/wellyowo/locobot_sim/locobot_ws/build/kobuki_keyop': CMAKE_PREFIX_PATH=/opt/ros/humble /usr/bin/cmake /home/wellyowo/locobot_sim/locobot_ws/src/ThirdParty/kobuki_ros/kobuki_keyop -DBUILD_TESTING=OFF -DCMAKE_PREFIX_PATH= -DAMENT_CMAKE_SYMLINK_INSTALL=1 -DCMAKE_INSTALL_PREFIX=/home/wellyowo/locobot_sim/locobot_ws/install/kobuki_keyop
[0.548s] -- The C compiler identification is GNU 11.4.0
[0.548s] -- The CXX compiler identification is GNU 11.4.0
[0.549s] -- Detecting C compiler ABI info
[0.549s] -- Detecting C compiler ABI info - done
[0.549s] -- Check for working C compiler: /usr/bin/cc - skipped
[0.549s] -- Detecting C compile features
[0.549s] -- Detecting C compile features - done
[0.549s] -- Detecting CXX compiler ABI info
[0.596s] -- Detecting CXX compiler ABI info - done
[0.607s] -- Check for working CXX compiler: /usr/bin/c++ - skipped
[0.607s] -- Detecting CXX compile features
[0.607s] -- Detecting CXX compile features - done
[0.614s] -- Found ament_cmake_ros: 0.10.0 (/opt/ros/humble/share/ament_cmake_ros/cmake)
[0.922s] -- Found Python3: /usr/bin/python3 (found version "3.10.12") found components: Interpreter 
[1.009s] -- Override CMake install command with custom implementation using symlinks instead of copying resources
[1.382s] -- Found ecl_build: 1.0.3 (/opt/ros/humble/share/ecl_build/cmake)
[1.452s] -- Found geometry_msgs: 4.9.0 (/opt/ros/humble/share/geometry_msgs/cmake)
[1.741s] -- Found rosidl_generator_c: 3.1.6 (/opt/ros/humble/share/rosidl_generator_c/cmake)
[1.792s] -- Found rosidl_adapter: 3.1.6 (/opt/ros/humble/share/rosidl_adapter/cmake)
[1.819s] -- Found rosidl_generator_cpp: 3.1.6 (/opt/ros/humble/share/rosidl_generator_cpp/cmake)
[1.862s] -- Using all available rosidl_typesupport_c: rosidl_typesupport_fastrtps_c;rosidl_typesupport_introspection_c
[1.964s] -- Using all available rosidl_typesupport_cpp: rosidl_typesupport_fastrtps_cpp;rosidl_typesupport_introspection_cpp
[2.112s] -- Found kobuki_ros_interfaces: 1.0.0 (/opt/ros/humble/share/kobuki_ros_interfaces/cmake)
[2.289s] -- Found rclcpp: 16.0.12 (/opt/ros/humble/share/rclcpp/cmake)
[2.461s] -- Found rmw_implementation_cmake: 6.1.2 (/opt/ros/humble/share/rmw_implementation_cmake/cmake)
[2.478s] -- Found rmw_fastrtps_cpp: 6.2.7 (/opt/ros/humble/share/rmw_fastrtps_cpp/cmake)
[2.812s] -- Found OpenSSL: /usr/lib/x86_64-linux-gnu/libcrypto.so (found version "3.0.2")  
[2.897s] -- Found FastRTPS: /opt/ros/humble/include  
[3.017s] -- Using RMW implementation 'rmw_fastrtps_cpp' as default
[3.050s] -- Looking for pthread.h
[3.285s] -- Looking for pthread.h - found
[3.285s] -- Performing Test CMAKE_HAVE_LIBC_PTHREAD
[3.517s] -- Performing Test CMAKE_HAVE_LIBC_PTHREAD - Success
[3.518s] -- Found Threads: TRUE  
[3.687s] -- Found rclcpp_components: 16.0.12 (/opt/ros/humble/share/rclcpp_components/cmake)
[4.015s] -- Configuring done
[4.107s] -- Generating done
[4.152s] -- Build files have been written to: /home/wellyowo/locobot_sim/locobot_ws/build/kobuki_keyop
[4.233s] Invoked command in '/home/wellyowo/locobot_sim/locobot_ws/build/kobuki_keyop' returned '0': CMAKE_PREFIX_PATH=/opt/ros/humble /usr/bin/cmake /home/wellyowo/locobot_sim/locobot_ws/src/ThirdParty/kobuki_ros/kobuki_keyop -DBUILD_TESTING=OFF -DCMAKE_PREFIX_PATH= -DAMENT_CMAKE_SYMLINK_INSTALL=1 -DCMAKE_INSTALL_PREFIX=/home/wellyowo/locobot_sim/locobot_ws/install/kobuki_keyop
[4.234s] Invoking command in '/home/wellyowo/locobot_sim/locobot_ws/build/kobuki_keyop': CMAKE_PREFIX_PATH=/opt/ros/humble /usr/bin/cmake --build /home/wellyowo/locobot_sim/locobot_ws/build/kobuki_keyop -- -j16 -l16
[5.526s] [ 25%] [32mBuilding CXX object CMakeFiles/kobuki_keyop_node.dir/rclcpp_components/node_main_kobuki_keyop_node.cpp.o[0m
[5.526s] [ 50%] [32mBuilding CXX object CMakeFiles/kobuki_keyop.dir/src/keyop.cpp.o[0m
[32.689s] [ 75%] [32m[1mLinking CXX executable kobuki_keyop_node[0m
[33.511s] [ 75%] Built target kobuki_keyop_node
[73.543s] [100%] [32m[1mLinking CXX shared library libkobuki_keyop.so[0m
[78.453s] [100%] Built target kobuki_keyop
[78.649s] Invoked command in '/home/wellyowo/locobot_sim/locobot_ws/build/kobuki_keyop' returned '0': CMAKE_PREFIX_PATH=/opt/ros/humble /usr/bin/cmake --build /home/wellyowo/locobot_sim/locobot_ws/build/kobuki_keyop -- -j16 -l16
[78.649s] Invoking command in '/home/wellyowo/locobot_sim/locobot_ws/build/kobuki_keyop': CMAKE_PREFIX_PATH=/opt/ros/humble /usr/bin/cmake --install /home/wellyowo/locobot_sim/locobot_ws/build/kobuki_keyop
[81.794s] -- Install configuration: ""
[81.795s] -- Execute custom install script
[81.795s] -- Symlinking: /home/wellyowo/locobot_sim/locobot_ws/install/kobuki_keyop/lib/kobuki_keyop/kobuki_keyop_node
[81.796s] -- Symlinking: /home/wellyowo/locobot_sim/locobot_ws/install/kobuki_keyop/lib/libkobuki_keyop.so
[81.796s] -- Symlinking: /home/wellyowo/locobot_sim/locobot_ws/install/kobuki_keyop/include/kobuki_keyop/keyop.hpp
[81.796s] -- Symlinking: /home/wellyowo/locobot_sim/locobot_ws/install/kobuki_keyop/share/kobuki_keyop/config/keyop_params.yaml
[81.805s] -- Symlinking: /home/wellyowo/locobot_sim/locobot_ws/install/kobuki_keyop/share/ament_index/resource_index/package_run_dependencies/kobuki_keyop
[81.805s] -- Symlinking: /home/wellyowo/locobot_sim/locobot_ws/install/kobuki_keyop/share/ament_index/resource_index/parent_prefix_path/kobuki_keyop
[81.805s] -- Symlinking: /home/wellyowo/locobot_sim/locobot_ws/install/kobuki_keyop/share/kobuki_keyop/environment/ament_prefix_path.sh
[81.806s] -- Symlinking: /home/wellyowo/locobot_sim/locobot_ws/install/kobuki_keyop/share/kobuki_keyop/environment/ament_prefix_path.dsv
[81.806s] -- Symlinking: /home/wellyowo/locobot_sim/locobot_ws/install/kobuki_keyop/share/kobuki_keyop/environment/path.sh
[81.806s] -- Symlinking: /home/wellyowo/locobot_sim/locobot_ws/install/kobuki_keyop/share/kobuki_keyop/environment/path.dsv
[81.806s] -- Symlinking: /home/wellyowo/locobot_sim/locobot_ws/install/kobuki_keyop/share/kobuki_keyop/local_setup.bash
[81.807s] -- Symlinking: /home/wellyowo/locobot_sim/locobot_ws/install/kobuki_keyop/share/kobuki_keyop/local_setup.sh
[81.807s] -- Symlinking: /home/wellyowo/locobot_sim/locobot_ws/install/kobuki_keyop/share/kobuki_keyop/local_setup.zsh
[81.807s] -- Symlinking: /home/wellyowo/locobot_sim/locobot_ws/install/kobuki_keyop/share/kobuki_keyop/local_setup.dsv
[81.807s] -- Symlinking: /home/wellyowo/locobot_sim/locobot_ws/install/kobuki_keyop/share/kobuki_keyop/package.dsv
[81.807s] -- Symlinking: /home/wellyowo/locobot_sim/locobot_ws/install/kobuki_keyop/share/ament_index/resource_index/packages/kobuki_keyop
[81.807s] -- Symlinking: /home/wellyowo/locobot_sim/locobot_ws/install/kobuki_keyop/share/ament_index/resource_index/rclcpp_components/kobuki_keyop
[81.807s] -- Symlinking: /home/wellyowo/locobot_sim/locobot_ws/install/kobuki_keyop/share/kobuki_keyop/cmake/kobuki_keyopConfig.cmake
[81.824s] -- Symlinking: /home/wellyowo/locobot_sim/locobot_ws/install/kobuki_keyop/share/kobuki_keyop/cmake/kobuki_keyopConfig-version.cmake
[81.824s] -- Symlinking: /home/wellyowo/locobot_sim/locobot_ws/install/kobuki_keyop/share/kobuki_keyop/package.xml
[81.837s] Invoked command in '/home/wellyowo/locobot_sim/locobot_ws/build/kobuki_keyop' returned '0': CMAKE_PREFIX_PATH=/opt/ros/humble /usr/bin/cmake --install /home/wellyowo/locobot_sim/locobot_ws/build/kobuki_keyop
