-- The C compiler identification is GNU 11.4.0
-- The CXX compiler identification is GNU 11.4.0
-- Detecting C compiler ABI info
-- Detecting C compiler ABI info - done
-- Check for working C compiler: /usr/bin/cc - skipped
-- Detecting C compile features
-- Detecting C compile features - done
-- Detecting CXX compiler ABI info
-- Detecting CXX compiler ABI info - done
-- Check for working CXX compiler: /usr/bin/c++ - skipped
-- Detecting CXX compile features
-- Detecting CXX compile features - done
-- Found ament_cmake: 1.3.11 (/opt/ros/humble/share/ament_cmake/cmake)
-- Found Python3: /usr/bin/python3 (found version "3.10.12") found components: Interpreter 
-- Override CMake install command with custom implementation using symlinks instead of copying resources
-- Found ament_index_cpp: 1.4.0 (/opt/ros/humble/share/ament_index_cpp/cmake)
-- Found rclcpp: 16.0.12 (/opt/ros/humble/share/rclcpp/cmake)
-- Found rosidl_generator_c: 3.1.6 (/opt/ros/humble/share/rosidl_generator_c/cmake)
-- Found rosidl_adapter: 3.1.6 (/opt/ros/humble/share/rosidl_adapter/cmake)
-- Found rosidl_generator_cpp: 3.1.6 (/opt/ros/humble/share/rosidl_generator_cpp/cmake)
-- Using all available rosidl_typesupport_c: rosidl_typesupport_fastrtps_c;rosidl_typesupport_introspection_c
-- Using all available rosidl_typesupport_cpp: rosidl_typesupport_fastrtps_cpp;rosidl_typesupport_introspection_cpp
-- Found rmw_implementation_cmake: 6.1.2 (/opt/ros/humble/share/rmw_implementation_cmake/cmake)
-- Found rmw_fastrtps_cpp: 6.2.7 (/opt/ros/humble/share/rmw_fastrtps_cpp/cmake)
-- Found OpenSSL: /usr/lib/x86_64-linux-gnu/libcrypto.so (found version "3.0.2")  
-- Found FastRTPS: /opt/ros/humble/include  
-- Using RMW implementation 'rmw_fastrtps_cpp' as default
-- Looking for pthread.h
-- Looking for pthread.h - found
-- Performing Test CMAKE_HAVE_LIBC_PTHREAD
-- Performing Test CMAKE_HAVE_LIBC_PTHREAD - Success
-- Found Threads: TRUE  
-- Found rclpy: 3.3.16 (/opt/ros/humble/share/rclpy/cmake)
-- Found sensor_msgs: 4.9.0 (/opt/ros/humble/share/sensor_msgs/cmake)
-- Found urdf: 2.6.1 (/opt/ros/humble/share/urdf/cmake)
-- Found interbotix_xs_msgs: 0.0.0 (/home/wellyowo/locobot_sim/locobot_ws/install/interbotix_xs_msgs/share/interbotix_xs_msgs/cmake)
-- Found interbotix_xs_driver: 0.3.7 (/home/wellyowo/locobot_sim/locobot_ws/install/interbotix_xs_driver/share/interbotix_xs_driver/cmake)
-- Configuring done
-- Generating done
-- Build files have been written to: /home/wellyowo/locobot_sim/locobot_ws/build/interbotix_xs_sdk
[ 33%] [32mBuilding CXX object CMakeFiles/xs_sdk.dir/src/xs_sdk.cpp.o[0m
[ 66%] [32mBuilding CXX object CMakeFiles/xs_sdk.dir/src/xs_sdk_obj.cpp.o[0m
[100%] [32m[1mLinking CXX executable xs_sdk[0m
[100%] Built target xs_sdk
-- Install configuration: ""
-- Execute custom install script
-- Symlinking: /home/wellyowo/locobot_sim/locobot_ws/install/interbotix_xs_sdk/lib/interbotix_xs_sdk/xs_sdk
-- Symlinking: /home/wellyowo/locobot_sim/locobot_ws/install/interbotix_xs_sdk/lib/interbotix_xs_sdk/xs_sdk_sim.py
-- Symlinking: /home/wellyowo/locobot_sim/locobot_ws/install/interbotix_xs_sdk/share/interbotix_xs_sdk//config/mode_configs_template.yaml
-- Symlinking: /home/wellyowo/locobot_sim/locobot_ws/install/interbotix_xs_sdk/share/interbotix_xs_sdk//config/motor_configs_template.yaml
-- Symlinking: /home/wellyowo/locobot_sim/locobot_ws/install/interbotix_xs_sdk/share/ament_index/resource_index/package_run_dependencies/interbotix_xs_sdk
-- Symlinking: /home/wellyowo/locobot_sim/locobot_ws/install/interbotix_xs_sdk/share/ament_index/resource_index/parent_prefix_path/interbotix_xs_sdk
-- Symlinking: /home/wellyowo/locobot_sim/locobot_ws/install/interbotix_xs_sdk/share/interbotix_xs_sdk/environment/ament_prefix_path.sh
-- Symlinking: /home/wellyowo/locobot_sim/locobot_ws/install/interbotix_xs_sdk/share/interbotix_xs_sdk/environment/ament_prefix_path.dsv
-- Symlinking: /home/wellyowo/locobot_sim/locobot_ws/install/interbotix_xs_sdk/share/interbotix_xs_sdk/environment/path.sh
-- Symlinking: /home/wellyowo/locobot_sim/locobot_ws/install/interbotix_xs_sdk/share/interbotix_xs_sdk/environment/path.dsv
-- Symlinking: /home/wellyowo/locobot_sim/locobot_ws/install/interbotix_xs_sdk/share/interbotix_xs_sdk/local_setup.bash
-- Symlinking: /home/wellyowo/locobot_sim/locobot_ws/install/interbotix_xs_sdk/share/interbotix_xs_sdk/local_setup.sh
-- Symlinking: /home/wellyowo/locobot_sim/locobot_ws/install/interbotix_xs_sdk/share/interbotix_xs_sdk/local_setup.zsh
-- Symlinking: /home/wellyowo/locobot_sim/locobot_ws/install/interbotix_xs_sdk/share/interbotix_xs_sdk/local_setup.dsv
-- Symlinking: /home/wellyowo/locobot_sim/locobot_ws/install/interbotix_xs_sdk/share/interbotix_xs_sdk/package.dsv
-- Symlinking: /home/wellyowo/locobot_sim/locobot_ws/install/interbotix_xs_sdk/share/ament_index/resource_index/packages/interbotix_xs_sdk
-- Symlinking: /home/wellyowo/locobot_sim/locobot_ws/install/interbotix_xs_sdk/share/interbotix_xs_sdk/cmake/interbotix_xs_sdkConfig.cmake
-- Symlinking: /home/wellyowo/locobot_sim/locobot_ws/install/interbotix_xs_sdk/share/interbotix_xs_sdk/cmake/interbotix_xs_sdkConfig-version.cmake
-- Symlinking: /home/wellyowo/locobot_sim/locobot_ws/install/interbotix_xs_sdk/share/interbotix_xs_sdk/package.xml
