[35m[1mConsolidate compiler generated dependencies of target gtest_main[0m
[35m[1mConsolidate compiler generated dependencies of target gtest[0m
[ 33%] Built target gtest
[ 66%] Built target gtest_main
[35m[1mConsolidate compiler generated dependencies of target test_byte_array[0m
[100%] Built target test_byte_array
-- Install configuration: ""
-- Installing: /home/wellyowo/locobot_sim/locobot_ws/src/install/ecl_converters_lite/share/ament_index/resource_index/package_run_dependencies/ecl_converters_lite
-- Installing: /home/wellyowo/locobot_sim/locobot_ws/src/install/ecl_converters_lite/share/ament_index/resource_index/parent_prefix_path/ecl_converters_lite
-- Installing: /home/wellyowo/locobot_sim/locobot_ws/src/install/ecl_converters_lite/share/ecl_converters_lite/environment/ament_prefix_path.sh
-- Installing: /home/wellyowo/locobot_sim/locobot_ws/src/install/ecl_converters_lite/share/ecl_converters_lite/environment/ament_prefix_path.dsv
-- Installing: /home/wellyowo/locobot_sim/locobot_ws/src/install/ecl_converters_lite/share/ecl_converters_lite/environment/path.sh
-- Installing: /home/wellyowo/locobot_sim/locobot_ws/src/install/ecl_converters_lite/share/ecl_converters_lite/environment/path.dsv
-- Installing: /home/wellyowo/locobot_sim/locobot_ws/src/install/ecl_converters_lite/share/ecl_converters_lite/local_setup.bash
-- Installing: /home/wellyowo/locobot_sim/locobot_ws/src/install/ecl_converters_lite/share/ecl_converters_lite/local_setup.sh
-- Installing: /home/wellyowo/locobot_sim/locobot_ws/src/install/ecl_converters_lite/share/ecl_converters_lite/local_setup.zsh
-- Installing: /home/wellyowo/locobot_sim/locobot_ws/src/install/ecl_converters_lite/share/ecl_converters_lite/local_setup.dsv
-- Installing: /home/wellyowo/locobot_sim/locobot_ws/src/install/ecl_converters_lite/share/ecl_converters_lite/package.dsv
-- Installing: /home/wellyowo/locobot_sim/locobot_ws/src/install/ecl_converters_lite/share/ament_index/resource_index/packages/ecl_converters_lite
-- Installing: /home/wellyowo/locobot_sim/locobot_ws/src/install/ecl_converters_lite/share/ecl_converters_lite/cmake/ecl_converters_liteExport.cmake
-- Installing: /home/wellyowo/locobot_sim/locobot_ws/src/install/ecl_converters_lite/share/ecl_converters_lite/cmake/ament_cmake_export_targets-extras.cmake
-- Installing: /home/wellyowo/locobot_sim/locobot_ws/src/install/ecl_converters_lite/share/ecl_converters_lite/cmake/ament_cmake_export_include_directories-extras.cmake
-- Installing: /home/wellyowo/locobot_sim/locobot_ws/src/install/ecl_converters_lite/share/ecl_converters_lite/cmake/ament_cmake_export_dependencies-extras.cmake
-- Installing: /home/wellyowo/locobot_sim/locobot_ws/src/install/ecl_converters_lite/share/ecl_converters_lite/cmake/ecl_converters_liteConfig.cmake
-- Installing: /home/wellyowo/locobot_sim/locobot_ws/src/install/ecl_converters_lite/share/ecl_converters_lite/cmake/ecl_converters_liteConfig-version.cmake
-- Installing: /home/wellyowo/locobot_sim/locobot_ws/src/install/ecl_converters_lite/share/ecl_converters_lite/package.xml
-- Installing: /home/wellyowo/locobot_sim/locobot_ws/src/install/ecl_converters_lite/include/ecl/converters_lite.hpp
-- Installing: /home/wellyowo/locobot_sim/locobot_ws/src/install/ecl_converters_lite/include/ecl/converters_lite/byte_array.hpp
