[0.280s] Invoking command in '/home/wellyowo/locobot_sim/locobot_ws/src/build/ecl_converters_lite': AMENT_PREFIX_PATH=/home/wellyowo/locobot_sim/locobot_ws/src/install/ecl_config:${AMENT_PREFIX_PATH} CMAKE_PREFIX_PATH=/home/wellyowo/locobot_sim/locobot_ws/src/install/ecl_config:/opt/ros/humble PATH=/home/wellyowo/locobot_sim/locobot_ws/src/install/ecl_config/bin:${PATH} /usr/bin/cmake --build /home/wellyowo/locobot_sim/locobot_ws/src/build/ecl_converters_lite -- -j16 -l16
[0.337s] [35m[1mConsolidate compiler generated dependencies of target gtest_main[0m
[0.337s] [35m[1mConsolidate compiler generated dependencies of target gtest[0m
[0.349s] [ 33%] Built target gtest
[0.349s] [ 66%] Built target gtest_main
[0.367s] [35m[1mConsolidate compiler generated dependencies of target test_byte_array[0m
[0.434s] [100%] Built target test_byte_array
[0.682s] Invoked command in '/home/wellyowo/locobot_sim/locobot_ws/src/build/ecl_converters_lite' returned '0': AMENT_PREFIX_PATH=/home/wellyowo/locobot_sim/locobot_ws/src/install/ecl_config:${AMENT_PREFIX_PATH} CMAKE_PREFIX_PATH=/home/wellyowo/locobot_sim/locobot_ws/src/install/ecl_config:/opt/ros/humble PATH=/home/wellyowo/locobot_sim/locobot_ws/src/install/ecl_config/bin:${PATH} /usr/bin/cmake --build /home/wellyowo/locobot_sim/locobot_ws/src/build/ecl_converters_lite -- -j16 -l16
[0.690s] Invoking command in '/home/wellyowo/locobot_sim/locobot_ws/src/build/ecl_converters_lite': AMENT_PREFIX_PATH=/home/wellyowo/locobot_sim/locobot_ws/src/install/ecl_config:${AMENT_PREFIX_PATH} CMAKE_PREFIX_PATH=/home/wellyowo/locobot_sim/locobot_ws/src/install/ecl_config:/opt/ros/humble PATH=/home/wellyowo/locobot_sim/locobot_ws/src/install/ecl_config/bin:${PATH} /usr/bin/cmake --install /home/wellyowo/locobot_sim/locobot_ws/src/build/ecl_converters_lite
[0.746s] -- Install configuration: ""
[0.746s] -- Installing: /home/wellyowo/locobot_sim/locobot_ws/src/install/ecl_converters_lite/share/ament_index/resource_index/package_run_dependencies/ecl_converters_lite
[0.746s] -- Installing: /home/wellyowo/locobot_sim/locobot_ws/src/install/ecl_converters_lite/share/ament_index/resource_index/parent_prefix_path/ecl_converters_lite
[0.746s] -- Installing: /home/wellyowo/locobot_sim/locobot_ws/src/install/ecl_converters_lite/share/ecl_converters_lite/environment/ament_prefix_path.sh
[0.746s] -- Installing: /home/wellyowo/locobot_sim/locobot_ws/src/install/ecl_converters_lite/share/ecl_converters_lite/environment/ament_prefix_path.dsv
[0.746s] -- Installing: /home/wellyowo/locobot_sim/locobot_ws/src/install/ecl_converters_lite/share/ecl_converters_lite/environment/path.sh
[0.746s] -- Installing: /home/wellyowo/locobot_sim/locobot_ws/src/install/ecl_converters_lite/share/ecl_converters_lite/environment/path.dsv
[0.746s] -- Installing: /home/wellyowo/locobot_sim/locobot_ws/src/install/ecl_converters_lite/share/ecl_converters_lite/local_setup.bash
[0.746s] -- Installing: /home/wellyowo/locobot_sim/locobot_ws/src/install/ecl_converters_lite/share/ecl_converters_lite/local_setup.sh
[0.746s] -- Installing: /home/wellyowo/locobot_sim/locobot_ws/src/install/ecl_converters_lite/share/ecl_converters_lite/local_setup.zsh
[0.746s] -- Installing: /home/wellyowo/locobot_sim/locobot_ws/src/install/ecl_converters_lite/share/ecl_converters_lite/local_setup.dsv
[0.746s] -- Installing: /home/wellyowo/locobot_sim/locobot_ws/src/install/ecl_converters_lite/share/ecl_converters_lite/package.dsv
[0.746s] -- Installing: /home/wellyowo/locobot_sim/locobot_ws/src/install/ecl_converters_lite/share/ament_index/resource_index/packages/ecl_converters_lite
[0.746s] -- Installing: /home/wellyowo/locobot_sim/locobot_ws/src/install/ecl_converters_lite/share/ecl_converters_lite/cmake/ecl_converters_liteExport.cmake
[0.747s] -- Installing: /home/wellyowo/locobot_sim/locobot_ws/src/install/ecl_converters_lite/share/ecl_converters_lite/cmake/ament_cmake_export_targets-extras.cmake
[0.747s] -- Installing: /home/wellyowo/locobot_sim/locobot_ws/src/install/ecl_converters_lite/share/ecl_converters_lite/cmake/ament_cmake_export_include_directories-extras.cmake
[0.747s] -- Installing: /home/wellyowo/locobot_sim/locobot_ws/src/install/ecl_converters_lite/share/ecl_converters_lite/cmake/ament_cmake_export_dependencies-extras.cmake
[0.747s] -- Installing: /home/wellyowo/locobot_sim/locobot_ws/src/install/ecl_converters_lite/share/ecl_converters_lite/cmake/ecl_converters_liteConfig.cmake
[0.747s] -- Installing: /home/wellyowo/locobot_sim/locobot_ws/src/install/ecl_converters_lite/share/ecl_converters_lite/cmake/ecl_converters_liteConfig-version.cmake
[0.747s] -- Installing: /home/wellyowo/locobot_sim/locobot_ws/src/install/ecl_converters_lite/share/ecl_converters_lite/package.xml
[0.747s] -- Installing: /home/wellyowo/locobot_sim/locobot_ws/src/install/ecl_converters_lite/include/ecl/converters_lite.hpp
[0.747s] -- Installing: /home/wellyowo/locobot_sim/locobot_ws/src/install/ecl_converters_lite/include/ecl/converters_lite/byte_array.hpp
[0.954s] Invoked command in '/home/wellyowo/locobot_sim/locobot_ws/src/build/ecl_converters_lite' returned '0': AMENT_PREFIX_PATH=/home/wellyowo/locobot_sim/locobot_ws/src/install/ecl_config:${AMENT_PREFIX_PATH} CMAKE_PREFIX_PATH=/home/wellyowo/locobot_sim/locobot_ws/src/install/ecl_config:/opt/ros/humble PATH=/home/wellyowo/locobot_sim/locobot_ws/src/install/ecl_config/bin:${PATH} /usr/bin/cmake --install /home/wellyowo/locobot_sim/locobot_ws/src/build/ecl_converters_lite
