[0.024s] Invoking command in '/home/wellyowo/locobot_sim/locobot_ws/build/ecl_converters_lite': AMENT_PREFIX_PATH=/home/wellyowo/locobot_sim/locobot_ws/install/ecl_config:${AMENT_PREFIX_PATH} CMAKE_PREFIX_PATH=/home/wellyowo/locobot_sim/locobot_ws/install/ecl_config:/opt/ros/humble PATH=/home/wellyowo/locobot_sim/locobot_ws/install/ecl_config/bin:${PATH} /usr/bin/cmake /home/wellyowo/locobot_sim/locobot_ws/src/ThirdParty/ecl/ecl_lite/ecl_converters_lite -DBUILD_TESTING=OFF -DCMAKE_PREFIX_PATH= -DAMENT_CMAKE_SYMLINK_INSTALL=1 -DCMAKE_INSTALL_PREFIX=/home/wellyowo/locobot_sim/locobot_ws/install/ecl_converters_lite
[1.308s] -- The C compiler identification is GNU 11.4.0
[1.308s] -- The CXX compiler identification is GNU 11.4.0
[1.308s] -- Detecting C compiler ABI info
[1.308s] -- Detecting C compiler ABI info - done
[1.308s] -- Check for working C compiler: /usr/bin/cc - skipped
[1.308s] -- Detecting C compile features
[1.309s] -- Detecting C compile features - done
[1.309s] -- Detecting CXX compiler ABI info
[1.309s] -- Detecting CXX compiler ABI info - done
[1.309s] -- Check for working CXX compiler: /usr/bin/c++ - skipped
[1.309s] -- Detecting CXX compile features
[1.322s] -- Detecting CXX compile features - done
[1.323s] -- Found ament_cmake_ros: 0.10.0 (/opt/ros/humble/share/ament_cmake_ros/cmake)
[1.323s] -- Found Python3: /usr/bin/python3 (found version "3.10.12") found components: Interpreter 
[1.596s] -- Override CMake install command with custom implementation using symlinks instead of copying resources
[1.661s] -- Found ecl_build: 1.0.3 (/opt/ros/humble/share/ecl_build/cmake)
[1.676s] -- Found ecl_config: 1.2.0 (/home/wellyowo/locobot_sim/locobot_ws/install/ecl_config/share/ecl_config/cmake)
[2.083s] -- Configuring done
[2.117s] -- Generating done
[2.130s] -- Build files have been written to: /home/wellyowo/locobot_sim/locobot_ws/build/ecl_converters_lite
[2.202s] Invoked command in '/home/wellyowo/locobot_sim/locobot_ws/build/ecl_converters_lite' returned '0': AMENT_PREFIX_PATH=/home/wellyowo/locobot_sim/locobot_ws/install/ecl_config:${AMENT_PREFIX_PATH} CMAKE_PREFIX_PATH=/home/wellyowo/locobot_sim/locobot_ws/install/ecl_config:/opt/ros/humble PATH=/home/wellyowo/locobot_sim/locobot_ws/install/ecl_config/bin:${PATH} /usr/bin/cmake /home/wellyowo/locobot_sim/locobot_ws/src/ThirdParty/ecl/ecl_lite/ecl_converters_lite -DBUILD_TESTING=OFF -DCMAKE_PREFIX_PATH= -DAMENT_CMAKE_SYMLINK_INSTALL=1 -DCMAKE_INSTALL_PREFIX=/home/wellyowo/locobot_sim/locobot_ws/install/ecl_converters_lite
[2.203s] Invoking command in '/home/wellyowo/locobot_sim/locobot_ws/build/ecl_converters_lite': AMENT_PREFIX_PATH=/home/wellyowo/locobot_sim/locobot_ws/install/ecl_config:${AMENT_PREFIX_PATH} CMAKE_PREFIX_PATH=/home/wellyowo/locobot_sim/locobot_ws/install/ecl_config:/opt/ros/humble PATH=/home/wellyowo/locobot_sim/locobot_ws/install/ecl_config/bin:${PATH} /usr/bin/cmake --build /home/wellyowo/locobot_sim/locobot_ws/build/ecl_converters_lite -- -j16 -l16
[3.246s] Invoked command in '/home/wellyowo/locobot_sim/locobot_ws/build/ecl_converters_lite' returned '0': AMENT_PREFIX_PATH=/home/wellyowo/locobot_sim/locobot_ws/install/ecl_config:${AMENT_PREFIX_PATH} CMAKE_PREFIX_PATH=/home/wellyowo/locobot_sim/locobot_ws/install/ecl_config:/opt/ros/humble PATH=/home/wellyowo/locobot_sim/locobot_ws/install/ecl_config/bin:${PATH} /usr/bin/cmake --build /home/wellyowo/locobot_sim/locobot_ws/build/ecl_converters_lite -- -j16 -l16
[3.247s] Invoking command in '/home/wellyowo/locobot_sim/locobot_ws/build/ecl_converters_lite': AMENT_PREFIX_PATH=/home/wellyowo/locobot_sim/locobot_ws/install/ecl_config:${AMENT_PREFIX_PATH} CMAKE_PREFIX_PATH=/home/wellyowo/locobot_sim/locobot_ws/install/ecl_config:/opt/ros/humble PATH=/home/wellyowo/locobot_sim/locobot_ws/install/ecl_config/bin:${PATH} /usr/bin/cmake --install /home/wellyowo/locobot_sim/locobot_ws/build/ecl_converters_lite
[3.964s] -- Install configuration: ""
[3.967s] -- Execute custom install script
[3.985s] -- Symlinking: /home/wellyowo/locobot_sim/locobot_ws/install/ecl_converters_lite/include/ecl/converters_lite/byte_array.hpp
[3.986s] -- Symlinking: /home/wellyowo/locobot_sim/locobot_ws/install/ecl_converters_lite/include/ecl/converters_lite.hpp
[3.986s] -- Symlinking: /home/wellyowo/locobot_sim/locobot_ws/install/ecl_converters_lite/share/ament_index/resource_index/package_run_dependencies/ecl_converters_lite
[3.986s] -- Symlinking: /home/wellyowo/locobot_sim/locobot_ws/install/ecl_converters_lite/share/ament_index/resource_index/parent_prefix_path/ecl_converters_lite
[3.986s] -- Symlinking: /home/wellyowo/locobot_sim/locobot_ws/install/ecl_converters_lite/share/ecl_converters_lite/environment/ament_prefix_path.sh
[3.986s] -- Symlinking: /home/wellyowo/locobot_sim/locobot_ws/install/ecl_converters_lite/share/ecl_converters_lite/environment/ament_prefix_path.dsv
[3.986s] -- Symlinking: /home/wellyowo/locobot_sim/locobot_ws/install/ecl_converters_lite/share/ecl_converters_lite/environment/path.sh
[3.986s] -- Symlinking: /home/wellyowo/locobot_sim/locobot_ws/install/ecl_converters_lite/share/ecl_converters_lite/environment/path.dsv
[3.986s] -- Symlinking: /home/wellyowo/locobot_sim/locobot_ws/install/ecl_converters_lite/share/ecl_converters_lite/local_setup.bash
[3.987s] -- Symlinking: /home/wellyowo/locobot_sim/locobot_ws/install/ecl_converters_lite/share/ecl_converters_lite/local_setup.sh
[3.987s] -- Symlinking: /home/wellyowo/locobot_sim/locobot_ws/install/ecl_converters_lite/share/ecl_converters_lite/local_setup.zsh
[3.987s] -- Symlinking: /home/wellyowo/locobot_sim/locobot_ws/install/ecl_converters_lite/share/ecl_converters_lite/local_setup.dsv
[3.987s] -- Symlinking: /home/wellyowo/locobot_sim/locobot_ws/install/ecl_converters_lite/share/ecl_converters_lite/package.dsv
[3.987s] -- Symlinking: /home/wellyowo/locobot_sim/locobot_ws/install/ecl_converters_lite/share/ament_index/resource_index/packages/ecl_converters_lite
[3.987s] -- Symlinking: /home/wellyowo/locobot_sim/locobot_ws/install/ecl_converters_lite/share/ecl_converters_lite/cmake/ament_cmake_export_targets-extras.cmake
[3.987s] -- Symlinking: /home/wellyowo/locobot_sim/locobot_ws/install/ecl_converters_lite/share/ecl_converters_lite/cmake/ament_cmake_export_include_directories-extras.cmake
[3.987s] -- Symlinking: /home/wellyowo/locobot_sim/locobot_ws/install/ecl_converters_lite/share/ecl_converters_lite/cmake/ament_cmake_export_dependencies-extras.cmake
[3.987s] -- Symlinking: /home/wellyowo/locobot_sim/locobot_ws/install/ecl_converters_lite/share/ecl_converters_lite/cmake/ecl_converters_liteConfig.cmake
[3.987s] -- Symlinking: /home/wellyowo/locobot_sim/locobot_ws/install/ecl_converters_lite/share/ecl_converters_lite/cmake/ecl_converters_liteConfig-version.cmake
[3.987s] -- Symlinking: /home/wellyowo/locobot_sim/locobot_ws/install/ecl_converters_lite/share/ecl_converters_lite/package.xml
[3.987s] -- Installing: /home/wellyowo/locobot_sim/locobot_ws/install/ecl_converters_lite/share/ecl_converters_lite/cmake/ecl_converters_liteExport.cmake
[4.244s] Invoked command in '/home/wellyowo/locobot_sim/locobot_ws/build/ecl_converters_lite' returned '0': AMENT_PREFIX_PATH=/home/wellyowo/locobot_sim/locobot_ws/install/ecl_config:${AMENT_PREFIX_PATH} CMAKE_PREFIX_PATH=/home/wellyowo/locobot_sim/locobot_ws/install/ecl_config:/opt/ros/humble PATH=/home/wellyowo/locobot_sim/locobot_ws/install/ecl_config/bin:${PATH} /usr/bin/cmake --install /home/wellyowo/locobot_sim/locobot_ws/build/ecl_converters_lite
