-- The C compiler identification is GNU 11.4.0
-- The CXX compiler identification is GNU 11.4.0
-- Detecting C compiler ABI info
-- Detecting C compiler ABI info - done
-- Check for working C compiler: /usr/bin/cc - skipped
-- Detecting C compile features
-- Detecting C compile features - done
-- Detecting CXX compiler ABI info
-- Detecting CXX compiler ABI info - done
-- Check for working CXX compiler: /usr/bin/c++ - skipped
-- Detecting CXX compile features
-- Detecting CXX compile features - done
-- Found ament_cmake: 1.3.11 (/opt/ros/humble/share/ament_cmake/cmake)
-- Found Python3: /usr/bin/python3 (found version "3.10.12") found components: Interpreter 
-- Override CMake install command with custom implementation using symlinks instead of copying resources
-- Found interbotix_xs_msgs: 0.0.0 (/home/wellyowo/locobot_sim/locobot_ws/install/interbotix_xs_msgs/share/interbotix_xs_msgs/cmake)
-- Found rosidl_generator_c: 3.1.6 (/opt/ros/humble/share/rosidl_generator_c/cmake)
-- Found rosidl_adapter: 3.1.6 (/opt/ros/humble/share/rosidl_adapter/cmake)
-- Found rosidl_generator_cpp: 3.1.6 (/opt/ros/humble/share/rosidl_generator_cpp/cmake)
-- Using all available rosidl_typesupport_c: rosidl_typesupport_fastrtps_c;rosidl_typesupport_introspection_c
-- Using all available rosidl_typesupport_cpp: rosidl_typesupport_fastrtps_cpp;rosidl_typesupport_introspection_cpp
-- Found rclcpp: 16.0.12 (/opt/ros/humble/share/rclcpp/cmake)
-- Found rmw_implementation_cmake: 6.1.2 (/opt/ros/humble/share/rmw_implementation_cmake/cmake)
-- Found rmw_fastrtps_cpp: 6.2.7 (/opt/ros/humble/share/rmw_fastrtps_cpp/cmake)
-- Found OpenSSL: /usr/lib/x86_64-linux-gnu/libcrypto.so (found version "3.0.2")  
-- Found FastRTPS: /opt/ros/humble/include  
-- Using RMW implementation 'rmw_fastrtps_cpp' as default
-- Looking for pthread.h
-- Looking for pthread.h - found
-- Performing Test CMAKE_HAVE_LIBC_PTHREAD
-- Performing Test CMAKE_HAVE_LIBC_PTHREAD - Success
-- Found Threads: TRUE  
-- Found sensor_msgs: 4.9.0 (/opt/ros/humble/share/sensor_msgs/cmake)
-- Configuring done
-- Generating done
-- Build files have been written to: /home/wellyowo/locobot_sim/locobot_ws/build/interbotix_xslocobot_joy
[ 50%] [32mBuilding CXX object CMakeFiles/xslocobot_joy.dir/src/xslocobot_joy.cpp.o[0m
[100%] [32m[1mLinking CXX executable xslocobot_joy[0m
[100%] Built target xslocobot_joy
-- Install configuration: ""
-- Execute custom install script
-- Symlinking: /home/wellyowo/locobot_sim/locobot_ws/install/interbotix_xslocobot_joy/lib/interbotix_xslocobot_joy/xslocobot_joy
-- Symlinking: /home/wellyowo/locobot_sim/locobot_ws/install/interbotix_xslocobot_joy/lib/interbotix_xslocobot_joy/xslocobot_robot.py
-- Symlinking: /home/wellyowo/locobot_sim/locobot_ws/install/interbotix_xslocobot_joy/share/interbotix_xslocobot_joy//config/modes_all.yaml
-- Symlinking: /home/wellyowo/locobot_sim/locobot_ws/install/interbotix_xslocobot_joy/share/interbotix_xslocobot_joy//config/modes_base.yaml
-- Symlinking: /home/wellyowo/locobot_sim/locobot_ws/install/interbotix_xslocobot_joy/share/interbotix_xslocobot_joy//launch/xslocobot_joy.launch.py
-- Symlinking: /home/wellyowo/locobot_sim/locobot_ws/install/interbotix_xslocobot_joy/share/ament_index/resource_index/package_run_dependencies/interbotix_xslocobot_joy
-- Symlinking: /home/wellyowo/locobot_sim/locobot_ws/install/interbotix_xslocobot_joy/share/ament_index/resource_index/parent_prefix_path/interbotix_xslocobot_joy
-- Symlinking: /home/wellyowo/locobot_sim/locobot_ws/install/interbotix_xslocobot_joy/share/interbotix_xslocobot_joy/environment/ament_prefix_path.sh
-- Symlinking: /home/wellyowo/locobot_sim/locobot_ws/install/interbotix_xslocobot_joy/share/interbotix_xslocobot_joy/environment/ament_prefix_path.dsv
-- Symlinking: /home/wellyowo/locobot_sim/locobot_ws/install/interbotix_xslocobot_joy/share/interbotix_xslocobot_joy/environment/path.sh
-- Symlinking: /home/wellyowo/locobot_sim/locobot_ws/install/interbotix_xslocobot_joy/share/interbotix_xslocobot_joy/environment/path.dsv
-- Symlinking: /home/wellyowo/locobot_sim/locobot_ws/install/interbotix_xslocobot_joy/share/interbotix_xslocobot_joy/local_setup.bash
-- Symlinking: /home/wellyowo/locobot_sim/locobot_ws/install/interbotix_xslocobot_joy/share/interbotix_xslocobot_joy/local_setup.sh
-- Symlinking: /home/wellyowo/locobot_sim/locobot_ws/install/interbotix_xslocobot_joy/share/interbotix_xslocobot_joy/local_setup.zsh
-- Symlinking: /home/wellyowo/locobot_sim/locobot_ws/install/interbotix_xslocobot_joy/share/interbotix_xslocobot_joy/local_setup.dsv
-- Symlinking: /home/wellyowo/locobot_sim/locobot_ws/install/interbotix_xslocobot_joy/share/interbotix_xslocobot_joy/package.dsv
-- Symlinking: /home/wellyowo/locobot_sim/locobot_ws/install/interbotix_xslocobot_joy/share/ament_index/resource_index/packages/interbotix_xslocobot_joy
-- Symlinking: /home/wellyowo/locobot_sim/locobot_ws/install/interbotix_xslocobot_joy/share/interbotix_xslocobot_joy/cmake/interbotix_xslocobot_joyConfig.cmake
-- Symlinking: /home/wellyowo/locobot_sim/locobot_ws/install/interbotix_xslocobot_joy/share/interbotix_xslocobot_joy/cmake/interbotix_xslocobot_joyConfig-version.cmake
-- Symlinking: /home/wellyowo/locobot_sim/locobot_ws/install/interbotix_xslocobot_joy/share/interbotix_xslocobot_joy/package.xml
