[0.320s] Invoking command in '/home/wellyowo/locobot_sim/locobot_ws/src/build/ecl_concepts': AMENT_PREFIX_PATH=/home/wellyowo/locobot_sim/locobot_ws/src/install/ecl_type_traits:/home/wellyowo/locobot_sim/locobot_ws/src/install/ecl_mpl:/home/wellyowo/locobot_sim/locobot_ws/src/install/ecl_config:${AMENT_PREFIX_PATH} CMAKE_PREFIX_PATH=/home/wellyowo/locobot_sim/locobot_ws/src/install/ecl_type_traits:/home/wellyowo/locobot_sim/locobot_ws/src/install/ecl_mpl:/home/wellyowo/locobot_sim/locobot_ws/src/install/ecl_config:/opt/ros/humble LD_LIBRARY_PATH=/home/wellyowo/locobot_sim/locobot_ws/src/install/ecl_type_traits/lib:${LD_LIBRARY_PATH} PATH=/home/wellyowo/locobot_sim/locobot_ws/src/install/ecl_type_traits/bin:/home/wellyowo/locobot_sim/locobot_ws/src/install/ecl_config/bin:${PATH} /usr/bin/cmake /home/wellyowo/locobot_sim/locobot_ws/src/ThirdParty/ecl/ecl_core/ecl_concepts -DCMAKE_INSTALL_PREFIX=/home/wellyowo/locobot_sim/locobot_ws/src/install/ecl_concepts
[0.516s] -- The C compiler identification is GNU 11.4.0
[0.662s] -- The CXX compiler identification is GNU 11.4.0
[0.686s] -- Detecting C compiler ABI info
[0.937s] -- Detecting C compiler ABI info - done
[0.968s] -- Check for working C compiler: /usr/bin/cc - skipped
[0.968s] -- Detecting C compile features
[0.968s] -- Detecting C compile features - done
[0.977s] -- Detecting CXX compiler ABI info
[1.310s] -- Detecting CXX compiler ABI info - done
[1.343s] -- Check for working CXX compiler: /usr/bin/c++ - skipped
[1.344s] -- Detecting CXX compile features
[1.345s] -- Detecting CXX compile features - done
[1.362s] -- Found ament_cmake_ros: 0.10.0 (/opt/ros/humble/share/ament_cmake_ros/cmake)
[2.053s] -- Found Python3: /usr/bin/python3 (found version "3.10.12") found components: Interpreter 
[2.745s] -- Found ecl_build: 1.0.3 (/opt/ros/humble/share/ecl_build/cmake)
[2.779s] -- Found ecl_config: 1.2.0 (/home/wellyowo/locobot_sim/locobot_ws/src/install/ecl_config/share/ecl_config/cmake)
[2.788s] -- Found ecl_type_traits: 1.2.1 (/home/wellyowo/locobot_sim/locobot_ws/src/install/ecl_type_traits/share/ecl_type_traits/cmake)
[2.976s] -- Found ament_lint_auto: 0.12.12 (/opt/ros/humble/share/ament_lint_auto/cmake)
[3.152s] -- Found gtest sources under '/opt/ros/humble/src/gtest_vendor': C++ tests using 'Google Test' will be built
[3.167s] -- Looking for pthread.h
[3.529s] -- Looking for pthread.h - found
[3.529s] -- Performing Test CMAKE_HAVE_LIBC_PTHREAD
[3.916s] -- Performing Test CMAKE_HAVE_LIBC_PTHREAD - Success
[3.918s] -- Found Threads: TRUE  
[3.944s] -- Configuring done
[4.014s] -- Generating done
[4.032s] -- Build files have been written to: /home/wellyowo/locobot_sim/locobot_ws/src/build/ecl_concepts
[4.145s] Invoked command in '/home/wellyowo/locobot_sim/locobot_ws/src/build/ecl_concepts' returned '0': AMENT_PREFIX_PATH=/home/wellyowo/locobot_sim/locobot_ws/src/install/ecl_type_traits:/home/wellyowo/locobot_sim/locobot_ws/src/install/ecl_mpl:/home/wellyowo/locobot_sim/locobot_ws/src/install/ecl_config:${AMENT_PREFIX_PATH} CMAKE_PREFIX_PATH=/home/wellyowo/locobot_sim/locobot_ws/src/install/ecl_type_traits:/home/wellyowo/locobot_sim/locobot_ws/src/install/ecl_mpl:/home/wellyowo/locobot_sim/locobot_ws/src/install/ecl_config:/opt/ros/humble LD_LIBRARY_PATH=/home/wellyowo/locobot_sim/locobot_ws/src/install/ecl_type_traits/lib:${LD_LIBRARY_PATH} PATH=/home/wellyowo/locobot_sim/locobot_ws/src/install/ecl_type_traits/bin:/home/wellyowo/locobot_sim/locobot_ws/src/install/ecl_config/bin:${PATH} /usr/bin/cmake /home/wellyowo/locobot_sim/locobot_ws/src/ThirdParty/ecl/ecl_core/ecl_concepts -DCMAKE_INSTALL_PREFIX=/home/wellyowo/locobot_sim/locobot_ws/src/install/ecl_concepts
[4.146s] Invoking command in '/home/wellyowo/locobot_sim/locobot_ws/src/build/ecl_concepts': AMENT_PREFIX_PATH=/home/wellyowo/locobot_sim/locobot_ws/src/install/ecl_type_traits:/home/wellyowo/locobot_sim/locobot_ws/src/install/ecl_mpl:/home/wellyowo/locobot_sim/locobot_ws/src/install/ecl_config:${AMENT_PREFIX_PATH} CMAKE_PREFIX_PATH=/home/wellyowo/locobot_sim/locobot_ws/src/install/ecl_type_traits:/home/wellyowo/locobot_sim/locobot_ws/src/install/ecl_mpl:/home/wellyowo/locobot_sim/locobot_ws/src/install/ecl_config:/opt/ros/humble LD_LIBRARY_PATH=/home/wellyowo/locobot_sim/locobot_ws/src/install/ecl_type_traits/lib:${LD_LIBRARY_PATH} PATH=/home/wellyowo/locobot_sim/locobot_ws/src/install/ecl_type_traits/bin:/home/wellyowo/locobot_sim/locobot_ws/src/install/ecl_config/bin:${PATH} /usr/bin/cmake --build /home/wellyowo/locobot_sim/locobot_ws/src/build/ecl_concepts -- -j16 -l16
[7.595s] [ 16%] [32mBuilding CXX object gtest/CMakeFiles/gtest_main.dir/src/gtest_main.cc.o[0m
[7.595s] [ 33%] [32mBuilding CXX object gtest/CMakeFiles/gtest.dir/src/gtest-all.cc.o[0m
[7.595s] [ 50%] [32m[1mLinking CXX static library libgtest_main.a[0m
[7.595s] [ 50%] Built target gtest_main
[12.562s] [ 66%] [32m[1mLinking CXX static library libgtest.a[0m
[12.798s] [ 66%] Built target gtest
[12.894s] [ 83%] [32mBuilding CXX object src/test/CMakeFiles/ecl_test_concepts.dir/concepts.cpp.o[0m
[14.398s] [100%] [32m[1mLinking CXX executable ecl_test_concepts[0m
[14.944s] [100%] Built target ecl_test_concepts
