-- The C compiler identification is GNU 11.4.0
-- The CXX compiler identification is GNU 11.4.0
-- Detecting C compiler ABI info
-- Detecting C compiler ABI info - done
-- Check for working C compiler: /usr/bin/cc - skipped
-- Detecting C compile features
-- Detecting C compile features - done
-- Detecting CXX compiler ABI info
-- Detecting CXX compiler ABI info - done
-- Check for working CXX compiler: /usr/bin/c++ - skipped
-- Detecting CXX compile features
-- Detecting CXX compile features - done
-- Found ament_cmake_ros: 0.10.0 (/opt/ros/humble/share/ament_cmake_ros/cmake)
-- Found Python3: /usr/bin/python3 (found version "3.10.12") found components: Interpreter 
-- Override CMake install command with custom implementation using symlinks instead of copying resources
-- Found ecl_build: 1.0.3 (/opt/ros/humble/share/ecl_build/cmake)
-- Found ecl_config: 1.2.0 (/home/wellyowo/locobot_sim/locobot_ws/install/ecl_config/share/ecl_config/cmake)
-- Found ecl_errors: 1.2.0 (/home/wellyowo/locobot_sim/locobot_ws/install/ecl_errors/share/ecl_errors/cmake)
-- Configuring done
-- Generating done
-- Build files have been written to: /home/wellyowo/locobot_sim/locobot_ws/build/ecl_io
[ 10%] [32mBuilding CXX object src/lib/CMakeFiles/ecl_io.dir/poll.cpp.o[0m
[ 20%] [32mBuilding CXX object src/lib/CMakeFiles/ecl_io.dir/sockets.cpp.o[0m
[ 30%] [32mBuilding CXX object src/lib/CMakeFiles/ecl_io.dir/socketpair.cpp.o[0m
[ 40%] [32m[1mLinking CXX shared library libecl_io.so[0m
[ 40%] Built target ecl_io
[ 50%] [32mBuilding CXX object src/examples/CMakeFiles/ecl_io_example_sockets.dir/sockets.cpp.o[0m
[ 60%] [32m[1mLinking CXX executable demo_sockets[0m
[ 60%] Built target ecl_io_example_sockets
[ 70%] [32mBuilding CXX object src/examples/CMakeFiles/ecl_io_example_poll.dir/poll.cpp.o[0m
[ 80%] [32m[1mLinking CXX executable demo_poll[0m
[ 80%] Built target ecl_io_example_poll
[ 90%] [32mBuilding CXX object src/examples/CMakeFiles/ecl_io_example_socketpair.dir/socketpair.cpp.o[0m
[100%] [32m[1mLinking CXX executable demo_socketpair[0m
[100%] Built target ecl_io_example_socketpair
-- Install configuration: ""
-- Execute custom install script
-- Symlinking: /home/wellyowo/locobot_sim/locobot_ws/install/ecl_io/include/ecl/sockets/macros.hpp
-- Symlinking: /home/wellyowo/locobot_sim/locobot_ws/install/ecl_io/include/ecl/sockets/poll.hpp
-- Symlinking: /home/wellyowo/locobot_sim/locobot_ws/install/ecl_io/include/ecl/sockets/socketpair.hpp
-- Symlinking: /home/wellyowo/locobot_sim/locobot_ws/install/ecl_io/include/ecl/sockets/sockets.hpp
-- Symlinking: /home/wellyowo/locobot_sim/locobot_ws/install/ecl_io/include/ecl/io.hpp
-- Symlinking: /home/wellyowo/locobot_sim/locobot_ws/install/ecl_io/lib/ecl_io/demo_sockets
-- Symlinking: /home/wellyowo/locobot_sim/locobot_ws/install/ecl_io/lib/ecl_io/demo_socketpair
-- Symlinking: /home/wellyowo/locobot_sim/locobot_ws/install/ecl_io/lib/ecl_io/demo_poll
-- Symlinking: /home/wellyowo/locobot_sim/locobot_ws/install/ecl_io/share/ecl_io/environment/library_path.sh
-- Symlinking: /home/wellyowo/locobot_sim/locobot_ws/install/ecl_io/share/ecl_io/environment/library_path.dsv
-- Symlinking: /home/wellyowo/locobot_sim/locobot_ws/install/ecl_io/share/ament_index/resource_index/package_run_dependencies/ecl_io
-- Symlinking: /home/wellyowo/locobot_sim/locobot_ws/install/ecl_io/share/ament_index/resource_index/parent_prefix_path/ecl_io
-- Symlinking: /home/wellyowo/locobot_sim/locobot_ws/install/ecl_io/share/ecl_io/environment/ament_prefix_path.sh
-- Symlinking: /home/wellyowo/locobot_sim/locobot_ws/install/ecl_io/share/ecl_io/environment/ament_prefix_path.dsv
-- Symlinking: /home/wellyowo/locobot_sim/locobot_ws/install/ecl_io/share/ecl_io/environment/path.sh
-- Symlinking: /home/wellyowo/locobot_sim/locobot_ws/install/ecl_io/share/ecl_io/environment/path.dsv
-- Symlinking: /home/wellyowo/locobot_sim/locobot_ws/install/ecl_io/share/ecl_io/local_setup.bash
-- Symlinking: /home/wellyowo/locobot_sim/locobot_ws/install/ecl_io/share/ecl_io/local_setup.sh
-- Symlinking: /home/wellyowo/locobot_sim/locobot_ws/install/ecl_io/share/ecl_io/local_setup.zsh
-- Symlinking: /home/wellyowo/locobot_sim/locobot_ws/install/ecl_io/share/ecl_io/local_setup.dsv
-- Symlinking: /home/wellyowo/locobot_sim/locobot_ws/install/ecl_io/share/ecl_io/package.dsv
-- Symlinking: /home/wellyowo/locobot_sim/locobot_ws/install/ecl_io/share/ament_index/resource_index/packages/ecl_io
-- Symlinking: /home/wellyowo/locobot_sim/locobot_ws/install/ecl_io/share/ecl_io/cmake/ament_cmake_export_targets-extras.cmake
-- Symlinking: /home/wellyowo/locobot_sim/locobot_ws/install/ecl_io/share/ecl_io/cmake/ament_cmake_export_include_directories-extras.cmake
-- Symlinking: /home/wellyowo/locobot_sim/locobot_ws/install/ecl_io/share/ecl_io/cmake/ament_cmake_export_libraries-extras.cmake
-- Symlinking: /home/wellyowo/locobot_sim/locobot_ws/install/ecl_io/share/ecl_io/cmake/ament_cmake_export_dependencies-extras.cmake
-- Symlinking: /home/wellyowo/locobot_sim/locobot_ws/install/ecl_io/share/ecl_io/cmake/ecl_ioConfig.cmake
-- Symlinking: /home/wellyowo/locobot_sim/locobot_ws/install/ecl_io/share/ecl_io/cmake/ecl_ioConfig-version.cmake
-- Symlinking: /home/wellyowo/locobot_sim/locobot_ws/install/ecl_io/share/ecl_io/package.xml
-- Installing: /home/wellyowo/locobot_sim/locobot_ws/install/ecl_io/share/ecl_io/cmake/ecl_ioExport.cmake
-- Installing: /home/wellyowo/locobot_sim/locobot_ws/install/ecl_io/share/ecl_io/cmake/ecl_ioExport-noconfig.cmake
-- Installing: /home/wellyowo/locobot_sim/locobot_ws/install/ecl_io/lib/libecl_io.so.1.2.0
-- Set runtime path of "/home/wellyowo/locobot_sim/locobot_ws/install/ecl_io/lib/libecl_io.so.1.2.0" to ""
-- Installing: /home/wellyowo/locobot_sim/locobot_ws/install/ecl_io/lib/libecl_io.so
