[0.399s] Invoking command in '/home/wellyowo/locobot_sim/locobot_ws/build/ecl_io': AMENT_PREFIX_PATH=/home/wellyowo/locobot_sim/locobot_ws/install/ecl_errors:/home/wellyowo/locobot_sim/locobot_ws/install/ecl_config:${AMENT_PREFIX_PATH} CMAKE_PREFIX_PATH=/home/wellyowo/locobot_sim/locobot_ws/install/ecl_errors:/home/wellyowo/locobot_sim/locobot_ws/install/ecl_config:/opt/ros/humble LD_LIBRARY_PATH=/home/wellyowo/locobot_sim/locobot_ws/install/ecl_errors/lib:${LD_LIBRARY_PATH} PATH=/home/wellyowo/locobot_sim/locobot_ws/install/ecl_config/bin:${PATH} /usr/bin/cmake /home/wellyowo/locobot_sim/locobot_ws/src/ThirdParty/ecl/ecl_lite/ecl_io -DBUILD_TESTING=OFF -DCMAKE_PREFIX_PATH= -DAMENT_CMAKE_SYMLINK_INSTALL=1 -DCMAKE_INSTALL_PREFIX=/home/wellyowo/locobot_sim/locobot_ws/install/ecl_io
[6.510s] -- The C compiler identification is GNU 11.4.0
[6.513s] -- The CXX compiler identification is GNU 11.4.0
[6.514s] -- Detecting C compiler ABI info
[6.516s] -- Detecting C compiler ABI info - done
[6.517s] -- Check for working C compiler: /usr/bin/cc - skipped
[6.523s] -- Detecting C compile features
[6.524s] -- Detecting C compile features - done
[6.524s] -- Detecting CXX compiler ABI info
[6.538s] -- Detecting CXX compiler ABI info - done
[6.539s] -- Check for working CXX compiler: /usr/bin/c++ - skipped
[6.540s] -- Detecting CXX compile features
[6.540s] -- Detecting CXX compile features - done
[6.540s] -- Found ament_cmake_ros: 0.10.0 (/opt/ros/humble/share/ament_cmake_ros/cmake)
[6.540s] -- Found Python3: /usr/bin/python3 (found version "3.10.12") found components: Interpreter 
[6.541s] -- Override CMake install command with custom implementation using symlinks instead of copying resources
[6.541s] -- Found ecl_build: 1.0.3 (/opt/ros/humble/share/ecl_build/cmake)
[6.542s] -- Found ecl_config: 1.2.0 (/home/wellyowo/locobot_sim/locobot_ws/install/ecl_config/share/ecl_config/cmake)
[6.542s] -- Found ecl_errors: 1.2.0 (/home/wellyowo/locobot_sim/locobot_ws/install/ecl_errors/share/ecl_errors/cmake)
[6.542s] -- Configuring done
[6.543s] -- Generating done
[6.546s] -- Build files have been written to: /home/wellyowo/locobot_sim/locobot_ws/build/ecl_io
[6.643s] Invoked command in '/home/wellyowo/locobot_sim/locobot_ws/build/ecl_io' returned '0': AMENT_PREFIX_PATH=/home/wellyowo/locobot_sim/locobot_ws/install/ecl_errors:/home/wellyowo/locobot_sim/locobot_ws/install/ecl_config:${AMENT_PREFIX_PATH} CMAKE_PREFIX_PATH=/home/wellyowo/locobot_sim/locobot_ws/install/ecl_errors:/home/wellyowo/locobot_sim/locobot_ws/install/ecl_config:/opt/ros/humble LD_LIBRARY_PATH=/home/wellyowo/locobot_sim/locobot_ws/install/ecl_errors/lib:${LD_LIBRARY_PATH} PATH=/home/wellyowo/locobot_sim/locobot_ws/install/ecl_config/bin:${PATH} /usr/bin/cmake /home/wellyowo/locobot_sim/locobot_ws/src/ThirdParty/ecl/ecl_lite/ecl_io -DBUILD_TESTING=OFF -DCMAKE_PREFIX_PATH= -DAMENT_CMAKE_SYMLINK_INSTALL=1 -DCMAKE_INSTALL_PREFIX=/home/wellyowo/locobot_sim/locobot_ws/install/ecl_io
[6.648s] Invoking command in '/home/wellyowo/locobot_sim/locobot_ws/build/ecl_io': AMENT_PREFIX_PATH=/home/wellyowo/locobot_sim/locobot_ws/install/ecl_errors:/home/wellyowo/locobot_sim/locobot_ws/install/ecl_config:${AMENT_PREFIX_PATH} CMAKE_PREFIX_PATH=/home/wellyowo/locobot_sim/locobot_ws/install/ecl_errors:/home/wellyowo/locobot_sim/locobot_ws/install/ecl_config:/opt/ros/humble LD_LIBRARY_PATH=/home/wellyowo/locobot_sim/locobot_ws/install/ecl_errors/lib:${LD_LIBRARY_PATH} PATH=/home/wellyowo/locobot_sim/locobot_ws/install/ecl_config/bin:${PATH} /usr/bin/cmake --build /home/wellyowo/locobot_sim/locobot_ws/build/ecl_io -- -j16 -l16
[6.793s] [ 10%] [32mBuilding CXX object src/lib/CMakeFiles/ecl_io.dir/poll.cpp.o[0m
[7.213s] [ 20%] [32mBuilding CXX object src/lib/CMakeFiles/ecl_io.dir/sockets.cpp.o[0m
[7.873s] [ 30%] [32mBuilding CXX object src/lib/CMakeFiles/ecl_io.dir/socketpair.cpp.o[0m
[8.601s] [ 40%] [32m[1mLinking CXX shared library libecl_io.so[0m
[8.905s] [ 40%] Built target ecl_io
[8.992s] [ 50%] [32mBuilding CXX object src/examples/CMakeFiles/ecl_io_example_sockets.dir/sockets.cpp.o[0m
[9.461s] [ 60%] [32m[1mLinking CXX executable demo_sockets[0m
[10.046s] [ 60%] Built target ecl_io_example_sockets
[10.095s] [ 70%] [32mBuilding CXX object src/examples/CMakeFiles/ecl_io_example_poll.dir/poll.cpp.o[0m
[11.532s] [ 80%] [32m[1mLinking CXX executable demo_poll[0m
[11.891s] [ 80%] Built target ecl_io_example_poll
[11.969s] [ 90%] [32mBuilding CXX object src/examples/CMakeFiles/ecl_io_example_socketpair.dir/socketpair.cpp.o[0m
[12.597s] [100%] [32m[1mLinking CXX executable demo_socketpair[0m
[13.106s] [100%] Built target ecl_io_example_socketpair
[13.156s] Invoked command in '/home/wellyowo/locobot_sim/locobot_ws/build/ecl_io' returned '0': AMENT_PREFIX_PATH=/home/wellyowo/locobot_sim/locobot_ws/install/ecl_errors:/home/wellyowo/locobot_sim/locobot_ws/install/ecl_config:${AMENT_PREFIX_PATH} CMAKE_PREFIX_PATH=/home/wellyowo/locobot_sim/locobot_ws/install/ecl_errors:/home/wellyowo/locobot_sim/locobot_ws/install/ecl_config:/opt/ros/humble LD_LIBRARY_PATH=/home/wellyowo/locobot_sim/locobot_ws/install/ecl_errors/lib:${LD_LIBRARY_PATH} PATH=/home/wellyowo/locobot_sim/locobot_ws/install/ecl_config/bin:${PATH} /usr/bin/cmake --build /home/wellyowo/locobot_sim/locobot_ws/build/ecl_io -- -j16 -l16
[13.156s] Invoking command in '/home/wellyowo/locobot_sim/locobot_ws/build/ecl_io': AMENT_PREFIX_PATH=/home/wellyowo/locobot_sim/locobot_ws/install/ecl_errors:/home/wellyowo/locobot_sim/locobot_ws/install/ecl_config:${AMENT_PREFIX_PATH} CMAKE_PREFIX_PATH=/home/wellyowo/locobot_sim/locobot_ws/install/ecl_errors:/home/wellyowo/locobot_sim/locobot_ws/install/ecl_config:/opt/ros/humble LD_LIBRARY_PATH=/home/wellyowo/locobot_sim/locobot_ws/install/ecl_errors/lib:${LD_LIBRARY_PATH} PATH=/home/wellyowo/locobot_sim/locobot_ws/install/ecl_config/bin:${PATH} /usr/bin/cmake --install /home/wellyowo/locobot_sim/locobot_ws/build/ecl_io
[13.980s] -- Install configuration: ""
[13.982s] -- Execute custom install script
[13.984s] -- Symlinking: /home/wellyowo/locobot_sim/locobot_ws/install/ecl_io/include/ecl/sockets/macros.hpp
[13.985s] -- Symlinking: /home/wellyowo/locobot_sim/locobot_ws/install/ecl_io/include/ecl/sockets/poll.hpp
[13.985s] -- Symlinking: /home/wellyowo/locobot_sim/locobot_ws/install/ecl_io/include/ecl/sockets/socketpair.hpp
[13.985s] -- Symlinking: /home/wellyowo/locobot_sim/locobot_ws/install/ecl_io/include/ecl/sockets/sockets.hpp
[13.985s] -- Symlinking: /home/wellyowo/locobot_sim/locobot_ws/install/ecl_io/include/ecl/io.hpp
[13.985s] -- Symlinking: /home/wellyowo/locobot_sim/locobot_ws/install/ecl_io/lib/ecl_io/demo_sockets
[13.985s] -- Symlinking: /home/wellyowo/locobot_sim/locobot_ws/install/ecl_io/lib/ecl_io/demo_socketpair
[13.985s] -- Symlinking: /home/wellyowo/locobot_sim/locobot_ws/install/ecl_io/lib/ecl_io/demo_poll
[13.986s] -- Symlinking: /home/wellyowo/locobot_sim/locobot_ws/install/ecl_io/share/ecl_io/environment/library_path.sh
[13.986s] -- Symlinking: /home/wellyowo/locobot_sim/locobot_ws/install/ecl_io/share/ecl_io/environment/library_path.dsv
[13.986s] -- Symlinking: /home/wellyowo/locobot_sim/locobot_ws/install/ecl_io/share/ament_index/resource_index/package_run_dependencies/ecl_io
[13.986s] -- Symlinking: /home/wellyowo/locobot_sim/locobot_ws/install/ecl_io/share/ament_index/resource_index/parent_prefix_path/ecl_io
[13.986s] -- Symlinking: /home/wellyowo/locobot_sim/locobot_ws/install/ecl_io/share/ecl_io/environment/ament_prefix_path.sh
[13.988s] -- Symlinking: /home/wellyowo/locobot_sim/locobot_ws/install/ecl_io/share/ecl_io/environment/ament_prefix_path.dsv
[13.991s] -- Symlinking: /home/wellyowo/locobot_sim/locobot_ws/install/ecl_io/share/ecl_io/environment/path.sh
[14.000s] -- Symlinking: /home/wellyowo/locobot_sim/locobot_ws/install/ecl_io/share/ecl_io/environment/path.dsv
[14.001s] -- Symlinking: /home/wellyowo/locobot_sim/locobot_ws/install/ecl_io/share/ecl_io/local_setup.bash
[14.001s] -- Symlinking: /home/wellyowo/locobot_sim/locobot_ws/install/ecl_io/share/ecl_io/local_setup.sh
[14.001s] -- Symlinking: /home/wellyowo/locobot_sim/locobot_ws/install/ecl_io/share/ecl_io/local_setup.zsh
[14.003s] -- Symlinking: /home/wellyowo/locobot_sim/locobot_ws/install/ecl_io/share/ecl_io/local_setup.dsv
[14.003s] -- Symlinking: /home/wellyowo/locobot_sim/locobot_ws/install/ecl_io/share/ecl_io/package.dsv
[14.004s] -- Symlinking: /home/wellyowo/locobot_sim/locobot_ws/install/ecl_io/share/ament_index/resource_index/packages/ecl_io
[14.004s] -- Symlinking: /home/wellyowo/locobot_sim/locobot_ws/install/ecl_io/share/ecl_io/cmake/ament_cmake_export_targets-extras.cmake
[14.004s] -- Symlinking: /home/wellyowo/locobot_sim/locobot_ws/install/ecl_io/share/ecl_io/cmake/ament_cmake_export_include_directories-extras.cmake
[14.004s] -- Symlinking: /home/wellyowo/locobot_sim/locobot_ws/install/ecl_io/share/ecl_io/cmake/ament_cmake_export_libraries-extras.cmake
[14.004s] -- Symlinking: /home/wellyowo/locobot_sim/locobot_ws/install/ecl_io/share/ecl_io/cmake/ament_cmake_export_dependencies-extras.cmake
[14.004s] -- Symlinking: /home/wellyowo/locobot_sim/locobot_ws/install/ecl_io/share/ecl_io/cmake/ecl_ioConfig.cmake
[14.005s] -- Symlinking: /home/wellyowo/locobot_sim/locobot_ws/install/ecl_io/share/ecl_io/cmake/ecl_ioConfig-version.cmake
[14.018s] -- Symlinking: /home/wellyowo/locobot_sim/locobot_ws/install/ecl_io/share/ecl_io/package.xml
[14.055s] -- Installing: /home/wellyowo/locobot_sim/locobot_ws/install/ecl_io/share/ecl_io/cmake/ecl_ioExport.cmake
[14.056s] -- Installing: /home/wellyowo/locobot_sim/locobot_ws/install/ecl_io/share/ecl_io/cmake/ecl_ioExport-noconfig.cmake
[14.056s] -- Installing: /home/wellyowo/locobot_sim/locobot_ws/install/ecl_io/lib/libecl_io.so.1.2.0
[14.056s] -- Set runtime path of "/home/wellyowo/locobot_sim/locobot_ws/install/ecl_io/lib/libecl_io.so.1.2.0" to ""
[14.056s] -- Installing: /home/wellyowo/locobot_sim/locobot_ws/install/ecl_io/lib/libecl_io.so
[14.067s] Invoked command in '/home/wellyowo/locobot_sim/locobot_ws/build/ecl_io' returned '0': AMENT_PREFIX_PATH=/home/wellyowo/locobot_sim/locobot_ws/install/ecl_errors:/home/wellyowo/locobot_sim/locobot_ws/install/ecl_config:${AMENT_PREFIX_PATH} CMAKE_PREFIX_PATH=/home/wellyowo/locobot_sim/locobot_ws/install/ecl_errors:/home/wellyowo/locobot_sim/locobot_ws/install/ecl_config:/opt/ros/humble LD_LIBRARY_PATH=/home/wellyowo/locobot_sim/locobot_ws/install/ecl_errors/lib:${LD_LIBRARY_PATH} PATH=/home/wellyowo/locobot_sim/locobot_ws/install/ecl_config/bin:${PATH} /usr/bin/cmake --install /home/wellyowo/locobot_sim/locobot_ws/build/ecl_io
