-- The C compiler identification is GNU 11.4.0
-- The CXX compiler identification is GNU 11.4.0
-- Detecting C compiler ABI info
-- Detecting C compiler ABI info - done
-- Check for working C compiler: /usr/bin/cc - skipped
-- Detecting C compile features
-- Detecting C compile features - done
-- Detecting CXX compiler ABI info
-- Detecting CXX compiler ABI info - done
-- Check for working CXX compiler: /usr/bin/c++ - skipped
-- Detecting CXX compile features
-- Detecting CXX compile features - done
-- Found ament_cmake: 1.3.11 (/opt/ros/humble/share/ament_cmake/cmake)
-- Found Python3: /usr/bin/python3 (found version "3.10.12") found components: Interpreter 
-- Override CMake install command with custom implementation using symlinks instead of copying resources
-- Found rclcpp: 16.0.12 (/opt/ros/humble/share/rclcpp/cmake)
-- Found rosidl_generator_c: 3.1.6 (/opt/ros/humble/share/rosidl_generator_c/cmake)
-- Found rosidl_adapter: 3.1.6 (/opt/ros/humble/share/rosidl_adapter/cmake)
-- Found rosidl_generator_cpp: 3.1.6 (/opt/ros/humble/share/rosidl_generator_cpp/cmake)
-- Using all available rosidl_typesupport_c: rosidl_typesupport_fastrtps_c;rosidl_typesupport_introspection_c
-- Using all available rosidl_typesupport_cpp: rosidl_typesupport_fastrtps_cpp;rosidl_typesupport_introspection_cpp
-- Found rmw_implementation_cmake: 6.1.2 (/opt/ros/humble/share/rmw_implementation_cmake/cmake)
-- Found rmw_fastrtps_cpp: 6.2.7 (/opt/ros/humble/share/rmw_fastrtps_cpp/cmake)
-- Found OpenSSL: /usr/lib/x86_64-linux-gnu/libcrypto.so (found version "3.0.2")  
-- Found FastRTPS: /opt/ros/humble/include  
-- Using RMW implementation 'rmw_fastrtps_cpp' as default
-- Looking for pthread.h
-- Looking for pthread.h - found
-- Performing Test CMAKE_HAVE_LIBC_PTHREAD
-- Performing Test CMAKE_HAVE_LIBC_PTHREAD - Success
-- Found Threads: TRUE  
-- Found sensor_msgs: 4.9.0 (/opt/ros/humble/share/sensor_msgs/cmake)
-- Found kobuki_ros_interfaces: 1.0.0 (/opt/ros/humble/share/kobuki_ros_interfaces/cmake)
-- Configuring done
-- Generating done
-- Build files have been written to: /home/wellyowo/locobot_sim/locobot_ws/build/kobuki
[ 25%] [32mBuilding CXX object CMakeFiles/kobuki.dir/src/kobuki/FakeBumper.cpp.o[0m
[ 50%] [32m[1mLinking CXX shared library libkobuki.so[0m
[ 50%] Built target kobuki
[ 75%] [32mBuilding CXX object CMakeFiles/fake_bumer_node.dir/src/fake_bumper_node.cpp.o[0m
[100%] [32m[1mLinking CXX executable fake_bumer_node[0m
[100%] Built target fake_bumer_node
-- Install configuration: ""
-- Execute custom install script
-- Symlinking: /home/wellyowo/locobot_sim/locobot_ws/install/kobuki/lib/kobuki/fake_bumer_node
-- Symlinking: /home/wellyowo/locobot_sim/locobot_ws/install/kobuki/share/kobuki/launch/kobuki.launch.py
-- Symlinking: /home/wellyowo/locobot_sim/locobot_ws/install/kobuki/share/kobuki/launch/navigation.launch.py
-- Symlinking: /home/wellyowo/locobot_sim/locobot_ws/install/kobuki/share/kobuki/launch/navigation_sim.launch.py
-- Symlinking: /home/wellyowo/locobot_sim/locobot_ws/install/kobuki/share/kobuki/launch/simulation.launch.py
-- Symlinking: /home/wellyowo/locobot_sim/locobot_ws/install/kobuki/share/kobuki/config/footprint_filter.yaml
-- Symlinking: /home/wellyowo/locobot_sim/locobot_ws/install/kobuki/share/kobuki/config/kobuki_nav_params.yaml
-- Symlinking: /home/wellyowo/locobot_sim/locobot_ws/install/kobuki/share/kobuki/config/kobuki_node_params.yaml
-- Symlinking: /home/wellyowo/locobot_sim/locobot_ws/install/kobuki/share/kobuki/config/kobuki_sim_nav_params.yaml
-- Symlinking: /home/wellyowo/locobot_sim/locobot_ws/install/kobuki/share/kobuki/maps/aws_bookstore.pgm
-- Symlinking: /home/wellyowo/locobot_sim/locobot_ws/install/kobuki/share/kobuki/maps/aws_bookstore.yaml
-- Symlinking: /home/wellyowo/locobot_sim/locobot_ws/install/kobuki/share/kobuki/maps/aws_hospital.pgm
-- Symlinking: /home/wellyowo/locobot_sim/locobot_ws/install/kobuki/share/kobuki/maps/aws_hospital.yaml
-- Symlinking: /home/wellyowo/locobot_sim/locobot_ws/install/kobuki/share/kobuki/maps/aws_house.pgm
-- Symlinking: /home/wellyowo/locobot_sim/locobot_ws/install/kobuki/share/kobuki/maps/aws_house.yaml
-- Symlinking: /home/wellyowo/locobot_sim/locobot_ws/install/kobuki/share/kobuki/maps/aws_house_keep.pgm
-- Symlinking: /home/wellyowo/locobot_sim/locobot_ws/install/kobuki/share/kobuki/maps/aws_house_keep.yaml
-- Symlinking: /home/wellyowo/locobot_sim/locobot_ws/install/kobuki/share/kobuki/maps/aws_warehouse.pgm
-- Symlinking: /home/wellyowo/locobot_sim/locobot_ws/install/kobuki/share/kobuki/maps/aws_warehouse.yaml
-- Symlinking: /home/wellyowo/locobot_sim/locobot_ws/install/kobuki/share/kobuki/maps/dmarce_map.pgm
-- Symlinking: /home/wellyowo/locobot_sim/locobot_ws/install/kobuki/share/kobuki/maps/dmarce_map.yaml
-- Symlinking: /home/wellyowo/locobot_sim/locobot_ws/install/kobuki/share/kobuki/maps/lab.pgm
-- Symlinking: /home/wellyowo/locobot_sim/locobot_ws/install/kobuki/share/kobuki/maps/lab.yaml
-- Symlinking: /home/wellyowo/locobot_sim/locobot_ws/install/kobuki/share/kobuki/maps/lab_robocup.pgm
-- Symlinking: /home/wellyowo/locobot_sim/locobot_ws/install/kobuki/share/kobuki/maps/lab_robocup.yaml
-- Symlinking: /home/wellyowo/locobot_sim/locobot_ws/install/kobuki/share/kobuki/maps/map_1704984627.pgm
-- Symlinking: /home/wellyowo/locobot_sim/locobot_ws/install/kobuki/share/kobuki/maps/map_1704984627.yaml
-- Symlinking: /home/wellyowo/locobot_sim/locobot_ws/install/kobuki/share/kobuki/maps/mapa_uni.pgm
-- Symlinking: /home/wellyowo/locobot_sim/locobot_ws/install/kobuki/share/kobuki/maps/mapa_uni.yaml
-- Symlinking: /home/wellyowo/locobot_sim/locobot_ws/install/kobuki/include//kobuki/FakeBumper.hpp
-- Symlinking: /home/wellyowo/locobot_sim/locobot_ws/install/kobuki/share/ament_index/resource_index/package_run_dependencies/kobuki
-- Symlinking: /home/wellyowo/locobot_sim/locobot_ws/install/kobuki/share/ament_index/resource_index/parent_prefix_path/kobuki
-- Symlinking: /home/wellyowo/locobot_sim/locobot_ws/install/kobuki/share/kobuki/environment/ament_prefix_path.sh
-- Symlinking: /home/wellyowo/locobot_sim/locobot_ws/install/kobuki/share/kobuki/environment/ament_prefix_path.dsv
-- Symlinking: /home/wellyowo/locobot_sim/locobot_ws/install/kobuki/share/kobuki/environment/path.sh
-- Symlinking: /home/wellyowo/locobot_sim/locobot_ws/install/kobuki/share/kobuki/environment/path.dsv
-- Symlinking: /home/wellyowo/locobot_sim/locobot_ws/install/kobuki/share/kobuki/local_setup.bash
-- Symlinking: /home/wellyowo/locobot_sim/locobot_ws/install/kobuki/share/kobuki/local_setup.sh
-- Symlinking: /home/wellyowo/locobot_sim/locobot_ws/install/kobuki/share/kobuki/local_setup.zsh
-- Symlinking: /home/wellyowo/locobot_sim/locobot_ws/install/kobuki/share/kobuki/local_setup.dsv
-- Symlinking: /home/wellyowo/locobot_sim/locobot_ws/install/kobuki/share/kobuki/package.dsv
-- Symlinking: /home/wellyowo/locobot_sim/locobot_ws/install/kobuki/share/ament_index/resource_index/packages/kobuki
-- Symlinking: /home/wellyowo/locobot_sim/locobot_ws/install/kobuki/share/kobuki/cmake/ament_cmake_export_include_directories-extras.cmake
-- Symlinking: /home/wellyowo/locobot_sim/locobot_ws/install/kobuki/share/kobuki/cmake/ament_cmake_export_dependencies-extras.cmake
-- Symlinking: /home/wellyowo/locobot_sim/locobot_ws/install/kobuki/share/kobuki/cmake/kobukiConfig.cmake
-- Symlinking: /home/wellyowo/locobot_sim/locobot_ws/install/kobuki/share/kobuki/cmake/kobukiConfig-version.cmake
-- Symlinking: /home/wellyowo/locobot_sim/locobot_ws/install/kobuki/share/kobuki/package.xml
