[0.036s] Invoking command in '/home/wellyowo/locobot_sim/locobot_ws/build/kobuki': AMENT_PREFIX_PATH=/home/wellyowo/locobot_sim/locobot_ws/install/kobuki_description:${AMENT_PREFIX_PATH} CMAKE_PREFIX_PATH=/home/wellyowo/locobot_sim/locobot_ws/install/kobuki_description:/opt/ros/humble /usr/bin/cmake /home/wellyowo/locobot_sim/locobot_ws/src/kobuki -DBUILD_TESTING=OFF -DCMAKE_PREFIX_PATH= -DAMENT_CMAKE_SYMLINK_INSTALL=1 -DCMAKE_INSTALL_PREFIX=/home/wellyowo/locobot_sim/locobot_ws/install/kobuki
[4.991s] -- The C compiler identification is GNU 11.4.0
[4.991s] -- The CXX compiler identification is GNU 11.4.0
[4.992s] -- Detecting C compiler ABI info
[4.992s] -- Detecting C compiler ABI info - done
[4.992s] -- Check for working C compiler: /usr/bin/cc - skipped
[4.992s] -- Detecting C compile features
[4.992s] -- Detecting C compile features - done
[4.992s] -- Detecting CXX compiler ABI info
[4.992s] -- Detecting CXX compiler ABI info - done
[4.992s] -- Check for working CXX compiler: /usr/bin/c++ - skipped
[4.992s] -- Detecting CXX compile features
[4.992s] -- Detecting CXX compile features - done
[4.992s] -- Found ament_cmake: 1.3.11 (/opt/ros/humble/share/ament_cmake/cmake)
[4.992s] -- Found Python3: /usr/bin/python3 (found version "3.10.12") found components: Interpreter 
[4.992s] -- Override CMake install command with custom implementation using symlinks instead of copying resources
[4.996s] -- Found rclcpp: 16.0.12 (/opt/ros/humble/share/rclcpp/cmake)
[4.996s] -- Found rosidl_generator_c: 3.1.6 (/opt/ros/humble/share/rosidl_generator_c/cmake)
[4.996s] -- Found rosidl_adapter: 3.1.6 (/opt/ros/humble/share/rosidl_adapter/cmake)
[4.996s] -- Found rosidl_generator_cpp: 3.1.6 (/opt/ros/humble/share/rosidl_generator_cpp/cmake)
[4.996s] -- Using all available rosidl_typesupport_c: rosidl_typesupport_fastrtps_c;rosidl_typesupport_introspection_c
[4.996s] -- Using all available rosidl_typesupport_cpp: rosidl_typesupport_fastrtps_cpp;rosidl_typesupport_introspection_cpp
[4.997s] -- Found rmw_implementation_cmake: 6.1.2 (/opt/ros/humble/share/rmw_implementation_cmake/cmake)
[4.997s] -- Found rmw_fastrtps_cpp: 6.2.7 (/opt/ros/humble/share/rmw_fastrtps_cpp/cmake)
[4.997s] -- Found OpenSSL: /usr/lib/x86_64-linux-gnu/libcrypto.so (found version "3.0.2")  
[4.997s] -- Found FastRTPS: /opt/ros/humble/include  
[4.997s] -- Using RMW implementation 'rmw_fastrtps_cpp' as default
[4.997s] -- Looking for pthread.h
[4.997s] -- Looking for pthread.h - found
[4.997s] -- Performing Test CMAKE_HAVE_LIBC_PTHREAD
[4.997s] -- Performing Test CMAKE_HAVE_LIBC_PTHREAD - Success
[4.997s] -- Found Threads: TRUE  
[5.209s] -- Found sensor_msgs: 4.9.0 (/opt/ros/humble/share/sensor_msgs/cmake)
[5.324s] -- Found kobuki_ros_interfaces: 1.0.0 (/opt/ros/humble/share/kobuki_ros_interfaces/cmake)
[6.073s] -- Configuring done
[6.248s] -- Generating done
[6.284s] -- Build files have been written to: /home/wellyowo/locobot_sim/locobot_ws/build/kobuki
[6.443s] Invoked command in '/home/wellyowo/locobot_sim/locobot_ws/build/kobuki' returned '0': AMENT_PREFIX_PATH=/home/wellyowo/locobot_sim/locobot_ws/install/kobuki_description:${AMENT_PREFIX_PATH} CMAKE_PREFIX_PATH=/home/wellyowo/locobot_sim/locobot_ws/install/kobuki_description:/opt/ros/humble /usr/bin/cmake /home/wellyowo/locobot_sim/locobot_ws/src/kobuki -DBUILD_TESTING=OFF -DCMAKE_PREFIX_PATH= -DAMENT_CMAKE_SYMLINK_INSTALL=1 -DCMAKE_INSTALL_PREFIX=/home/wellyowo/locobot_sim/locobot_ws/install/kobuki
[6.444s] Invoking command in '/home/wellyowo/locobot_sim/locobot_ws/build/kobuki': AMENT_PREFIX_PATH=/home/wellyowo/locobot_sim/locobot_ws/install/kobuki_description:${AMENT_PREFIX_PATH} CMAKE_PREFIX_PATH=/home/wellyowo/locobot_sim/locobot_ws/install/kobuki_description:/opt/ros/humble /usr/bin/cmake --build /home/wellyowo/locobot_sim/locobot_ws/build/kobuki -- -j16 -l16
[26.401s] [ 25%] [32mBuilding CXX object CMakeFiles/kobuki.dir/src/kobuki/FakeBumper.cpp.o[0m
[62.034s] [ 50%] [32m[1mLinking CXX shared library libkobuki.so[0m
[63.651s] [ 50%] Built target kobuki
[63.713s] [ 75%] [32mBuilding CXX object CMakeFiles/fake_bumer_node.dir/src/fake_bumper_node.cpp.o[0m
[80.590s] [100%] [32m[1mLinking CXX executable fake_bumer_node[0m
[83.313s] [100%] Built target fake_bumer_node
[83.359s] Invoked command in '/home/wellyowo/locobot_sim/locobot_ws/build/kobuki' returned '0': AMENT_PREFIX_PATH=/home/wellyowo/locobot_sim/locobot_ws/install/kobuki_description:${AMENT_PREFIX_PATH} CMAKE_PREFIX_PATH=/home/wellyowo/locobot_sim/locobot_ws/install/kobuki_description:/opt/ros/humble /usr/bin/cmake --build /home/wellyowo/locobot_sim/locobot_ws/build/kobuki -- -j16 -l16
[83.370s] Invoking command in '/home/wellyowo/locobot_sim/locobot_ws/build/kobuki': AMENT_PREFIX_PATH=/home/wellyowo/locobot_sim/locobot_ws/install/kobuki_description:${AMENT_PREFIX_PATH} CMAKE_PREFIX_PATH=/home/wellyowo/locobot_sim/locobot_ws/install/kobuki_description:/opt/ros/humble /usr/bin/cmake --install /home/wellyowo/locobot_sim/locobot_ws/build/kobuki
[83.399s] -- Install configuration: ""
[83.400s] -- Execute custom install script
[83.400s] -- Symlinking: /home/wellyowo/locobot_sim/locobot_ws/install/kobuki/lib/kobuki/fake_bumer_node
[83.427s] -- Symlinking: /home/wellyowo/locobot_sim/locobot_ws/install/kobuki/share/kobuki/launch/kobuki.launch.py
[83.490s] -- Symlinking: /home/wellyowo/locobot_sim/locobot_ws/install/kobuki/share/kobuki/launch/navigation.launch.py
[83.518s] -- Symlinking: /home/wellyowo/locobot_sim/locobot_ws/install/kobuki/share/kobuki/launch/navigation_sim.launch.py
[83.533s] -- Symlinking: /home/wellyowo/locobot_sim/locobot_ws/install/kobuki/share/kobuki/launch/simulation.launch.py
[83.568s] -- Symlinking: /home/wellyowo/locobot_sim/locobot_ws/install/kobuki/share/kobuki/config/footprint_filter.yaml
[83.601s] -- Symlinking: /home/wellyowo/locobot_sim/locobot_ws/install/kobuki/share/kobuki/config/kobuki_nav_params.yaml
[83.635s] -- Symlinking: /home/wellyowo/locobot_sim/locobot_ws/install/kobuki/share/kobuki/config/kobuki_node_params.yaml
[83.694s] -- Symlinking: /home/wellyowo/locobot_sim/locobot_ws/install/kobuki/share/kobuki/config/kobuki_sim_nav_params.yaml
[83.742s] -- Symlinking: /home/wellyowo/locobot_sim/locobot_ws/install/kobuki/share/kobuki/maps/aws_bookstore.pgm
[83.769s] -- Symlinking: /home/wellyowo/locobot_sim/locobot_ws/install/kobuki/share/kobuki/maps/aws_bookstore.yaml
[83.803s] -- Symlinking: /home/wellyowo/locobot_sim/locobot_ws/install/kobuki/share/kobuki/maps/aws_hospital.pgm
[83.849s] -- Symlinking: /home/wellyowo/locobot_sim/locobot_ws/install/kobuki/share/kobuki/maps/aws_hospital.yaml
[83.898s] -- Symlinking: /home/wellyowo/locobot_sim/locobot_ws/install/kobuki/share/kobuki/maps/aws_house.pgm
[83.923s] -- Symlinking: /home/wellyowo/locobot_sim/locobot_ws/install/kobuki/share/kobuki/maps/aws_house.yaml
[83.990s] -- Symlinking: /home/wellyowo/locobot_sim/locobot_ws/install/kobuki/share/kobuki/maps/aws_house_keep.pgm
[84.046s] -- Symlinking: /home/wellyowo/locobot_sim/locobot_ws/install/kobuki/share/kobuki/maps/aws_house_keep.yaml
[84.089s] -- Symlinking: /home/wellyowo/locobot_sim/locobot_ws/install/kobuki/share/kobuki/maps/aws_warehouse.pgm
[84.143s] -- Symlinking: /home/wellyowo/locobot_sim/locobot_ws/install/kobuki/share/kobuki/maps/aws_warehouse.yaml
[84.249s] -- Symlinking: /home/wellyowo/locobot_sim/locobot_ws/install/kobuki/share/kobuki/maps/dmarce_map.pgm
[84.303s] -- Symlinking: /home/wellyowo/locobot_sim/locobot_ws/install/kobuki/share/kobuki/maps/dmarce_map.yaml
[84.363s] -- Symlinking: /home/wellyowo/locobot_sim/locobot_ws/install/kobuki/share/kobuki/maps/lab.pgm
[84.391s] -- Symlinking: /home/wellyowo/locobot_sim/locobot_ws/install/kobuki/share/kobuki/maps/lab.yaml
[84.434s] -- Symlinking: /home/wellyowo/locobot_sim/locobot_ws/install/kobuki/share/kobuki/maps/lab_robocup.pgm
[84.471s] -- Symlinking: /home/wellyowo/locobot_sim/locobot_ws/install/kobuki/share/kobuki/maps/lab_robocup.yaml
[84.505s] -- Symlinking: /home/wellyowo/locobot_sim/locobot_ws/install/kobuki/share/kobuki/maps/map_1704984627.pgm
[84.530s] -- Symlinking: /home/wellyowo/locobot_sim/locobot_ws/install/kobuki/share/kobuki/maps/map_1704984627.yaml
[84.563s] -- Symlinking: /home/wellyowo/locobot_sim/locobot_ws/install/kobuki/share/kobuki/maps/mapa_uni.pgm
[84.644s] -- Symlinking: /home/wellyowo/locobot_sim/locobot_ws/install/kobuki/share/kobuki/maps/mapa_uni.yaml
[84.696s] -- Symlinking: /home/wellyowo/locobot_sim/locobot_ws/install/kobuki/include//kobuki/FakeBumper.hpp
[84.743s] -- Symlinking: /home/wellyowo/locobot_sim/locobot_ws/install/kobuki/share/ament_index/resource_index/package_run_dependencies/kobuki
[84.808s] -- Symlinking: /home/wellyowo/locobot_sim/locobot_ws/install/kobuki/share/ament_index/resource_index/parent_prefix_path/kobuki
[84.862s] -- Symlinking: /home/wellyowo/locobot_sim/locobot_ws/install/kobuki/share/kobuki/environment/ament_prefix_path.sh
[84.919s] -- Symlinking: /home/wellyowo/locobot_sim/locobot_ws/install/kobuki/share/kobuki/environment/ament_prefix_path.dsv
[84.953s] -- Symlinking: /home/wellyowo/locobot_sim/locobot_ws/install/kobuki/share/kobuki/environment/path.sh
[84.994s] -- Symlinking: /home/wellyowo/locobot_sim/locobot_ws/install/kobuki/share/kobuki/environment/path.dsv
[85.033s] -- Symlinking: /home/wellyowo/locobot_sim/locobot_ws/install/kobuki/share/kobuki/local_setup.bash
[85.056s] -- Symlinking: /home/wellyowo/locobot_sim/locobot_ws/install/kobuki/share/kobuki/local_setup.sh
[85.086s] -- Symlinking: /home/wellyowo/locobot_sim/locobot_ws/install/kobuki/share/kobuki/local_setup.zsh
[85.112s] -- Symlinking: /home/wellyowo/locobot_sim/locobot_ws/install/kobuki/share/kobuki/local_setup.dsv
[85.137s] -- Symlinking: /home/wellyowo/locobot_sim/locobot_ws/install/kobuki/share/kobuki/package.dsv
[85.177s] -- Symlinking: /home/wellyowo/locobot_sim/locobot_ws/install/kobuki/share/ament_index/resource_index/packages/kobuki
[85.223s] -- Symlinking: /home/wellyowo/locobot_sim/locobot_ws/install/kobuki/share/kobuki/cmake/ament_cmake_export_include_directories-extras.cmake
[85.248s] -- Symlinking: /home/wellyowo/locobot_sim/locobot_ws/install/kobuki/share/kobuki/cmake/ament_cmake_export_dependencies-extras.cmake
[85.281s] -- Symlinking: /home/wellyowo/locobot_sim/locobot_ws/install/kobuki/share/kobuki/cmake/kobukiConfig.cmake
[85.317s] -- Symlinking: /home/wellyowo/locobot_sim/locobot_ws/install/kobuki/share/kobuki/cmake/kobukiConfig-version.cmake
[85.360s] -- Symlinking: /home/wellyowo/locobot_sim/locobot_ws/install/kobuki/share/kobuki/package.xml
[85.412s] Invoked command in '/home/wellyowo/locobot_sim/locobot_ws/build/kobuki' returned '0': AMENT_PREFIX_PATH=/home/wellyowo/locobot_sim/locobot_ws/install/kobuki_description:${AMENT_PREFIX_PATH} CMAKE_PREFIX_PATH=/home/wellyowo/locobot_sim/locobot_ws/install/kobuki_description:/opt/ros/humble /usr/bin/cmake --install /home/wellyowo/locobot_sim/locobot_ws/build/kobuki
