running egg_info
creating ../../build/locobot_control_python/locobot_control_python.egg-info
writing ../../build/locobot_control_python/locobot_control_python.egg-info/PKG-INFO
writing dependency_links to ../../build/locobot_control_python/locobot_control_python.egg-info/dependency_links.txt
writing entry points to ../../build/locobot_control_python/locobot_control_python.egg-info/entry_points.txt
writing requirements to ../../build/locobot_control_python/locobot_control_python.egg-info/requires.txt
writing top-level names to ../../build/locobot_control_python/locobot_control_python.egg-info/top_level.txt
writing manifest file '../../build/locobot_control_python/locobot_control_python.egg-info/SOURCES.txt'
reading manifest file '../../build/locobot_control_python/locobot_control_python.egg-info/SOURCES.txt'
writing manifest file '../../build/locobot_control_python/locobot_control_python.egg-info/SOURCES.txt'
running build
running build_py
creating /home/wellyowo/locobot_sim/locobot_ws/build/locobot_control_python/build
creating /home/wellyowo/locobot_sim/locobot_ws/build/locobot_control_python/build/lib
creating /home/wellyowo/locobot_sim/locobot_ws/build/locobot_control_python/build/lib/locobot_control_python
copying locobot_control_python/__init__.py -> /home/wellyowo/locobot_sim/locobot_ws/build/locobot_control_python/build/lib/locobot_control_python
copying locobot_control_python/keyboard_contorl.py -> /home/wellyowo/locobot_sim/locobot_ws/build/locobot_control_python/build/lib/locobot_control_python
running install
running install_lib
creating /home/wellyowo/locobot_sim/locobot_ws/install/locobot_control_python/lib/python3.10/site-packages/locobot_control_python
copying /home/wellyowo/locobot_sim/locobot_ws/build/locobot_control_python/build/lib/locobot_control_python/__init__.py -> /home/wellyowo/locobot_sim/locobot_ws/install/locobot_control_python/lib/python3.10/site-packages/locobot_control_python
copying /home/wellyowo/locobot_sim/locobot_ws/build/locobot_control_python/build/lib/locobot_control_python/keyboard_contorl.py -> /home/wellyowo/locobot_sim/locobot_ws/install/locobot_control_python/lib/python3.10/site-packages/locobot_control_python
byte-compiling /home/wellyowo/locobot_sim/locobot_ws/install/locobot_control_python/lib/python3.10/site-packages/locobot_control_python/__init__.py to __init__.cpython-310.pyc
byte-compiling /home/wellyowo/locobot_sim/locobot_ws/install/locobot_control_python/lib/python3.10/site-packages/locobot_control_python/keyboard_contorl.py to keyboard_contorl.cpython-310.pyc
running install_data
creating /home/wellyowo/locobot_sim/locobot_ws/install/locobot_control_python/share/ament_index
creating /home/wellyowo/locobot_sim/locobot_ws/install/locobot_control_python/share/ament_index/resource_index
creating /home/wellyowo/locobot_sim/locobot_ws/install/locobot_control_python/share/ament_index/resource_index/packages
copying resource/locobot_control_python -> /home/wellyowo/locobot_sim/locobot_ws/install/locobot_control_python/share/ament_index/resource_index/packages
copying package.xml -> /home/wellyowo/locobot_sim/locobot_ws/install/locobot_control_python/share/locobot_control_python
running install_egg_info
Copying ../../build/locobot_control_python/locobot_control_python.egg-info to /home/wellyowo/locobot_sim/locobot_ws/install/locobot_control_python/lib/python3.10/site-packages/locobot_control_python-0.0.0-py3.10.egg-info
running install_scripts
Installing keyboard_control_py script to /home/wellyowo/locobot_sim/locobot_ws/install/locobot_control_python/lib/locobot_control_python
writing list of installed files to '/home/wellyowo/locobot_sim/locobot_ws/build/locobot_control_python/install.log'
