[0.470s] Invoking command in '/home/wellyowo/locobot_sim/locobot_ws/src/locobot_control_python': PYTHONPATH=/home/wellyowo/locobot_sim/locobot_ws/build/locobot_control_python/prefix_override:/usr/lib/python3/dist-packages/colcon_core/task/python/colcon_distutils_commands:/home/wellyowo/locobot_sim/locobot_ws/install/locobot_control_python/lib/python3.10/site-packages:${PYTHONPATH} /usr/bin/python3 -W ignore:setup.py install is deprecated -W ignore:easy_install command is deprecated setup.py egg_info --egg-base ../../build/locobot_control_python build --build-base /home/wellyowo/locobot_sim/locobot_ws/build/locobot_control_python/build install --record /home/wellyowo/locobot_sim/locobot_ws/build/locobot_control_python/install.log --single-version-externally-managed install_data
[0.610s] running egg_info
[0.611s] creating ../../build/locobot_control_python/locobot_control_python.egg-info
[0.611s] writing ../../build/locobot_control_python/locobot_control_python.egg-info/PKG-INFO
[0.611s] writing dependency_links to ../../build/locobot_control_python/locobot_control_python.egg-info/dependency_links.txt
[0.611s] writing entry points to ../../build/locobot_control_python/locobot_control_python.egg-info/entry_points.txt
[0.611s] writing requirements to ../../build/locobot_control_python/locobot_control_python.egg-info/requires.txt
[0.611s] writing top-level names to ../../build/locobot_control_python/locobot_control_python.egg-info/top_level.txt
[0.611s] writing manifest file '../../build/locobot_control_python/locobot_control_python.egg-info/SOURCES.txt'
[0.612s] reading manifest file '../../build/locobot_control_python/locobot_control_python.egg-info/SOURCES.txt'
[0.613s] writing manifest file '../../build/locobot_control_python/locobot_control_python.egg-info/SOURCES.txt'
[0.613s] running build
[0.613s] running build_py
[0.613s] creating /home/wellyowo/locobot_sim/locobot_ws/build/locobot_control_python/build
[0.613s] creating /home/wellyowo/locobot_sim/locobot_ws/build/locobot_control_python/build/lib
[0.613s] creating /home/wellyowo/locobot_sim/locobot_ws/build/locobot_control_python/build/lib/locobot_control_python
[0.613s] copying locobot_control_python/__init__.py -> /home/wellyowo/locobot_sim/locobot_ws/build/locobot_control_python/build/lib/locobot_control_python
[0.613s] copying locobot_control_python/keyboard_contorl.py -> /home/wellyowo/locobot_sim/locobot_ws/build/locobot_control_python/build/lib/locobot_control_python
[0.616s] running install
[0.616s] running install_lib
[0.617s] creating /home/wellyowo/locobot_sim/locobot_ws/install/locobot_control_python/lib/python3.10/site-packages/locobot_control_python
[0.617s] copying /home/wellyowo/locobot_sim/locobot_ws/build/locobot_control_python/build/lib/locobot_control_python/__init__.py -> /home/wellyowo/locobot_sim/locobot_ws/install/locobot_control_python/lib/python3.10/site-packages/locobot_control_python
[0.617s] copying /home/wellyowo/locobot_sim/locobot_ws/build/locobot_control_python/build/lib/locobot_control_python/keyboard_contorl.py -> /home/wellyowo/locobot_sim/locobot_ws/install/locobot_control_python/lib/python3.10/site-packages/locobot_control_python
[0.617s] byte-compiling /home/wellyowo/locobot_sim/locobot_ws/install/locobot_control_python/lib/python3.10/site-packages/locobot_control_python/__init__.py to __init__.cpython-310.pyc
[0.617s] byte-compiling /home/wellyowo/locobot_sim/locobot_ws/install/locobot_control_python/lib/python3.10/site-packages/locobot_control_python/keyboard_contorl.py to keyboard_contorl.cpython-310.pyc
[0.618s] running install_data
[0.618s] creating /home/wellyowo/locobot_sim/locobot_ws/install/locobot_control_python/share/ament_index
[0.618s] creating /home/wellyowo/locobot_sim/locobot_ws/install/locobot_control_python/share/ament_index/resource_index
[0.618s] creating /home/wellyowo/locobot_sim/locobot_ws/install/locobot_control_python/share/ament_index/resource_index/packages
[0.618s] copying resource/locobot_control_python -> /home/wellyowo/locobot_sim/locobot_ws/install/locobot_control_python/share/ament_index/resource_index/packages
[0.618s] copying package.xml -> /home/wellyowo/locobot_sim/locobot_ws/install/locobot_control_python/share/locobot_control_python
[0.618s] running install_egg_info
[0.619s] Copying ../../build/locobot_control_python/locobot_control_python.egg-info to /home/wellyowo/locobot_sim/locobot_ws/install/locobot_control_python/lib/python3.10/site-packages/locobot_control_python-0.0.0-py3.10.egg-info
[0.620s] running install_scripts
[0.633s] Installing keyboard_control_py script to /home/wellyowo/locobot_sim/locobot_ws/install/locobot_control_python/lib/locobot_control_python
[0.634s] writing list of installed files to '/home/wellyowo/locobot_sim/locobot_ws/build/locobot_control_python/install.log'
[0.647s] Invoked command in '/home/wellyowo/locobot_sim/locobot_ws/src/locobot_control_python' returned '0': PYTHONPATH=/home/wellyowo/locobot_sim/locobot_ws/build/locobot_control_python/prefix_override:/usr/lib/python3/dist-packages/colcon_core/task/python/colcon_distutils_commands:/home/wellyowo/locobot_sim/locobot_ws/install/locobot_control_python/lib/python3.10/site-packages:${PYTHONPATH} /usr/bin/python3 -W ignore:setup.py install is deprecated -W ignore:easy_install command is deprecated setup.py egg_info --egg-base ../../build/locobot_control_python build --build-base /home/wellyowo/locobot_sim/locobot_ws/build/locobot_control_python/build install --record /home/wellyowo/locobot_sim/locobot_ws/build/locobot_control_python/install.log --single-version-externally-managed install_data
