[0.127s] Invoking command in '/home/wellyowo/locobot_sim/locobot_ws/build/ecl_ipc': AMENT_PREFIX_PATH=/home/wellyowo/locobot_sim/locobot_ws/install/ecl_threads:/home/wellyowo/locobot_sim/locobot_ws/install/ecl_utilities:/home/wellyowo/locobot_sim/locobot_ws/install/ecl_time:/home/wellyowo/locobot_sim/locobot_ws/install/ecl_time_lite:/home/wellyowo/locobot_sim/locobot_ws/install/ecl_exceptions:/home/wellyowo/locobot_sim/locobot_ws/install/ecl_concepts:/home/wellyowo/locobot_sim/locobot_ws/install/ecl_type_traits:/home/wellyowo/locobot_sim/locobot_ws/install/ecl_errors:/home/wellyowo/locobot_sim/locobot_ws/install/ecl_mpl:/home/wellyowo/locobot_sim/locobot_ws/install/ecl_config:${AMENT_PREFIX_PATH} CMAKE_PREFIX_PATH=/home/wellyowo/locobot_sim/locobot_ws/install/ecl_threads:/home/wellyowo/locobot_sim/locobot_ws/install/ecl_utilities:/home/wellyowo/locobot_sim/locobot_ws/install/ecl_time:/home/wellyowo/locobot_sim/locobot_ws/install/ecl_time_lite:/home/wellyowo/locobot_sim/locobot_ws/install/ecl_exceptions:/home/wellyowo/locobot_sim/locobot_ws/install/ecl_concepts:/home/wellyowo/locobot_sim/locobot_ws/install/ecl_type_traits:/home/wellyowo/locobot_sim/locobot_ws/install/ecl_errors:/home/wellyowo/locobot_sim/locobot_ws/install/ecl_mpl:/home/wellyowo/locobot_sim/locobot_ws/install/ecl_config:/opt/ros/humble LD_LIBRARY_PATH=/home/wellyowo/locobot_sim/locobot_ws/install/ecl_threads/lib:/home/wellyowo/locobot_sim/locobot_ws/install/ecl_time/lib:/home/wellyowo/locobot_sim/locobot_ws/install/ecl_time_lite/lib:/home/wellyowo/locobot_sim/locobot_ws/install/ecl_exceptions/lib:/home/wellyowo/locobot_sim/locobot_ws/install/ecl_type_traits/lib:/home/wellyowo/locobot_sim/locobot_ws/install/ecl_errors/lib:${LD_LIBRARY_PATH} PATH=/home/wellyowo/locobot_sim/locobot_ws/install/ecl_type_traits/bin:/home/wellyowo/locobot_sim/locobot_ws/install/ecl_config/bin:${PATH} /usr/bin/cmake /home/wellyowo/locobot_sim/locobot_ws/src/ThirdParty/ecl/ecl_core/ecl_ipc -DBUILD_TESTING=OFF -DCMAKE_PREFIX_PATH= -DAMENT_CMAKE_SYMLINK_INSTALL=1 -DCMAKE_INSTALL_PREFIX=/home/wellyowo/locobot_sim/locobot_ws/install/ecl_ipc
[0.400s] -- The C compiler identification is GNU 11.4.0
[0.593s] -- The CXX compiler identification is GNU 11.4.0
[0.621s] -- Detecting C compiler ABI info
[0.956s] -- Detecting C compiler ABI info - done
[0.975s] -- Check for working C compiler: /usr/bin/cc - skipped
[0.977s] -- Detecting C compile features
[0.978s] -- Detecting C compile features - done
[0.990s] -- Detecting CXX compiler ABI info
[1.297s] -- Detecting CXX compiler ABI info - done
[1.318s] -- Check for working CXX compiler: /usr/bin/c++ - skipped
[1.319s] -- Detecting CXX compile features
[1.323s] -- Detecting CXX compile features - done
[1.333s] -- Found ament_cmake_ros: 0.10.0 (/opt/ros/humble/share/ament_cmake_ros/cmake)
[1.723s] -- Found Python3: /usr/bin/python3 (found version "3.10.12") found components: Interpreter 
[1.855s] -- Override CMake install command with custom implementation using symlinks instead of copying resources
[1.925s] -- Found ecl_build: 1.0.3 (/opt/ros/humble/share/ecl_build/cmake)
[1.936s] -- Found ecl_config: 1.2.0 (/home/wellyowo/locobot_sim/locobot_ws/install/ecl_config/share/ecl_config/cmake)
[1.941s] -- Found ecl_errors: 1.2.0 (/home/wellyowo/locobot_sim/locobot_ws/install/ecl_errors/share/ecl_errors/cmake)
[1.946s] -- Found ecl_time_lite: 1.2.0 (/home/wellyowo/locobot_sim/locobot_ws/install/ecl_time_lite/share/ecl_time_lite/cmake)
[1.953s] -- Found ecl_exceptions: 1.2.1 (/home/wellyowo/locobot_sim/locobot_ws/install/ecl_exceptions/share/ecl_exceptions/cmake)
[1.960s] -- Found ecl_threads: 1.2.1 (/home/wellyowo/locobot_sim/locobot_ws/install/ecl_threads/share/ecl_threads/cmake)
[1.962s] -- Looking for pthread.h
[2.196s] -- Looking for pthread.h - found
[2.197s] -- Performing Test CMAKE_HAVE_LIBC_PTHREAD
[2.444s] -- Performing Test CMAKE_HAVE_LIBC_PTHREAD - Success
[2.450s] -- Found Threads: TRUE  
[2.450s] [33mCMake Warning (dev) at /usr/share/cmake-3.22/Modules/FindPackageHandleStandardArgs.cmake:438 (message):
[2.451s]   The package name passed to `find_package_handle_standard_args` (Threads)
[2.451s]   does not match the name of the calling package (ecl_threads).  This can
[2.451s]   lead to problems in calling code that expects `find_package` result
[2.451s]   variables (e.g., `_FOUND`) to follow a certain pattern.
[2.451s] Call Stack (most recent call first):
[2.451s]   /usr/share/cmake-3.22/Modules/FindThreads.cmake:238 (FIND_PACKAGE_HANDLE_STANDARD_ARGS)
[2.452s]   /opt/ros/humble/share/ecl_build/cmake/ecl_platform_detection.cmake:225 (include)
[2.452s]   /home/wellyowo/locobot_sim/locobot_ws/install/ecl_threads/share/ecl_threads/cmake/ecl_threads-extras.cmake:4 (ecl_detect_threads)
[2.452s]   /home/wellyowo/locobot_sim/locobot_ws/install/ecl_threads/share/ecl_threads/cmake/ecl_threadsConfig.cmake:41 (include)
[2.452s]   CMakeLists.txt:22 (find_package)
[2.452s] This warning is for project developers.  Use -Wno-dev to suppress it.
[2.454s] [0m
[2.671s] -- Configuring done
[2.701s] -- Generating done
[2.707s] -- Build files have been written to: /home/wellyowo/locobot_sim/locobot_ws/build/ecl_ipc
[2.727s] Invoked command in '/home/wellyowo/locobot_sim/locobot_ws/build/ecl_ipc' returned '0': AMENT_PREFIX_PATH=/home/wellyowo/locobot_sim/locobot_ws/install/ecl_threads:/home/wellyowo/locobot_sim/locobot_ws/install/ecl_utilities:/home/wellyowo/locobot_sim/locobot_ws/install/ecl_time:/home/wellyowo/locobot_sim/locobot_ws/install/ecl_time_lite:/home/wellyowo/locobot_sim/locobot_ws/install/ecl_exceptions:/home/wellyowo/locobot_sim/locobot_ws/install/ecl_concepts:/home/wellyowo/locobot_sim/locobot_ws/install/ecl_type_traits:/home/wellyowo/locobot_sim/locobot_ws/install/ecl_errors:/home/wellyowo/locobot_sim/locobot_ws/install/ecl_mpl:/home/wellyowo/locobot_sim/locobot_ws/install/ecl_config:${AMENT_PREFIX_PATH} CMAKE_PREFIX_PATH=/home/wellyowo/locobot_sim/locobot_ws/install/ecl_threads:/home/wellyowo/locobot_sim/locobot_ws/install/ecl_utilities:/home/wellyowo/locobot_sim/locobot_ws/install/ecl_time:/home/wellyowo/locobot_sim/locobot_ws/install/ecl_time_lite:/home/wellyowo/locobot_sim/locobot_ws/install/ecl_exceptions:/home/wellyowo/locobot_sim/locobot_ws/install/ecl_concepts:/home/wellyowo/locobot_sim/locobot_ws/install/ecl_type_traits:/home/wellyowo/locobot_sim/locobot_ws/install/ecl_errors:/home/wellyowo/locobot_sim/locobot_ws/install/ecl_mpl:/home/wellyowo/locobot_sim/locobot_ws/install/ecl_config:/opt/ros/humble LD_LIBRARY_PATH=/home/wellyowo/locobot_sim/locobot_ws/install/ecl_threads/lib:/home/wellyowo/locobot_sim/locobot_ws/install/ecl_time/lib:/home/wellyowo/locobot_sim/locobot_ws/install/ecl_time_lite/lib:/home/wellyowo/locobot_sim/locobot_ws/install/ecl_exceptions/lib:/home/wellyowo/locobot_sim/locobot_ws/install/ecl_type_traits/lib:/home/wellyowo/locobot_sim/locobot_ws/install/ecl_errors/lib:${LD_LIBRARY_PATH} PATH=/home/wellyowo/locobot_sim/locobot_ws/install/ecl_type_traits/bin:/home/wellyowo/locobot_sim/locobot_ws/install/ecl_config/bin:${PATH} /usr/bin/cmake /home/wellyowo/locobot_sim/locobot_ws/src/ThirdParty/ecl/ecl_core/ecl_ipc -DBUILD_TESTING=OFF -DCMAKE_PREFIX_PATH= -DAMENT_CMAKE_SYMLINK_INSTALL=1 -DCMAKE_INSTALL_PREFIX=/home/wellyowo/locobot_sim/locobot_ws/install/ecl_ipc
[2.730s] Invoking command in '/home/wellyowo/locobot_sim/locobot_ws/build/ecl_ipc': AMENT_PREFIX_PATH=/home/wellyowo/locobot_sim/locobot_ws/install/ecl_threads:/home/wellyowo/locobot_sim/locobot_ws/install/ecl_utilities:/home/wellyowo/locobot_sim/locobot_ws/install/ecl_time:/home/wellyowo/locobot_sim/locobot_ws/install/ecl_time_lite:/home/wellyowo/locobot_sim/locobot_ws/install/ecl_exceptions:/home/wellyowo/locobot_sim/locobot_ws/install/ecl_concepts:/home/wellyowo/locobot_sim/locobot_ws/install/ecl_type_traits:/home/wellyowo/locobot_sim/locobot_ws/install/ecl_errors:/home/wellyowo/locobot_sim/locobot_ws/install/ecl_mpl:/home/wellyowo/locobot_sim/locobot_ws/install/ecl_config:${AMENT_PREFIX_PATH} CMAKE_PREFIX_PATH=/home/wellyowo/locobot_sim/locobot_ws/install/ecl_threads:/home/wellyowo/locobot_sim/locobot_ws/install/ecl_utilities:/home/wellyowo/locobot_sim/locobot_ws/install/ecl_time:/home/wellyowo/locobot_sim/locobot_ws/install/ecl_time_lite:/home/wellyowo/locobot_sim/locobot_ws/install/ecl_exceptions:/home/wellyowo/locobot_sim/locobot_ws/install/ecl_concepts:/home/wellyowo/locobot_sim/locobot_ws/install/ecl_type_traits:/home/wellyowo/locobot_sim/locobot_ws/install/ecl_errors:/home/wellyowo/locobot_sim/locobot_ws/install/ecl_mpl:/home/wellyowo/locobot_sim/locobot_ws/install/ecl_config:/opt/ros/humble LD_LIBRARY_PATH=/home/wellyowo/locobot_sim/locobot_ws/install/ecl_threads/lib:/home/wellyowo/locobot_sim/locobot_ws/install/ecl_time/lib:/home/wellyowo/locobot_sim/locobot_ws/install/ecl_time_lite/lib:/home/wellyowo/locobot_sim/locobot_ws/install/ecl_exceptions/lib:/home/wellyowo/locobot_sim/locobot_ws/install/ecl_type_traits/lib:/home/wellyowo/locobot_sim/locobot_ws/install/ecl_errors/lib:${LD_LIBRARY_PATH} PATH=/home/wellyowo/locobot_sim/locobot_ws/install/ecl_type_traits/bin:/home/wellyowo/locobot_sim/locobot_ws/install/ecl_config/bin:${PATH} /usr/bin/cmake --build /home/wellyowo/locobot_sim/locobot_ws/build/ecl_ipc -- -j16 -l16
[2.866s] [ 33%] [32mBuilding CXX object src/lib/CMakeFiles/ecl_ipc.dir/semaphore_pos.cpp.o[0m
[3.360s] [ 66%] [32mBuilding CXX object src/lib/CMakeFiles/ecl_ipc.dir/shared_memory_pos.cpp.o[0m
[3.869s] [100%] [32m[1mLinking CXX shared library libecl_ipc.so[0m
[4.163s] [100%] Built target ecl_ipc
[4.203s] Invoked command in '/home/wellyowo/locobot_sim/locobot_ws/build/ecl_ipc' returned '0': AMENT_PREFIX_PATH=/home/wellyowo/locobot_sim/locobot_ws/install/ecl_threads:/home/wellyowo/locobot_sim/locobot_ws/install/ecl_utilities:/home/wellyowo/locobot_sim/locobot_ws/install/ecl_time:/home/wellyowo/locobot_sim/locobot_ws/install/ecl_time_lite:/home/wellyowo/locobot_sim/locobot_ws/install/ecl_exceptions:/home/wellyowo/locobot_sim/locobot_ws/install/ecl_concepts:/home/wellyowo/locobot_sim/locobot_ws/install/ecl_type_traits:/home/wellyowo/locobot_sim/locobot_ws/install/ecl_errors:/home/wellyowo/locobot_sim/locobot_ws/install/ecl_mpl:/home/wellyowo/locobot_sim/locobot_ws/install/ecl_config:${AMENT_PREFIX_PATH} CMAKE_PREFIX_PATH=/home/wellyowo/locobot_sim/locobot_ws/install/ecl_threads:/home/wellyowo/locobot_sim/locobot_ws/install/ecl_utilities:/home/wellyowo/locobot_sim/locobot_ws/install/ecl_time:/home/wellyowo/locobot_sim/locobot_ws/install/ecl_time_lite:/home/wellyowo/locobot_sim/locobot_ws/install/ecl_exceptions:/home/wellyowo/locobot_sim/locobot_ws/install/ecl_concepts:/home/wellyowo/locobot_sim/locobot_ws/install/ecl_type_traits:/home/wellyowo/locobot_sim/locobot_ws/install/ecl_errors:/home/wellyowo/locobot_sim/locobot_ws/install/ecl_mpl:/home/wellyowo/locobot_sim/locobot_ws/install/ecl_config:/opt/ros/humble LD_LIBRARY_PATH=/home/wellyowo/locobot_sim/locobot_ws/install/ecl_threads/lib:/home/wellyowo/locobot_sim/locobot_ws/install/ecl_time/lib:/home/wellyowo/locobot_sim/locobot_ws/install/ecl_time_lite/lib:/home/wellyowo/locobot_sim/locobot_ws/install/ecl_exceptions/lib:/home/wellyowo/locobot_sim/locobot_ws/install/ecl_type_traits/lib:/home/wellyowo/locobot_sim/locobot_ws/install/ecl_errors/lib:${LD_LIBRARY_PATH} PATH=/home/wellyowo/locobot_sim/locobot_ws/install/ecl_type_traits/bin:/home/wellyowo/locobot_sim/locobot_ws/install/ecl_config/bin:${PATH} /usr/bin/cmake --build /home/wellyowo/locobot_sim/locobot_ws/build/ecl_ipc -- -j16 -l16
[4.210s] Invoking command in '/home/wellyowo/locobot_sim/locobot_ws/build/ecl_ipc': AMENT_PREFIX_PATH=/home/wellyowo/locobot_sim/locobot_ws/install/ecl_threads:/home/wellyowo/locobot_sim/locobot_ws/install/ecl_utilities:/home/wellyowo/locobot_sim/locobot_ws/install/ecl_time:/home/wellyowo/locobot_sim/locobot_ws/install/ecl_time_lite:/home/wellyowo/locobot_sim/locobot_ws/install/ecl_exceptions:/home/wellyowo/locobot_sim/locobot_ws/install/ecl_concepts:/home/wellyowo/locobot_sim/locobot_ws/install/ecl_type_traits:/home/wellyowo/locobot_sim/locobot_ws/install/ecl_errors:/home/wellyowo/locobot_sim/locobot_ws/install/ecl_mpl:/home/wellyowo/locobot_sim/locobot_ws/install/ecl_config:${AMENT_PREFIX_PATH} CMAKE_PREFIX_PATH=/home/wellyowo/locobot_sim/locobot_ws/install/ecl_threads:/home/wellyowo/locobot_sim/locobot_ws/install/ecl_utilities:/home/wellyowo/locobot_sim/locobot_ws/install/ecl_time:/home/wellyowo/locobot_sim/locobot_ws/install/ecl_time_lite:/home/wellyowo/locobot_sim/locobot_ws/install/ecl_exceptions:/home/wellyowo/locobot_sim/locobot_ws/install/ecl_concepts:/home/wellyowo/locobot_sim/locobot_ws/install/ecl_type_traits:/home/wellyowo/locobot_sim/locobot_ws/install/ecl_errors:/home/wellyowo/locobot_sim/locobot_ws/install/ecl_mpl:/home/wellyowo/locobot_sim/locobot_ws/install/ecl_config:/opt/ros/humble LD_LIBRARY_PATH=/home/wellyowo/locobot_sim/locobot_ws/install/ecl_threads/lib:/home/wellyowo/locobot_sim/locobot_ws/install/ecl_time/lib:/home/wellyowo/locobot_sim/locobot_ws/install/ecl_time_lite/lib:/home/wellyowo/locobot_sim/locobot_ws/install/ecl_exceptions/lib:/home/wellyowo/locobot_sim/locobot_ws/install/ecl_type_traits/lib:/home/wellyowo/locobot_sim/locobot_ws/install/ecl_errors/lib:${LD_LIBRARY_PATH} PATH=/home/wellyowo/locobot_sim/locobot_ws/install/ecl_type_traits/bin:/home/wellyowo/locobot_sim/locobot_ws/install/ecl_config/bin:${PATH} /usr/bin/cmake --install /home/wellyowo/locobot_sim/locobot_ws/build/ecl_ipc
[4.221s] -- Install configuration: ""
[4.222s] -- Execute custom install script
[4.222s] -- Symlinking: /home/wellyowo/locobot_sim/locobot_ws/install/ecl_ipc/include/ecl/ipc/semaphore.hpp
[4.248s] -- Symlinking: /home/wellyowo/locobot_sim/locobot_ws/install/ecl_ipc/include/ecl/ipc/semaphore_pos.hpp
[4.271s] -- Symlinking: /home/wellyowo/locobot_sim/locobot_ws/install/ecl_ipc/include/ecl/ipc/shared_memory.hpp
[4.291s] -- Symlinking: /home/wellyowo/locobot_sim/locobot_ws/install/ecl_ipc/include/ecl/ipc/shared_memory_pos.hpp
[4.311s] -- Symlinking: /home/wellyowo/locobot_sim/locobot_ws/install/ecl_ipc/include/ecl/ipc.hpp
[4.336s] -- Symlinking: /home/wellyowo/locobot_sim/locobot_ws/install/ecl_ipc/share/ecl_ipc/environment/library_path.sh
[4.357s] -- Symlinking: /home/wellyowo/locobot_sim/locobot_ws/install/ecl_ipc/share/ecl_ipc/environment/library_path.dsv
[4.380s] -- Symlinking: /home/wellyowo/locobot_sim/locobot_ws/install/ecl_ipc/share/ament_index/resource_index/package_run_dependencies/ecl_ipc
[4.406s] -- Symlinking: /home/wellyowo/locobot_sim/locobot_ws/install/ecl_ipc/share/ament_index/resource_index/parent_prefix_path/ecl_ipc
[4.427s] -- Symlinking: /home/wellyowo/locobot_sim/locobot_ws/install/ecl_ipc/share/ecl_ipc/environment/ament_prefix_path.sh
[4.442s] -- Symlinking: /home/wellyowo/locobot_sim/locobot_ws/install/ecl_ipc/share/ecl_ipc/environment/ament_prefix_path.dsv
[4.457s] -- Symlinking: /home/wellyowo/locobot_sim/locobot_ws/install/ecl_ipc/share/ecl_ipc/environment/path.sh
[4.476s] -- Symlinking: /home/wellyowo/locobot_sim/locobot_ws/install/ecl_ipc/share/ecl_ipc/environment/path.dsv
[4.501s] -- Symlinking: /home/wellyowo/locobot_sim/locobot_ws/install/ecl_ipc/share/ecl_ipc/local_setup.bash
[4.525s] -- Symlinking: /home/wellyowo/locobot_sim/locobot_ws/install/ecl_ipc/share/ecl_ipc/local_setup.sh
[4.566s] -- Symlinking: /home/wellyowo/locobot_sim/locobot_ws/install/ecl_ipc/share/ecl_ipc/local_setup.zsh
[4.587s] -- Symlinking: /home/wellyowo/locobot_sim/locobot_ws/install/ecl_ipc/share/ecl_ipc/local_setup.dsv
[4.607s] -- Symlinking: /home/wellyowo/locobot_sim/locobot_ws/install/ecl_ipc/share/ecl_ipc/package.dsv
[4.624s] -- Symlinking: /home/wellyowo/locobot_sim/locobot_ws/install/ecl_ipc/share/ament_index/resource_index/packages/ecl_ipc
[4.644s] -- Symlinking: /home/wellyowo/locobot_sim/locobot_ws/install/ecl_ipc/share/ecl_ipc/cmake/ament_cmake_export_targets-extras.cmake
[4.662s] -- Symlinking: /home/wellyowo/locobot_sim/locobot_ws/install/ecl_ipc/share/ecl_ipc/cmake/ament_cmake_export_include_directories-extras.cmake
[4.683s] -- Symlinking: /home/wellyowo/locobot_sim/locobot_ws/install/ecl_ipc/share/ecl_ipc/cmake/ament_cmake_export_libraries-extras.cmake
[4.697s] -- Symlinking: /home/wellyowo/locobot_sim/locobot_ws/install/ecl_ipc/share/ecl_ipc/cmake/ament_cmake_export_dependencies-extras.cmake
[4.717s] -- Symlinking: /home/wellyowo/locobot_sim/locobot_ws/install/ecl_ipc/share/ecl_ipc/cmake/ecl_ipcConfig.cmake
[4.729s] -- Symlinking: /home/wellyowo/locobot_sim/locobot_ws/install/ecl_ipc/share/ecl_ipc/cmake/ecl_ipcConfig-version.cmake
[4.751s] -- Symlinking: /home/wellyowo/locobot_sim/locobot_ws/install/ecl_ipc/share/ecl_ipc/package.xml
[4.773s] -- Installing: /home/wellyowo/locobot_sim/locobot_ws/install/ecl_ipc/share/ecl_ipc/cmake/ecl_ipcExport.cmake
[4.776s] -- Installing: /home/wellyowo/locobot_sim/locobot_ws/install/ecl_ipc/share/ecl_ipc/cmake/ecl_ipcExport-noconfig.cmake
[4.779s] -- Installing: /home/wellyowo/locobot_sim/locobot_ws/install/ecl_ipc/lib/libecl_ipc.so.1.2.1
[4.784s] -- Set runtime path of "/home/wellyowo/locobot_sim/locobot_ws/install/ecl_ipc/lib/libecl_ipc.so.1.2.1" to ""
[4.786s] -- Installing: /home/wellyowo/locobot_sim/locobot_ws/install/ecl_ipc/lib/libecl_ipc.so
[4.794s] Invoked command in '/home/wellyowo/locobot_sim/locobot_ws/build/ecl_ipc' returned '0': AMENT_PREFIX_PATH=/home/wellyowo/locobot_sim/locobot_ws/install/ecl_threads:/home/wellyowo/locobot_sim/locobot_ws/install/ecl_utilities:/home/wellyowo/locobot_sim/locobot_ws/install/ecl_time:/home/wellyowo/locobot_sim/locobot_ws/install/ecl_time_lite:/home/wellyowo/locobot_sim/locobot_ws/install/ecl_exceptions:/home/wellyowo/locobot_sim/locobot_ws/install/ecl_concepts:/home/wellyowo/locobot_sim/locobot_ws/install/ecl_type_traits:/home/wellyowo/locobot_sim/locobot_ws/install/ecl_errors:/home/wellyowo/locobot_sim/locobot_ws/install/ecl_mpl:/home/wellyowo/locobot_sim/locobot_ws/install/ecl_config:${AMENT_PREFIX_PATH} CMAKE_PREFIX_PATH=/home/wellyowo/locobot_sim/locobot_ws/install/ecl_threads:/home/wellyowo/locobot_sim/locobot_ws/install/ecl_utilities:/home/wellyowo/locobot_sim/locobot_ws/install/ecl_time:/home/wellyowo/locobot_sim/locobot_ws/install/ecl_time_lite:/home/wellyowo/locobot_sim/locobot_ws/install/ecl_exceptions:/home/wellyowo/locobot_sim/locobot_ws/install/ecl_concepts:/home/wellyowo/locobot_sim/locobot_ws/install/ecl_type_traits:/home/wellyowo/locobot_sim/locobot_ws/install/ecl_errors:/home/wellyowo/locobot_sim/locobot_ws/install/ecl_mpl:/home/wellyowo/locobot_sim/locobot_ws/install/ecl_config:/opt/ros/humble LD_LIBRARY_PATH=/home/wellyowo/locobot_sim/locobot_ws/install/ecl_threads/lib:/home/wellyowo/locobot_sim/locobot_ws/install/ecl_time/lib:/home/wellyowo/locobot_sim/locobot_ws/install/ecl_time_lite/lib:/home/wellyowo/locobot_sim/locobot_ws/install/ecl_exceptions/lib:/home/wellyowo/locobot_sim/locobot_ws/install/ecl_type_traits/lib:/home/wellyowo/locobot_sim/locobot_ws/install/ecl_errors/lib:${LD_LIBRARY_PATH} PATH=/home/wellyowo/locobot_sim/locobot_ws/install/ecl_type_traits/bin:/home/wellyowo/locobot_sim/locobot_ws/install/ecl_config/bin:${PATH} /usr/bin/cmake --install /home/wellyowo/locobot_sim/locobot_ws/build/ecl_ipc
