-- Install configuration: ""
-- Up-to-date: /home/wellyowo/locobot_sim/locobot_ws/src/install/ecl_eigen/include/ecl/eigen.hpp
-- Up-to-date: /home/wellyowo/locobot_sim/locobot_ws/src/install/ecl_eigen/share/ament_index/resource_index/package_run_dependencies/ecl_eigen
-- Up-to-date: /home/wellyowo/locobot_sim/locobot_ws/src/install/ecl_eigen/share/ament_index/resource_index/parent_prefix_path/ecl_eigen
-- Up-to-date: /home/wellyowo/locobot_sim/locobot_ws/src/install/ecl_eigen/share/ecl_eigen/environment/ament_prefix_path.sh
-- Up-to-date: /home/wellyowo/locobot_sim/locobot_ws/src/install/ecl_eigen/share/ecl_eigen/environment/ament_prefix_path.dsv
-- Up-to-date: /home/wellyowo/locobot_sim/locobot_ws/src/install/ecl_eigen/share/ecl_eigen/environment/path.sh
-- Up-to-date: /home/wellyowo/locobot_sim/locobot_ws/src/install/ecl_eigen/share/ecl_eigen/environment/path.dsv
-- Up-to-date: /home/wellyowo/locobot_sim/locobot_ws/src/install/ecl_eigen/share/ecl_eigen/local_setup.bash
-- Up-to-date: /home/wellyowo/locobot_sim/locobot_ws/src/install/ecl_eigen/share/ecl_eigen/local_setup.sh
-- Up-to-date: /home/wellyowo/locobot_sim/locobot_ws/src/install/ecl_eigen/share/ecl_eigen/local_setup.zsh
-- Up-to-date: /home/wellyowo/locobot_sim/locobot_ws/src/install/ecl_eigen/share/ecl_eigen/local_setup.dsv
-- Installing: /home/wellyowo/locobot_sim/locobot_ws/src/install/ecl_eigen/share/ecl_eigen/package.dsv
-- Up-to-date: /home/wellyowo/locobot_sim/locobot_ws/src/install/ecl_eigen/share/ament_index/resource_index/packages/ecl_eigen
-- Up-to-date: /home/wellyowo/locobot_sim/locobot_ws/src/install/ecl_eigen/share/ecl_eigen/cmake/ecl_eigenExport.cmake
-- Up-to-date: /home/wellyowo/locobot_sim/locobot_ws/src/install/ecl_eigen/share/ecl_eigen/cmake/ament_cmake_export_targets-extras.cmake
-- Up-to-date: /home/wellyowo/locobot_sim/locobot_ws/src/install/ecl_eigen/share/ecl_eigen/cmake/ament_cmake_export_include_directories-extras.cmake
-- Up-to-date: /home/wellyowo/locobot_sim/locobot_ws/src/install/ecl_eigen/share/ecl_eigen/cmake/ament_cmake_export_dependencies-extras.cmake
-- Up-to-date: /home/wellyowo/locobot_sim/locobot_ws/src/install/ecl_eigen/share/ecl_eigen/cmake/ecl_eigenConfig.cmake
-- Up-to-date: /home/wellyowo/locobot_sim/locobot_ws/src/install/ecl_eigen/share/ecl_eigen/cmake/ecl_eigenConfig-version.cmake
-- Up-to-date: /home/wellyowo/locobot_sim/locobot_ws/src/install/ecl_eigen/share/ecl_eigen/package.xml
-- Up-to-date: /home/wellyowo/locobot_sim/locobot_ws/src/install/ecl_eigen/share/licenses/eigen/COPYING.LESSER
