[0.039s] Invoking command in '/home/wellyowo/locobot_sim/locobot_ws/src/build/ecl_eigen': CMAKE_PREFIX_PATH=/opt/ros/humble /usr/bin/cmake --build /home/wellyowo/locobot_sim/locobot_ws/src/build/ecl_eigen -- -j16 -l16
[0.382s] Invoked command in '/home/wellyowo/locobot_sim/locobot_ws/src/build/ecl_eigen' returned '0': CMAKE_PREFIX_PATH=/opt/ros/humble /usr/bin/cmake --build /home/wellyowo/locobot_sim/locobot_ws/src/build/ecl_eigen -- -j16 -l16
[0.385s] Invoking command in '/home/wellyowo/locobot_sim/locobot_ws/src/build/ecl_eigen': CMAKE_PREFIX_PATH=/opt/ros/humble /usr/bin/cmake --install /home/wellyowo/locobot_sim/locobot_ws/src/build/ecl_eigen
[0.440s] -- Install configuration: ""
[0.441s] -- Up-to-date: /home/wellyowo/locobot_sim/locobot_ws/src/install/ecl_eigen/include/ecl/eigen.hpp
[0.441s] -- Up-to-date: /home/wellyowo/locobot_sim/locobot_ws/src/install/ecl_eigen/share/ament_index/resource_index/package_run_dependencies/ecl_eigen
[0.441s] -- Up-to-date: /home/wellyowo/locobot_sim/locobot_ws/src/install/ecl_eigen/share/ament_index/resource_index/parent_prefix_path/ecl_eigen
[0.441s] -- Up-to-date: /home/wellyowo/locobot_sim/locobot_ws/src/install/ecl_eigen/share/ecl_eigen/environment/ament_prefix_path.sh
[0.441s] -- Up-to-date: /home/wellyowo/locobot_sim/locobot_ws/src/install/ecl_eigen/share/ecl_eigen/environment/ament_prefix_path.dsv
[0.441s] -- Up-to-date: /home/wellyowo/locobot_sim/locobot_ws/src/install/ecl_eigen/share/ecl_eigen/environment/path.sh
[0.441s] -- Up-to-date: /home/wellyowo/locobot_sim/locobot_ws/src/install/ecl_eigen/share/ecl_eigen/environment/path.dsv
[0.441s] -- Up-to-date: /home/wellyowo/locobot_sim/locobot_ws/src/install/ecl_eigen/share/ecl_eigen/local_setup.bash
[0.442s] -- Up-to-date: /home/wellyowo/locobot_sim/locobot_ws/src/install/ecl_eigen/share/ecl_eigen/local_setup.sh
[0.442s] -- Up-to-date: /home/wellyowo/locobot_sim/locobot_ws/src/install/ecl_eigen/share/ecl_eigen/local_setup.zsh
[0.442s] -- Up-to-date: /home/wellyowo/locobot_sim/locobot_ws/src/install/ecl_eigen/share/ecl_eigen/local_setup.dsv
[0.442s] -- Installing: /home/wellyowo/locobot_sim/locobot_ws/src/install/ecl_eigen/share/ecl_eigen/package.dsv
[0.442s] -- Up-to-date: /home/wellyowo/locobot_sim/locobot_ws/src/install/ecl_eigen/share/ament_index/resource_index/packages/ecl_eigen
[0.442s] -- Up-to-date: /home/wellyowo/locobot_sim/locobot_ws/src/install/ecl_eigen/share/ecl_eigen/cmake/ecl_eigenExport.cmake
[0.442s] -- Up-to-date: /home/wellyowo/locobot_sim/locobot_ws/src/install/ecl_eigen/share/ecl_eigen/cmake/ament_cmake_export_targets-extras.cmake
[0.442s] -- Up-to-date: /home/wellyowo/locobot_sim/locobot_ws/src/install/ecl_eigen/share/ecl_eigen/cmake/ament_cmake_export_include_directories-extras.cmake
[0.442s] -- Up-to-date: /home/wellyowo/locobot_sim/locobot_ws/src/install/ecl_eigen/share/ecl_eigen/cmake/ament_cmake_export_dependencies-extras.cmake
[0.442s] -- Up-to-date: /home/wellyowo/locobot_sim/locobot_ws/src/install/ecl_eigen/share/ecl_eigen/cmake/ecl_eigenConfig.cmake
[0.442s] -- Up-to-date: /home/wellyowo/locobot_sim/locobot_ws/src/install/ecl_eigen/share/ecl_eigen/cmake/ecl_eigenConfig-version.cmake
[0.442s] -- Up-to-date: /home/wellyowo/locobot_sim/locobot_ws/src/install/ecl_eigen/share/ecl_eigen/package.xml
[0.442s] -- Up-to-date: /home/wellyowo/locobot_sim/locobot_ws/src/install/ecl_eigen/share/licenses/eigen/COPYING.LESSER
[0.563s] Invoked command in '/home/wellyowo/locobot_sim/locobot_ws/src/build/ecl_eigen' returned '0': CMAKE_PREFIX_PATH=/opt/ros/humble /usr/bin/cmake --install /home/wellyowo/locobot_sim/locobot_ws/src/build/ecl_eigen
