[0.042s] Invoking command in '/home/wellyowo/locobot_sim/locobot_ws/src/build/ecl_config': CMAKE_PREFIX_PATH=/opt/ros/humble /usr/bin/cmake --build /home/wellyowo/locobot_sim/locobot_ws/src/build/ecl_config -- -j16 -l16
[0.296s] [35m[1mConsolidate compiler generated dependencies of target ecl_detect_endian[0m
[0.296s] [35m[1mConsolidate compiler generated dependencies of target gtest_main[0m
[0.296s] [35m[1mConsolidate compiler generated dependencies of target ecl_detect_posix[0m
[0.296s] [35m[1mConsolidate compiler generated dependencies of target gtest[0m
[0.296s] [ 12%] Built target gtest
[0.296s] [ 25%] Built target ecl_detect_posix
[0.297s] [ 37%] Built target ecl_detect_endian
[0.297s] [ 50%] Built target gtest_main
[0.297s] [35m[1mConsolidate compiler generated dependencies of target ecl_test_endianness[0m
[0.297s] [35m[1mConsolidate compiler generated dependencies of target ecl_test_char_sign[0m
[0.297s] [35m[1mConsolidate compiler generated dependencies of target ecl_test_macros[0m
[0.297s] [35m[1mConsolidate compiler generated dependencies of target ecl_test_portable_types[0m
[0.297s] [ 62%] Built target ecl_test_endianness
[0.297s] [ 75%] Built target ecl_test_macros
[0.297s] [ 87%] Built target ecl_test_char_sign
[0.297s] [100%] Built target ecl_test_portable_types
[0.344s] Invoked command in '/home/wellyowo/locobot_sim/locobot_ws/src/build/ecl_config' returned '0': CMAKE_PREFIX_PATH=/opt/ros/humble /usr/bin/cmake --build /home/wellyowo/locobot_sim/locobot_ws/src/build/ecl_config -- -j16 -l16
[0.365s] Invoking command in '/home/wellyowo/locobot_sim/locobot_ws/src/build/ecl_config': CMAKE_PREFIX_PATH=/opt/ros/humble /usr/bin/cmake --install /home/wellyowo/locobot_sim/locobot_ws/src/build/ecl_config
[0.427s] -- Install configuration: ""
[0.427s] -- Up-to-date: /home/wellyowo/locobot_sim/locobot_ws/src/install/ecl_config/share/ament_index/resource_index/package_run_dependencies/ecl_config
[0.427s] -- Up-to-date: /home/wellyowo/locobot_sim/locobot_ws/src/install/ecl_config/share/ament_index/resource_index/parent_prefix_path/ecl_config
[0.427s] -- Up-to-date: /home/wellyowo/locobot_sim/locobot_ws/src/install/ecl_config/share/ecl_config/environment/ament_prefix_path.sh
[0.427s] -- Up-to-date: /home/wellyowo/locobot_sim/locobot_ws/src/install/ecl_config/share/ecl_config/environment/ament_prefix_path.dsv
[0.427s] -- Up-to-date: /home/wellyowo/locobot_sim/locobot_ws/src/install/ecl_config/share/ecl_config/environment/path.sh
[0.427s] -- Up-to-date: /home/wellyowo/locobot_sim/locobot_ws/src/install/ecl_config/share/ecl_config/environment/path.dsv
[0.428s] -- Up-to-date: /home/wellyowo/locobot_sim/locobot_ws/src/install/ecl_config/share/ecl_config/local_setup.bash
[0.428s] -- Up-to-date: /home/wellyowo/locobot_sim/locobot_ws/src/install/ecl_config/share/ecl_config/local_setup.sh
[0.428s] -- Up-to-date: /home/wellyowo/locobot_sim/locobot_ws/src/install/ecl_config/share/ecl_config/local_setup.zsh
[0.428s] -- Up-to-date: /home/wellyowo/locobot_sim/locobot_ws/src/install/ecl_config/share/ecl_config/local_setup.dsv
[0.428s] -- Installing: /home/wellyowo/locobot_sim/locobot_ws/src/install/ecl_config/share/ecl_config/package.dsv
[0.428s] -- Up-to-date: /home/wellyowo/locobot_sim/locobot_ws/src/install/ecl_config/share/ament_index/resource_index/packages/ecl_config
[0.428s] -- Up-to-date: /home/wellyowo/locobot_sim/locobot_ws/src/install/ecl_config/share/ecl_config/cmake/ecl_configExport.cmake
[0.428s] -- Up-to-date: /home/wellyowo/locobot_sim/locobot_ws/src/install/ecl_config/share/ecl_config/cmake/ament_cmake_export_targets-extras.cmake
[0.428s] -- Up-to-date: /home/wellyowo/locobot_sim/locobot_ws/src/install/ecl_config/share/ecl_config/cmake/ament_cmake_export_include_directories-extras.cmake
[0.428s] -- Up-to-date: /home/wellyowo/locobot_sim/locobot_ws/src/install/ecl_config/share/ecl_config/cmake/ecl_configConfig.cmake
[0.428s] -- Up-to-date: /home/wellyowo/locobot_sim/locobot_ws/src/install/ecl_config/share/ecl_config/cmake/ecl_configConfig-version.cmake
[0.428s] -- Up-to-date: /home/wellyowo/locobot_sim/locobot_ws/src/install/ecl_config/share/ecl_config/package.xml
[0.428s] -- Up-to-date: /home/wellyowo/locobot_sim/locobot_ws/src/install/ecl_config/include/ecl/config.hpp
[0.428s] -- Up-to-date: /home/wellyowo/locobot_sim/locobot_ws/src/install/ecl_config/include/ecl/config/ecl.hpp
[0.434s] -- Up-to-date: /home/wellyowo/locobot_sim/locobot_ws/src/install/ecl_config/include/ecl/config/char_sign.hpp
[0.442s] -- Up-to-date: /home/wellyowo/locobot_sim/locobot_ws/src/install/ecl_config/include/ecl/config/ecl_unknown.hpp
[0.442s] -- Up-to-date: /home/wellyowo/locobot_sim/locobot_ws/src/install/ecl_config/include/ecl/config/endianness.hpp
[0.442s] -- Up-to-date: /home/wellyowo/locobot_sim/locobot_ws/src/install/ecl_config/include/ecl/config/macros.hpp
[0.442s] -- Up-to-date: /home/wellyowo/locobot_sim/locobot_ws/src/install/ecl_config/include/ecl/config/portable_types.hpp
[0.442s] -- Up-to-date: /home/wellyowo/locobot_sim/locobot_ws/src/install/ecl_config/include/ecl/config/windows.hpp
[0.443s] -- Up-to-date: /home/wellyowo/locobot_sim/locobot_ws/src/install/ecl_config/bin/ecl_detect_endian
[0.443s] -- Up-to-date: /home/wellyowo/locobot_sim/locobot_ws/src/install/ecl_config/bin/ecl_detect_posix
[0.451s] Invoked command in '/home/wellyowo/locobot_sim/locobot_ws/src/build/ecl_config' returned '0': CMAKE_PREFIX_PATH=/opt/ros/humble /usr/bin/cmake --install /home/wellyowo/locobot_sim/locobot_ws/src/build/ecl_config
