[0.056s] Invoking command in '/home/wellyowo/locobot_sim/locobot_ws/build/kobuki_core': AMENT_PREFIX_PATH=/home/wellyowo/locobot_sim/locobot_ws/install/ecl_mobile_robot:/home/wellyowo/locobot_sim/locobot_ws/install/ecl_geometry:/home/wellyowo/locobot_sim/locobot_ws/install/ecl_devices:/home/wellyowo/locobot_sim/locobot_ws/install/ecl_sigslots:/home/wellyowo/locobot_sim/locobot_ws/install/ecl_linear_algebra:/home/wellyowo/locobot_sim/locobot_ws/install/ecl_containers:/home/wellyowo/locobot_sim/locobot_ws/install/ecl_threads:/home/wellyowo/locobot_sim/locobot_ws/install/ecl_formatters:/home/wellyowo/locobot_sim/locobot_ws/install/ecl_utilities:/home/wellyowo/locobot_sim/locobot_ws/install/ecl_time:/home/wellyowo/locobot_sim/locobot_ws/install/ecl_converters:/home/wellyowo/locobot_sim/locobot_ws/install/ecl_time_lite:/home/wellyowo/locobot_sim/locobot_ws/install/ecl_math:/home/wellyowo/locobot_sim/locobot_ws/install/ecl_exceptions:/home/wellyowo/locobot_sim/locobot_ws/install/ecl_concepts:/home/wellyowo/locobot_sim/locobot_ws/install/ecl_type_traits:/home/wellyowo/locobot_sim/locobot_ws/install/ecl_errors:/home/wellyowo/locobot_sim/locobot_ws/install/ecl_console:/home/wellyowo/locobot_sim/locobot_ws/install/ecl_mpl:/home/wellyowo/locobot_sim/locobot_ws/install/ecl_eigen:/home/wellyowo/locobot_sim/locobot_ws/install/ecl_config:/home/wellyowo/locobot_sim/locobot_ws/install/ecl_command_line:${AMENT_PREFIX_PATH} CMAKE_PREFIX_PATH=/home/wellyowo/locobot_sim/locobot_ws/install/ecl_mobile_robot:/home/wellyowo/locobot_sim/locobot_ws/install/ecl_geometry:/home/wellyowo/locobot_sim/locobot_ws/install/ecl_devices:/home/wellyowo/locobot_sim/locobot_ws/install/ecl_sigslots:/home/wellyowo/locobot_sim/locobot_ws/install/ecl_linear_algebra:/home/wellyowo/locobot_sim/locobot_ws/install/ecl_containers:/home/wellyowo/locobot_sim/locobot_ws/install/ecl_threads:/home/wellyowo/locobot_sim/locobot_ws/install/ecl_formatters:/home/wellyowo/locobot_sim/locobot_ws/install/ecl_utilities:/home/wellyowo/locobot_sim/locobot_ws/install/ecl_time:/home/wellyowo/locobot_sim/locobot_ws/install/ecl_converters:/home/wellyowo/locobot_sim/locobot_ws/install/ecl_time_lite:/home/wellyowo/locobot_sim/locobot_ws/install/ecl_math:/home/wellyowo/locobot_sim/locobot_ws/install/ecl_exceptions:/home/wellyowo/locobot_sim/locobot_ws/install/ecl_concepts:/home/wellyowo/locobot_sim/locobot_ws/install/ecl_type_traits:/home/wellyowo/locobot_sim/locobot_ws/install/ecl_errors:/home/wellyowo/locobot_sim/locobot_ws/install/ecl_console:/home/wellyowo/locobot_sim/locobot_ws/install/sophus:/home/wellyowo/locobot_sim/locobot_ws/install/ecl_mpl:/home/wellyowo/locobot_sim/locobot_ws/install/ecl_eigen:/home/wellyowo/locobot_sim/locobot_ws/install/ecl_config:/home/wellyowo/locobot_sim/locobot_ws/install/ecl_command_line:/opt/ros/humble LD_LIBRARY_PATH=/home/wellyowo/locobot_sim/locobot_ws/install/ecl_mobile_robot/lib:/home/wellyowo/locobot_sim/locobot_ws/install/ecl_geometry/lib:/home/wellyowo/locobot_sim/locobot_ws/install/ecl_devices/lib:/home/wellyowo/locobot_sim/locobot_ws/install/ecl_linear_algebra/lib:/home/wellyowo/locobot_sim/locobot_ws/install/ecl_threads/lib:/home/wellyowo/locobot_sim/locobot_ws/install/ecl_formatters/lib:/home/wellyowo/locobot_sim/locobot_ws/install/ecl_time/lib:/home/wellyowo/locobot_sim/locobot_ws/install/ecl_time_lite/lib:/home/wellyowo/locobot_sim/locobot_ws/install/ecl_exceptions/lib:/home/wellyowo/locobot_sim/locobot_ws/install/ecl_type_traits/lib:/home/wellyowo/locobot_sim/locobot_ws/install/ecl_errors/lib:/opt/ros/humble/opt/rviz_ogre_vendor/lib:/opt/ros/humble/lib/x86_64-linux-gnu:/opt/ros/humble/lib:/usr/local/nvidia/lib:/usr/local/nvidia/lib64:/usr/lib/x86_64-linux-gnu/gazebo-11/plugins PATH=/home/wellyowo/locobot_sim/locobot_ws/install/ecl_type_traits/bin:/home/wellyowo/locobot_sim/locobot_ws/install/ecl_config/bin:${PATH} PKG_CONFIG_PATH=/home/wellyowo/locobot_sim/locobot_ws/install/sophus/lib/x86_64-linux-gnu/pkgconfig:/home/wellyowo/locobot_sim/locobot_ws/install/sophus/lib/pkgconfig /usr/bin/cmake /home/wellyowo/locobot_sim/locobot_ws/src/ThirdParty/kobuki_core -DBUILD_TESTING=OFF -DCMAKE_PREFIX_PATH= -DAMENT_CMAKE_SYMLINK_INSTALL=1 -DCMAKE_INSTALL_PREFIX=/home/wellyowo/locobot_sim/locobot_ws/install/kobuki_core
[0.132s] -- The C compiler identification is GNU 11.4.0
[0.208s] -- The CXX compiler identification is GNU 11.4.0
[0.218s] -- Detecting C compiler ABI info
[0.317s] -- Detecting C compiler ABI info - done
[0.329s] -- Check for working C compiler: /usr/bin/cc - skipped
[0.329s] -- Detecting C compile features
[0.329s] -- Detecting C compile features - done
[0.334s] -- Detecting CXX compiler ABI info
[0.446s] -- Detecting CXX compiler ABI info - done
[0.457s] -- Check for working CXX compiler: /usr/bin/c++ - skipped
[0.457s] -- Detecting CXX compile features
[0.458s] -- Detecting CXX compile features - done
[0.463s] -- Found ament_cmake_ros: 0.10.0 (/opt/ros/humble/share/ament_cmake_ros/cmake)
[0.677s] -- Found Python3: /usr/bin/python3 (found version "3.10.12") found components: Interpreter 
[0.744s] -- Override CMake install command with custom implementation using symlinks instead of copying resources
[0.824s] -- Found ecl_build: 1.0.3 (/opt/ros/humble/share/ecl_build/cmake)
[0.836s] -- Found ecl_command_line: 1.2.1 (/home/wellyowo/locobot_sim/locobot_ws/install/ecl_command_line/share/ecl_command_line/cmake)
[0.841s] -- Found ecl_config: 1.2.0 (/home/wellyowo/locobot_sim/locobot_ws/install/ecl_config/share/ecl_config/cmake)
[0.845s] -- Found ecl_console: 1.2.0 (/home/wellyowo/locobot_sim/locobot_ws/install/ecl_console/share/ecl_console/cmake)
[0.849s] -- Found ecl_converters: 1.2.1 (/home/wellyowo/locobot_sim/locobot_ws/install/ecl_converters/share/ecl_converters/cmake)
[0.877s] -- Found ecl_devices: 1.2.1 (/home/wellyowo/locobot_sim/locobot_ws/install/ecl_devices/share/ecl_devices/cmake)
[0.898s] -- Looking for pthread.h
[0.986s] -- Looking for pthread.h - found
[0.987s] -- Performing Test CMAKE_HAVE_LIBC_PTHREAD
[1.065s] -- Performing Test CMAKE_HAVE_LIBC_PTHREAD - Success
[1.066s] [33mCMake Warning (dev) at /usr/share/cmake-3.22/Modules/FindPackageHandleStandardArgs.cmake:438 (message):
[1.067s]   The package name passed to `find_package_handle_standard_args` (Threads)
[1.067s]   does not match the name of the calling package (ecl_threads).  This can
[1.067s]   lead to problems in calling code that expects `find_package` result
[1.067s]   variables (e.g., `_FOUND`) to follow a certain pattern.
[1.067s] Call Stack (most recent call first):
[1.067s]   /usr/share/cmake-3.22/Modules/FindThreads.cmake:238 (FIND_PACKAGE_HANDLE_STANDARD_ARGS)
[1.067s]   /opt/ros/humble/share/ecl_build/cmake/ecl_platform_detection.cmake:225 (include)
[1.067s]   /home/wellyowo/locobot_sim/locobot_ws/install/ecl_threads/share/ecl_threads/cmake/ecl_threads-extras.cmake:4 (ecl_detect_threads)
[1.067s]   /home/wellyowo/locobot_sim/locobot_ws/install/ecl_threads/share/ecl_threads/cmake/ecl_threadsConfig.cmake:41 (include)
[1.067s]   /home/wellyowo/locobot_sim/locobot_ws/install/ecl_devices/share/ecl_devices/cmake/ament_cmake_export_dependencies-extras.cmake:21 (find_package)
[1.067s]   /home/wellyowo/locobot_sim/locobot_ws/install/ecl_devices/share/ecl_devices/cmake/ecl_devicesConfig.cmake:41 (include)
[1.067s]   CMakeLists.txt:23 (find_package)
[1.067s] This warning is for project developers.  Use -Wno-dev to suppress it.
[1.068s] [0m
[1.068s] -- Found Threads: TRUE  
[1.085s] -- Found ecl_geometry: 1.2.1 (/home/wellyowo/locobot_sim/locobot_ws/install/ecl_geometry/share/ecl_geometry/cmake)
[1.120s] -- Found ecl_mobile_robot: 1.2.1 (/home/wellyowo/locobot_sim/locobot_ws/install/ecl_mobile_robot/share/ecl_mobile_robot/cmake)
[1.125s] -- Found ecl_sigslots: 1.2.1 (/home/wellyowo/locobot_sim/locobot_ws/install/ecl_sigslots/share/ecl_sigslots/cmake)
[1.213s] -- Configuring done
[1.257s] -- Generating done
[1.270s] -- Build files have been written to: /home/wellyowo/locobot_sim/locobot_ws/build/kobuki_core
[1.281s] Invoked command in '/home/wellyowo/locobot_sim/locobot_ws/build/kobuki_core' returned '0': AMENT_PREFIX_PATH=/home/wellyowo/locobot_sim/locobot_ws/install/ecl_mobile_robot:/home/wellyowo/locobot_sim/locobot_ws/install/ecl_geometry:/home/wellyowo/locobot_sim/locobot_ws/install/ecl_devices:/home/wellyowo/locobot_sim/locobot_ws/install/ecl_sigslots:/home/wellyowo/locobot_sim/locobot_ws/install/ecl_linear_algebra:/home/wellyowo/locobot_sim/locobot_ws/install/ecl_containers:/home/wellyowo/locobot_sim/locobot_ws/install/ecl_threads:/home/wellyowo/locobot_sim/locobot_ws/install/ecl_formatters:/home/wellyowo/locobot_sim/locobot_ws/install/ecl_utilities:/home/wellyowo/locobot_sim/locobot_ws/install/ecl_time:/home/wellyowo/locobot_sim/locobot_ws/install/ecl_converters:/home/wellyowo/locobot_sim/locobot_ws/install/ecl_time_lite:/home/wellyowo/locobot_sim/locobot_ws/install/ecl_math:/home/wellyowo/locobot_sim/locobot_ws/install/ecl_exceptions:/home/wellyowo/locobot_sim/locobot_ws/install/ecl_concepts:/home/wellyowo/locobot_sim/locobot_ws/install/ecl_type_traits:/home/wellyowo/locobot_sim/locobot_ws/install/ecl_errors:/home/wellyowo/locobot_sim/locobot_ws/install/ecl_console:/home/wellyowo/locobot_sim/locobot_ws/install/ecl_mpl:/home/wellyowo/locobot_sim/locobot_ws/install/ecl_eigen:/home/wellyowo/locobot_sim/locobot_ws/install/ecl_config:/home/wellyowo/locobot_sim/locobot_ws/install/ecl_command_line:${AMENT_PREFIX_PATH} CMAKE_PREFIX_PATH=/home/wellyowo/locobot_sim/locobot_ws/install/ecl_mobile_robot:/home/wellyowo/locobot_sim/locobot_ws/install/ecl_geometry:/home/wellyowo/locobot_sim/locobot_ws/install/ecl_devices:/home/wellyowo/locobot_sim/locobot_ws/install/ecl_sigslots:/home/wellyowo/locobot_sim/locobot_ws/install/ecl_linear_algebra:/home/wellyowo/locobot_sim/locobot_ws/install/ecl_containers:/home/wellyowo/locobot_sim/locobot_ws/install/ecl_threads:/home/wellyowo/locobot_sim/locobot_ws/install/ecl_formatters:/home/wellyowo/locobot_sim/locobot_ws/install/ecl_utilities:/home/wellyowo/locobot_sim/locobot_ws/install/ecl_time:/home/wellyowo/locobot_sim/locobot_ws/install/ecl_converters:/home/wellyowo/locobot_sim/locobot_ws/install/ecl_time_lite:/home/wellyowo/locobot_sim/locobot_ws/install/ecl_math:/home/wellyowo/locobot_sim/locobot_ws/install/ecl_exceptions:/home/wellyowo/locobot_sim/locobot_ws/install/ecl_concepts:/home/wellyowo/locobot_sim/locobot_ws/install/ecl_type_traits:/home/wellyowo/locobot_sim/locobot_ws/install/ecl_errors:/home/wellyowo/locobot_sim/locobot_ws/install/ecl_console:/home/wellyowo/locobot_sim/locobot_ws/install/sophus:/home/wellyowo/locobot_sim/locobot_ws/install/ecl_mpl:/home/wellyowo/locobot_sim/locobot_ws/install/ecl_eigen:/home/wellyowo/locobot_sim/locobot_ws/install/ecl_config:/home/wellyowo/locobot_sim/locobot_ws/install/ecl_command_line:/opt/ros/humble LD_LIBRARY_PATH=/home/wellyowo/locobot_sim/locobot_ws/install/ecl_mobile_robot/lib:/home/wellyowo/locobot_sim/locobot_ws/install/ecl_geometry/lib:/home/wellyowo/locobot_sim/locobot_ws/install/ecl_devices/lib:/home/wellyowo/locobot_sim/locobot_ws/install/ecl_linear_algebra/lib:/home/wellyowo/locobot_sim/locobot_ws/install/ecl_threads/lib:/home/wellyowo/locobot_sim/locobot_ws/install/ecl_formatters/lib:/home/wellyowo/locobot_sim/locobot_ws/install/ecl_time/lib:/home/wellyowo/locobot_sim/locobot_ws/install/ecl_time_lite/lib:/home/wellyowo/locobot_sim/locobot_ws/install/ecl_exceptions/lib:/home/wellyowo/locobot_sim/locobot_ws/install/ecl_type_traits/lib:/home/wellyowo/locobot_sim/locobot_ws/install/ecl_errors/lib:/opt/ros/humble/opt/rviz_ogre_vendor/lib:/opt/ros/humble/lib/x86_64-linux-gnu:/opt/ros/humble/lib:/usr/local/nvidia/lib:/usr/local/nvidia/lib64:/usr/lib/x86_64-linux-gnu/gazebo-11/plugins PATH=/home/wellyowo/locobot_sim/locobot_ws/install/ecl_type_traits/bin:/home/wellyowo/locobot_sim/locobot_ws/install/ecl_config/bin:${PATH} PKG_CONFIG_PATH=/home/wellyowo/locobot_sim/locobot_ws/install/sophus/lib/x86_64-linux-gnu/pkgconfig:/home/wellyowo/locobot_sim/locobot_ws/install/sophus/lib/pkgconfig /usr/bin/cmake /home/wellyowo/locobot_sim/locobot_ws/src/ThirdParty/kobuki_core -DBUILD_TESTING=OFF -DCMAKE_PREFIX_PATH= -DAMENT_CMAKE_SYMLINK_INSTALL=1 -DCMAKE_INSTALL_PREFIX=/home/wellyowo/locobot_sim/locobot_ws/install/kobuki_core
[1.283s] Invoking command in '/home/wellyowo/locobot_sim/locobot_ws/build/kobuki_core': AMENT_PREFIX_PATH=/home/wellyowo/locobot_sim/locobot_ws/install/ecl_mobile_robot:/home/wellyowo/locobot_sim/locobot_ws/install/ecl_geometry:/home/wellyowo/locobot_sim/locobot_ws/install/ecl_devices:/home/wellyowo/locobot_sim/locobot_ws/install/ecl_sigslots:/home/wellyowo/locobot_sim/locobot_ws/install/ecl_linear_algebra:/home/wellyowo/locobot_sim/locobot_ws/install/ecl_containers:/home/wellyowo/locobot_sim/locobot_ws/install/ecl_threads:/home/wellyowo/locobot_sim/locobot_ws/install/ecl_formatters:/home/wellyowo/locobot_sim/locobot_ws/install/ecl_utilities:/home/wellyowo/locobot_sim/locobot_ws/install/ecl_time:/home/wellyowo/locobot_sim/locobot_ws/install/ecl_converters:/home/wellyowo/locobot_sim/locobot_ws/install/ecl_time_lite:/home/wellyowo/locobot_sim/locobot_ws/install/ecl_math:/home/wellyowo/locobot_sim/locobot_ws/install/ecl_exceptions:/home/wellyowo/locobot_sim/locobot_ws/install/ecl_concepts:/home/wellyowo/locobot_sim/locobot_ws/install/ecl_type_traits:/home/wellyowo/locobot_sim/locobot_ws/install/ecl_errors:/home/wellyowo/locobot_sim/locobot_ws/install/ecl_console:/home/wellyowo/locobot_sim/locobot_ws/install/ecl_mpl:/home/wellyowo/locobot_sim/locobot_ws/install/ecl_eigen:/home/wellyowo/locobot_sim/locobot_ws/install/ecl_config:/home/wellyowo/locobot_sim/locobot_ws/install/ecl_command_line:${AMENT_PREFIX_PATH} CMAKE_PREFIX_PATH=/home/wellyowo/locobot_sim/locobot_ws/install/ecl_mobile_robot:/home/wellyowo/locobot_sim/locobot_ws/install/ecl_geometry:/home/wellyowo/locobot_sim/locobot_ws/install/ecl_devices:/home/wellyowo/locobot_sim/locobot_ws/install/ecl_sigslots:/home/wellyowo/locobot_sim/locobot_ws/install/ecl_linear_algebra:/home/wellyowo/locobot_sim/locobot_ws/install/ecl_containers:/home/wellyowo/locobot_sim/locobot_ws/install/ecl_threads:/home/wellyowo/locobot_sim/locobot_ws/install/ecl_formatters:/home/wellyowo/locobot_sim/locobot_ws/install/ecl_utilities:/home/wellyowo/locobot_sim/locobot_ws/install/ecl_time:/home/wellyowo/locobot_sim/locobot_ws/install/ecl_converters:/home/wellyowo/locobot_sim/locobot_ws/install/ecl_time_lite:/home/wellyowo/locobot_sim/locobot_ws/install/ecl_math:/home/wellyowo/locobot_sim/locobot_ws/install/ecl_exceptions:/home/wellyowo/locobot_sim/locobot_ws/install/ecl_concepts:/home/wellyowo/locobot_sim/locobot_ws/install/ecl_type_traits:/home/wellyowo/locobot_sim/locobot_ws/install/ecl_errors:/home/wellyowo/locobot_sim/locobot_ws/install/ecl_console:/home/wellyowo/locobot_sim/locobot_ws/install/sophus:/home/wellyowo/locobot_sim/locobot_ws/install/ecl_mpl:/home/wellyowo/locobot_sim/locobot_ws/install/ecl_eigen:/home/wellyowo/locobot_sim/locobot_ws/install/ecl_config:/home/wellyowo/locobot_sim/locobot_ws/install/ecl_command_line:/opt/ros/humble LD_LIBRARY_PATH=/home/wellyowo/locobot_sim/locobot_ws/install/ecl_mobile_robot/lib:/home/wellyowo/locobot_sim/locobot_ws/install/ecl_geometry/lib:/home/wellyowo/locobot_sim/locobot_ws/install/ecl_devices/lib:/home/wellyowo/locobot_sim/locobot_ws/install/ecl_linear_algebra/lib:/home/wellyowo/locobot_sim/locobot_ws/install/ecl_threads/lib:/home/wellyowo/locobot_sim/locobot_ws/install/ecl_formatters/lib:/home/wellyowo/locobot_sim/locobot_ws/install/ecl_time/lib:/home/wellyowo/locobot_sim/locobot_ws/install/ecl_time_lite/lib:/home/wellyowo/locobot_sim/locobot_ws/install/ecl_exceptions/lib:/home/wellyowo/locobot_sim/locobot_ws/install/ecl_type_traits/lib:/home/wellyowo/locobot_sim/locobot_ws/install/ecl_errors/lib:/opt/ros/humble/opt/rviz_ogre_vendor/lib:/opt/ros/humble/lib/x86_64-linux-gnu:/opt/ros/humble/lib:/usr/local/nvidia/lib:/usr/local/nvidia/lib64:/usr/lib/x86_64-linux-gnu/gazebo-11/plugins PATH=/home/wellyowo/locobot_sim/locobot_ws/install/ecl_type_traits/bin:/home/wellyowo/locobot_sim/locobot_ws/install/ecl_config/bin:${PATH} PKG_CONFIG_PATH=/home/wellyowo/locobot_sim/locobot_ws/install/sophus/lib/x86_64-linux-gnu/pkgconfig:/home/wellyowo/locobot_sim/locobot_ws/install/sophus/lib/pkgconfig /usr/bin/cmake --build /home/wellyowo/locobot_sim/locobot_ws/build/kobuki_core -- -j16 -l16
[1.367s] [  9%] [32mBuilding CXX object src/driver/CMakeFiles/kobuki_core.dir/diff_drive.cpp.o[0m
[1.368s] [  9%] [32mBuilding CXX object src/driver/CMakeFiles/kobuki_core.dir/core_sensors.cpp.o[0m
[1.368s] [  9%] [32mBuilding CXX object src/driver/CMakeFiles/kobuki_core.dir/dock_drive.cpp.o[0m
[1.370s] [ 12%] [32mBuilding CXX object src/driver/CMakeFiles/kobuki_core.dir/battery.cpp.o[0m
[1.370s] [ 15%] [32mBuilding CXX object src/driver/CMakeFiles/kobuki_core.dir/command.cpp.o[0m
[2.070s] [ 18%] [32mBuilding CXX object src/driver/CMakeFiles/kobuki_core.dir/packet_finder.cpp.o[0m
[2.070s] [ 21%] [32mBuilding CXX object src/driver/CMakeFiles/kobuki_core.dir/__/__/version_info.cpp.o[0m
[2.070s] [ 25%] [32mBuilding CXX object src/driver/CMakeFiles/kobuki_core.dir/logging.cpp.o[0m
[2.234s] [ 28%] [32mBuilding CXX object src/driver/CMakeFiles/kobuki_core.dir/kobuki.cpp.o[0m
[2.569s] [ 31%] [32mBuilding CXX object src/driver/CMakeFiles/kobuki_core.dir/firmware.cpp.o[0m
[2.985s] [ 37%] [32mBuilding CXX object src/driver/CMakeFiles/kobuki_core.dir/event_manager.cpp.o[0m
[2.985s] [ 37%] [32mBuilding CXX object src/driver/CMakeFiles/kobuki_core.dir/dock_drive_states.cpp.o[0m
[2.987s] [ 40%] [32mBuilding CXX object src/driver/CMakeFiles/kobuki_core.dir/dock_drive_debug.cpp.o[0m
[8.912s] [ 43%] [32m[1mLinking CXX shared library libkobuki_core.so[0m
[9.172s] [ 43%] Built target kobuki_core
[9.196s] [ 46%] [32mBuilding CXX object src/demos/CMakeFiles/kobuki_core_demo_chirp.dir/chirp.cpp.o[0m
[9.203s] [ 50%] [32mBuilding CXX object src/demos/CMakeFiles/kobuki_core_demo_custom_logging.dir/custom_logging.cpp.o[0m
[12.138s] [ 53%] [32m[1mLinking CXX executable demo_chirp[0m
[12.267s] [ 53%] Built target kobuki_core_demo_chirp
[12.293s] [ 56%] [32mBuilding CXX object src/demos/CMakeFiles/kobuki_core_demo_simple_loop.dir/simple_loop.cpp.o[0m
[12.294s] [ 59%] [32mBuilding CXX object src/tools/CMakeFiles/kobuki_core_tool_version_info.dir/version_info.cpp.o[0m
[12.296s] [ 62%] [32mBuilding CXX object src/tools/CMakeFiles/kobuki_core_tool_simple_keyop.dir/simple_keyop.cpp.o[0m
[12.336s] [ 65%] [32m[1mLinking CXX executable demo_custom_logging[0m
[12.470s] [ 65%] Built target kobuki_core_demo_custom_logging
[12.495s] [ 68%] [32mBuilding CXX object src/demos/CMakeFiles/kobuki_core_demo_velocity_commands.dir/velocity_commands.cpp.o[0m
[12.743s] [ 71%] [32m[1mLinking CXX executable demo_velocity_commands[0m
[12.836s] [ 71%] Built target kobuki_core_demo_velocity_commands
[12.858s] [ 75%] [32mBuilding CXX object src/demos/CMakeFiles/kobuki_core_demo_data_stream.dir/data_stream.cpp.o[0m
[15.132s] [ 78%] [32m[1mLinking CXX executable kobuki-version-info[0m
[15.274s] [ 78%] Built target kobuki_core_tool_version_info
[15.299s] [ 81%] [32mBuilding CXX object src/demos/CMakeFiles/kobuki_core_demo_raw_data_stream.dir/raw_data_stream.cpp.o[0m
[15.300s] [ 84%] [32mBuilding CXX object src/demos/CMakeFiles/kobuki_core_demo_buttons.dir/buttons.cpp.o[0m
[15.567s] [ 87%] [32m[1mLinking CXX executable demo_data_stream[0m
[15.697s] [ 87%] Built target kobuki_core_demo_data_stream
[16.578s] [ 90%] [32m[1mLinking CXX executable demo_simple_loop[0m
[16.607s] [ 93%] [32m[1mLinking CXX executable kobuki-simple-keyop[0m
[16.928s] [ 93%] Built target kobuki_core_demo_simple_loop
[16.965s] [ 93%] Built target kobuki_core_tool_simple_keyop
[18.222s] [ 96%] [32m[1mLinking CXX executable demo_buttons[0m
[18.351s] [ 96%] Built target kobuki_core_demo_buttons
[18.457s] [100%] [32m[1mLinking CXX executable demo_raw_data_stream[0m
[18.587s] [100%] Built target kobuki_core_demo_raw_data_stream
[18.601s] Invoked command in '/home/wellyowo/locobot_sim/locobot_ws/build/kobuki_core' returned '0': AMENT_PREFIX_PATH=/home/wellyowo/locobot_sim/locobot_ws/install/ecl_mobile_robot:/home/wellyowo/locobot_sim/locobot_ws/install/ecl_geometry:/home/wellyowo/locobot_sim/locobot_ws/install/ecl_devices:/home/wellyowo/locobot_sim/locobot_ws/install/ecl_sigslots:/home/wellyowo/locobot_sim/locobot_ws/install/ecl_linear_algebra:/home/wellyowo/locobot_sim/locobot_ws/install/ecl_containers:/home/wellyowo/locobot_sim/locobot_ws/install/ecl_threads:/home/wellyowo/locobot_sim/locobot_ws/install/ecl_formatters:/home/wellyowo/locobot_sim/locobot_ws/install/ecl_utilities:/home/wellyowo/locobot_sim/locobot_ws/install/ecl_time:/home/wellyowo/locobot_sim/locobot_ws/install/ecl_converters:/home/wellyowo/locobot_sim/locobot_ws/install/ecl_time_lite:/home/wellyowo/locobot_sim/locobot_ws/install/ecl_math:/home/wellyowo/locobot_sim/locobot_ws/install/ecl_exceptions:/home/wellyowo/locobot_sim/locobot_ws/install/ecl_concepts:/home/wellyowo/locobot_sim/locobot_ws/install/ecl_type_traits:/home/wellyowo/locobot_sim/locobot_ws/install/ecl_errors:/home/wellyowo/locobot_sim/locobot_ws/install/ecl_console:/home/wellyowo/locobot_sim/locobot_ws/install/ecl_mpl:/home/wellyowo/locobot_sim/locobot_ws/install/ecl_eigen:/home/wellyowo/locobot_sim/locobot_ws/install/ecl_config:/home/wellyowo/locobot_sim/locobot_ws/install/ecl_command_line:${AMENT_PREFIX_PATH} CMAKE_PREFIX_PATH=/home/wellyowo/locobot_sim/locobot_ws/install/ecl_mobile_robot:/home/wellyowo/locobot_sim/locobot_ws/install/ecl_geometry:/home/wellyowo/locobot_sim/locobot_ws/install/ecl_devices:/home/wellyowo/locobot_sim/locobot_ws/install/ecl_sigslots:/home/wellyowo/locobot_sim/locobot_ws/install/ecl_linear_algebra:/home/wellyowo/locobot_sim/locobot_ws/install/ecl_containers:/home/wellyowo/locobot_sim/locobot_ws/install/ecl_threads:/home/wellyowo/locobot_sim/locobot_ws/install/ecl_formatters:/home/wellyowo/locobot_sim/locobot_ws/install/ecl_utilities:/home/wellyowo/locobot_sim/locobot_ws/install/ecl_time:/home/wellyowo/locobot_sim/locobot_ws/install/ecl_converters:/home/wellyowo/locobot_sim/locobot_ws/install/ecl_time_lite:/home/wellyowo/locobot_sim/locobot_ws/install/ecl_math:/home/wellyowo/locobot_sim/locobot_ws/install/ecl_exceptions:/home/wellyowo/locobot_sim/locobot_ws/install/ecl_concepts:/home/wellyowo/locobot_sim/locobot_ws/install/ecl_type_traits:/home/wellyowo/locobot_sim/locobot_ws/install/ecl_errors:/home/wellyowo/locobot_sim/locobot_ws/install/ecl_console:/home/wellyowo/locobot_sim/locobot_ws/install/sophus:/home/wellyowo/locobot_sim/locobot_ws/install/ecl_mpl:/home/wellyowo/locobot_sim/locobot_ws/install/ecl_eigen:/home/wellyowo/locobot_sim/locobot_ws/install/ecl_config:/home/wellyowo/locobot_sim/locobot_ws/install/ecl_command_line:/opt/ros/humble LD_LIBRARY_PATH=/home/wellyowo/locobot_sim/locobot_ws/install/ecl_mobile_robot/lib:/home/wellyowo/locobot_sim/locobot_ws/install/ecl_geometry/lib:/home/wellyowo/locobot_sim/locobot_ws/install/ecl_devices/lib:/home/wellyowo/locobot_sim/locobot_ws/install/ecl_linear_algebra/lib:/home/wellyowo/locobot_sim/locobot_ws/install/ecl_threads/lib:/home/wellyowo/locobot_sim/locobot_ws/install/ecl_formatters/lib:/home/wellyowo/locobot_sim/locobot_ws/install/ecl_time/lib:/home/wellyowo/locobot_sim/locobot_ws/install/ecl_time_lite/lib:/home/wellyowo/locobot_sim/locobot_ws/install/ecl_exceptions/lib:/home/wellyowo/locobot_sim/locobot_ws/install/ecl_type_traits/lib:/home/wellyowo/locobot_sim/locobot_ws/install/ecl_errors/lib:/opt/ros/humble/opt/rviz_ogre_vendor/lib:/opt/ros/humble/lib/x86_64-linux-gnu:/opt/ros/humble/lib:/usr/local/nvidia/lib:/usr/local/nvidia/lib64:/usr/lib/x86_64-linux-gnu/gazebo-11/plugins PATH=/home/wellyowo/locobot_sim/locobot_ws/install/ecl_type_traits/bin:/home/wellyowo/locobot_sim/locobot_ws/install/ecl_config/bin:${PATH} PKG_CONFIG_PATH=/home/wellyowo/locobot_sim/locobot_ws/install/sophus/lib/x86_64-linux-gnu/pkgconfig:/home/wellyowo/locobot_sim/locobot_ws/install/sophus/lib/pkgconfig /usr/bin/cmake --build /home/wellyowo/locobot_sim/locobot_ws/build/kobuki_core -- -j16 -l16
[18.603s] Invoking command in '/home/wellyowo/locobot_sim/locobot_ws/build/kobuki_core': AMENT_PREFIX_PATH=/home/wellyowo/locobot_sim/locobot_ws/install/ecl_mobile_robot:/home/wellyowo/locobot_sim/locobot_ws/install/ecl_geometry:/home/wellyowo/locobot_sim/locobot_ws/install/ecl_devices:/home/wellyowo/locobot_sim/locobot_ws/install/ecl_sigslots:/home/wellyowo/locobot_sim/locobot_ws/install/ecl_linear_algebra:/home/wellyowo/locobot_sim/locobot_ws/install/ecl_containers:/home/wellyowo/locobot_sim/locobot_ws/install/ecl_threads:/home/wellyowo/locobot_sim/locobot_ws/install/ecl_formatters:/home/wellyowo/locobot_sim/locobot_ws/install/ecl_utilities:/home/wellyowo/locobot_sim/locobot_ws/install/ecl_time:/home/wellyowo/locobot_sim/locobot_ws/install/ecl_converters:/home/wellyowo/locobot_sim/locobot_ws/install/ecl_time_lite:/home/wellyowo/locobot_sim/locobot_ws/install/ecl_math:/home/wellyowo/locobot_sim/locobot_ws/install/ecl_exceptions:/home/wellyowo/locobot_sim/locobot_ws/install/ecl_concepts:/home/wellyowo/locobot_sim/locobot_ws/install/ecl_type_traits:/home/wellyowo/locobot_sim/locobot_ws/install/ecl_errors:/home/wellyowo/locobot_sim/locobot_ws/install/ecl_console:/home/wellyowo/locobot_sim/locobot_ws/install/ecl_mpl:/home/wellyowo/locobot_sim/locobot_ws/install/ecl_eigen:/home/wellyowo/locobot_sim/locobot_ws/install/ecl_config:/home/wellyowo/locobot_sim/locobot_ws/install/ecl_command_line:${AMENT_PREFIX_PATH} CMAKE_PREFIX_PATH=/home/wellyowo/locobot_sim/locobot_ws/install/ecl_mobile_robot:/home/wellyowo/locobot_sim/locobot_ws/install/ecl_geometry:/home/wellyowo/locobot_sim/locobot_ws/install/ecl_devices:/home/wellyowo/locobot_sim/locobot_ws/install/ecl_sigslots:/home/wellyowo/locobot_sim/locobot_ws/install/ecl_linear_algebra:/home/wellyowo/locobot_sim/locobot_ws/install/ecl_containers:/home/wellyowo/locobot_sim/locobot_ws/install/ecl_threads:/home/wellyowo/locobot_sim/locobot_ws/install/ecl_formatters:/home/wellyowo/locobot_sim/locobot_ws/install/ecl_utilities:/home/wellyowo/locobot_sim/locobot_ws/install/ecl_time:/home/wellyowo/locobot_sim/locobot_ws/install/ecl_converters:/home/wellyowo/locobot_sim/locobot_ws/install/ecl_time_lite:/home/wellyowo/locobot_sim/locobot_ws/install/ecl_math:/home/wellyowo/locobot_sim/locobot_ws/install/ecl_exceptions:/home/wellyowo/locobot_sim/locobot_ws/install/ecl_concepts:/home/wellyowo/locobot_sim/locobot_ws/install/ecl_type_traits:/home/wellyowo/locobot_sim/locobot_ws/install/ecl_errors:/home/wellyowo/locobot_sim/locobot_ws/install/ecl_console:/home/wellyowo/locobot_sim/locobot_ws/install/sophus:/home/wellyowo/locobot_sim/locobot_ws/install/ecl_mpl:/home/wellyowo/locobot_sim/locobot_ws/install/ecl_eigen:/home/wellyowo/locobot_sim/locobot_ws/install/ecl_config:/home/wellyowo/locobot_sim/locobot_ws/install/ecl_command_line:/opt/ros/humble LD_LIBRARY_PATH=/home/wellyowo/locobot_sim/locobot_ws/install/ecl_mobile_robot/lib:/home/wellyowo/locobot_sim/locobot_ws/install/ecl_geometry/lib:/home/wellyowo/locobot_sim/locobot_ws/install/ecl_devices/lib:/home/wellyowo/locobot_sim/locobot_ws/install/ecl_linear_algebra/lib:/home/wellyowo/locobot_sim/locobot_ws/install/ecl_threads/lib:/home/wellyowo/locobot_sim/locobot_ws/install/ecl_formatters/lib:/home/wellyowo/locobot_sim/locobot_ws/install/ecl_time/lib:/home/wellyowo/locobot_sim/locobot_ws/install/ecl_time_lite/lib:/home/wellyowo/locobot_sim/locobot_ws/install/ecl_exceptions/lib:/home/wellyowo/locobot_sim/locobot_ws/install/ecl_type_traits/lib:/home/wellyowo/locobot_sim/locobot_ws/install/ecl_errors/lib:/opt/ros/humble/opt/rviz_ogre_vendor/lib:/opt/ros/humble/lib/x86_64-linux-gnu:/opt/ros/humble/lib:/usr/local/nvidia/lib:/usr/local/nvidia/lib64:/usr/lib/x86_64-linux-gnu/gazebo-11/plugins PATH=/home/wellyowo/locobot_sim/locobot_ws/install/ecl_type_traits/bin:/home/wellyowo/locobot_sim/locobot_ws/install/ecl_config/bin:${PATH} PKG_CONFIG_PATH=/home/wellyowo/locobot_sim/locobot_ws/install/sophus/lib/x86_64-linux-gnu/pkgconfig:/home/wellyowo/locobot_sim/locobot_ws/install/sophus/lib/pkgconfig /usr/bin/cmake --install /home/wellyowo/locobot_sim/locobot_ws/build/kobuki_core
[18.610s] -- Install configuration: ""
[18.610s] -- Execute custom install script
[18.611s] -- Symlinking: /home/wellyowo/locobot_sim/locobot_ws/install/kobuki_core/include/kobuki_core/command.hpp
[18.618s] -- Symlinking: /home/wellyowo/locobot_sim/locobot_ws/install/kobuki_core/include/kobuki_core/dock_drive.hpp
[18.625s] -- Symlinking: /home/wellyowo/locobot_sim/locobot_ws/install/kobuki_core/include/kobuki_core/event_manager.hpp
[18.633s] -- Symlinking: /home/wellyowo/locobot_sim/locobot_ws/install/kobuki_core/include/kobuki_core/kobuki.hpp
[18.640s] -- Symlinking: /home/wellyowo/locobot_sim/locobot_ws/install/kobuki_core/include/kobuki_core/logging.hpp
[18.648s] -- Symlinking: /home/wellyowo/locobot_sim/locobot_ws/install/kobuki_core/include/kobuki_core/macros.hpp
[18.657s] -- Symlinking: /home/wellyowo/locobot_sim/locobot_ws/install/kobuki_core/include/kobuki_core/modules.hpp
[18.666s] -- Symlinking: /home/wellyowo/locobot_sim/locobot_ws/install/kobuki_core/include/kobuki_core/modules/acceleration_limiter.hpp
[18.674s] -- Symlinking: /home/wellyowo/locobot_sim/locobot_ws/install/kobuki_core/include/kobuki_core/modules/battery.hpp
[18.683s] -- Symlinking: /home/wellyowo/locobot_sim/locobot_ws/install/kobuki_core/include/kobuki_core/modules/diff_drive.hpp
[18.692s] -- Symlinking: /home/wellyowo/locobot_sim/locobot_ws/install/kobuki_core/include/kobuki_core/modules/digital_output.hpp
[18.701s] -- Symlinking: /home/wellyowo/locobot_sim/locobot_ws/install/kobuki_core/include/kobuki_core/modules/led_array.hpp
[18.709s] -- Symlinking: /home/wellyowo/locobot_sim/locobot_ws/install/kobuki_core/include/kobuki_core/modules/sound.hpp
[18.717s] -- Symlinking: /home/wellyowo/locobot_sim/locobot_ws/install/kobuki_core/include/kobuki_core/packet_handler/packet_finder.hpp
[18.724s] -- Symlinking: /home/wellyowo/locobot_sim/locobot_ws/install/kobuki_core/include/kobuki_core/packet_handler/payload_base.hpp
[18.731s] -- Symlinking: /home/wellyowo/locobot_sim/locobot_ws/install/kobuki_core/include/kobuki_core/packet_handler/payload_headers.hpp
[18.738s] -- Symlinking: /home/wellyowo/locobot_sim/locobot_ws/install/kobuki_core/include/kobuki_core/packets.hpp
[18.745s] -- Symlinking: /home/wellyowo/locobot_sim/locobot_ws/install/kobuki_core/include/kobuki_core/packets/cliff.hpp
[18.753s] -- Symlinking: /home/wellyowo/locobot_sim/locobot_ws/install/kobuki_core/include/kobuki_core/packets/controller_info.hpp
[18.760s] -- Symlinking: /home/wellyowo/locobot_sim/locobot_ws/install/kobuki_core/include/kobuki_core/packets/core_sensors.hpp
[18.767s] -- Symlinking: /home/wellyowo/locobot_sim/locobot_ws/install/kobuki_core/include/kobuki_core/packets/current.hpp
[18.774s] -- Symlinking: /home/wellyowo/locobot_sim/locobot_ws/install/kobuki_core/include/kobuki_core/packets/dock_ir.hpp
[18.781s] -- Symlinking: /home/wellyowo/locobot_sim/locobot_ws/install/kobuki_core/include/kobuki_core/packets/eeprom.hpp
[18.789s] -- Symlinking: /home/wellyowo/locobot_sim/locobot_ws/install/kobuki_core/include/kobuki_core/packets/firmware.hpp
[18.797s] -- Symlinking: /home/wellyowo/locobot_sim/locobot_ws/install/kobuki_core/include/kobuki_core/packets/gp_input.hpp
[18.805s] -- Symlinking: /home/wellyowo/locobot_sim/locobot_ws/install/kobuki_core/include/kobuki_core/packets/hardware.hpp
[18.812s] -- Symlinking: /home/wellyowo/locobot_sim/locobot_ws/install/kobuki_core/include/kobuki_core/packets/inertia.hpp
[18.819s] -- Symlinking: /home/wellyowo/locobot_sim/locobot_ws/install/kobuki_core/include/kobuki_core/packets/three_axis_gyro.hpp
[18.825s] -- Symlinking: /home/wellyowo/locobot_sim/locobot_ws/install/kobuki_core/include/kobuki_core/packets/unique_device_id.hpp
[18.832s] -- Symlinking: /home/wellyowo/locobot_sim/locobot_ws/install/kobuki_core/include/kobuki_core/parameters.hpp
[18.839s] -- Symlinking: /home/wellyowo/locobot_sim/locobot_ws/install/kobuki_core/include/kobuki_core/version_info.hpp
[18.846s] -- Symlinking: /home/wellyowo/locobot_sim/locobot_ws/install/kobuki_core/lib/kobuki_core/demo_chirp
[18.853s] -- Symlinking: /home/wellyowo/locobot_sim/locobot_ws/install/kobuki_core/lib/kobuki_core/demo_custom_logging
[18.860s] -- Symlinking: /home/wellyowo/locobot_sim/locobot_ws/install/kobuki_core/lib/kobuki_core/demo_buttons
[18.868s] -- Symlinking: /home/wellyowo/locobot_sim/locobot_ws/install/kobuki_core/lib/kobuki_core/demo_raw_data_stream
[18.875s] -- Symlinking: /home/wellyowo/locobot_sim/locobot_ws/install/kobuki_core/lib/kobuki_core/demo_data_stream
[18.883s] -- Symlinking: /home/wellyowo/locobot_sim/locobot_ws/install/kobuki_core/lib/kobuki_core/demo_velocity_commands
[18.890s] -- Symlinking: /home/wellyowo/locobot_sim/locobot_ws/install/kobuki_core/lib/kobuki_core/demo_simple_loop
[18.900s] -- Symlinking: /home/wellyowo/locobot_sim/locobot_ws/install/kobuki_core/bin/kobuki-version-info
[18.908s] -- Symlinking: /home/wellyowo/locobot_sim/locobot_ws/install/kobuki_core/bin/kobuki-simple-keyop
[18.915s] -- Symlinking: /home/wellyowo/locobot_sim/locobot_ws/install/kobuki_core/include/CMakeLists.txt
[18.923s] -- Up-to-date symlink: /home/wellyowo/locobot_sim/locobot_ws/install/kobuki_core/include/kobuki_core/command.hpp
[18.923s] -- Up-to-date symlink: /home/wellyowo/locobot_sim/locobot_ws/install/kobuki_core/include/kobuki_core/dock_drive.hpp
[18.923s] -- Up-to-date symlink: /home/wellyowo/locobot_sim/locobot_ws/install/kobuki_core/include/kobuki_core/event_manager.hpp
[18.923s] -- Up-to-date symlink: /home/wellyowo/locobot_sim/locobot_ws/install/kobuki_core/include/kobuki_core/kobuki.hpp
[18.923s] -- Up-to-date symlink: /home/wellyowo/locobot_sim/locobot_ws/install/kobuki_core/include/kobuki_core/logging.hpp
[18.923s] -- Up-to-date symlink: /home/wellyowo/locobot_sim/locobot_ws/install/kobuki_core/include/kobuki_core/macros.hpp
[18.923s] -- Up-to-date symlink: /home/wellyowo/locobot_sim/locobot_ws/install/kobuki_core/include/kobuki_core/modules.hpp
[18.923s] -- Up-to-date symlink: /home/wellyowo/locobot_sim/locobot_ws/install/kobuki_core/include/kobuki_core/modules/acceleration_limiter.hpp
[18.923s] -- Up-to-date symlink: /home/wellyowo/locobot_sim/locobot_ws/install/kobuki_core/include/kobuki_core/modules/battery.hpp
[18.923s] -- Up-to-date symlink: /home/wellyowo/locobot_sim/locobot_ws/install/kobuki_core/include/kobuki_core/modules/diff_drive.hpp
[18.924s] -- Up-to-date symlink: /home/wellyowo/locobot_sim/locobot_ws/install/kobuki_core/include/kobuki_core/modules/digital_output.hpp
[18.924s] -- Up-to-date symlink: /home/wellyowo/locobot_sim/locobot_ws/install/kobuki_core/include/kobuki_core/modules/led_array.hpp
[18.924s] -- Up-to-date symlink: /home/wellyowo/locobot_sim/locobot_ws/install/kobuki_core/include/kobuki_core/modules/sound.hpp
[18.924s] -- Up-to-date symlink: /home/wellyowo/locobot_sim/locobot_ws/install/kobuki_core/include/kobuki_core/packet_handler/packet_finder.hpp
[18.924s] -- Up-to-date symlink: /home/wellyowo/locobot_sim/locobot_ws/install/kobuki_core/include/kobuki_core/packet_handler/payload_base.hpp
[18.924s] -- Up-to-date symlink: /home/wellyowo/locobot_sim/locobot_ws/install/kobuki_core/include/kobuki_core/packet_handler/payload_headers.hpp
[18.924s] -- Up-to-date symlink: /home/wellyowo/locobot_sim/locobot_ws/install/kobuki_core/include/kobuki_core/packets.hpp
[18.924s] -- Up-to-date symlink: /home/wellyowo/locobot_sim/locobot_ws/install/kobuki_core/include/kobuki_core/packets/cliff.hpp
[18.924s] -- Up-to-date symlink: /home/wellyowo/locobot_sim/locobot_ws/install/kobuki_core/include/kobuki_core/packets/controller_info.hpp
[18.924s] -- Up-to-date symlink: /home/wellyowo/locobot_sim/locobot_ws/install/kobuki_core/include/kobuki_core/packets/core_sensors.hpp
[18.924s] -- Up-to-date symlink: /home/wellyowo/locobot_sim/locobot_ws/install/kobuki_core/include/kobuki_core/packets/current.hpp
[18.925s] -- Up-to-date symlink: /home/wellyowo/locobot_sim/locobot_ws/install/kobuki_core/include/kobuki_core/packets/dock_ir.hpp
[18.925s] -- Up-to-date symlink: /home/wellyowo/locobot_sim/locobot_ws/install/kobuki_core/include/kobuki_core/packets/eeprom.hpp
[18.925s] -- Up-to-date symlink: /home/wellyowo/locobot_sim/locobot_ws/install/kobuki_core/include/kobuki_core/packets/firmware.hpp
[18.925s] -- Up-to-date symlink: /home/wellyowo/locobot_sim/locobot_ws/install/kobuki_core/include/kobuki_core/packets/gp_input.hpp
[18.925s] -- Up-to-date symlink: /home/wellyowo/locobot_sim/locobot_ws/install/kobuki_core/include/kobuki_core/packets/hardware.hpp
[18.925s] -- Up-to-date symlink: /home/wellyowo/locobot_sim/locobot_ws/install/kobuki_core/include/kobuki_core/packets/inertia.hpp
[18.925s] -- Up-to-date symlink: /home/wellyowo/locobot_sim/locobot_ws/install/kobuki_core/include/kobuki_core/packets/three_axis_gyro.hpp
[18.925s] -- Up-to-date symlink: /home/wellyowo/locobot_sim/locobot_ws/install/kobuki_core/include/kobuki_core/packets/unique_device_id.hpp
[18.925s] -- Up-to-date symlink: /home/wellyowo/locobot_sim/locobot_ws/install/kobuki_core/include/kobuki_core/parameters.hpp
[18.925s] -- Up-to-date symlink: /home/wellyowo/locobot_sim/locobot_ws/install/kobuki_core/include/kobuki_core/version_info.hpp
[18.925s] -- Symlinking: /home/wellyowo/locobot_sim/locobot_ws/install/kobuki_core/share/kobuki_core/environment/library_path.sh
[18.932s] -- Symlinking: /home/wellyowo/locobot_sim/locobot_ws/install/kobuki_core/share/kobuki_core/environment/library_path.dsv
[18.939s] -- Symlinking: /home/wellyowo/locobot_sim/locobot_ws/install/kobuki_core/share/ament_index/resource_index/package_run_dependencies/kobuki_core
[18.946s] -- Symlinking: /home/wellyowo/locobot_sim/locobot_ws/install/kobuki_core/share/ament_index/resource_index/parent_prefix_path/kobuki_core
[18.953s] -- Symlinking: /home/wellyowo/locobot_sim/locobot_ws/install/kobuki_core/share/kobuki_core/environment/ament_prefix_path.sh
[18.960s] -- Symlinking: /home/wellyowo/locobot_sim/locobot_ws/install/kobuki_core/share/kobuki_core/environment/ament_prefix_path.dsv
[18.967s] -- Symlinking: /home/wellyowo/locobot_sim/locobot_ws/install/kobuki_core/share/kobuki_core/environment/path.sh
[18.974s] -- Symlinking: /home/wellyowo/locobot_sim/locobot_ws/install/kobuki_core/share/kobuki_core/environment/path.dsv
[18.981s] -- Symlinking: /home/wellyowo/locobot_sim/locobot_ws/install/kobuki_core/share/kobuki_core/local_setup.bash
[18.988s] -- Symlinking: /home/wellyowo/locobot_sim/locobot_ws/install/kobuki_core/share/kobuki_core/local_setup.sh
[18.995s] -- Symlinking: /home/wellyowo/locobot_sim/locobot_ws/install/kobuki_core/share/kobuki_core/local_setup.zsh
[19.002s] -- Symlinking: /home/wellyowo/locobot_sim/locobot_ws/install/kobuki_core/share/kobuki_core/local_setup.dsv
[19.009s] -- Symlinking: /home/wellyowo/locobot_sim/locobot_ws/install/kobuki_core/share/kobuki_core/package.dsv
[19.017s] -- Symlinking: /home/wellyowo/locobot_sim/locobot_ws/install/kobuki_core/share/ament_index/resource_index/packages/kobuki_core
[19.024s] -- Symlinking: /home/wellyowo/locobot_sim/locobot_ws/install/kobuki_core/share/kobuki_core/cmake/ament_cmake_export_targets-extras.cmake
[19.031s] -- Symlinking: /home/wellyowo/locobot_sim/locobot_ws/install/kobuki_core/share/kobuki_core/cmake/ament_cmake_export_dependencies-extras.cmake
[19.038s] -- Symlinking: /home/wellyowo/locobot_sim/locobot_ws/install/kobuki_core/share/kobuki_core/cmake/ament_cmake_export_include_directories-extras.cmake
[19.045s] -- Symlinking: /home/wellyowo/locobot_sim/locobot_ws/install/kobuki_core/share/kobuki_core/cmake/ament_cmake_export_libraries-extras.cmake
[19.052s] -- Symlinking: /home/wellyowo/locobot_sim/locobot_ws/install/kobuki_core/share/kobuki_core/cmake/kobuki_coreConfig.cmake
[19.058s] -- Symlinking: /home/wellyowo/locobot_sim/locobot_ws/install/kobuki_core/share/kobuki_core/cmake/kobuki_coreConfig-version.cmake
[19.065s] -- Symlinking: /home/wellyowo/locobot_sim/locobot_ws/install/kobuki_core/share/kobuki_core/package.xml
[19.072s] -- Installing: /home/wellyowo/locobot_sim/locobot_ws/install/kobuki_core/share/kobuki_core/cmake/kobuki_coreExport.cmake
[19.072s] -- Installing: /home/wellyowo/locobot_sim/locobot_ws/install/kobuki_core/share/kobuki_core/cmake/kobuki_coreExport-noconfig.cmake
[19.072s] -- Installing: /home/wellyowo/locobot_sim/locobot_ws/install/kobuki_core/lib/libkobuki_core.so.1.3.1
[19.074s] -- Set runtime path of "/home/wellyowo/locobot_sim/locobot_ws/install/kobuki_core/lib/libkobuki_core.so.1.3.1" to ""
[19.074s] -- Installing: /home/wellyowo/locobot_sim/locobot_ws/install/kobuki_core/lib/libkobuki_core.so
[19.076s] Invoked command in '/home/wellyowo/locobot_sim/locobot_ws/build/kobuki_core' returned '0': AMENT_PREFIX_PATH=/home/wellyowo/locobot_sim/locobot_ws/install/ecl_mobile_robot:/home/wellyowo/locobot_sim/locobot_ws/install/ecl_geometry:/home/wellyowo/locobot_sim/locobot_ws/install/ecl_devices:/home/wellyowo/locobot_sim/locobot_ws/install/ecl_sigslots:/home/wellyowo/locobot_sim/locobot_ws/install/ecl_linear_algebra:/home/wellyowo/locobot_sim/locobot_ws/install/ecl_containers:/home/wellyowo/locobot_sim/locobot_ws/install/ecl_threads:/home/wellyowo/locobot_sim/locobot_ws/install/ecl_formatters:/home/wellyowo/locobot_sim/locobot_ws/install/ecl_utilities:/home/wellyowo/locobot_sim/locobot_ws/install/ecl_time:/home/wellyowo/locobot_sim/locobot_ws/install/ecl_converters:/home/wellyowo/locobot_sim/locobot_ws/install/ecl_time_lite:/home/wellyowo/locobot_sim/locobot_ws/install/ecl_math:/home/wellyowo/locobot_sim/locobot_ws/install/ecl_exceptions:/home/wellyowo/locobot_sim/locobot_ws/install/ecl_concepts:/home/wellyowo/locobot_sim/locobot_ws/install/ecl_type_traits:/home/wellyowo/locobot_sim/locobot_ws/install/ecl_errors:/home/wellyowo/locobot_sim/locobot_ws/install/ecl_console:/home/wellyowo/locobot_sim/locobot_ws/install/ecl_mpl:/home/wellyowo/locobot_sim/locobot_ws/install/ecl_eigen:/home/wellyowo/locobot_sim/locobot_ws/install/ecl_config:/home/wellyowo/locobot_sim/locobot_ws/install/ecl_command_line:${AMENT_PREFIX_PATH} CMAKE_PREFIX_PATH=/home/wellyowo/locobot_sim/locobot_ws/install/ecl_mobile_robot:/home/wellyowo/locobot_sim/locobot_ws/install/ecl_geometry:/home/wellyowo/locobot_sim/locobot_ws/install/ecl_devices:/home/wellyowo/locobot_sim/locobot_ws/install/ecl_sigslots:/home/wellyowo/locobot_sim/locobot_ws/install/ecl_linear_algebra:/home/wellyowo/locobot_sim/locobot_ws/install/ecl_containers:/home/wellyowo/locobot_sim/locobot_ws/install/ecl_threads:/home/wellyowo/locobot_sim/locobot_ws/install/ecl_formatters:/home/wellyowo/locobot_sim/locobot_ws/install/ecl_utilities:/home/wellyowo/locobot_sim/locobot_ws/install/ecl_time:/home/wellyowo/locobot_sim/locobot_ws/install/ecl_converters:/home/wellyowo/locobot_sim/locobot_ws/install/ecl_time_lite:/home/wellyowo/locobot_sim/locobot_ws/install/ecl_math:/home/wellyowo/locobot_sim/locobot_ws/install/ecl_exceptions:/home/wellyowo/locobot_sim/locobot_ws/install/ecl_concepts:/home/wellyowo/locobot_sim/locobot_ws/install/ecl_type_traits:/home/wellyowo/locobot_sim/locobot_ws/install/ecl_errors:/home/wellyowo/locobot_sim/locobot_ws/install/ecl_console:/home/wellyowo/locobot_sim/locobot_ws/install/sophus:/home/wellyowo/locobot_sim/locobot_ws/install/ecl_mpl:/home/wellyowo/locobot_sim/locobot_ws/install/ecl_eigen:/home/wellyowo/locobot_sim/locobot_ws/install/ecl_config:/home/wellyowo/locobot_sim/locobot_ws/install/ecl_command_line:/opt/ros/humble LD_LIBRARY_PATH=/home/wellyowo/locobot_sim/locobot_ws/install/ecl_mobile_robot/lib:/home/wellyowo/locobot_sim/locobot_ws/install/ecl_geometry/lib:/home/wellyowo/locobot_sim/locobot_ws/install/ecl_devices/lib:/home/wellyowo/locobot_sim/locobot_ws/install/ecl_linear_algebra/lib:/home/wellyowo/locobot_sim/locobot_ws/install/ecl_threads/lib:/home/wellyowo/locobot_sim/locobot_ws/install/ecl_formatters/lib:/home/wellyowo/locobot_sim/locobot_ws/install/ecl_time/lib:/home/wellyowo/locobot_sim/locobot_ws/install/ecl_time_lite/lib:/home/wellyowo/locobot_sim/locobot_ws/install/ecl_exceptions/lib:/home/wellyowo/locobot_sim/locobot_ws/install/ecl_type_traits/lib:/home/wellyowo/locobot_sim/locobot_ws/install/ecl_errors/lib:/opt/ros/humble/opt/rviz_ogre_vendor/lib:/opt/ros/humble/lib/x86_64-linux-gnu:/opt/ros/humble/lib:/usr/local/nvidia/lib:/usr/local/nvidia/lib64:/usr/lib/x86_64-linux-gnu/gazebo-11/plugins PATH=/home/wellyowo/locobot_sim/locobot_ws/install/ecl_type_traits/bin:/home/wellyowo/locobot_sim/locobot_ws/install/ecl_config/bin:${PATH} PKG_CONFIG_PATH=/home/wellyowo/locobot_sim/locobot_ws/install/sophus/lib/x86_64-linux-gnu/pkgconfig:/home/wellyowo/locobot_sim/locobot_ws/install/sophus/lib/pkgconfig /usr/bin/cmake --install /home/wellyowo/locobot_sim/locobot_ws/build/kobuki_core
