[0.016s] Invoking command in '/home/wellyowo/locobot_sim/locobot_ws/build/ecl_geometry': AMENT_PREFIX_PATH=/home/wellyowo/locobot_sim/locobot_ws/install/ecl_linear_algebra:/home/wellyowo/locobot_sim/locobot_ws/install/ecl_containers:/home/wellyowo/locobot_sim/locobot_ws/install/ecl_formatters:/home/wellyowo/locobot_sim/locobot_ws/install/ecl_utilities:/home/wellyowo/locobot_sim/locobot_ws/install/ecl_converters:/home/wellyowo/locobot_sim/locobot_ws/install/ecl_math:/home/wellyowo/locobot_sim/locobot_ws/install/ecl_exceptions:/home/wellyowo/locobot_sim/locobot_ws/install/ecl_concepts:/home/wellyowo/locobot_sim/locobot_ws/install/ecl_type_traits:/home/wellyowo/locobot_sim/locobot_ws/install/ecl_errors:/home/wellyowo/locobot_sim/locobot_ws/install/ecl_mpl:/home/wellyowo/locobot_sim/locobot_ws/install/ecl_eigen:/home/wellyowo/locobot_sim/locobot_ws/install/ecl_config:${AMENT_PREFIX_PATH} CMAKE_PREFIX_PATH=/home/wellyowo/locobot_sim/locobot_ws/install/ecl_linear_algebra:/home/wellyowo/locobot_sim/locobot_ws/install/ecl_containers:/home/wellyowo/locobot_sim/locobot_ws/install/ecl_formatters:/home/wellyowo/locobot_sim/locobot_ws/install/ecl_utilities:/home/wellyowo/locobot_sim/locobot_ws/install/ecl_converters:/home/wellyowo/locobot_sim/locobot_ws/install/ecl_math:/home/wellyowo/locobot_sim/locobot_ws/install/ecl_exceptions:/home/wellyowo/locobot_sim/locobot_ws/install/ecl_concepts:/home/wellyowo/locobot_sim/locobot_ws/install/ecl_type_traits:/home/wellyowo/locobot_sim/locobot_ws/install/ecl_errors:/home/wellyowo/locobot_sim/locobot_ws/install/sophus:/home/wellyowo/locobot_sim/locobot_ws/install/ecl_mpl:/home/wellyowo/locobot_sim/locobot_ws/install/ecl_eigen:/home/wellyowo/locobot_sim/locobot_ws/install/ecl_config:/opt/ros/humble LD_LIBRARY_PATH=/home/wellyowo/locobot_sim/locobot_ws/install/ecl_linear_algebra/lib:/home/wellyowo/locobot_sim/locobot_ws/install/ecl_formatters/lib:/home/wellyowo/locobot_sim/locobot_ws/install/ecl_exceptions/lib:/home/wellyowo/locobot_sim/locobot_ws/install/ecl_type_traits/lib:/home/wellyowo/locobot_sim/locobot_ws/install/ecl_errors/lib:${LD_LIBRARY_PATH} PATH=/home/wellyowo/locobot_sim/locobot_ws/install/ecl_type_traits/bin:/home/wellyowo/locobot_sim/locobot_ws/install/ecl_config/bin:${PATH} PKG_CONFIG_PATH=/home/wellyowo/locobot_sim/locobot_ws/install/sophus/lib/x86_64-linux-gnu/pkgconfig:/home/wellyowo/locobot_sim/locobot_ws/install/sophus/lib/pkgconfig /usr/bin/cmake /home/wellyowo/locobot_sim/locobot_ws/src/ThirdParty/ecl/ecl_core/ecl_geometry -DBUILD_TESTING=OFF -DCMAKE_PREFIX_PATH= -DAMENT_CMAKE_SYMLINK_INSTALL=1 -DCMAKE_INSTALL_PREFIX=/home/wellyowo/locobot_sim/locobot_ws/install/ecl_geometry
[0.065s] -- The C compiler identification is GNU 11.4.0
[0.117s] -- The CXX compiler identification is GNU 11.4.0
[0.123s] -- Detecting C compiler ABI info
[0.192s] -- Detecting C compiler ABI info - done
[0.197s] -- Check for working C compiler: /usr/bin/cc - skipped
[0.197s] -- Detecting C compile features
[0.198s] -- Detecting C compile features - done
[0.200s] -- Detecting CXX compiler ABI info
[0.287s] -- Detecting CXX compiler ABI info - done
[0.292s] -- Check for working CXX compiler: /usr/bin/c++ - skipped
[0.292s] -- Detecting CXX compile features
[0.293s] -- Detecting CXX compile features - done
[0.295s] -- Found ament_cmake_ros: 0.10.0 (/opt/ros/humble/share/ament_cmake_ros/cmake)
[0.424s] -- Found Python3: /usr/bin/python3 (found version "3.10.12") found components: Interpreter 
[0.486s] -- Override CMake install command with custom implementation using symlinks instead of copying resources
[0.526s] -- Found ecl_build: 1.0.3 (/opt/ros/humble/share/ecl_build/cmake)
[0.531s] -- Found ecl_config: 1.2.0 (/home/wellyowo/locobot_sim/locobot_ws/install/ecl_config/share/ecl_config/cmake)
[0.532s] -- Found ecl_containers: 1.2.1 (/home/wellyowo/locobot_sim/locobot_ws/install/ecl_containers/share/ecl_containers/cmake)
[0.554s] -- Found ecl_linear_algebra: 1.2.1 (/home/wellyowo/locobot_sim/locobot_ws/install/ecl_linear_algebra/share/ecl_linear_algebra/cmake)
[0.644s] -- Configuring done
[0.652s] -- Generating done
[0.656s] -- Build files have been written to: /home/wellyowo/locobot_sim/locobot_ws/build/ecl_geometry
[0.667s] Invoked command in '/home/wellyowo/locobot_sim/locobot_ws/build/ecl_geometry' returned '0': AMENT_PREFIX_PATH=/home/wellyowo/locobot_sim/locobot_ws/install/ecl_linear_algebra:/home/wellyowo/locobot_sim/locobot_ws/install/ecl_containers:/home/wellyowo/locobot_sim/locobot_ws/install/ecl_formatters:/home/wellyowo/locobot_sim/locobot_ws/install/ecl_utilities:/home/wellyowo/locobot_sim/locobot_ws/install/ecl_converters:/home/wellyowo/locobot_sim/locobot_ws/install/ecl_math:/home/wellyowo/locobot_sim/locobot_ws/install/ecl_exceptions:/home/wellyowo/locobot_sim/locobot_ws/install/ecl_concepts:/home/wellyowo/locobot_sim/locobot_ws/install/ecl_type_traits:/home/wellyowo/locobot_sim/locobot_ws/install/ecl_errors:/home/wellyowo/locobot_sim/locobot_ws/install/ecl_mpl:/home/wellyowo/locobot_sim/locobot_ws/install/ecl_eigen:/home/wellyowo/locobot_sim/locobot_ws/install/ecl_config:${AMENT_PREFIX_PATH} CMAKE_PREFIX_PATH=/home/wellyowo/locobot_sim/locobot_ws/install/ecl_linear_algebra:/home/wellyowo/locobot_sim/locobot_ws/install/ecl_containers:/home/wellyowo/locobot_sim/locobot_ws/install/ecl_formatters:/home/wellyowo/locobot_sim/locobot_ws/install/ecl_utilities:/home/wellyowo/locobot_sim/locobot_ws/install/ecl_converters:/home/wellyowo/locobot_sim/locobot_ws/install/ecl_math:/home/wellyowo/locobot_sim/locobot_ws/install/ecl_exceptions:/home/wellyowo/locobot_sim/locobot_ws/install/ecl_concepts:/home/wellyowo/locobot_sim/locobot_ws/install/ecl_type_traits:/home/wellyowo/locobot_sim/locobot_ws/install/ecl_errors:/home/wellyowo/locobot_sim/locobot_ws/install/sophus:/home/wellyowo/locobot_sim/locobot_ws/install/ecl_mpl:/home/wellyowo/locobot_sim/locobot_ws/install/ecl_eigen:/home/wellyowo/locobot_sim/locobot_ws/install/ecl_config:/opt/ros/humble LD_LIBRARY_PATH=/home/wellyowo/locobot_sim/locobot_ws/install/ecl_linear_algebra/lib:/home/wellyowo/locobot_sim/locobot_ws/install/ecl_formatters/lib:/home/wellyowo/locobot_sim/locobot_ws/install/ecl_exceptions/lib:/home/wellyowo/locobot_sim/locobot_ws/install/ecl_type_traits/lib:/home/wellyowo/locobot_sim/locobot_ws/install/ecl_errors/lib:${LD_LIBRARY_PATH} PATH=/home/wellyowo/locobot_sim/locobot_ws/install/ecl_type_traits/bin:/home/wellyowo/locobot_sim/locobot_ws/install/ecl_config/bin:${PATH} PKG_CONFIG_PATH=/home/wellyowo/locobot_sim/locobot_ws/install/sophus/lib/x86_64-linux-gnu/pkgconfig:/home/wellyowo/locobot_sim/locobot_ws/install/sophus/lib/pkgconfig /usr/bin/cmake /home/wellyowo/locobot_sim/locobot_ws/src/ThirdParty/ecl/ecl_core/ecl_geometry -DBUILD_TESTING=OFF -DCMAKE_PREFIX_PATH= -DAMENT_CMAKE_SYMLINK_INSTALL=1 -DCMAKE_INSTALL_PREFIX=/home/wellyowo/locobot_sim/locobot_ws/install/ecl_geometry
[0.668s] Invoking command in '/home/wellyowo/locobot_sim/locobot_ws/build/ecl_geometry': AMENT_PREFIX_PATH=/home/wellyowo/locobot_sim/locobot_ws/install/ecl_linear_algebra:/home/wellyowo/locobot_sim/locobot_ws/install/ecl_containers:/home/wellyowo/locobot_sim/locobot_ws/install/ecl_formatters:/home/wellyowo/locobot_sim/locobot_ws/install/ecl_utilities:/home/wellyowo/locobot_sim/locobot_ws/install/ecl_converters:/home/wellyowo/locobot_sim/locobot_ws/install/ecl_math:/home/wellyowo/locobot_sim/locobot_ws/install/ecl_exceptions:/home/wellyowo/locobot_sim/locobot_ws/install/ecl_concepts:/home/wellyowo/locobot_sim/locobot_ws/install/ecl_type_traits:/home/wellyowo/locobot_sim/locobot_ws/install/ecl_errors:/home/wellyowo/locobot_sim/locobot_ws/install/ecl_mpl:/home/wellyowo/locobot_sim/locobot_ws/install/ecl_eigen:/home/wellyowo/locobot_sim/locobot_ws/install/ecl_config:${AMENT_PREFIX_PATH} CMAKE_PREFIX_PATH=/home/wellyowo/locobot_sim/locobot_ws/install/ecl_linear_algebra:/home/wellyowo/locobot_sim/locobot_ws/install/ecl_containers:/home/wellyowo/locobot_sim/locobot_ws/install/ecl_formatters:/home/wellyowo/locobot_sim/locobot_ws/install/ecl_utilities:/home/wellyowo/locobot_sim/locobot_ws/install/ecl_converters:/home/wellyowo/locobot_sim/locobot_ws/install/ecl_math:/home/wellyowo/locobot_sim/locobot_ws/install/ecl_exceptions:/home/wellyowo/locobot_sim/locobot_ws/install/ecl_concepts:/home/wellyowo/locobot_sim/locobot_ws/install/ecl_type_traits:/home/wellyowo/locobot_sim/locobot_ws/install/ecl_errors:/home/wellyowo/locobot_sim/locobot_ws/install/sophus:/home/wellyowo/locobot_sim/locobot_ws/install/ecl_mpl:/home/wellyowo/locobot_sim/locobot_ws/install/ecl_eigen:/home/wellyowo/locobot_sim/locobot_ws/install/ecl_config:/opt/ros/humble LD_LIBRARY_PATH=/home/wellyowo/locobot_sim/locobot_ws/install/ecl_linear_algebra/lib:/home/wellyowo/locobot_sim/locobot_ws/install/ecl_formatters/lib:/home/wellyowo/locobot_sim/locobot_ws/install/ecl_exceptions/lib:/home/wellyowo/locobot_sim/locobot_ws/install/ecl_type_traits/lib:/home/wellyowo/locobot_sim/locobot_ws/install/ecl_errors/lib:${LD_LIBRARY_PATH} PATH=/home/wellyowo/locobot_sim/locobot_ws/install/ecl_type_traits/bin:/home/wellyowo/locobot_sim/locobot_ws/install/ecl_config/bin:${PATH} PKG_CONFIG_PATH=/home/wellyowo/locobot_sim/locobot_ws/install/sophus/lib/x86_64-linux-gnu/pkgconfig:/home/wellyowo/locobot_sim/locobot_ws/install/sophus/lib/pkgconfig /usr/bin/cmake --build /home/wellyowo/locobot_sim/locobot_ws/build/ecl_geometry -- -j16 -l16
[0.721s] [  7%] [32mBuilding CXX object src/lib/CMakeFiles/ecl_geometry.dir/angle.cpp.o[0m
[2.264s] [ 14%] [32mBuilding CXX object src/lib/CMakeFiles/ecl_geometry.dir/tension_spline_blueprints.cpp.o[0m
[2.593s] [ 21%] [32mBuilding CXX object src/lib/CMakeFiles/ecl_geometry.dir/tension_spline.cpp.o[0m
[2.899s] [ 28%] [32mBuilding CXX object src/lib/CMakeFiles/ecl_geometry.dir/tension_function.cpp.o[0m
[3.205s] [ 35%] [32mBuilding CXX object src/lib/CMakeFiles/ecl_geometry.dir/smooth_linear_spline.cpp.o[0m
[4.651s] [ 50%] [32mBuilding CXX object src/lib/CMakeFiles/ecl_geometry.dir/pose2d.cpp.o[0m
[4.651s] [ 50%] [32mBuilding CXX object src/lib/CMakeFiles/ecl_geometry.dir/polynomial_blueprints.cpp.o[0m
[6.056s] [ 57%] [32mBuilding CXX object src/lib/CMakeFiles/ecl_geometry.dir/polynomial.cpp.o[0m
[6.157s] [ 64%] [32mBuilding CXX object src/lib/CMakeFiles/ecl_geometry.dir/pascals_triangle.cpp.o[0m
[6.500s] [ 71%] [32mBuilding CXX object src/lib/CMakeFiles/ecl_geometry.dir/odometry_helper.cpp.o[0m
[7.562s] [ 78%] [32mBuilding CXX object src/lib/CMakeFiles/ecl_geometry.dir/linear_segment.cpp.o[0m
[7.585s] [ 85%] [32mBuilding CXX object src/lib/CMakeFiles/ecl_geometry.dir/cubic_spline_blueprints.cpp.o[0m
[8.410s] [ 92%] [32mBuilding CXX object src/lib/CMakeFiles/ecl_geometry.dir/cubic_spline.cpp.o[0m
[9.617s] [100%] [32m[1mLinking CXX shared library libecl_geometry.so[0m
[9.727s] [100%] Built target ecl_geometry
[9.736s] Invoked command in '/home/wellyowo/locobot_sim/locobot_ws/build/ecl_geometry' returned '0': AMENT_PREFIX_PATH=/home/wellyowo/locobot_sim/locobot_ws/install/ecl_linear_algebra:/home/wellyowo/locobot_sim/locobot_ws/install/ecl_containers:/home/wellyowo/locobot_sim/locobot_ws/install/ecl_formatters:/home/wellyowo/locobot_sim/locobot_ws/install/ecl_utilities:/home/wellyowo/locobot_sim/locobot_ws/install/ecl_converters:/home/wellyowo/locobot_sim/locobot_ws/install/ecl_math:/home/wellyowo/locobot_sim/locobot_ws/install/ecl_exceptions:/home/wellyowo/locobot_sim/locobot_ws/install/ecl_concepts:/home/wellyowo/locobot_sim/locobot_ws/install/ecl_type_traits:/home/wellyowo/locobot_sim/locobot_ws/install/ecl_errors:/home/wellyowo/locobot_sim/locobot_ws/install/ecl_mpl:/home/wellyowo/locobot_sim/locobot_ws/install/ecl_eigen:/home/wellyowo/locobot_sim/locobot_ws/install/ecl_config:${AMENT_PREFIX_PATH} CMAKE_PREFIX_PATH=/home/wellyowo/locobot_sim/locobot_ws/install/ecl_linear_algebra:/home/wellyowo/locobot_sim/locobot_ws/install/ecl_containers:/home/wellyowo/locobot_sim/locobot_ws/install/ecl_formatters:/home/wellyowo/locobot_sim/locobot_ws/install/ecl_utilities:/home/wellyowo/locobot_sim/locobot_ws/install/ecl_converters:/home/wellyowo/locobot_sim/locobot_ws/install/ecl_math:/home/wellyowo/locobot_sim/locobot_ws/install/ecl_exceptions:/home/wellyowo/locobot_sim/locobot_ws/install/ecl_concepts:/home/wellyowo/locobot_sim/locobot_ws/install/ecl_type_traits:/home/wellyowo/locobot_sim/locobot_ws/install/ecl_errors:/home/wellyowo/locobot_sim/locobot_ws/install/sophus:/home/wellyowo/locobot_sim/locobot_ws/install/ecl_mpl:/home/wellyowo/locobot_sim/locobot_ws/install/ecl_eigen:/home/wellyowo/locobot_sim/locobot_ws/install/ecl_config:/opt/ros/humble LD_LIBRARY_PATH=/home/wellyowo/locobot_sim/locobot_ws/install/ecl_linear_algebra/lib:/home/wellyowo/locobot_sim/locobot_ws/install/ecl_formatters/lib:/home/wellyowo/locobot_sim/locobot_ws/install/ecl_exceptions/lib:/home/wellyowo/locobot_sim/locobot_ws/install/ecl_type_traits/lib:/home/wellyowo/locobot_sim/locobot_ws/install/ecl_errors/lib:${LD_LIBRARY_PATH} PATH=/home/wellyowo/locobot_sim/locobot_ws/install/ecl_type_traits/bin:/home/wellyowo/locobot_sim/locobot_ws/install/ecl_config/bin:${PATH} PKG_CONFIG_PATH=/home/wellyowo/locobot_sim/locobot_ws/install/sophus/lib/x86_64-linux-gnu/pkgconfig:/home/wellyowo/locobot_sim/locobot_ws/install/sophus/lib/pkgconfig /usr/bin/cmake --build /home/wellyowo/locobot_sim/locobot_ws/build/ecl_geometry -- -j16 -l16
[9.738s] Invoking command in '/home/wellyowo/locobot_sim/locobot_ws/build/ecl_geometry': AMENT_PREFIX_PATH=/home/wellyowo/locobot_sim/locobot_ws/install/ecl_linear_algebra:/home/wellyowo/locobot_sim/locobot_ws/install/ecl_containers:/home/wellyowo/locobot_sim/locobot_ws/install/ecl_formatters:/home/wellyowo/locobot_sim/locobot_ws/install/ecl_utilities:/home/wellyowo/locobot_sim/locobot_ws/install/ecl_converters:/home/wellyowo/locobot_sim/locobot_ws/install/ecl_math:/home/wellyowo/locobot_sim/locobot_ws/install/ecl_exceptions:/home/wellyowo/locobot_sim/locobot_ws/install/ecl_concepts:/home/wellyowo/locobot_sim/locobot_ws/install/ecl_type_traits:/home/wellyowo/locobot_sim/locobot_ws/install/ecl_errors:/home/wellyowo/locobot_sim/locobot_ws/install/ecl_mpl:/home/wellyowo/locobot_sim/locobot_ws/install/ecl_eigen:/home/wellyowo/locobot_sim/locobot_ws/install/ecl_config:${AMENT_PREFIX_PATH} CMAKE_PREFIX_PATH=/home/wellyowo/locobot_sim/locobot_ws/install/ecl_linear_algebra:/home/wellyowo/locobot_sim/locobot_ws/install/ecl_containers:/home/wellyowo/locobot_sim/locobot_ws/install/ecl_formatters:/home/wellyowo/locobot_sim/locobot_ws/install/ecl_utilities:/home/wellyowo/locobot_sim/locobot_ws/install/ecl_converters:/home/wellyowo/locobot_sim/locobot_ws/install/ecl_math:/home/wellyowo/locobot_sim/locobot_ws/install/ecl_exceptions:/home/wellyowo/locobot_sim/locobot_ws/install/ecl_concepts:/home/wellyowo/locobot_sim/locobot_ws/install/ecl_type_traits:/home/wellyowo/locobot_sim/locobot_ws/install/ecl_errors:/home/wellyowo/locobot_sim/locobot_ws/install/sophus:/home/wellyowo/locobot_sim/locobot_ws/install/ecl_mpl:/home/wellyowo/locobot_sim/locobot_ws/install/ecl_eigen:/home/wellyowo/locobot_sim/locobot_ws/install/ecl_config:/opt/ros/humble LD_LIBRARY_PATH=/home/wellyowo/locobot_sim/locobot_ws/install/ecl_linear_algebra/lib:/home/wellyowo/locobot_sim/locobot_ws/install/ecl_formatters/lib:/home/wellyowo/locobot_sim/locobot_ws/install/ecl_exceptions/lib:/home/wellyowo/locobot_sim/locobot_ws/install/ecl_type_traits/lib:/home/wellyowo/locobot_sim/locobot_ws/install/ecl_errors/lib:${LD_LIBRARY_PATH} PATH=/home/wellyowo/locobot_sim/locobot_ws/install/ecl_type_traits/bin:/home/wellyowo/locobot_sim/locobot_ws/install/ecl_config/bin:${PATH} PKG_CONFIG_PATH=/home/wellyowo/locobot_sim/locobot_ws/install/sophus/lib/x86_64-linux-gnu/pkgconfig:/home/wellyowo/locobot_sim/locobot_ws/install/sophus/lib/pkgconfig /usr/bin/cmake --install /home/wellyowo/locobot_sim/locobot_ws/build/ecl_geometry
[9.744s] -- Install configuration: ""
[9.744s] -- Execute custom install script
[9.744s] -- Symlinking: /home/wellyowo/locobot_sim/locobot_ws/install/ecl_geometry/include/ecl/geometry/angle.hpp
[9.751s] -- Symlinking: /home/wellyowo/locobot_sim/locobot_ws/install/ecl_geometry/include/ecl/geometry/cartesian_point.hpp
[9.759s] -- Symlinking: /home/wellyowo/locobot_sim/locobot_ws/install/ecl_geometry/include/ecl/geometry/cubic_spline.hpp
[9.765s] -- Symlinking: /home/wellyowo/locobot_sim/locobot_ws/install/ecl_geometry/include/ecl/geometry/function_math.hpp
[9.771s] -- Symlinking: /home/wellyowo/locobot_sim/locobot_ws/install/ecl_geometry/include/ecl/geometry/homogeneous_point.hpp
[9.778s] -- Symlinking: /home/wellyowo/locobot_sim/locobot_ws/install/ecl_geometry/include/ecl/geometry/legacy_pose2d.hpp
[9.784s] -- Symlinking: /home/wellyowo/locobot_sim/locobot_ws/install/ecl_geometry/include/ecl/geometry/legacy_pose3d.hpp
[9.791s] -- Symlinking: /home/wellyowo/locobot_sim/locobot_ws/install/ecl_geometry/include/ecl/geometry/linear_segment.hpp
[9.797s] -- Symlinking: /home/wellyowo/locobot_sim/locobot_ws/install/ecl_geometry/include/ecl/geometry/macros.hpp
[9.803s] -- Symlinking: /home/wellyowo/locobot_sim/locobot_ws/install/ecl_geometry/include/ecl/geometry/odometry.hpp
[9.810s] -- Symlinking: /home/wellyowo/locobot_sim/locobot_ws/install/ecl_geometry/include/ecl/geometry/odometry_helper.hpp
[9.817s] -- Symlinking: /home/wellyowo/locobot_sim/locobot_ws/install/ecl_geometry/include/ecl/geometry/odometry_typedefs.hpp
[9.824s] -- Symlinking: /home/wellyowo/locobot_sim/locobot_ws/install/ecl_geometry/include/ecl/geometry/pascals_triangle.hpp
[9.830s] -- Symlinking: /home/wellyowo/locobot_sim/locobot_ws/install/ecl_geometry/include/ecl/geometry/polynomial.hpp
[9.837s] -- Symlinking: /home/wellyowo/locobot_sim/locobot_ws/install/ecl_geometry/include/ecl/geometry/pose2d.hpp
[9.843s] -- Symlinking: /home/wellyowo/locobot_sim/locobot_ws/install/ecl_geometry/include/ecl/geometry/smooth_linear_spline.hpp
[9.850s] -- Symlinking: /home/wellyowo/locobot_sim/locobot_ws/install/ecl_geometry/include/ecl/geometry/spline_function.hpp
[9.856s] -- Symlinking: /home/wellyowo/locobot_sim/locobot_ws/install/ecl_geometry/include/ecl/geometry/tension_function.hpp
[9.863s] -- Symlinking: /home/wellyowo/locobot_sim/locobot_ws/install/ecl_geometry/include/ecl/geometry/tension_spline.hpp
[9.870s] -- Symlinking: /home/wellyowo/locobot_sim/locobot_ws/install/ecl_geometry/include/ecl/geometry.hpp
[9.877s] -- Symlinking: /home/wellyowo/locobot_sim/locobot_ws/install/ecl_geometry/share/ecl_geometry/environment/library_path.sh
[9.886s] -- Symlinking: /home/wellyowo/locobot_sim/locobot_ws/install/ecl_geometry/share/ecl_geometry/environment/library_path.dsv
[9.894s] -- Symlinking: /home/wellyowo/locobot_sim/locobot_ws/install/ecl_geometry/share/ament_index/resource_index/package_run_dependencies/ecl_geometry
[9.902s] -- Symlinking: /home/wellyowo/locobot_sim/locobot_ws/install/ecl_geometry/share/ament_index/resource_index/parent_prefix_path/ecl_geometry
[9.909s] -- Symlinking: /home/wellyowo/locobot_sim/locobot_ws/install/ecl_geometry/share/ecl_geometry/environment/ament_prefix_path.sh
[9.916s] -- Symlinking: /home/wellyowo/locobot_sim/locobot_ws/install/ecl_geometry/share/ecl_geometry/environment/ament_prefix_path.dsv
[9.922s] -- Symlinking: /home/wellyowo/locobot_sim/locobot_ws/install/ecl_geometry/share/ecl_geometry/environment/path.sh
[9.929s] -- Symlinking: /home/wellyowo/locobot_sim/locobot_ws/install/ecl_geometry/share/ecl_geometry/environment/path.dsv
[9.935s] -- Symlinking: /home/wellyowo/locobot_sim/locobot_ws/install/ecl_geometry/share/ecl_geometry/local_setup.bash
[9.941s] -- Symlinking: /home/wellyowo/locobot_sim/locobot_ws/install/ecl_geometry/share/ecl_geometry/local_setup.sh
[9.948s] -- Symlinking: /home/wellyowo/locobot_sim/locobot_ws/install/ecl_geometry/share/ecl_geometry/local_setup.zsh
[9.955s] -- Symlinking: /home/wellyowo/locobot_sim/locobot_ws/install/ecl_geometry/share/ecl_geometry/local_setup.dsv
[9.961s] -- Symlinking: /home/wellyowo/locobot_sim/locobot_ws/install/ecl_geometry/share/ecl_geometry/package.dsv
[9.968s] -- Symlinking: /home/wellyowo/locobot_sim/locobot_ws/install/ecl_geometry/share/ament_index/resource_index/packages/ecl_geometry
[9.977s] -- Symlinking: /home/wellyowo/locobot_sim/locobot_ws/install/ecl_geometry/share/ecl_geometry/cmake/ament_cmake_export_targets-extras.cmake
[9.984s] -- Symlinking: /home/wellyowo/locobot_sim/locobot_ws/install/ecl_geometry/share/ecl_geometry/cmake/ament_cmake_export_include_directories-extras.cmake
[9.991s] -- Symlinking: /home/wellyowo/locobot_sim/locobot_ws/install/ecl_geometry/share/ecl_geometry/cmake/ament_cmake_export_libraries-extras.cmake
[9.997s] -- Symlinking: /home/wellyowo/locobot_sim/locobot_ws/install/ecl_geometry/share/ecl_geometry/cmake/ament_cmake_export_dependencies-extras.cmake
[10.004s] -- Symlinking: /home/wellyowo/locobot_sim/locobot_ws/install/ecl_geometry/share/ecl_geometry/cmake/ecl_geometryConfig.cmake
[10.010s] -- Symlinking: /home/wellyowo/locobot_sim/locobot_ws/install/ecl_geometry/share/ecl_geometry/cmake/ecl_geometryConfig-version.cmake
[10.017s] -- Symlinking: /home/wellyowo/locobot_sim/locobot_ws/install/ecl_geometry/share/ecl_geometry/package.xml
[10.024s] -- Installing: /home/wellyowo/locobot_sim/locobot_ws/install/ecl_geometry/share/ecl_geometry/cmake/ecl_geometryExport.cmake
[10.024s] -- Installing: /home/wellyowo/locobot_sim/locobot_ws/install/ecl_geometry/share/ecl_geometry/cmake/ecl_geometryExport-noconfig.cmake
[10.024s] -- Installing: /home/wellyowo/locobot_sim/locobot_ws/install/ecl_geometry/lib/libecl_geometry.so.1.2.1
[10.026s] -- Set runtime path of "/home/wellyowo/locobot_sim/locobot_ws/install/ecl_geometry/lib/libecl_geometry.so.1.2.1" to ""
[10.026s] -- Installing: /home/wellyowo/locobot_sim/locobot_ws/install/ecl_geometry/lib/libecl_geometry.so
[10.027s] Invoked command in '/home/wellyowo/locobot_sim/locobot_ws/build/ecl_geometry' returned '0': AMENT_PREFIX_PATH=/home/wellyowo/locobot_sim/locobot_ws/install/ecl_linear_algebra:/home/wellyowo/locobot_sim/locobot_ws/install/ecl_containers:/home/wellyowo/locobot_sim/locobot_ws/install/ecl_formatters:/home/wellyowo/locobot_sim/locobot_ws/install/ecl_utilities:/home/wellyowo/locobot_sim/locobot_ws/install/ecl_converters:/home/wellyowo/locobot_sim/locobot_ws/install/ecl_math:/home/wellyowo/locobot_sim/locobot_ws/install/ecl_exceptions:/home/wellyowo/locobot_sim/locobot_ws/install/ecl_concepts:/home/wellyowo/locobot_sim/locobot_ws/install/ecl_type_traits:/home/wellyowo/locobot_sim/locobot_ws/install/ecl_errors:/home/wellyowo/locobot_sim/locobot_ws/install/ecl_mpl:/home/wellyowo/locobot_sim/locobot_ws/install/ecl_eigen:/home/wellyowo/locobot_sim/locobot_ws/install/ecl_config:${AMENT_PREFIX_PATH} CMAKE_PREFIX_PATH=/home/wellyowo/locobot_sim/locobot_ws/install/ecl_linear_algebra:/home/wellyowo/locobot_sim/locobot_ws/install/ecl_containers:/home/wellyowo/locobot_sim/locobot_ws/install/ecl_formatters:/home/wellyowo/locobot_sim/locobot_ws/install/ecl_utilities:/home/wellyowo/locobot_sim/locobot_ws/install/ecl_converters:/home/wellyowo/locobot_sim/locobot_ws/install/ecl_math:/home/wellyowo/locobot_sim/locobot_ws/install/ecl_exceptions:/home/wellyowo/locobot_sim/locobot_ws/install/ecl_concepts:/home/wellyowo/locobot_sim/locobot_ws/install/ecl_type_traits:/home/wellyowo/locobot_sim/locobot_ws/install/ecl_errors:/home/wellyowo/locobot_sim/locobot_ws/install/sophus:/home/wellyowo/locobot_sim/locobot_ws/install/ecl_mpl:/home/wellyowo/locobot_sim/locobot_ws/install/ecl_eigen:/home/wellyowo/locobot_sim/locobot_ws/install/ecl_config:/opt/ros/humble LD_LIBRARY_PATH=/home/wellyowo/locobot_sim/locobot_ws/install/ecl_linear_algebra/lib:/home/wellyowo/locobot_sim/locobot_ws/install/ecl_formatters/lib:/home/wellyowo/locobot_sim/locobot_ws/install/ecl_exceptions/lib:/home/wellyowo/locobot_sim/locobot_ws/install/ecl_type_traits/lib:/home/wellyowo/locobot_sim/locobot_ws/install/ecl_errors/lib:${LD_LIBRARY_PATH} PATH=/home/wellyowo/locobot_sim/locobot_ws/install/ecl_type_traits/bin:/home/wellyowo/locobot_sim/locobot_ws/install/ecl_config/bin:${PATH} PKG_CONFIG_PATH=/home/wellyowo/locobot_sim/locobot_ws/install/sophus/lib/x86_64-linux-gnu/pkgconfig:/home/wellyowo/locobot_sim/locobot_ws/install/sophus/lib/pkgconfig /usr/bin/cmake --install /home/wellyowo/locobot_sim/locobot_ws/build/ecl_geometry
