[0.097s] Invoking command in '/home/wellyowo/locobot_sim/locobot_ws/build/ecl_concepts': AMENT_PREFIX_PATH=/home/wellyowo/locobot_sim/locobot_ws/install/ecl_type_traits:/home/wellyowo/locobot_sim/locobot_ws/install/ecl_mpl:/home/wellyowo/locobot_sim/locobot_ws/install/ecl_config:${AMENT_PREFIX_PATH} CMAKE_PREFIX_PATH=/home/wellyowo/locobot_sim/locobot_ws/install/ecl_type_traits:/home/wellyowo/locobot_sim/locobot_ws/install/ecl_mpl:/home/wellyowo/locobot_sim/locobot_ws/install/ecl_config:/opt/ros/humble LD_LIBRARY_PATH=/home/wellyowo/locobot_sim/locobot_ws/install/ecl_type_traits/lib:/opt/ros/humble/opt/rviz_ogre_vendor/lib:/opt/ros/humble/lib/x86_64-linux-gnu:/opt/ros/humble/lib:/usr/local/nvidia/lib:/usr/local/nvidia/lib64:/usr/lib/x86_64-linux-gnu/gazebo-11/plugins PATH=/home/wellyowo/locobot_sim/locobot_ws/install/ecl_type_traits/bin:/home/wellyowo/locobot_sim/locobot_ws/install/ecl_config/bin:${PATH} /usr/bin/cmake /home/wellyowo/locobot_sim/locobot_ws/src/ThirdParty/ecl/ecl_core/ecl_concepts -DBUILD_TESTING=OFF -DCMAKE_PREFIX_PATH= -DAMENT_CMAKE_SYMLINK_INSTALL=1 -DCMAKE_INSTALL_PREFIX=/home/wellyowo/locobot_sim/locobot_ws/install/ecl_concepts
[1.937s] -- The C compiler identification is GNU 11.4.0
[1.937s] -- The CXX compiler identification is GNU 11.4.0
[1.938s] -- Detecting C compiler ABI info
[1.938s] -- Detecting C compiler ABI info - done
[1.938s] -- Check for working C compiler: /usr/bin/cc - skipped
[1.938s] -- Detecting C compile features
[1.938s] -- Detecting C compile features - done
[1.938s] -- Detecting CXX compiler ABI info
[1.938s] -- Detecting CXX compiler ABI info - done
[1.938s] -- Check for working CXX compiler: /usr/bin/c++ - skipped
[1.938s] -- Detecting CXX compile features
[1.938s] -- Detecting CXX compile features - done
[1.939s] -- Found ament_cmake_ros: 0.10.0 (/opt/ros/humble/share/ament_cmake_ros/cmake)
[1.939s] -- Found Python3: /usr/bin/python3 (found version "3.10.12") found components: Interpreter 
[2.035s] -- Override CMake install command with custom implementation using symlinks instead of copying resources
[2.132s] -- Found ecl_build: 1.0.3 (/opt/ros/humble/share/ecl_build/cmake)
[2.148s] -- Found ecl_config: 1.2.0 (/home/wellyowo/locobot_sim/locobot_ws/install/ecl_config/share/ecl_config/cmake)
[2.155s] -- Found ecl_type_traits: 1.2.1 (/home/wellyowo/locobot_sim/locobot_ws/install/ecl_type_traits/share/ecl_type_traits/cmake)
[2.453s] -- Configuring done
[2.468s] -- Generating done
[2.475s] -- Build files have been written to: /home/wellyowo/locobot_sim/locobot_ws/build/ecl_concepts
[2.521s] Invoked command in '/home/wellyowo/locobot_sim/locobot_ws/build/ecl_concepts' returned '0': AMENT_PREFIX_PATH=/home/wellyowo/locobot_sim/locobot_ws/install/ecl_type_traits:/home/wellyowo/locobot_sim/locobot_ws/install/ecl_mpl:/home/wellyowo/locobot_sim/locobot_ws/install/ecl_config:${AMENT_PREFIX_PATH} CMAKE_PREFIX_PATH=/home/wellyowo/locobot_sim/locobot_ws/install/ecl_type_traits:/home/wellyowo/locobot_sim/locobot_ws/install/ecl_mpl:/home/wellyowo/locobot_sim/locobot_ws/install/ecl_config:/opt/ros/humble LD_LIBRARY_PATH=/home/wellyowo/locobot_sim/locobot_ws/install/ecl_type_traits/lib:/opt/ros/humble/opt/rviz_ogre_vendor/lib:/opt/ros/humble/lib/x86_64-linux-gnu:/opt/ros/humble/lib:/usr/local/nvidia/lib:/usr/local/nvidia/lib64:/usr/lib/x86_64-linux-gnu/gazebo-11/plugins PATH=/home/wellyowo/locobot_sim/locobot_ws/install/ecl_type_traits/bin:/home/wellyowo/locobot_sim/locobot_ws/install/ecl_config/bin:${PATH} /usr/bin/cmake /home/wellyowo/locobot_sim/locobot_ws/src/ThirdParty/ecl/ecl_core/ecl_concepts -DBUILD_TESTING=OFF -DCMAKE_PREFIX_PATH= -DAMENT_CMAKE_SYMLINK_INSTALL=1 -DCMAKE_INSTALL_PREFIX=/home/wellyowo/locobot_sim/locobot_ws/install/ecl_concepts
[2.522s] Invoking command in '/home/wellyowo/locobot_sim/locobot_ws/build/ecl_concepts': AMENT_PREFIX_PATH=/home/wellyowo/locobot_sim/locobot_ws/install/ecl_type_traits:/home/wellyowo/locobot_sim/locobot_ws/install/ecl_mpl:/home/wellyowo/locobot_sim/locobot_ws/install/ecl_config:${AMENT_PREFIX_PATH} CMAKE_PREFIX_PATH=/home/wellyowo/locobot_sim/locobot_ws/install/ecl_type_traits:/home/wellyowo/locobot_sim/locobot_ws/install/ecl_mpl:/home/wellyowo/locobot_sim/locobot_ws/install/ecl_config:/opt/ros/humble LD_LIBRARY_PATH=/home/wellyowo/locobot_sim/locobot_ws/install/ecl_type_traits/lib:/opt/ros/humble/opt/rviz_ogre_vendor/lib:/opt/ros/humble/lib/x86_64-linux-gnu:/opt/ros/humble/lib:/usr/local/nvidia/lib:/usr/local/nvidia/lib64:/usr/lib/x86_64-linux-gnu/gazebo-11/plugins PATH=/home/wellyowo/locobot_sim/locobot_ws/install/ecl_type_traits/bin:/home/wellyowo/locobot_sim/locobot_ws/install/ecl_config/bin:${PATH} /usr/bin/cmake --build /home/wellyowo/locobot_sim/locobot_ws/build/ecl_concepts -- -j16 -l16
[7.645s] Invoked command in '/home/wellyowo/locobot_sim/locobot_ws/build/ecl_concepts' returned '0': AMENT_PREFIX_PATH=/home/wellyowo/locobot_sim/locobot_ws/install/ecl_type_traits:/home/wellyowo/locobot_sim/locobot_ws/install/ecl_mpl:/home/wellyowo/locobot_sim/locobot_ws/install/ecl_config:${AMENT_PREFIX_PATH} CMAKE_PREFIX_PATH=/home/wellyowo/locobot_sim/locobot_ws/install/ecl_type_traits:/home/wellyowo/locobot_sim/locobot_ws/install/ecl_mpl:/home/wellyowo/locobot_sim/locobot_ws/install/ecl_config:/opt/ros/humble LD_LIBRARY_PATH=/home/wellyowo/locobot_sim/locobot_ws/install/ecl_type_traits/lib:/opt/ros/humble/opt/rviz_ogre_vendor/lib:/opt/ros/humble/lib/x86_64-linux-gnu:/opt/ros/humble/lib:/usr/local/nvidia/lib:/usr/local/nvidia/lib64:/usr/lib/x86_64-linux-gnu/gazebo-11/plugins PATH=/home/wellyowo/locobot_sim/locobot_ws/install/ecl_type_traits/bin:/home/wellyowo/locobot_sim/locobot_ws/install/ecl_config/bin:${PATH} /usr/bin/cmake --build /home/wellyowo/locobot_sim/locobot_ws/build/ecl_concepts -- -j16 -l16
[7.653s] Invoking command in '/home/wellyowo/locobot_sim/locobot_ws/build/ecl_concepts': AMENT_PREFIX_PATH=/home/wellyowo/locobot_sim/locobot_ws/install/ecl_type_traits:/home/wellyowo/locobot_sim/locobot_ws/install/ecl_mpl:/home/wellyowo/locobot_sim/locobot_ws/install/ecl_config:${AMENT_PREFIX_PATH} CMAKE_PREFIX_PATH=/home/wellyowo/locobot_sim/locobot_ws/install/ecl_type_traits:/home/wellyowo/locobot_sim/locobot_ws/install/ecl_mpl:/home/wellyowo/locobot_sim/locobot_ws/install/ecl_config:/opt/ros/humble LD_LIBRARY_PATH=/home/wellyowo/locobot_sim/locobot_ws/install/ecl_type_traits/lib:/opt/ros/humble/opt/rviz_ogre_vendor/lib:/opt/ros/humble/lib/x86_64-linux-gnu:/opt/ros/humble/lib:/usr/local/nvidia/lib:/usr/local/nvidia/lib64:/usr/lib/x86_64-linux-gnu/gazebo-11/plugins PATH=/home/wellyowo/locobot_sim/locobot_ws/install/ecl_type_traits/bin:/home/wellyowo/locobot_sim/locobot_ws/install/ecl_config/bin:${PATH} /usr/bin/cmake --install /home/wellyowo/locobot_sim/locobot_ws/build/ecl_concepts
[9.219s] -- Install configuration: ""
[9.220s] -- Execute custom install script
[9.220s] -- Symlinking: /home/wellyowo/locobot_sim/locobot_ws/install/ecl_concepts/include/ecl/concepts/blueprints.hpp
[9.220s] -- Symlinking: /home/wellyowo/locobot_sim/locobot_ws/install/ecl_concepts/include/ecl/concepts/containers.hpp
[9.220s] -- Symlinking: /home/wellyowo/locobot_sim/locobot_ws/install/ecl_concepts/include/ecl/concepts/devices.hpp
[9.221s] -- Symlinking: /home/wellyowo/locobot_sim/locobot_ws/install/ecl_concepts/include/ecl/concepts/macros.hpp
[9.221s] -- Symlinking: /home/wellyowo/locobot_sim/locobot_ws/install/ecl_concepts/include/ecl/concepts/nullary_function.hpp
[9.222s] -- Symlinking: /home/wellyowo/locobot_sim/locobot_ws/install/ecl_concepts/include/ecl/concepts/streams.hpp
[9.223s] -- Symlinking: /home/wellyowo/locobot_sim/locobot_ws/install/ecl_concepts/include/ecl/concepts.hpp
[9.223s] -- Symlinking: /home/wellyowo/locobot_sim/locobot_ws/install/ecl_concepts/share/ament_index/resource_index/package_run_dependencies/ecl_concepts
[9.223s] -- Symlinking: /home/wellyowo/locobot_sim/locobot_ws/install/ecl_concepts/share/ament_index/resource_index/parent_prefix_path/ecl_concepts
[9.223s] -- Symlinking: /home/wellyowo/locobot_sim/locobot_ws/install/ecl_concepts/share/ecl_concepts/environment/ament_prefix_path.sh
[9.223s] -- Symlinking: /home/wellyowo/locobot_sim/locobot_ws/install/ecl_concepts/share/ecl_concepts/environment/ament_prefix_path.dsv
[9.223s] -- Symlinking: /home/wellyowo/locobot_sim/locobot_ws/install/ecl_concepts/share/ecl_concepts/environment/path.sh
[9.223s] -- Symlinking: /home/wellyowo/locobot_sim/locobot_ws/install/ecl_concepts/share/ecl_concepts/environment/path.dsv
[9.223s] -- Symlinking: /home/wellyowo/locobot_sim/locobot_ws/install/ecl_concepts/share/ecl_concepts/local_setup.bash
[9.223s] -- Symlinking: /home/wellyowo/locobot_sim/locobot_ws/install/ecl_concepts/share/ecl_concepts/local_setup.sh
[9.223s] -- Symlinking: /home/wellyowo/locobot_sim/locobot_ws/install/ecl_concepts/share/ecl_concepts/local_setup.zsh
[9.223s] -- Symlinking: /home/wellyowo/locobot_sim/locobot_ws/install/ecl_concepts/share/ecl_concepts/local_setup.dsv
[9.223s] -- Symlinking: /home/wellyowo/locobot_sim/locobot_ws/install/ecl_concepts/share/ecl_concepts/package.dsv
[9.223s] -- Symlinking: /home/wellyowo/locobot_sim/locobot_ws/install/ecl_concepts/share/ament_index/resource_index/packages/ecl_concepts
[9.223s] -- Symlinking: /home/wellyowo/locobot_sim/locobot_ws/install/ecl_concepts/share/ecl_concepts/cmake/ament_cmake_export_targets-extras.cmake
[9.224s] -- Symlinking: /home/wellyowo/locobot_sim/locobot_ws/install/ecl_concepts/share/ecl_concepts/cmake/ament_cmake_export_include_directories-extras.cmake
[9.224s] -- Symlinking: /home/wellyowo/locobot_sim/locobot_ws/install/ecl_concepts/share/ecl_concepts/cmake/ament_cmake_export_dependencies-extras.cmake
[9.224s] -- Symlinking: /home/wellyowo/locobot_sim/locobot_ws/install/ecl_concepts/share/ecl_concepts/cmake/ecl_conceptsConfig.cmake
[9.224s] -- Symlinking: /home/wellyowo/locobot_sim/locobot_ws/install/ecl_concepts/share/ecl_concepts/cmake/ecl_conceptsConfig-version.cmake
[9.226s] -- Symlinking: /home/wellyowo/locobot_sim/locobot_ws/install/ecl_concepts/share/ecl_concepts/package.xml
[9.226s] -- Installing: /home/wellyowo/locobot_sim/locobot_ws/install/ecl_concepts/share/ecl_concepts/cmake/ecl_conceptsExport.cmake
[9.228s] Invoked command in '/home/wellyowo/locobot_sim/locobot_ws/build/ecl_concepts' returned '0': AMENT_PREFIX_PATH=/home/wellyowo/locobot_sim/locobot_ws/install/ecl_type_traits:/home/wellyowo/locobot_sim/locobot_ws/install/ecl_mpl:/home/wellyowo/locobot_sim/locobot_ws/install/ecl_config:${AMENT_PREFIX_PATH} CMAKE_PREFIX_PATH=/home/wellyowo/locobot_sim/locobot_ws/install/ecl_type_traits:/home/wellyowo/locobot_sim/locobot_ws/install/ecl_mpl:/home/wellyowo/locobot_sim/locobot_ws/install/ecl_config:/opt/ros/humble LD_LIBRARY_PATH=/home/wellyowo/locobot_sim/locobot_ws/install/ecl_type_traits/lib:/opt/ros/humble/opt/rviz_ogre_vendor/lib:/opt/ros/humble/lib/x86_64-linux-gnu:/opt/ros/humble/lib:/usr/local/nvidia/lib:/usr/local/nvidia/lib64:/usr/lib/x86_64-linux-gnu/gazebo-11/plugins PATH=/home/wellyowo/locobot_sim/locobot_ws/install/ecl_type_traits/bin:/home/wellyowo/locobot_sim/locobot_ws/install/ecl_config/bin:${PATH} /usr/bin/cmake --install /home/wellyowo/locobot_sim/locobot_ws/build/ecl_concepts
