-- The C compiler identification is GNU 11.4.0
-- The CXX compiler identification is GNU 11.4.0
-- Detecting C compiler ABI info
-- Detecting C compiler ABI info - done
-- Check for working C compiler: /usr/bin/cc - skipped
-- Detecting C compile features
-- Detecting C compile features - done
-- Detecting CXX compiler ABI info
-- Detecting CXX compiler ABI info - done
-- Check for working CXX compiler: /usr/bin/c++ - skipped
-- Detecting CXX compile features
-- Detecting CXX compile features - done
-- Found ament_cmake_ros: 0.10.0 (/opt/ros/humble/share/ament_cmake_ros/cmake)
-- Found Python3: /usr/bin/python3 (found version "3.10.12") found components: Interpreter 
-- Found ecl_build: 1.0.3 (/opt/ros/humble/share/ecl_build/cmake)
-- Found ecl_config: 1.2.0 (/home/wellyowo/locobot_sim/locobot_ws/src/install/ecl_config/share/ecl_config/cmake)
-- Configuring done
-- Generating done
-- Build files have been written to: /home/wellyowo/locobot_sim/locobot_ws/src/build/ecl_errors
[ 25%] [32mBuilding CXX object src/lib/CMakeFiles/ecl_errors.dir/run_time_functions.cpp.o[0m
[ 50%] [32m[1mLinking CXX shared library libecl_errors.so[0m
[ 50%] Built target ecl_errors
[ 75%] [32mBuilding CXX object src/examples/CMakeFiles/ecl_errors_example_errors.dir/errors.cpp.o[0m
[100%] [32m[1mLinking CXX executable demo_errors[0m
[100%] Built target ecl_errors_example_errors
-- Install configuration: ""
-- Installing: /home/wellyowo/locobot_sim/locobot_ws/src/install/ecl_errors/share/ecl_errors/environment/library_path.sh
-- Installing: /home/wellyowo/locobot_sim/locobot_ws/src/install/ecl_errors/share/ecl_errors/environment/library_path.dsv
-- Installing: /home/wellyowo/locobot_sim/locobot_ws/src/install/ecl_errors/share/ament_index/resource_index/package_run_dependencies/ecl_errors
-- Installing: /home/wellyowo/locobot_sim/locobot_ws/src/install/ecl_errors/share/ament_index/resource_index/parent_prefix_path/ecl_errors
-- Installing: /home/wellyowo/locobot_sim/locobot_ws/src/install/ecl_errors/share/ecl_errors/environment/ament_prefix_path.sh
-- Installing: /home/wellyowo/locobot_sim/locobot_ws/src/install/ecl_errors/share/ecl_errors/environment/ament_prefix_path.dsv
-- Installing: /home/wellyowo/locobot_sim/locobot_ws/src/install/ecl_errors/share/ecl_errors/environment/path.sh
-- Installing: /home/wellyowo/locobot_sim/locobot_ws/src/install/ecl_errors/share/ecl_errors/environment/path.dsv
-- Installing: /home/wellyowo/locobot_sim/locobot_ws/src/install/ecl_errors/share/ecl_errors/local_setup.bash
-- Installing: /home/wellyowo/locobot_sim/locobot_ws/src/install/ecl_errors/share/ecl_errors/local_setup.sh
-- Installing: /home/wellyowo/locobot_sim/locobot_ws/src/install/ecl_errors/share/ecl_errors/local_setup.zsh
-- Installing: /home/wellyowo/locobot_sim/locobot_ws/src/install/ecl_errors/share/ecl_errors/local_setup.dsv
-- Installing: /home/wellyowo/locobot_sim/locobot_ws/src/install/ecl_errors/share/ecl_errors/package.dsv
-- Installing: /home/wellyowo/locobot_sim/locobot_ws/src/install/ecl_errors/share/ament_index/resource_index/packages/ecl_errors
-- Installing: /home/wellyowo/locobot_sim/locobot_ws/src/install/ecl_errors/share/ecl_errors/cmake/ecl_errorsExport.cmake
-- Installing: /home/wellyowo/locobot_sim/locobot_ws/src/install/ecl_errors/share/ecl_errors/cmake/ecl_errorsExport-noconfig.cmake
-- Installing: /home/wellyowo/locobot_sim/locobot_ws/src/install/ecl_errors/share/ecl_errors/cmake/ament_cmake_export_targets-extras.cmake
-- Installing: /home/wellyowo/locobot_sim/locobot_ws/src/install/ecl_errors/share/ecl_errors/cmake/ament_cmake_export_include_directories-extras.cmake
-- Installing: /home/wellyowo/locobot_sim/locobot_ws/src/install/ecl_errors/share/ecl_errors/cmake/ament_cmake_export_libraries-extras.cmake
-- Installing: /home/wellyowo/locobot_sim/locobot_ws/src/install/ecl_errors/share/ecl_errors/cmake/ament_cmake_export_dependencies-extras.cmake
-- Installing: /home/wellyowo/locobot_sim/locobot_ws/src/install/ecl_errors/share/ecl_errors/cmake/ecl_errorsConfig.cmake
-- Installing: /home/wellyowo/locobot_sim/locobot_ws/src/install/ecl_errors/share/ecl_errors/cmake/ecl_errorsConfig-version.cmake
-- Installing: /home/wellyowo/locobot_sim/locobot_ws/src/install/ecl_errors/share/ecl_errors/package.xml
-- Installing: /home/wellyowo/locobot_sim/locobot_ws/src/install/ecl_errors/include/ecl/errors.hpp
-- Installing: /home/wellyowo/locobot_sim/locobot_ws/src/install/ecl_errors/include/ecl/errors/compile_time_assert.hpp
-- Installing: /home/wellyowo/locobot_sim/locobot_ws/src/install/ecl_errors/include/ecl/errors/flags.hpp
-- Installing: /home/wellyowo/locobot_sim/locobot_ws/src/install/ecl_errors/include/ecl/errors/handlers.hpp
-- Installing: /home/wellyowo/locobot_sim/locobot_ws/src/install/ecl_errors/include/ecl/errors/macros.hpp
-- Installing: /home/wellyowo/locobot_sim/locobot_ws/src/install/ecl_errors/include/ecl/errors/run_time_functions.hpp
-- Installing: /home/wellyowo/locobot_sim/locobot_ws/src/install/ecl_errors/lib/libecl_errors.so.1.2.0
-- Installing: /home/wellyowo/locobot_sim/locobot_ws/src/install/ecl_errors/lib/libecl_errors.so
-- Installing: /home/wellyowo/locobot_sim/locobot_ws/src/install/ecl_errors/lib/ecl_errors/demo_errors
-- Set runtime path of "/home/wellyowo/locobot_sim/locobot_ws/src/install/ecl_errors/lib/ecl_errors/demo_errors" to ""
