[0.272s] Invoking command in '/home/wellyowo/locobot_sim/locobot_ws/src/build/ecl_errors': AMENT_PREFIX_PATH=/home/wellyowo/locobot_sim/locobot_ws/src/install/ecl_config:${AMENT_PREFIX_PATH} CMAKE_PREFIX_PATH=/home/wellyowo/locobot_sim/locobot_ws/src/install/ecl_config:/opt/ros/humble PATH=/home/wellyowo/locobot_sim/locobot_ws/src/install/ecl_config/bin:${PATH} /usr/bin/cmake /home/wellyowo/locobot_sim/locobot_ws/src/ThirdParty/ecl/ecl_lite/ecl_errors -DCMAKE_INSTALL_PREFIX=/home/wellyowo/locobot_sim/locobot_ws/src/install/ecl_errors
[0.482s] -- The C compiler identification is GNU 11.4.0
[0.619s] -- The CXX compiler identification is GNU 11.4.0
[0.648s] -- Detecting C compiler ABI info
[0.893s] -- Detecting C compiler ABI info - done
[0.932s] -- Check for working C compiler: /usr/bin/cc - skipped
[0.937s] -- Detecting C compile features
[0.937s] -- Detecting C compile features - done
[0.949s] -- Detecting CXX compiler ABI info
[1.197s] -- Detecting CXX compiler ABI info - done
[1.219s] -- Check for working CXX compiler: /usr/bin/c++ - skipped
[1.220s] -- Detecting CXX compile features
[1.224s] -- Detecting CXX compile features - done
[1.243s] -- Found ament_cmake_ros: 0.10.0 (/opt/ros/humble/share/ament_cmake_ros/cmake)
[1.803s] -- Found Python3: /usr/bin/python3 (found version "3.10.12") found components: Interpreter 
[2.223s] -- Found ecl_build: 1.0.3 (/opt/ros/humble/share/ecl_build/cmake)
[2.243s] -- Found ecl_config: 1.2.0 (/home/wellyowo/locobot_sim/locobot_ws/src/install/ecl_config/share/ecl_config/cmake)
[2.407s] -- Configuring done
[2.459s] -- Generating done
[2.480s] -- Build files have been written to: /home/wellyowo/locobot_sim/locobot_ws/src/build/ecl_errors
[2.545s] Invoked command in '/home/wellyowo/locobot_sim/locobot_ws/src/build/ecl_errors' returned '0': AMENT_PREFIX_PATH=/home/wellyowo/locobot_sim/locobot_ws/src/install/ecl_config:${AMENT_PREFIX_PATH} CMAKE_PREFIX_PATH=/home/wellyowo/locobot_sim/locobot_ws/src/install/ecl_config:/opt/ros/humble PATH=/home/wellyowo/locobot_sim/locobot_ws/src/install/ecl_config/bin:${PATH} /usr/bin/cmake /home/wellyowo/locobot_sim/locobot_ws/src/ThirdParty/ecl/ecl_lite/ecl_errors -DCMAKE_INSTALL_PREFIX=/home/wellyowo/locobot_sim/locobot_ws/src/install/ecl_errors
[2.546s] Invoking command in '/home/wellyowo/locobot_sim/locobot_ws/src/build/ecl_errors': AMENT_PREFIX_PATH=/home/wellyowo/locobot_sim/locobot_ws/src/install/ecl_config:${AMENT_PREFIX_PATH} CMAKE_PREFIX_PATH=/home/wellyowo/locobot_sim/locobot_ws/src/install/ecl_config:/opt/ros/humble PATH=/home/wellyowo/locobot_sim/locobot_ws/src/install/ecl_config/bin:${PATH} /usr/bin/cmake --build /home/wellyowo/locobot_sim/locobot_ws/src/build/ecl_errors -- -j16 -l16
[6.199s] [ 25%] [32mBuilding CXX object src/lib/CMakeFiles/ecl_errors.dir/run_time_functions.cpp.o[0m
[6.199s] [ 50%] [32m[1mLinking CXX shared library libecl_errors.so[0m
[6.199s] [ 50%] Built target ecl_errors
[6.199s] [ 75%] [32mBuilding CXX object src/examples/CMakeFiles/ecl_errors_example_errors.dir/errors.cpp.o[0m
[6.199s] [100%] [32m[1mLinking CXX executable demo_errors[0m
[6.199s] [100%] Built target ecl_errors_example_errors
[6.201s] Invoked command in '/home/wellyowo/locobot_sim/locobot_ws/src/build/ecl_errors' returned '0': AMENT_PREFIX_PATH=/home/wellyowo/locobot_sim/locobot_ws/src/install/ecl_config:${AMENT_PREFIX_PATH} CMAKE_PREFIX_PATH=/home/wellyowo/locobot_sim/locobot_ws/src/install/ecl_config:/opt/ros/humble PATH=/home/wellyowo/locobot_sim/locobot_ws/src/install/ecl_config/bin:${PATH} /usr/bin/cmake --build /home/wellyowo/locobot_sim/locobot_ws/src/build/ecl_errors -- -j16 -l16
[6.207s] Invoking command in '/home/wellyowo/locobot_sim/locobot_ws/src/build/ecl_errors': AMENT_PREFIX_PATH=/home/wellyowo/locobot_sim/locobot_ws/src/install/ecl_config:${AMENT_PREFIX_PATH} CMAKE_PREFIX_PATH=/home/wellyowo/locobot_sim/locobot_ws/src/install/ecl_config:/opt/ros/humble PATH=/home/wellyowo/locobot_sim/locobot_ws/src/install/ecl_config/bin:${PATH} /usr/bin/cmake --install /home/wellyowo/locobot_sim/locobot_ws/src/build/ecl_errors
[14.034s] -- Install configuration: ""
[14.035s] -- Installing: /home/wellyowo/locobot_sim/locobot_ws/src/install/ecl_errors/share/ecl_errors/environment/library_path.sh
[14.035s] -- Installing: /home/wellyowo/locobot_sim/locobot_ws/src/install/ecl_errors/share/ecl_errors/environment/library_path.dsv
[14.035s] -- Installing: /home/wellyowo/locobot_sim/locobot_ws/src/install/ecl_errors/share/ament_index/resource_index/package_run_dependencies/ecl_errors
[14.035s] -- Installing: /home/wellyowo/locobot_sim/locobot_ws/src/install/ecl_errors/share/ament_index/resource_index/parent_prefix_path/ecl_errors
[14.035s] -- Installing: /home/wellyowo/locobot_sim/locobot_ws/src/install/ecl_errors/share/ecl_errors/environment/ament_prefix_path.sh
[14.035s] -- Installing: /home/wellyowo/locobot_sim/locobot_ws/src/install/ecl_errors/share/ecl_errors/environment/ament_prefix_path.dsv
[14.035s] -- Installing: /home/wellyowo/locobot_sim/locobot_ws/src/install/ecl_errors/share/ecl_errors/environment/path.sh
[14.035s] -- Installing: /home/wellyowo/locobot_sim/locobot_ws/src/install/ecl_errors/share/ecl_errors/environment/path.dsv
[14.035s] -- Installing: /home/wellyowo/locobot_sim/locobot_ws/src/install/ecl_errors/share/ecl_errors/local_setup.bash
[14.035s] -- Installing: /home/wellyowo/locobot_sim/locobot_ws/src/install/ecl_errors/share/ecl_errors/local_setup.sh
[14.035s] -- Installing: /home/wellyowo/locobot_sim/locobot_ws/src/install/ecl_errors/share/ecl_errors/local_setup.zsh
[14.036s] -- Installing: /home/wellyowo/locobot_sim/locobot_ws/src/install/ecl_errors/share/ecl_errors/local_setup.dsv
[14.036s] -- Installing: /home/wellyowo/locobot_sim/locobot_ws/src/install/ecl_errors/share/ecl_errors/package.dsv
[14.036s] -- Installing: /home/wellyowo/locobot_sim/locobot_ws/src/install/ecl_errors/share/ament_index/resource_index/packages/ecl_errors
[14.036s] -- Installing: /home/wellyowo/locobot_sim/locobot_ws/src/install/ecl_errors/share/ecl_errors/cmake/ecl_errorsExport.cmake
[14.036s] -- Installing: /home/wellyowo/locobot_sim/locobot_ws/src/install/ecl_errors/share/ecl_errors/cmake/ecl_errorsExport-noconfig.cmake
[14.036s] -- Installing: /home/wellyowo/locobot_sim/locobot_ws/src/install/ecl_errors/share/ecl_errors/cmake/ament_cmake_export_targets-extras.cmake
[14.036s] -- Installing: /home/wellyowo/locobot_sim/locobot_ws/src/install/ecl_errors/share/ecl_errors/cmake/ament_cmake_export_include_directories-extras.cmake
[14.036s] -- Installing: /home/wellyowo/locobot_sim/locobot_ws/src/install/ecl_errors/share/ecl_errors/cmake/ament_cmake_export_libraries-extras.cmake
[14.036s] -- Installing: /home/wellyowo/locobot_sim/locobot_ws/src/install/ecl_errors/share/ecl_errors/cmake/ament_cmake_export_dependencies-extras.cmake
[14.036s] -- Installing: /home/wellyowo/locobot_sim/locobot_ws/src/install/ecl_errors/share/ecl_errors/cmake/ecl_errorsConfig.cmake
[14.036s] -- Installing: /home/wellyowo/locobot_sim/locobot_ws/src/install/ecl_errors/share/ecl_errors/cmake/ecl_errorsConfig-version.cmake
[14.036s] -- Installing: /home/wellyowo/locobot_sim/locobot_ws/src/install/ecl_errors/share/ecl_errors/package.xml
[14.036s] -- Installing: /home/wellyowo/locobot_sim/locobot_ws/src/install/ecl_errors/include/ecl/errors.hpp
[14.036s] -- Installing: /home/wellyowo/locobot_sim/locobot_ws/src/install/ecl_errors/include/ecl/errors/compile_time_assert.hpp
[14.036s] -- Installing: /home/wellyowo/locobot_sim/locobot_ws/src/install/ecl_errors/include/ecl/errors/flags.hpp
[14.037s] -- Installing: /home/wellyowo/locobot_sim/locobot_ws/src/install/ecl_errors/include/ecl/errors/handlers.hpp
[14.037s] -- Installing: /home/wellyowo/locobot_sim/locobot_ws/src/install/ecl_errors/include/ecl/errors/macros.hpp
[14.037s] -- Installing: /home/wellyowo/locobot_sim/locobot_ws/src/install/ecl_errors/include/ecl/errors/run_time_functions.hpp
[14.037s] -- Installing: /home/wellyowo/locobot_sim/locobot_ws/src/install/ecl_errors/lib/libecl_errors.so.1.2.0
[14.037s] -- Installing: /home/wellyowo/locobot_sim/locobot_ws/src/install/ecl_errors/lib/libecl_errors.so
[14.037s] -- Installing: /home/wellyowo/locobot_sim/locobot_ws/src/install/ecl_errors/lib/ecl_errors/demo_errors
[14.037s] -- Set runtime path of "/home/wellyowo/locobot_sim/locobot_ws/src/install/ecl_errors/lib/ecl_errors/demo_errors" to ""
[14.059s] Invoked command in '/home/wellyowo/locobot_sim/locobot_ws/src/build/ecl_errors' returned '0': AMENT_PREFIX_PATH=/home/wellyowo/locobot_sim/locobot_ws/src/install/ecl_config:${AMENT_PREFIX_PATH} CMAKE_PREFIX_PATH=/home/wellyowo/locobot_sim/locobot_ws/src/install/ecl_config:/opt/ros/humble PATH=/home/wellyowo/locobot_sim/locobot_ws/src/install/ecl_config/bin:${PATH} /usr/bin/cmake --install /home/wellyowo/locobot_sim/locobot_ws/src/build/ecl_errors
