[0.177s] Invoking command in '/home/wellyowo/locobot_sim/locobot_ws/build/kobuki_safety_controller': CMAKE_PREFIX_PATH=/opt/ros/humble /usr/bin/cmake /home/wellyowo/locobot_sim/locobot_ws/src/ThirdParty/kobuki_ros/kobuki_safety_controller -DBUILD_TESTING=OFF -DCMAKE_PREFIX_PATH= -DAMENT_CMAKE_SYMLINK_INSTALL=1 -DCMAKE_INSTALL_PREFIX=/home/wellyowo/locobot_sim/locobot_ws/install/kobuki_safety_controller
[2.562s] -- The C compiler identification is GNU 11.4.0
[2.563s] -- The CXX compiler identification is GNU 11.4.0
[2.563s] -- Detecting C compiler ABI info
[2.563s] -- Detecting C compiler ABI info - done
[2.563s] -- Check for working C compiler: /usr/bin/cc - skipped
[2.563s] -- Detecting C compile features
[2.564s] -- Detecting C compile features - done
[2.564s] -- Detecting CXX compiler ABI info
[2.564s] -- Detecting CXX compiler ABI info - done
[2.564s] -- Check for working CXX compiler: /usr/bin/c++ - skipped
[2.565s] -- Detecting CXX compile features
[2.568s] -- Detecting CXX compile features - done
[2.569s] -- Found ament_cmake_ros: 0.10.0 (/opt/ros/humble/share/ament_cmake_ros/cmake)
[2.587s] -- Found Python3: /usr/bin/python3 (found version "3.10.12") found components: Interpreter 
[2.590s] -- Override CMake install command with custom implementation using symlinks instead of copying resources
[2.590s] -- Found ecl_build: 1.0.3 (/opt/ros/humble/share/ecl_build/cmake)
[2.590s] -- Found geometry_msgs: 4.9.0 (/opt/ros/humble/share/geometry_msgs/cmake)
[2.591s] -- Found rosidl_generator_c: 3.1.6 (/opt/ros/humble/share/rosidl_generator_c/cmake)
[2.591s] -- Found rosidl_adapter: 3.1.6 (/opt/ros/humble/share/rosidl_adapter/cmake)
[2.591s] -- Found rosidl_generator_cpp: 3.1.6 (/opt/ros/humble/share/rosidl_generator_cpp/cmake)
[2.591s] -- Using all available rosidl_typesupport_c: rosidl_typesupport_fastrtps_c;rosidl_typesupport_introspection_c
[2.591s] -- Using all available rosidl_typesupport_cpp: rosidl_typesupport_fastrtps_cpp;rosidl_typesupport_introspection_cpp
[2.673s] -- Found kobuki_ros_interfaces: 1.0.0 (/opt/ros/humble/share/kobuki_ros_interfaces/cmake)
[2.871s] -- Found rclcpp: 16.0.12 (/opt/ros/humble/share/rclcpp/cmake)
[3.045s] -- Found rmw_implementation_cmake: 6.1.2 (/opt/ros/humble/share/rmw_implementation_cmake/cmake)
[3.049s] -- Found rmw_fastrtps_cpp: 6.2.7 (/opt/ros/humble/share/rmw_fastrtps_cpp/cmake)
[3.350s] -- Found OpenSSL: /usr/lib/x86_64-linux-gnu/libcrypto.so (found version "3.0.2")  
[3.483s] -- Found FastRTPS: /opt/ros/humble/include  
[3.700s] -- Using RMW implementation 'rmw_fastrtps_cpp' as default
[3.756s] -- Looking for pthread.h
[4.169s] -- Looking for pthread.h - found
[4.170s] -- Performing Test CMAKE_HAVE_LIBC_PTHREAD
[4.543s] -- Performing Test CMAKE_HAVE_LIBC_PTHREAD - Success
[4.545s] -- Found Threads: TRUE  
[4.818s] -- Found rclcpp_components: 16.0.12 (/opt/ros/humble/share/rclcpp_components/cmake)
[5.504s] -- Configuring done
[5.663s] -- Generating done
[5.724s] -- Build files have been written to: /home/wellyowo/locobot_sim/locobot_ws/build/kobuki_safety_controller
[5.914s] Invoked command in '/home/wellyowo/locobot_sim/locobot_ws/build/kobuki_safety_controller' returned '0': CMAKE_PREFIX_PATH=/opt/ros/humble /usr/bin/cmake /home/wellyowo/locobot_sim/locobot_ws/src/ThirdParty/kobuki_ros/kobuki_safety_controller -DBUILD_TESTING=OFF -DCMAKE_PREFIX_PATH= -DAMENT_CMAKE_SYMLINK_INSTALL=1 -DCMAKE_INSTALL_PREFIX=/home/wellyowo/locobot_sim/locobot_ws/install/kobuki_safety_controller
[5.915s] Invoking command in '/home/wellyowo/locobot_sim/locobot_ws/build/kobuki_safety_controller': CMAKE_PREFIX_PATH=/opt/ros/humble /usr/bin/cmake --build /home/wellyowo/locobot_sim/locobot_ws/build/kobuki_safety_controller -- -j16 -l16
[9.647s] [ 25%] [32mBuilding CXX object CMakeFiles/kobuki_safety_controller_node.dir/rclcpp_components/node_main_kobuki_safety_controller_node.cpp.o[0m
[9.647s] [ 50%] [32mBuilding CXX object CMakeFiles/kobuki_safety_controller.dir/src/safety_controller.cpp.o[0m
[30.536s] [ 75%] [32m[1mLinking CXX executable kobuki_safety_controller_node[0m
[31.965s] [ 75%] Built target kobuki_safety_controller_node
[77.491s] [100%] [32m[1mLinking CXX shared library libkobuki_safety_controller.so[0m
[86.282s] [100%] Built target kobuki_safety_controller
[86.345s] Invoked command in '/home/wellyowo/locobot_sim/locobot_ws/build/kobuki_safety_controller' returned '0': CMAKE_PREFIX_PATH=/opt/ros/humble /usr/bin/cmake --build /home/wellyowo/locobot_sim/locobot_ws/build/kobuki_safety_controller -- -j16 -l16
[86.346s] Invoking command in '/home/wellyowo/locobot_sim/locobot_ws/build/kobuki_safety_controller': CMAKE_PREFIX_PATH=/opt/ros/humble /usr/bin/cmake --install /home/wellyowo/locobot_sim/locobot_ws/build/kobuki_safety_controller
[86.364s] -- Install configuration: ""
[86.365s] -- Execute custom install script
[86.365s] -- Symlinking: /home/wellyowo/locobot_sim/locobot_ws/install/kobuki_safety_controller/lib/kobuki_safety_controller/kobuki_safety_controller_node
[86.405s] -- Symlinking: /home/wellyowo/locobot_sim/locobot_ws/install/kobuki_safety_controller/lib/libkobuki_safety_controller.so
[86.450s] -- Symlinking: /home/wellyowo/locobot_sim/locobot_ws/install/kobuki_safety_controller/include/kobuki_safety_controller/safety_controller.hpp
[86.492s] -- Symlinking: /home/wellyowo/locobot_sim/locobot_ws/install/kobuki_safety_controller/share/kobuki_safety_controller/config/safety_controller_params.yaml
[86.533s] -- Symlinking: /home/wellyowo/locobot_sim/locobot_ws/install/kobuki_safety_controller/share/kobuki_safety_controller/launch/safety_controller-composed-launch.py
[86.570s] -- Symlinking: /home/wellyowo/locobot_sim/locobot_ws/install/kobuki_safety_controller/share/kobuki_safety_controller/launch/safety_controller-launch.py
[86.608s] -- Symlinking: /home/wellyowo/locobot_sim/locobot_ws/install/kobuki_safety_controller/share/ament_index/resource_index/package_run_dependencies/kobuki_safety_controller
[86.673s] -- Symlinking: /home/wellyowo/locobot_sim/locobot_ws/install/kobuki_safety_controller/share/ament_index/resource_index/parent_prefix_path/kobuki_safety_controller
[86.725s] -- Symlinking: /home/wellyowo/locobot_sim/locobot_ws/install/kobuki_safety_controller/share/kobuki_safety_controller/environment/ament_prefix_path.sh
[86.754s] -- Symlinking: /home/wellyowo/locobot_sim/locobot_ws/install/kobuki_safety_controller/share/kobuki_safety_controller/environment/ament_prefix_path.dsv
[86.769s] -- Symlinking: /home/wellyowo/locobot_sim/locobot_ws/install/kobuki_safety_controller/share/kobuki_safety_controller/environment/path.sh
[86.798s] -- Symlinking: /home/wellyowo/locobot_sim/locobot_ws/install/kobuki_safety_controller/share/kobuki_safety_controller/environment/path.dsv
[86.821s] -- Symlinking: /home/wellyowo/locobot_sim/locobot_ws/install/kobuki_safety_controller/share/kobuki_safety_controller/local_setup.bash
[86.844s] -- Symlinking: /home/wellyowo/locobot_sim/locobot_ws/install/kobuki_safety_controller/share/kobuki_safety_controller/local_setup.sh
[86.859s] -- Symlinking: /home/wellyowo/locobot_sim/locobot_ws/install/kobuki_safety_controller/share/kobuki_safety_controller/local_setup.zsh
[86.902s] -- Symlinking: /home/wellyowo/locobot_sim/locobot_ws/install/kobuki_safety_controller/share/kobuki_safety_controller/local_setup.dsv
[86.923s] -- Symlinking: /home/wellyowo/locobot_sim/locobot_ws/install/kobuki_safety_controller/share/kobuki_safety_controller/package.dsv
[86.938s] -- Symlinking: /home/wellyowo/locobot_sim/locobot_ws/install/kobuki_safety_controller/share/ament_index/resource_index/packages/kobuki_safety_controller
[86.994s] -- Symlinking: /home/wellyowo/locobot_sim/locobot_ws/install/kobuki_safety_controller/share/ament_index/resource_index/rclcpp_components/kobuki_safety_controller
[87.040s] -- Symlinking: /home/wellyowo/locobot_sim/locobot_ws/install/kobuki_safety_controller/share/kobuki_safety_controller/cmake/kobuki_safety_controllerConfig.cmake
[87.081s] -- Symlinking: /home/wellyowo/locobot_sim/locobot_ws/install/kobuki_safety_controller/share/kobuki_safety_controller/cmake/kobuki_safety_controllerConfig-version.cmake
[87.124s] -- Symlinking: /home/wellyowo/locobot_sim/locobot_ws/install/kobuki_safety_controller/share/kobuki_safety_controller/package.xml
[87.169s] Invoked command in '/home/wellyowo/locobot_sim/locobot_ws/build/kobuki_safety_controller' returned '0': CMAKE_PREFIX_PATH=/opt/ros/humble /usr/bin/cmake --install /home/wellyowo/locobot_sim/locobot_ws/build/kobuki_safety_controller
